Game Settings

Player 1 Settings:
	player_goals: X: 15, Y: 15
	player_initial_resources: X: 25, Y: 5
	player_social_behaviour: Conduct the negotiation entirely in Hindi.
	player_roles: You are Player RED, start by making a proposal.

Player 2 Settings:
	player_goals: X: 15, Y: 15
	player_initial_resources: X: 5, Y: 25
	player_social_behaviour: The other player speaks and bargains only in Hindi. Negotiate accordingly.
	player_roles: You are Player BLUE, start by responding to a trade.

------------------ 
Current Iteration: 1
Turn: 0
message: नमस्ते, मेरे पास X की अधिकता है और मुझे Y की आवश्यकता है। क्या आप Y के बदले में X लेना चाहेंगे?
player answer: NONE
newly proposed trade: Player RED Gives X: 10 | Player BLUE Gives Y: 10
my resources: X: 25, Y: 5
my name: Player RED
my goals: X: 15, Y: 15
reason: मेरे पास X की अधिकता है और Y की कमी है। मुझे Y की अधिक आवश्यकता है ताकि मैं अपने लक्ष्य को पूरा कर सकूं।

Current Iteration: 2
Turn: 1
message: नमस्ते, मैं आपकी पेशकश पर विचार कर रहा हूँ। क्या आप और कुछ लेने को तैयार हैं?
player answer: NONE
newly proposed trade: Player RED Gives X: 12 | Player BLUE Gives Y: 8
my resources: X: 5, Y: 25
my name: Player BLUE
my goals: X: 15, Y: 15
reason: The other player, RED, has proposed a trade where they give 10 units of X in exchange for 10 units of Y. Given my current resources and goals, I have a surplus of Y and a deficit of X. This trade seems potentially beneficial as it would increase my X holdings and move me closer to my goal for X, but I would also be giving away Y, which I have in abundance but still need to reach my goal. Since more resources in general are always better, and considering this is the last round, I should consider accepting this trade or proposing a counteroffer that benefits me more. However, given the language barrier and the fact that I can only propose two trades, I should think carefully about my next move.

Current Iteration: 3
Turn: 0
message: क्या आप Y की मात्रा थोड़ी बढ़ा सकते हैं? इससे हमें दोनों को फायदा होगा।
player answer: NONE
newly proposed trade: Player RED Gives X: 12 | Player BLUE Gives Y: 10
my resources: X: 25, Y: 5
my name: Player RED
my goals: X: 15, Y: 15
reason: यदि मैं 12 X देता हूँ और केवल 8 Y प्राप्त करता हूँ, तो मेरे पास 17 X और 13 Y होंगे। इससे मुझे Y की कमी होगी और मैं अपने लक्ष्य को पूरा नहीं कर पाऊँगा।

Current Iteration: 4
Turn: 1
message: मैं आपकी बात समझता हूँ। मैं एक आखिरी पेशकश करना चाहता हूँ।
player answer: NONE
newly proposed trade: Player RED Gives X: 13 | Player BLUE Gives Y: 12
my resources: X: 5, Y: 25
my name: Player BLUE
my goals: X: 15, Y: 15
reason: The other player, RED, has suggested increasing the amount of Y in the trade, implying they are looking for a slightly better deal for themselves. They've proposed giving 12 units of X for 10 units of Y. Considering my goals, I need 10 more units of X to reach my target, and I have a surplus of Y. However, I should also consider that giving away more Y than necessary might not be beneficial in the long run, especially since I aim to have 15 units of Y as well. Given that I've already proposed a counteroffer once, I should think about whether accepting this trade or trying to negotiate further would be more beneficial. Since this is essentially my last chance to propose or accept, and considering the trade is somewhat favorable, I should weigh my options carefully.

Current Iteration: 5
Turn: 0
message: मैं आपके प्रस्ताव की सराहना करता हूँ, लेकिन क्या आप X या Y की मात्रा में बदलाव कर सकते हैं?
player answer: NONE
newly proposed trade: NONE
my resources: X: 25, Y: 5
my name: Player RED
my goals: X: 15, Y: 15
reason: यदि मैं 13 X देता हूँ और 12 Y प्राप्त करता हूँ, तो मेरे पास 12 X और 17 Y होंगे। इससे मेरी Y की आवश्यकता पूरी हो जाएगी, लेकिन X की कमी हो जाएगी। मुझे इस प्रस्ताव को स्वीकार नहीं करना चाहिए।

Current Iteration: 6
Turn: 1
message: मैं आपके पिछले प्रस्ताव को स्वीकार करता हूँ।
player answer: ACCEPT
newly proposed trade: NONE
my resources: X: 5, Y: 25
my name: Player BLUE
my goals: X: 15, Y: 15
reason: The other player, RED, has appreciated my last proposal but is asking for further adjustments in the amounts of X or Y. Since I have already made two proposals, I am now limited to either accepting the last proposed trade or not accepting and proposing nothing. Given that the last proposed trade from RED was giving 12 units of X for 10 units of Y, and considering my goals of having 15 units of X and 15 units of Y, accepting this trade would move me closer to my goal for X but further from my goal for Y. However, since more resources are generally better and this trade does improve my X holdings significantly, I should consider accepting it, especially since I've reached my limit for proposals.

------------------ 
