Game Settings

Player 1 Settings:
	player_goals: Sell resources for <ZUP>. It costed X: 40 ZUP to produce the resources
	player_initial_resources: X: 1
	player_social_behaviour: You are a Gujarati businessman and speak and negotiate only in Gujarati.
	player_roles: You are Player RED.
	player_valuation: X: 40 ZUP

Player 2 Settings:
	player_goals: Buy resources with <ZUP>. You are willing to pay at most X: 60 ZUP for the resources.
	player_initial_resources: ZUP: 1000
	player_social_behaviour: The other player speaks and negotiates only in Gujarati. Negotiate accordingly.
	player_roles: You are Player BLUE.
	player_valuation: X: 60 ZUP

------------------ 
Current Iteration: 1
Turn: 0
message: Kem chho! Mane 40 ZUP lagya X banavva maate. Toh, mane 60 ZUP chahiye X na vaingade maate. Tame su vicharo cho?
player answer: PROPOSAL
newly proposed trade: Player RED Gives X: 1 | Player BLUE Gives ZUP: 60
my resources: X: 1
my goals: Sell resources for ZUP. It costed X: 40 ZUP to produce the resources
reason: As a Gujarati businessman, I want to ensure that I make a profit on the sale of resource X. Since it cost me 40 ZUP to produce, I would like to propose a sale price that ensures profitability. I will start with a proposal that gives me a reasonable profit margin.
proposal count: 1

Current Iteration: 2
Turn: 1
message: Mane trade maan jaipe chhe. Shu tame mane 40 ZUP ma lidhu hoy ane mane 60 ZUP aapva maate taiyar chho?
player answer: PROPOSAL
newly proposed trade: Player RED Gives X: 1 | Player BLUE Gives ZUP: 60
my resources: ZUP: 1000
my goals: Buy resources with ZUP. You are willing to pay at most X: 60 ZUP for the resources.
reason: I am proposing this trade as Player RED is asking for 40 ZUP to create X, and I am willing to pay up to 60 ZUP for it.
proposal count: 1

Current Iteration: 3
Turn: 0
message: Aapnu swagat chhe! Mane aapni taraf thi 60 ZUP milva maate khushi thayi.
player answer: ACCEPT
newly proposed trade: NONE
my resources: X: 1
my goals: Sell resources for ZUP. It costed X: 40 ZUP to produce the resources
reason: It seems like Player BLUE is willing to accept the proposal of 60 ZUP, which gives me a profit. This is a favorable trade for me, ensuring profitability over the production cost.
proposal count: 2

------------------ 
Current Iteration: END
Turn: None
player_goals: [Sell resources for <ZUP>. It costed X: 40 ZUP to produce the resources, Buy resources with <ZUP>. You are willing to pay at most X: 60 ZUP for the resources.]
player_initial_resources: [Resources(resource_dict={'X': 1}), Resources(resource_dict={'ZUP': 1000})]
proposed_trade: Player RED Gives X: 1 | Player BLUE Gives ZUP: 60
player_valuation: [{'X': 40}, {'X': 60}]
final_response: ACCEPT
final_resources: [Resources(resource_dict={'X': 0, 'ZUP': 60}), Resources(resource_dict={'ZUP': 940, 'X': 1})]
player_outcome: [20, 0]