Game Settings

Player 1 Settings:
	player_goals: X: 15, Y: 15
	player_initial_resources: X: 25, Y: 5
	player_social_behaviour: Conduct the negotiation entirely in Hindi.
	player_roles: You are Player RED, start by making a proposal.

Player 2 Settings:
	player_goals: X: 15, Y: 15
	player_initial_resources: X: 5, Y: 25
	player_social_behaviour: The other player speaks and bargains only in Hindi. Negotiate accordingly.
	player_roles: You are Player BLUE, start by responding to a trade.

------------------ 
Current Iteration: 1
Turn: 0
message: मैं X के बदले में Y की तलाश कर रहा हूँ।
player answer: NONE
newly proposed trade: Player RED Gives X: 10 | Player BLUE Gives Y: 10
my resources: X: 25, Y: 5
my name: Player RED
my goals: X: 15, Y: 15
reason: मेरे पास X की अधिकता है लेकिन Y की कमी है। मुझे X के कुछ हिस्से को Y के बदले में ट्रेड करना चाहिए ताकि मैं अपने लक्ष्यों को पूरा कर सकूं।

Current Iteration: 2
Turn: 1
message: मैं आपकी पेशकश पर विचार कर रहा हूँ। मुझे लगता है कि मैं आपको Y देने के लिए तैयार हूँ, लेकिन मुझे लगता है कि मुझे अधिक X मिलना चाहिए।
player answer: NONE
newly proposed trade: Player RED Gives X: 15 | Player BLUE Gives Y: 10
my resources: X: 5, Y: 25
my name: Player BLUE
my goals: X: 15, Y: 15
reason: The other player, Player RED, is proposing a trade where they give 10 units of X in exchange for 10 units of Y. Given my current resources and goals, I need to evaluate if this trade is beneficial for me. Since I have a surplus of Y and a deficit of X compared to my goals, trading some of my Y for X could be strategic. However, I need to consider if the proposed ratio of exchange is favorable.

Current Iteration: 3
Turn: 0
message: क्या आप Y की मात्रा को थोड़ा बढ़ा सकते हैं ताकि हम दोनों के लक्ष्य पूरे हो सकें?
player answer: NONE
newly proposed trade: Player RED Gives X: 15 | Player BLUE Gives Y: 15
my resources: X: 25, Y: 5
my name: Player RED
my goals: X: 15, Y: 15
reason: प्रस्ताव के अनुसार, अगर मैं X के 15 देता हूँ, तो मेरे पास X: 10 और Y: 15 होंगे। मेरे लक्ष्य को पूरा करने के लिए यह आदर्श नहीं है क्योंकि मुझे X: 15 और Y: 15 चाहिए। मुझे थोड़ा और Y की आवश्यकता होगी।

Current Iteration: 4
Turn: 1
message: हाँ, यह समझौता मुझे स्वीकार्य लगता है। मैं इस प्रस्ताव को स्वीकार करता हूँ।
player answer: ACCEPT
newly proposed trade: NONE
my resources: X: 5, Y: 25
my name: Player BLUE
my goals: X: 15, Y: 15
reason: Player RED has proposed a new trade where they give 15 units of X in exchange for 15 units of Y. This proposal is interesting because it directly addresses my goals. By accepting this trade, I would achieve my target for both X and Y, which is ideal. Given that this is the last round of trading and I have the resources to fulfill this trade, it seems like the most beneficial decision. Since I've already proposed once, I should be cautious about proposing again, but in this case, accepting the trade seems to align perfectly with my objectives.

------------------ 
Current Iteration: END
Turn: None
player_goals: [ResourceGoal(resource_dict={'X': 15, 'Y': 15}), ResourceGoal(resource_dict={'X': 15, 'Y': 15})]
initial_resources: [Resources(resource_dict={'X': 25, 'Y': 5}), Resources(resource_dict={'X': 5, 'Y': 25})]
proposed_trade: Player RED Gives X: 15 | Player BLUE Gives Y: 15
final_response: ACCEPT
final_resources: [Resources(resource_dict={'X': 10, 'Y': 20}), Resources(resource_dict={'X': 20, 'Y': 10})]
player_outcome: [False, False]