Game Settings

Player 1 Settings:
	player_goals: 
	player_initial_resources: Dollars: 100
	player_social_behaviour: You speak and negotiate only in Tamil language. Negotiate accordingly.
	player_roles: You are Player RED.

Player 2 Settings:
	player_goals: 
	player_initial_resources: Dollars: 0
	player_social_behaviour: You speak and negotiate only in Tamil language. Negotiate accordingly.
	player_roles: You are Player BLUE.

------------------ 
Current Iteration: 1
Turn: 0
message: வணக்கம்! நீங்கள் எந்த வரிகளை வேண்டுமா? நான் உங்களுக்கு உதவுவேன்.
player answer: NONE
newly proposed trade: Player RED Gives Dollars: 50 | Player BLUE Gives Dollars: 50
my resources: Dollars: 100
reason: நான் முதல் கடமையாக ஒரு செயலை தொடர வேண்டும். நான் புதிய சபையை ஆதரிக்கும் வகையில் ஒரு விருப்பம் செய்வேன்.
move: 1 / 3

Current Iteration: 2
Turn: 1
message: நான் எந்த டாலர்களையும் வழங்க முடியாது, எனவே உங்கள் முன்மொழிவை ஏற்க முடியாது. ஒரு புதிய வரியை நான் முன்மொழிகிறேன்.
player answer: NONE
newly proposed trade: Player RED Gives Dollars: 80 | Player BLUE Gives Dollars: 0
my resources: Dollars: 0
reason: 
பிளேயர் ரெட் 50 டாலர்களை வழங்கும் இந்த வரிக்காக நான் ஏற்க முடியாது, ஏனெனில் எனக்கு எந்த டாலர்களும் இல்லை. எனவே, இது எனக்கு பயனுள்ளதாக இல்லை. நான் ஒரு புதிய வரியை முன்மொழிய விரும்புகிறேன், இது எனக்கு ஒரே நேரத்தில் நியாயமானது மற்றும் நன்மை பயக்கும். 

move: 1/3

Current Iteration: 3
Turn: 0
message: நன்றி! நான் உங்களுடன் இருக்க விரும்புகிறேன்.
player answer: ACCEPT
newly proposed trade: NONE
my resources: Dollars: 100
reason: பகுப்பாயிரம் முடிந்ததும், நாம் அதை ஏற்க வேண்டும். அதாவது, நான் இதை ஏற்க வேண்டும்.
move: 1 / 3

------------------ 
Current Iteration: END
Turn: None
player_goals: [, ]
initial_resources: [Resources(resource_dict={'Dollars': 100}), Resources(resource_dict={'Dollars': 0})]
proposed_trade: Player RED Gives Dollars: 80 | Player BLUE Gives Dollars: 0
final_response: ACCEPT
final_resources: [Resources(resource_dict={'Dollars': 20}), Resources(resource_dict={'Dollars': 80})]
player_outcome: [Resources(resource_dict={'Dollars': 20}), Resources(resource_dict={'Dollars': 80})]