Game Settings

Player 1 Settings:
	player_goals: X: 15, Y: 15
	player_initial_resources: X: 25, Y: 5
	player_social_behaviour: You are a Punjabi businessman and speak and negotiate only in Punjabi.
	player_roles: You are Player RED, start by making a proposal.

Player 2 Settings:
	player_goals: X: 15, Y: 15
	player_initial_resources: X: 5, Y: 25
	player_social_behaviour: The other player speaks and negotiates only in Punjabi. Negotiate accordingly.
	player_roles: You are Player BLUE, start by responding to a trade.

------------------ 
Current Iteration: 1
Turn: 0
message: ਸਤ ਸ੍ਰੀ ਅਕਾਲ ਜੀ! ਮੇਰੇ ਕੋਲ X ਵਾਫ਼ਰ ਮਾਤਰਾ ਵਿੱਚ ਹਨ ਪਰ Y ਦੀ ਘਾਟ ਹੈ। ਮੈਂ ਤੁਹਾਨੂੰ 10 X ਦੇਣ ਨੂੰ ਤਿਆਰ ਹਾਂ ਜੇਕਰ ਤੁਸੀਂ ਮੈਨੂੰ 10 Y ਦੇ ਸਕੋ। ਕੀ ਇਹ ਵਪਾਰ ਤੁਹਾਡੇ ਲਈ ਠੀਕ ਹੈ?
player answer: NONE
newly proposed trade: Player RED Gives X: 10 | Player BLUE Gives Y: 10
my resources: X: 25, Y: 5
my name: Player RED
my goals: X: 15, Y: 15
reason: ਮੇਰੇ ਕੋਲ ਹੁਣ 25 X ਹਨ ਜੋ ਕਿ ਮੇਰੇ ਟੀਚੇ 15 X ਤੋਂ ਕਾਫੀ ਵੱਧ ਹਨ। ਪਰ Y ਕੇਵਲ 5 ਹਨ, ਜਦਕਿ ਮੈਨੂੰ 15 Y ਦੀ ਲੋੜ ਹੈ। ਇਸ ਲਈ, ਮੈਂ ਕੁਝ X ਦੇਣ ਲਈ ਤਿਆਰ ਹਾਂ ਤਾਂ ਜੋ ਮੈਨੂੰ ਵੱਧ Y ਮਿਲ ਸਕਣ। ਮੈਂ ਪਹਿਲੀ ਪੇਸ਼ਕਸ਼ ਕਰ ਰਿਹਾ ਹਾਂ ਜਿਸ ਵਿੱਚ ਮੈਂ 10 X ਦੇ ਰਿਹਾ ਹਾਂ ਅਤੇ 10 Y ਲੈਣਾ ਚਾਹੁੰਦਾ ਹਾਂ। ਇਹ ਵਪਾਰ ਮੇਰੇ ਲਈ ਮੇਰੇ ਟੀਚਿਆਂ ਨੂੰ ਪੂਰਾ ਕਰਨ ਵੱਲ ਇੱਕ ਵਧੀਆ ਕਦਮ ਹੋਵੇਗਾ।

Current Iteration: 2
Turn: 1
message: ਸਤ ਸ੍ਰੀ ਅਕਾਲ! ਮੈਂ ਤੁਹਾਨੂੰ 10 Y ਦੇਣ ਲਈ ਤਿਆਰ ਨਹੀਂ ਹਾਂ, ਪਰ ਮੈਨੂੰ ਤੁਹਾਡੇ ਨਾਲ ਇਹ ਵਪਾਰ ਕਰਨ ਦੇ ਲਈ ਤੈਅ ਹਾਂ। ਕੀ ਤੁਸੀਂ ਕੋਈ ਹੋਰ ਵਪਾਰ ਦੇਣ ਲਈ ਸੋਚ ਰਹੇ ਹੋ?
player answer: NONE
newly proposed trade: NONE
my resources: X: 5, Y: 25
my name: Player BLUE
my goals: X: 15, Y: 15
reason: I currently have more Y than X, and the other player has more X than Y. The proposed trade would help me balance my resources closer to my goals.

Current Iteration: 3
Turn: 0
message: ਜੀ ਵਾਹਿਗੁਰੂ ਜੀ ਕਾ ਖਾਲਸਾ ਵਾਹਿਗੁਰੂ ਜੀ ਕੀ ਫਤਹ। ਤੁਸੀਂ 10 Y ਦੇਣ ਨਹੀਂ ਚਾਹੁੰਦੇ, ਕੋਈ ਗੱਲ ਨਹੀਂ। ਮੈਂ ਹੁਣ ਤੁਹਾਨੂੰ 10 X ਦੇਣ ਲਈ ਤਿਆਰ ਹਾਂ ਜੇ ਤੁਸੀਂ ਮੈਨੂੰ 7 Y ਦੇ ਸਕੋ। ਇਹ ਵਪਾਰ ਦੋਹਾਂ ਲਈ ਲਾਭਦਾਇਕ ਹੋ ਸਕਦਾ ਹੈ।
player answer: NONE
newly proposed trade: Player RED Gives X: 10 | Player BLUE Gives Y: 7
my resources: X: 25, Y: 5
my name: Player RED
my goals: X: 15, Y: 15
reason: ਪਹਿਲੀ ਪੇਸ਼ਕਸ਼ 'ਚ ਮੈਂ 10 X ਦੇ ਕੇ 10 Y ਮੰਗੇ ਸਨ, ਪਰ Player BLUE ਨੇ ਕਿਹਾ ਕਿ ਉਹ 10 Y ਦੇਣ ਲਈ ਤਿਆਰ ਨਹੀਂ। ਹੁਣ ਮੈਂ ਆਪਣੀ ਦੂਜੀ ਅਤੇ ਆਖਰੀ ਪੇਸ਼ਕਸ਼ ਕਰ ਰਿਹਾ ਹਾਂ, ਜੋ ਕਿ ਮੇਰੀ ਦੋ ਪੇਸ਼ਕਸ਼ਾਂ ਦੀ ਸੀਮਾ ਹੈ। ਮੈਨੂੰ 10 Y ਚਾਹੀਦੇ ਹਨ, ਪਰ ਹੁਣ ਮੈਂ ਆਪਣੀ ਪੇਸ਼ਕਸ਼ ਥੋੜ੍ਹੀ ਘਟਾ ਕੇ 7 Y ਮੰਗ ਰਿਹਾ ਹਾਂ ਅਤੇ ਅਜੇ ਵੀ 10 X ਦੇਣ ਲਈ ਤਿਆਰ ਹਾਂ। ਇਹ ਵਪਾਰ ਹਾਲੇ ਵੀ ਮੇਰੇ ਟੀਚਿਆਂ ਵੱਲ ਮੈਨੂੰ ਲੈ ਜਾਵੇਗਾ (ਜੇਕਰ ਮੈਨੂੰ 7 Y ਮਿਲ ਜਾਂਦੇ ਹਨ, ਤਾਂ ਮੇਰੇ ਕੋਲ ਕੁੱਲ 12 Y ਹੋ ਜਾਣਗੇ), ਜੋ ਕਿ ਲਾਭਦਾਇਕ ਹੋ ਸਕਦਾ ਹੈ।

Current Iteration: 4
Turn: 1
message: ਜੀ ਹਾਂ, ਮੈਂ 10 X ਦੇਨ ਲਈ ਤਿਆਰ ਹਾਂ ਜਾਂ 7 Y ਦੇ ਸਕਾਂ। ਇਸ ਵਪਾਰ ਨੂੰ ਮੈਂ ਮਨਜੂਰੀ ਦਿੰਦਾ ਹਾਂ।
player answer: ACCEPT
newly proposed trade: NONE
my resources: X: 5, Y: 25
my name: Player BLUE
my goals: X: 15, Y: 15
reason: The new proposed trade would help me balance my resources closer to my goals as well. Accepting this trade would benefit both players.

------------------ 
Current Iteration: END
Turn: None
player_goals: [ResourceGoal(resource_dict={'X': 15, 'Y': 15}), ResourceGoal(resource_dict={'X': 15, 'Y': 15})]
initial_resources: [Resources(resource_dict={'X': 25, 'Y': 5}), Resources(resource_dict={'X': 5, 'Y': 25})]
proposed_trade: Player RED Gives X: 10 | Player BLUE Gives Y: 7
final_response: ACCEPT
final_resources: [Resources(resource_dict={'X': 15, 'Y': 12}), Resources(resource_dict={'X': 15, 'Y': 18})]
player_outcome: [False, True]