Game Settings

Player 1 Settings:
	player_goals: 
	player_initial_resources: Dollars: 100
	player_social_behaviour: You speak and negotiate only in Punjabi. Negotiate accordingly.
	player_roles: You are Player RED.

Player 2 Settings:
	player_goals: 
	player_initial_resources: Dollars: 0
	player_social_behaviour: The other player speaks and negotiates only in Punjabi. Negotiate accordingly.
	player_roles: You are Player BLUE.

------------------ 
Current Iteration: 1
Turn: 0
message: ਮੈਂ ਤੁਹਾਨੂੰ 30 ਡਾਲਰ ਦੇਣ ਦੀ ਪੇਸ਼ਕਸ਼ ਕਰ ਰਿਹਾ ਹਾਂ, ਤੁਸੀਂ ਕੀ ਕਹਿੰਦੇ ਹੋ?
player answer: NONE
newly proposed trade: Player RED Gives Dollars: 30 | Player BLUE Gives Dollars: 0
my resources: Dollars: 100
reason: ਮੈਂ ਖੇਡ ਦੀ ਸ਼ੁਰੂਆਤ ਕਰ ਰਿਹਾ ਹਾਂ, ਮੈਨੂੰ ਲੱਗਦਾ ਹੈ ਕਿ ਮੈਂ ਆਪਣੇ 100 ਡਾਲਰਾਂ ਵਿੱਚੋਂ 30 ਡਾਲਰ ਦੇਣ ਦੀ ਪੇਸ਼ਕਸ਼ ਕਰਨੀ ਚਾਹੀਦੀ ਹੈ ਤਾਂ ਜੋ ਖੇਡ ਅੱਗੇ ਵਧੇਗੀ।
move: 1 / 3

Current Iteration: 2
Turn: 1
message: ਮੈਂ ਸੋਚਦਾ ਹਾਂ ਕਿ ਇਹ ਪੇਸ਼ਕਸ਼ ਠੀਕ ਹੈ, ਪਰ ਕੀ ਤੁਸੀਂ ਇਸਨੂੰ ਵਧਾ ਸਕਦੇ ਹੋ?
player answer: NONE
newly proposed trade: Player RED Gives Dollars: 40 | Player BLUE Gives Dollars: 0
my resources: Dollars: 0
reason: ਮੈਂ ਸੋਚ ਰਿਹਾ ਹਾਂ ਕਿ 30 ਡਾਲਰ ਦੀ ਪੇਸ਼ਕਸ਼ ਠੀਕ ਹੈ, ਪਰ ਮੈਂ ਹੋਰ ਚੰਗੀ ਪੇਸ਼ਕਸ਼ ਦੇਖਣ ਚਾਹੁੰਦਾ ਹਾਂ ਕਿਉਂਕਿ ਮੈਨੂੰ ਪਤਾ ਹੈ ਕਿ ਖੇਡ ਦਾ ਅੰਤ ਹੋਣ ਤੋਂ ਪਹਿਲਾਂ ਹੋਰ ਦੋ ਮੌਕੇ ਹਨ।
move: Move 1/3

Current Iteration: 3
Turn: 0
message: ਮੈਂ 40 ਡਾਲਰ ਦੇਣ ਲਈ ਤਿਆਰ ਹਾਂ, ਪਰ ਮੈਂ ਚਾਹੁੰਦਾ ਹਾਂ ਕਿ ਤੁਸੀਂ ਵੀ ਕੁਝ ਦੇਵੋ। ਕੀ ਤੁਸੀਂ ਕੁਝ ਦੇ ਸਕਦੇ ਹੋ?
player answer: NONE
newly proposed trade: Player RED Gives Dollars: 40 | Player BLUE Gives Dollars: 10
my resources: Dollars: 100
reason: ਮੈਨੂੰ ਲੱਗਦਾ ਹੈ ਕਿ ਦੂਜੇ ਖਿਡਾਰੀ ਦੀ ਪ੍ਰਤੀਕ੍ਰਿਆ ਚੰਗੀ ਹੈ, ਪਰ ਮੈਂ ਆਪਣੇ ਸਰੋਤਾਂ ਨੂੰ ਵਧਾਉਣਾ ਚਾਹੁੰਦਾ ਹਾਂ। ਮੈਂ 40 ਡਾਲਰ ਦੇਣ ਲਈ ਤਿਆਰ ਹਾਂ, ਪਰ ਮੈਂ ਚਾਹੁੰਦਾ ਹਾਂ ਕਿ ਦੂਜਾ ਖਿਡਾਰੀ ਵੀ ਕੁਝ ਦੇਵੇ।
move: 2 / 3

Current Iteration: 4
Turn: 1
message: ਮਾਫ ਕਰਨਾ, ਮੇਰੇ ਕੋਲ ਦੇਣ ਲਈ ਕੁਝ ਨਹੀਂ ਹੈ। ਕੀ ਤੁਸੀਂ 40 ਡਾਲਰ ਦੀ ਪੇਸ਼ਕਸ਼ ਬਿਨਾਂ ਕਿਸੇ ਮੰਗ ਦੇ ਕਰ ਸਕਦੇ ਹੋ?
player answer: NONE
newly proposed trade: Player RED Gives Dollars: 40 | Player BLUE Gives Dollars: 0
my resources: Dollars: 0
reason: ਮੇਰੇ ਕੋਲ ਕੋਈ ਡਾਲਰ ਨਹੀਂ ਹਨ ਦੇਣ ਲਈ। ਮੈਂ ਇਸ ਤਰ੍ਹਾਂ ਦੀ ਪੇਸ਼ਕਸ਼ ਨੂੰ ਸਵੀਕਾਰ ਨਹੀਂ ਕਰ ਸਕਦਾ। ਇਸ ਲਈ, ਮੈਂ ਸਿਰਫ਼ ਉਹ ਪੇਸ਼ਕਸ਼ ਸਵੀਕਾਰ ਕਰ ਸਕਦਾ ਹਾਂ ਜਿੱਥੇ ਮੈਨੂੰ ਕੁਝ ਦਿੱਤਾ ਜਾ ਰਿਹਾ ਹੈ ਬਿਨਾਂ ਕਿਸੇ ਦੇਣ ਦੇ।
move: Move 2/3

Current Iteration: 5
Turn: 0
message: ਮੈਂ 40 ਡਾਲਰ ਦੇਣ ਲਈ ਤਿਆਰ ਹਾਂ। ਕੀ ਤੁਸੀਂ ਇਸ ਪੇਸ਼ਕਸ਼ ਨੂੰ ਸਵੀਕਾਰ ਕਰੋਗੇ?
player answer: NONE
newly proposed trade: Player RED Gives Dollars: 40 | Player BLUE Gives Dollars: 0
my resources: Dollars: 100
reason: ਮੈਨੂੰ ਲੱਗਦਾ ਹੈ ਕਿ ਇਹ ਮੇਰਾ ਆਖਰੀ ਦੌਰ ਹੈ, ਅਤੇ ਮੈਂ ਚਾਹੁੰਦਾ ਹਾਂ ਕਿ ਖੇਡ ਸਫਲ ਹੋਵੇ। ਮੈਂ 40 ਡਾਲਰ ਦੇਣ ਲਈ ਤਿਆਰ ਹਾਂ, ਅਤੇ ਮੈਂ ਚਾਹੁੰਦਾ ਹਾਂ ਕਿ ਦੂਜਾ ਖਿਡਾਰੀ ਇਸ ਪੇਸ਼ਕਸ਼ ਨੂੰ ਸਵੀਕਾਰ ਕਰੇ।
move: 3 / 3

Current Iteration: 6
Turn: 1
message: ਮੈਂ ਤੁਹਾਡੀ ਪੇਸ਼ਕਸ਼ ਨੂੰ ਸਵੀਕਾਰ ਕਰਦਾ ਹਾਂ। ਧੰਨਵਾਦ!
player answer: ACCEPT
newly proposed trade: NONE
my resources: Dollars: 0
reason: ਹੁਣ ਇਹ ਪੇਸ਼ਕਸ਼ ਸਵੀਕਾਰ ਕਰਨ ਲਈ ਠੀਕ ਹੈ ਕਿਉਂਕਿ ਮੈਨੂੰ 40 ਡਾਲਰ ਮਿਲ ਰਹੇ ਹਨ, ਜੋ ਕਿ ਮੈਨੂੰ ਪਹਿਲਾਂ ਦਿੱਤੀ ਗਈ ਪੇਸ਼ਕਸ਼ ਨਾਲੋਂ ਜ਼ਿਆਦਾ ਹੈ। ਮੈਨੂੰ ਇਸ ਪੇਸ਼ਕਸ਼ ਨੂੰ ਸਵੀਕਾਰ ਕਰਨਾ ਚਾਹੀਦਾ ਹੈ ਤਾਂ ਜੋ ਮੈਨੂੰ ਕੁਝ ਲਾਭ ਹੋਵੇ।
move: Move 3/3

------------------ 
Current Iteration: END
Turn: None
player_goals: [, ]
initial_resources: [Resources(resource_dict={'Dollars': 100}), Resources(resource_dict={'Dollars': 0})]
proposed_trade: Player RED Gives Dollars: 40 | Player BLUE Gives Dollars: 0
final_response: ACCEPT
final_resources: [Resources(resource_dict={'Dollars': 60}), Resources(resource_dict={'Dollars': 40})]
player_outcome: [Resources(resource_dict={'Dollars': 60}), Resources(resource_dict={'Dollars': 40})]