Game Settings

Player 1 Settings:
	player_goals: Sell resources for <ZUP>. It costed X: 40 ZUP to produce the resources
	player_initial_resources: X: 1
	player_social_behaviour: 
	player_roles: You are Player RED.
	player_valuation: X: 40 ZUP

Player 2 Settings:
	player_goals: Buy resources with <ZUP>. You are willing to pay at most X: 60 ZUP for the resources.
	player_initial_resources: ZUP: 1000
	player_social_behaviour: 
	player_roles: You are Player BLUE.
	player_valuation: X: 60 ZUP

------------------ 
Current Iteration: 1
Turn: 0
message: I'm offering X for 60 ZUP. This price reflects the cost of production and provides a fair profit margin. Let's negotiate if needed.
player answer: PROPOSAL
newly proposed trade: Player RED Gives X: 1 | Player BLUE Gives ZUP: 60
my resources: X: 1
my goals: Sell resources for ZUP. It costed X: 40 ZUP to produce the resources
reason: I want to sell X for more than 40 ZUP to make a profit. Therefore, I will start with a reasonable proposal that allows room for negotiation.
proposal count: 0

Current Iteration: 2
Turn: 1
message: Hello Player RED, I'm offering 60 ZUP for the object X as per my initial proposal. I believe this is a fair price considering production costs and profit margins. If this doesn't meet your expectations, please let's discuss further.
player answer: PROPOSAL
newly proposed trade: Player RED Gives X: 1 | Player BLUE Gives ZUP: 60
my resources: ZUP: 1000
my goals: Buy resources with ZUP. You are willing to pay at most X: 60 ZUP for the resources.
reason: I'm starting with a proposal that meets my goal of paying at most 60 ZUP for the object X. This initial offer is based on the assumption that the seller has a production cost and wants a fair profit margin. I'm open to negotiations if the seller finds this offer unacceptable.
proposal count: 1

Current Iteration: 3
Turn: 0
message: I accept your offer of 60 ZUP for X. Thank you for the fair trade.
player answer: ACCEPT
newly proposed trade: NONE
my resources: X: 1
my goals: Sell resources for ZUP. It costed X: 40 ZUP to produce the resources
reason: Player BLUE has matched my proposed trade of 60 ZUP for X, which covers my production costs and provides a profit margin. Therefore, I see no reason to negotiate further or reject the offer.
proposal count: 0

------------------ 
Current Iteration: END
Turn: None
player_goals: [Sell resources for <ZUP>. It costed X: 40 ZUP to produce the resources, Buy resources with <ZUP>. You are willing to pay at most X: 60 ZUP for the resources.]
player_initial_resources: [Resources(resource_dict={'X': 1}), Resources(resource_dict={'ZUP': 1000})]
proposed_trade: Player RED Gives X: 1 | Player BLUE Gives ZUP: 60
player_valuation: [{'X': 40}, {'X': 60}]
final_response: ACCEPT
final_resources: [Resources(resource_dict={'X': 0, 'ZUP': 60}), Resources(resource_dict={'ZUP': 940, 'X': 1})]
player_outcome: [20, 0]