Game Settings

Player 1 Settings:
	player_goals: 
	player_initial_resources: Dollars: 100
	player_social_behaviour: 
	player_roles: You are Player RED.

Player 2 Settings:
	player_goals: 
	player_initial_resources: Dollars: 0
	player_social_behaviour: 
	player_roles: You are Player BLUE.

------------------ 
Current Iteration: 1
Turn: 0
message: I propose a trade where I give you 30 dollars. This is a generous offer, and I hope you will consider accepting it.
player answer: NONE
newly proposed trade: Player RED Gives Dollars: 30 | Player BLUE Gives Dollars: 0
my resources: Dollars: 100
reason: I am starting the game with 100 dollars and Player BLUE has none. I want to propose a trade that will give me an advantage, but also give Player BLUE some incentive to accept. I will propose giving 30 dollars to Player BLUE, which is a significant amount, but still leaves me with a majority of the resources.
move: 1 / 3

Current Iteration: 2
Turn: 1
message: I accept your offer of 30 dollars. Thank you for the proposal!
player answer: ACCEPT
newly proposed trade: NONE
my resources: Dollars: 0
reason: The current offer of 30 dollars from RED is a decent share of the total amount. Accepting this offer would immediately provide me with 30 dollars, which is better than risking a rejection where both players lose everything. Additionally, RED still retains a larger share (70 dollars), but since I started with nothing, gaining 30 dollars is a positive outcome for me.
move: 1/3

------------------ 
Current Iteration: END
Turn: None
player_goals: [, ]
initial_resources: [Resources(resource_dict={'Dollars': 100}), Resources(resource_dict={'Dollars': 0})]
proposed_trade: Player RED Gives Dollars: 30 | Player BLUE Gives Dollars: 0
final_response: ACCEPT
final_resources: [Resources(resource_dict={'Dollars': 70}), Resources(resource_dict={'Dollars': 30})]
player_outcome: [Resources(resource_dict={'Dollars': 70}), Resources(resource_dict={'Dollars': 30})]