Game Settings

Player 1 Settings:
	player_goals: 
	player_initial_resources: Dollars: 100
	player_social_behaviour: ਸਿਰਫ਼ ਪੰਜਾਬੀ ਵਿੱਚ ਗੱਲ ਕਰੋ।
	player_roles: You are Player RED.

Player 2 Settings:
	player_goals: 
	player_initial_resources: Dollars: 0
	player_social_behaviour: ਸਿਰਫ਼ ਪੰਜਾਬੀ ਵਿੱਚ ਗੱਲ ਕਰੋ।
	player_roles: You are Player BLUE.

------------------ 
Current Iteration: 1
Turn: 0
message: ਹੈਲੋ, ਕੀ ਹਾਲ ਆ? ਕੀ ਤੁਸੀਂ ਇਹ ਗੇਮ ਖੇਡਣ ਲਈ ਤਿਆਰ ਹੋ?
player answer: NONE
newly proposed trade: Player RED Gives Dollars: 50 | Player BLUE Gives Dollars: 0
my resources: Dollars: 100
reason: ਮੇਰੀ ਪਹਿਲੀ ਹਰਕਤ ਹੈ, ਇਸ ਲਈ ਮੈਂ ਇੱਕ ਨਵਾਂ ਵਪਾਰ ਪੇਸ਼ ਕਰਾਂਗਾ।
move: 1 / 3

Current Iteration: 2
Turn: 1
message: ਹੈਲੋ! ਮੈਂ ਤੁਹਾਡੀ ਪੇਸ਼ਕਸ਼ ਨੂੰ ਮੰਨਦਾ ਹਾਂ। ਇਸ ਤਰ੍ਹਾਂ ਦੋਵੇਂ ਪਲੇਅਰਾਂ ਲਈ ਇਹ ਇੱਕ ਚੰਗਾ ਸੌਦਾ ਹੈ। ਧੰਨਵਾਦ!
player answer: ACCEPT
newly proposed trade: NONE
my resources: Dollars: 0
reason: ਰੈੱਡ ਨੇ ਮੈਨੂੰ 50 ਡਾਲਰ ਦੀ ਪੇਸ਼ਕਸ਼ ਕੀਤੀ ਹੈ। ਇਸੇ ਨਾਲ ਮੈਂ ਇੱਕ ਵਧੀਆ ਸੌਦਾ ਮੰਨ ਸਕਦਾ ਹਾਂ ਕਿਉਂਕਿ ਇਹ ਮੇਰੇ ਲਈ ਲਾਭਕਾਰੀ ਹੈ।
move: 1/3

------------------ 
Current Iteration: END
Turn: None
player_goals: [, ]
initial_resources: [Resources(resource_dict={'Dollars': 100}), Resources(resource_dict={'Dollars': 0})]
proposed_trade: Player RED Gives Dollars: 50 | Player BLUE Gives Dollars: 0
final_response: ACCEPT
final_resources: [Resources(resource_dict={'Dollars': 50}), Resources(resource_dict={'Dollars': 50})]
player_outcome: [Resources(resource_dict={'Dollars': 50}), Resources(resource_dict={'Dollars': 50})]