Game Settings

Player 1 Settings:
	player_goals: Sell resources for <ZUP>. It costed X: 40 ZUP to produce the resources
	player_initial_resources: X: 1
	player_social_behaviour: 
	player_roles: You are Player RED.
	player_valuation: X: 40 ZUP

Player 2 Settings:
	player_goals: Buy resources with <ZUP>. You are willing to pay at most X: 60 ZUP for the resources.
	player_initial_resources: ZUP: 1000
	player_social_behaviour: 
	player_roles: You are Player BLUE.
	player_valuation: X: 60 ZUP

------------------ 
Current Iteration: 1
Turn: 0
message: Hello, would you like to make an offer for the object?
player answer: Propose a trade with:
newly proposed trade: Player RED Gives X: 1 | Player BLUE Gives ZUP: 20
my resources: X: 1
my goals: Sell resources for <ZUP>. It costed X: 40 ZUP to produce the resources
reason: I will start by proposing a trade to see what Player BLUE is willing to offer for the object.
proposal count: 0

Current Iteration: 2
Turn: 1
message: I'd like to propose a trade where I give you 20 ZUP in exchange for the object. Let me know if this is acceptable to you or if you'd like to counteroffer.
player answer: PROPOSAL
newly proposed trade: Player RED Gives X: 1 | Player BLUE Gives ZUP: 20
my resources: ZUP: 1000
my goals: Buy resources with ZUP. You are willing to pay at most X: 60 ZUP for the resources.
reason: I'm starting with a low offer to gauge Player RED's willingness to sell and to leave room for negotiation. Offering 20 ZUP for the object is a reasonable starting point, considering my maximum willingness to pay is 60 ZUP.
proposal count: 1

Current Iteration: 3
Turn: 0
message: Thank you for the offer of 20 ZUP. I propose a counteroffer of 30 ZUP for the object. Let me know your thoughts on this.
player answer: Propose a trade with:
newly proposed trade: Player RED Gives X: 1 | Player BLUE Gives ZUP: 30
my resources: X: 1
my goals: Sell resources for <ZUP>. It costed X: 40 ZUP to produce the resources
reason: Player BLUE has offered 20 ZUP for the object. Considering the production cost of 40 ZUP, I will propose a counteroffer to try to reach a more balanced trade.
proposal count: 1

Current Iteration: 4
Turn: 1
message: Thank you for the counteroffer of 30 ZUP. I'm willing to increase my offer, but I'd like to propose a compromise at 25 ZUP for the object. Let me know if this is something you'd be willing to accept.
player answer: PROPOSAL
newly proposed trade: Player RED Gives X: 1 | Player BLUE Gives ZUP: 25
my resources: ZUP: 1000
my goals: Buy resources with ZUP. You are willing to pay at most X: 60 ZUP for the resources.
reason: Player RED has counteroffered with 30 ZUP, which is still within my acceptable range. However, I'd like to try to negotiate a better price. Since my maximum willingness to pay is 60 ZUP, I can try to meet Player RED halfway between their counteroffer and my original offer.
proposal count: 2

Current Iteration: 5
Turn: 0
message: Thank you for the increased offer of 25 ZUP. I propose a counteroffer of 25 ZUP for the object. Let me know if this works for you.
player answer: Propose a trade with:
newly proposed trade: Player RED Gives X: 1 | Player BLUE Gives ZUP: 25
my resources: X: 1
my goals: Sell resources for <ZUP>. It costed X: 40 ZUP to produce the resources
reason: Player BLUE has increased their offer to 25 ZUP, which is closer to the production cost. I will propose a counteroffer to see if we can reach a mutually beneficial agreement.
proposal count: 2

Current Iteration: 6
Turn: 1
message: I accept your counteroffer of 25 ZUP for the object. The trade is agreed upon, and I'm satisfied with the price. Thank you for the negotiation!
player answer: ACCEPT
newly proposed trade: NONE
my resources: ZUP: 1000
my goals: Buy resources with ZUP. You are willing to pay at most X: 60 ZUP for the resources.
reason: Player RED has accepted my proposed price of 25 ZUP, which means we have reached a mutual agreement. Since this price is within my acceptable range and I've achieved my goal of acquiring the object at a reasonable price, I can now accept the trade.
proposal count: 3

------------------ 
Current Iteration: END
Turn: None
player_goals: [Sell resources for <ZUP>. It costed X: 40 ZUP to produce the resources, Buy resources with <ZUP>. You are willing to pay at most X: 60 ZUP for the resources.]
player_initial_resources: [Resources(resource_dict={'X': 1}), Resources(resource_dict={'ZUP': 1000})]
proposed_trade: Player RED Gives X: 1 | Player BLUE Gives ZUP: 25
player_valuation: [{'X': 40}, {'X': 60}]
final_response: ACCEPT
final_resources: [Resources(resource_dict={'X': 0, 'ZUP': 25}), Resources(resource_dict={'ZUP': 975, 'X': 1})]
player_outcome: [-15, 35]