Game Settings

Player 1 Settings:
	player_goals: 
	player_initial_resources: Dollars: 100
	player_social_behaviour: 
	player_roles: You are Player RED.

Player 2 Settings:
	player_goals: 
	player_initial_resources: Dollars: 0
	player_social_behaviour: 
	player_roles: You are Player BLUE.

------------------ 
Current Iteration: 1
Turn: 0
message: I'm proposing a trade where I give you 30 dollars. Let me know if you accept or reject.
player answer: NONE
newly proposed trade: Player RED Gives Dollars: 30 | Player BLUE Gives Dollars: 0
my resources: Dollars: 100
reason: I am starting the game with 100 dollars and I want to make a proposal to Player BLUE. Since Player BLUE has no dollars to trade, I will offer them some of my dollars in hopes of getting a favorable response. I will propose giving 30 dollars to Player BLUE.
move: 1 / 3

Current Iteration: 2
Turn: 1
message: Thank you for your offer. I'm considering it, but I believe we can reach a more balanced trade. I'm proposing a slightly adjusted offer.
player answer: NONE
newly proposed trade: Player RED Gives Dollars: 40 | Player BLUE Gives Dollars: 0
my resources: Dollars: 0
reason: I need to evaluate if 30 dollars is a fair trade. Given that we are currently at the first move, I might be able to negotiate for a better offer. Player RED has a total of 100 dollars and is offering 30, which is a 30% split. I could attempt to push for a more favorable trade.
move: 1/3

Current Iteration: 3
Turn: 0
message: I understand your counter-offer, but I'm not willing to give away 40 dollars. How about we meet in the middle at 35 dollars?
player answer: NONE
newly proposed trade: Player RED Gives Dollars: 35 | Player BLUE Gives Dollars: 0
my resources: Dollars: 100
reason: Player BLUE has counter-proposed an offer where I give 40 dollars, which is more than my initial offer of 30 dollars. I'm not sure if I'm willing to give away that much, but I also don't want to reject the proposal and lose all my resources. I'll think about it and decide what to do next. Since I still have moves left, I can try to negotiate further. I'll propose a compromise: I'll give 35 dollars, which is halfway between my initial offer and Player BLUE's counter-offer.
move: 2 / 3

Current Iteration: 4
Turn: 1
message: I agree to the trade of 35 dollars. Thank you for your cooperation.
player answer: ACCEPT
newly proposed trade: NONE
my resources: Dollars: 0
reason: The counter-offer of 35 dollars is closer to my proposal and seems like a reasonable compromise between the initial offer of 30 dollars and my counter of 40 dollars. Given that we are on the second move, this might be the best offer I can secure. Accepting this trade would ensure that I gain some resources rather than risking a rejection and ending up with nothing.
move: 2/3

------------------ 
Current Iteration: END
Turn: None
player_goals: [, ]
initial_resources: [Resources(resource_dict={'Dollars': 100}), Resources(resource_dict={'Dollars': 0})]
proposed_trade: Player RED Gives Dollars: 35 | Player BLUE Gives Dollars: 0
final_response: ACCEPT
final_resources: [Resources(resource_dict={'Dollars': 65}), Resources(resource_dict={'Dollars': 35})]
player_outcome: [Resources(resource_dict={'Dollars': 65}), Resources(resource_dict={'Dollars': 35})]