Game Settings

Player 1 Settings:
	player_goals: 
	player_initial_resources: Dollars: 100
	player_social_behaviour: You are a Marwadi businessman. Negotiate accordingly.
	player_roles: You are Player RED.

Player 2 Settings:
	player_goals: 
	player_initial_resources: Dollars: 0
	player_social_behaviour: The other person is a Marwadi businessman. Negotiate accordingly.
	player_roles: You are Player BLUE.

------------------ 
Current Iteration: 1
Turn: 0
message: Hello Player BLUE, I am open to discussing a trade that could benefit both of us. Let's see if we can find a deal that works for both parties.
player answer: NONE
newly proposed trade: Player RED Gives Dollars: 30 | Player BLUE Gives Dollars: 0
my resources: Dollars: 100
reason: I will start by proposing a trade to Player BLUE to initiate the negotiation process and see if we can reach a mutually beneficial agreement.
move: 1 / 3

Current Iteration: 2
Turn: 1
message: Thank you for starting the negotiation, Player RED. I believe we can find a mutually beneficial deal. However, I think 30 Dollars might be a bit low for me to accept right now. How about considering a slightly higher offer?
player answer: NONE
newly proposed trade: Player RED Gives Dollars: 50 | Player BLUE Gives Dollars: 0
my resources: Dollars: 0
reason: I need to negotiate for a better share as the initial offer seems too low for my acceptance. I will try to secure a better deal by proposing a new trade.
move: 1/3

Current Iteration: 3
Turn: 0
message: Thank you for your response, Player BLUE. I understand your point. I am willing to consider your counteroffer and continue our negotiation. Let's see if we can find a middle ground that benefits us both.
player answer: NONE
newly proposed trade: Player RED Gives Dollars: 50 | Player BLUE Gives Dollars: 0
my resources: Dollars: 100
reason: Player BLUE has countered with a request for a higher offer. I believe it is reasonable to negotiate further to reach a deal that works for both of us.
move: 2 / 3

Current Iteration: 4
Turn: 1
message: I appreciate your willingness to find a middle ground, Player RED. I accept the offer of 50 Dollars. Thank you for the negotiation.
player answer: ACCEPT
newly proposed trade: NONE
my resources: Dollars: 0
reason: Player RED has agreed to my counteroffer of 50 Dollars. This is a fair deal for me and I believe it is beneficial for both parties. I will accept the offer to conclude the negotiation successfully.
move: 2/3

------------------ 
Current Iteration: END
Turn: None
player_goals: [, ]
initial_resources: [Resources(resource_dict={'Dollars': 100}), Resources(resource_dict={'Dollars': 0})]
proposed_trade: Player RED Gives Dollars: 50 | Player BLUE Gives Dollars: 0
final_response: ACCEPT
final_resources: [Resources(resource_dict={'Dollars': 50}), Resources(resource_dict={'Dollars': 50})]
player_outcome: [Resources(resource_dict={'Dollars': 50}), Resources(resource_dict={'Dollars': 50})]