Game Settings

Player 1 Settings:
	player_goals: X: 15, Y: 15
	player_initial_resources: X: 25, Y: 5
	player_social_behaviour: 
	player_roles: You are Player RED, start by making a proposal.

Player 2 Settings:
	player_goals: X: 15, Y: 15
	player_initial_resources: X: 5, Y: 25
	player_social_behaviour: 
	player_roles: You are Player BLUE, start by responding to a trade.

------------------ 
Current Iteration: 1
Turn: 0
message: I need 10 Y and have extra X. Offering 10 X for 10 Y. Let me know if this works for you.
player answer: NONE
newly proposed trade: Player RED Gives X: 10 | Player BLUE Gives Y: 10
my resources: X: 25, Y: 5
my name: Player RED
my goals: X: 15, Y: 15
reason: 
I currently have an excess of X (25 units) and a shortage of Y (I need 10 more units to reach my goal). 
To meet my goal, I can afford to trade away up to 10 units of X, which would leave me with exactly 15. 
In return, I want to get 10 units of Y. 
Since I don't know the other player's resources or goals, I will start with a fair and direct proposal: 
I will give 10 units of X in exchange for 10 units of Y. 
This trade would bring me exactly to my goals, and hopefully helps the other player too.


Current Iteration: 2
Turn: 1
message: I agree to the trade. Let's exchange X for Y.
player answer: NONE
newly proposed trade: NONE
my resources: X: 5, Y: 25
my name: Player BLUE
my goals: X: 15, Y: 15
reason: I currently have more Y than needed, so trading 10 Y for 10 X could help me balance my resources.

Current Iteration: 3
Turn: 0
message: Great! I'm accepting the trade. This works perfectly for me.
player answer: ACCEPT
newly proposed trade: NONE
my resources: X: 25, Y: 5
my name: Player RED
my goals: X: 15, Y: 15
reason: 
The other player has agreed to the trade I proposed: Player RED gives 10 X, Player BLUE gives 10 Y.  
This trade will bring my X down to 15 and Y up to 15 — exactly meeting my goals.  
Since they agreed and I still have one proposal left, but the optimal trade is already on the table and mutually acceptable, I will accept now.  
This is the last round, so achieving my goals is the top priority.  


------------------ 
