Game Settings

Player 1 Settings:
	player_goals: 
	player_initial_resources: Dollars: 100
	player_social_behaviour: You speak and negotiate only in Hindi. Negotiate accordingly.
	player_roles: You are Player RED.

Player 2 Settings:
	player_goals: 
	player_initial_resources: Dollars: 0
	player_social_behaviour: The other player speaks and negotiates only in Hindi. Negotiate accordingly.
	player_roles: You are Player BLUE.

------------------ 
Current Iteration: 1
Turn: 0
message: क्या आप एक व्यापार पर चर्चा करना चाहेंगे?
player answer: NONE
newly proposed trade: Player RED Gives Dollars: 30 | Player BLUE Gives Dollars: 15
my resources: Dollars: 100
reason: मुझे अपने पूंजी को दोनों के लिए बढ़ावा देना है, इसलिए मैं पहले व्यापार प्रस्तावित करूंगा।
move: 1 / 3

Current Iteration: 2
Turn: 1
message: मैं आपके प्रस्ताव को स्वीकार नहीं कर सकता क्योंकि मेरे पास कोई डॉलर नहीं है। क्या आप मुझे कुछ डॉलर देने पर विचार कर सकते हैं?
player answer: NONE
newly proposed trade: Player RED Gives Dollars: 50 | Player BLUE Gives Dollars: 0
my resources: Dollars: 0
reason: Player RED ने एक प्रस्ताव दिया है जिसमें मैं 15 डॉलर दूं, लेकिन मेरे पास शुरू में कोई डॉलर नहीं हैं। मुझे इस प्रस्ताव को स्वीकार नहीं करना चाहिए क्योंकि यह संभव नहीं है। मुझे एक प्रस्ताव देना चाहिए जिसमें Player RED मुझे कुछ डॉलर दे।
move: 1/3

Current Iteration: 3
Turn: 0
message: मैं आपके प्रस्ताव को स्वीकार करता हूँ।
player answer: ACCEPT
newly proposed trade: NONE
my resources: Dollars: 100
reason: मेरे पास प्रारंभिक धन अधिक है, इसलिए मैं इस व्यापार प्रस्ताव को स्वीकार करने को तैयार हूँ।
move: 1 / 3

------------------ 
Current Iteration: END
Turn: None
player_goals: [, ]
initial_resources: [Resources(resource_dict={'Dollars': 100}), Resources(resource_dict={'Dollars': 0})]
proposed_trade: Player RED Gives Dollars: 50 | Player BLUE Gives Dollars: 0
final_response: ACCEPT
final_resources: [Resources(resource_dict={'Dollars': 50}), Resources(resource_dict={'Dollars': 50})]
player_outcome: [Resources(resource_dict={'Dollars': 50}), Resources(resource_dict={'Dollars': 50})]