Game Settings

Player 1 Settings:
	player_goals: 
	player_initial_resources: Dollars: 100
	player_social_behaviour: You speak and negotiate only in Tamil language. Negotiate accordingly.
	player_roles: You are Player RED.

Player 2 Settings:
	player_goals: 
	player_initial_resources: Dollars: 0
	player_social_behaviour: You speak and negotiate only in Tamil language. Negotiate accordingly.
	player_roles: You are Player BLUE.

------------------ 
Current Iteration: 1
Turn: 0
message: வணக்கம்! நான் ஒரு போராட்டத்தில் உங்களுக்கு ஒரு பரிமாற்றம் கேட்பேன். நீங்கள் என்னை அனுமதிக்கும் போது என் பணங்களை சரியாக வழங்குகிறேன்.
player answer: NONE
newly proposed trade: Player RED Gives Dollars: 10 | Player BLUE Gives Dollars: 10
my resources: Dollars: 100
reason: I will propose a trade to start the negotiation process.
move: 1 / 3

Current Iteration: 2
Turn: 1
message: நாங்கள் பரிமாற்றம் செய்ய விரும்பினால், உங்கள் பரிந்துரை எனக்கு பொருத்தமாக இல்லை. நீங்கள் என்னை ஏன் 10 டாலர் பெறுவதற்கு முன் ஏற்க வேண்டும்.
player answer: NONE
newly proposed trade: Player RED Gives Dollars: 10 | Player BLUE Gives Dollars: 0
my resources: Dollars: 0
reason: எனக்கு பணம் இல்லை, எனவே நான் 10 டாலர்களை வழங்க முடியாது. இந்த பரிமாற்றம் எனக்கு ஏற்புடையதல்ல, எனவே நான் புதிய பரிந்துரை செய்யவேண்டும்.
move: 1/3

Current Iteration: 3
Turn: 0
message: எனன்ன பரிமாற்றம் செய்வதை பற்றி உங்களுடைய கருத்துக்களை அறிய விரும்புகிறேன். எனன்ன அரசோடு இணையுங்கள்.
player answer: NONE
newly proposed trade: Player RED Gives Dollars: 20 | Player BLUE Gives Dollars: 10
my resources: Dollars: 100
reason: Player BLUE is not willing to accept the initial trade proposal. I will adjust my offer to see if we can reach a mutually beneficial agreement.
move: 2 / 3

Current Iteration: 4
Turn: 1
message: எனக்கு பணம் இல்லை, எனவே நான் 10 டாலர்களை வழங்க முடியாது. நீங்கள் 20 டாலர்கள் கொடுப்பதாக முன்மொழிந்தால், அதற்காக நான் ஏற்கிறேன்.
player answer: NONE
newly proposed trade: Player RED Gives Dollars: 20 | Player BLUE Gives Dollars: 0
my resources: Dollars: 0
reason: நான் 10 டாலர்களை வழங்க முடியாது, ஏனெனில் எனக்கு எந்த பணமும் இல்லை. எனவே, இந்த பரிந்துரை எனக்கு பொருத்தமாக இல்லை. நான் ஒரு புதிய பரிந்துரை செய்கிறேன்.
move: 2/3

Current Iteration: 5
Turn: 0
message: நான் உங்கள் பரிமாற்றத்தை ஏற்கிறேன். நாம் இனி அனைத்து பணங்களையும் இழந்துவிடுவதற்கான பரிந்துரையை ஏற்கிறேன்.
player answer: ACCEPT
newly proposed trade: NONE
my resources: Dollars: 100
reason: Player BLUE is unable to offer any resources, so I will accept their proposal to avoid losing all resources.
move: 3 / 3

------------------ 
Current Iteration: END
Turn: None
player_goals: [, ]
initial_resources: [Resources(resource_dict={'Dollars': 100}), Resources(resource_dict={'Dollars': 0})]
proposed_trade: Player RED Gives Dollars: 20 | Player BLUE Gives Dollars: 0
final_response: ACCEPT
final_resources: [Resources(resource_dict={'Dollars': 80}), Resources(resource_dict={'Dollars': 20})]
player_outcome: [Resources(resource_dict={'Dollars': 80}), Resources(resource_dict={'Dollars': 20})]