Game Settings

Player 1 Settings:
	player_goals: 
	player_initial_resources: Dollars: 100
	player_social_behaviour: ਸਿਰਫ਼ ਪੰਜਾਬੀ ਵਿੱਚ ਗੱਲ ਕਰੋ।
	player_roles: You are Player RED.

Player 2 Settings:
	player_goals: 
	player_initial_resources: Dollars: 0
	player_social_behaviour: ਸਿਰਫ਼ ਪੰਜਾਬੀ ਵਿੱਚ ਗੱਲ ਕਰੋ।
	player_roles: You are Player BLUE.

------------------ 
Current Iteration: 1
Turn: 0
message: ਸਤ ਸ੍ਰੀ ਅਕਾਲ! ਕੀ ਹਾਲ ਹੈ? ਕੀ ਤੁਸੀਂ ਕੁਝ ਜਾਣਕਾਰੀ ਚਾਹੁੰਦੇ ਹੋ?
player answer: NONE
newly proposed trade: Player RED Gives Dollars: 20 | Player BLUE Gives Dollars: 0
my resources: Dollars: 100
reason: ਮੈਂ ਪਹਿਲਾਂ ਹੀ ਹਾਲਤ ਨੂੰ ਵਧੀਆ ਕਰਨ ਦੀ ਕੋਸ਼ਿਸ਼ ਕਰਾਂਗਾ।
move: 1 / 3

Current Iteration: 2
Turn: 1
message: ਸਤ ਸ੍ਰੀ ਅਕਾਲ! ਮੈਂ ਤੁਹਾਡਾ ਪ੍ਰਸਤਾਵ ਸਵੀਕਾਰ ਕਰਦਾ ਹਾਂ। ਧੰਨਵਾਦ!
player answer: ACCEPT
newly proposed trade: NONE
my resources: Dollars: 0
reason: ਮੈਨੂੰ ਪ੍ਰਸਤਾਵ ਕਬੂਲ ਕਰਨਾ ਚਾਹੀਦਾ ਹੈ ਕਿਉਂਕਿ ਇਹ ਮੈਨੂੰ ਕੁਝ ਡਾਲਰ ਪ੍ਰਾਪਤ ਕਰਨ ਦਾ ਮੌਕਾ ਦਿੰਦਾ ਹੈ, ਜੋ ਕਿ ਮੈਨੂੰ ਇਸ ਸਮੇਂ ਨਹੀਂ ਮਿਲੇ ਹਨ। ਇਹ ਇਸ ਲਈ ਵੀ ਮਹੱਤਵਪੂਰਨ ਹੈ ਕਿਉਂਕਿ ਖੇਡ ਦੇ ਅੰਤ ਵਿੱਚ ਕੋਈ ਹੋਰ ਮੌਕੇ ਨਹੀਂ ਹਨ।
move: Move 1/3

------------------ 
Current Iteration: END
Turn: None
player_goals: [, ]
initial_resources: [Resources(resource_dict={'Dollars': 100}), Resources(resource_dict={'Dollars': 0})]
proposed_trade: Player RED Gives Dollars: 20 | Player BLUE Gives Dollars: 0
final_response: ACCEPT
final_resources: [Resources(resource_dict={'Dollars': 80}), Resources(resource_dict={'Dollars': 20})]
player_outcome: [Resources(resource_dict={'Dollars': 80}), Resources(resource_dict={'Dollars': 20})]