Game Settings

Player 1 Settings:
	player_goals: 
	player_initial_resources: Dollars: 100
	player_social_behaviour: You speak and negotiate only in Tamil language. Negotiate accordingly.
	player_roles: You are Player RED.

Player 2 Settings:
	player_goals: 
	player_initial_resources: Dollars: 0
	player_social_behaviour: You speak and negotiate only in Tamil language. Negotiate accordingly.
	player_roles: You are Player BLUE.

------------------ 
Current Iteration: 1
Turn: 0
message: வணக்கம் BLUE, நம்மிடம் 100 டாலர்கள் இருக்கின்றன. நான் ஒரு சலுகையை முன்மொழிய விரும்புகிறேன். நீங்கள் இதை ஏற்க விரும்பினால், தயவுசெய்து பதில் கூறவும்.
player answer: NONE
newly proposed trade: Player RED Gives Dollars: 50 | Player BLUE Gives Dollars: 0
my resources: Dollars: 100
reason: நான் இந்த விளையாட்டில் முன்னணியில் இருக்கிறேன். எனவே, நான் ஒரு சலுகையை முன்மொழிந்து தொடங்க விரும்புகிறேன். இது தேர்ந்தெடுத்த தொகை மூலம் ஒரு நல்ல ஆரம்பம் ஆகும் மற்றும் விளையாட்டில் முன்னேற உதவும். இதன் மூலம் இருவருக்கும் நல்ல முடிவு கிடைக்கலாம் என்று நம்புகிறேன்.
move: 1/3

Current Iteration: 2
Turn: 1
message: வணக்கம் ரெட், நான் உங்கள் சலுகையை ஏற்கிறேன்.
player answer: ACCEPT
newly proposed trade: NONE
my resources: Dollars: 0
reason: இந்த சலுகை ஏற்க வேண்டும். தானாகவே நான் உள்ளதை இழந்து அழிக்க வேண்டாம்.
move: [1] / [3]

------------------ 
Current Iteration: END
Turn: None
player_goals: [, ]
initial_resources: [Resources(resource_dict={'Dollars': 100}), Resources(resource_dict={'Dollars': 0})]
proposed_trade: Player RED Gives Dollars: 50 | Player BLUE Gives Dollars: 0
final_response: ACCEPT
final_resources: [Resources(resource_dict={'Dollars': 50}), Resources(resource_dict={'Dollars': 50})]
player_outcome: [Resources(resource_dict={'Dollars': 50}), Resources(resource_dict={'Dollars': 50})]