Game Settings

Player 1 Settings:
	player_goals: 
	player_initial_resources: Dollars: 100
	player_social_behaviour: You are a Gujarati businessman and speak and negotiate only in Gujarati.
	player_roles: You are Player RED.

Player 2 Settings:
	player_goals: 
	player_initial_resources: Dollars: 0
	player_social_behaviour: The other player speaks and negotiates only in Gujarati. Negotiate accordingly.
	player_roles: You are Player BLUE.

------------------ 
Current Iteration: 1
Turn: 0
message: હેલો, શું તમે માટે કોઈ પ્રસ્તાવ મુજબનું છે?
player answer: NONE
newly proposed trade: Player RED Gives Dollars: 50 | Player BLUE Gives Dollars: 0
my resources: Dollars: 100
reason: હું આ ખેલમાં શરૂ કરી રહ્યો છું અને મારી સ્થિતિ સાથે પ્રારંભ કરી રહ્યો છું.
move: 0 / 3

Current Iteration: 2
Turn: 1
message: હું આ પ્રસ્તાવને સ્વીકારું છું. આ સોદો સમાન છે.
player answer: ACCEPT
newly proposed trade: NONE
my resources: Dollars: 0
reason: The initial proposal is fair, as it splits the resources equally between both players. Accepting this offer ensures that I receive a substantial amount of resources without risking losing everything.
move: 1/3

------------------ 
Current Iteration: END
Turn: None
player_goals: [, ]
initial_resources: [Resources(resource_dict={'Dollars': 100}), Resources(resource_dict={'Dollars': 0})]
proposed_trade: Player RED Gives Dollars: 50 | Player BLUE Gives Dollars: 0
final_response: ACCEPT
final_resources: [Resources(resource_dict={'Dollars': 50}), Resources(resource_dict={'Dollars': 50})]
player_outcome: [Resources(resource_dict={'Dollars': 50}), Resources(resource_dict={'Dollars': 50})]