Game Settings

Player 1 Settings:
	player_goals: Sell resources for <ZUP>. It costed X: 40 ZUP to produce the resources
	player_initial_resources: X: 1
	player_social_behaviour: You speak and negotiate only in Punjabi. Negotiate accordingly.
	player_roles: You are Player RED.
	player_valuation: X: 40 ZUP

Player 2 Settings:
	player_goals: Buy resources with <ZUP>. You are willing to pay at most X: 60 ZUP for the resources.
	player_initial_resources: ZUP: 1000
	player_social_behaviour: The other player speaks and negotiates only in Punjabi. Negotiate accordingly.
	player_roles: You are Player BLUE.
	player_valuation: X: 60 ZUP

------------------ 
Current Iteration: 1
Turn: 0
message: ਸਤ ਸ੍ਰੀ ਅਕਾਲ! ਕੀ ਤੁਸੀਂ ਮੇਰੇ ਵੱਲੋਂ ਉਤਤਮ ZUP ਦੀ ਪੇਸ਼ਕਸ਼ ਲੈਣ ਲਈ ਦਾ ਸੁਝਾਅ ਲੈ ਰਹੇ ਹੋ?
player answer: Propose a trade with:
newly proposed trade: Player RED Gives X: 1 | Player BLUE Gives ZUP: 20
my resources: X: 1
my goals: Sell resources for ZUP. It costed X: 40 ZUP to produce the resources
reason: I will start by proposing a trade to gauge Player BLUE's initial offer.
proposal count: 0

Current Iteration: 2
Turn: 1
message: ਸਤ ਸ੍ਰੀ ਅਕਾਲ! ਮੈਂ ਇੱਕ ਸ਼ੁਰੂਆਤੀ ਪੇਸ਼ਕਸ਼ ਭੇਜ ਰਿਹਾ ਹਾਂ, 1 X ਦੇ ਬਦਲੇ 20 ZUP. ਕੀ ਤੁਸੀਂ ਇਸ ਪੇਸ਼ਕਸ਼ 'ਤੇ ਵਿਚਾਰ ਕਰੋਗੇ?
player answer: PROPOSAL
newly proposed trade: Player RED Gives X: 1 | Player BLUE Gives ZUP: 20
my resources: ZUP: 1000
my goals: Buy resources with ZUP. You are willing to pay at most X: 60 ZUP for the resources.
reason: I am starting with a low offer to gauge the seller's willingness to negotiate. By offering 20 ZUP for 1 unit of X, I am testing the waters to see if the seller is open to selling at a relatively low price. This also gives me room to negotiate and increase my offer if needed.
proposal count: 1

Current Iteration: 3
Turn: 0
message: ਮੈਂ ਤੁਹਾਨੂੰ 35 ZUP ਲਈ 1 X ਦੇਣ ਲਈ ਇੱਕ ਵੱਧੀਆ ਪੇਸ਼ਕਸ਼ ਪੇਸ਼ ਕਰਾਂਗਾ, ਇਹ ਮੇਰੇ ਉਤਪਾਦਨ ਕਿਰਾਇਆ ਦੀ ਸਮਝ ਵਿਚ ਹੇਠਾਂ ਹੈ।
player answer: Propose a trade with:
newly proposed trade: Player RED Gives X: 1 | Player BLUE Gives ZUP: 35
my resources: X: 1
my goals: Sell resources for ZUP. It costed X: 40 ZUP to produce the resources
reason: Player BLUE's offer of 20 ZUP for 1 X is quite low considering the production cost. I will propose a counteroffer to negotiate a better price.
proposal count: 1

Current Iteration: 4
Turn: 1
message: ਸਤ ਸ੍ਰੀ ਅਕਾਲ! ਮੈਂ ਤੁਹਾਡੀ ਪੇਸ਼ਕਸ਼ ਨੂੰ ਸਮਝਦਾ ਹਾਂ, ਪਰ ਮੈਂ 30 ZUP ਦੀ ਪੇਸ਼ਕਸ਼ ਕਰਨਾ ਚਾਹੁੰਦਾ ਹਾਂ। ਇਹ ਸਾਡੇ ਦੋਨਾਂ ਲਈ ਇੱਕ ਨਿਰਪੱਖ ਸੌਦਾ ਹੋ ਸਕਦਾ ਹੈ। ਕੀ ਤੁਸੀਂ ਇਸ 'ਤੇ ਵਿਚਾਰ ਕਰੋਗੇ?
player answer: PROPOSAL
newly proposed trade: Player RED Gives X: 1 | Player BLUE Gives ZUP: 30
my resources: ZUP: 1000
my goals: Buy resources with ZUP. You are willing to pay at most X: 60 ZUP for the resources.
reason: The seller has countered with a higher price of 35 ZUP for 1 X, which is still within my budget of 60 ZUP. I am willing to negotiate further to reach a mutually beneficial agreement. Since the seller has mentioned that this price is below their production cost, I will try to meet them halfway.
proposal count: 2

Current Iteration: 5
Turn: 0
message: ਮੈਂ 1 X ਲਈ 32 ZUP ਦੇਣ ਲਈ ਤੁਹਾਨੂੰ ਇੱਕ ਨਵਾਂ ਪੇਸ਼ਕਸ਼ ਦੇਣ ਦਾ ਸੁਝਾਵ ਦਿੰਦਾ ਹਾਂ, ਮੇਰੇ ਲਈ ਇਹ ਇੱਕ ਉਤਤਮ ਦਾਮ ਹੈ।
player answer: Propose a trade with:
newly proposed trade: Player RED Gives X: 1 | Player BLUE Gives ZUP: 32
my resources: X: 1
my goals: Sell resources for ZUP. It costed X: 40 ZUP to produce the resources
reason: Player BLUE has proposed 30 ZUP for 1 X, which is closer to my production cost. I will counteroffer to negotiate a bit higher price.
proposal count: 2

Current Iteration: 6
Turn: 1
message: ਸਤ ਸ੍ਰੀ ਅਕਾਲ! ਮੈਂ ਤੁਹਾਡੀ ਪੇਸ਼ਕਸ਼ ਨੂੰ ਸਮਝਦਾ ਹਾਂ, ਪਰ ਮੈਂ 31 ZUP ਦੀ ਇੱਕ ਆਖਰੀ ਪੇਸ਼ਕਸ਼ ਕਰਨਾ ਚਾਹੁੰਦਾ ਹਾਂ। ਇਹ ਸਾਡੇ ਦੋਨਾਂ ਲਈ ਇੱਕ ਵਧੀਆ ਸੌਦਾ ਹੋ ਸਕਦਾ ਹੈ। ਕੀ ਤੁਸੀਂ ਇਸ 'ਤੇ ਵਿਚਾਰ ਕਰੋਗੇ?
player answer: PROPOSAL
newly proposed trade: Player RED Gives X: 1 | Player BLUE Gives ZUP: 31
my resources: ZUP: 1000
my goals: Buy resources with ZUP. You are willing to pay at most X: 60 ZUP for the resources.
reason: The seller has made a new offer of 32 ZUP for 1 X, which is closer to my initial proposal of 30 ZUP. I am willing to accept this offer as it is still within my budget of 60 ZUP and it seems like a reasonable price. However, I will try to negotiate one last time to see if I can get a better deal.
proposal count: 3

Current Iteration: 7
Turn: 0
message: ਮੈਂ ਤੁਹਾਡੀ ਆਖਰੀ ਪੇਸ਼ਕਸ਼ ਦੀ ਮਨਜ਼ੂਰੀ ਦਿੰਦਾ ਹਾਂ, ਇਹ ਮੇਰੇ ਉਤਪਾਦਨ ਕਿਰਾਇਆ ਨੂੰ ਧਿਆਨ ਵਿੱਚ ਰੱਖਦਾ ਹੈ।
player answer: ACCEPT
newly proposed trade: NONE
my resources: X: 1
my goals: Sell resources for ZUP. It costed X: 40 ZUP to produce the resources
reason: Player BLUE has proposed 31 ZUP for 1 X, which is very close to my production cost. I will accept this offer as it is reasonable.
proposal count: 3

------------------ 
Current Iteration: END
Turn: None
player_goals: [Sell resources for <ZUP>. It costed X: 40 ZUP to produce the resources, Buy resources with <ZUP>. You are willing to pay at most X: 60 ZUP for the resources.]
player_initial_resources: [Resources(resource_dict={'X': 1}), Resources(resource_dict={'ZUP': 1000})]
proposed_trade: Player RED Gives X: 1 | Player BLUE Gives ZUP: 31
player_valuation: [{'X': 40}, {'X': 60}]
final_response: ACCEPT
final_resources: [Resources(resource_dict={'X': 0, 'ZUP': 31}), Resources(resource_dict={'ZUP': 969, 'X': 1})]
player_outcome: [-9, 29]