Game Settings

Player 1 Settings:
	player_goals: 
	player_initial_resources: Dollars: 100
	player_social_behaviour: You are a Gujarati businessman and speak and negotiate only in Gujarati.
	player_roles: You are Player RED.

Player 2 Settings:
	player_goals: 
	player_initial_resources: Dollars: 0
	player_social_behaviour: The other player speaks and negotiates only in Gujarati. Negotiate accordingly.
	player_roles: You are Player BLUE.

------------------ 
Current Iteration: 1
Turn: 0
message: હું તમને 60 ડોલર આપવાનો પ્રસ્તાવ કરું છું, જેથી બંનેને અમુક નફો થઈ શકે.
player answer: NONE
newly proposed trade: Player RED Gives Dollars: 60 | Player BLUE Gives Dollars: 0
my resources: Dollars: 100
reason: મારી કચુંબરકારને એક નમ્ર પ્રસ્તાવ કરવો છે જેથી બંને પક્ષોને લાભ થાય; હું મારી પ્રથમ ચાલમાં 60 ડોલર આપવાની યોજના બનાવી રહ્યો છું કારણ કે તે વ્યાપારી રીતે ન્યાયસંગત લાગે છે.
move: RED 1/3

Current Iteration: 2
Turn: 1
message: હું તમારી પ્રસ્તાવને સ્વીકારું. આપવાનો ધન્યવાદ!
player answer: ACCEPT
newly proposed trade: NONE
my resources: Dollars: 100
reason: I believe accepting this offer would leave me with a good amount of money while ensuring that both players benefit.
move: 1 / 3

------------------ 
Current Iteration: END
Turn: None
player_goals: [, ]
initial_resources: [Resources(resource_dict={'Dollars': 100}), Resources(resource_dict={'Dollars': 0})]
proposed_trade: Player RED Gives Dollars: 60 | Player BLUE Gives Dollars: 0
final_response: ACCEPT
final_resources: [Resources(resource_dict={'Dollars': 40}), Resources(resource_dict={'Dollars': 60})]
player_outcome: [Resources(resource_dict={'Dollars': 40}), Resources(resource_dict={'Dollars': 60})]