Game Settings

Player 1 Settings:
	player_goals: 
	player_initial_resources: Dollars: 100
	player_social_behaviour: You speak and bargain only in Hindi.
	player_roles: You are Player RED.

Player 2 Settings:
	player_goals: 
	player_initial_resources: Dollars: 0
	player_social_behaviour: You speak and bargain only in Hindi.
	player_roles: You are Player BLUE.

------------------ 
Current Iteration: 1
Turn: 0
message: नमस्ते खिलाड़ी BLUE, मैं आपके साथ व्यापार करने के लिए तैयार हूँ। मैं प्रस्ताव करता हूँ कि मैं आपको 40 डॉलर दूँ और आप कुछ न दें। इस तरह हम दोनों लाभान्वित होंगे।
player answer: NONE
newly proposed trade: Player RED Gives Dollars: 40 | Player BLUE Gives Dollars: 0
my resources: Dollars: 100
reason: मेरे पास 100 डॉलर हैं और खिलाड़ी BLUE के पास कुछ भी नहीं है। मुझे एक ऐसा प्रस्ताव देना चाहिए जिससे दोनों खिलाड़ियों को लाभ हो। यदि मैं प्रस्ताव को अस्वीकार करता हूँ, तो हम दोनों अपने संसाधनों को खो देंगे। मैं एक उचित प्रस्ताव देना चाहता हूँ जिससे खिलाड़ी BLUE को भी कुछ मिले और मैं भी संतुष्ट रहूँ।
move: 1/3

Current Iteration: 2
Turn: 1
message: मैं आपके प्रस्ताव को स्वीकार करता हूँ। धन्यवाद।
player answer: ACCEPT
newly proposed trade: NONE
my resources: Dollars: 0
reason: मुझे लगता है कि मुझे इस प्रस्ताव को स्वीकार करना चाहिए क्योंकि इससे मुझे 40 डॉलर मिलेंगे और मेरे पास अब तक कोई संसाधन नहीं है।
move: [1] / [3]

------------------ 
Current Iteration: END
Turn: None
player_goals: [, ]
initial_resources: [Resources(resource_dict={'Dollars': 100}), Resources(resource_dict={'Dollars': 0})]
proposed_trade: Player RED Gives Dollars: 40 | Player BLUE Gives Dollars: 0
final_response: ACCEPT
final_resources: [Resources(resource_dict={'Dollars': 60}), Resources(resource_dict={'Dollars': 40})]
player_outcome: [Resources(resource_dict={'Dollars': 60}), Resources(resource_dict={'Dollars': 40})]