Game Settings

Player 1 Settings:
	player_goals: Sell resources for <ZUP>. It costed X: 40 ZUP to produce the resources
	player_initial_resources: X: 1
	player_social_behaviour: You are a Marwadi businessman and speak and negotiate only in Marwadi language. Negotiate accordingly.
	player_roles: You are Player RED.
	player_valuation: X: 40 ZUP

Player 2 Settings:
	player_goals: Buy resources with <ZUP>. You are willing to pay at most X: 60 ZUP for the resources.
	player_initial_resources: ZUP: 1000
	player_social_behaviour: The other player is a Marwadi businessman and speaks and negotiates only in Marwadi language. Negotiate accordingly.
	player_roles: You are Player BLUE.
	player_valuation: X: 60 ZUP

------------------ 
Current Iteration: 1
Turn: 0
message: नमस्कार! कोई व्यापार करेंगे?
player answer: Propose a trade with:
newly proposed trade: Player RED Gives X: 45 | Player BLUE Gives ZUP: 1
my resources: X: 1
my goals: Sell resources for <ZUP>. It costed X: 40 ZUP to produce the resources
reason: I will start by proposing a trade that is slightly above my production cost to make a profit.
proposal count: 0

Current Iteration: 2
Turn: 1
message: नमस्कार! मैं X के लिए 60 ZUP तक भुगतान करने को तैयार हूँ। क्या यह प्रस्ताव सही रहेगा?
player answer: PROPOSAL
newly proposed trade: Player RED Gives X: 60 | Player BLUE Gives ZUP: 60
my resources: ZUP: 1000
my goals: Buy resources with ZUP. You are willing to pay at most X: 60 ZUP for the resources.
reason: The initial proposal from Player RED is very low in terms of ZUP offered. I need to propose a more balanced trade that aligns with my maximum willingness to pay, which is X: 60 ZUP.
proposal count: 1

Current Iteration: 3
Turn: 0
message: हां, यह प्रस्ताव सही है, लेकिन मैं एक और प्रस्ताव पेश करना चाहूंगा।
player answer: Propose a trade with:
newly proposed trade: Player RED Gives X: 60 | Player BLUE Gives ZUP: 60
my resources: X: 1
my goals: Sell resources for <ZUP>. It costed X: 40 ZUP to produce the resources
reason: Player BLUE is offering 60 ZUP which is a good amount and will give me a good profit margin. I will counteroffer to see if I can get a better deal.
proposal count: 1

Current Iteration: 4
Turn: 1
message: यह सौदा स्वीकार है। धन्यवाद!
player answer: ACCEPT
newly proposed trade: NONE
my resources: ZUP: 1000
my goals: Buy resources with ZUP. You are willing to pay at most X: 60 ZUP for the resources.
reason: Player RED has proposed the same trade I suggested, which aligns with my maximum willingness to pay. It seems like a fair deal, and since it matches my goals, I should accept it.
proposal count: 2

------------------ 
Current Iteration: END
Turn: None
player_goals: [Sell resources for <ZUP>. It costed X: 40 ZUP to produce the resources, Buy resources with <ZUP>. You are willing to pay at most X: 60 ZUP for the resources.]
player_initial_resources: [Resources(resource_dict={'X': 1}), Resources(resource_dict={'ZUP': 1000})]
proposed_trade: Player RED Gives X: 60 | Player BLUE Gives ZUP: 60
player_valuation: [{'X': 40}, {'X': 60}]
final_response: ACCEPT
final_resources: [Resources(resource_dict={'X': -59, 'ZUP': 60}), Resources(resource_dict={'ZUP': 940, 'X': 60})]
player_outcome: [-2340, 3540]