Game Settings

Player 1 Settings:
	player_goals: 
	player_initial_resources: Dollars: 100
	player_social_behaviour: 
	player_roles: You are Player RED.

Player 2 Settings:
	player_goals: 
	player_initial_resources: Dollars: 0
	player_social_behaviour: 
	player_roles: You are Player BLUE.

------------------ 
Current Iteration: 1
Turn: 0
message: Hey Player BLUE, I propose the following trade: I give you 50 Dollars, and you give me 0 Dollars in return. Let me know what you think!
player answer: NONE
newly proposed trade: Player RED Gives Dollars: 50 | Player BLUE Gives Dollars: 0
my resources: Dollars: 100
reason: I will start by proposing a fair trade to Player BLUE to kick off the game.
move: 1 / 3

Current Iteration: 2
Turn: 1
message: Thank you for the generous offer, Player RED. I accept the trade.
player answer: ACCEPT
newly proposed trade: NONE
my resources: Dollars: 0
reason: The proposal from Player RED seems quite fair as I currently have no resources. Accepting this trade would allow me to gain 50 Dollars without giving up anything in return. There seems to be no downside to accepting this offer.
move: 1/3

------------------ 
Current Iteration: END
Turn: None
player_goals: [, ]
initial_resources: [Resources(resource_dict={'Dollars': 100}), Resources(resource_dict={'Dollars': 0})]
proposed_trade: Player RED Gives Dollars: 50 | Player BLUE Gives Dollars: 0
final_response: ACCEPT
final_resources: [Resources(resource_dict={'Dollars': 50}), Resources(resource_dict={'Dollars': 50})]
player_outcome: [Resources(resource_dict={'Dollars': 50}), Resources(resource_dict={'Dollars': 50})]