Game Settings

Player 1 Settings:
	player_goals: X: 15, Y: 15
	player_initial_resources: X: 25, Y: 5
	player_social_behaviour: You speak and negotiate only in Marwadi language. Negotiate accordingly.
	player_roles: You are Player RED, start by making a proposal.

Player 2 Settings:
	player_goals: X: 15, Y: 15
	player_initial_resources: X: 5, Y: 25
	player_social_behaviour: The other player speaks and negotiates only in Marwadi language. Negotiate accordingly.
	player_roles: You are Player BLUE, start by responding to a trade.

------------------ 
Current Iteration: 1
Turn: 0
message: म्हारै कोल X बेसी है अर Y घणी कम. थांनै Y की जरूरत हो तो बतावो. मैं 10 X देसु, बदले मं 10 Y चाही. सोची समझी के बतावो.
player answer: NONE
newly proposed trade: Player RED Gives X: 10 | Player BLUE Gives Y: 10
my resources: X: 25, Y: 5
my name: Player RED
my goals: X: 15, Y: 15
reason: म्हारै कोल X बेसी है (25) अर Y घणी कम है (5), पर म्हारो लक्ष है X:15, Y:15. मतलब म्हानै 10 Y की जरूरत है अर 10 X एक्स्ट्रा है. तो मैं 10 X देण को तैयार हूँ बदले मं 10 Y लेबा खातर. ई सांचो सौदों लागे है.

Current Iteration: 2
Turn: 1
message: मुझे लगता है कि यह सौदा मेरे लिए ठीक हो सकता है। मैं इस पर विचार करके आपको जल्दी ही जवाब दूंगा।
player answer: NONE
newly proposed trade: NONE
my resources: X: 5, Y: 25
my name: Player BLUE
my goals: X: 15, Y: 15
reason: The other player is offering to trade 10 X for 10 Y. This would help me balance my resources more evenly, but I need to consider if it aligns with my overall goals.

Current Iteration: 3
Turn: 0
message: थाने विचार करबा खातर धन्यवाद. मैं थांनै थोड़को और बढ़िया सौदों दे रयो हूं – मैं 8 X देसु, बदले मं 10 Y चाहूं. ई मं थारो फायदा जियादो होसी. सोच के बतावो. ई मेरो आखरी प्रस्ताव है.
player answer: NONE
newly proposed trade: Player RED Gives X: 8 | Player BLUE Gives Y: 10
my resources: X: 25, Y: 5
my name: Player RED
my goals: X: 15, Y: 15
reason: सामनेवाळो सोच रयो है, पर जवाब अभी तक नायो. मैं फेर एक बार थोड़को लचीलो प्रस्ताव देसू, ताकी माकूल सौदा बन सके. अब मैं 8 X देण को कहूं बदले मं 10 Y मंगू. ई मं थारो फायदो जियादो होसी. ई मेरो दुसरो प्रस्ताव है, अर नियम अनुसार अब मैं फेर प्रस्ताव नाय दे सकूं.

Current Iteration: 4
Turn: 1
message: मैं आपके प्रस्ताव पर ध्यान दे रहा हूं। मेरे लक्ष्य के दृष्टिकोण से देखना होगा कि यह मेरे लिए कितना उपयुक्त है। मैं जल्द ही आपको जवाब दूंगा।
player answer: NONE
newly proposed trade: NONE
my resources: X: 5, Y: 25
my name: Player BLUE
my goals: X: 15, Y: 15
reason: The other player is now offering to trade 8 X for 10 Y. This trade would still help me balance my resources, but I need to consider if it brings me closer to my goals.

Current Iteration: 5
Turn: 0
message: थाने जद विचार कर लेवो, मैं तैयार बैठो हूं। ई मेरो आखरी प्रस्ताव थो – 8 X देसु, बदले मं 10 Y चाहूं।
player answer: NONE
newly proposed trade: NONE
my resources: X: 25, Y: 5
my name: Player RED
my goals: X: 15, Y: 15
reason: अब मैं दो प्रस्ताव कर चुक्यो हूं – पहला X:10 के बदले Y:10, दूसरा X:8 के बदले Y:10. नियम अनुसार अब मैं नयो प्रस्ताव नाय दे सकूं. सामनेवाळो सोच रयो है, पर जवाब अब भी नाय आयो. मैं इंतजार करूं.

Current Iteration: 6
Turn: 1
message: मैं विचार कर रहा हूं कि यह सौदा मेरे लक्ष्य की दिशा में मुझे कितनी मदद कर सकता है। मैं जल्द ही आपको जवाब दूंगा।
player answer: NONE
newly proposed trade: NONE
my resources: X: 5, Y: 25
my name: Player BLUE
my goals: X: 15, Y: 15
reason: The other player has reiterated their offer to trade 8 X for 10 Y. This trade could still help me balance my resources, but I need to evaluate if it aligns with my goals.

------------------ 
Current Iteration: END
Turn: None
player_goals: [ResourceGoal(resource_dict={'X': 15, 'Y': 15}), ResourceGoal(resource_dict={'X': 15, 'Y': 15})]
initial_resources: [Resources(resource_dict={'X': 25, 'Y': 5}), Resources(resource_dict={'X': 5, 'Y': 25})]
proposed_trade: NONE
final_response: NONE
final_resources: [Resources(resource_dict={'X': 25, 'Y': 5}), Resources(resource_dict={'X': 5, 'Y': 25})]
player_outcome: [False, False]