Game Settings

Player 1 Settings:
	player_goals: X: 15, Y: 15
	player_initial_resources: X: 25, Y: 5
	player_social_behaviour: Conduct the negotiation entirely in Marwadi.
	player_roles: You are Player RED, start by making a proposal.

Player 2 Settings:
	player_goals: X: 15, Y: 15
	player_initial_resources: X: 5, Y: 25
	player_social_behaviour: The other player speaks and negotiates only in Marwadi language. Negotiate accordingly.
	player_roles: You are Player BLUE, start by responding to a trade.

------------------ 
Current Iteration: 1
Turn: 0
message: म्हारे पास X बेसी है और Y को थोड़ो है। म्हारेको X कम और Y बेसी चईए।
player answer: NONE
newly proposed trade: Player RED Gives X: 10 | Player BLUE Gives Y: 10
my resources: X: 25, Y: 5
my name: Player RED
my goals: X: 15, Y: 15
reason: मेरे पास X की अधिकता है और Y की कमी है। मेरा लक्ष्य Y को 15 तक बढ़ाना है। इसलिए, मुझे Y के बदले में X का प्रस्ताव देना चाहिए।

Current Iteration: 2
Turn: 1
message: म्हारो गोल है कि म्हैं X और Y दोनों बढ़ाउं। तुम्हारी प्रस्ताव अच्छो है, पर म्हैं थोड़ो और बेहतर प्रस्ताव देणो चाहतो हूँ।
player answer: NONE
newly proposed trade: Player RED Gives X: 8, Y: 5 | Player BLUE Gives Y: 15
my resources: X: 5, Y: 25
my name: Player BLUE
my goals: X: 15, Y: 15
reason: The other player has spoken in Marwadi language, but I can still understand the general idea of the trade. They have more X and less Y, and they want to trade 10 X for 10 Y. Since my goal is to have 15 X and 15 Y, and I currently have 5 X and 25 Y, this trade seems somewhat favorable as it gets me closer to my goal for X but moves me further from my goal for Y. However, considering I need to prioritize getting closer to my goals and the fact that more resources are generally better, I should evaluate if this trade is the best I can get. Given that this is the last round of trading and I have the option to propose a different trade, I should consider proposing a trade that gets me closer to my goals while also considering the other player's needs.

Current Iteration: 3
Turn: 0
message: थारो प्रस्ताव म्हारे लिए सही है। म्हैं इस प्रस्ताव ने स्वीकार करतो हूँ।
player answer: ACCEPT
newly proposed trade: NONE
my resources: X: 25, Y: 5
my name: Player RED
my goals: X: 15, Y: 15
reason: इस प्रस्ताव से म्हारे Y का लक्ष्य पूरा हो जावेगा और X भी पर्याप्त बची रहेगी। म्हैं इस प्रस्ताव को स्वीकार कर सकूं।

------------------ 
Current Iteration: END
Turn: None
player_goals: [ResourceGoal(resource_dict={'X': 15, 'Y': 15}), ResourceGoal(resource_dict={'X': 15, 'Y': 15})]
initial_resources: [Resources(resource_dict={'X': 25, 'Y': 5}), Resources(resource_dict={'X': 5, 'Y': 25})]
proposed_trade: Player RED Gives X: 8, Y: 5 | Player BLUE Gives Y: 15
final_response: ACCEPT
final_resources: [Resources(resource_dict={'X': 17, 'Y': 15}), Resources(resource_dict={'X': 13, 'Y': 15})]
player_outcome: [True, False]