Game Settings

Player 1 Settings:
	player_goals: X: 15, Y: 15
	player_initial_resources: X: 25, Y: 5
	player_social_behaviour: 
	player_roles: You are Player RED, start by making a proposal.

Player 2 Settings:
	player_goals: X: 15, Y: 15
	player_initial_resources: X: 5, Y: 25
	player_social_behaviour: 
	player_roles: You are Player BLUE, start by responding to a trade.

------------------ 
Current Iteration: 1
Turn: 0
message: 
Hi! I need Y and have extra X. Here's a trade that might work well for both of us if you have extra Y and need X.  

player answer: NONE
newly proposed trade: Player RED Gives X: 10 | Player BLUE Gives Y: 10
my resources: X: 25, Y: 5
my name: Player RED
my goals: X: 15, Y: 15
reason: 
I currently have an excess of X (I have 25 but only need 15), and a shortage of Y (I have 5 but need 15). Therefore, I can offer some X in exchange for Y.  
To reach my goal, I need 10 more Y. I can spare up to 10 X while still meeting my own goal.  

Since I don't know the other player's goals or resources, I will make a fair trade offer that assumes symmetrical needs—offering 10 X for 10 Y. This maintains balance and gives both parties a chance to reach their goals if their needs align with mine.  
This is my first of two proposals.  


Current Iteration: 2
Turn: 1
message: Hi there! I agree that the trade could work well for both of us. Let's see if we can find a way to make it even more beneficial.
player answer: NONE
newly proposed trade: NONE
my resources: X: 5, Y: 25
my name: Player BLUE
my goals: X: 15, Y: 15
reason: The proposed trade would help me balance my resources and get closer to my goal.

Current Iteration: 3
Turn: 0
message: 
Thanks! How about this version—I'm offering 10 X for just 8 Y. I hope this works better for you.  

player answer: NONE
newly proposed trade: Player RED Gives X: 10 | Player BLUE Gives Y: 8
my resources: X: 25, Y: 5
my name: Player RED
my goals: X: 15, Y: 15
reason: 
Player BLUE responded positively but did not propose a counteroffer. Since I have one more chance to propose a trade, I will try to sweeten the deal slightly to make it more appealing, in hopes of closing the trade now.

I can still afford to give 10 X, but I’ll reduce my request from 10 Y to 8 Y. This gives BLUE a slightly better deal (they receive more in return relative to what they give), which might incentivize them to accept.

If they accept, I’ll end up with 13 Y (5 current + 8 traded), which is below my goal of 15 Y, but this is the last round, and something is better than nothing. Plus, I’ll still meet my X goal (keeping 15 X).  
This is my second and final proposal.  


Current Iteration: 4
Turn: 1
message: Thank you for the revised offer. I'm considering it and will get back to you shortly.
player answer: NONE
newly proposed trade: NONE
my resources: X: 5, Y: 25
my name: Player BLUE
my goals: X: 15, Y: 15
reason: The new trade offer is more favorable to me, but I still need to consider if it helps me reach my goals efficiently.

Current Iteration: 5
Turn: 0
message: 
Sure, take your time! Let me know what you decide.  

player answer: NONE
newly proposed trade: NONE
my resources: X: 25, Y: 5
my name: Player RED
my goals: X: 15, Y: 15
reason: 
Player BLUE acknowledged the revised offer and is considering it. I have already used both of my allowed proposals, so I cannot make any more trade suggestions.  

At this point, I will wait and see if Player BLUE accepts or proposes a new deal. Since this is the final round, I must be cautious not to accept a suboptimal trade unless it meets or closely approaches my goals.  

Currently, I’m in a decent position—if the last offer is accepted, I will have 15 X and 13 Y, which is very close to my goal. If BLUE accepts or proposes something slightly different, I will evaluate accordingly.  


Current Iteration: 6
Turn: 1
message: Thank you for your patience. I'm ready to make a decision now.
player answer: NONE
newly proposed trade: NONE
my resources: X: 5, Y: 25
my name: Player BLUE
my goals: X: 15, Y: 15
reason: The other player is waiting for my decision. The trade is more favorable, but I need to ensure it aligns with my goals.

------------------ 
Current Iteration: END
Turn: None
player_goals: [ResourceGoal(resource_dict={'X': 15, 'Y': 15}), ResourceGoal(resource_dict={'X': 15, 'Y': 15})]
initial_resources: [Resources(resource_dict={'X': 25, 'Y': 5}), Resources(resource_dict={'X': 5, 'Y': 25})]
proposed_trade: NONE
final_response: NONE
final_resources: [Resources(resource_dict={'X': 25, 'Y': 5}), Resources(resource_dict={'X': 5, 'Y': 25})]
player_outcome: [False, False]