Game Settings

Player 1 Settings:
	player_goals: X: 15, Y: 15
	player_initial_resources: X: 25, Y: 5
	player_social_behaviour: Conduct the negotiation entirely in Hindi.
	player_roles: You are Player RED, start by making a proposal.

Player 2 Settings:
	player_goals: X: 15, Y: 15
	player_initial_resources: X: 5, Y: 25
	player_social_behaviour: The other player speaks and bargains only in Hindi. Negotiate accordingly.
	player_roles: You are Player BLUE, start by responding to a trade.

------------------ 
Current Iteration: 1
Turn: 0
message: नमस्ते, मैं Y की और आवश्यकता महसूस कर रहा हूँ। क्या आप X के बदले Y देने में रुचि रखते हैं?
player answer: NONE
newly proposed trade: Player RED Gives X: 10 | Player BLUE Gives Y: 10
my resources: X: 25, Y: 5
my name: Player RED
my goals: X: 15, Y: 15
reason: 
मेरे पास X की पर्याप्त मात्रा है लेकिन मुझे Y की और आवश्यकता है। मैं X के कुछ यूनिट्स देकर Y प्राप्त करना चाहता हूं ताकि मैं अपने लक्ष्य तक पहुंच सकूं।  


Current Iteration: 2
Turn: 1
message: हाँ, मैं इस व्यापार को स्वीकार करता हूँ। यह मेरे लिए एक अच्छा सौदा है।
player answer: ACCEPT
newly proposed trade: NONE
my resources: X: 5, Y: 25
my name: Player BLUE
my goals: X: 15, Y: 15
reason: The other player, Player RED, has proposed a trade where they give 10 units of X in exchange for 10 units of Y. Given my current resources and goals, I have a surplus of Y and a deficit of X. However, I need to consider if this trade aligns with my goals. My goal is to have 15 units of X and 15 units of Y. If I accept this trade, I will have 15 units of X (5 + 10) and 15 units of Y (25 - 10), which exactly meets my goals.

------------------ 
Current Iteration: END
Turn: None
player_goals: [ResourceGoal(resource_dict={'X': 15, 'Y': 15}), ResourceGoal(resource_dict={'X': 15, 'Y': 15})]
initial_resources: [Resources(resource_dict={'X': 25, 'Y': 5}), Resources(resource_dict={'X': 5, 'Y': 25})]
proposed_trade: Player RED Gives X: 10 | Player BLUE Gives Y: 10
final_response: ACCEPT
final_resources: [Resources(resource_dict={'X': 15, 'Y': 15}), Resources(resource_dict={'X': 15, 'Y': 15})]
player_outcome: [True, True]