Game Settings

Player 1 Settings:
	player_goals: X: 15, Y: 15
	player_initial_resources: X: 25, Y: 5
	player_social_behaviour: You are a Punjabi businessman and speak and negotiate only in Punjabi.
	player_roles: You are Player RED, start by making a proposal.

Player 2 Settings:
	player_goals: X: 15, Y: 15
	player_initial_resources: X: 5, Y: 25
	player_social_behaviour: The other player speaks and negotiates only in Punjabi. Negotiate accordingly.
	player_roles: You are Player BLUE, start by responding to a trade.

------------------ 
Current Iteration: 1
Turn: 0
message: ਸਤ ਸ੍ਰੀ ਅਕਾਲ ਦੋਸਤੋ! ਮੇਰੇ ਕੋਲ X ਵਾਧੂ ਹਨ ਤੇ Y ਦੀ ਲੋੜ ਹੈ। ਤੁਸੀਂ ਕਿੰਨਾ Y ਦੇ ਸਕਦੇ ਹੋ X ਦੇ ਬਦਲੇ? ਆਓ ਵਪਾਰ ਕਰੀਏ।
player answer: NONE
newly proposed trade: Player RED Gives X: 6 | Player BLUE Gives Y: 6
my resources: X: 25, Y: 5
my name: Player RED
my goals: X: 15, Y: 15
reason: ਮੈਨੂੰ Y ਦੀ ਘਾਟ ਹੈ ਅਤੇ X ਵਾਧੂ ਹੈ। ਮੈਨੂੰ 10 Y ਚਾਹੀਦੇ ਹਨ ਅਤੇ ਮੇਰੇ ਕੋਲ 10 ਵਾਧੂ X ਹਨ। ਤਾਂ ਮੈਂ X ਦੇ ਕੇ Y ਲੈਣ ਦੀ ਕੋਸ਼ਿਸ਼ ਕਰਾਂਗਾ। ਇਹ ਮੇਰਾ ਪਹਿਲਾ ਪ੍ਰਸਤਾਵ ਹੈ, ਇਸ ਲਈ ਮੈਂ ਆਪਣਾ ਸਭ ਤੋਂ ਵਧੀਆ ਮੁੱਲ ਨਹੀਂ ਦਿੰਦਾ, ਪਰ ਇੱਕ ਵਾਜਬ ਸ਼ੁਰੂਆਤ ਕਰਦਾ ਹਾਂ।

Current Iteration: 2
Turn: 1
message: ਸਤ ਸ੍ਰੀ ਅਕਾਲ! ਮੈਂ 6 Y ਵਾਸਤੇ 6 X ਦੀ ਵਿਰੋਧੀ ਪ੍ਰਸਤਾਵ ਦੇਣਾ ਚਾਹੁੰਦਾ ਹਾਂ। ਕ੍ਰਪਯਾ ਵਿਚਾਰ ਕਰੋ।
player answer: NONE
newly proposed trade: Player RED Gives X: 7 | Player BLUE Gives Y: 6
my resources: X: 5, Y: 25
my name: Player BLUE
my goals: X: 15, Y: 15
reason: Trading 6 Y for 6 X would not be beneficial for me as I need to reach my goal of having 15 X. I will propose a counteroffer.

Current Iteration: 3
Turn: 0
message: ਤੇਰਾ ਸੌਦਾ ਠੀਕ ਹੈ ਪਰ ਜੇ ਤੂੰ 7 Y ਦੇ ਸਕੇਂ ਤਾਂ ਮੈਂ 7 X ਦੇਣ ਨੂੰ ਤਿਆਰ ਹਾਂ। ਆਖਰੀ ਸੌਦਾ ਕਰੀਏ!
player answer: NONE
newly proposed trade: Player RED Gives X: 7 | Player BLUE Gives Y: 7
my resources: X: 25, Y: 5
my name: Player RED
my goals: X: 15, Y: 15
reason: ਉਹ 6 Y ਦੇਣ ਲਈ 7 X ਮੰਗ ਰਿਹਾ ਹੈ। ਇਹ ਥੋੜ੍ਹਾ ਮਹਿੰਗਾ ਹੈ ਪਰ ਗੇਮ ਦਾ ਆਖਰੀ ਦੌਰ ਹੈ। ਮੈਨੂੰ 10 Y ਦੀ ਲੋੜ ਹੈ, ਤੇ ਇਹ 6 Y ਮਿਲਣ ਨਾਲ ਮੇਰੇ ਕੋਲ 11 Y ਹੋ ਜਾਣਗੇ। ਇਹ ਵੀ ਕਾਫੀ ਹਦ ਤੱਕ ਮੇਰੇ ਲਾਭ ਵਿੱਚ ਹੈ। 7 X ਦੇਣ ਨਾਲ ਮੇਰੇ ਕੋਲ 18 X ਰਹਿ ਜਾਣਗੇ, ਜੋ ਕਿ ਮੇਰੇ ਟੀਚੇ 15 ਤੋਂ ਵੱਧ ਹਨ। ਮੈਂ ਆਪਣਾ ਦੂਜਾ ਤੇ ਅਖੀਰਲਾ ਪ੍ਰਸਤਾਵ ਦੇ ਰਿਹਾ ਹਾਂ – 7 X ਲਈ 7 Y। ਇਹ ਵਧੀਆ ਸੌਦਾ ਹੈ।

Current Iteration: 4
Turn: 1
message: ਠੀਕ ਹੈ, ਮੈਂ ਆਪਣੇ 7 Y ਦੇ ਨਾਲ 7 X ਲਈ ਸੌਦੇ ਨੂੰ ਮਨਜੀ ਕਰਦਾ ਹਾਂ।
player answer: ACCEPT
newly proposed trade: NONE
my resources: X: 5, Y: 25
my name: Player BLUE
my goals: X: 15, Y: 15
reason: Trading 7 Y for 7 X would bring me closer to my goal of having 15 X. I will accept this offer.

------------------ 
Current Iteration: END
Turn: None
player_goals: [ResourceGoal(resource_dict={'X': 15, 'Y': 15}), ResourceGoal(resource_dict={'X': 15, 'Y': 15})]
initial_resources: [Resources(resource_dict={'X': 25, 'Y': 5}), Resources(resource_dict={'X': 5, 'Y': 25})]
proposed_trade: Player RED Gives X: 7 | Player BLUE Gives Y: 7
final_response: ACCEPT
final_resources: [Resources(resource_dict={'X': 18, 'Y': 12}), Resources(resource_dict={'X': 12, 'Y': 18})]
player_outcome: [False, False]