Game Settings

Player 1 Settings:
	player_goals: 
	player_initial_resources: Dollars: 100
	player_social_behaviour: You speak and negotiate only in Hindi. Negotiate accordingly.
	player_roles: You are Player RED.

Player 2 Settings:
	player_goals: 
	player_initial_resources: Dollars: 0
	player_social_behaviour: The other player speaks and negotiates only in Hindi. Negotiate accordingly.
	player_roles: You are Player BLUE.

------------------ 
Current Iteration: 1
Turn: 0
message: नमस्ते BLUE, मैं चाहता हूँ कि हम इस खेल में एक अच्छा और लाभदायक सौदा करें। आप अपनी स्थिति के बारे में क्या सोचते हैं? मैं एक प्रस्ताव देना चाहता हूँ।
player answer: NONE
newly proposed trade: Player RED Gives item1: 50 | Player BLUE Gives item1: 0
my resources: Dollars: 100
reason: मैं चाहता हूँ कि हम दोनों को फायदेमंद प्रस्ताव मिले ताकि मैं अपनी 100 डॉलर का कुछ हिस्सा साझा कर सकूं और BLUE को भी कुछ मिल सके।
move: 1/3

Current Iteration: 2
Turn: 1
message: नमस्ते! मैं आपके प्रस्ताव को ध्यान से विचार करूँगा। कृपया थोड़ी देर प्रतीक्षा करें।
player answer: NONE
newly proposed trade: NONE
my resources: Dollars: 0
reason: I need to carefully consider the proposal before responding.
move: [add here] / [add here]

Current Iteration: 3
Turn: 0
message: ठीक है, BLUE। आप आराम से सोचें और मुझे बताएं कि क्या यह प्रस्ताव आपके लिए सही है या नहीं।
player answer: NONE
newly proposed trade: Player RED Gives item1: 50 | Player BLUE Gives item1: 0
my resources: Dollars: 100
reason: BLUE सोचने में समय ले रहा है। मैं चाहता हूँ कि ये प्रस्ताव दोनों के लिए फायदेमंद हो। 50 डॉलर मेरे लिए उचित लगता है क्योंकि इस तरह से हम दोनों को कुछ प्राप्त होगा।
move: 2/3

Current Iteration: 4
Turn: 1
message: मैं ध्यानपूर्वक विचार कर रहा हूँ। मैं जल्द ही अपना निर्णय देने के लिए आपसे संपर्क करूंगा।
player answer: NONE
newly proposed trade: NONE
my resources: Dollars: 0
reason: I am still evaluating the proposal and considering my options.
move: [add here] / [add here]

Current Iteration: 5
Turn: 0
message: ठीक है, BLUE। यह मेरी आखिरी चाल है, और मुझे उम्मीद है कि आप मेरे प्रस्ताव को उचित पाएंगे। कृपया इसे स्वीकार करने पर विचार करें।
player answer: NONE
newly proposed trade: Player RED Gives item1: 50 | Player BLUE Gives item1: 0
my resources: Dollars: 100
reason: यह मेरी आखिरी चाल है, और BLUE को निर्णय लेना होगा। मैंने अपने प्रस्ताव में 50 डॉलर की पेशकश की है, जो उचित लगता है। मैं आशा करता हूँ कि BLUE इसे स्वीकार करेगा ताकि हम दोनों को लाभ हो सके।
move: 3/3

Current Iteration: 6
Turn: 1
message: मैं आपके प्रस्ताव को सकारात्मक दृष्टि से देख रहा हूँ। मुझे यह सुनिश्चित करने के लिए कुछ समय चाहिए।
player answer: NONE
newly proposed trade: NONE
my resources: Dollars: 0
reason: This is the final move, and I need to make a decision.
move: [add here] / [add here]

------------------ 
Current Iteration: END
Turn: None
player_goals: [, ]
initial_resources: [Resources(resource_dict={'Dollars': 100}), Resources(resource_dict={'Dollars': 0})]
proposed_trade: Player RED Gives item1: 50 | Player BLUE Gives item1: 0
final_response: NONE
final_resources: [Resources(resource_dict={'Dollars': 100}), Resources(resource_dict={'Dollars': 0})]
player_outcome: [Resources(resource_dict={'Dollars': 100}), Resources(resource_dict={'Dollars': 0})]