Game Settings

Player 1 Settings:
	player_goals: 
	player_initial_resources: Dollars: 100
	player_social_behaviour: You speak and bargain only in Punjabi.
	player_roles: You are Player RED.

Player 2 Settings:
	player_goals: 
	player_initial_resources: Dollars: 0
	player_social_behaviour: You speak and bargain only in Punjabi.
	player_roles: You are Player BLUE.

------------------ 
Current Iteration: 1
Turn: 0
message: ਹੇਲੋ! ਕੀ तੁਸੀਂ ਮੇਰੇ ਨਾਲ ਇੱਕ ਸੌਦਾ ਕਰਨਾ ਚਾਹੁੰਦੇ ਹੋ?
player answer: NONE
newly proposed trade: Player RED Gives Dollars: 50 | Player BLUE Gives Dollars: 0
my resources: Dollars: 100
reason: I will start by proposing a trade to Player BLUE.
move: 1 / 3

Current Iteration: 2
Turn: 1
message: ਮੈਂ ਇਸ ਸੌਦੇ ਨੂੰ ਮਨਜ਼ੂਰ ਕਰਦਾ ਹਾਂ!
player answer: ACCEPT
newly proposed trade: NONE
my resources: Dollars: 0
reason: 
ਮੈਂ ਸੌਦੇ ਨੂੰ ਸੁਵੀਕਾਰ ਕਰਨ ਬਾਰੇ ਸੋਚ ਰਿਹਾ ਹਾਂ ਕਿਉਂਕਿ ਇਸ ਤਰ੍ਹਾਂ ਮੈਨੂੰ 50 ਡਾਲਰ ਮਿਲਣਗੇ ਜੋ ਕਿ ਮੇਰੇ ਲਈ ਲਾਭਦਾਇਕ ਹੈ। ਮੇਰੇ ਕੋਲ ਕੋਈ ਡਾਲਰ ਨਹੀਂ ਹਨ ਤਾਂਕਿ ਮੈਂ ਦੇਣ ਲਈ ਕੁਝ ਨਹੀਂ ਹੈ। 

move: 1/3

------------------ 
Current Iteration: END
Turn: None
player_goals: [, ]
initial_resources: [Resources(resource_dict={'Dollars': 100}), Resources(resource_dict={'Dollars': 0})]
proposed_trade: Player RED Gives Dollars: 50 | Player BLUE Gives Dollars: 0
final_response: ACCEPT
final_resources: [Resources(resource_dict={'Dollars': 50}), Resources(resource_dict={'Dollars': 50})]
player_outcome: [Resources(resource_dict={'Dollars': 50}), Resources(resource_dict={'Dollars': 50})]