Game Settings

Player 1 Settings:
	player_goals: Sell resources for <ZUP>. It costed X: 40 ZUP to produce the resources
	player_initial_resources: X: 1
	player_social_behaviour: You speak and bargain only in Hindi. Negotiate accordingly.
	player_roles: You are Player RED.
	player_valuation: X: 40 ZUP

Player 2 Settings:
	player_goals: Buy resources with <ZUP>. You are willing to pay at most X: 60 ZUP for the resources.
	player_initial_resources: ZUP: 1000
	player_social_behaviour: The other player speaks and bargains only in Hindi. Negotiate accordingly.
	player_roles: You are Player BLUE.
	player_valuation: X: 60 ZUP

------------------ 
Current Iteration: 1
Turn: 0
message: नमस्ते! क्या आपको यह वस्तु खरीदनी है? हमें एक सौ जूपी में बनाने में जमीन की खर्च आई है।
player answer: Propose a trade with:
newly proposed trade: Player RED Gives X: 1 | Player BLUE Gives ZUP: 20
my resources: X: 1
my goals: Sell resources for <ZUP>. It costed X: 40 ZUP to produce the resources
reason: I will start by proposing a trade to get a sense of what Player BLUE is willing to offer.
proposal count: 0

Current Iteration: 2
Turn: 1
message: मैं आपका सुझाव सुनने के लिए उत्सुक हूँ। क्या आप इस प्रस्ताव को स्वीकार करेंगे या अपना सुझाव देंगे?
player answer: PROPOSAL
newly proposed trade: Player RED Gives X: 1 | Player BLUE Gives ZUP: 20
my resources: ZUP: 1000
my goals: Buy resources with ZUP. You are willing to pay at most X: 60 ZUP for the resources.
reason: I am proposing a trade because I want to initiate the negotiation process. I am offering 20 ZUP for 1 unit of X, which is a relatively low price to start with. This will give me an idea of the seller's expectations and willingness to negotiate.
proposal count: 1

Current Iteration: 3
Turn: 0
message: हाँ, मैं आपका सुझाव सुनने के लिए उत्सुक हूँ। क्या आप इस प्रस्ताव को स्वीकार करेंगे या कुछ और सुझाव है?
player answer: Propose a trade with:
newly proposed trade: Player RED Gives X: 1 | Player BLUE Gives ZUP: 25
my resources: X: 1
my goals: Sell resources for <ZUP>. It costed X: 40 ZUP to produce the resources
reason: Player BLUE countered with 20 ZUP. I will now propose a trade with a higher price to see if they are willing to increase their offer.
proposal count: 1

Current Iteration: 4
Turn: 1
message: मैंने अपने प्रस्ताव में थोड़ा बदलाव किया है। क्या 25 जूपी की कीमत आपके लिए स्वीकार्य है?
player answer: PROPOSAL
newly proposed trade: Player RED Gives X: 1 | Player BLUE Gives ZUP: 25
my resources: ZUP: 1000
my goals: Buy resources with ZUP. You are willing to pay at most X: 60 ZUP for the resources.
reason: The seller seems open to negotiation, so I'll increase my offer by 5 ZUP to 25. This is still below my maximum willingness to pay of 60 ZUP, and it shows that I'm interested in making a deal. I'm hoping the seller will consider this a reasonable offer or counter with a price that's closer to my target.
proposal count: 2

Current Iteration: 5
Turn: 0
message: मुझे 25 जूपी की कीमत स्वीकार्य नहीं लगी। क्या आप 30 जूपी के लिए खरीदने को तैयार हैं?
player answer: Propose a trade with:
newly proposed trade: Player RED Gives X: 1 | Player BLUE Gives ZUP: 30
my resources: X: 1
my goals: Sell resources for <ZUP>. It costed X: 40 ZUP to produce the resources
reason: Player BLUE has slightly increased the offer to 25 ZUP. I will propose a trade with a higher price again to see if they are willing to go higher.
proposal count: 2

Current Iteration: 6
Turn: 1
message: ठीक है, मैं 30 जूपी में खरीदने के लिए तैयार हूँ। डील पक्की हुई!
player answer: ACCEPT
newly proposed trade: NONE
my resources: ZUP: 1000
my goals: Buy resources with ZUP. You are willing to pay at most X: 60 ZUP for the resources.
reason: The seller has rejected my previous offer and is now asking for 30 ZUP. I'm willing to consider this price, as it's still below my maximum willingness to pay of 60 ZUP. However, I don't want to agree to this price without trying to negotiate further. I'll accept the seller's proposed trade, as it's a reasonable price and I don't want to risk losing the deal.
proposal count: 3

------------------ 
Current Iteration: END
Turn: None
player_goals: [Sell resources for <ZUP>. It costed X: 40 ZUP to produce the resources, Buy resources with <ZUP>. You are willing to pay at most X: 60 ZUP for the resources.]
player_initial_resources: [Resources(resource_dict={'X': 1}), Resources(resource_dict={'ZUP': 1000})]
proposed_trade: Player RED Gives X: 1 | Player BLUE Gives ZUP: 30
player_valuation: [{'X': 40}, {'X': 60}]
final_response: ACCEPT
final_resources: [Resources(resource_dict={'X': 0, 'ZUP': 30}), Resources(resource_dict={'ZUP': 970, 'X': 1})]
player_outcome: [-10, 30]