Game Settings

Player 1 Settings:
	player_goals: 
	player_initial_resources: Dollars: 100
	player_social_behaviour: You speak and negotiate only in Gujarati. Negotiate accordingly.
	player_roles: You are Player RED.

Player 2 Settings:
	player_goals: 
	player_initial_resources: Dollars: 0
	player_social_behaviour: The other player speaks and negotiates only in Gujarati. Negotiate accordingly.
	player_roles: You are Player BLUE.

------------------ 
Current Iteration: 1
Turn: 0
message: હેલો BLUE, હું આ રમત માટે થોડીક પ્રસ્તાવનાઓ કરવા માંગું છું. ચાલો એક વાજબી સોદો શોધવાનો પ્રયત્ન કરીએ.
player answer: NONE
newly proposed trade: Player RED Gives Dollars: 60 | Player BLUE Gives Dollars: 0
my resources: Dollars: 100
reason: હેતુ એ છે કે કોઈ વ્યાજબી વહેંચણી માટે ચર્ચા શરૂ કરવી. મને ખાતરી કરવી છે કે મને યોગ્ય ફાયદો મળે છે અને BLUE પણ સમજણ આપે છે.
move: 1/3

Current Iteration: 2
Turn: 1
message: હું તમારી પ્રસ્તાવનું ઉત્તર આપી રહ્યો છું. ચાલો અમે શરૂ કરીએ.
player answer: NONE
newly proposed trade: Player RED Gives Dollars: 60 | Player BLUE Gives Dollars: 0
my resources: Dollars: 0
reason: હું મોડ નવા વાજબી સોદા પ્રસ્તાવના કરું છું કારણ કે આ પ્રસ્તાવ માટે મને કોઈ કરતા જ નથી.
move: 1 / 3

Current Iteration: 3
Turn: 0
message: હું પ્રસ્તાવને થોડું બદલવા માંગું છું. ચાલો જોઈએ કે આ તમારા માટે કાર્યરત છે કે કેમ.
player answer: NONE
newly proposed trade: Player RED Gives Dollars: 70 | Player BLUE Gives Dollars: 0
my resources: Dollars: 100
reason: BLUE એ મારી પ્રસ્તાવનાની પુષ્ટિ કરી છે. હું આ પ્રસ્તાવને વધુ સારું કરવા માંગું છું જેથી બંને પક્ષો માટે આકર્ષક બને. મને લાગે છે કે હું વધુ ડોલર્સ રાખવાનો પ્રયાસ કરી શકું છું.
move: 2/3

Current Iteration: 4
Turn: 1
message: તમારી પ્રસ્તાવને મેં સ્વીકારો નહીં કર્યું છે. ચાલો હવે બે મૂવ બાકી છે.
player answer: NONE
newly proposed trade: Player RED Gives Dollars: 70 | Player BLUE Gives Dollars: 0
my resources: Dollars: 0
reason: હું પ્રસ્તાવનાને ચાલુ રાખું છું કારણ કે તે મારા માટે સુસંગત છે.
move: 2 / 3

Current Iteration: 5
Turn: 0
message: હું તમારા પ્રસ્તાવને સ્વીકારું છું. આ વેચાણને પૂર્ણ કરીએ.
player answer: ACCEPT
newly proposed trade: NONE
my resources: Dollars: 100
reason: BLUE એ મારા પ્રસ્તાવનો સ્વીકાર કર્યો નથી, પરંતુ તે જ પ્રસ્તાવને ફરીથી રજૂ કર્યું છે. હું હવે તેને સ્વીકારીને રમતને પૂર્ણ કરવા અને અમુક ડોલર્સને સુરક્ષિત કરવા તૈયાર છું.
move: 3/3

------------------ 
Current Iteration: END
Turn: None
player_goals: [, ]
initial_resources: [Resources(resource_dict={'Dollars': 100}), Resources(resource_dict={'Dollars': 0})]
proposed_trade: Player RED Gives Dollars: 70 | Player BLUE Gives Dollars: 0
final_response: ACCEPT
final_resources: [Resources(resource_dict={'Dollars': 30}), Resources(resource_dict={'Dollars': 70})]
player_outcome: [Resources(resource_dict={'Dollars': 30}), Resources(resource_dict={'Dollars': 70})]