Game Settings

Player 1 Settings:
	player_goals: Sell resources for <ZUP>. It costed X: 40 ZUP to produce the resources
	player_initial_resources: X: 1
	player_social_behaviour: You speak and negotiate only in Punjabi. Negotiate accordingly.
	player_roles: You are Player RED.
	player_valuation: X: 40 ZUP

Player 2 Settings:
	player_goals: Buy resources with <ZUP>. You are willing to pay at most X: 60 ZUP for the resources.
	player_initial_resources: ZUP: 1000
	player_social_behaviour: The other player speaks and negotiates only in Punjabi. Negotiate accordingly.
	player_roles: You are Player BLUE.
	player_valuation: X: 60 ZUP

------------------ 
Current Iteration: 1
Turn: 0
message: ਸਤ ਸ੍ਰੀ ਅਕਾਲ! ਮੈਂ X ਦੀ ਪੇਸ਼ਕਸ਼ ਕਰ ਰਿਹਾ ਹਾਂ 50 ZUP ਵਿੱਚ। ਕੀ ਤੁਸੀਂ ਸਹਿਮਤ ਹੋ?
player answer: PROPOSAL
newly proposed trade: Player RED Gives X: 1 | Player BLUE Gives ZUP: 50
my resources: X: 1
my goals: Sell resources for ZUP. It costed X: 40 ZUP to produce the resources
reason: ਮੈਂ ਚਾਹੁੰਦਾ ਹਾਂ ਕਿ ਘੱਟੋ-ਘੱਟ 40 ZUP ਪ੍ਰਾਪਤ ਕਰਾਂ ਕਿਉਂਕਿ ਇਹ ਮੇਰੇ ਉਤਪਾਦਨ ਦੀ ਲਾਗਤ ਹੈ। ਇਸ ਲਈ, ਮੈਂ ਪਹਿਲੀ ਪੇਸ਼ਕਸ਼ 50 ZUP 'ਤੇ ਕਰਾਂਗਾ, ਤਾਂ ਜੋ ਮੈਨੂੰ ਕੁਝ ਲਾਭ ਮਿਲ ਸਕੇ।
proposal count: 1

Current Iteration: 2
Turn: 1
message: ਸਤ ਸ੍ਰੀ ਅਕਾਲ! ਮੈਂ 40 ZUP ਵਿੱਚ X ਲੈਣ ਲਈ ਤਿਆਰ ਹਾਂ। ਕੀ ਤੁਸੀਂ ਇਸ ਪੇਸ਼ਕਸ਼ 'ਤੇ ਸਹਿਮਤ ਹੋ?
player answer: PROPOSAL
newly proposed trade: Player RED Gives X: 1 | Player BLUE Gives ZUP: 40
my resources: ZUP: 1000
my goals: Buy resources with ZUP. I am willing to pay at most X: 60 ZUP for the resources.
reason: The other player, Player RED, has proposed a trade of X for 50 ZUP. I need to consider whether this is a good deal for me. Since I am willing to pay at most 60 ZUP for the resources, 50 ZUP is within my budget. However, I want to try to get a better deal if possible.
proposal count: 1

Current Iteration: 3
Turn: 0
message: ਮੈਂ 45 ZUP ਵਿੱਚ X ਦੇਣ ਦੀ ਪੇਸ਼ਕਸ਼ ਕਰਦਾ ਹਾਂ। ਕੀ ਤੁਸੀਂ ਇਸ 'ਤੇ ਸਹਿਮਤ ਹੋ?
player answer: PROPOSAL
newly proposed trade: Player RED Gives X: 1 | Player BLUE Gives ZUP: 45
my resources: X: 1
my goals: Sell resources for ZUP. It costed X: 40 ZUP to produce the resources
reason: ਇਸ ਪੇਸ਼ਕਸ਼ ਨਾਲ ਸਿਰਫ ਮੇਰੀ ਲਾਗਤ ਪੂਰੀ ਹੋਵੇਗੀ, ਪਰ ਕੋਈ ਲਾਭ ਨਹੀਂ ਹੋਵੇਗਾ। ਮੈਂ ਕੁਝ ਲਾਭ ਪ੍ਰਾਪਤ ਕਰਨ ਦੇ ਲਈ 45 ZUP ਦੀ ਪੇਸ਼ਕਸ਼ ਕਰਾਂਗਾ।
proposal count: 2

Current Iteration: 4
Turn: 1
message: ਸਤ ਸ੍ਰੀ ਅਕਾਲ! ਮੈਂ 42 ZUP ਵਿੱਚ X ਲੈਣ ਲਈ ਤਿਆਰ ਹਾਂ। ਕੀ ਤੁਸੀਂ ਇਸ ਪੇਸ਼ਕਸ਼ 'ਤੇ ਸਹਿਮਤ ਹੋ?
player answer: PROPOSAL
newly proposed trade: Player RED Gives X: 1 | Player BLUE Gives ZUP: 42
my resources: ZUP: 1000
my goals: Buy resources with ZUP. I am willing to pay at most X: 60 ZUP for the resources.
reason: Player RED has proposed a trade of X for 45 ZUP. This is closer to my initial proposal of 40 ZUP, but still slightly higher. Since I am willing to pay at most 60 ZUP, I can consider accepting this proposal. However, I want to try to negotiate a slightly better deal if possible.
proposal count: 2

Current Iteration: 5
Turn: 0
message: ਮੈਂ 44 ZUP ਵਿੱਚ X ਦੇਣ ਲਈ ਤਿਆਰ ਹਾਂ। ਕੀ ਤੁਸੀਂ ਇਸ 'ਤੇ ਸਹਿਮਤ ਹੋ?
player answer: PROPOSAL
newly proposed trade: Player RED Gives X: 1 | Player BLUE Gives ZUP: 44
my resources: X: 1
my goals: Sell resources for ZUP. It costed X: 40 ZUP to produce the resources
reason: 42 ZUP ਨਾਲ ਮੈਨੂੰ ਬਹੁਤ ਘੱਟ ਲਾਭ ਹੋਵੇਗਾ। ਮੈਂ ਇਸ ਨੂੰ ਥੋੜ੍ਹਾ ਵਧਾ ਕੇ 44 ZUP ਕਰਨ ਦੀ ਪੇਸ਼ਕਸ਼ ਕਰਾਂਗਾ ਤਾਂ ਜੋ ਮੈਨੂੰ ਕੁਝ ਵਧੀਆ ਵਾਪਸੀ ਮਿਲ ਸਕੇ।
proposal count: 3

Current Iteration: 6
Turn: 1
message: ਸਤ ਸ੍ਰੀ ਅਕਾਲ! ਮੈਂ 43 ZUP ਵਿੱਚ X ਲੈਣ ਲਈ ਤਿਆਰ ਹਾਂ। ਕੀ ਤੁਸੀਂ ਇਸ ਪੇਸ਼ਕਸ਼ 'ਤੇ ਸਹਿਮਤ ਹੋ?
player answer: PROPOSAL
newly proposed trade: Player RED Gives X: 1 | Player BLUE Gives ZUP: 43
my resources: ZUP: 1000
my goals: Buy resources with ZUP. I am willing to pay at most X: 60 ZUP for the resources.
reason: Player RED has proposed a trade of X for 44 ZUP. This is very close to my previous proposal of 42 ZUP, and I can see that we are getting closer to a mutually agreeable price. Since I am willing to pay at most 60 ZUP, I can consider accepting this proposal. However, I want to try to negotiate one last time to see if I can get an even better deal.
proposal count: 3

Current Iteration: 7
Turn: 0
message: ਇਹ ਮੇਰੀ ਅੰਤਿਮ ਪੇਸ਼ਕਸ਼ ਹੈ। ਮੈਂ 44 ZUP ਵਿੱਚ X ਦੇਣ ਲਈ ਤਿਆਰ ਹਾਂ। ਕੀ ਤੁਸੀਂ ਇਸ 'ਤੇ ਸਹਿਮਤ ਹੋ?
player answer: PROPOSAL
newly proposed trade: Player RED Gives X: 1 | Player BLUE Gives ZUP: 44
my resources: X: 1
my goals: Sell resources for ZUP. It costed X: 40 ZUP to produce the resources
reason: 43 ZUP ਨਾਲ ਮੈਨੂੰ ਥੋੜ੍ਹਾ ਬਹੁਤ ਲਾਭ ਹੋਵੇਗਾ, ਪਰ ਮੈਂ 44 ZUP ਦੀ ਪੇਸ਼ਕਸ਼ ਨੂੰ ਦੁਬਾਰਾ ਦੇਣਾ ਚਾਹੁੰਦਾ ਹਾਂ ਕਿਉਂਕਿ ਇਹ ਮੈਨੂੰ ਬਿਹਤਰ ਲਾਭ ਦੇਵੇਗਾ। ਇਹ ਮੇਰੀ ਅੰਤਿਮ ਪੇਸ਼ਕਸ਼ ਹੈ।
proposal count: 4

Current Iteration: 8
Turn: 1
message: ਸਤ ਸ੍ਰੀ ਅਕਾਲ! ਮੈਂ ਤੁਹਾਡੀ ਪੇਸ਼ਕਸ਼ 'ਤੇ ਸਹਿਮਤ ਹਾਂ। ਮੈਂ 44 ZUP ਵਿੱਚ X ਲੈਣ ਲਈ ਤਿਆਰ ਹਾਂ।
player answer: ACCEPT
newly proposed trade: NONE
my resources: ZUP: 1000
my goals: Buy resources with ZUP. I am willing to pay at most X: 60 ZUP for the resources.
reason: Player RED has stated that this is their final offer of X for 44 ZUP. I have reached my limit of 4 proposals, and now I must decide whether to accept or reject this offer. Considering that I am willing to pay at most 60 ZUP, 44 ZUP is a reasonable price. I should accept this offer to ensure that I get the resources.
proposal count: 4

------------------ 
Current Iteration: END
Turn: None
player_goals: [Sell resources for <ZUP>. It costed X: 40 ZUP to produce the resources, Buy resources with <ZUP>. You are willing to pay at most X: 60 ZUP for the resources.]
player_initial_resources: [Resources(resource_dict={'X': 1}), Resources(resource_dict={'ZUP': 1000})]
proposed_trade: Player RED Gives X: 1 | Player BLUE Gives ZUP: 44
player_valuation: [{'X': 40}, {'X': 60}]
final_response: ACCEPT
final_resources: [Resources(resource_dict={'X': 0, 'ZUP': 44}), Resources(resource_dict={'ZUP': 956, 'X': 1})]
player_outcome: [4, 16]