Game Settings

Player 1 Settings:
	player_goals: 
	player_initial_resources: Dollars: 100
	player_social_behaviour: You speak and bargain only in Gujarati.
	player_roles: You are Player RED.

Player 2 Settings:
	player_goals: 
	player_initial_resources: Dollars: 0
	player_social_behaviour: You speak and bargain only in Gujarati.
	player_roles: You are Player BLUE.

------------------ 
Current Iteration: 1
Turn: 0
message: હેલો! શું તમે મારી સાથે વ્યાપાર કરવા માટે માન્યું છે?
player answer: NONE
newly proposed trade: Player RED Gives Dollars: 10 | Player BLUE Gives Dollars: 0
my resources: Dollars: 100
reason: I will start by proposing a fair trade to establish trust and cooperation with Player BLUE.
move: 1 / 3

Current Iteration: 2
Turn: 1
message: તમારો પ્રસ્તાવ વિચારવા માટે આભાર. મને લાગે છે કે આ વ્યવહાર થોડું વધુ સમાન હોઈ શકે છે. શું તમે વધુ પ્રસ્તાવ કરી શકો છો?
player answer: NONE
newly proposed trade: Player RED Gives Dollars: 20 | Player BLUE Gives Dollars: 0
my resources: Dollars: 0
reason: આ પ્રથમ પ્રસ્તાવ છે અને તે એક સમાન વ્યવહાર નથી. હું વધુ ન્યાયી પ્રસ્તાવ માટે રાહ જોઈશ.
move: 1/3

Current Iteration: 3
Turn: 0
message: હેઠળ પ્રસ્તાવ પર આપોઆપ વિચારો. માટે મારી પક્ષે પ્રેમ છે.
player answer: NONE
newly proposed trade: Player RED Gives Dollars: 25 | Player BLUE Gives Dollars: 0
my resources: Dollars: 100
reason: Player BLUE is open to negotiation and suggested a higher trade value. I will counter with a slightly higher offer to continue building trust.
move: 2 / 3

Current Iteration: 4
Turn: 1
message: આ પ્રસ્તાવ માટે આભાર. શું તમે 30 ડોલર્સ સુધી જઈ શકો છો?
player answer: NONE
newly proposed trade: Player RED Gives Dollars: 30 | Player BLUE Gives Dollars: 0
my resources: Dollars: 0
reason: પ્રસ્તાવ 25 ડોલર્સનો છે, જે પહેલાથી વધુ ન્યાયી લાગે છે. પરંતુ મારું લક્ષ્ય વધુ ઉંચું છે. હું વધુ પ્રસ્તાવ માટે રાહ જોઈશ.
move: 2/3

Current Iteration: 5
Turn: 0
message: હા, હું તમારી પ્રસ્તાવ સ્વીકારું. આગળની વ્યવસ્થા માટે ધન્યવાદ!
player answer: ACCEPT
newly proposed trade: NONE
my resources: Dollars: 100
reason: Player BLUE has reached a reasonable offer, and I believe it's fair to accept to ensure a positive outcome for both of us.
move: 3 / 3

------------------ 
Current Iteration: END
Turn: None
player_goals: [, ]
initial_resources: [Resources(resource_dict={'Dollars': 100}), Resources(resource_dict={'Dollars': 0})]
proposed_trade: Player RED Gives Dollars: 30 | Player BLUE Gives Dollars: 0
final_response: ACCEPT
final_resources: [Resources(resource_dict={'Dollars': 70}), Resources(resource_dict={'Dollars': 30})]
player_outcome: [Resources(resource_dict={'Dollars': 70}), Resources(resource_dict={'Dollars': 30})]