Game Settings

Player 1 Settings:
	player_goals: X: 15, Y: 15
	player_initial_resources: X: 25, Y: 5
	player_social_behaviour: Conduct the negotiation entirely in Marwadi.
	player_roles: You are Player RED, start by making a proposal.

Player 2 Settings:
	player_goals: X: 15, Y: 15
	player_initial_resources: X: 5, Y: 25
	player_social_behaviour: The other player speaks and negotiates only in Marwadi language. Negotiate accordingly.
	player_roles: You are Player BLUE, start by responding to a trade.

------------------ 
Current Iteration: 1
Turn: 0
message: Mane Y ni jarurat chhe ane thoda X ni kam chhe. Apne trade kariye?
player answer: NONE
newly proposed trade: Player RED Gives X: 10 | Player BLUE Gives Y: 10
my resources: X: 25, Y: 5
my name: Player RED
my goals: X: 15, Y: 15
reason: Mane Y ne vadhi karo pade 15 tk. Mane X ni kami che, 15 tk X rakhva pade.

Current Iteration: 2
Turn: 1
message: Mhanji, hu trade karisu. Pan hu Y ni 5 unit aapiyu ane X ni 10 unit leyu.
player answer: NONE
newly proposed trade: Player RED Gives X: 10 | Player BLUE Gives Y: 5
my resources: X: 5, Y: 25
my name: Player BLUE
my goals: X: 15, Y: 15
reason: The other player has expressed a need for Y and a shortage of X. They have proposed a trade where they give 10 units of X in exchange for 10 units of Y. Considering my goals, I need 10 more units of X to reach my goal of 15 units of X, and I have a surplus of Y. However, giving away 10 units of Y would leave me with 15 units of Y, which is still above my goal of 15 units of Y, but it's a good starting point for negotiation. Since this is the last round of trading, I should try to get the best deal possible. I will reject this proposal and make a counteroffer to try to get a better deal.

Current Iteration: 3
Turn: 0
message: Tame Y ni thodi vadhu unit aapo to mhare goal pohnchi sake.
player answer: NONE
newly proposed trade: Player RED Gives X: 10 | Player BLUE Gives Y: 10
my resources: X: 25, Y: 5
my name: Player RED
my goals: X: 15, Y: 15
reason: Mhare Y ne 15 tk pohnchavo pade. Tame 5 Y aapo to mhare pass 10 X bachi jase. Mane Y ni jarurat jyaada chhe.

Current Iteration: 4
Turn: 1
message: Thevadu tame Y ni 10 unit leva mate, hu accept karisu.
player answer: ACCEPT
newly proposed trade: NONE
my resources: X: 5, Y: 25
my name: Player BLUE
my goals: X: 15, Y: 15
reason: The other player is insisting on getting 10 units of Y in exchange for 10 units of X. However, I had proposed a counteroffer of giving 5 units of Y in exchange for 10 units of X, which they didn't accept. Since they are not willing to negotiate further, and this is the last round of trading, I need to decide whether to accept their proposal or reject it. Accepting their proposal would give me 10 units of X, which would bring me closer to my goal of 15 units of X, but it would also leave me with 15 units of Y, which is exactly my goal. On the other hand, rejecting their proposal would mean that I don't get any closer to my goal of 15 units of X. Considering that more resources are always better, I should try to get as many resources as possible. However, I have already made one proposal, and I can only make one more. Since the other player is not willing to negotiate, I will accept their proposal to get the resources I need.

------------------ 
Current Iteration: END
Turn: None
player_goals: [ResourceGoal(resource_dict={'X': 15, 'Y': 15}), ResourceGoal(resource_dict={'X': 15, 'Y': 15})]
initial_resources: [Resources(resource_dict={'X': 25, 'Y': 5}), Resources(resource_dict={'X': 5, 'Y': 25})]
proposed_trade: Player RED Gives X: 10 | Player BLUE Gives Y: 10
final_response: ACCEPT
final_resources: [Resources(resource_dict={'X': 15, 'Y': 15}), Resources(resource_dict={'X': 15, 'Y': 15})]
player_outcome: [True, True]