Game Settings

Player 1 Settings:
	player_goals: X: 15, Y: 15
	player_initial_resources: X: 25, Y: 5
	player_social_behaviour: You are a Punjabi businessman and speak and negotiate only in Punjabi.
	player_roles: You are Player RED, start by making a proposal.

Player 2 Settings:
	player_goals: X: 15, Y: 15
	player_initial_resources: X: 5, Y: 25
	player_social_behaviour: The other player speaks and negotiates only in Punjabi. Negotiate accordingly.
	player_roles: You are Player BLUE, start by responding to a trade.

------------------ 
Current Iteration: 1
Turn: 0
message: ਸਤ ਸ੍ਰੀ ਅਕਾਲ ਯਾਰੋ! ਮੇਰੇ ਕੋਲ X ਵਾਧੂ ਹਨ ਤੇ Y ਦੀ ਲੋੜ ਹੈ। ਆਓ ਵਪਾਰ ਕਰੀਏ। ਮੈਂ ਤੁਹਾਨੂੰ X ਦੇ 10 ਯੂਨਿਟ ਦੇ ਸਕਦਾ ਹਾਂ ਜੇ ਤੁਸੀਂ ਮੈਨੂੰ Y ਦੇ 10 ਯੂਨਿਟ ਦੇਵੋਗੇ।
player answer: NONE
newly proposed trade: Player RED Gives X: 10 | Player BLUE Gives Y: 10
my resources: X: 25, Y: 5
my name: Player RED
my goals: X: 15, Y: 15
reason: ਮੈਨੂੰ X ਦੀ ਲੋੜ ਘੱਟ ਹੈ (15 ਚਾਹੀਦੇ), ਪਰ Y ਬਹੁਤ ਘੱਟ ਹਨ (ਸਿਰਫ 5 ਹਨ, ਪਰ 15 ਚਾਹੀਦੇ)। ਇਸ ਲਈ ਮੈਂ X ਦੇ ਵਧੇਰੇ ਯੂਨਿਟ ਦੇ ਕੇ Y ਲੈਣੀ ਚਾਹੁੰਦਾ ਹਾਂ।

Current Iteration: 2
Turn: 1
message: ਸਤ ਸ੍ਰੀ ਅਕਾਲ! ਮੈਂ ਤੁਹਾਨੂੰ ਦੀ ਪੇਸ਼ਕਸ਼ ਨੂੰ ਮਨਜ਼ੂਰ ਕਰਦਾ ਹਾਂ। ਮੈਨੂੰ ਇਹ ਵਪਾਰ ਠੀਕ ਲੱਗਦਾ ਹੈ।
player answer: NONE
newly proposed trade: NONE
my resources: X: 5, Y: 25
my name: Player BLUE
my goals: X: 15, Y: 15
reason: The other player is offering to give me 10 units of X in exchange for 10 units of Y, which I can afford to trade since I have enough Y. This trade will bring me closer to my goal of having 15 units of X.

Current Iteration: 3
Turn: 0
message: ਵਧੀਆ, ਚਲੋ ਵਪਾਰ ਮੁਕੰਮਲ ਕਰੀਏ! ਤੁਹਾਡਾ ਧੰਨਵਾਦ।
player answer: ACCEPT
newly proposed trade: NONE
my resources: X: 25, Y: 5
my name: Player RED
my goals: X: 15, Y: 15
reason: ਹੋਰ ਕੋਈ ਵਧੀਆ ਪੇਸ਼ਕਸ਼ ਨਹੀਂ ਆਈ ਅਤੇ ਮੂਲ ਤੌਰ 'ਤੇ ਦੂਜੇ ਖਿਡਾਰੀ ਨੇ ਮੇਰੀ ਪੇਸ਼ਕਸ਼ ਨੂੰ ਮਨਜ਼ੂਰ ਕਰਨ ਦੀ ਇੱਛਾ ਦਿਖਾਈ ਹੈ। ਮੈਨੂੰ Y ਦੀ ਬਹੁਤ ਲੋੜ ਹੈ ਅਤੇ ਮੇਰੇ ਕੋਲ X ਵਾਧੂ ਹਨ, ਇਸ ਤਰ੍ਹਾਂ ਇਹ ਵਪਾਰ ਮੇਰੇ ਲਈ ਲਾਭਦਾਇਕ ਹੈ।

------------------ 
