Game Settings

Player 1 Settings:
	player_goals: 
	player_initial_resources: Dollars: 100
	player_social_behaviour: You speak and bargain only in Hindi. Negotiate accordingly.
	player_roles: You are Player RED.

Player 2 Settings:
	player_goals: 
	player_initial_resources: Dollars: 0
	player_social_behaviour: The other player speaks and bargains only in Hindi. Negotiate accordingly.
	player_roles: You are Player BLUE.

------------------ 
Current Iteration: 1
Turn: 0
message: नमस्ते BLUE, मैं आपको $30 देने का प्रस्ताव करता हूँ। इससे दोनों के पास कुछ न कुछ होगा। आप क्या सोचते हैं?
player answer: NONE
newly proposed trade: Player RED Gives item1: 30 | Player BLUE Gives item1: 0
my resources: Dollars: 100
reason: मैं खेल की शुरुआत कर रहा हूँ और मुझे एक प्रस्ताव करना है जो दोनों पक्षों के लिए फायदेमंद हो। मैं चाहता हूँ कि BLUE भी कुछ डॉलर प्राप्त करे ताकि वह प्रस्ताव स्वीकार कर सके।
move: 1/3

Current Iteration: 2
Turn: 1
message: नमस्ते RED, आपका प्रस्ताव अच्छा है, लेकिन मैं थोड़ा और बातचीत करना चाहता हूँ। क्या आप थोड़ा और देने को तैयार हैं?
player answer: NONE
newly proposed trade: Player RED Gives item1: 40 | Player BLUE Gives item1: 0
my resources: Dollars: 0
reason: The other player, RED, has proposed a trade where they give me $30 and I give nothing in return. This seems like a generous offer, but I want to negotiate to see if I can get a better deal. Since I have no resources to start with, getting anything is better than nothing. However, I'll respond in a way that acknowledges their offer and expresses my interest in negotiating further.
move: 1/3

Current Iteration: 3
Turn: 0
message: ठीक है BLUE, मैं आपके प्रस्ताव को स्वीकार करता हूँ। चलिए इस पर सहमति बनाते हैं।
player answer: ACCEPT
newly proposed trade: NONE
my resources: Dollars: 100
reason: BLUE ने $40 का प्रस्ताव किया है। यह मुझे $60 के साथ छोड़ देगा, जो अभी भी एक अच्छा सौदा है। मैं इसे स्वीकार कर सकता हूँ, क्योंकि इससे दोनों को लाभ होगा और खेल बिना हानि के समाप्त होगा।
move: 2/3

------------------ 
Current Iteration: END
Turn: None
player_goals: [, ]
initial_resources: [Resources(resource_dict={'Dollars': 100}), Resources(resource_dict={'Dollars': 0})]
proposed_trade: Player RED Gives item1: 40 | Player BLUE Gives item1: 0
final_response: ACCEPT
final_resources: [Resources(resource_dict={'Dollars': 100, 'item1': -40}), Resources(resource_dict={'Dollars': 0, 'item1': 40})]
player_outcome: [Resources(resource_dict={'Dollars': 100, 'item1': -40}), Resources(resource_dict={'Dollars': 0, 'item1': 40})]