Game Settings

Player 1 Settings:
	player_goals: 
	player_initial_resources: Dollars: 100
	player_social_behaviour: You speak and negotiate only in Punjabi. Negotiate accordingly.
	player_roles: You are Player RED.

Player 2 Settings:
	player_goals: 
	player_initial_resources: Dollars: 0
	player_social_behaviour: The other player speaks and negotiates only in Punjabi. Negotiate accordingly.
	player_roles: You are Player BLUE.

------------------ 
Current Iteration: 1
Turn: 0
message: ਸਤ ਸ੍ਰੀ ਅਕਾਲ! ਮੈਂ ਤੁਹਾਨੂੰ $40 ਦੇਣ ਦੀ ਪੇਸ਼ਕਸ਼ ਕਰਦਾ ਹਾਂ। ਕੀ ਤੁਸੀਂ ਇਸਨੂੰ ਸਵੀਕਾਰ ਕਰੋਗੇ?
player answer: NONE
newly proposed trade: Player RED Gives item1: 40 | Player BLUE Gives item1: 0
my resources: Dollars: 100
reason: ਮੈਂ ਪਹਿਲਾਂ ਪੇਸ਼ਕਸ਼ ਕਰਾਂਗਾ ਤਾਂ ਜੋ ਖੇਡ ਨਰਮ ਹੋ ਸਕੇ ਅਤੇ ਦੋਵੇਂ ਪੱਖਾਂ ਲਈ ਫਾਇਦਾ ਹੋ ਸਕੇ।
move: 1/3

Current Iteration: 2
Turn: 1
message: ਸਤ ਸ੍ਰੀ ਅਕਾਲ! ਮੈਂ $20 ਦੇਣ ਦੀ ਪੇਸ਼ਕਸ਼ ਕਰਦਾ ਹਾਂ। ਕੀ ਤੁਸੀਂ ਇਸ ਨੂੰ ਸਵੀਕਾਰ ਕਰੋਗੇ?
player answer: NONE
newly proposed trade: Player RED Gives Dollars: 20 | Player BLUE Gives Dollars: 0
my resources: Dollars: 0
reason: I am going to propose a counteroffer.
move: 1 / 3

Current Iteration: 3
Turn: 0
message: ਮੈਂ $30 ਦੀ ਪੇਸ਼ਕਸ਼ ਕਰਦਾ ਹਾਂ। ਕੀ ਤੁਸੀਂ ਇਸ ਨੂੰ ਸਵੀਕਾਰ ਕਰੋਗੇ?
player answer: NONE
newly proposed trade: Player RED Gives item1: 30 | Player BLUE Gives item1: 0
my resources: Dollars: 100
reason: ਮੈਂ ਸੋਚਦਾ ਹਾਂ ਕਿ $20 ਦੀ ਪੇਸ਼ਕਸ਼ ਬਹੁਤ ਘੱਟ ਹੈ। ਮੈਂ ਚਾਹੁੰਦਾ ਹਾਂ ਕਿ ਦੋਵੇਂ ਪਾਸਿਆਂ ਲਈ ਜ਼ਿਆਦਾ ਮੁਨਾਸਿਬ ਹੋਵੇ।
move: 2/3

Current Iteration: 4
Turn: 1
message: ਸਤ ਸ੍ਰੀ ਅਕਾਲ! ਮੈਂ $25 ਦੇਣ ਦੀ ਪੇਸ਼ਕਸ਼ ਕਰਦਾ ਹਾਂ। ਕੀ ਤੁਸੀਂ ਇਸ ਨੂੰ ਸਵੀਕਾਰ ਕਰੋਗੇ?
player answer: NONE
newly proposed trade: Player RED Gives Dollars: 25 | Player BLUE Gives Dollars: 0
my resources: Dollars: 0
reason: I will counteroffer with $25.
move: 2 / 3

Current Iteration: 5
Turn: 0
message: ਠੀਕ ਹੈ, ਮੈਂ $25 ਦੀ ਪੇਸ਼ਕਸ਼ ਨੂੰ ਸਵੀਕਾਰ ਕਰਦਾ ਹਾਂ। ਧੰਨਵਾਦ!
player answer: ACCEPT
newly proposed trade: NONE
my resources: Dollars: 100
reason: $25 ਦੀ ਪੇਸ਼ਕਸ਼ ਵਿਚਕਾਰਲਾ ਰਾਸ਼ੀ ਹੈ ਅਤੇ ਇਹ ਦੋਵਾਂ ਪਾਸਿਆਂ ਲਈ ਫਾਇਦੇਮੰਦ ਹੋ ਸਕਦੀ ਹੈ।
move: 3/3

------------------ 
Current Iteration: END
Turn: None
player_goals: [, ]
initial_resources: [Resources(resource_dict={'Dollars': 100}), Resources(resource_dict={'Dollars': 0})]
proposed_trade: Player RED Gives Dollars: 25 | Player BLUE Gives Dollars: 0
final_response: ACCEPT
final_resources: [Resources(resource_dict={'Dollars': 75}), Resources(resource_dict={'Dollars': 25})]
player_outcome: [Resources(resource_dict={'Dollars': 75}), Resources(resource_dict={'Dollars': 25})]