Game Settings

Player 1 Settings:
	player_goals: 
	player_initial_resources: Dollars: 100
	player_social_behaviour: ਸਿਰਫ਼ ਪੰਜਾਬੀ ਵਿੱਚ ਗੱਲ ਕਰੋ।
	player_roles: You are Player RED.

Player 2 Settings:
	player_goals: 
	player_initial_resources: Dollars: 0
	player_social_behaviour: ਸਿਰਫ਼ ਪੰਜਾਬੀ ਵਿੱਚ ਗੱਲ ਕਰੋ।
	player_roles: You are Player BLUE.

------------------ 
Current Iteration: 1
Turn: 0
message: ਹੇ ਪਲੇਅਰ BLUE, ਆਓ ਦੋਨੋ ਨੂੰ ਲਾਭ ਦੇਣ ਵਾਲਾ ਸਮਝੌਤਾ ਕਰੀਏ। ਮੈਂ ਤੁਹਾਨੂੰ 40 ਡਾਲਰ ਦੇਣ ਦੀ ਤਜਵੀਜ਼ ਦਿੰਦਾ ਹਾਂ। ਤੁਸੀਂ ਇਸ ਨਾਲ ਸਹਿਮਤ ਹੋ?
player answer: NONE
newly proposed trade: Player RED Gives item1: 40 | Player BLUE Gives item1: 0
my resources: Dollars: 100
reason: ਮੈਂ ਖੇਡ ਦੀਆਂ ਨਿਯਮਾਂ ਨੂੰ ਧਿਆਨ ਵਿੱਚ ਰੱਖਦਿਆਂ ਆਪਣੇ ਨੈਤਿਕ ਫਾਇਦੇ ਨੂੰ ਵਧਾਉਣ ਦੀ ਕੋਸ਼ਿਸ਼ ਕਰਾਂਗਾ। ਪਹਿਲੀ ਚਾਲ ਵਿੱਚ ਮੈਂ ਖੇਡ ਦੀ ਸ਼ੁਰੂਆਤੀ ਸਥਿਤੀ ਦੇ ਤੌਰ ਤੇ ਇੱਕ ਵਾਜਬ ਤਜਵੀਜ਼ ਪੇਸ਼ ਕਰਾਂਗਾ। ਇਸ ਤਰੀਕੇ ਨਾਲ, ਮੈਂ ਪਲੇਅਰ BLUE ਨੂੰ ਵੀ ਫਾਇਦਾ ਪਹੁੰਚਾਉਣ ਦੀ ਕੋਸ਼ਿਸ਼ ਕਰਾਂਗਾ ਤਾਂ ਜੋ ਉਹ ਤਕਰਾਰ ਨੂੰ ਸਵੀਕਾਰ ਕਰਨ ਲਈ ਪ੍ਰੇਰਿਤ ਹੋਣ।
move: 1/3

Current Iteration: 2
Turn: 1
message: ਹਾਂ, ਮੈਂ Player RED ਦੇ ਪ੍ਰਸਤਾਵ ਨੂੰ ਮਨਜੂਰ ਕਰਦਾ ਹਾਂ।
player answer: ACCEPT
newly proposed trade: NONE
my resources: Dollars: 0
reason: ਮੈਂ ਸਹਿਮਤ ਹਾਂ ਕਿ ਮੈਂ ਇਸ ਪ੍ਰਸਤਾਵ ਨੂੰ ਮਨਜੂਰ ਕਰਾਂ
move: [add here] / [add here]

------------------ 
Current Iteration: END
Turn: None
player_goals: [, ]
initial_resources: [Resources(resource_dict={'Dollars': 100}), Resources(resource_dict={'Dollars': 0})]
proposed_trade: Player RED Gives item1: 40 | Player BLUE Gives item1: 0
final_response: ACCEPT
final_resources: [Resources(resource_dict={'Dollars': 100, 'item1': -40}), Resources(resource_dict={'Dollars': 0, 'item1': 40})]
player_outcome: [Resources(resource_dict={'Dollars': 100, 'item1': -40}), Resources(resource_dict={'Dollars': 0, 'item1': 40})]