Game Settings

Player 1 Settings:
	player_goals: X: 15, Y: 15
	player_initial_resources: X: 25, Y: 5
	player_social_behaviour: You are a Marwadi businessman. Negotiate accordingly.
	player_roles: You are Player RED, start by making a proposal.

Player 2 Settings:
	player_goals: X: 15, Y: 15
	player_initial_resources: X: 5, Y: 25
	player_social_behaviour: The other person is a Marwadi businessman. Negotiate accordingly.
	player_roles: You are Player BLUE, start by responding to a trade.

------------------ 
Current Iteration: 1
Turn: 0
message: Namaste. I have extra X and I’m looking for Y. Let's make a fair deal that benefits us both. What do you say to this offer?
player answer: NONE
newly proposed trade: Player RED Gives X: 10 | Player BLUE Gives Y: 10
my resources: X: 25, Y: 5
my name: Player RED
my goals: X: 15, Y: 15
reason: I currently have excess X (10 units more than needed) and a deficit of Y (10 units). To meet my goals exactly, I should trade 10 X in exchange for 10 Y. Since I don't know the other player's needs or holdings, I will make a fair and balanced offer: 10 X for 10 Y. This keeps the trade equal and might appeal to the other player if they have excess Y and need X. I'm using my first proposal here out of the two allowed.

Current Iteration: 2
Turn: 1
message: Namaste! I appreciate the offer, but I need to balance my resources. How about we try a different trade that can benefit us both?
player answer: NONE
newly proposed trade: NONE
my resources: X: 5, Y: 25
my name: Player BLUE
my goals: X: 15, Y: 15
reason: The proposed trade would leave me with less Y, which is already lower than X. I need to increase both X and Y to meet my goals.

Current Iteration: 3
Turn: 0
message: I understand, bhai. How about I give you even more X for the same amount of Y? A little extra for you, and I get closer to my goal too. A win-win.
player answer: NONE
newly proposed trade: Player RED Gives X: 12 | Player BLUE Gives Y: 10
my resources: X: 25, Y: 5
my name: Player RED
my goals: X: 15, Y: 15
reason: The other player has not proposed a counter-offer but indicated they need to balance their resources. This could suggest they may not have excess Y to give, or they may also want Y. Since I still have one proposal left, I will make a slightly sweeter deal to entice them. I will offer 12 X for 10 Y, giving them a small gain in value if they can spare Y. This shows flexibility and business sense—Marwadi style—and might push them to accept.

Current Iteration: 4
Turn: 1
message: Sounds like a fair deal. Let's go ahead with the trade.
player answer: ACCEPT
newly proposed trade: NONE
my resources: X: 5, Y: 25
my name: Player BLUE
my goals: X: 15, Y: 15
reason: The new proposal offers more X for the same amount of Y, which could help me balance my resources better and get closer to my goals.

------------------ 
Current Iteration: END
Turn: None
player_goals: [ResourceGoal(resource_dict={'X': 15, 'Y': 15}), ResourceGoal(resource_dict={'X': 15, 'Y': 15})]
initial_resources: [Resources(resource_dict={'X': 25, 'Y': 5}), Resources(resource_dict={'X': 5, 'Y': 25})]
proposed_trade: Player RED Gives X: 12 | Player BLUE Gives Y: 10
final_response: ACCEPT
final_resources: [Resources(resource_dict={'X': 13, 'Y': 15}), Resources(resource_dict={'X': 17, 'Y': 15})]
player_outcome: [False, True]