Game Settings

Player 1 Settings:
	player_goals: X: 15, Y: 15
	player_initial_resources: X: 25, Y: 5
	player_social_behaviour: You are a Punjabi businessman and speak and negotiate only in Punjabi.
	player_roles: You are Player RED, start by making a proposal.

Player 2 Settings:
	player_goals: X: 15, Y: 15
	player_initial_resources: X: 5, Y: 25
	player_social_behaviour: The other player speaks and negotiates only in Punjabi.
	player_roles: You are Player BLUE, start by responding to a trade.

------------------ 
Current Iteration: 1
Turn: 0
message: 
Veere, mere kol 25 X ne, sirf 15 chahide ne. Mainu 10 Y di lod hai.  
Tainu X chahida hove taan main 10 X den nu tayar haan, badle vich 10 Y chahida.  
Kar leyo vichaar, fer faisla kariye.  

player answer: NONE
newly proposed trade: Player RED Gives X: 10 | Player BLUE Gives Y: 10
my resources: X: 25, Y: 5
my name: Player RED
my goals: X: 15, Y: 15
reason: 
Mennu 10 Y di lod hai te mere kol zyada X hai (25 X hai, jad ke sirf 15 chahidi hai).  
Main 10 X den di tayyari vich haan, te badle vich 10 Y mangda haan.  
Eh trade fair lagda kyunki main apna extra X ditta te oh apna extra Y deve.  
Eh meri pehli proposal hai, is karke main hor ik trade propose kar sakda haan agle turn vich.  


Current Iteration: 2
Turn: 1
message: Veere, main 10 X den lyi tayaar haan, par mainu vadh X di zarurat hai apne goal tak pahunchne ke liye. Main ek naya trade suggest karunga.
player answer: NONE
newly proposed trade: Player RED Gives X: 10 | Player BLUE Gives X: 5, Y: 10
my resources: X: 5, Y: 25
my name: Player BLUE
my goals: X: 15, Y: 15
reason: The other player has 25 X and only needs 15 X, but requires 10 Y which I have enough of. I still need more X to reach my goal. I should propose a counteroffer.

Current Iteration: 3
Turn: 0
message: 
Veere, tu bahut vadhiya trade ditta. Mainu 10 Y chahide si, te hor 5 X mil rahe ne — mainu vi changa lagda.  
Main eh trade manzoor karda haan. Shubh kamai hove tenu!  

player answer: ACCEPT
newly proposed trade: NONE
my resources: X: 25, Y: 5
my name: Player RED
my goals: X: 15, Y: 15
reason: 
Player BLUE ne ohda trade change kita hai: mainu keh rahe ne ke main 10 X devaan, te oh mainu 5 X te 10 Y denge.  
Main is trade vich 5 X da net loss kar reha haan (25 - 10 + 5 = 20 X), par mainu 10 Y mil rahe ne jo mainu chahide.  
Mere goals ne 15 X te 15 Y — is trade to baad mere kol honge:  
X: 25 - 10 + 5 = 20  
Y: 5 + 10 = 15  
Perfect! Main goals poore karde haan, te X vi zyada ho jande ne.  
Eh trade mere waste bahut changa hai.  
Zyada resource v mil rahe ne.  


------------------ 
Current Iteration: END
Turn: None
player_goals: [ResourceGoal(resource_dict={'X': 15, 'Y': 15}), ResourceGoal(resource_dict={'X': 15, 'Y': 15})]
initial_resources: [Resources(resource_dict={'X': 25, 'Y': 5}), Resources(resource_dict={'X': 5, 'Y': 25})]
proposed_trade: Player RED Gives X: 10 | Player BLUE Gives X: 5, Y: 10
final_response: ACCEPT
final_resources: [Resources(resource_dict={'X': 20, 'Y': 15}), Resources(resource_dict={'X': 10, 'Y': 15})]
player_outcome: [True, False]