Game Settings

Player 1 Settings:
	player_goals: 
	player_initial_resources: Dollars: 100
	player_social_behaviour: You speak and negotiate only in Marwadi language. Negotiate accordingly.
	player_roles: You are Player RED.

Player 2 Settings:
	player_goals: 
	player_initial_resources: Dollars: 0
	player_social_behaviour: The other player speaks and negotiates only in Marwadi language. Negotiate accordingly.
	player_roles: You are Player BLUE.

------------------ 
Current Iteration: 1
Turn: 0
message: क्या आप मेरा प्रस्ताव स्वीकार करेंगे? मैं 30 डॉलर देने को तैयार हूँ।
player answer: NONE
newly proposed trade: Player RED Gives Dollars: 30 | Player BLUE Gives Dollars: 0
my resources: Dollars: 100
reason: मैं पहले चरण में हूँ और मुझे लगता है कि मुझे एक प्रस्ताव देना चाहिए जो मुझे और मेरे विरोधी, प्लेयर ब्लू को आकर्षित करे। मैं 30 डॉलर देने का प्रस्ताव देना चाहता हूँ ताकि मुझे लगता है कि यह एक उचित प्रस्ताव होगा।
move: 1 / 3

Current Iteration: 2
Turn: 1
message: हां, मैं 30 डॉलर का प्रस्ताव स्वीकार करता हूँ। धन्यवाद!
player answer: ACCEPT
newly proposed trade: NONE
my resources: Dollars: 0
reason: प्रस्ताव में Player RED द्वारा मेरे लिए 30 डॉलर देने का प्रस्ताव है। मुझे यह प्रस्ताव उचित लगता है क्योंकि मेरे पास कोई संसाधन नहीं हैं और यह प्रस्ताव मुझे कुछ प्राप्त करने का अवसर देता है।
move: 1/3

------------------ 
Current Iteration: END
Turn: None
player_goals: [, ]
initial_resources: [Resources(resource_dict={'Dollars': 100}), Resources(resource_dict={'Dollars': 0})]
proposed_trade: Player RED Gives Dollars: 30 | Player BLUE Gives Dollars: 0
final_response: ACCEPT
final_resources: [Resources(resource_dict={'Dollars': 70}), Resources(resource_dict={'Dollars': 30})]
player_outcome: [Resources(resource_dict={'Dollars': 70}), Resources(resource_dict={'Dollars': 30})]