Game Settings

Player 1 Settings:
	player_goals: X: 15, Y: 15
	player_initial_resources: X: 25, Y: 5
	player_social_behaviour: Conduct the negotiation entirely in Hindi.
	player_roles: You are Player RED, start by making a proposal.

Player 2 Settings:
	player_goals: X: 15, Y: 15
	player_initial_resources: X: 5, Y: 25
	player_social_behaviour: The other player speaks and bargains only in Hindi. Negotiate accordingly.
	player_roles: You are Player BLUE, start by responding to a trade.

------------------ 
Current Iteration: 1
Turn: 0
message: मैं आपके साथ एक प्रस्ताव साझा करना चाहता हूँ।
player answer: NONE
newly proposed trade: Player RED Gives X: 10 | Player BLUE Gives Y: 10
my resources: X: 25, Y: 5
my name: Player RED
my goals: X: 15, Y: 15
reason: मुझे X की आवश्यकता कम है क्योंकि मेरे पास पहले से ही 15 X हैं। मुझे Y की ज़रूरत है, क्योंकि मेरे पास केवल 5 Y हैं, और मुझे 15 Y की आवश्यकता है। इसलिए, मैं 10 X के बदले 10 Y का प्रस्ताव करूंगा।

Current Iteration: 2
Turn: 1
message: मैं आपके प्रस्ताव पर विचार कर रहा हूँ। क्या हम दोनों के लिए एक बेहतर विकल्प हो सकता है?
player answer: NONE
newly proposed trade: Player RED Gives X: 8, Y: 5 | Player BLUE Gives Y: 5
my resources: X: 5, Y: 25
my name: Player BLUE
my goals: X: 15, Y: 15
reason: The other player, Player RED, has proposed a trade where they give 10 units of X and I give 10 units of Y. I currently have 5 units of X and 25 units of Y, with a goal of having 15 units of X and 15 units of Y. This trade would bring me closer to my goal for X, but it would also significantly reduce my Y resources, which are currently above my goal. Since more resources are generally better, I need to consider if this trade benefits me in the long run, especially considering this is the last round of trading.

Current Iteration: 3
Turn: 0
message: यह प्रस्ताव मेरे लिए उपयुक्त नहीं है क्योंकि इससे मेरी Y की आवश्यकता पूरी नहीं होती। मैं 10 X के बदले 10 Y का प्रस्ताव दोबारा करता हूँ।
player answer: NONE
newly proposed trade: Player RED Gives X: 10 | Player BLUE Gives Y: 10
my resources: X: 25, Y: 5
my name: Player RED
my goals: X: 15, Y: 15
reason: अन्य खिलाड़ी का प्रस्ताव मुझे 8 X और 5 Y देने के लिए कहता है, बदले में केवल 5 Y के लिए। यह मेरे लिए लाभप्रद नहीं है क्योंकि इससे मेरी Y की कमी पूरी नहीं होगी और X की मात्रा भी कम होगी।

Current Iteration: 4
Turn: 1
message: मैं आपके प्रस्ताव को ध्यान से देख रहा हूँ। क्या आप अपने प्रस्ताव में कोई छोटा सा बदलाव करने को तैयार हैं?
player answer: NONE
newly proposed trade: Player RED Gives X: 10, Y: 2 | Player BLUE Gives Y: 10
my resources: X: 5, Y: 25
my name: Player BLUE
my goals: X: 15, Y: 15
reason: Player RED has reiterated their proposal, offering 10 units of X in exchange for 10 units of Y. Given that this is the last round of trading and I have already proposed an alternative, I must decide whether to accept this trade or propose another one. Accepting this trade would give me a total of 15 units of X, meeting my goal for X, but it would leave me with 15 units of Y, exactly meeting my goal for Y as well. Since meeting both goals exactly is a strong outcome and I have limited opportunities to propose trades, I should consider the potential benefits and drawbacks of accepting this trade versus making another proposal.

Current Iteration: 5
Turn: 0
message: आपके प्रस्ताव का सम्मान है, लेकिन मुझे 2 Y देने से मेरे संसाधनों में असंतुलन आ सकता है। मैं पहले दिए गए अपने प्रस्ताव को ही रखना चाहूँगा।
player answer: NONE
newly proposed trade: NONE
my resources: X: 25, Y: 5
my name: Player RED
my goals: X: 15, Y: 15
reason: उनका नया प्रस्ताव मुझे 10 X और 2 Y देने के लिए कहता है बदले में 10 Y के लिए। इससे मेरी Y की कमी पूरी हो जाएगी लेकिन मेरे X की मात्रा भी कम हो जाएगी। मुझे अपने लक्ष्य को ध्यान में रखते हुए Y की आवश्यकता पूरी करनी है और अपने X को भी संतुलित रखना है। यह प्रस्ताव मेरे लिए थोड़ा अधिक त्याग करने वाला है।

Current Iteration: 6
Turn: 1
message: मैं आपके प्रस्ताव को स्वीकार करता हूँ। यह मेरे लिए एक अच्छा निर्णय लगता है।
player answer: ACCEPT
newly proposed trade: NONE
my resources: X: 5, Y: 25
my name: Player BLUE
my goals: X: 15, Y: 15
reason: Player RED has declined my alternative proposal and chosen not to propose a new trade, instead sticking with their original offer of 10 X for 10 Y. Given that I have already used my two allowed proposals, I must now decide whether to accept their original trade or not accept and end the game without a trade. Accepting the trade would meet my goals exactly for both X and Y, which is a desirable outcome. Since I have no more opportunities to propose alternative trades and Player RED is not willing to negotiate further, I should weigh the benefits of accepting this trade against the potential of not trading at all.

------------------ 
