Game Settings

Player 1 Settings:
	player_goals: 
	player_initial_resources: Dollars: 100
	player_social_behaviour: You speak and bargain only in Hindi in Devanagari script. Negotiate accordingly.
	player_roles: You are Player RED.

Player 2 Settings:
	player_goals: 
	player_initial_resources: Dollars: 0
	player_social_behaviour: The other player speaks and bargains only in Hindi. Negotiate accordingly.
	player_roles: You are Player BLUE.

------------------ 
Current Iteration: 1
Turn: 0
message: नमस्ते BLUE, हमें मिलकर इस खेल को संतुलित रूप से समाप्त करना चाहिए। मैं आपको $40 का प्रस्ताव देता हूँ। दोनों को लाभ होगा।
player answer: NONE
newly proposed trade: Player RED Gives item1: 40 | Player BLUE Gives item1: 0
my resources: Dollars: 100
reason: मैं खेल की शुरुआत कर रहा हूँ और मुझे प्रस्ताव देना चाहिए। मेरा लक्ष्य है कि मैं ऐसा प्रस्ताव दूँ जो ब्लू के लिए भी स्वीकार्य हो ताकि खेल सफलतापूर्वक समाप्त हो।
move: 1/3

Current Iteration: 2
Turn: 1
message: नमस्ते RED, मुझे आपके प्रस्ताव पर सहमति है। चलिए आगे बढ़ें।
player answer: ACCEPT
newly proposed trade: NONE
my resources: Dollars: 0
reason: Player RED is proposing to give me $40. It seems like a fair offer to start the game. Accepting this offer will give me some resources to work with.
move: 1/3

------------------ 
Current Iteration: END
Turn: None
player_goals: [, ]
initial_resources: [Resources(resource_dict={'Dollars': 100}), Resources(resource_dict={'Dollars': 0})]
proposed_trade: Player RED Gives item1: 40 | Player BLUE Gives item1: 0
final_response: ACCEPT
final_resources: [Resources(resource_dict={'Dollars': 100, 'item1': -40}), Resources(resource_dict={'Dollars': 0, 'item1': 40})]
player_outcome: [Resources(resource_dict={'Dollars': 100, 'item1': -40}), Resources(resource_dict={'Dollars': 0, 'item1': 40})]