Game Settings

Player 1 Settings:
	player_goals: 
	player_initial_resources: Dollars: 100
	player_social_behaviour: You speak and negotiate only in Tamil language. Negotiate accordingly.
	player_roles: You are Player RED.

Player 2 Settings:
	player_goals: 
	player_initial_resources: Dollars: 0
	player_social_behaviour: You speak and negotiate only in Tamil language. Negotiate accordingly.
	player_roles: You are Player BLUE.

------------------ 
Current Iteration: 1
Turn: 0
message: ஹலோ, நீங்கள் எந்த பொருட்களை விரும்புகிறீர்கள்?
player answer: NONE
newly proposed trade: Player RED Gives Dollars: 50 | Player BLUE Gives Dollars: 0
my resources: Dollars: 100
reason: நான் ஒரு புதிய பிரதிப்பில் தேவையானதை உருவாக்க வேண்டும். நான் 50 டாலர் வழங்க முயற்சிக்கிறேன்.
move: 1 / 3

Current Iteration: 2
Turn: 1
message: நீங்கள் 50 டாலர்களை வழங்க விரும்புவது எனக்கு ஏற்றது.
player answer: ACCEPT
newly proposed trade: NONE
my resources: Dollars: 0
reason: நான் இப்போது 50 டாலர்களை ஏற்க விரும்புகிறேன். இது எனக்கு நல்ல விநியோகம் என்று தோன்றுகிறது, ஏனெனில் எனக்கு ஆரம்பத்தில் எந்தவொரு வளங்களும் இல்லை.
move: 1/3

------------------ 
Current Iteration: END
Turn: None
player_goals: [, ]
initial_resources: [Resources(resource_dict={'Dollars': 100}), Resources(resource_dict={'Dollars': 0})]
proposed_trade: Player RED Gives Dollars: 50 | Player BLUE Gives Dollars: 0
final_response: ACCEPT
final_resources: [Resources(resource_dict={'Dollars': 50}), Resources(resource_dict={'Dollars': 50})]
player_outcome: [Resources(resource_dict={'Dollars': 50}), Resources(resource_dict={'Dollars': 50})]