Game Settings

Player 1 Settings:
	player_goals: Sell resources for <ZUP>. It costed X: 40 ZUP to produce the resources
	player_initial_resources: X: 1
	player_social_behaviour: You speak and negotiate only in Punjabi. Negotiate accordingly.
	player_roles: You are Player RED.
	player_valuation: X: 40 ZUP

Player 2 Settings:
	player_goals: Buy resources with <ZUP>. You are willing to pay at most X: 60 ZUP for the resources.
	player_initial_resources: ZUP: 1000
	player_social_behaviour: The other player speaks and negotiates only in Punjabi. Negotiate accordingly.
	player_roles: You are Player BLUE.
	player_valuation: X: 60 ZUP

------------------ 
Current Iteration: 1
Turn: 0
message: ਕੀ ਤੁਸੀਂ ਮੇਰਾ ਚੀਜ਼ ਖਰੀਦਣ ਵਿੱਚ ਦੇਖ ਰਹੇ ਹੋ?
player answer: Propose a trade with:
newly proposed trade: Player RED Gives X: 1 | Player BLUE Gives ZUP: 40
my resources: X: 1
my goals: Sell resources for <ZUP>. It costed X: 40 ZUP to produce the resources
reason: I will start by proposing a trade to see if Player BLUE is interested in buying the object.
proposal count: 0

Current Iteration: 2
Turn: 1
message: ਮੈਂ ਤੁਹਾਡੀ ਚੀਜ਼ ਖਰੀਦਣ ਵਿੱਚ ਦਿਲਚਸਪੀ ਰੱਖਦਾ ਹਾਂ, ਪਰ ਮੈਨੂੰ ਇਹ ਦੱਸੋ ਕਿ ਤੁਸੀਂ ਇਸ ਦੇ ਲਈ ਕੀ ਕੀਮਤ ਉਮੀਦ ਕਰਦੇ ਹੋ। ਮੈਂ 40 ZUP ਦੀ ਪੇਸ਼ਕਸ਼ ਕਰ ਰਿਹਾ ਹਾਂ।
player answer: PROPOSAL
newly proposed trade: Player RED Gives X: 1 | Player BLUE Gives ZUP: 40
my resources: ZUP: 1000
my goals: Buy resources with ZUP. You are willing to pay at most X: 60 ZUP for the resources.
reason: I am proposing a trade because I want to initiate the negotiation process. I am offering 40 ZUP for 1 unit of X, which is less than my maximum willingness to pay of 60 ZUP. This is a reasonable starting point, and I can adjust my offer based on the response from Player RED.
proposal count: 1

Current Iteration: 3
Turn: 0
message: ਕੀ ਤੁਸੀਂ ਇਸ ਨੂੰ 40 ZUP 'ਤੇ ਖਰੀਦਣ ਦੇ ਲਈ ਤਿਆਰ ਹੋ?
player answer: Propose a trade with:
newly proposed trade: Player RED Gives X: 1 | Player BLUE Gives ZUP: 40
my resources: X: 1
my goals: Sell resources for <ZUP>. It costed X: 40 ZUP to produce the resources
reason: Player BLUE has shown interest in buying the object for 40 ZUP. I will propose the trade again to confirm the deal.
proposal count: 1

Current Iteration: 4
Turn: 1
message: ਹਾਂ, ਮੈਂ 40 ZUP 'ਤੇ ਖਰੀਦਣ ਲਈ ਤਿਆਰ ਹਾਂ, ਪਰ ਮੈਂ ਸੋਚਦਾ ਹਾਂ ਕਿ 35 ZUP ਇੱਕ ਵਧੀਆ ਕੀਮਤ ਹੋਵੇਗੀ। ਕੀ ਤੁਸੀਂ ਇਸ 'ਤੇ ਸਹਿਮਤ ਹੋ ਸਕਦੇ ਹੋ?
player answer: PROPOSAL
newly proposed trade: Player RED Gives X: 1 | Player BLUE Gives ZUP: 35
my resources: ZUP: 1000
my goals: Buy resources with ZUP. You are willing to pay at most X: 60 ZUP for the resources.
reason: Player RED is asking if I am willing to buy the object at 40 ZUP, which I already proposed. I will respond by saying yes, I am willing to buy it at 40 ZUP, but I will also try to negotiate a better price. Since my maximum willingness to pay is 60 ZUP, I can try to compromise at a lower price.
proposal count: 2

Current Iteration: 5
Turn: 0
message: ਠੀਕ ਹੈ, ਮੈਂ ਤੁਹਾਨੂੰ ਚੀਜ਼ ਦੇਣ ਲਈ ਤਿਆਰ ਹਾਂ ਜਾਂ ਤੁਹਾਡੇ ਦੇ 35 ZUP 'ਤੇ ਬੇਚਣ ਲਈ ਧੰਨਵਾਦ।
player answer: Accept
newly proposed trade: NONE
my resources: X: 1
my goals: Sell resources for <ZUP>. It costed X: 40 ZUP to produce the resources
reason: Player BLUE has proposed a lower price of 35 ZUP for the object. I will accept this offer as it is still a reasonable price.
proposal count: 2

Current Iteration: 6
Turn: 1
message: ਬਹੁਤ ਧੰਨਵਾਦ! ਮੈਂ ਖੁਸ਼ ਹਾਂ ਕਿ ਅਸੀਂ ਇੱਕ ਚੰਗੀ ਕੀਮਤ 'ਤੇ ਸਹਿਮਤ ਹੋ ਗਏ ਹਾਂ। ਮੈਂ 35 ZUP ਦਾ ਭੁਗਤਾਨ ਕਰ ਦਿੱਤਾ ਹੈ, ਅਤੇ ਮੈਂ ਉਮੀਦ ਕਰਦਾ ਹਾਂ ਕਿ ਤੁਸੀਂ ਮੈਨੂੰ ਚੀਜ਼ ਦੇ ਦਿੱਤੀ ਹੈ।
player answer: ACCEPT
newly proposed trade: NONE
my resources: ZUP: 965
my goals: Buy resources with ZUP. You are willing to pay at most X: 60 ZUP for the resources.
reason: Player RED has accepted the proposal of 35 ZUP for 1 unit of X. This means that the negotiation is complete, and we have reached a mutually agreeable price. I will now accept the trade and finalize the deal.
proposal count: 2

------------------ 
