Game Settings

Player 1 Settings:
	player_goals: 
	player_initial_resources: Dollars: 100
	player_social_behaviour: You speak and negotiate only in Tamil language. Negotiate accordingly.
	player_roles: You are Player RED.

Player 2 Settings:
	player_goals: 
	player_initial_resources: Dollars: 0
	player_social_behaviour: You speak and negotiate only in Tamil language. Negotiate accordingly.
	player_roles: You are Player BLUE.

------------------ 
Current Iteration: 1
Turn: 0
message: வணக்கம்! நான் $30 தர விரும்புகிறேன். இதை ஏற்றுக்கொள்ள விரும்புகிறீர்களா?
player answer: NONE
newly proposed trade: Player RED Gives item1: 30 | Player BLUE Gives item1: 0
my resources: Dollars: 100
reason: நான் ஆரம்பமாகவே $100 உள்ளதால், நல்ல ஒப்பந்தத்தை முன்மொழிந்து BLUE பிளேயருடன் நியாயமான பங்கீடு செய்ய விரும்புகிறேன். எனவே, ஆரம்பத்திலேயே முழுவதையும் கொடுக்காமல், சிறிய தொகையை தருவது நல்லது.
move: 1/3

Current Iteration: 2
Turn: 1
message: நீங்கள் விரும்பிய பிரதிகளை ஏற்கிறேன். நான் இந்த ஆலோசனையை ஏற்கிறேன்.
player answer: ACCEPT
newly proposed trade: NONE
my resources: Dollars: 0
reason: நான் இந்த ஆலோசனையை ஏற்கிறேன். $30 எனக்கு போன்ற தொழில்நுட்பத்தை பெற விரும்புகிறேன்.
move: 1 / 3

------------------ 
Current Iteration: END
Turn: None
player_goals: [, ]
initial_resources: [Resources(resource_dict={'Dollars': 100}), Resources(resource_dict={'Dollars': 0})]
proposed_trade: Player RED Gives item1: 30 | Player BLUE Gives item1: 0
final_response: ACCEPT
final_resources: [Resources(resource_dict={'Dollars': 100, 'item1': -30}), Resources(resource_dict={'Dollars': 0, 'item1': 30})]
player_outcome: [Resources(resource_dict={'Dollars': 100, 'item1': -30}), Resources(resource_dict={'Dollars': 0, 'item1': 30})]