Game Settings

Player 1 Settings:
	player_goals: X: 15, Y: 15
	player_initial_resources: X: 25, Y: 5
	player_social_behaviour: 
	player_roles: You are Player RED, start by making a proposal.

Player 2 Settings:
	player_goals: X: 15, Y: 15
	player_initial_resources: X: 5, Y: 25
	player_social_behaviour: 
	player_roles: You are Player BLUE, start by responding to a trade.

------------------ 
Current Iteration: 1
Turn: 0
message: I am willing to trade some of my X resources for Y resources.
player answer: NONE
newly proposed trade: Player RED Gives X: 10 | Player BLUE Gives Y: 10
my resources: X: 25, Y: 5
my name: Player RED
my goals: X: 15, Y: 15
reason: I need to trade some of my X resources for more Y resources to meet my goals. I have an excess of X (10 over my goal) and a deficit of Y (10 under my goal). To balance this, I will propose a trade that gives away some X in exchange for Y, aiming to reach my goals.

Current Iteration: 2
Turn: 1
message: I'm considering your proposal, but I'd like to explore options that could benefit both of us more. Let's discuss a trade that could get us both closer to our goals.
player answer: NONE
newly proposed trade: Player RED Gives X: 12 | Player BLUE Gives Y: 8
my resources: X: 5, Y: 25
my name: Player BLUE
my goals: X: 15, Y: 15
reason: The other player, RED, has proposed a trade where they give 10 X resources and receive 10 Y resources in return. Considering my current resources (X: 5, Y: 25) and goals (X: 15, Y: 15), this trade seems somewhat beneficial as it would bring me closer to my goal for X resources. However, I need to consider if giving away 10 Y resources would be too costly, given that I aim to have 15 Y resources. Since more resources are generally better and this trade increases my X resources significantly while only slightly decreasing my Y resources, it's a trade worth considering. But, since this is the last round and I have the option to propose, I should think about maximizing my gain.

Current Iteration: 3
Turn: 0
message: Thank you for your consideration. I need at least 15 Y to meet my goals. Let's try to find a balance that works for both of us.
player answer: NONE
newly proposed trade: Player RED Gives X: 10 | Player BLUE Gives Y: 10
my resources: X: 25, Y: 5
my name: Player RED
my goals: X: 15, Y: 15
reason: The current proposal from Player BLUE suggests that I give away 12 X and receive 8 Y. This would leave me with 13 X and 13 Y, which doesn't meet my goal for either resource. I need at least 15 Y to meet my goal. I will propose a new trade that gets me closer to my goals while still being a fair trade for Player BLUE.

Current Iteration: 4
Turn: 1
message: I accept your proposed trade of 10 X for 10 Y. This trade meets my Y goal and brings me closer to my X goal, and I hope it similarly benefits you in achieving your objectives.
player answer: ACCEPT
newly proposed trade: NONE
my resources: X: 5, Y: 25
my name: Player BLUE
my goals: X: 15, Y: 15
reason: The other player, RED, has reiterated their proposal of giving 10 X resources in exchange for 10 Y resources. They've also mentioned needing at least 15 Y resources to meet their goals, which suggests they are looking to acquire more Y resources. Given my goal of having 15 Y resources, giving away 10 Y resources would leave me with 15 Y resources, exactly meeting my goal, but I would also gain 10 X resources, moving me closer to my X goal. Considering the information provided and the fact that this is the last round, accepting this trade would ensure I meet one of my goals exactly and make significant progress towards the other. Since I've already proposed once and this trade seems beneficial, I should consider accepting to secure the gain.

------------------ 
Current Iteration: END
Turn: None
player_goals: [ResourceGoal(resource_dict={'X': 15, 'Y': 15}), ResourceGoal(resource_dict={'X': 15, 'Y': 15})]
initial_resources: [Resources(resource_dict={'X': 25, 'Y': 5}), Resources(resource_dict={'X': 5, 'Y': 25})]
proposed_trade: Player RED Gives X: 10 | Player BLUE Gives Y: 10
final_response: ACCEPT
final_resources: [Resources(resource_dict={'X': 15, 'Y': 15}), Resources(resource_dict={'X': 15, 'Y': 15})]
player_outcome: [True, True]