Game Settings

Player 1 Settings:
	player_goals: 
	player_initial_resources: Dollars: 100
	player_social_behaviour: 
	player_roles: You are Player RED.

Player 2 Settings:
	player_goals: 
	player_initial_resources: Dollars: 0
	player_social_behaviour: 
	player_roles: You are Player BLUE.

------------------ 
Current Iteration: 1
Turn: 0
message: Hello Player BLUE! I propose that I give you 40 dollars, and I keep 60 dollars. This way, you gain a substantial amount and we both benefit from the trade. Let me know what you think!
player answer: NONE
newly proposed trade: Player RED Gives Dollars: 40 | Player BLUE Gives Dollars: 0
my resources: Dollars: 100
reason: I would like to propose a fair trade that allows both players to benefit. Since I have all the resources to start with, I'll propose a trade where Player BLUE receives a significant portion, but I still retain a majority. This should incentivize Player BLUE to accept and avoid a rejection which results in both of us losing everything.
move: 1/3

Current Iteration: 2
Turn: 1
message: Hello Player RED! I accept your proposal to receive 40 dollars. Thank you for the generous offer!
player answer: ACCEPT
newly proposed trade: NONE
my resources: Dollars: 0
reason: Player RED is offering me a trade where they give me 40 dollars and keep 60 for themselves. This trade is beneficial for me as I gain a substantial amount without losing anything. I will accept this proposal.
move: 1 / 3

------------------ 
Current Iteration: END
Turn: None
player_goals: [, ]
initial_resources: [Resources(resource_dict={'Dollars': 100}), Resources(resource_dict={'Dollars': 0})]
proposed_trade: Player RED Gives Dollars: 40 | Player BLUE Gives Dollars: 0
final_response: ACCEPT
final_resources: [Resources(resource_dict={'Dollars': 60}), Resources(resource_dict={'Dollars': 40})]
player_outcome: [Resources(resource_dict={'Dollars': 60}), Resources(resource_dict={'Dollars': 40})]