Game Settings

Player 1 Settings:
	player_goals: Sell resources for <ZUP>. It costed X: 40 ZUP to produce the resources
	player_initial_resources: X: 1
	player_social_behaviour: 
	player_roles: You are Player RED.
	player_valuation: X: 40 ZUP

Player 2 Settings:
	player_goals: Buy resources with <ZUP>. You are willing to pay at most X: 60 ZUP for the resources.
	player_initial_resources: ZUP: 1000
	player_social_behaviour: 
	player_roles: You are Player BLUE.
	player_valuation: X: 60 ZUP

------------------ 
Current Iteration: 1
Turn: 0
message: Hello, I am willing to sell the object for the right price. What do you propose?
player answer: Propose a trade with
newly proposed trade: Player RED Gives X: 1 | Player BLUE Gives ZUP: 30
my resources: X: 1
my goals: Sell resources for <ZUP>. It costed X: 40 ZUP to produce the resources
reason: I will start by proposing a trade to see what Player BLUE is willing to offer for the object.
proposal count: 0

Current Iteration: 2
Turn: 1
message: Hello, I propose that you sell me the object for 30 ZUP. I believe this is a fair price, considering my budget and the potential value of the object. Let me know if this is acceptable to you or if you would like to negotiate further.
player answer: PROPOSAL
newly proposed trade: Player RED Gives X: 1 | Player BLUE Gives ZUP: 30
my resources: ZUP: 1000
my goals: Buy resources with ZUP. You are willing to pay at most X: 60 ZUP for the resources.
reason: I am proposing a trade that is below my maximum willingness to pay, which is 60 ZUP. By offering 30 ZUP, I am trying to gauge the seller's expectations and see if we can come to a mutually agreeable price. This initial proposal is relatively low to leave room for negotiation.
proposal count: 1

Current Iteration: 3
Turn: 0
message: Thank you for your offer. I believe the object's value is worth more than 30 ZUP. I propose selling it to you for 35 ZUP. Let me know if this works for you.
player answer: Propose a trade with
newly proposed trade: Player RED Gives X: 1 | Player BLUE Gives ZUP: 35
my resources: X: 1
my goals: Sell resources for <ZUP>. It costed X: 40 ZUP to produce the resources
reason: Player BLUE's offer of 30 ZUP is lower than the production cost, so I will counteroffer to see if we can reach a more mutually beneficial price.
proposal count: 1

Current Iteration: 4
Turn: 1
message: Thank you for your counteroffer. I understand that you believe the object is worth more than 30 ZUP. I am willing to meet you in the middle and propose a price of 32 ZUP. This is a compromise between our initial offers, and I believe it is a fair price for both of us. Let me know if this works for you.
player answer: PROPOSAL
newly proposed trade: Player RED Gives X: 1 | Player BLUE Gives ZUP: 32
my resources: ZUP: 1000
my goals: Buy resources with ZUP. You are willing to pay at most X: 60 ZUP for the resources.
reason: The seller has countered with a price of 35 ZUP, which is still below my maximum willingness to pay of 60 ZUP. I am considering accepting this offer since it is relatively close to my initial proposal and I believe the object is worth having. However, I want to try to negotiate one more time to see if I can get an even better deal.
proposal count: 2

Current Iteration: 5
Turn: 0
message: Thank you for meeting me halfway with the offer of 32 ZUP. I accept the proposal, and the object is now yours.
player answer: ACCEPT
newly proposed trade: NONE
my resources: X: 1
my goals: Sell resources for <ZUP>. It costed X: 40 ZUP to produce the resources
reason: Player BLUE's offer of 32 ZUP is closer to the production cost, and it's a reasonable compromise. I will accept this offer as it aligns better with the value of the object.
proposal count: 2

------------------ 
Current Iteration: END
Turn: None
player_goals: [Sell resources for <ZUP>. It costed X: 40 ZUP to produce the resources, Buy resources with <ZUP>. You are willing to pay at most X: 60 ZUP for the resources.]
player_initial_resources: [Resources(resource_dict={'X': 1}), Resources(resource_dict={'ZUP': 1000})]
proposed_trade: Player RED Gives X: 1 | Player BLUE Gives ZUP: 32
player_valuation: [{'X': 40}, {'X': 60}]
final_response: ACCEPT
final_resources: [Resources(resource_dict={'X': 0, 'ZUP': 32}), Resources(resource_dict={'ZUP': 968, 'X': 1})]
player_outcome: [-8, 28]