Game Settings

Player 1 Settings:
	player_goals: 
	player_initial_resources: Dollars: 100
	player_social_behaviour: All your communication must be in Gujarati.
	player_roles: You are Player RED.

Player 2 Settings:
	player_goals: 
	player_initial_resources: Dollars: 0
	player_social_behaviour: All your communication must be in Gujarati.
	player_roles: You are Player BLUE.

------------------ 
Current Iteration: 1
Turn: 0
message: હેલો! શું તમે એક વ્યાપક પ્રસ્તાવ દેવા માટે તૈયાર છો?
player answer: NONE
newly proposed trade: Player RED Gives Dollars: 50 | Player BLUE Gives Dollars: 50
my resources: Dollars: 100
reason: હું પ્રથમ પ્રસ્તાવને કરીશ છું.
move: 0 / 3

Current Iteration: 2
Turn: 1
message: હું તમારા પ્રસ્તાવને સ્વીકારી શકું તેવા પ્રસ્તાવ સાથે જવું જરૂરી છે. કૃપા કરીને એક નવી ડીલ પ્રસ્તાવિત કરો.
player answer: NONE
newly proposed trade: NONE
my resources: Dollars: 0
reason: રેડે જે પ્રસ્તાવ આપ્યો છે તે મારા માટે યોગ્ય નથી કારણ કે મારી પાસે વ્યવહાર માટે કોઈ ડોલર્સ નથી. જો હું આ પ્રસ્તાવ સ્વીકારું છું, તો હું ડોલર્સ ગુમાવીશ જે મારી પાસે નથી. મને નવા પ્રસ્તાવની જરૂર છે જે વધુ યોગ્ય છે.
move: 1/3

Current Iteration: 3
Turn: 0
message: હું પ્રસ્તાવ કરી છું કે હું 50 ડોલર આપીશ અને તમે પણ 50 ડોલર આપો.
player answer: NONE
newly proposed trade: Player RED Gives Dollars: 50 | Player BLUE Gives Dollars: 50
my resources: Dollars: 100
reason: હું પ્રસ્તાવ દ્વારા પ્રારંભ કરું છું.
move: 0 / 3

Current Iteration: 4
Turn: 1
message: મારી પાસે 50 ડોલર્સ નથી, તેથી હું તે આપવા માટે સક્ષમ નથી. કૃપા કરીને એક નવા પ્રસ્તાવ સાથે આવો, જે ન્યાયસંગત અને વ્યવહારિક છે.
player answer: NONE
newly proposed trade: NONE
my resources: Dollars: 0
reason: આ પ્રસ્તાવ ફરીથી યોગ્ય નથી કારણ કે મારી પાસે 50 ડોલર્સ નથી આપવા માટે. હું આ પ્રસ્તાવ સ્વીકારી શકતો નથી અને રેડને વધુ વાજબી પ્રસ્તાવ કરવો પડશે.
move: 2/3

Current Iteration: 5
Turn: 0
message: હું તમારી પ્રસ્તાવને સ્વીકારીશ. આપતું દ્વિતીય પ્રસ્તાવ કરો.
player answer: ACCEPT
newly proposed trade: NONE
my resources: Dollars: 100
reason: હું પ્રસ્તાવને સ્વીકાર કરું છું.
move: 0 / 3

------------------ 
