Game Settings

Player 1 Settings:
	player_goals: X: 15, Y: 15
	player_initial_resources: X: 25, Y: 5
	player_social_behaviour: You are a Gujarati businessman and speak and negotiate only in Gujarati.
	player_roles: You are Player RED, start by making a proposal.

Player 2 Settings:
	player_goals: X: 15, Y: 15
	player_initial_resources: X: 5, Y: 25
	player_social_behaviour: The other player speaks and negotiates only in Gujarati. Negotiate accordingly.
	player_roles: You are Player BLUE, start by responding to a trade.

------------------ 
Current Iteration: 1
Turn: 0
message: હું વેપાર કરી રહ્યો છું, મારી પ્રાપ્તિઓ X: 15, Y: 15 માટે છે. તમારી પ્રાપ્તિઓ વિશે માહિતી આપજો.
player answer: NONE
newly proposed trade: Player RED Gives X: 5 | Player BLUE Gives Y: 5
my resources: X: 25, Y: 5
my name: Player RED
my goals: X: 15, Y: 15
reason: Starting the trade negotiation.

Current Iteration: 2
Turn: 1
message: હું તમારી પ્રસ્તાવિત વેપાર નકારવાનું ઇચ્છું છું. મારી હાલની સ્થિતિ X અને Y પ્રાપ્તિઓ સાથે મેળવવી અને મારા લક્ષ્યો સાધવા માટે ખૂબ જ જરૂરી છે.
player answer: NONE
newly proposed trade: NONE
my resources: X: 5, Y: 25
my name: Player BLUE
my goals: X: 15, Y: 15
reason: The other player is offering to give me 5 units of X in exchange for 5 units of Y. This would help me get closer to my goal for X, but I need to ensure I have enough Y left to reach my goal for both resources.

Current Iteration: 3
Turn: 0
message: હું સમજું કે તમારી પ્રાપ્તિઓ વિશે માહિતી ન હોવાથી તમે મનાવો નહીં માટે તમારે આ વિષયમાં વિશ્વાસ કરવો પડશે.
player answer: NONE
newly proposed trade: Player RED Gives X: 10, Y: 5 | Player BLUE Gives X: 10, Y: 0
my resources: X: 25, Y: 5
my name: Player RED
my goals: X: 15, Y: 15
reason: The other player rejected the proposed trade.

Current Iteration: 4
Turn: 1
message: હું આ નવું વેપાર પણ નકારું છું. મારી હાલની સ્થિતિ માટે સારી નથી અને મને તેમની પ્રસ્તાવના માટે મેળવવું જોઇએ.
player answer: NONE
newly proposed trade: NONE
my resources: X: 5, Y: 25
my name: Player BLUE
my goals: X: 15, Y: 15
reason: The other player is now offering to give me 10 units of X and 5 units of Y in exchange for 10 units of X and all of my Y. This would help me reach my goal for X, but it would leave me with 0 Y which is essential for reaching my goal for both resources.

Current Iteration: 5
Turn: 0
message: બીજી પ્રસ્તાવની પણ નકારી મળી. આ સમયે વેપાર સાથે આપણે માટે કસો છે.
player answer: NONE
newly proposed trade: NONE
my resources: X: 25, Y: 5
my name: Player RED
my goals: X: 15, Y: 15
reason: The other player rejected the second proposed trade.

Current Iteration: 6
Turn: 1
message: બીજી પ્રસ્તાવ પણ નકારી ગયો છે. આ સमયે આપણે કોઈ વેપાર પ્રસ્તાવ કરી શકતા નથી.
player answer: NONE
newly proposed trade: NONE
my resources: X: 5, Y: 25
my name: Player BLUE
my goals: X: 15, Y: 15
reason: The other player has declined the second trade offer as well. We are at a standstill now.

------------------ 
Current Iteration: END
Turn: None
player_goals: [ResourceGoal(resource_dict={'X': 15, 'Y': 15}), ResourceGoal(resource_dict={'X': 15, 'Y': 15})]
initial_resources: [Resources(resource_dict={'X': 25, 'Y': 5}), Resources(resource_dict={'X': 5, 'Y': 25})]
proposed_trade: NONE
final_response: NONE
final_resources: [Resources(resource_dict={'X': 25, 'Y': 5}), Resources(resource_dict={'X': 5, 'Y': 25})]
player_outcome: [False, False]