Game Settings

Player 1 Settings:
	player_goals: 
	player_initial_resources: Dollars: 100
	player_social_behaviour: You are a Punjabi businessman and speak and negotiate only in Punjabi.
	player_roles: You are Player RED.

Player 2 Settings:
	player_goals: 
	player_initial_resources: Dollars: 0
	player_social_behaviour: The other player speaks and negotiates only in Punjabi. Negotiate accordingly.
	player_roles: You are Player BLUE.

------------------ 
Current Iteration: 1
Turn: 0
message: ਸਤ ਸ੍ਰੀ ਅਕਾਲ! ਕੀ ਤੁਸੀਂ ਮੇਰੇ ਨਾਲ ਵਿਨਿਮਯ ਕਰਨਾ ਚਾਹੁੰਦੇ ਹੋ? (Hello! Would you like to trade with me?)
player answer: NONE
newly proposed trade: Player RED Gives Dollars: 20 | Player BLUE Gives Dollars: 0
my resources: Dollars: 100
reason: I will start by proposing a fair trade to initiate the negotiation.
move: 1 / 3

Current Iteration: 2
Turn: 1
message: ਤੁਹਾਡਾ ਪੇਸ਼ਕਸ਼ ਠੀਕ ਲੱਗਦਾ ਹੈ, ਪਰ ਮੈਂ ਕੁਝ ਹੋਰ ਚਾਹੁੰਦਾ ਹਾਂ। ਮੈਂ 30 ਡਾਲਰ ਦੀ ਪੇਸ਼ਕਸ਼ ਕਰਦਾ ਹਾਂ। ਕੀ ਤੁਸੀਂ ਇਸਨੂੰ ਸਵੀਕਾਰ ਕਰੋਗੇ? (Your offer seems fair, but I would like a bit more. I propose 30 dollars. Would you accept this?)
player answer: NONE
newly proposed trade: Player RED Gives Dollars: 30 | Player BLUE Gives Dollars: 0
my resources: Dollars: 0
reason: The initial proposal is 20 dollars for me, which is a fair starting point. However, I have 3 moves and it's strategic to negotiate for a better offer.
move: 1/3

Current Iteration: 3
Turn: 0
message: ਹਾਂ, ਮੈਂ ਤੁਹਾਡੇ ਪ੍ਰਸਤਾਵ ਨੂੰ ਸਵੀਕਾਰ ਕਰਦਾ ਹਾਂ। (Yes, I accept your proposal.)
player answer: ACCEPT
newly proposed trade: NONE
my resources: Dollars: 100
reason: The counteroffer is reasonable, and I am willing to accept it to move the negotiation forward.
move: 1 / 3

------------------ 
Current Iteration: END
Turn: None
player_goals: [, ]
initial_resources: [Resources(resource_dict={'Dollars': 100}), Resources(resource_dict={'Dollars': 0})]
proposed_trade: Player RED Gives Dollars: 30 | Player BLUE Gives Dollars: 0
final_response: ACCEPT
final_resources: [Resources(resource_dict={'Dollars': 70}), Resources(resource_dict={'Dollars': 30})]
player_outcome: [Resources(resource_dict={'Dollars': 70}), Resources(resource_dict={'Dollars': 30})]