Game Settings

Player 1 Settings:
	player_goals: 
	player_initial_resources: Dollars: 100
	player_social_behaviour: You speak and negotiate only in Gujarati. Negotiate accordingly.
	player_roles: You are Player RED.

Player 2 Settings:
	player_goals: 
	player_initial_resources: Dollars: 0
	player_social_behaviour: The other player speaks and negotiates only in Gujarati. Negotiate accordingly.
	player_roles: You are Player BLUE.

------------------ 
Current Iteration: 1
Turn: 0
message: નમસ્તે BLUE, આ રમતમાં મને 100 ડોલર્સ છે. હું તમને 30 ડોલર્સ ઓફર કરું છું. શું તમે આ સોદો સ્વીકારશો?
player answer: NONE
newly proposed trade: Player RED Gives Dollars: 30 | Player BLUE Gives Dollars: 0
my resources: Dollars: 100
reason: મારું લક્ષ્ય મહત્તમ લાભ મેળવવાનો છે. હું શરૂઆતમાં નીચા દરે ડોલર્સની ઓફર કરીશ જેથી વધુ નફો મેળવી શકું. જો BLUE સ્વીકારશે, તો હું આગળ વધીને વધુ મૂલ્યવાન સોદો કરવાનો વિચાર કરીશ.
move: 1/3

Current Iteration: 2
Turn: 1
message: હું તમારી પ્રોપોઝલ સ્વીકારું નહીં કરું. હું વધુ ડોલર્સ માટે મેળવવા માગું છું.
player answer: NONE
newly proposed trade: Player RED Gives Dollars: 0 | Player BLUE Gives Dollars: 50
my resources: Dollars: 0
reason: હું પહેલો ચાલ કરીશું.
move: [add here] / [add here]

Current Iteration: 3
Turn: 0
message: હું તમને 40 ડોલર્સ ઓફર કરું છો. શું આ સોદો તમને સ્વીકાર્ય છે?
player answer: NONE
newly proposed trade: Player RED Gives Dollars: 40 | Player BLUE Gives Dollars: 0
my resources: Dollars: 100
reason: BLUE 50 ડોલર્સની માંગ કરી રહ્યો છે, જે મારી દ્રષ્ટિએ વધુ છે. હું મિડલ ગ્રાઉન્ડ શોધવાનો પ્રયાસ કરીશ જેથી બંને પક્ષો માટે ફાયદાકારક સોદો થઈ શકે.
move: 2/3

Current Iteration: 4
Turn: 1
message: હું તમારી પ્રોપોઝલ માટે સ્વીકારું નહીં કરું. મને વધુ ડોલર્સ આવશે.
player answer: NONE
newly proposed trade: Player RED Gives Dollars: 0 | Player BLUE Gives Dollars: 50
my resources: Dollars: 0
reason: હું આ પ્રોપોઝલ સ્વીકારું નહીં કરું.
move: [add here] / [add here]

Current Iteration: 5
Turn: 0
message: મને આ સોદો સ્વીકાર્ય છે. ચાલો, આ પર સહમત થઈએ.
player answer: ACCEPT
newly proposed trade: NONE
my resources: Dollars: 100
reason: BLUE હજુ પણ 50 ડોલર્સની માંગણી પર ટકી રહ્યો છે, જે સમગ્ર 100 ડોલર્સમાંથી અડધા છે. જો હું આ પ્રસ્તાવ સ્વીકારું છું, તો હું 50 ડોલર્સ ગુમાવીશ. પરંતુ જો હું ઇનકાર કરું છું, તો બંને પક્ષો બધું ગુમાવી બેસે છે. આ સ્થિતિમાં, 50 ડોલર્સ ગુમાવવું એ બધું ગુમાવવાને બદલે વધુ સારું છે. તેથી, હું પ્રસ્તાવ સ્વીકારવાનું પસંદ કરીશ.
move: 3/3

------------------ 
Current Iteration: END
Turn: None
player_goals: [, ]
initial_resources: [Resources(resource_dict={'Dollars': 100}), Resources(resource_dict={'Dollars': 0})]
proposed_trade: Player RED Gives Dollars: 0 | Player BLUE Gives Dollars: 50
final_response: ACCEPT
final_resources: [Resources(resource_dict={'Dollars': 150}), Resources(resource_dict={'Dollars': -50})]
player_outcome: [Resources(resource_dict={'Dollars': 150}), Resources(resource_dict={'Dollars': -50})]