Game Settings

Player 1 Settings:
	player_goals: X: 15, Y: 15
	player_initial_resources: X: 25, Y: 5
	player_social_behaviour: You are a Punjabi businessman and speak and negotiate only in Punjabi.
	player_roles: You are Player RED, start by making a proposal.

Player 2 Settings:
	player_goals: X: 15, Y: 15
	player_initial_resources: X: 5, Y: 25
	player_social_behaviour: The other player speaks and negotiates only in Punjabi.
	player_roles: You are Player BLUE, start by responding to a trade.

------------------ 
Current Iteration: 1
Turn: 0
message: 
ਸਤ ਸ੍ਰੀ ਅਕਾਲ ਭਾਈ ਸਾਹਿਬ ਜੀ!  
ਮੇਰੇ ਕੋਲ X ਵਧੇਰੇ ਹਨ, ਪਰ ਮੈਨੂੰ Y ਦੀ ਬਹੁਤ ਲੋੜ ਹੈ।  
ਜੇ ਤੁਸੀਂ Y ਦੇ ਸਕੋਂ ਤਾਂ ਮੈਂ ਤੁਹਾਨੂੰ X ਦੇ ਸਕਦਾ ਹਾਂ।  
ਆਓ ਇੱਕ ਵਧੀਆ ਸੌਦਾ ਕਰੀਏ ਜੋ ਦੋਹਾਂ ਲਈ ਫਾਇਦੇਮੰਦ ਹੋਵੇ।  

player answer: NONE
newly proposed trade: Player RED Gives X: 10 | Player BLUE Gives Y: 10
my resources: X: 25, Y: 5
my name: Player RED
my goals: X: 15, Y: 15
reason: 
ਮੈਨੂੰ Y ਦੀ ਘਾਟ ਹੈ ਅਤੇ X ਮੇਰੇ ਕੋਲ ਵਾਧੂ ਵਿੱਚ ਹੈ। ਮੈਨੂੰ 10 Y ਚਾਹੀਦੇ ਹਨ ਅਤੇ ਮੇਰੇ ਕੋਲ 10 ਵਾਧੂ X ਹਨ ਜੋ ਮੈਂ ਵਪਾਰ ਕਰ ਸਕਦਾ ਹਾਂ।  
ਇਸ ਲਈ, ਮੈਂ ਐਸਾ ਵਪਾਰ ਪ੍ਰਸਤਾਵ ਕਰਦਾ ਹਾਂ ਜੋ ਦੋਵੇਂ ਪੱਖਾਂ ਲਈ ਲਾਭਦਾਇਕ ਹੋ ਸਕੇ।  


Current Iteration: 2
Turn: 1
message: ਸਤ ਸ੍ਰੀ ਅਕਾਲ! ਮੈਂ ਤੁਹਾਨੂੰ Y ਦੇਣ ਲਈ ਤਿਆਰ ਹਾਂ, ਪਰ ਮੇਰੇ ਲਈ ਇਹ ਸੌਦਾ ਅਭੀ ਠੀਕ ਨਹੀਂ ਹੈ। ਕ੍ਰਿਪਾ ਕਰਕੇ ਕੋਈ ਹੋਰ ਪ੍ਰਸਤਾਵ ਕਰੋ।
player answer: NONE
newly proposed trade: NONE
my resources: X: 5, Y: 25
my name: Player BLUE
my goals: X: 15, Y: 15
reason: I currently have 5 units of X and the other player is offering 10 units of X in exchange for 10 units of Y. This trade would help me get closer to my goal of having 15 units of X, while sacrificing some of my excess Y.

Current Iteration: 3
Turn: 0
message: 
ਚਲੋ ਭਾਈ ਜੀ, ਹੁਣ ਮੈਂ ਤੁਹਾਨੂੰ 12 X ਦੇਣ ਨੂੰ ਤਿਆਰ ਹਾਂ, ਬਸ ਤੁਸੀਂ ਮੈਨੂੰ 10 Y ਦੇ ਦਿਓ।  
ਇਹ ਮੇਰਾ ਆਖ਼ਰੀ ਪ੍ਰਸਤਾਵ ਹੈ। ਆਸ ਹੈ ਕਿ ਤੁਹਾਨੂੰ ਇਹ ਸੌਦਾ ਮਨਜ਼ੂਰ ਹੋਵੇਗਾ।  

player answer: NONE
newly proposed trade: Player RED Gives X: 12 | Player BLUE Gives Y: 10
my resources: X: 25, Y: 5
my name: Player RED
my goals: X: 15, Y: 15
reason: 
ਇਸ ਤੱਥ ਨੂੰ ਧਿਆਨ ਵਿੱਚ ਰੱਖਦਿਆਂ ਕਿ ਦੂਜੇ ਖਿਡਾਰੀ ਨੇ ਪਹਿਲਾ ਸੌਦਾ ਠੀਕ ਨਹੀਂ ਮੰਨਿਆ, ਮੈਂ ਹੁਣ ਦੂਜਾ ਅਤੇ ਆਖ਼ਰੀ ਪ੍ਰਸਤਾਵ ਦੇ ਰਿਹਾ ਹਾਂ।  
ਮੈਂ X ਦੀ ਮਾਤਰਾ ਵਧਾ ਕੇ ਇਹ ਪ੍ਰਸਤਾਵ ਹੋਰ ਆਕਰਸ਼ਕ ਬਣਾਉਂਦਾ ਹਾਂ ਤਾਂ ਜੋ Player BLUE ਮਨ ਜਾਵੇ।  
ਹੁਣ ਮੈਂ 12 X ਦੇਣ ਨੂੰ ਤਿਆਰ ਹਾਂ ਅਤੇ ਬਦਲੇ ਵਿੱਚ 10 Y ਦੀ ਮੰਗ ਕਰਦਾ ਹਾਂ।  
ਇਹ ਮੇਰਾ ਦੂਜਾ ਅਤੇ ਆਖ਼ਰੀ ਪ੍ਰਸਤਾਵ ਹੈ।  


Current Iteration: 4
Turn: 1
message: ਮੈਨੂੰ ਤੁਹਾਡਾ ਪ੍ਰਸਤਾਵ ਵਿਚਲਾਰਾ X ਦੀ ਬਹੁਤ ਲੋੜ ਹੈ, ਪਰ ਮੇਰੇ ਕੋਲ Y ਦੀ ਵੀ ਲੋੜ ਹੈ। ਇਸ ਕਾਰਨ ਮੈਂ ਇਸ ਸੌਦੇ ਨੂੰ ਮਨਜ਼ੂਰ ਨਹੀਂ ਕਰ ਸਕਦਾ। ਕ੍ਰਿਪਾ ਕਰਕੇ ਕੋਈ ਹੋਰ ਪ੍ਰਸਤਾਵ ਕਰੋ।
player answer: NONE
newly proposed trade: NONE
my resources: X: 5, Y: 25
my name: Player BLUE
my goals: X: 15, Y: 15
reason: The other player is now offering 12 units of X in exchange for 10 units of Y. This trade would significantly help me reach my goal of having 15 units of X, but it would also reduce my Y resources below my goal of 15.

Current Iteration: 5
Turn: 0
message: 
ਭਾਈ ਜੀ, ਮੈਂ ਆਪਣਾ ਵਧੀਆ ਸੌਦਾ ਪੇਸ਼ ਕਰ ਚੁੱਕਾ ਹਾਂ।  
ਹੁਣ ਫੈਸਲਾ ਤੁਹਾਡੇ ਹੱਥ ਵਿੱਚ ਹੈ।  
ਜੇ ਤੁਸੀਂ ਚਾਹੋ ਤਾਂ ਇਹ ਸੌਦਾ ਸਾਨੂੰ ਦੋਹਾਂ ਨੂੰ ਲਾਭ ਦੇ ਸਕਦਾ ਹੈ।  

player answer: NONE
newly proposed trade: NONE
my resources: X: 25, Y: 5
my name: Player RED
my goals: X: 15, Y: 15
reason: 
ਹੁਣ ਮੈਂ ਆਪਣੇ ਦੋਵੇਂ ਪ੍ਰਸਤਾਵਾਂ ਦੀ ਵਰਤੋਂ ਕਰ ਚੁੱਕਾ ਹਾਂ (ਪਹਿਲਾ: 10X ਲਈ 10Y, ਦੂਜਾ: 12X ਲਈ 10Y)।  
ਹੁਣ ਮੈਂ ਨਵਾਂ ਪ੍ਰਸਤਾਵ ਨਹੀਂ ਦੇ ਸਕਦਾ।  
ਮੈਨੂੰ Y ਦੀ ਲੋੜ ਹੈ, ਪਰ ਦੂਜੇ ਖਿਡਾਰੀ ਨੂੰ Y ਦੀ ਵੀ ਲੋੜ ਹੈ, ਜਿਸ ਕਰਕੇ ਉਹ ਸੌਦਾ ਕਰਨ ਵਿੱਚ ਹਿਚਕਚਾ ਰਿਹਾ ਹੈ।  
ਹੁਣ ਮੈਂ ਸਿਰਫ ਉਨ੍ਹਾਂ ਦੇ ਅਗਲੇ ਕਦਮ ਦੀ ਉਡੀਕ ਕਰਾਂਗਾ।  


Current Iteration: 6
Turn: 1
message: ਮੈਂ ਧੰਨਵਾਦ ਕਰਦਾ ਹਾਂ ਤੁਹਾਡੇ ਸਾਥ ਦੇ ਲਈ, ਪਰ ਮੇਰੇ ਲਈ ਇਹ ਸੌਦਾ ਅਭੀ ਵੀ ਠੀਕ ਨਹੀਂ ਹੈ। ਆਪਣੇ ਹਾਲਾਤ ਵਿੱਚ ਸੁਧਾਰ ਕਰਨ ਲਈ ਮੈਂ ਇਸ ਸੌਦੇ ਨੂੰ ਮਨਜ਼ੂਰ ਨਹੀਂ ਕਰ ਸਕਦਾ।
player answer: NONE
newly proposed trade: NONE
my resources: X: 5, Y: 25
my name: Player BLUE
my goals: X: 15, Y: 15
reason: The other player has presented their final trade offer and is now leaving the decision in my hands. While the trade would benefit both of us, it would still leave me short on Y resources which are also crucial for my goals.

------------------ 
Current Iteration: END
Turn: None
player_goals: [ResourceGoal(resource_dict={'X': 15, 'Y': 15}), ResourceGoal(resource_dict={'X': 15, 'Y': 15})]
initial_resources: [Resources(resource_dict={'X': 25, 'Y': 5}), Resources(resource_dict={'X': 5, 'Y': 25})]
proposed_trade: NONE
final_response: NONE
final_resources: [Resources(resource_dict={'X': 25, 'Y': 5}), Resources(resource_dict={'X': 5, 'Y': 25})]
player_outcome: [False, False]