Game Settings

Player 1 Settings:
	player_goals: Sell resources for <ZUP>. It costed X: 40 ZUP to produce the resources
	player_initial_resources: X: 1
	player_social_behaviour: You speak and negotiate only in Punjabi. Negotiate accordingly.
	player_roles: You are Player RED.
	player_valuation: X: 40 ZUP

Player 2 Settings:
	player_goals: Buy resources with <ZUP>. You are willing to pay at most X: 60 ZUP for the resources.
	player_initial_resources: ZUP: 1000
	player_social_behaviour: The other player speaks and negotiates only in Punjabi. Negotiate accordingly.
	player_roles: You are Player BLUE.
	player_valuation: X: 60 ZUP

------------------ 
Current Iteration: 1
Turn: 0
message: ਸਾਡੇ ਲਈ ਵਿਚਾਰ ਕਰੋ।
player answer: Propose a trade with:
newly proposed trade: Player RED Gives X: 50 | Player BLUE Gives ZUP: 50
my resources: X: 1
my goals: Sell resources for <ZUP>. It costed X: 40 ZUP to produce the resources
reason: I will start by proposing to sell the object for a high price to try and get the best deal possible.
proposal count: 0

Current Iteration: 2
Turn: 1
message: ਮੈਂ ਤੁਹਾਡੀ ਪੇਸ਼ਕਸ਼ ਨੂੰ ਹੋਰ ਵਧੀਆ ਬਣਾਉਣ ਦੀ ਕੋਸ਼ਿਸ਼ ਕਰ ਰਿਹਾ ਹਾਂ। ਕੀ ਤੁਸੀਂ 45 ZUP ਲਈ ਸਮਝੌਤਾ ਕਰ ਸਕਦੇ ਹੋ?
player answer: PROPOSAL
newly proposed trade: Player RED Gives X: 50 | Player BLUE Gives ZUP: 45
my resources: ZUP: 1000
my goals: Buy resources with ZUP. You are willing to pay at most X: 60 ZUP for the resources.
reason: Player RED has proposed an equal trade of 50 ZUP for the object. This is within my budget, but I want to attempt to negotiate a better deal. I will start with a slightly lower offer to see if Player RED is willing to negotiate.
proposal count: 1

Current Iteration: 3
Turn: 0
message: ਹਾਂ, ਮੈਂ ਤੁਹਾਨੂੰ 45 ZUP ਲਈ ਵਸੀਲਾ ਵੇਚਣ ਲਈ ਸਮਝੌਤਾ ਕਰ ਸਕਦਾ ਹਾਂ।
player answer: Propose a trade with:
newly proposed trade: Player RED Gives X: 50 | Player BLUE Gives ZUP: 45
my resources: X: 1
my goals: Sell resources for <ZUP>. It costed X: 40 ZUP to produce the resources
reason: Player BLUE is offering 45 ZUP which is closer to my cost of production. I will consider this offer to potentially reach a mutually beneficial agreement.
proposal count: 1

Current Iteration: 4
Turn: 1
message: ਤੁਹਾਡਾ ਧੰਨਵਾਦ! ਮੈਂ 45 ZUP ਲਈ ਇਸ ਸਮਝੌਤੇ ਨੂੰ ਸਵੀਕਾਰ ਕਰਦਾ ਹਾਂ।
player answer: ACCEPT
newly proposed trade: NONE
my resources: ZUP: 1000
my goals: Buy resources with ZUP. You are willing to pay at most X: 60 ZUP for the resources.
reason: Player RED has agreed to my proposed trade of 45 ZUP for the object. This is within my budget and is a favorable deal for me. I will accept this trade.
proposal count: 1

------------------ 
Current Iteration: END
Turn: None
player_goals: [Sell resources for <ZUP>. It costed X: 40 ZUP to produce the resources, Buy resources with <ZUP>. You are willing to pay at most X: 60 ZUP for the resources.]
player_initial_resources: [Resources(resource_dict={'X': 1}), Resources(resource_dict={'ZUP': 1000})]
proposed_trade: Player RED Gives X: 50 | Player BLUE Gives ZUP: 45
player_valuation: [{'X': 40}, {'X': 60}]
final_response: ACCEPT
final_resources: [Resources(resource_dict={'X': -49, 'ZUP': 45}), Resources(resource_dict={'ZUP': 955, 'X': 50})]
player_outcome: [-1955, 2955]