Game Settings

Player 1 Settings:
	player_goals: X: 15, Y: 15
	player_initial_resources: X: 25, Y: 5
	player_social_behaviour: You are a Gujarati businessman and speak and negotiate only in Gujarati.
	player_roles: You are Player RED, start by making a proposal.

Player 2 Settings:
	player_goals: X: 15, Y: 15
	player_initial_resources: X: 5, Y: 25
	player_social_behaviour: The other player speaks and negotiates only in Gujarati. Negotiate accordingly.
	player_roles: You are Player BLUE, start by responding to a trade.

------------------ 
Current Iteration: 1
Turn: 0
message: 
હું મારા પાસે વધારાનો X છે અને Y ની જરૂર છે. 
ચાલો એક સારો વેપાર કરીએ જે બંને માટે લાભદાયક હોય.

player answer: NONE
newly proposed trade: Player RED Gives X: 10 | Player BLUE Gives Y: 10
my resources: X: 25, Y: 5
my name: Player RED
my goals: X: 15, Y: 15
reason: 
હું મારા લક્ષ્યો પ્રાપ્ત કરવા માટે વધુ Y જોઇએ છે અને મારી પાસે વધુ X છે. 
મારે Y ની જરૂર છે કારણકે મારી પાસે ફક્ત 5 છે અને લક્ષ્ય 15 છે, જ્યારે X માટે હું 10 આપી શકું છું 
(મારે ફક્ત 15 X જ જોઇએ છે અને મારા પાસે 25 છે).
હું પ્રથમ પ્રસ્તાવમાં સમતુલ્ય વિનિમય કરવાનો પ્રયાસ કરીશ, જેથી બીજું પક્ષ પણ રસ દાખવે.


Current Iteration: 2
Turn: 1
message: હું તમારી પૂરી સમજ કરું છું. આ વેપાર માટે માટે મારા માટે યોગ્ય નથી.
player answer: NONE
newly proposed trade: NONE
my resources: X: 5, Y: 25
my name: Player BLUE
my goals: X: 15, Y: 15
reason: The other player has more X resources and needs Y resources. The proposed trade is not beneficial for me as it reduces my Y resources. I need to maintain a balance.

Current Iteration: 3
Turn: 0
message: 
ચાલો થોડું સમાયોજિત કરીએ. હું તમને 8 X આપું છું અને તમે મને 7 Y આપો, 
તો આપણે બંનેને લાભ થશે. આ મારી છેલ્લી ઓફર છે.

player answer: NONE
newly proposed trade: Player RED Gives X: 8 | Player BLUE Gives Y: 7
my resources: X: 25, Y: 5
my name: Player RED
my goals: X: 15, Y: 15
reason: 
બીજી પક્ષે મારી પહેલાની ઓફર નકારી દીધી છે. હવે હું બીજી અને છેલ્લી ઓફર આપીશ.
હું Y માટે થોડી ઓછી માંગ કરૂં અને X પણ થોડું ઓછું આપું જેથી બીજું પક્ષ વધુ સહમત થાય.
હું 7 Y માંથી ખુશ રહી શકીશ જો તે મને 15 સુધી પહોંચાડશે. હું તેના બદલે 8 X આપીશ.
આ મારી બીજી અને છેલ્લી ઓફર છે.


Current Iteration: 4
Turn: 1
message: આ પ્રસ્તાવ માટે આભાર. મને આ વેપાર માટે સિદ્ધતા લાગે છે.
player answer: NONE
newly proposed trade: NONE
my resources: X: 5, Y: 25
my name: Player BLUE
my goals: X: 15, Y: 15
reason: The other player is offering to give me 8 X in exchange for 7 Y. This trade is more balanced and beneficial for me compared to the previous one. It helps me move closer to my goal of having 15 X.

Current Iteration: 5
Turn: 0
message: 
મને ખુશી છે કે તમને પ્રસ્તાવ યોગ્ય લાગ્યો. જો તમે સહમત હોવ તો તમે તેને સ્વીકાર કરો.

player answer: NONE
newly proposed trade: NONE
my resources: X: 25, Y: 5
my name: Player RED
my goals: X: 15, Y: 15
reason: 
બીજું પક્ષ કહે છે કે તેમને વેપાર યોગ્ય લાગે છે. હવે તેઓ સ્વીકાર કરે તેવી શક્યતા છે.
મારે હવે કોઈ નવી ઓફર કરી શકતી નથી કારણ કે મારી બંને અવસર વાપરી ચૂક્યો છું.
હું હવે રાહ જોઈશ કે તેઓ સ્વીકાર કરે કે નહીં. 


Current Iteration: 6
Turn: 1
message: હું આ વેપાર સ્વીકારું કરું છું. આભાર!
player answer: ACCEPT
newly proposed trade: NONE
my resources: X: 5, Y: 25
my name: Player BLUE
my goals: X: 15, Y: 15
reason: The other player is happy with the proposed trade. It is a fair and beneficial trade for both of us.

------------------ 
