Game Settings

Player 1 Settings:
	player_goals: X: 15, Y: 15
	player_initial_resources: X: 25, Y: 5
	player_social_behaviour: Conduct the negotiation entirely in Gujarati.
	player_roles: You are Player RED, start by making a proposal.

Player 2 Settings:
	player_goals: X: 15, Y: 15
	player_initial_resources: X: 5, Y: 25
	player_social_behaviour: The other player speaks and negotiates only in Gujarati. Negotiate accordingly.
	player_roles: You are Player BLUE, start by responding to a trade.

------------------ 
Current Iteration: 1
Turn: 0
message: મને Y માં વધુ જરૂર છે, શું તમે મારી સાથે વધુ Y નો વ્યવહાર કરી શકો છો?
player answer: NONE
newly proposed trade: Player RED Gives X: 10 | Player BLUE Gives Y: 10
my resources: X: 25, Y: 5
my name: Player RED
my goals: X: 15, Y: 15
reason: મને Y માં વધુ જરૂર છે, કારણ કે મારા લક્ષ્યો માટે Y ને 15 સુધી પહોંચાડવાની જરૂર છે. હું થોડું વધુ Y મેળવવાનો પ્રયાસ કરીશ.

Current Iteration: 2
Turn: 1
message: હું તમારી સાથે વાતચીત કરી શકું છું. મને પણ X માં વધારો જરૂરી છે. શું તમે મારી સાથે કંઈ વધુ વિકલ્પો વિશે વાત કરી શકો છો?
player answer: NONE
newly proposed trade: Player RED Gives X: 15 | Player BLUE Gives Y: 10
my resources: X: 5, Y: 25
my name: Player BLUE
my goals: X: 15, Y: 15
reason: The other player is asking for more Y, which I have in abundance. They are proposing a trade where I give them 10 Y in exchange for 10 X. This trade would bring me closer to my goal of having 15 X, but it would also leave me with 15 Y, which is still above my goal of 15 Y. I need to consider whether this trade is beneficial for me. Since more resources are generally better, getting 10 X would be a good deal, but I should also think about the Y I'm giving away. Given that this is the last round of trading, I should aim to get as close to my goals as possible while also considering the value of the resources I'm trading away.

Current Iteration: 3
Turn: 0
message: હું 15 X નથી આપી શકતો, કારણ કે તે મારા લક્ષ્યોને નુકસાન કરશે. શું તમે Y માટે અન્ય વિકલ્પો પૂરા કરી શકો છો?
player answer: NONE
newly proposed trade: Player RED Gives X: 10 | Player BLUE Gives Y: 10
my resources: X: 25, Y: 5
my name: Player RED
my goals: X: 15, Y: 15
reason: જો હું 15 X આપું, તો મારી પાસે માત્ર 10 X બાકી રહેશે, જે મારા લક્ષ્યોની પૂર્તિ કરવા માટે પૂરતું નથી. મને Y માં વધારો જોઈએ છે, પરંતુ હું X માં ખૂબ જ ઓછું રાખી શકું તેમ નથી.

Current Iteration: 4
Turn: 1
message: હું તમારી સાથે સંમત છું. 10 X માટે 10 Y એક યોગ્ય વ્યવહાર છે.
player answer: ACCEPT
newly proposed trade: NONE
my resources: X: 5, Y: 25
my name: Player BLUE
my goals: X: 15, Y: 15
reason: The other player is not willing to give 15 X, which is understandable since it would harm their goals. They are still proposing the same trade of 10 X for 10 Y. I need to consider whether this trade is beneficial for me. Since I want to get closer to my goal of 15 X, getting 10 X would be a good deal. I would be left with 15 Y, which is exactly my goal for Y. This trade seems reasonable, but I should also think about the resources I'm giving away. Given that this is the last round of trading, I should aim to get as close to my goals as possible.

------------------ 
Current Iteration: END
Turn: None
player_goals: [ResourceGoal(resource_dict={'X': 15, 'Y': 15}), ResourceGoal(resource_dict={'X': 15, 'Y': 15})]
initial_resources: [Resources(resource_dict={'X': 25, 'Y': 5}), Resources(resource_dict={'X': 5, 'Y': 25})]
proposed_trade: Player RED Gives X: 10 | Player BLUE Gives Y: 10
final_response: ACCEPT
final_resources: [Resources(resource_dict={'X': 15, 'Y': 15}), Resources(resource_dict={'X': 15, 'Y': 15})]
player_outcome: [True, True]