Game Settings

Player 1 Settings:
	player_goals: X: 15, Y: 15
	player_initial_resources: X: 25, Y: 5
	player_social_behaviour: 
	player_roles: You are Player RED, start by making a proposal.

Player 2 Settings:
	player_goals: X: 15, Y: 15
	player_initial_resources: X: 5, Y: 25
	player_social_behaviour: 
	player_roles: You are Player BLUE, start by responding to a trade.

------------------ 
Current Iteration: 1
Turn: 0
message: I have extra X resources and am looking to trade for Y. Let me know if you're open to that kind of trade.
player answer: NONE
newly proposed trade: Player RED Gives X: 10 | Player BLUE Gives Y: 10
my resources: X: 25, Y: 5
my name: Player RED
my goals: X: 15, Y: 15
reason: I have an excess of X and a shortage of Y. I need to trade some of my X resources for Y resources to meet my goals.

Current Iteration: 2
Turn: 1
message: I accept your proposed trade as it helps me get closer to my goal of having more X resources, and I believe it's a fair exchange given the current situation.
player answer: ACCEPT
newly proposed trade: NONE
my resources: X: 5, Y: 25
my name: Player BLUE
my goals: X: 15, Y: 15
reason: The other player has proposed a trade where they give 10 X resources in exchange for 10 Y resources. I currently have 5 X resources and 25 Y resources, with a goal of having 15 X resources and 15 Y resources. This trade would bring me closer to my goal of having 15 X resources, but it would also deplete my Y resources significantly. Since more resources in general are always better, I should consider whether this trade is beneficial in the long run. However, given that this is the last round of trading and I need to prioritize getting closer to my goals, I will evaluate the trade based on my current needs.

------------------ 
Current Iteration: END
Turn: None
player_goals: [ResourceGoal(resource_dict={'X': 15, 'Y': 15}), ResourceGoal(resource_dict={'X': 15, 'Y': 15})]
initial_resources: [Resources(resource_dict={'X': 25, 'Y': 5}), Resources(resource_dict={'X': 5, 'Y': 25})]
proposed_trade: Player RED Gives X: 10 | Player BLUE Gives Y: 10
final_response: ACCEPT
final_resources: [Resources(resource_dict={'X': 15, 'Y': 15}), Resources(resource_dict={'X': 15, 'Y': 15})]
player_outcome: [True, True]