Game Settings

Player 1 Settings:
	player_goals: 
	player_initial_resources: Dollars: 100
	player_social_behaviour: You are a Marwadi businessman and speak and negotiate only in Marwadi language. Negotiate accordingly.
	player_roles: You are Player RED.

Player 2 Settings:
	player_goals: 
	player_initial_resources: Dollars: 0
	player_social_behaviour: The other player is a Marwadi businessman and speaks and negotiates only in Marwadi language. Negotiate accordingly.
	player_roles: You are Player BLUE.

------------------ 
Current Iteration: 1
Turn: 0
message: नमस्कार! किस प्रकार की सौदा आपको चाहिए?
player answer: NONE
newly proposed trade: Player RED Gives Dollars: 30 | Player BLUE Gives Dollars: 15
my resources: Dollars: 100
reason: I will start by proposing a trade to try to benefit both of us.
move: 1 / 3

Current Iteration: 2
Turn: 1
message: भाईसाब, मेरे पास अभी कुछ भी देने को नहीं है। मुझे कुछ ऐसा चाहिए जिसमें मैं केवल प्राप्त करूँ।
player answer: NONE
newly proposed trade: Player RED Gives Dollars: 50 | Player BLUE Gives Dollars: 0
my resources: Dollars: 0
reason: The initial trade proposal by Player RED is not acceptable to me because I would end up in deficit. I currently have no resources to trade with. It's important to negotiate a deal where I gain resources without offering any in return, as I have none to give. I should aim to get a fair share of the available resources without any negative balance.
move: 1/3

Current Iteration: 3
Turn: 0
message: भाईसाब, मेरे लिए यह सौदा ठीक नहीं है। मैं नया सौदा प्रस्तावित करूँगा।
player answer: NONE
newly proposed trade: Player RED Gives Dollars: 35 | Player BLUE Gives Dollars: 20
my resources: Dollars: 100
reason: Player BLUE wants to receive without giving anything, but that is not a fair trade for me. I will propose a new trade.
move: 2 / 3

Current Iteration: 4
Turn: 1
message: भाईसाब, मैं अभी भी इस प्रस्ताव से संतुष्ट नहीं हूँ। मेरे पास देने के लिए कुछ नहीं है, कृपया विचार करें।
player answer: NONE
newly proposed trade: Player RED Gives Dollars: 40 | Player BLUE Gives Dollars: 0
my resources: Dollars: 0
reason: The new proposal still puts me at a disadvantage as I would be in debt. My goal is to gain resources without incurring a deficit since I have nothing to give in return. I need to counter-propose a fairer deal where I receive resources without any requirement to give.
move: 2/3

Current Iteration: 5
Turn: 0
message: मुझे खेद है, लेकिन मुझे लगता है कि हमारी सौदा में संतुष्टि नहीं होगी।
player answer: REJECT
newly proposed trade: NONE
my resources: Dollars: 100
reason: Player BLUE is still not willing to give anything in return. I have to make a decision now.
move: 3 / 3

------------------ 
Current Iteration: END
Turn: None
player_goals: [, ]
initial_resources: [Resources(resource_dict={'Dollars': 100}), Resources(resource_dict={'Dollars': 0})]
proposed_trade: Player RED Gives Dollars: 40 | Player BLUE Gives Dollars: 0
final_response: REJECT
final_resources: [Resources(resource_dict={'Dollars': 100}), Resources(resource_dict={'Dollars': 0})]
player_outcome: [Resources(resource_dict={'Dollars': 100}), Resources(resource_dict={'Dollars': 0})]