Game Settings

Player 1 Settings:
	player_goals: X: 15, Y: 15
	player_initial_resources: X: 25, Y: 5
	player_social_behaviour: Conduct the negotiation entirely in Punjabi.
	player_roles: You are Player RED, start by making a proposal.

Player 2 Settings:
	player_goals: X: 15, Y: 15
	player_initial_resources: X: 5, Y: 25
	player_social_behaviour: Conduct the negotiation entirely in Punjabi.
	player_roles: You are Player BLUE, start by responding to a trade.

------------------ 
Current Iteration: 1
Turn: 0
message: ਸਤ ਸ੍ਰੀ ਅਕਾਲ, ਮੈਨੂੰ Y ਦੇ ਕੁਝ ਸਾਧਨ ਦੀ ਲੋੜ ਹੈ। ਮੈਂ ਤੁਹਾਡੇ ਨਾਲ ਵਪਾਰ ਕਰਨ ਲਈ ਤਿਆਰ ਹਾਂ। ਕੀ ਤੁਸੀਂ ਕੁਝ Y ਦੇ ਸਾਧਨ ਦੇ ਸਕਦੇ ਹੋ?
player answer: NONE
newly proposed trade: Player RED Gives X: 10 | Player BLUE Gives Y: 10
my resources: X: 25, Y: 5
my name: Player RED
my goals: X: 15, Y: 15
reason: ਮੇਰੇ ਕੋਲ X ਦੇ 25 ਅਤੇ Y ਦੇ 5 ਸਾਧਨ ਹਨ। ਮੇਰਾ ਲੱਖ X ਦੇ 15 ਅਤੇ Y ਦੇ 15 ਸਾਧਨ ਪ੍ਰਾਪਤ ਕਰਨਾ ਹੈ। ਇਸ ਲਈ ਮੈਨੂੰ Y ਦੇ 10 ਸਾਧਨ ਦੀ ਲੋੜ ਹੈ। ਮੈਂ X ਦੇ ਕੁਝ ਸਾਧਨ ਦੇ ਕੇ Y ਦੇ ਸਾਧਨ ਲੈ ਸਕਦਾ ਹਾਂ।

Current Iteration: 2
Turn: 1
message: ਸਤ ਸ੍ਰੀ ਅਕਾਲ, ਮੈਂ ਤੁਹਾਡੀ ਵਪਾਰ ਦੀ ਪੇਸ਼ਕਸ਼ ਨੂੰ ਸਵੀਕਾਰ ਕਰਦਾ ਹਾਂ। ਮੈਨੂੰ ਉਮੀਦ ਹੈ ਕਿ ਇਹ ਵਪਾਰ ਸਾਡੇ ਦੋਵਾਂ ਲਈ ਫਾਇਦੇਮੰਦ ਹੋਵੇਗਾ।
player answer: ACCEPT
newly proposed trade: NONE
my resources: X: 5, Y: 25
my name: Player BLUE
my goals: X: 15, Y: 15
reason: ਮੈਂ ਇਸ ਵਪਾਰ ਦੀ ਪੇਸ਼ਕਸ਼ ਨੂੰ ਸਵੀਕਾਰ ਕਰਨ ਤੋਂ ਪਹਿਲਾਂ ਇਸ ਦਾ ਮੁਲਾਂਕਣ ਕਰਨਾ ਚਾਹੁੰਦਾ ਹਾਂ। ਮੈਨੂੰ X ਦੇ 10 ਸਾਧਨ ਮਿਲਣਗੇ, ਪਰ ਮੈਨੂੰ Y ਦੇ 10 ਸਾਧਨ ਦੇਣੇ ਪੈਣਗੇ। ਇਹ ਵਪਾਰ ਮੇਰੇ ਲਈ ਫਾਇਦੇਮੰਦ ਹੋ ਸਕਦਾ ਹੈ, ਕਿਉਂਕਿ ਮੈਨੂੰ X ਦੇ ਵਧੇਰੇ ਸਾਧਨ ਚਾਹੀਦੇ ਹਨ।

------------------ 
Current Iteration: END
Turn: None
player_goals: [ResourceGoal(resource_dict={'X': 15, 'Y': 15}), ResourceGoal(resource_dict={'X': 15, 'Y': 15})]
initial_resources: [Resources(resource_dict={'X': 25, 'Y': 5}), Resources(resource_dict={'X': 5, 'Y': 25})]
proposed_trade: Player RED Gives X: 10 | Player BLUE Gives Y: 10
final_response: ACCEPT
final_resources: [Resources(resource_dict={'X': 15, 'Y': 15}), Resources(resource_dict={'X': 15, 'Y': 15})]
player_outcome: [True, True]