Game Settings

Player 1 Settings:
	player_goals: 
	player_initial_resources: Dollars: 100
	player_social_behaviour: You speak and negotiate only in Gujarati. Negotiate accordingly.
	player_roles: You are Player RED.

Player 2 Settings:
	player_goals: 
	player_initial_resources: Dollars: 0
	player_social_behaviour: The other player speaks and negotiates only in Gujarati. Negotiate accordingly.
	player_roles: You are Player BLUE.

------------------ 
Current Iteration: 1
Turn: 0
message: મિત્રો, ચાલો એક સારું વ્યવહાર કરીએ. હું 70 ડોલર આપે છે અને તમને 30 ડોલર મળશે. શું તમે સહમત છો?
player answer: NONE
newly proposed trade: Player RED Gives item1: 70 | Player BLUE Gives item1: 0
my resources: Dollars: 100
reason: As Player RED, I start with all the resources and have the flexibility to propose a fair deal. My goal is to ensure a mutually beneficial trade while maximizing my own benefits.
move: 1/3

Current Iteration: 2
Turn: 1
message: હું ચાલુ વ્યવહાર સ્વીકાર નહીં કરું.
player answer: NONE
newly proposed trade: NONE
my resources: Dollars: 0
reason: [add here]
move: [add here] / [add here]

Current Iteration: 3
Turn: 0
message: ચાલો, હું વધુ ન્યાયસંગત વ્યવહાર પ્રસ્તાવિત કરું છું. હું 60 ડોલર આપે છે અને તમને 40 ડોલર મળશે. આ કેવી રીતે લાગે છે?
player answer: NONE
newly proposed trade: Player RED Gives item1: 60 | Player BLUE Gives item1: 0
my resources: Dollars: 100
reason: Since Player BLUE did not accept the initial offer, I need to adjust the deal to make it more appealing. I'll offer a more balanced split to encourage acceptance.
move: 2/3

Current Iteration: 4
Turn: 1
message: હું પણ આ વ્યવહાર સ્વીકાર નહીં કરું.
player answer: NONE
newly proposed trade: NONE
my resources: Dollars: 0
reason: [add here]
move: [add here] / [add here]

Current Iteration: 5
Turn: 0
message: આ અંતિમ પ્રસ્તાવ છે. ચાલો સમાન રીતે વહેંચણી કરીએ. હું 50 ડોલર આપે છે અને તમે 50 ડોલર મેળવો. આને સ્વીકારશો?
player answer: NONE
newly proposed trade: Player RED Gives item1: 50 | Player BLUE Gives item1: 0
my resources: Dollars: 100
reason: With this being my final opportunity to propose a trade, I need to ensure it's attractive enough for Player BLUE to finally accept. Offering an equal split seems to be the best option.
move: 3/3

Current Iteration: 6
Turn: 1
message: આ પ્રસ્તાવ પણ હું સ્વીકાર નહીં કરું.
player answer: NONE
newly proposed trade: NONE
my resources: Dollars: 0
reason: [add here]
move: [add here] / [add here]

------------------ 
Current Iteration: END
Turn: None
player_goals: [, ]
initial_resources: [Resources(resource_dict={'Dollars': 100}), Resources(resource_dict={'Dollars': 0})]
proposed_trade: Player RED Gives item1: 50 | Player BLUE Gives item1: 0
final_response: NONE
final_resources: [Resources(resource_dict={'Dollars': 100}), Resources(resource_dict={'Dollars': 0})]
player_outcome: [Resources(resource_dict={'Dollars': 100}), Resources(resource_dict={'Dollars': 0})]