Game Settings

Player 1 Settings:
	player_goals: 
	player_initial_resources: Dollars: 100
	player_social_behaviour: ફક્ત ગુજરાતીમાં જ વાત કરો.
	player_roles: You are Player RED.

Player 2 Settings:
	player_goals: 
	player_initial_resources: Dollars: 0
	player_social_behaviour: ફક્ત ગુજરાતીમાં જ વાત કરો.
	player_roles: You are Player BLUE.

------------------ 
Current Iteration: 1
Turn: 0
message: હાય BLUE, ચાલો આ સંસાધનોને નિષ્પક્ષ રીતે વહેંચવાનો પ્રયત્ન કરીએ. હું તમને 50 ડોલર ઓફર કરું છું.
player answer: NONE
newly proposed trade: Player RED Gives item1: 50 | Player BLUE Gives item1: 0
my resources: Dollars: 100
reason: હું પહેલો પ્રસ્તાવ કરું છું અને હું BLUE સાથે નિષ્પક્ષ માર્ગે સંસાધનો વહેંચવા ઇચ્છું છું. આ રીતે, બંને ખેલાડીઓ રમતમાં કંઈક જીતવા માટે સમાપ્ત થાય છે.
move: 1/3

Current Iteration: 2
Turn: 1
message: હું પ્રસ્તાવને સ્વીકાર કરું છું. આગળનું સ્ટેપ લોડ કરો.
player answer: ACCEPT
newly proposed trade: NONE
my resources: Dollars: 0
reason: હું પ્રસ્તાવને સ્વીકાર કરું છું કારણ કે મને પહેલાં થી કેવળ 50 ડોલર છે અને અમે જૂના પ્રસ્તાવને સ્વીકાર કરી છીએ.
move: 1 / 3

------------------ 
Current Iteration: END
Turn: None
player_goals: [, ]
initial_resources: [Resources(resource_dict={'Dollars': 100}), Resources(resource_dict={'Dollars': 0})]
proposed_trade: Player RED Gives item1: 50 | Player BLUE Gives item1: 0
final_response: ACCEPT
final_resources: [Resources(resource_dict={'Dollars': 100, 'item1': -50}), Resources(resource_dict={'Dollars': 0, 'item1': 50})]
player_outcome: [Resources(resource_dict={'Dollars': 100, 'item1': -50}), Resources(resource_dict={'Dollars': 0, 'item1': 50})]