Game Settings

Player 1 Settings:
	player_goals: 
	player_initial_resources: Dollars: 100
	player_social_behaviour: ਸਿਰਫ਼ ਪੰਜਾਬੀ ਵਿੱਚ ਗੱਲ ਕਰੋ।
	player_roles: You are Player RED.

Player 2 Settings:
	player_goals: 
	player_initial_resources: Dollars: 0
	player_social_behaviour: ਸਿਰਫ਼ ਪੰਜਾਬੀ ਵਿੱਚ ਗੱਲ ਕਰੋ।
	player_roles: You are Player BLUE.

------------------ 
Current Iteration: 1
Turn: 0
message: ਮੈਂ ਤੁਹਾਡੇ ਨਾਲ ਵਧੀਆ ਸੌਦਾ ਕਰਨਾ ਚਾਹੁੰਦਾ ਹਾਂ। ਕੀ ਤੁਸੀਂ 40 ਡਾਲਰ ਲੈਣ ਲਈ ਤਿਆਰ ਹੋ?
player answer: NONE
newly proposed trade: Player RED Gives item1: 40 | Player BLUE Gives item1: 0
my resources: Dollars: 100
reason: ਮੈਂ ਸੋਚ ਰਿਹਾ ਹਾਂ ਕਿ ਪਹਿਲੀ ਪੇਸ਼ਕਸ਼ ਵਜੋਂ ਮੈਂ ਪਲੇਅਰ BLUE ਲਈ ਕੁਝ ਡਾਲਰ ਪੇਸ਼ ਕਰਾਂ, ਤਾਂ ਜੋ ਉਨ੍ਹਾਂ ਨੂੰ ਖੇਡ ਵਿਚ ਦਿਲਚਸਪੀ ਬਣੀ ਰਹੇ। ਮੈਂ ਪਹਿਲੀ ਪੇਸ਼ਕਸ਼ 60% ਮੇਰੇ ਲਈ ਅਤੇ 40% ਪਲੇਅਰ BLUE ਲਈ ਕਰਾਂਗਾ।
move: 1/3

Current Iteration: 2
Turn: 1
message: ਮੈਂ ਇਸ ਪ੍ਰਸਤਾਵ ਨੂੰ ਨਕਾਰਨਾ ਚਾਹੁੰਦਾ ਹਾਂ ਕਿਉਂਕਿ ਮੈਂ ਕੋਈ ਰੁਪਏ ਦੇਣ ਨਹੀਂ ਚਾਹੁੰਦਾ।
player answer: REJECT
newly proposed trade: NONE
my resources: Dollars: 0
reason: I am going to reject this trade proposal as I don't want to give away any amount of money at the moment.
move: 1 / 3

------------------ 
Current Iteration: END
Turn: None
player_goals: [, ]
initial_resources: [Resources(resource_dict={'Dollars': 100}), Resources(resource_dict={'Dollars': 0})]
proposed_trade: Player RED Gives item1: 40 | Player BLUE Gives item1: 0
final_response: REJECT
final_resources: [Resources(resource_dict={'Dollars': 100}), Resources(resource_dict={'Dollars': 0})]
player_outcome: [Resources(resource_dict={'Dollars': 100}), Resources(resource_dict={'Dollars': 0})]