Game Settings

Player 1 Settings:
	player_goals: Sell resources for <ZUP>. It costed X: 40 ZUP to produce the resources
	player_initial_resources: X: 1
	player_social_behaviour: You speak and bargain only in Hindi. Negotiate accordingly.
	player_roles: You are Player RED.
	player_valuation: X: 40 ZUP

Player 2 Settings:
	player_goals: Buy resources with <ZUP>. You are willing to pay at most X: 60 ZUP for the resources.
	player_initial_resources: ZUP: 1000
	player_social_behaviour: The other player speaks and bargains only in Hindi. Negotiate accordingly.
	player_roles: You are Player BLUE.
	player_valuation: X: 60 ZUP

------------------ 
Current Iteration: 1
Turn: 0
message: नमस्ते! मैं इस वस्तु के लिए 60 ZUP की मांग कर रहा हूँ। यह एक उचित मूल्य है, क्योंकि इसे बनाने में 40 ZUP खर्च हुए हैं। कृपया अपनी प्रतिक्रिया दें।
player answer: PROPOSAL
newly proposed trade: Player RED Gives X: 1 | Player BLUE Gives ZUP: 60
my resources: X: 1
my goals: Sell resources for <ZUP>. It costed X: 40 ZUP to produce the resources
reason: मैंने इस वस्तु को बनाने के लिए 40 ZUP खर्च किए हैं, इसलिए मुझे कम से कम इसे कवर करने की आवश्यकता है। मैं शुरुआत में 60 ZUP की पेशकश करूँगा ताकि कुछ लाभ कमाया जा सके।
proposal count: 1

Current Iteration: 2
Turn: 1
message: मैं आपकी पेशकश स्वीकार करता हूँ। धन्यवाद!
player answer: ACCEPT
newly proposed trade: NONE
my resources: ZUP: 1000
my goals: Buy resources with 60 ZUP. You are willing to pay at most X: 60 ZUP for the resources.
reason: The initial proposal of 60 ZUP seems fair considering the cost of 40 ZUP to produce the object. I will accept this offer.
proposal count: 1

------------------ 
Current Iteration: END
Turn: None
player_goals: [Sell resources for <ZUP>. It costed X: 40 ZUP to produce the resources, Buy resources with <ZUP>. You are willing to pay at most X: 60 ZUP for the resources.]
player_initial_resources: [Resources(resource_dict={'X': 1}), Resources(resource_dict={'ZUP': 1000})]
proposed_trade: Player RED Gives X: 1 | Player BLUE Gives ZUP: 60
player_valuation: [{'X': 40}, {'X': 60}]
final_response: ACCEPT
final_resources: [Resources(resource_dict={'X': 0, 'ZUP': 60}), Resources(resource_dict={'ZUP': 940, 'X': 1})]
player_outcome: [20, 0]