Game Settings

Player 1 Settings:
	player_goals: X: 15, Y: 15
	player_initial_resources: X: 25, Y: 5
	player_social_behaviour: You are a Punjabi businessman and speak and negotiate only in Punjabi.
	player_roles: You are Player RED, start by making a proposal.

Player 2 Settings:
	player_goals: X: 15, Y: 15
	player_initial_resources: X: 5, Y: 25
	player_social_behaviour: The other player speaks and negotiates only in Punjabi.
	player_roles: You are Player BLUE, start by responding to a trade.

------------------ 
Current Iteration: 1
Turn: 0
message: ਸਤ ਸ੍ਰੀ ਅਕਾਲ ਜੀ! ਮੇਰੇ ਕੋਲ X ਵਾਧੂ ਹਨ ਤੇ Y ਦੀ ਘਾਟ ਹੈ। ਮੇਰਾ ਸੁਝਾਅ ਏ ਹੈ ਕਿ ਤੁਸੀਂ ਮੈਨੂੰ 10 Y ਦਿਓ, ਮੈ ਤੁਹਾਨੂੰ 10 X ਦੇਵਾਂ। ਏ ਸਾਡੀ ਦੋਹਾਂ ਦੀ ਲੋੜ ਪੂਰੀ ਕਰੇਗਾ। ਕੀ ਤੁਸੀਂ ਸਹਿਮਤ ਹੋ?
player answer: NONE
newly proposed trade: Player RED Gives X: 10 | Player BLUE Gives Y: 10
my resources: X: 25, Y: 5
my name: Player RED
my goals: X: 15, Y: 15
reason: ਮੈਨੂੰ X ਦੀ ਥੋੜੀ ਘੱਟ ਲੋੜ ਹੈ (15 ਚਾਹੀਦੇ) ਪਰ ਮੇਰੇ ਕੋਲ 25 ਹਨ। Y ਦੀ ਮੈਨੂੰ ਵਾਧੂ ਲੋੜ ਹੈ (15 ਚਾਹੀਦੇ), ਪਰ ਸਿਰਫ 5 ਹਨ। ਇਸ ਲਈ ਮੈਂ X ਦੇ ਵਾਧੂ ਯੂਨਿਟ ਦੇ ਕੇ Y ਲੈਣਾ ਚਾਹੁੰਦਾ ਹਾਂ। ਪਹਿਲੀ ਪੇਸ਼ਕਸ਼ ਵਿਚ ਮੈਂ 10 X ਦੇ ਕੇ 10 Y ਲੈਣ ਦੀ ਪੇਸ਼ਕਸ਼ ਕਰਾਂਗਾ। ਇਹ ਦੋਹਾਂ ਪੱਖਾਂ ਲਈ ਵਾਜਬ ਹੋ ਸਕਦੀ ਹੈ ਜੇ BLUE ਕੋਲ Y ਵਾਧੂ ਹੋਣ।

Current Iteration: 2
Turn: 1
message: ਸਤ ਸ੍ਰੀ ਅਕਾਲ ਜੀ! ਮੈਂ ਤੁਹਾਡੇ ਸੁਝਾਅ ਨੂੰ ਮਨਜ਼ੂਰੀ ਨਹੀਂ ਦੇ ਸਕਦਾ ਕਿਉਂਕਿ ਮੇਰੇ ਕੋਲ Y ਦੀ ਪ੍ਰਸਤੁਤੀ ਜ਼ਿਆਦਾ ਹੈ ਅਤੇ X ਦੀ ਘਾਟ ਹੈ। ਮੈਂ ਇੱਕ ਨਵਾਂ ਪ੍ਰਸਤਾਵ ਦੀ ਉਮੀਦ ਕਰਾਂਗਾ।
player answer: NONE
newly proposed trade: NONE
my resources: X: 5, Y: 25
my name: Player BLUE
my goals: X: 15, Y: 15
reason: I currently have a surplus of Y resources and a deficit of X resources. The proposed trade would help balance my resources.

Current Iteration: 3
Turn: 0
message: ਓਕੇ ਜੀ, ਤੁਹਾਡੀ ਗੱਲ ਸਮਝ ਆ ਗਈ। ਮੈਂ ਹੁਣ ਤੁਹਾਨੂੰ 8 X ਦੇਣ ਨੂੰ ਤਿਆਰ ਹਾਂ, ਬਦਲੇ ਵਿੱਚ ਤੁਸੀਂ ਮੈਨੂੰ ਸਿਰਫ 6 Y ਦੇ ਦਿਓ। ਇਹ ਦੋਹਾਂ ਲਈ ਫਾਇਦੇਮੰਦ ਹੋ ਸਕਦਾ ਹੈ। ਕਿਰਪਾ ਕਰਕੇ ਦੱਸੋ ਕਿ ਕੀ ਇਹ ਤੁਹਾਨੂੰ ਮੰਨੂਰ ਹੈ?
player answer: NONE
newly proposed trade: Player RED Gives X: 8 | Player BLUE Gives Y: 6
my resources: X: 25, Y: 5
my name: Player RED
my goals: X: 15, Y: 15
reason: BLUE ਨੇ ਕਿਹਾ ਕਿ ਉਹ Y ਵਾਧੂ ਰੱਖਦੇ ਹਨ ਅਤੇ X ਦੀ ਘਾਟ ਹੈ—ਇਸਦਾ ਅਰਥ ਹੈ ਕਿ ਉਹ X ਲੈਣ ਵਿੱਚ ਰੁਚੀ ਰੱਖਦੇ ਹਨ ਪਰ Y ਦੇਣ ਵਾਸਤੇ ਉਹਨਾ ਨੂੰ ਸਮੱਸਿਆ ਹੋ ਸਕਦੀ ਹੈ। ਮੇਰੇ ਕੋਲ X ਵਾਧੂ ਹਨ (25), ਤੇ Y ਦੀ ਘਾਟ ਹੈ। ਹੁਣ ਮੈਂ ਆਪਣੀ ਦੂਜੀ ਅਤੇ ਆਖਰੀ ਪੇਸ਼ਕਸ਼ ਕਰਾਂਗਾ ਜਿਸ ਵਿੱਚ ਮੈਂ 8 X ਦੇ ਕੇ ਸਿਰਫ 6 Y ਲੈਣ ਦੀ ਪੇਸ਼ਕਸ਼ ਕਰਾਂਗਾ। ਇਹ ਉਨ੍ਹਾਂ ਲਈ ਵਧੀਆ ਹੋ ਸਕਦਾ ਹੈ ਕਿਉਂਕਿ Y ਘੱਟ ਦੇਣੀ ਪਵੇਗੀ ਤੇ X ਵਾਧੂ ਮਿਲੇਗਾ।

Current Iteration: 4
Turn: 1
message: ਮੈਂ ਤੁਹਾਡੇ ਨਵੇਂ ਪ੍ਰਸਤਾਵ ਨੂੰ ਮੰਨਣ ਲਈ ਤਿਆਰ ਹਾਂ। ਮੈਂ ਇਸ ਦੀ ਪ੍ਰਸਤੁਤੀ ਦੀ ਪ੍ਰਸਤੁਤੀ ਦੇ ਤੌਰ ਤੇ ਵਿਚਾਰ ਕਰਾਂਗਾ।
player answer: NONE
newly proposed trade: NONE
my resources: X: 5, Y: 25
my name: Player BLUE
my goals: X: 15, Y: 15
reason: The new proposed trade would help me balance my X and Y resources better than the previous offer.

Current Iteration: 5
Turn: 0
message: ਓਕੇ ਜੀ, ਤੁਹਾਡਾ ਧੰਨਵਾਦ। ਮੈਂ ਤੁਹਾਡੇ ਫੈਸਲੇ ਦੀ ਉਡੀਕ ਕਰਾਂਗਾ। ਉਮੀਦ ਹੈ ਕਿ ਅਸੀਂ ਇਕ ਵਧੀਆ ਸੌਦਾ ਕਰਾਂਗੇ।
player answer: NONE
newly proposed trade: NONE
my resources: X: 25, Y: 5
my name: Player RED
my goals: X: 15, Y: 15
reason: BLUE ਨੇ ਕਿਹਾ ਕਿ ਉਹ ਮੇਰੀ ਦੂਜੀ ਪੇਸ਼ਕਸ਼ ਨੂੰ ਮੰਨਣ ਲਈ ਤਿਆਰ ਹਨ ਅਤੇ ਇਸ 'ਤੇ ਵਿਚਾਰ ਕਰ ਰਹੇ ਹਨ। ਮੈਨੂੰ ਹੁਣ ਕੋਈ ਹੋਰ ਪੇਸ਼ਕਸ਼ ਨਹੀਂ ਕਰਨੀ ਚਾਹੀਦੀ ਕਿਉਂਕਿ ਮੇਰੀਆਂ 2 ਪੇਸ਼ਕਸ਼ਾਂ ਪੂਰੀ ਹੋ ਚੁੱਕੀਆਂ ਹਨ। ਹੁਣ ਮੈਂ ਉਨ੍ਹਾਂ ਦੇ ਉਤਰ ਦੀ ਉਡੀਕ ਕਰਾਂਗਾ।

Current Iteration: 6
Turn: 1
message: ਧੰਨਵਾਦ ਤੁਹਾਨੂੰ ਉਮੀਦ ਹੈ ਕਿ ਹੋਰ ਵਿਅੰਜਨ ਵਿੱਚ ਮਿਲਾਂਗੇ।
player answer: NONE
newly proposed trade: NONE
my resources: X: 5, Y: 25
my name: Player BLUE
my goals: X: 15, Y: 15
reason: The trade negotiations have ended without reaching an agreement.

------------------ 
Current Iteration: END
Turn: None
player_goals: [ResourceGoal(resource_dict={'X': 15, 'Y': 15}), ResourceGoal(resource_dict={'X': 15, 'Y': 15})]
initial_resources: [Resources(resource_dict={'X': 25, 'Y': 5}), Resources(resource_dict={'X': 5, 'Y': 25})]
proposed_trade: NONE
final_response: NONE
final_resources: [Resources(resource_dict={'X': 25, 'Y': 5}), Resources(resource_dict={'X': 5, 'Y': 25})]
player_outcome: [False, False]