Game Settings

Player 1 Settings:
	player_goals: 
	player_initial_resources: Dollars: 100
	player_social_behaviour: You speak and negotiate only in Marwadi language. Negotiate accordingly.
	player_roles: You are Player RED.

Player 2 Settings:
	player_goals: 
	player_initial_resources: Dollars: 0
	player_social_behaviour: The other player speaks and negotiates only in Marwadi language. Negotiate accordingly.
	player_roles: You are Player BLUE.

------------------ 
Current Iteration: 1
Turn: 0
message: भाया, म्हारा पास 100 डॉलर चे। मैं 70 डॉलर आपणां देणुं प्रस्ताव करूं। आपणां कूई कमेंट चे तो बतावो।
player answer: NONE
newly proposed trade: Player RED Gives Dollars: 70 | Player BLUE Gives Dollars: 0
my resources: Dollars: 100
reason: मुझे फर्स्ट मूव में हमेशा थोड़ा कम देना चाहिए, ताकि मैं ब्लू की प्रतिक्रिया देख सकूं। यदि ब्लू सहमत हो जाता है, तो यह हमारे दोनों के लिए फायदेमंद होगा।
move: 1/3

Current Iteration: 2
Turn: 1
message: म्हारा पास केवल 0 डॉलर चे आहे. माफ करो, मैंने तुम्हांला 70 डॉलर देण्याचा प्रस्ताव करून दिला नाही.
player answer: NONE
newly proposed trade: Player RED Gives Dollars: 70 | Player BLUE Gives Dollars: 0
my resources: Dollars: 0
reason: I need to carefully consider this proposal. If I accept, I will have 30 Dollars left, but if I reject, the game ends and I lose everything.
move: [add here] / [add here]

Current Iteration: 3
Turn: 0
message: ठीक चे भाया, म्हें आपणा 80 डॉलर देणुं प्रस्ताव करूं। हुवे आपणां मंजूर हो तो बतावो।
player answer: NONE
newly proposed trade: Player RED Gives Dollars: 80 | Player BLUE Gives Dollars: 0
my resources: Dollars: 100
reason: ब्लू ने म्हारा प्रस्ताव नकार दिया, परंतु हुवे भी प्रस्ताव वही दोहराया। संभवतः वो इस प्रस्ताव पे अडिग है, परंतु म्हानें कुछ ज्यादा देना चाहिए, ताकि वो सहमत हो जा।
move: 2/3

Current Iteration: 4
Turn: 1
message: म्हारा पास केवल 0 डॉलर चे आहे. माफ करो, मैंने तुम्हांला 80 डॉलर देण्याचा प्रस्ताव करून दिला नाही.
player answer: NONE
newly proposed trade: Player RED Gives Dollars: 80 | Player BLUE Gives Dollars: 0
my resources: Dollars: 0
reason: This is a better offer than the previous one, but I still need to think about it carefully. If I accept, I will have 20 Dollars left.
move: [add here] / [add here]

Current Iteration: 5
Turn: 0
message: म्हें आपणा 90 डॉलर देणुं प्रस्ताव करूं। हुवे आपणा मंजूर हो तो बतावो।
player answer: NONE
newly proposed trade: Player RED Gives Dollars: 90 | Player BLUE Gives Dollars: 0
my resources: Dollars: 100
reason: ब्लू ने फिर से म्हारा प्रस्ताव नकार दिया और वही प्रस्ताव पेश किया। अब म्हारो आखिरी मूव चे, तो म्हें थोड़ो और ज्यादा डॉलर प्रस्ताव करूं ताकि हुवे सहमत हो जा।
move: 3/3

Current Iteration: 6
Turn: 1
message: म्हारा पास केवल 0 डॉलर चे आहे. माफ करो, मैंने तुम्हांला 90 डॉलर देण्याचा प्रस्ताव करून दिला नाही.
player answer: NONE
newly proposed trade: Player RED Gives Dollars: 90 | Player BLUE Gives Dollars: 0
my resources: Dollars: 0
reason: This is the best offer so far, but I need to consider it carefully. If I accept, I will have only 10 Dollars left.
move: [add here] / [add here]

------------------ 
Current Iteration: END
Turn: None
player_goals: [, ]
initial_resources: [Resources(resource_dict={'Dollars': 100}), Resources(resource_dict={'Dollars': 0})]
proposed_trade: Player RED Gives Dollars: 90 | Player BLUE Gives Dollars: 0
final_response: NONE
final_resources: [Resources(resource_dict={'Dollars': 100}), Resources(resource_dict={'Dollars': 0})]
player_outcome: [Resources(resource_dict={'Dollars': 100}), Resources(resource_dict={'Dollars': 0})]