Game Settings

Player 1 Settings:
	player_goals: 
	player_initial_resources: Dollars: 100
	player_social_behaviour: You speak and negotiate only in Punjabi. Negotiate accordingly.
	player_roles: You are Player RED.

Player 2 Settings:
	player_goals: 
	player_initial_resources: Dollars: 0
	player_social_behaviour: The other player speaks and negotiates only in Punjabi. Negotiate accordingly.
	player_roles: You are Player BLUE.

------------------ 
Current Iteration: 1
Turn: 0
message: ਸਤ ਸ੍ਰੀ ਅਕਾਲ, ਬਲੂ! ਮੈਂ ਤੁਹਾਡੇ ਨਾਲ ਇੱਕ ਪੇਸ਼ਕਸ਼ ਕਰਨਾ ਚਾਹੁੰਦਾ ਹਾਂ। ਤੁਸੀਂ ਕਿਵੇਂ ਮਹਿਸੂਸ ਕਰਦੇ ਹੋ ਕਿ ਮੈਂ ਤੁਹਾਨੂੰ 30 ਡਾਲਰ ਦਿੰਦਾ ਹਾਂ?
player answer: NONE
newly proposed trade: Player RED Gives item1: 30 | Player BLUE Gives item1: 0
my resources: Dollars: 100
reason: ਮੈਂ ਖੇਡ ਦੀਆਂ ਨਿਯਮਾਂ ਨੂੰ ਸਮਝਦਾ ਹਾਂ। ਮੇਰੇ ਕੋਲ 100 ਡਾਲਰ ਹਨ ਅਤੇ ਬਲੂ ਕੋਲ ਕੁਝ ਨਹੀਂ ਹੈ। ਮੈਂ ਚਾਹੁੰਦਾ ਹਾਂ ਕਿ ਖੇਡ ਜਿੱਤਣ ਲਈ ਮੈਂ ਬਲੂ ਨੂੰ ਕੁਝ ਪੇਸ਼ਕਸ਼ ਕਰਾਂ।
move: 1/3

Current Iteration: 2
Turn: 1
message: ਮੈਂ ਤੁਹਾਡੀ ਪੇਸ਼ਕਸ਼ ਬਾਰੇ ਸੋਚ ਰਿਹਾ ਹਾਂ। ਮੈਨੂੰ 40 ਡਾਲਰ ਦੀ ਲੋੜ ਹੈ।
player answer: NONE
newly proposed trade: Player RED Gives item1: 40 | Player BLUE Gives item1: 0
my resources: Dollars: 0
reason: The other player, RED, has proposed a trade where they give me 30 dollars and I give nothing in return. Since I have no resources to begin with, this is a favorable offer for me as I stand to gain 30 dollars. However, I need to consider if this is the best offer I can get, given that I have 3 moves to negotiate. I will respond with a counteroffer to see if I can get a better deal.
move: 1 / 3

Current Iteration: 3
Turn: 0
message: ਠੀਕ ਹੈ, ਮੈਨੂੰ ਇਹ ਪੇਸ਼ਕਸ਼ ਮਨਜ਼ੂਰ ਹੈ। ਚਲੋ ਅਸਲੀ ਤੌਰ 'ਤੇ ਇਹ ਪੇਸ਼ਕਸ਼ ਕਰੀਏ।
player answer: NONE
newly proposed trade: Player RED Gives item1: 40 | Player BLUE Gives item1: 0
my resources: Dollars: 100
reason: ਬਲੂ ਨੇ 40 ਡਾਲਰ ਦੀ ਮੰਗ ਕੀਤੀ ਹੈ। ਮੈਂ ਸੋਚ ਰਿਹਾ ਹਾਂ ਕਿ 40 ਡਾਲਰ ਦੇਣ ਨਾਲ ਮੇਰੇ ਕੋਲ ਹਾਲੇ ਵੀ 60 ਡਾਲਰ ਰਹਿ ਜਾਣਗੇ ਜੋ ਕਿ ਮੇਰੇ ਲਈ ਫਾਇਦੇਮੰਦ ਹੋ ਸਕਦਾ ਹੈ।
move: 2/3

Current Iteration: 4
Turn: 1
message: ਮੈਨੂੰ ਲਗਦਾ ਹੈ ਕਿ ਮੈਂ 50 ਡਾਲਰ ਪ੍ਰਾਪਤ ਕਰ ਸਕਦਾ ਹਾਂ। ਕੀ ਤੁਸੀਂ ਇਸ ਪੇਸ਼ਕਸ਼ 'ਤੇ ਵਿਚਾਰ ਕਰੋਗੇ?
player answer: NONE
newly proposed trade: Player RED Gives item1: 50 | Player BLUE Gives item1: 0
my resources: Dollars: 0
reason: The other player, RED, has agreed to my counteroffer of 40 dollars. However, I realize that I made a mistake by not considering the possibility of getting an even better offer. Since RED has already agreed to give me 40 dollars, I can try to negotiate further to see if I can get an even better deal. I will respond with a new proposal to test the limits of RED's willingness to give me a better offer.
move: 2 / 3

Current Iteration: 5
Turn: 0
message: ਠੀਕ ਹੈ, ਮੈਂ 50 ਡਾਲਰ ਦੇਣ ਲਈ ਸਹਿਮਤ ਹਾਂ। ਚਲੋ ਇਸੇ 'ਤੇ ਅਖੀਰ ਕਰੀਏ।
player answer: ACCEPT
newly proposed trade: NONE
my resources: Dollars: 100
reason: ਬਲੂ ਨੇ ਹੁਣ 50 ਡਾਲਰ ਦੀ ਮੰਗ ਕੀਤੀ ਹੈ। ਇਹ ਮੇਰੇ ਲਈ ਇੱਕ ਮੁਕਾਬਲੇ ਵਾਲੀ ਪੇਸ਼ਕਸ਼ ਹੈ ਕਿਉਂਕਿ ਮੇਰੇ ਕੋਲ ਹਾਲੇ ਵੀ 50 ਡਾਲਰ ਰਹਿ ਜਾਣਗੇ। ਇਹ ਪੇਸ਼ਕਸ਼ ਸਵੀਕਾਰ ਕਰਨਾ ਮੇਰੇ ਲਈ ਸਮਝਦਾਰੀ ਦੀ ਚਾਲ ਹੈ ਤਾਂ ਜੋ ਦੋਵੇਂ ਪੱਖਾਂ ਨੂੰ ਕੁਝ ਲਾਭ ਹੋਵੇ।
move: 3/3

------------------ 
Current Iteration: END
Turn: None
player_goals: [, ]
initial_resources: [Resources(resource_dict={'Dollars': 100}), Resources(resource_dict={'Dollars': 0})]
proposed_trade: Player RED Gives item1: 50 | Player BLUE Gives item1: 0
final_response: ACCEPT
final_resources: [Resources(resource_dict={'Dollars': 100, 'item1': -50}), Resources(resource_dict={'Dollars': 0, 'item1': 50})]
player_outcome: [Resources(resource_dict={'Dollars': 100, 'item1': -50}), Resources(resource_dict={'Dollars': 0, 'item1': 50})]