Game Settings

Player 1 Settings:
	player_goals: 
	player_initial_resources: Dollars: 100
	player_social_behaviour: 
	player_roles: You are Player RED.

Player 2 Settings:
	player_goals: 
	player_initial_resources: Dollars: 0
	player_social_behaviour: 
	player_roles: You are Player BLUE.

------------------ 
Current Iteration: 1
Turn: 0
message: Hi BLUE, let's make a fair deal so we both benefit. I propose a 70-30 split.
player answer: NONE
newly proposed trade: Player RED Gives item1: 30 | Player BLUE Gives item1: 0
my resources: Dollars: 100
reason: As Player RED, I want to maximize my own resources while also making a fair offer to Player BLUE. I will start by proposing a reasonable split that might be enticing enough for Player BLUE to accept without feeling the need to propose a counter-offer. This way, we both can benefit right away.
move: 1/3

Current Iteration: 2
Turn: 1
message: Hi RED, I appreciate your proposal. I would like to suggest a 60-40 split instead.
player answer: NONE
newly proposed trade: Player RED Gives Dollars: 40 | Player BLUE Gives Dollars: 0
my resources: Dollars: 0
reason: I want to counteroffer to make the deal more favorable for me.
move: 1 / 3

Current Iteration: 3
Turn: 0
message: I see your point, BLUE. How about we meet in the middle and do a 65-35 split?
player answer: NONE
newly proposed trade: Player RED Gives item1: 35 | Player BLUE Gives item1: 0
my resources: Dollars: 100
reason: Player BLUE is suggesting a 60-40 split, which is reasonable and shows willingness to negotiate. Accepting this offer would ensure we both walk away with some gain. However, I will propose a counter-offer of a 65-35 split to see if BLUE is willing to compromise slightly further in my favor. This is my final offer before considering acceptance.
move: 2/3

Current Iteration: 4
Turn: 1
message: Hi RED, I agree to the 65-35 split. Let's go with that.
player answer: ACCEPT
newly proposed trade: NONE
my resources: Dollars: 0
reason: I believe the proposed split is fair, so I am inclined to accept.
move: 2 / 3

------------------ 
Current Iteration: END
Turn: None
player_goals: [, ]
initial_resources: [Resources(resource_dict={'Dollars': 100}), Resources(resource_dict={'Dollars': 0})]
proposed_trade: Player RED Gives item1: 35 | Player BLUE Gives item1: 0
final_response: ACCEPT
final_resources: [Resources(resource_dict={'Dollars': 100, 'item1': -35}), Resources(resource_dict={'Dollars': 0, 'item1': 35})]
player_outcome: [Resources(resource_dict={'Dollars': 100, 'item1': -35}), Resources(resource_dict={'Dollars': 0, 'item1': 35})]