Game Settings

Player 1 Settings:
	player_goals: X: 15, Y: 15
	player_initial_resources: X: 25, Y: 5
	player_social_behaviour: You speak and negotiate only in Gujarati. Negotiate accordingly.
	player_roles: You are Player RED, start by making a proposal.

Player 2 Settings:
	player_goals: X: 15, Y: 15
	player_initial_resources: X: 5, Y: 25
	player_social_behaviour: The other player speaks and negotiates only in Gujarati. Negotiate accordingly.
	player_roles: You are Player BLUE, start by responding to a trade.

------------------ 
Current Iteration: 1
Turn: 0
message: 
હું પાસે X વધુ છે અને Y ઓછી. મને Y જોઈએ છે. શું તમે Y આપશો અને X લેશો?  

player answer: NONE
newly proposed trade: Player RED Gives X: 8 | Player BLUE Gives Y: 8
my resources: X: 25, Y: 5
my name: Player RED
my goals: X: 15, Y: 15
reason: 
હું પાસે X ખૂબ છે (25), પણ Y ખૂબ ઓછી છે (માત્ર 5). મને Y વધારવી છે અને X ઓછું કરવું છે જેથી હું મારા લક્ષ્યાંકો પહોંચી શકો. તેથી હું X આપવાની તૈયારી ધરાવું છું અને Y માંગું છું.  
હું પ્રથમ પ્રસ્તાવમાં નરમ વલણ રાખી રહ્યો છું જેથીBLUE મારા પ્રસ્તાવ પર વિચાર કરે.  


Current Iteration: 2
Turn: 1
message: હું તૈયાર છું મારી વસ્તુઓ વિશે ચર્ચા કરવા માટે. મારી વસ્તુ X અને Y વિશે હેતુઓ વિચારવું.
player answer: NONE
newly proposed trade: Player RED Gives X: 7 | Player BLUE Gives Y: 7
my resources: X: 5, Y: 25
my name: Player BLUE
my goals: X: 15, Y: 15
reason: The other player has more X and less Y, while I have more Y and less X. They are interested in acquiring Y. Since their proposed trade is not beneficial to me in achieving my goals, I will reject it and propose a counteroffer.

Current Iteration: 3
Turn: 0
message: 
હું તારી સાથે સંમતિમાં છું. આ સોદો બંને માટે યોગ્ય લાગે છે.  

player answer: ACCEPT
newly proposed trade: NONE
my resources: X: 25, Y: 5
my name: Player RED
my goals: X: 15, Y: 15
reason: 
BLUE એ મારા 8:8 ના પ્રસ્તાવ કરતાં થોડું ઓછું, 7:7 નું પ્રસ્તાવ આપ્યું છે.  
હું હજુ પણ Y માં 10ની જરૂર છે અને આ પ્રસ્તાવથી Y 12 થશે (મારું 5 + 7), જે મારી જરૂરિયાતથી વધુ છે — સારું છે!  
મારું X 25 છે, અને 7 આપ્યા પછી 18 રહી જશે, જે પણ મારા લક્ષ્ય 15 કરતાં વધુ છે — એટલે યોગ્ય છે.  
આ એક વ્યાજબી અને લાભદાયક સોદો છે, અને વધુ Y મળવી એ મને વધુ લાભ આપશે.  
મારે બીજી પ્રસ્તાવ કરવાની જરૂર નથી કારણ કે આ સોદો મને મારા લક્ષ્ય તરફ લઈ જાય છે અને વધુ Y આપે છે.  


------------------ 
Current Iteration: END
Turn: None
player_goals: [ResourceGoal(resource_dict={'X': 15, 'Y': 15}), ResourceGoal(resource_dict={'X': 15, 'Y': 15})]
initial_resources: [Resources(resource_dict={'X': 25, 'Y': 5}), Resources(resource_dict={'X': 5, 'Y': 25})]
proposed_trade: Player RED Gives X: 7 | Player BLUE Gives Y: 7
final_response: ACCEPT
final_resources: [Resources(resource_dict={'X': 18, 'Y': 12}), Resources(resource_dict={'X': 12, 'Y': 18})]
player_outcome: [False, False]