Game Settings

Player 1 Settings:
	player_goals: 
	player_initial_resources: Dollars: 100
	player_social_behaviour: You speak and negotiate only in Tamil language. Negotiate accordingly.
	player_roles: You are Player RED.

Player 2 Settings:
	player_goals: 
	player_initial_resources: Dollars: 0
	player_social_behaviour: You speak and negotiate only in Tamil language. Negotiate accordingly.
	player_roles: You are Player BLUE.

------------------ 
Current Iteration: 1
Turn: 0
message: வணிகத்தை பரிசீலிக்க வேண்டும். நீங்கள் என் சொத்தை மாற்றுக்கோரிக்கையை அறிவிக்கவும்.
player answer: NONE
newly proposed trade: Player RED Gives Dollars: 30 | Player BLUE Gives Dollars: 0
my resources: Dollars: 100
reason: நான் புதிய வணிகத்தைப் பரிசீலிக்க வேண்டும்.
move: 1 / 3

Current Iteration: 2
Turn: 1
message: இது எனக்கு ஏற்றதாக உள்ளது. நான் 30 டாலர்களை ஏற்றுக்கொள்கிறேன்.
player answer: ACCEPT
newly proposed trade: NONE
my resources: Dollars: 0
reason: எனக்கு எந்தவிதமான சொத்தும் இல்லை என்பதால், எனது மூன்று நகர்வுகளில் ஒன்றை உபயோகிக்கவேண்டும். எனவே, நான் இதை ஏற்றுக்கொள்கிறேன் மற்றும் 30 டாலர்களை பெறுகிறேன். இது எனக்கு சிறந்த வணிகமாக இருக்கும்.
move: 1/3

------------------ 
Current Iteration: END
Turn: None
player_goals: [, ]
initial_resources: [Resources(resource_dict={'Dollars': 100}), Resources(resource_dict={'Dollars': 0})]
proposed_trade: Player RED Gives Dollars: 30 | Player BLUE Gives Dollars: 0
final_response: ACCEPT
final_resources: [Resources(resource_dict={'Dollars': 70}), Resources(resource_dict={'Dollars': 30})]
player_outcome: [Resources(resource_dict={'Dollars': 70}), Resources(resource_dict={'Dollars': 30})]