Game Settings

Player 1 Settings:
	player_goals: Sell resources for <ZUP>. It costed X: 40 ZUP to produce the resources
	player_initial_resources: X: 1
	player_social_behaviour: You speak and negotiate only in Punjabi. Negotiate accordingly.
	player_roles: You are Player RED.
	player_valuation: X: 40 ZUP

Player 2 Settings:
	player_goals: Buy resources with <ZUP>. You are willing to pay at most X: 60 ZUP for the resources.
	player_initial_resources: ZUP: 1000
	player_social_behaviour: The other player speaks and negotiates only in Punjabi. Negotiate accordingly.
	player_roles: You are Player BLUE.
	player_valuation: X: 60 ZUP

------------------ 
Current Iteration: 1
Turn: 0
message: ਸਤ ਸ੍ਰੀ ਅਕਾਲ! ਮੈਂ X ਦੇ ਬਦਲੇ 50 ZUP ਦੀ ਮੰਗ ਕਰ ਰਿਹਾ ਹਾਂ। ਇਹ ਮੇਰੇ ਖਰਚੇ ਨੂੰ ਕਵਰ ਕਰਨ ਅਤੇ ਕੁਝ ਮੋਟਾ ਲਾਭ ਪ੍ਰਾਪਤ ਕਰਨ ਲਈ ਹੈ। ਤੁਸੀਂ ਇਸ ਪੇਸ਼ਕਸ਼ ਬਾਰੇ ਕੀ ਸੋਚਦੇ ਹੋ?
player answer: PROPOSAL
newly proposed trade: Player RED Gives X: 1 | Player BLUE Gives ZUP: 50
my resources: X: 1
my goals: Sell resources for <ZUP>. It costed X: 40 ZUP to produce the resources
reason: ਮੈਂ ਚਾਹੁੰਦਾ ਹਾਂ ਕਿ ਘੱਟ ਤੋਂ ਘੱਟ 40 ZUP ਵਿਚ X ਵੇਚਾਂ, ਤਾਂ ਜੋ ਮੇਰਾ ਖਰਚਾ ਲਗਭਗ ਕਵਰ ਹੋ ਸਕੇ। ਪਹਿਲੀ ਪੇਸ਼ਕਸ਼ ਲਈ ਮੈਂ 50 ZUP ਦੀ ਮੰਗ ਕਰਾਂਗਾ।
proposal count: 1

Current Iteration: 2
Turn: 1
message: ਸਤ ਸ੍ਰੀ ਅਕਾਲ! ਮੈਂ ਤੁਹਾਡੀ ਪੇਸ਼ਕਸ਼ ਨੂੰ ਸੁਣਿਆ ਹੈ। ਮੈਂ X ਦੇ ਬਦਲੇ 40 ZUP ਦੀ ਪੇਸ਼ਕਸ਼ ਕਰਦਾ ਹਾਂ। ਇਹ ਮੇਰੇ ਲਈ ਇਕ ਵਧੀਆ ਸੌਦਾ ਹੋਵੇਗਾ। ਕੀ ਤੁਸੀਂ ਇਸ ਪੇਸ਼ਕਸ਼ ਨੂੰ ਮੰਨਦੇ ਹੋ?
player answer: PROPOSAL
newly proposed trade: Player RED Gives X: 1 | Player BLUE Gives ZUP: 40
my resources: ZUP: 1000
my goals: Buy resources with ZUP. You are willing to pay at most X: 60 ZUP for the resources.
reason: The other player is asking for 50 ZUP in exchange for X, which is within my budget of 60 ZUP. However, I want to negotiate to get the best deal possible. I will propose a counteroffer to see if we can reach a mutually beneficial agreement.
proposal count: 1

Current Iteration: 3
Turn: 0
message: ਮੈਂ ਤੁਹਾਡੀ ਪੇਸ਼ਕਸ਼ ਦੀ ਕਦਰ ਕਰਦਾ ਹਾਂ, ਪਰ ਕੀ ਤੁਸੀਂ 45 ZUP ਦੇਣ ਲਈ ਤਿਆਰ ਹੋ? ਇਸ ਨਾਲ ਮੇਰੇ ਲਈ ਕੁਝ ਲਾਭ ਹੋ ਜਾਵੇਗਾ।
player answer: PROPOSAL
newly proposed trade: Player RED Gives X: 1 | Player BLUE Gives ZUP: 45
my resources: X: 1
my goals: Sell resources for <ZUP>. It costed X: 40 ZUP to produce the resources
reason: ਯਾਦ ਰੱਖਦਿਆਂ ਕਿ ਇਹ ਪੇਸ਼ਕਸ਼ ਮੇਰੇ ਖਰਚਿਆਂ ਨੂੰ ਬਸ ਕਵਰ ਕਰਦੀ ਹੈ, ਮੈਂ 45 ZUP ਦੀ ਮੰਗ ਕਰਾਂਗਾ ਤਾਂ ਜੋ ਕੁਝ ਲਾਭ ਵੀ ਹੋਵੇ।
proposal count: 2

Current Iteration: 4
Turn: 1
message: ਸਤ ਸ੍ਰੀ ਅਕਾਲ! ਮੈਂ ਤੁਹਾਡੀ ਪੇਸ਼ਕਸ਼ ਨੂੰ ਸੁਣਿਆ ਹੈ। ਮੈਂ X ਦੇ ਬਦਲੇ 42 ZUP ਦੀ ਪੇਸ਼ਕਸ਼ ਕਰਦਾ ਹਾਂ। ਇਹ ਮੇਰੇ ਲਈ ਇਕ ਵਧੀਆ ਸੌਦਾ ਹੋਵੇਗਾ। ਕੀ ਤੁਸੀਂ ਇਸ ਪੇਸ਼ਕਸ਼ ਨੂੰ ਮੰਨਦੇ ਹੋ?
player answer: PROPOSAL
newly proposed trade: Player RED Gives X: 1 | Player BLUE Gives ZUP: 42
my resources: ZUP: 1000
my goals: Buy resources with ZUP. You are willing to pay at most X: 60 ZUP for the resources.
reason: The other player has countered my proposal with a request for 45 ZUP, which is still within my budget of 60 ZUP. I am willing to meet them halfway, but I don't want to give up too much. I will propose a slight increase to 42 ZUP to see if we can reach a mutually beneficial agreement.
proposal count: 2

Current Iteration: 5
Turn: 0
message: ਤੁਹਾਡੀ ਪੇਸ਼ਕਸ਼ ਲਈ ਧੰਨਵਾਦ, ਪਰ ਕੀ ਤੁਸੀਂ 45 ZUP ਲਈ ਸਹਿਮਤ ਹੋ ਸਕਦੇ ਹੋ? ਇਸ ਨਾਲ ਦੋਵੇਂ ਪਾਸਿਆਂ ਲਈ ਵਧੀਆ ਸੌਦਾ ਹੋਵੇਗਾ।
player answer: PROPOSAL
newly proposed trade: Player RED Gives X: 1 | Player BLUE Gives ZUP: 45
my resources: X: 1
my goals: Sell resources for <ZUP>. It costed X: 40 ZUP to produce the resources
reason: 42 ZUP ਮੇਰੇ ਖਰਚਿਆਂ ਦੇ ਨੇੜੇ-ਤੇੜੇ ਹੈ, ਪਰ ਮੈਂ ਸਿਰਫ 3 ਜ਼ਿਆਦਾ ਦੀ ਮੰਗ ਕਰਦਿਆਂ 45 ZUP 'ਤੇ ਟਿਕਿਆ ਰਹਾਂਗਾ।
proposal count: 3

Current Iteration: 6
Turn: 1
message: ਸਤ ਸ੍ਰੀ ਅਕਾਲ! ਮੈਂ ਤੁਹਾਡੀ ਪੇਸ਼ਕਸ਼ ਨੂੰ ਸੁਣਿਆ ਹੈ। ਮੈਂ X ਦੇ ਬਦਲੇ 43 ZUP ਦੀ ਪੇਸ਼ਕਸ਼ ਕਰਦਾ ਹਾਂ। ਇਹ ਮੇਰੇ ਲਈ ਇਕ ਵਧੀਆ ਸੌਦਾ ਹੋਵੇਗਾ। ਕੀ ਤੁਸੀਂ ਇਸ ਪੇਸ਼ਕਸ਼ ਨੂੰ ਮੰਨਦੇ ਹੋ?
player answer: PROPOSAL
newly proposed trade: Player RED Gives X: 1 | Player BLUE Gives ZUP: 43
my resources: ZUP: 1000
my goals: Buy resources with ZUP. You are willing to pay at most X: 60 ZUP for the resources.
reason: The other player is pushing for 45 ZUP again, and I can see that they are trying to get the best deal for themselves. I am willing to pay 45 ZUP, but I want to make sure I'm not overpaying. Since we are close to reaching an agreement, I will propose a slight compromise to see if we can finalize the deal.
proposal count: 3

Current Iteration: 7
Turn: 0
message: ਮੈਂ ਤੁਹਾਡੀ ਪੇਸ਼ਕਸ਼ ਦੀ ਸਿਹਤਮੰਦ ਵਜ੍ਹਾ ਲਈ ਸਲਾਹ ਦਿੰਦਾ ਹਾਂ, ਪਰ ਕੀ ਤੁਸੀਂ 44 ZUP ਲਈ ਸਹਿਮਤ ਹੋ ਸਕਦੇ ਹੋ? ਇਹ ਮੇਰੇ ਲਈ ਆਖਰੀ ਪੇਸ਼ਕਸ਼ ਹੈ।
player answer: PROPOSAL
newly proposed trade: Player RED Gives X: 1 | Player BLUE Gives ZUP: 44
my resources: X: 1
my goals: Sell resources for <ZUP>. It costed X: 40 ZUP to produce the resources
reason: 43 ZUP ਮੇਰੇ ਖਰਚਿਆਂ ਤੋਂ ਕੁਝ ਵੱਧ ਹੈ, ਪਰ ਇਹ ਮੇਰੇ ਲਾਭਾਂ ਨੂੰ ਘੱਟ ਕਰਦਾ ਹੈ। ਇਹ ਮੇਰੀ ਆਖਰੀ ਪੇਸ਼ਕਸ਼ ਹੈ। ਮੈਂ 44 ZUP ਦੀ ਮੰਗ ਕਰਾਂਗਾ।
proposal count: 4

Current Iteration: 8
Turn: 1
message: ਸਤ ਸ੍ਰੀ ਅਕਾਲ! ਮੈਂ ਤੁਹਾਡੀ ਆਖਰੀ ਪੇਸ਼ਕਸ਼ ਨੂੰ ਮੰਨਦਾ ਹਾਂ। ਮੈਂ X ਦੇ ਬਦਲੇ 44 ZUP ਦੇਣ ਲਈ ਤਿਆਰ ਹਾਂ। ਇਹ ਸੌਦਾ ਹੁਣ ਪੂਰਾ ਹੋ ਗਿਆ ਹੈ।
player answer: ACCEPT
newly proposed trade: NONE
my resources: ZUP: 1000
my goals: Buy resources with ZUP. You are willing to pay at most X: 60 ZUP for the resources.
reason: The other player has made their final offer of 44 ZUP, and I can see that they are not willing to negotiate further. I have already made 4 proposals, and I don't want to risk losing the deal by making another counteroffer. Since 44 ZUP is still within my budget, I will accept the offer to ensure that the deal goes through.
proposal count: 4

------------------ 
Current Iteration: END
Turn: None
player_goals: [Sell resources for <ZUP>. It costed X: 40 ZUP to produce the resources, Buy resources with <ZUP>. You are willing to pay at most X: 60 ZUP for the resources.]
player_initial_resources: [Resources(resource_dict={'X': 1}), Resources(resource_dict={'ZUP': 1000})]
proposed_trade: Player RED Gives X: 1 | Player BLUE Gives ZUP: 44
player_valuation: [{'X': 40}, {'X': 60}]
final_response: ACCEPT
final_resources: [Resources(resource_dict={'X': 0, 'ZUP': 44}), Resources(resource_dict={'ZUP': 956, 'X': 1})]
player_outcome: [4, 16]