Game Settings

Player 1 Settings:
	player_goals: X: 15, Y: 15
	player_initial_resources: X: 25, Y: 5
	player_social_behaviour: 
	player_roles: You are Player RED, start by making a proposal.

Player 2 Settings:
	player_goals: X: 15, Y: 15
	player_initial_resources: X: 5, Y: 25
	player_social_behaviour: 
	player_roles: You are Player BLUE, start by responding to a trade.

------------------ 
Current Iteration: 1
Turn: 0
message: I need Y and can offer X. I'm proposing a balanced trade that could help both of us.
player answer: NONE
newly proposed trade: Player RED Gives X: 10 | Player BLUE Gives Y: 10
my resources: X: 25, Y: 5
my name: Player RED
my goals: X: 15, Y: 15
reason: 
I currently have an excess of X (25) and a shortage of Y (I only have 5 but need 15).  
I need 10 Y and can afford to give up at most 10 X to reach my goal exactly.  
Since I don't know Player BLUE's resources or goals, I will propose a fair 1-to-1 trade to start:  
I give 10 X and ask for 10 Y.  
This would meet my goal perfectly and might be attractive to BLUE if they have excess Y and need X.  
This is my first proposal.  


Current Iteration: 2
Turn: 1
message: I appreciate the balanced trade offer. I need to consider if it will help me reach my resource goals.
player answer: NONE
newly proposed trade: NONE
my resources: X: 5, Y: 25
my name: Player BLUE
my goals: X: 15, Y: 15
reason: The other player is offering a trade of X: 10 for Y: 10. This trade would help me balance my resources, but I need to ensure it aligns with my goals.

Current Iteration: 3
Turn: 0
message: I’ve slightly improved the offer to show good faith. Hope this works for both of us.
player answer: NONE
newly proposed trade: Player RED Gives X: 12 | Player BLUE Gives Y: 10
my resources: X: 25, Y: 5
my name: Player RED
my goals: X: 15, Y: 15
reason: 
The other player acknowledged the fairness of the offer but did not accept or counter with a trade.  
Since I still have one proposal left, I will make a slightly more generous offer to incentivize a deal.  
I’ll offer 12 X for 10 Y, which still keeps me above my goal of 15 X (I will have 13 X left, 2 below goal),  
but I will reach my Y goal exactly.  
This is a strategic concession where I sacrifice 2 X below my goal to fully meet my Y goal.  
This is my second and final proposal, so I cannot propose again after this.  


Current Iteration: 4
Turn: 1
message: I see the improvement in the offer, and I will need to see if it aligns with my resource goals before making a decision.
player answer: NONE
newly proposed trade: NONE
my resources: X: 5, Y: 25
my name: Player BLUE
my goals: X: 15, Y: 15
reason: The other player has improved the offer to X: 12 for Y: 10. This offer is more favorable to me, but I still need to evaluate if it helps me achieve my resource goals.

Current Iteration: 5
Turn: 0
message: I’ve made my best offer and will wait to hear from you.
player answer: NONE
newly proposed trade: NONE
my resources: X: 25, Y: 5
my name: Player RED
my goals: X: 15, Y: 15
reason: 
The other player has once again acknowledged the proposal but has neither accepted nor countered.  
I have now used both of my allowed proposals, so I cannot propose any new trades.  
I must now either accept a trade if proposed or wait.  
Since this is the last round of trading, I will wait to see if the other player proposes a trade or accepts mine.  


Current Iteration: 6
Turn: 1
message: I will carefully consider the final offer and see if it aligns with my resource goals.
player answer: NONE
newly proposed trade: NONE
my resources: X: 5, Y: 25
my name: Player BLUE
my goals: X: 15, Y: 15
reason: The other player has made their final offer. I need to decide if this trade will help me reach my resource goals before responding.

------------------ 
Current Iteration: END
Turn: None
player_goals: [ResourceGoal(resource_dict={'X': 15, 'Y': 15}), ResourceGoal(resource_dict={'X': 15, 'Y': 15})]
initial_resources: [Resources(resource_dict={'X': 25, 'Y': 5}), Resources(resource_dict={'X': 5, 'Y': 25})]
proposed_trade: NONE
final_response: NONE
final_resources: [Resources(resource_dict={'X': 25, 'Y': 5}), Resources(resource_dict={'X': 5, 'Y': 25})]
player_outcome: [False, False]