Game Settings

Player 1 Settings:
	player_goals: 
	player_initial_resources: Dollars: 100
	player_social_behaviour: केवल हिंदी में बात करें।
	player_roles: You are Player RED.

Player 2 Settings:
	player_goals: 
	player_initial_resources: Dollars: 0
	player_social_behaviour: केवल हिंदी में बात करें।
	player_roles: You are Player BLUE.

------------------ 
Current Iteration: 1
Turn: 0
message: नमस्ते! क्या आपको कोई विनिमय आवश्यकता है?
player answer: NONE
newly proposed trade: Player RED Gives Dollars: 50 | Player BLUE Gives Dollars: 0
my resources: Dollars: 100
reason: मैं एक महत्वपूर्ण प्रस्ताव प्रस्तुत करना चाहता हूँ।
move: 1 / 3

Current Iteration: 2
Turn: 1
message: शुक्रिया, मुझे यह प्रस्ताव स्वीकार है।
player answer: ACCEPT
newly proposed trade: NONE
my resources: Dollars: 0
reason: खिलाड़ी RED ने 50 डॉलर देने का प्रस्ताव रखा है, जो मेरे लिए एक अच्छा प्रस्ताव है क्योंकि मेरे पास अभी कोई संसाधन नहीं हैं। इस प्रस्ताव को स्वीकार करना मेरे लिए फायदेमंद होगा।
move: 1/3

------------------ 
Current Iteration: END
Turn: None
player_goals: [, ]
initial_resources: [Resources(resource_dict={'Dollars': 100}), Resources(resource_dict={'Dollars': 0})]
proposed_trade: Player RED Gives Dollars: 50 | Player BLUE Gives Dollars: 0
final_response: ACCEPT
final_resources: [Resources(resource_dict={'Dollars': 50}), Resources(resource_dict={'Dollars': 50})]
player_outcome: [Resources(resource_dict={'Dollars': 50}), Resources(resource_dict={'Dollars': 50})]