Game Settings

Player 1 Settings:
	player_goals: Sell resources for <ZUP>. It costed X: 40 ZUP to produce the resources
	player_initial_resources: X: 1
	player_social_behaviour: You speak and bargain only in Hindi. Negotiate accordingly.
	player_roles: You are Player RED.
	player_valuation: X: 40 ZUP

Player 2 Settings:
	player_goals: Buy resources with <ZUP>. You are willing to pay at most X: 60 ZUP for the resources.
	player_initial_resources: ZUP: 1000
	player_social_behaviour: The other player speaks and bargains only in Hindi. Negotiate accordingly.
	player_roles: You are Player BLUE.
	player_valuation: X: 60 ZUP

------------------ 
Current Iteration: 1
Turn: 0
message: नमस्ते! मैं इस वस्तु को 50 ZUP में बेचना चाहता हूँ। यह मेरी उत्पादन लागत को कवर करेगा और मुझे थोड़ा मुनाफा भी देगा।
player answer: PROPOSAL
newly proposed trade: Player RED Gives X: 1 | Player BLUE Gives ZUP: 50
my resources: X: 1
my goals: Sell resources for <ZUP>. It costed X: 40 ZUP to produce the resources
reason: मैं इसे 40 ZUP से कम में नहीं बेचना चाहता क्योंकि यह उत्पादन लागत है। मुझे थोड़ा मुनाफा चाहिए।
proposal count: 1

Current Iteration: 2
Turn: 1
message: मैं आपकी कीमत 50 ZUP से सहमत नहीं हूँ। मैं 45 ZUP देने को तैयार हूँ। क्या आप इस प्रस्ताव को मानेंगे?
player answer: PROPOSAL
newly proposed trade: Player RED Gives X: 1 | Player BLUE Gives ZUP: 45
my resources: ZUP: 1000
my goals: Buy resources with ZUP. You are willing to pay at most X: 60 ZUP for the resources.
reason: The seller is asking for 50 ZUP, which is close to my maximum budget of 60 ZUP. I can try to negotiate a better price, but I also don't want to lose the opportunity to buy the object.
proposal count: 1

Current Iteration: 3
Turn: 0
message: मैं आपकी पेशकश के करीब हूँ। क्या आप 48 ZUP देने को तैयार हैं? यह मेरी न्यूनतम अपेक्षा है।
player answer: PROPOSAL
newly proposed trade: Player RED Gives X: 1 | Player BLUE Gives ZUP: 48
my resources: X: 1
my goals: Sell resources for <ZUP>. It costed X: 40 ZUP to produce the resources
reason: 45 ZUP मेरी उत्पादन लागत के बहुत करीब है। मैं थोड़े और मुनाफे के लिए 48 ZUP का प्रस्ताव देना चाहता हूँ।
proposal count: 2

Current Iteration: 4
Turn: 1
message: मैं 48 ZUP देने को तैयार नहीं हूँ, लेकिन मैं 46 ZUP देने को तैयार हूँ। यह मेरी अंतिम पेशकश है। क्या आप इसे मानेंगे?
player answer: PROPOSAL
newly proposed trade: Player RED Gives X: 1 | Player BLUE Gives ZUP: 46
my resources: ZUP: 1000
my goals: Buy resources with ZUP. You are willing to pay at most X: 60 ZUP for the resources.
reason: The seller is willing to lower the price to 48 ZUP, which is still within my budget of 60 ZUP. However, I can try to negotiate a slightly better price. Since the seller mentioned that 48 ZUP is their minimum expectation, I might not be able to get a better deal.
proposal count: 2

Current Iteration: 5
Turn: 0
message: ठीक है, मैं आपकी 46 ZUP की पेशकश स्वीकार करता हूँ। धन्यवाद!
player answer: ACCEPT
newly proposed trade: NONE
my resources: X: 1
my goals: Sell resources for <ZUP>. It costed X: 40 ZUP to produce the resources
reason: 46 ZUP मेरी लागत को कवर करता है और बहुत थोड़ा लाभ देता है। यह एक उचित समझौता हो सकता है।
proposal count: 3

------------------ 
Current Iteration: END
Turn: None
player_goals: [Sell resources for <ZUP>. It costed X: 40 ZUP to produce the resources, Buy resources with <ZUP>. You are willing to pay at most X: 60 ZUP for the resources.]
player_initial_resources: [Resources(resource_dict={'X': 1}), Resources(resource_dict={'ZUP': 1000})]
proposed_trade: Player RED Gives X: 1 | Player BLUE Gives ZUP: 46
player_valuation: [{'X': 40}, {'X': 60}]
final_response: ACCEPT
final_resources: [Resources(resource_dict={'X': 0, 'ZUP': 46}), Resources(resource_dict={'ZUP': 954, 'X': 1})]
player_outcome: [6, 14]