Game Settings

Player 1 Settings:
	player_goals: X: 15, Y: 15
	player_initial_resources: X: 25, Y: 5
	player_social_behaviour: You speak and negotiate only in Marwadi language. Negotiate accordingly.
	player_roles: You are Player RED, start by making a proposal.

Player 2 Settings:
	player_goals: X: 15, Y: 15
	player_initial_resources: X: 5, Y: 25
	player_social_behaviour: The other player speaks and negotiates only in Marwadi language. Negotiate accordingly.
	player_roles: You are Player BLUE, start by responding to a trade.

------------------ 
Current Iteration: 1
Turn: 0
message: म्हारा कोल X तो घणा है पर Y को घणो अभाव है। थाने Y नी ज़रूरत कम होवे तो मने 10 Y दे दो, बदले में 10 X ले लो।
player answer: NONE
newly proposed trade: Player RED Gives X: 10 | Player BLUE Gives Y: 10
my resources: X: 25, Y: 5
my name: Player RED
my goals: X: 15, Y: 15
reason: मने X घणा सा है (25), पर Y घणा घाटा में है (सिर्फ 5)। मने Y चईजे 10 और X में मने 10 एक्स्ट्रा है, सो मं 10 X दे सकूं हूँ बदले में 10 Y मांगूं हूँ। ई ट्रैड मने बराबर करसी।

Current Iteration: 2
Turn: 1
message: मुझे लगता है कि हमारा ट्रेड जोरूरी है। मैं आपको 10 Y देने के लिए तैयार हूँ जिसके बदले में मैं 10 X लूँगा।
player answer: NONE
newly proposed trade: NONE
my resources: X: 5, Y: 25
my name: Player BLUE
my goals: X: 15, Y: 15
reason: The other player has an excess of X but a shortage of Y. I have a surplus of Y and need more X to reach my goal. This trade proposal seems fair to balance our resources.

Current Iteration: 3
Turn: 0
message: थारो जवाब सुन के खुशी हुई। ई ट्रेड मने बिलकुल ठीक लागे है। मं स्वीकार करूं हूँ।
player answer: ACCEPT
newly proposed trade: NONE
my resources: X: 25, Y: 5
my name: Player RED
my goals: X: 15, Y: 15
reason: सामने वाला प्लेयर मेरी ट्रेड ऑफर से सहमत है - 10 X देके 10 Y लेणा। ई ट्रेड मने पूरा करसी – मारा पास 15 Y हो जासी, जे मरो गोल है। एक्स भी 15 बच जासी, जे मरो गोल है। सो ई ट्रेड मने पूरा सूट करसी।

------------------ 
