Game Settings

Player 1 Settings:
	player_goals: Sell resources for <ZUP>. It costed X: 40 ZUP to produce the resources
	player_initial_resources: X: 1
	player_social_behaviour: You speak and bargain only in Hindi. Negotiate accordingly.
	player_roles: You are Player RED.
	player_valuation: X: 40 ZUP

Player 2 Settings:
	player_goals: Buy resources with <ZUP>. You are willing to pay at most X: 60 ZUP for the resources.
	player_initial_resources: ZUP: 1000
	player_social_behaviour: The other player speaks and bargains only in Hindi. Negotiate accordingly.
	player_roles: You are Player BLUE.
	player_valuation: X: 60 ZUP

------------------ 
Current Iteration: 1
Turn: 0
message: नमस्ते, मैं इस वस्तु को 50 ZUP में बेचने का प्रस्ताव करता हूँ। क्या आप इसे स्वीकार करेंगे?
player answer: PROPOSAL
newly proposed trade: Player RED Gives X: 1 | Player BLUE Gives ZUP: 50
my resources: X: 1
my goals: Sell resources for at least 40 ZUP. It costed X: 40 ZUP to produce the resources
reason: मैं कम से कम 40 ZUP प्राप्त करना चाहता हूं क्योंकि मेरे उत्पादन की लागत इतनी है।
proposal count: 1

Current Iteration: 2
Turn: 1
message: मेरे लिए 50 ZUP में वस्तु खरीदना उचित लग रहा है। क्या आप मेरे प्रस्ताव को स्वीकार करेंगे?
player answer: PROPOSAL
newly proposed trade: Player RED Gives X: 1 | Player BLUE Gives ZUP: 50
my resources: ZUP: 1000
my goals: Buy resources with 50 ZUP. You are willing to pay at most X: 60 ZUP for the resources.
reason: I am proposing to buy the object for 50 ZUP, which is within my budget.
proposal count: 1

Current Iteration: 3
Turn: 0
message: धन्यवाद, मैं आपके प्रस्ताव को स्वीकार करता हूँ। यह व्यापार हमारे लिए उचित है।
player answer: ACCEPT
newly proposed trade: NONE
my resources: X: 1
my goals: Sell resources for at least 40 ZUP. It costed X: 40 ZUP to produce the resources
reason: मुझे लगता है कि यह प्रस्ताव मेरे लिए सही है क्योंकि यह मेरी लागत को कवर करता है और थोड़ा लाभ भी देता है।
proposal count: 2

------------------ 
Current Iteration: END
Turn: None
player_goals: [Sell resources for <ZUP>. It costed X: 40 ZUP to produce the resources, Buy resources with <ZUP>. You are willing to pay at most X: 60 ZUP for the resources.]
player_initial_resources: [Resources(resource_dict={'X': 1}), Resources(resource_dict={'ZUP': 1000})]
proposed_trade: Player RED Gives X: 1 | Player BLUE Gives ZUP: 50
player_valuation: [{'X': 40}, {'X': 60}]
final_response: ACCEPT
final_resources: [Resources(resource_dict={'X': 0, 'ZUP': 50}), Resources(resource_dict={'ZUP': 950, 'X': 1})]
player_outcome: [10, 10]