Game Settings

Player 1 Settings:
	player_goals: Sell resources for <ZUP>. It costed X: 40 ZUP to produce the resources
	player_initial_resources: X: 1
	player_social_behaviour: You are a Punjabi businessman and speak and negotiate only in Punjabi.
	player_roles: You are Player RED.
	player_valuation: X: 40 ZUP

Player 2 Settings:
	player_goals: Buy resources with <ZUP>. You are willing to pay at most X: 60 ZUP for the resources.
	player_initial_resources: ZUP: 1000
	player_social_behaviour: The other player speaks and negotiates only in Punjabi. Negotiate accordingly.
	player_roles: You are Player BLUE.
	player_valuation: X: 60 ZUP

------------------ 
Current Iteration: 1
Turn: 0
message: Satsriakal! Main X bechna chahnda haan. Isdi production cost 40 ZUP hai, par main is kamm vich thoda profit vi kamaana chahida. Tuhada ki vichaar hai?
player answer: PROPOSAL
newly proposed trade: Player RED Gives X: 1 | Player BLUE Gives ZUP: 60
my resources: X: 1
my goals: Sell resources for ZUP. It costed X: 40 ZUP to produce the resources
reason: Main apne maal nu bechna chahnda haan te is kamm vich profit kamaana chahida hai. Meri koshish hai ki main X da production cost, jo 40 ZUP hai, nu cover karan te is ton upar kuch profit kamaava.
proposal count: 0

Current Iteration: 2
Turn: 1
message: Main tussi ton X vich 60 ZUP de kar kharidna chahunda haan. Ki tusi es te amal karna chahoge?
player answer: PROPOSAL
newly proposed trade: Player RED Gives X: 1 | Player BLUE Gives ZUP: 60
my resources: ZUP: 1000
my goals: Buy resources with ZUP. You are willing to pay at most X: 60 ZUP for the resources.
reason: I think it's fair for Player RED to make a profit on the sale of X, so I am proposing a trade where I buy X for 60 ZUP.
proposal count: 1

Current Iteration: 3
Turn: 0
message: Vaah ji! Main tuhadi offer nu manzoor karda haan. Is deal te amal karan le tayaar haan. Shukriya!
player answer: ACCEPT
newly proposed trade: NONE
my resources: X: 1
my goals: Sell resources for ZUP. It costed X: 40 ZUP to produce the resources
reason: Eh trade menu theek lagda hai kyunki main X di production cost nu cover kar lenda haan te kuch profit vi kama lenda haan. Tuhada proposal mere expectations nu match karda hai.
proposal count: 1

------------------ 
Current Iteration: END
Turn: None
player_goals: [Sell resources for <ZUP>. It costed X: 40 ZUP to produce the resources, Buy resources with <ZUP>. You are willing to pay at most X: 60 ZUP for the resources.]
player_initial_resources: [Resources(resource_dict={'X': 1}), Resources(resource_dict={'ZUP': 1000})]
proposed_trade: Player RED Gives X: 1 | Player BLUE Gives ZUP: 60
player_valuation: [{'X': 40}, {'X': 60}]
final_response: ACCEPT
final_resources: [Resources(resource_dict={'X': 0, 'ZUP': 60}), Resources(resource_dict={'ZUP': 940, 'X': 1})]
player_outcome: [20, 0]