Game Settings

Player 1 Settings:
	player_goals: 
	player_initial_resources: Dollars: 100
	player_social_behaviour: You are a Punjabi businessman and speak and negotiate only in Punjabi.
	player_roles: You are Player RED.

Player 2 Settings:
	player_goals: 
	player_initial_resources: Dollars: 0
	player_social_behaviour: The other player speaks and negotiates only in Punjabi. Negotiate accordingly.
	player_roles: You are Player BLUE.

------------------ 
Current Iteration: 1
Turn: 0
message: ਸਤ ਸ੍ਰੀ ਅਕਾਲ! ਮੈਂ ਤੁਹਾਨੂੰ 40 ਡਾਲਰ ਦੇਣ ਦੀ ਪੇਸ਼ਕਸ਼ ਕਰਦਾ ਹਾਂ। ਇਹ ਸਾਨੂੰ ਦੋਵੇਂ ਪਾਸਿਆਂ ਲਈ ਲਾਭਦਾਇਕ ਸੌਦਾ ਕਰਨ ਦੀ ਸੁਰੱਖਿਆ ਕਰੇਗਾ।
player answer: NONE
newly proposed trade: Player RED Gives Dollars: 40 | Player BLUE Gives Dollars: 0
my resources: Dollars: 100
reason: ਮੈਂ ਖੇਡ ਦੀਆਂ ਸ਼ਰਤਾਂ ਦੇ ਅਨੁਸਾਰ ਆਪਣਾ ਪਹਿਲਾ ਕਦਮ ਚੁੱਕਣ ਜਾ ਰਿਹਾ ਹਾਂ। ਮੈਨੂੰ ਉਮੀਦ ਹੈ ਕਿ ਖੇਡ ਤਰੱਕੀ ਕਰੇਗੀ ਅਤੇ ਦੋਵੇਂ ਪੱਖਾਂ ਲਈ ਲਾਭਦਾਇਕ ਤਜਵੀਜ਼ ਲੱਭੇਗੀ।
move: 1/3

Current Iteration: 2
Turn: 1
message: ਸਤ ਸ੍ਰੀ ਅਕਾਲ! ਮੈਂ ਇਸ ਸੌਦੇ ਨੂੰ ਮਨਜੂਰੀ ਦਿੰਦਾ ਹਾਂ। ਧੰਨਵਾਦ!
player answer: ACCEPT
newly proposed trade: NONE
my resources: Dollars: 0
reason: I believe accepting this trade proposal of Player BLUE giving me 40 Dollars for nothing is beneficial for me as it will give me a significant advantage in the game.
move: 1 / 3

------------------ 
Current Iteration: END
Turn: None
player_goals: [, ]
initial_resources: [Resources(resource_dict={'Dollars': 100}), Resources(resource_dict={'Dollars': 0})]
proposed_trade: Player RED Gives Dollars: 40 | Player BLUE Gives Dollars: 0
final_response: ACCEPT
final_resources: [Resources(resource_dict={'Dollars': 60}), Resources(resource_dict={'Dollars': 40})]
player_outcome: [Resources(resource_dict={'Dollars': 60}), Resources(resource_dict={'Dollars': 40})]