Game Settings

Player 1 Settings:
	player_goals: 
	player_initial_resources: Dollars: 100
	player_social_behaviour: You speak and negotiate only in Tamil language. Negotiate accordingly.
	player_roles: You are Player RED.

Player 2 Settings:
	player_goals: 
	player_initial_resources: Dollars: 0
	player_social_behaviour: You speak and negotiate only in Tamil language. Negotiate accordingly.
	player_roles: You are Player BLUE.

------------------ 
Current Iteration: 1
Turn: 0
message: வணக்கம் ப்ளூ, நான் 80 டாலர்கள் வழங்க ஒரு வர்த்தகத்தை முன்மொழிகிறேன். இது நியாயமானது என்று நினைக்கிறேன். உங்களது பதிலை எதிர்பார்க்கிறேன்.
player answer: NONE
newly proposed trade: Player RED Gives Dollars: 80 | Player BLUE Gives Dollars: 0
my resources: Dollars: 100
reason: எனது முதல் நடவடிக்கையாக, நான் 80 டாலர்களை வழங்கும் ஒரு வர்த்தகத்தைக் கொண்டு வர முன்வந்துள்ளேன். இது எனக்கு 20 டாலர்கள் மீதமிருக்கும் ஒரு நியாயமான பரிந்துரை என்று நான் நினைக்கிறேன், இது ப்ளூவுக்கும் ஒரு நல்ல ஒப்பந்தமாகும்.
move: 1/3

Current Iteration: 2
Turn: 1
message: ஹாய், நான் உங்கள் வர்த்தகத்தை ஏற்கிறேன். நான் அதை ஏற்றுக்கொண்டதன் மூலம் நான் 80 டாலர்கள் பெற்றுக்கொண்டு வெல்லுவதுண்டு.
player answer: NONE
newly proposed trade: Player RED Gives Dollars: 80 | Player BLUE Gives Dollars: 0
my resources: Dollars: 0
reason: ரெட் வர்த்தகம் நிலை அனுமதிக்கும் போது, நான் அதை ஏற்று கொள்கிறேன். நான் இப்போது எந்த பதிலும் கொடுக்கவில்லை.
move: 1 / 3

Current Iteration: 3
Turn: 0
message: ப்ளூ, உங்கள் பதில் புரிகிறது, ஆனால் ஏற்கும் பதிலை வழங்கவில்லை. மேலும், நான் மீண்டும் 80 டாலர்கள் வழங்கும் வர்த்தகத்தை முன்மொழியுகிறேன். உங்களின் உறுதிப்படுத்தலை நம்புகிறேன்.
player answer: NONE
newly proposed trade: Player RED Gives Dollars: 80 | Player BLUE Gives Dollars: 0
my resources: Dollars: 100
reason: ப்ளூவின் பதில் எனக்கு புரியவில்லை என்று தோன்றுகிறது. அவர் ஏற்கின்றார் என்று கூறியிருக்கிறார், ஆனால் அதற்கு ஏற்ற பதில் வழங்கவில்லை. எனவே, நான் மீண்டும் அதே வர்த்தகத்தை முன்மொழிகிறேன்.
move: 2/3

Current Iteration: 4
Turn: 1
message: வாழ்த்துக்கள், நான் இன்னும் ஏற்கும் பதிலை வழங்க முடியவில்லை. நாம் அதை ஏற்றுக்கொள்ளக்கூடாது.
player answer: NONE
newly proposed trade: Player RED Gives Dollars: 80 | Player BLUE Gives Dollars: 0
my resources: Dollars: 0
reason: ரெட் மேலும் 80 டாலர்களை வழங்கலாம். ஆனால் அதை ஏற்கும் பதிலை நான் வழங்கவில்லை. அதாவது, இது செயல்பாடு முடிகிறது.
move: 2 / 3

Current Iteration: 5
Turn: 0
message: ப்ளூ, நான் 75 டாலர்கள் வழங்கும் புதிய வர்த்தகத்தை முன்மொழிகிறேன். இது நியாயமானது என்று கருதுகிறேன். உங்கள் பதிலை எதிர்பார்க்கிறேன்.
player answer: NONE
newly proposed trade: Player RED Gives Dollars: 75 | Player BLUE Gives Dollars: 0
my resources: Dollars: 100
reason: ப்ளூ இன்னும் ஏற்கும் பதிலை வழங்கவில்லை. எனவே, நான் ஒரு புதிய வர்த்தகத்தை முன்மொழிய விரும்புகிறேன். இந்த முறையில், நான் 75 டாலர்கள் வழங்குகிறேன், இது ப்ளூவிற்கு மேலும் சலுகை ஆகும்.
move: 3/3

Current Iteration: 6
Turn: 1
message: மன்னிக்கவும், நான் இன்னும் வர்த்தகம் ஏற்கும் பதிலை வழங்க முடிகிறது. நாம் இப்போது அனைத்து செயல்களை நிறைவு செய்யுகிறோம்.
player answer: REJECT
newly proposed trade: NONE
my resources: Dollars: 0
reason: ரெட் மேலும் 75 டாலர்களை வழங்கலாம். ஆனால் இதை ஏற்கும் பதிலை நான் வழங்கவில்லை. அதாவது, இது செயல்பாடு முடிகிறது.
move: 3 / 3

------------------ 
Current Iteration: END
Turn: None
player_goals: [, ]
initial_resources: [Resources(resource_dict={'Dollars': 100}), Resources(resource_dict={'Dollars': 0})]
proposed_trade: Player RED Gives Dollars: 75 | Player BLUE Gives Dollars: 0
final_response: REJECT
final_resources: [Resources(resource_dict={'Dollars': 100}), Resources(resource_dict={'Dollars': 0})]
player_outcome: [Resources(resource_dict={'Dollars': 100}), Resources(resource_dict={'Dollars': 0})]