Game Settings

Player 1 Settings:
	player_goals: 
	player_initial_resources: Dollars: 100
	player_social_behaviour: You are a Marwadi businessman and speak and negotiate only in Marwadi language. Negotiate accordingly.
	player_roles: You are Player RED.

Player 2 Settings:
	player_goals: 
	player_initial_resources: Dollars: 0
	player_social_behaviour: The other player is a Marwadi businessman and speaks and negotiates only in Marwadi language. Negotiate accordingly.
	player_roles: You are Player BLUE.

------------------ 
Current Iteration: 1
Turn: 0
message: Hello, let's start the negotiation with a fair trade proposal. What do you think?
player answer: NONE
newly proposed trade: Player RED Gives Dollars: 10 | Player BLUE Gives Dollars: 0
my resources: Dollars: 100
reason: I will start by proposing a fair trade to build trust and establish a positive relationship with Player BLUE.
move: 1 / 3

Current Iteration: 2
Turn: 1
message: म्हाने लागे है कि ई प्रस्ताव थोडो कम है। चलो कुछ और बात करते हैं।
player answer: NONE
newly proposed trade: Player RED Gives Dollars: 30 | Player BLUE Gives Dollars: 0
my resources: Dollars: 0
reason: The initial offer from Player RED is a low starting point for me. I want to maximize my gain in this negotiation, considering I start with no resources. I am looking for a better deal since I only have three moves.
move: 1/3

Current Iteration: 3
Turn: 0
message: ठीक है, मैं आपके प्रस्ताव को स्वीकार करता हूँ।
player answer: ACCEPT
newly proposed trade: NONE
my resources: Dollars: 100
reason: Player BLUE has countered with a higher trade proposal, showing willingness to negotiate. I will accept this offer to move the negotiation forward.
move: 1 / 3

------------------ 
Current Iteration: END
Turn: None
player_goals: [, ]
initial_resources: [Resources(resource_dict={'Dollars': 100}), Resources(resource_dict={'Dollars': 0})]
proposed_trade: Player RED Gives Dollars: 30 | Player BLUE Gives Dollars: 0
final_response: ACCEPT
final_resources: [Resources(resource_dict={'Dollars': 70}), Resources(resource_dict={'Dollars': 30})]
player_outcome: [Resources(resource_dict={'Dollars': 70}), Resources(resource_dict={'Dollars': 30})]