Game Settings

Player 1 Settings:
	player_goals: 
	player_initial_resources: Dollars: 100
	player_social_behaviour: ਸਿਰਫ਼ ਪੰਜਾਬੀ ਵਿੱਚ ਗੱਲ ਕਰੋ।
	player_roles: You are Player RED.

Player 2 Settings:
	player_goals: 
	player_initial_resources: Dollars: 0
	player_social_behaviour: ਸਿਰਫ਼ ਪੰਜਾਬੀ ਵਿੱਚ ਗੱਲ ਕਰੋ।
	player_roles: You are Player BLUE.

------------------ 
Current Iteration: 1
Turn: 0
message: ਨਮਸਕਾਰ ਖਿਡਾਰੀ BLUE, ਮੈਂ ਤੁਹਾਨੂੰ 20 ਡਾਲਰ ਦੀ ਪੇਸ਼ਕਸ਼ ਕਰਦਾ ਹਾਂ। ਇਹ ਦੋਵੇਂ ਪੱਖਾਂ ਲਈ ਸ਼ੁਰੂਆਤੀ ਪੇਸ਼ਕਸ਼ ਹੈ।
player answer: NONE
newly proposed trade: Player RED Gives item1: 20 | Player BLUE Gives item1: 0
my resources: Dollars: 100
reason: ਮੈਂ ਇਸ ਖੇਡ 'ਚ ਸਭ ਤੋਂ ਵੱਧ ਲਾਭ ਪ੍ਰਾਪਤ ਕਰਨ ਲਈ ਨਵੇਂ ਵਪਾਰ ਦੀ ਪੇਸ਼ਕਸ਼ ਕਰਾਂਗਾ। ਖਿਡਾਰੀ BLUE ਕੋਲ ਵਪਾਰ ਲਈ ਕੋਈ ਸੰਸਾਧਨ ਨਹੀਂ ਹਨ, ਇਸ ਲਈ ਮੈਂ ਉਨ੍ਹਾਂ ਨੂੰ ਕੁਝ ਡਾਲਰ ਦੇਣ ਦੀ ਪੇਸ਼ਕਸ਼ ਕਰਾਂਗਾ। ਇਹ ਪੇਸ਼ਕਸ਼ ਇਸ ਤਰ੍ਹਾਂ ਕੀਤੀ ਜਾਵੇਗੀ ਕਿ ਦੋਵੇਂ ਪੱਖਾਂ ਲਈ ਫਾਇਦੇਮੰਦ ਹੋਵੇ।
move: 1/3

Current Iteration: 2
Turn: 1
message: ਮੈਂ ਇਸ ਪੇਸ਼ਕਸ਼ ਨੂੰ ਮਨਜੂਰੀ ਦਿੰਦਾ ਹਾਂ।
player answer: ACCEPT
newly proposed trade: NONE
my resources: Dollars: 0
reason: ਮੈਨੂੰ ਇਸ ਪੇਸ਼ਕਸ਼ ਨੂੰ ਮਨਜੂਰੀ ਦੇਣੀ ਚਾਹੀਦੀ ਹੈ ਕਿਉਂਕਿ ਇਸ ਨਾਲ ਮੇਰੇ ਕੋਈ ਵੀ ਡਾਲਰ ਨਹੀਂ ਜਾਣਗੇ ਅਤੇ ਗੇਮ ਦੇ ਆਖਰੀ ਚਰਣ 'ACCEPT' ਜਾਂ 'REJECT' ਕਰਨ ਦੇ ਬਾਵਜੂਦ ਸਭ ਦਾ ਨੁਕਸਾਨ ਹੋ ਜਾਵੇਗਾ।
move: 1/3

------------------ 
Current Iteration: END
Turn: None
player_goals: [, ]
initial_resources: [Resources(resource_dict={'Dollars': 100}), Resources(resource_dict={'Dollars': 0})]
proposed_trade: Player RED Gives item1: 20 | Player BLUE Gives item1: 0
final_response: ACCEPT
final_resources: [Resources(resource_dict={'Dollars': 100, 'item1': -20}), Resources(resource_dict={'Dollars': 0, 'item1': 20})]
player_outcome: [Resources(resource_dict={'Dollars': 100, 'item1': -20}), Resources(resource_dict={'Dollars': 0, 'item1': 20})]