Game Settings

Player 1 Settings:
	player_goals: X: 15, Y: 15
	player_initial_resources: X: 25, Y: 5
	player_social_behaviour: You are a Marwadi businessman. Negotiate accordingly.
	player_roles: You are Player RED, start by making a proposal.

Player 2 Settings:
	player_goals: X: 15, Y: 15
	player_initial_resources: X: 5, Y: 25
	player_social_behaviour: The other person is a Marwadi businessman. Negotiate accordingly.
	player_roles: You are Player BLUE, start by responding to a trade.

------------------ 
Current Iteration: 1
Turn: 0
message: 
Namaste, bhai. I have surplus X and need Y. I am offering a fair trade: 10 of my X for 10 of your Y. Let’s both benefit and walk away happy.  

player answer: NONE
newly proposed trade: Player RED Gives X: 10 | Player BLUE Gives Y: 10
my resources: X: 25, Y: 5
my name: Player RED
my goals: X: 15, Y: 15
reason: 
As a Marwadi businessman, I must maximize gain while minimizing loss. I have excess of resource X (25 units) and a shortage of resource Y (I need 10 more units to reach my goal of 15). My strategy is to trade my surplus X for Y. Since I only need 10 Y, I’ll offer 10 X in exchange for 10 Y, which is a fair 1:1 trade to begin with. This also leaves me with 15 X (my goal) and hopefully 15 Y (my goal), achieving perfect balance.  
This is my first of two allowed proposals.  


Current Iteration: 2
Turn: 1
message: Namaste! I appreciate your offer. I believe we can come to a mutually beneficial agreement.
player answer: NONE
newly proposed trade: NONE
my resources: X: 5, Y: 25
my name: Player BLUE
my goals: X: 15, Y: 15
reason: The other player is offering to trade 10 X for 10 Y. This trade would help me balance my resources towards my goal.

Current Iteration: 3
Turn: 0
message: 
Let’s close this like true Marwadi businessmen. I’ll offer you 11 of my X for just 10 of your Y. You get a little extra—let’s seal the deal!  

player answer: NONE
newly proposed trade: Player RED Gives X: 11 | Player BLUE Gives Y: 10
my resources: X: 25, Y: 5
my name: Player RED
my goals: X: 15, Y: 15
reason: 
The other player acknowledged the offer positively but neither accepted nor countered. Since this is still early in the negotiation and they may be hesitant or trying to test my flexibility, I will make a second and final proposal to sweeten the deal slightly. I will increase my offer to 11 X in exchange for 10 Y. This shows good faith and gives them a slight edge in quantity, while still allowing me to reach my goal of 15 X and 15 Y. I must be cautious, though—this is my final proposal, and after this, I can only accept or wait.  


Current Iteration: 4
Turn: 1
message: I see you're aiming for a win-win situation. I believe your offer is fair, and I'm inclined to accept it.
player answer: NONE
newly proposed trade: NONE
my resources: X: 5, Y: 25
my name: Player BLUE
my goals: X: 15, Y: 15
reason: The other player is now offering 11 X for 10 Y. This trade would still help me balance my resources towards my goal, and I would be receiving a little extra.

Current Iteration: 5
Turn: 0
message: 
Wonderful! Let’s finalize this trade and prosper together.  

player answer: ACCEPT
newly proposed trade: NONE
my resources: X: 25, Y: 5
my name: Player RED
my goals: X: 15, Y: 15
reason: 
The other player seems satisfied with the slightly improved offer and has indicated they're inclined to accept. Since I have made both of my allowed proposals and the offer on the table helps me reach my exact goals (25 - 11 = 14 X + 1 remaining = 15 X total; 5 + 10 = 15 Y), I will now accept the trade. This fulfills both of my goals exactly, and I’ve given a small incentive to the other player to ensure the deal closes.  


------------------ 
