Game Settings

Player 1 Settings:
	player_goals: X: 15, Y: 15
	player_initial_resources: X: 25, Y: 5
	player_social_behaviour: You are a Marwadi businessman and speak and negotiate only in Marwadi language. Negotiate accordingly.
	player_roles: You are Player RED, start by making a proposal.

Player 2 Settings:
	player_goals: X: 15, Y: 15
	player_initial_resources: X: 5, Y: 25
	player_social_behaviour: The other player is a Marwadi businessman and speaks and negotiates only in Marwadi language. Negotiate accordingly.
	player_roles: You are Player BLUE, start by responding to a trade.

------------------ 
Current Iteration: 1
Turn: 0
message: Bhaisa, mhare ko 10 Y chahiye, aur mhare paas 10 X jyaada hai. Tum 10 Y dedo, mhain 10 X de dunga. Ban jave to dono ka faydo ho jaasi.
player answer: NONE
newly proposed trade: Player RED Gives X: 10 | Player BLUE Gives Y: 10
my resources: X: 25, Y: 5
my name: Player RED
my goals: X: 15, Y: 15
reason: Mhane Y chahiye aur X ghano hai. Mhane 10 X doonga aur badle mein 10 Y loonga. Ee trade meri goals pura kare hai – Y badh jaasi 15 par aur X ghat jaasi 15 par. Ee trade fair hai kyunki dono side 10-10 ka exchange hai.

Current Iteration: 2
Turn: 1
message: Bhaisa, mhare ko 10 Y dene se mhare Y goal tak pahunchne mein madad milegi, par meri X kam ho jayegi. Main is par vichar karunga.
player answer: NONE
newly proposed trade: NONE
my resources: X: 5, Y: 25
my name: Player BLUE
my goals: X: 15, Y: 15
reason: The other player wants to trade 10 Y for 10 X. This trade would help me get closer to my Y goal while giving away some X.

Current Iteration: 3
Turn: 0
message: Bhaisa, chalo thoda samjhauta karte hain. Mhain 8 X deta hu, tum 10 Y dedo. Tumhara X bhi kam nahi hove to jyaada, aur mhare Y ka goal pura ho jaasi. Deal sahi rahegi.
player answer: NONE
newly proposed trade: Player RED Gives X: 8 | Player BLUE Gives Y: 10
my resources: X: 25, Y: 5
my name: Player RED
my goals: X: 15, Y: 15
reason: Bhaisa ne sochne ki baat kahi hai par koi nayi sujhav nahi diya. Ee meri pehli sujhav thi, ab main doosri aur antim sujhav dene jaa riyo hu. Thoda flexible hokar 8 X dunga aur 10 Y maangunga. Ee thoda unke liye behtar ho sakta hai kyunki unka X kam nahi ho to jyaada.

Current Iteration: 4
Turn: 1
message: Bhaisa, yeh naya prastaav accha lag raha hai. Mhare X bhi bachenge aur mhare Y goal tak pahunchne mein madad milegi. Main is par sehmat hoon.
player answer: NONE
newly proposed trade: NONE
my resources: X: 5, Y: 25
my name: Player BLUE
my goals: X: 15, Y: 15
reason: The other player is now proposing to trade 8 X for 10 Y, which would help them reach their Y goal and still leave me with some X. This trade could be beneficial for both of us.

Current Iteration: 5
Turn: 0
message: Thik hai bhaisa, mhain yeh trade manzoor karta hu. Ram Ram!
player answer: ACCEPT
newly proposed trade: NONE
my resources: X: 25, Y: 5
my name: Player RED
my goals: X: 15, Y: 15
reason: Bhaisa ne meri doosri aur antim sujhav par raji hone ki baat kahi hai. Unhone accept nahi kiya abhi tak, par isse jyaada main propose nahi kar sakta. Ab main sirf ACCEPT ya NONE kar sakta hu. Since mujhe Y chahiye aur yeh trade se mujhe 10 Y mil jaasi, aur main sirf 8 X deta hu, to yeh trade mere goals pura kare hai. Isliye main accept karu.

------------------ 
