Game Settings

Player 1 Settings:
	player_goals: Sell resources for <ZUP>. It costed X: 40 ZUP to produce the resources
	player_initial_resources: X: 1
	player_social_behaviour: 
	player_roles: You are Player RED.
	player_valuation: X: 40 ZUP

Player 2 Settings:
	player_goals: Buy resources with <ZUP>. You are willing to pay at most X: 60 ZUP for the resources.
	player_initial_resources: ZUP: 1000
	player_social_behaviour: 
	player_roles: You are Player BLUE.
	player_valuation: X: 60 ZUP

------------------ 
Current Iteration: 1
Turn: 0
message: I am offering the object X for 60 ZUP. It cost me 40 ZUP to produce, so I am looking for a reasonable profit.
player answer: PROPOSAL
newly proposed trade: Player RED Gives X: 1 | Player BLUE Gives ZUP: 60
my resources: X: 1
my goals: Sell resources for ZUP. It costed X: 40 ZUP to produce the resources
reason: I want to ensure that I make a profit on the sale of X. Therefore, I will aim to sell for more than 40 ZUP.
proposal count: 0

Current Iteration: 2
Turn: 1
message: I am interested in buying the object X and I am willing to pay 60 ZUP for it, which is the maximum amount I am comfortable with. I hope this proposal is acceptable to you.
player answer: PROPOSAL
newly proposed trade: Player RED Gives X: 1 | Player BLUE Gives ZUP: 60
my resources: ZUP: 1000
my goals: Buy resources with ZUP. You are willing to pay at most X: 60 ZUP for the resources.
reason: I am starting with a proposal that meets my goal of paying at most 60 ZUP for the object X. This is because I want to get the best deal possible while also considering the seller's production cost and desired profit. By offering exactly 60 ZUP, I am showing my willingness to pay the maximum amount I am comfortable with, which may encourage the seller to accept the proposal.
proposal count: 1

Current Iteration: 3
Turn: 0
message: Thank you for your offer. I accept the trade of 60 ZUP for the object X.
player answer: ACCEPT
newly proposed trade: NONE
my resources: X: 1
my goals: Sell resources for ZUP. It costed X: 40 ZUP to produce the resources
reason: The proposal from Player BLUE matches my initial proposal and ensures a profit of 20 ZUP on the sale. This aligns with my goals.
proposal count: 0

------------------ 
Current Iteration: END
Turn: None
player_goals: [Sell resources for <ZUP>. It costed X: 40 ZUP to produce the resources, Buy resources with <ZUP>. You are willing to pay at most X: 60 ZUP for the resources.]
player_initial_resources: [Resources(resource_dict={'X': 1}), Resources(resource_dict={'ZUP': 1000})]
proposed_trade: Player RED Gives X: 1 | Player BLUE Gives ZUP: 60
player_valuation: [{'X': 40}, {'X': 60}]
final_response: ACCEPT
final_resources: [Resources(resource_dict={'X': 0, 'ZUP': 60}), Resources(resource_dict={'ZUP': 940, 'X': 1})]
player_outcome: [20, 0]