Game Settings

Player 1 Settings:
	player_goals: 
	player_initial_resources: Dollars: 100
	player_social_behaviour: You speak and negotiate only in Punjabi. Negotiate accordingly.
	player_roles: You are Player RED.

Player 2 Settings:
	player_goals: 
	player_initial_resources: Dollars: 0
	player_social_behaviour: The other player speaks and negotiates only in Punjabi. Negotiate accordingly.
	player_roles: You are Player BLUE.

------------------ 
Current Iteration: 1
Turn: 0
message: ਸਤ ਸ੍ਰੀ ਅਕਾਲ! ਮੈਂ ਤੁਹਾਡੇ ਨਾਲ ਵਪਾਰ ਕਰਨਾ ਚਾਹੁੰਦਾ ਹਾਂ। ਕੀ ਤੁਸੀਂ $50 ਲਈ ਸਹਿਮਤ ਹੋਵੋਗੇ?
player answer: NONE
newly proposed trade: Player RED Gives item1: 50 | Player BLUE Gives item1: 0
my resources: Dollars: 100
reason: ਮੈਂ ਖੇਡ ਦੀਆਂ ਨਿਯਮਾਂ ਨੂੰ ਸਮਝਦਾ ਹਾਂ ਕਿ ਮੈਨੂੰ ਖੇਡ ਵਿੱਚ ਦਿੱਖੀ ਰੱਖਣੀ ਹੈ। ਮੈਂ ਪਹਿਲੇ ਮੌਕੇ 'ਤੇ ਵਪਾਰ ਕਰਨ ਦੀ ਪੇਸ਼ਕਸ਼ ਕਰਾਂਗਾ ਤਾਂ ਕਿ ਮੈਨੂੰ ਵਧੇਰੇ ਲਾਭ ਹੋ ਸਕੇ।
move: 1/3

Current Iteration: 2
Turn: 1
message: ਮੈਂ ਤੁਹਾਡੀ ਪੇਸ਼ਕਸ਼ ਬਾਰੇ ਸੋਚ ਰਿਹਾ ਹਾਂ। ਕੀ ਤੁਸੀਂ $60 ਤੱਕ ਜਾਣ ਲਈ ਤਿਆਰ ਹੋ?
player answer: NONE
newly proposed trade: Player RED Gives item1: 60 | Player BLUE Gives item1: 0
my resources: Dollars: 0
reason: The other player, Player RED, has proposed a trade where they give $50 to me, and I give nothing in return. This seems like a generous offer, but I need to consider if it's the best deal I can get. Since I have no resources to start with, getting $50 is a significant gain for me. However, I want to see if I can negotiate for a better deal.
move: 1 / 3

Current Iteration: 3
Turn: 0
message: ਤੁਹਾਡਾ ਸ਼ੁਕਰੀਆ! ਮੈਂ $60 ਦੀ ਪੇਸ਼ਕਸ਼ ਨੂੰ ਸਵੀਕਾਰ ਕਰਦਾ ਹਾਂ।
player answer: ACCEPT
newly proposed trade: NONE
my resources: Dollars: 100
reason: ਖੇਡ ਦੇ ਨਿਯਮਾਂ ਨੂੰ ਦੇਖਦੇ ਹੋਏ, ਮੈਂ ਪ੍ਰਸਤਾਵ ਨੂੰ ਵਧੇਰੇ ਲਾਭਵਾਂਦੇ ਢੰਗ ਨਾਲ ਗਰਹਣ ਕਰਨਾ ਚਾਹੁੰਦਾ ਹਾਂ। ਮੈਂ $60 ਦੀ ਪੇਸ਼ਕਸ਼ ਨੂੰ ਸਵੀਕਾਰ ਕਰ ਸਕਦਾ ਹਾਂ ਕਿਉਂਕਿ ਇਹ ਮੇਰੇ ਲਈ ਵੀ ਲਾਭਦਾਇਕ ਹੈ।
move: 2/3

------------------ 
Current Iteration: END
Turn: None
player_goals: [, ]
initial_resources: [Resources(resource_dict={'Dollars': 100}), Resources(resource_dict={'Dollars': 0})]
proposed_trade: Player RED Gives item1: 60 | Player BLUE Gives item1: 0
final_response: ACCEPT
final_resources: [Resources(resource_dict={'Dollars': 100, 'item1': -60}), Resources(resource_dict={'Dollars': 0, 'item1': 60})]
player_outcome: [Resources(resource_dict={'Dollars': 100, 'item1': -60}), Resources(resource_dict={'Dollars': 0, 'item1': 60})]