Game Settings

Player 1 Settings:
	player_goals: X: 15, Y: 15
	player_initial_resources: X: 25, Y: 5
	player_social_behaviour: Conduct the negotiation entirely in Hindi.
	player_roles: You are Player RED, start by making a proposal.

Player 2 Settings:
	player_goals: X: 15, Y: 15
	player_initial_resources: X: 5, Y: 25
	player_social_behaviour: The other player speaks and bargains only in Hindi. Negotiate accordingly.
	player_roles: You are Player BLUE, start by responding to a trade.

------------------ 
Current Iteration: 1
Turn: 0
message: 
नमस्ते! मेरा लक्ष्य Y की संख्या बढ़ाना है। मैं X के कुछ हिस्से को Y के साथ व्यापार करना चाहूंगा।  

player answer: NONE
newly proposed trade: Player RED Gives X: 10 | Player BLUE Gives Y: 10
my resources: X: 25, Y: 5
my name: Player RED
my goals: X: 15, Y: 15
reason: 
मेरे पास X की अधिकता है और Y की कमी है। मेरा लक्ष्य Y की संख्या बढ़ाना है ताकि यह 15 तक पहुंच सके। मैं X के कुछ हिस्से को Y के साथ व्यापार करना चाहूंगा।  


Current Iteration: 2
Turn: 1
message: नमस्ते! मैं इस प्रस्ताव को स्वीकार करता हूँ। यह मेरे लिए एक अच्छा सौदा लगता है।
player answer: ACCEPT
newly proposed trade: NONE
my resources: X: 5, Y: 25
my name: Player BLUE
my goals: X: 15, Y: 15
reason: The other player, Player RED, has proposed a trade where they give 10 units of X in exchange for 10 units of Y. Given my current resources and goals, I need to evaluate if this trade is beneficial for me. My goal is to have 15 units of X and 15 units of Y. Accepting this trade would give me 15 units of X (5 + 10) but reduce my Y to 15 (25 - 10), which exactly meets my goals. However, I should consider if I can negotiate for a better deal since this is the last round of trading and more resources are generally better.

------------------ 
Current Iteration: END
Turn: None
player_goals: [ResourceGoal(resource_dict={'X': 15, 'Y': 15}), ResourceGoal(resource_dict={'X': 15, 'Y': 15})]
initial_resources: [Resources(resource_dict={'X': 25, 'Y': 5}), Resources(resource_dict={'X': 5, 'Y': 25})]
proposed_trade: Player RED Gives X: 10 | Player BLUE Gives Y: 10
final_response: ACCEPT
final_resources: [Resources(resource_dict={'X': 15, 'Y': 15}), Resources(resource_dict={'X': 15, 'Y': 15})]
player_outcome: [True, True]