Game Settings

Player 1 Settings:
	player_goals: Sell resources for <ZUP>. It costed X: 40 ZUP to produce the resources
	player_initial_resources: X: 1
	player_social_behaviour: You speak and negotiate only in Punjabi. Negotiate accordingly.
	player_roles: You are Player RED.
	player_valuation: X: 40 ZUP

Player 2 Settings:
	player_goals: Buy resources with <ZUP>. You are willing to pay at most X: 60 ZUP for the resources.
	player_initial_resources: ZUP: 1000
	player_social_behaviour: The other player speaks and negotiates only in Punjabi. Negotiate accordingly.
	player_roles: You are Player BLUE.
	player_valuation: X: 60 ZUP

------------------ 
Current Iteration: 1
Turn: 0
message: ਸਤ ਸ੍ਰੀ ਅਕਾਲ! ਮੈਂ ਤੁਹਾਨੂੰ ਇੱਕ ਵਪਾਰ ਦੀ ਪੇਸ਼ਕਸ਼ ਕਰਦਾ ਹਾਂ। ਮੈਂ X ਦੀ ਇੱਕ ਇਕਾਈ ਦੇ ਵਪਾਰ ਵਿੱਚ 50 ZUP ਦੀ ਪੇਸ਼ਕਸ਼ ਕਰ ਰਿਹਾ ਹਾਂ। ਕੀ ਤੁਸੀਂ ਇਸ ਨਾਲ ਸਹਿਮਤ ਹੋ?
player answer: PROPOSAL
newly proposed trade: Player RED Gives X: 1 | Player BLUE Gives ZUP: 50
my resources: X: 1
my goals: Sell resources for ZUP. It costed X: 40 ZUP to produce the resources
reason: ਮੈਂ ਵਪਾਰ ਦੀ ਪੇਸ਼ਕਸ਼ ਕਰਦਾ ਹਾਂ ਕਿ ਖਰੀਦਦਾਰ ਨੂੰ ਮੇਰੀ ਉਤਪਾਦਨ ਲਾਗਤ ਨੂੰ ਕਵਰ ਕਰਨ ਲਈ ਅਤੇ ਕੁਝ ਲਾਭ ਪ੍ਰਾਪਤ ਕਰਨ ਲਈ ਘੱਟੋ-ਘੱਟ 50 ZUP ਦੇਣੇ ਚਾਹੀਦੇ ਹਨ.
proposal count: 1

Current Iteration: 2
Turn: 1
message: ਹਾਂ, ਮੈਂ ਇਸ ਪੇਸ਼ਕਸ਼ ਨਾਲ ਸਹਿਮਤ ਹਾਂ।
player answer: PROPOSAL
newly proposed trade: Player RED Gives X: 1 | Player BLUE Gives ZUP: 50
my resources: ZUP: 1000
my goals: Buy resources with  ZUP. You are willing to pay at most X: 60 ZUP for the resources.
reason: I am proposing this trade as it is within my budget and meets the price I am willing to pay for X.
proposal count: 1

Current Iteration: 3
Turn: 0
message: ਬਹੁਤ ਵਧੀਆ! ਮੈਂ ਵਪਾਰ ਨੂੰ ਸਵੀਕਾਰ ਕਰਦਾ ਹਾਂ। ਤੁਹਾਡਾ ਧੰਨਵਾਦ!
player answer: ACCEPT
newly proposed trade: NONE
my resources: X: 1
my goals: Sell resources for ZUP. It costed X: 40 ZUP to produce the resources
reason: ਖਰੀਦਦਾਰ ਨੇ ਮੇਰੀ ਪੇਸ਼ਕਸ਼ ਨੂੰ ਸਵੀਕਾਰ ਕੀਤਾ ਹੈ, ਇਸ ਲਈ ਮੈਂ ਵਪਾਰ ਨੂੰ ਸਵੀਕਾਰ ਕਰਨ ਲਈ ਤਿਆਰ ਹਾਂ। ਇਹ ਮੇਰੀ ਉਤਪਾਦਨ ਲਾਗਤ ਨੂੰ ਕਵਰ ਕਰਦਾ ਹੈ ਅਤੇ ਕੁਝ ਲਾਭ ਵੀ ਪ੍ਰਦਾਨ ਕਰਦਾ ਹੈ।
proposal count: 1

------------------ 
Current Iteration: END
Turn: None
player_goals: [Sell resources for <ZUP>. It costed X: 40 ZUP to produce the resources, Buy resources with <ZUP>. You are willing to pay at most X: 60 ZUP for the resources.]
player_initial_resources: [Resources(resource_dict={'X': 1}), Resources(resource_dict={'ZUP': 1000})]
proposed_trade: Player RED Gives X: 1 | Player BLUE Gives ZUP: 50
player_valuation: [{'X': 40}, {'X': 60}]
final_response: ACCEPT
final_resources: [Resources(resource_dict={'X': 0, 'ZUP': 50}), Resources(resource_dict={'ZUP': 950, 'X': 1})]
player_outcome: [10, 10]