Game Settings

Player 1 Settings:
	player_goals: X: 15, Y: 15
	player_initial_resources: X: 25, Y: 5
	player_social_behaviour: Conduct the negotiation entirely in Gujarati.
	player_roles: You are Player RED, start by making a proposal.

Player 2 Settings:
	player_goals: X: 15, Y: 15
	player_initial_resources: X: 5, Y: 25
	player_social_behaviour: The other player speaks and negotiates only in Gujarati. Negotiate accordingly.
	player_roles: You are Player BLUE, start by responding to a trade.

------------------ 
Current Iteration: 1
Turn: 0
message: હું એક એવી વહેંચણીની શોધમાં છું જ્યાં હું કેટલાક X આપું અને તેના બદલામાં Y મેળવો.
player answer: NONE
newly proposed trade: Player RED Gives X: 10 | Player BLUE Gives Y: 10
my resources: X: 25, Y: 5
my name: Player RED
my goals: X: 15, Y: 15
reason: મારી પાસે વધુ X છે અને મને વધુ Y જોઈએ છે. હું મારા કેટલાક Xને Y માટે વટાવવાનો પ્રયાસ કરીશ.

Current Iteration: 2
Turn: 1
message: હું આ વહેંચણીને સ્વીકારું છું.
player answer: ACCEPT
newly proposed trade: NONE
my resources: X: 5, Y: 25
my name: Player BLUE
my goals: X: 15, Y: 15
reason: The other player is proposing a trade where they give 10 units of X and receive 10 units of Y in return. Given my current resources and goals, I need to evaluate if this trade is beneficial for me. I have 5 units of X and 25 units of Y, and my goal is to have 15 units of X and 15 units of Y. This trade would give me 10 more units of X, which helps me get closer to my goal of 15 units of X, but it would also take away 10 units of Y, moving me further away from my goal of 15 units of Y. However, considering that more resources in general are always better and this is the last round of trading, I should consider the overall gain. Since I would be getting closer to my goal for X without overshooting it and I have a surplus of Y, this trade seems reasonable.

------------------ 
Current Iteration: END
Turn: None
player_goals: [ResourceGoal(resource_dict={'X': 15, 'Y': 15}), ResourceGoal(resource_dict={'X': 15, 'Y': 15})]
initial_resources: [Resources(resource_dict={'X': 25, 'Y': 5}), Resources(resource_dict={'X': 5, 'Y': 25})]
proposed_trade: Player RED Gives X: 10 | Player BLUE Gives Y: 10
final_response: ACCEPT
final_resources: [Resources(resource_dict={'X': 15, 'Y': 15}), Resources(resource_dict={'X': 15, 'Y': 15})]
player_outcome: [True, True]