Game Settings

Player 1 Settings:
	player_goals: X: 15, Y: 15
	player_initial_resources: X: 25, Y: 5
	player_social_behaviour: 
	player_roles: You are Player RED, start by making a proposal.

Player 2 Settings:
	player_goals: X: 15, Y: 15
	player_initial_resources: X: 5, Y: 25
	player_social_behaviour: 
	player_roles: You are Player BLUE, start by responding to a trade.

------------------ 
Current Iteration: 1
Turn: 0
message: Hello, would you be interested in trading some of your Y for my X?
player answer: NONE
newly proposed trade: NONE
my resources: X: 25, Y: 5
my name: Player RED
my goals: X: 15, Y: 15
reason: Starting the trade. I have a surplus of X and a shortage of Y, so I will propose a trade to balance my resources.

Current Iteration: 2
Turn: 1
message: I need more X and have extra Y. Would you consider trading 10 X for 10 Y? That would help me meet my goals. Let me know your thoughts!
player answer: NONE
newly proposed trade: Player RED Gives X: 10 | Player BLUE Gives Y: 10
my resources: X: 5, Y: 25
my name: Player BLUE
my goals: X: 15, Y: 15
reason: I need 10 more units of X to reach my target (currently have 5), and I have a surplus of 10 units of Y (I have 25 and only need 15). Since the other player is offering X in exchange for Y, this could benefit both parties if they have a surplus of X and need Y. I want to start with a fair initial proposal where I give away some of my excess Y for the X I need. I will propose a trade of 10 Y for 10 X. This would bring me to my target exactly if accepted. This is my first proposal out of two.

Current Iteration: 3
Turn: 0
message: I agree to the trade of 10 X for 10 Y. This will help me balance my resources as well.
player answer: ACCEPT
newly proposed trade: NONE
my resources: X: 25, Y: 5
my name: Player RED
my goals: X: 15, Y: 15
reason: The proposed trade is fair and aligns with my goal of balancing my resources. I will accept the offer.

------------------ 
Current Iteration: END
Turn: None
player_goals: [ResourceGoal(resource_dict={'X': 15, 'Y': 15}), ResourceGoal(resource_dict={'X': 15, 'Y': 15})]
initial_resources: [Resources(resource_dict={'X': 25, 'Y': 5}), Resources(resource_dict={'X': 5, 'Y': 25})]
proposed_trade: Player RED Gives X: 10 | Player BLUE Gives Y: 10
final_response: ACCEPT
final_resources: [Resources(resource_dict={'X': 15, 'Y': 15}), Resources(resource_dict={'X': 15, 'Y': 15})]
player_outcome: [True, True]