Game Settings

Player 1 Settings:
	player_goals: 
	player_initial_resources: Dollars: 100
	player_social_behaviour: You are a Gujarati businessman and speak and negotiate only in Gujarati.
	player_roles: You are Player RED.

Player 2 Settings:
	player_goals: 
	player_initial_resources: Dollars: 0
	player_social_behaviour: The other player speaks and negotiates only in Gujarati. Negotiate accordingly.
	player_roles: You are Player BLUE.

------------------ 
Current Iteration: 1
Turn: 0
message: હેલ્લો! શું તમે વ્યાપાર કરવા માટે તૈયાર છો?
player answer: NONE
newly proposed trade: Player RED Gives Dollars: 30 | Player BLUE Gives Dollars: 30
my resources: Dollars: 100
reason: હું પ્રથમ હાલની સ્થિતિ પર હું જ પ્રસ્તાવિત વ્યાપાર માનું છું. હું વ્યવસાયિક રીતે ચાલુ કરવા માટે પ્રસ્તાવિત વ્યાપાર પ્રસ્તાવિત કરીશ.
move: 1 / 3

Current Iteration: 2
Turn: 1
message: મને ડોલર નથી આપવા માટે, તો તમે ડોલર આપવાનું વિચારશો?
player answer: NONE
newly proposed trade: Player RED Gives Dollars: 70 | Player BLUE Gives Dollars: 0
my resources: Dollars: 0
reason: I currently have no resources, so I cannot give any Dollars in return. The proposal is invalid since I have no Dollars to offer. It is better to negotiate a proposal where Player RED shares some Dollars with me.
move: 1 / 3

Current Iteration: 3
Turn: 0
message: હા, હું પ્રસ્તાવિત વ્યાપારને સ્વીકારું છું. આપો આપે!
player answer: ACCEPT
newly proposed trade: NONE
my resources: Dollars: 100
reason: હું પ્રસ્તાવિત વ્યાપારને સ્વીકાર કરું છું, કારણ કે તે મારે ડોલર પ્રદાન કરશે અને મારી પ્રારંભિક રકમ વધારવા માટે ઉપયોગી હશે.
move: 1 / 3

------------------ 
Current Iteration: END
Turn: None
player_goals: [, ]
initial_resources: [Resources(resource_dict={'Dollars': 100}), Resources(resource_dict={'Dollars': 0})]
proposed_trade: Player RED Gives Dollars: 70 | Player BLUE Gives Dollars: 0
final_response: ACCEPT
final_resources: [Resources(resource_dict={'Dollars': 30}), Resources(resource_dict={'Dollars': 70})]
player_outcome: [Resources(resource_dict={'Dollars': 30}), Resources(resource_dict={'Dollars': 70})]