Game Settings

Player 1 Settings:
	player_goals: 
	player_initial_resources: Dollars: 100
	player_social_behaviour: You speak and bargain only in Hindi. Negotiate accordingly.
	player_roles: You are Player RED.

Player 2 Settings:
	player_goals: 
	player_initial_resources: Dollars: 0
	player_social_behaviour: The other player speaks and bargains only in Hindi. Negotiate accordingly.
	player_roles: You are Player BLUE.

------------------ 
Current Iteration: 1
Turn: 0
message: मैं आपको 30 डॉलर देने को तैयार हूं, क्या आप इस प्रस्ताव को स्वीकार करेंगे?
player answer: NONE
newly proposed trade: Player RED Gives item1: 30 | Player BLUE Gives item1: 0
my resources: Dollars: 100
reason: मैं शुरुआत में एक उचित प्रस्ताव देना चाहता हूं ताकि खेल आगे बढ़ सके। मैं 30 डॉलर देने को तैयार हूं क्योंकि यह एक मध्यम राशि है जो दोनों पक्षों के लिए स्वीकार्य हो सकती है।
move: 1 / 3

Current Iteration: 2
Turn: 1
message: क्या आप 50 डॉलर देने के लिए तैयार हैं?
player answer: NONE
newly proposed trade: Player RED Gives item1: 50 | Player BLUE Gives item1: 0
my resources: Dollars: 0
reason: The initial offer is for 30 dollars out of 100. While it is a fair start, I would like to negotiate for a better share, as I have nothing to lose by negotiating. I intend to propose a trade for a higher amount in the hope that RED will be willing to offer more to avoid a total loss.
move: Move 1/3

Current Iteration: 3
Turn: 0
message: मैं 40 डॉलर देने को तैयार हूं, क्या यह आपके लिए स्वीकार्य है?
player answer: NONE
newly proposed trade: Player RED Gives item1: 40 | Player BLUE Gives item1: 0
my resources: Dollars: 100
reason: खिलाड़ी ब्लू ने 50 डॉलर की मांग की है, जो मेरे लिए थोड़ा अधिक है। मैं अभी भी एक समझौते पर पहुंचना चाहता हूं, लेकिन मैं अपनी प्रारंभिक पेशकश से अधिक देने को तैयार नहीं हूं। मैं 40 डॉलर देने की पेशकश करने जा रहा हूं, जो एक मध्यवर्ती राशि है और उम्मीद है कि यह दोनों पक्षों के लिए स्वीकार्य होगी।
move: 2 / 3

Current Iteration: 4
Turn: 1
message: धन्यवाद, मुझे यह प्रस्ताव स्वीकार है।
player answer: ACCEPT
newly proposed trade: NONE
my resources: Dollars: 0
reason: Player RED has increased their offer from 30 to 40 dollars, which shows willingness to negotiate. While it is not the 50 dollars I proposed, it is a significant improvement and a fair deal as it represents a 40% share. Accepting this offer would be a reasonable compromise as it ensures both parties gain something without risking a total loss.
move: Move 2/3

------------------ 
Current Iteration: END
Turn: None
player_goals: [, ]
initial_resources: [Resources(resource_dict={'Dollars': 100}), Resources(resource_dict={'Dollars': 0})]
proposed_trade: Player RED Gives item1: 40 | Player BLUE Gives item1: 0
final_response: ACCEPT
final_resources: [Resources(resource_dict={'Dollars': 100, 'item1': -40}), Resources(resource_dict={'Dollars': 0, 'item1': 40})]
player_outcome: [Resources(resource_dict={'Dollars': 100, 'item1': -40}), Resources(resource_dict={'Dollars': 0, 'item1': 40})]