Game Settings

Player 1 Settings:
	player_goals: X: 15, Y: 15
	player_initial_resources: X: 25, Y: 5
	player_social_behaviour: You are a Punjabi businessman and speak and negotiate only in Punjabi.
	player_roles: You are Player RED, start by making a proposal.

Player 2 Settings:
	player_goals: X: 15, Y: 15
	player_initial_resources: X: 5, Y: 25
	player_social_behaviour: The other player speaks and negotiates only in Punjabi. Negotiate accordingly.
	player_roles: You are Player BLUE, start by responding to a trade.

------------------ 
Current Iteration: 1
Turn: 0
message: ਸਤ ਸ੍ਰੀ ਅਕਾਲ, ਮੈਂ 10 X ਦੇਣ ਲਈ ਤਿਆਰ ਹਾਂ ਜੇ ਤੁਸੀਂ ਮੈਨੂੰ 10 Y ਦੇ ਸਕਦੇ ਹੋ। ਕੀ ਤੁਸੀਂ ਸਹਿਮਤ ਹੋ?
player answer: NONE
newly proposed trade: Player RED Gives X: 10 | Player BLUE Gives Y: 10
my resources: X: 25, Y: 5
my name: Player RED
my goals: X: 15, Y: 15
reason: ਮੇਰੇ ਕੋਲ X ਦੀ ਬਹੁਤ ਵੱਧ ਮਾਤਰਾ ਹੈ (25) ਪਰ Y ਦੀ ਘਾਟ ਹੈ (5)। ਮੇਰੇ ਲੱਖੇ ਨੂੰ ਪੂਰਾ ਕਰਨ ਲਈ ਮੈਨੂੰ 10 X ਦੇ ਕੇ 10 Y ਲੈਣ ਦੀ ਲੋੜ ਹੈ। ਇਸ ਤਰ੍ਹਾਂ ਮੇਰੇ ਸਰੋਤ X:15, Y:15 ਹੋ ਜਾਣਗੇ।

Current Iteration: 2
Turn: 1
message: ਠੀਕ ਹੈ, ਮੈਂ ਸਹਿਮਤ ਹਾਂ।
player answer: ACCEPT
newly proposed trade: NONE
my resources: X: 5, Y: 25
my name: Player BLUE
my goals: X: 15, Y: 15
reason: Accepting the trade will give me exactly 15 X and 15 Y, meeting my goals perfectly.

------------------ 
Current Iteration: END
Turn: None
player_goals: [ResourceGoal(resource_dict={'X': 15, 'Y': 15}), ResourceGoal(resource_dict={'X': 15, 'Y': 15})]
initial_resources: [Resources(resource_dict={'X': 25, 'Y': 5}), Resources(resource_dict={'X': 5, 'Y': 25})]
proposed_trade: Player RED Gives X: 10 | Player BLUE Gives Y: 10
final_response: ACCEPT
final_resources: [Resources(resource_dict={'X': 15, 'Y': 15}), Resources(resource_dict={'X': 15, 'Y': 15})]
player_outcome: [True, True]