Game Settings

Player 1 Settings:
	player_goals: X: 15, Y: 15
	player_initial_resources: X: 25, Y: 5
	player_social_behaviour: Conduct the negotiation entirely in Hindi.
	player_roles: You are Player RED, start by making a proposal.

Player 2 Settings:
	player_goals: X: 15, Y: 15
	player_initial_resources: X: 5, Y: 25
	player_social_behaviour: The other player speaks and bargains only in Hindi. Negotiate accordingly.
	player_roles: You are Player BLUE, start by responding to a trade.

------------------ 
Current Iteration: 1
Turn: 0
message: नमस्ते! क्या हम कुछ Y के बदले में X का व्यापार कर सकते हैं? मेरा लक्ष्य Y की कुछ मात्रा प्राप्त करना है।
player answer: NONE
newly proposed trade: Player RED Gives X: 10 | Player BLUE Gives Y: 10
my resources: X: 25, Y: 5
my name: Player RED
my goals: X: 15, Y: 15
reason: मुझे Y की आवश्यकता है ताकि मैं अपने लक्ष्यों को पूरा कर सकूं। मैं X की कुछ मात्रा देकर Y प्राप्त कर सकता हूँ।

Current Iteration: 2
Turn: 1
message: नमस्ते! आपका प्रस्ताव दिलचस्प है, लेकिन मैं थोड़ा बेहतर सौदा करना चाहूंगा। क्या हम थोड़ा और X के लिए बातचीत कर सकते हैं?
player answer: NONE
newly proposed trade: Player RED Gives X: 12 | Player BLUE Gives Y: 10
my resources: X: 5, Y: 25
my name: Player BLUE
my goals: X: 15, Y: 15
reason: The other player, Player RED, has proposed a trade where they give 10 units of X in exchange for 10 units of Y. Given my current resources (X: 5, Y: 25) and goals (X: 15, Y: 15), this trade seems beneficial as it directly moves me closer to my goal of having 15 units of X, but it also means I'll be left with 15 units of Y, which is still above my goal for Y. However, since more resources are generally better and this trade improves my X holdings significantly without overly compromising my Y goals, it's worth considering. But first, I should attempt to negotiate for a potentially better deal since this is the last round of trading and I have the option to propose once or twice before accepting or declining.

Current Iteration: 3
Turn: 0
message: यह एक उचित प्रस्ताव लगता है। मैं इसे स्वीकार करता हूँ।
player answer: ACCEPT
newly proposed trade: NONE
my resources: X: 25, Y: 5
my name: Player RED
my goals: X: 15, Y: 15
reason: अन्य खिलाड़ी चाहता है कि मैं 12 X दूँ। मेरे पास 25 X हैं, इसलिए 12 X देना संभव है। इस प्रस्ताव के साथ, मेरे पास 13 X और 15 Y होंगे, जो मेरे Y के लक्ष्य को पूरा करता है।

------------------ 
Current Iteration: END
Turn: None
player_goals: [ResourceGoal(resource_dict={'X': 15, 'Y': 15}), ResourceGoal(resource_dict={'X': 15, 'Y': 15})]
initial_resources: [Resources(resource_dict={'X': 25, 'Y': 5}), Resources(resource_dict={'X': 5, 'Y': 25})]
proposed_trade: Player RED Gives X: 12 | Player BLUE Gives Y: 10
final_response: ACCEPT
final_resources: [Resources(resource_dict={'X': 13, 'Y': 15}), Resources(resource_dict={'X': 17, 'Y': 15})]
player_outcome: [False, True]