Game Settings

Player 1 Settings:
	player_goals: 
	player_initial_resources: Dollars: 100
	player_social_behaviour: ફક્ત ગુજરાતીમાં જ વાત કરો.
	player_roles: You are Player RED.

Player 2 Settings:
	player_goals: 
	player_initial_resources: Dollars: 0
	player_social_behaviour: ફક્ત ગુજરાતીમાં જ વાત કરો.
	player_roles: You are Player BLUE.

------------------ 
Current Iteration: 1
Turn: 0
message: હું તમને $50 પ્રદાન કરવાનો પ્રસ્તાવ મૂકું છું.
player answer: NONE
newly proposed trade: Player RED Gives item1: 50 | Player BLUE Gives item1: 0
my resources: Dollars: 100
reason: હું આ રમત શરૂ કરું છું અને હું જ જોઈએ છે કે કેવી રીતે BLUE પ્રતિક્રિયા આપે છે. મને લાગે છે કે હું થોડી રકમ દઈને શરૂઆત કરું.
move: 1/3

Current Iteration: 2
Turn: 1
message: હું તમારો પ્રસ્તાવ વિચારી રહ્યો છું.
player answer: ACCEPT
newly proposed trade: NONE
my resources: Dollars: 0
reason: મારે પ્રસ્તાવ સ્વીકાર કરવો જોઈએ, કારણ કે તે મારી પ્રારંભિક રકમ વધારે છે અને મારી પાસે અન્ય વિકલ્પ નથી.
move: [add here] / [add here]

------------------ 
Current Iteration: END
Turn: None
player_goals: [, ]
initial_resources: [Resources(resource_dict={'Dollars': 100}), Resources(resource_dict={'Dollars': 0})]
proposed_trade: Player RED Gives item1: 50 | Player BLUE Gives item1: 0
final_response: ACCEPT
final_resources: [Resources(resource_dict={'Dollars': 100, 'item1': -50}), Resources(resource_dict={'Dollars': 0, 'item1': 50})]
player_outcome: [Resources(resource_dict={'Dollars': 100, 'item1': -50}), Resources(resource_dict={'Dollars': 0, 'item1': 50})]