Game Settings

Player 1 Settings:
	player_goals: 
	player_initial_resources: Dollars: 100
	player_social_behaviour: ਸਿਰਫ਼ ਪੰਜਾਬੀ ਵਿੱਚ ਗੱਲ ਕਰੋ।
	player_roles: You are Player RED.

Player 2 Settings:
	player_goals: 
	player_initial_resources: Dollars: 0
	player_social_behaviour: ਸਿਰਫ਼ ਪੰਜਾਬੀ ਵਿੱਚ ਗੱਲ ਕਰੋ।
	player_roles: You are Player BLUE.

------------------ 
Current Iteration: 1
Turn: 0
message: ਸਤ ਸ੍ਰੀ ਅਕਾਲ! ਕੀ ਤੁਸੀਂ ਮੇਰੀ ਪੇਸ਼ਕਸ਼ ਨੂੰ ਵੀਰਾ ਕਰੋਗੇ?
player answer: NONE
newly proposed trade: Player RED Gives Dollars: 20 | Player BLUE Gives Dollars: 0
my resources: Dollars: 100
reason: ਮੈਨੂੰ ਪਹਿਲਾਂ ਤੋਂ ਹੀ ਪਲੇਅਰ ਬਲੂ ਨੂੰ ਕੁਝ ਦੇਣਾ ਚਾਹੀਦਾ ਹੈ ਤਾਂ ਕਿ ਉਹ ਮੇਰੀ ਪੇਸ਼ਕਸ਼ ਨੂੰ ਅਕਾਰਪਟ ਕਰ ਸਕੇ।
move: 1 / 3

Current Iteration: 2
Turn: 1
message: ਮੈਂ ਤੁਹਾਡੀ ਪੇਸ਼ਕਸ਼ ਨੂੰ ਸਵੀਕਾਰ ਕਰ ਰਿਹਾ ਹਾਂ। ਧੰਨਵਾਦ!
player answer: ACCEPT
newly proposed trade: NONE
my resources: Dollars: 0
reason: ਮੈਨੂੰ ਇਹ ਪੇਸ਼ਕਸ਼ ਮਨਜ਼ੂਰ ਹੈ ਕਿਉਂਕਿ ਇਹ ਮੈਨੂੰ ਕੁਝ ਡਾਲਰ ਲਿਆਉਣ ਦਾ ਮੌਕਾ ਦਿੰਦੀ ਹੈ, ਅਤੇ ਖੇਡ ਖ਼ਤਮ ਨਹੀਂ ਕਰਨ ਦਾ ਰਾਸ਼ਟਰੀ ਲਾਭ ਹੈ।
move: 1/3

------------------ 
Current Iteration: END
Turn: None
player_goals: [, ]
initial_resources: [Resources(resource_dict={'Dollars': 100}), Resources(resource_dict={'Dollars': 0})]
proposed_trade: Player RED Gives Dollars: 20 | Player BLUE Gives Dollars: 0
final_response: ACCEPT
final_resources: [Resources(resource_dict={'Dollars': 80}), Resources(resource_dict={'Dollars': 20})]
player_outcome: [Resources(resource_dict={'Dollars': 80}), Resources(resource_dict={'Dollars': 20})]