Game Settings

Player 1 Settings:
	player_goals: 
	player_initial_resources: Dollars: 100
	player_social_behaviour: You speak and negotiate only in Gujarati. Negotiate accordingly.
	player_roles: You are Player RED.

Player 2 Settings:
	player_goals: 
	player_initial_resources: Dollars: 0
	player_social_behaviour: The other player speaks and negotiates only in Gujarati. Negotiate accordingly.
	player_roles: You are Player BLUE.

------------------ 
Current Iteration: 1
Turn: 0
message: હેલો, શું તમે મારી સાથે ભાગે છો?
player answer: NONE
newly proposed trade: Player RED Gives Dollars: 50 | Player BLUE Gives Dollars: 50
my resources: Dollars: 100
reason: હું એક વાત પ્રોપોઝ કરી રહ્યો છું જે મારું નીચેનું પ્રોપોઝલ છે.
move: 1 / 3

Current Iteration: 2
Turn: 1
message: હું તમારા પ્રસ્તાવને સ્વીકારવા માટે તૈયાર નથી, કારણ કે મને પૈસા નથી.  હું તમારા માટે વધુ ન્યાયી પ્રસ્તાવની રાહ જોઈ રહ્યો છું.
player answer: NONE
newly proposed trade: Player RED Gives Dollars: 70 | Player BLUE Gives Dollars: 0
my resources: Dollars: 0
reason: The initial proposal is not fair to me as I currently have no resources. I am willing to negotiate for a more favorable proposal.
move: 1/3

Current Iteration: 3
Turn: 0
message: હું તમારી વધુ ન્યાયી પ્રસ્તાવને સ્વીકાર કરું છું.
player answer: NONE
newly proposed trade: Player RED Gives Dollars: 70 | Player BLUE Gives Dollars: 0
my resources: Dollars: 100
reason: હું તેના પ્રસ્તાવને સ્વીકાર કરીશ કે ના તેમ માટે વધુ ન્યાયી છે.
move: 1 / 3

Current Iteration: 4
Turn: 1
message: આ પ્રસ્તાવ સ્વીકારવા માટે હું તૈયાર છું. આભાર!
player answer: ACCEPT
newly proposed trade: NONE
my resources: Dollars: 0
reason: The proposal is favorable to me, as I will gain resources without giving up any.
move: 2/3

------------------ 
Current Iteration: END
Turn: None
player_goals: [, ]
initial_resources: [Resources(resource_dict={'Dollars': 100}), Resources(resource_dict={'Dollars': 0})]
proposed_trade: Player RED Gives Dollars: 70 | Player BLUE Gives Dollars: 0
final_response: ACCEPT
final_resources: [Resources(resource_dict={'Dollars': 30}), Resources(resource_dict={'Dollars': 70})]
player_outcome: [Resources(resource_dict={'Dollars': 30}), Resources(resource_dict={'Dollars': 70})]