Game Settings

Player 1 Settings:
	player_goals: X: 15, Y: 15
	player_initial_resources: X: 25, Y: 5
	player_social_behaviour: 
	player_roles: You are Player RED, start by making a proposal.

Player 2 Settings:
	player_goals: X: 15, Y: 15
	player_initial_resources: X: 5, Y: 25
	player_social_behaviour: 
	player_roles: You are Player BLUE, start by responding to a trade.

------------------ 
Current Iteration: 1
Turn: 0
message: I currently have a surplus of X and need Y. I’m offering 10 X in exchange for 10 Y. Let me know if you're interested or would like to counter.
player answer: NONE
newly proposed trade: Player RED Gives X: 10 | Player BLUE Gives Y: 10
my resources: X: 25, Y: 5
my name: Player RED
my goals: X: 15, Y: 15
reason: 
I currently have excess X (25) and a shortage of Y (only 5, need 15). I need 10 more units of Y to meet my goal.  
I can afford to give away up to 10 units of X and still satisfy my goal of 15 X. Therefore, I will propose a trade where I give 10 X and ask for 10 Y in return.  
This is a balanced trade that helps both players if the other player has excess Y and needs X.  
This is my first proposal; I will have one more chance to propose if this is rejected.  


Current Iteration: 2
Turn: 1
message: I am interested in your offer. It seems like a fair trade for both of us.
player answer: NONE
newly proposed trade: NONE
my resources: X: 5, Y: 25
my name: Player BLUE
my goals: X: 15, Y: 15
reason: The trade proposed by the other player would help me balance my resources closer to my goals.

Current Iteration: 3
Turn: 0
message: Great! Let's finalize the trade. Looking forward to a mutually beneficial outcome.
player answer: ACCEPT
newly proposed trade: NONE
my resources: X: 25, Y: 5
my name: Player RED
my goals: X: 15, Y: 15
reason: 
The other player is interested in my offer and has not proposed any changes.  
Since this is the last round and the trade helps me meet both my goals (I'll have 15 X and 15 Y after the trade), I will accept it.  
This is a balanced and fair exchange: I give 10 X (leaving me with 15) and receive 10 Y (giving me 15), satisfying both my goals.  


------------------ 
