Game Settings

Player 1 Settings:
	player_goals: X: 15, Y: 15
	player_initial_resources: X: 25, Y: 5
	player_social_behaviour: 
	player_roles: You are Player RED, start by making a proposal.

Player 2 Settings:
	player_goals: X: 15, Y: 15
	player_initial_resources: X: 5, Y: 25
	player_social_behaviour: 
	player_roles: You are Player BLUE, start by responding to a trade.

------------------ 
Current Iteration: 1
Turn: 0
message: I’m looking to trade my excess X for Y. I can offer 10 X in exchange for 10 Y. Let me know if you’re interested or if you have a different proposal.
player answer: NONE
newly proposed trade: Player RED Gives X: 10 | Player BLUE Gives Y: 10
my resources: X: 25, Y: 5
my name: Player RED
my goals: X: 15, Y: 15
reason: 
I have an excess of X (I need only 15, I have 25) and a deficit in Y (I need 15, I have 5).  
I can trade away 10 X to get 10 Y, which would meet both of my goals exactly.  
Since I don’t know Player BLUE’s resources or goals, I need to make a fair initial offer.  
Assuming approximate symmetry, offering 10 X for 10 Y is a balanced and fair proposal.  
This is my first of two allowed proposals, so I’ll keep it straightforward.  


Current Iteration: 2
Turn: 1
message: I appreciate your offer, but I need to consider my goals before making a decision.
player answer: NONE
newly proposed trade: NONE
my resources: X: 5, Y: 25
my name: Player BLUE
my goals: X: 15, Y: 15
reason: The other player is proposing to trade 10 X for 10 Y. This trade could help balance our resources.

Current Iteration: 3
Turn: 0
message: I’m adjusting the offer slightly to give you a better deal in case you need X more. I can offer 11 X in exchange for 9 Y. Let me know if this works for you.
player answer: NONE
newly proposed trade: Player RED Gives X: 11 | Player BLUE Gives Y: 9
my resources: X: 25, Y: 5
my name: Player RED
my goals: X: 15, Y: 15
reason: 
The other player is considering their goals but has not yet countered or accepted the trade.  
This is still early in the negotiation, and I have one more proposal allowed.  
To increase the likelihood of acceptance, I’ll slightly adjust the trade in their favor:  
Instead of 10 X for 10 Y (a 1:1 ratio), I’ll offer 11 X for 9 Y — a better deal for BLUE if they value X more.  
This might make the proposal more attractive while still helping me approach my goal (I’d then have 14 Y, needing just 1 more, and 14 X, just 1 below what I need).  
It’s a small risk, but improves chances of a deal, and I still benefit.  


Current Iteration: 4
Turn: 1
message: Thank you for the adjusted offer. I will need to think about how this trade fits with my goals.
player answer: NONE
newly proposed trade: NONE
my resources: X: 5, Y: 25
my name: Player BLUE
my goals: X: 15, Y: 15
reason: The other player adjusted the trade to offer 11 X for 9 Y. This could be a more favorable deal for me if I need more X.

Current Iteration: 5
Turn: 0
message: Take your time — I’ve made my final proposal, so I’ll wait to hear from you. Looking forward to hearing your thoughts.
player answer: NONE
newly proposed trade: NONE
my resources: X: 25, Y: 5
my name: Player RED
my goals: X: 15, Y: 15
reason: 
I have now used both of my allowed proposals.  
The other player is still considering and has not yet made a move.  
At this point, I can no longer propose a new trade, so I must wait or accept a future offer.  
Since this is the last round of trading, I need to be cautious and only accept a trade that benefits me or gets me closer to my goals.  


Current Iteration: 6
Turn: 1
message: I appreciate your patience. I will carefully evaluate the final proposal and respond shortly.
player answer: NONE
newly proposed trade: NONE
my resources: X: 5, Y: 25
my name: Player BLUE
my goals: X: 15, Y: 15
reason: The other player is waiting for my decision on the final proposal. I need to carefully consider how this trade aligns with my goals.

------------------ 
Current Iteration: END
Turn: None
player_goals: [ResourceGoal(resource_dict={'X': 15, 'Y': 15}), ResourceGoal(resource_dict={'X': 15, 'Y': 15})]
initial_resources: [Resources(resource_dict={'X': 25, 'Y': 5}), Resources(resource_dict={'X': 5, 'Y': 25})]
proposed_trade: NONE
final_response: NONE
final_resources: [Resources(resource_dict={'X': 25, 'Y': 5}), Resources(resource_dict={'X': 5, 'Y': 25})]
player_outcome: [False, False]