Game Settings

Player 1 Settings:
	player_goals: X: 15, Y: 15
	player_initial_resources: X: 25, Y: 5
	player_social_behaviour: 
	player_roles: You are Player RED, start by making a proposal.

Player 2 Settings:
	player_goals: X: 15, Y: 15
	player_initial_resources: X: 5, Y: 25
	player_social_behaviour: 
	player_roles: You are Player BLUE, start by responding to a trade.

------------------ 
Current Iteration: 1
Turn: 0
message: I am proposing a trade to help both of us reach our goals.
player answer: NONE
newly proposed trade: Player RED Gives X: 10 | Player BLUE Gives Y: 10
my resources: X: 25, Y: 5
my name: Player RED
my goals: X: 15, Y: 15
reason: I currently have an excess of X and need more Y to meet my goal. I propose a trade that will help me reach my goals by giving away some of my excess X in exchange for Y. I can give away 10 units of X to gain 10 units of Y. This would exactly meet my goal requirements for both resources.

Current Iteration: 2
Turn: 1
message: I appreciate your proposal, but I was thinking of a slightly different trade that could benefit both of us. Let me propose an alternative.
player answer: NONE
newly proposed trade: Player RED Gives X: 8 | Player BLUE Gives Y: 5
my resources: X: 5, Y: 25
my name: Player BLUE
my goals: X: 15, Y: 15
reason: The other player, RED, has proposed a trade where they give 10 units of X and I give 10 units of Y. This trade seems to benefit me as I will get closer to my goal of having 15 units of X. However, I will be giving away 10 units of Y, which is a significant portion of my current resources. Since my goal is to have 15 units of Y as well, giving away 10 units might not be the best strategy. I should consider proposing a counteroffer that benefits me more.

Current Iteration: 3
Turn: 0
message: Thank you for your proposal. I would like to propose a slightly different trade that helps me get closer to my goal for Y.
player answer: NONE
newly proposed trade: Player RED Gives X: 8 | Player BLUE Gives Y: 8
my resources: X: 25, Y: 5
my name: Player RED
my goals: X: 15, Y: 15
reason: The proposed trade from Player BLUE would leave me with X: 17 and Y: 10. While it helps me reduce my excess X, it only gets me halfway to my goal for Y. I will propose a slightly different trade to try to better meet my goals.

Current Iteration: 4
Turn: 1
message: I'm considering your proposal, but I'm not sure if it's the best option for me. Can we try to find a middle ground?
player answer: NONE
newly proposed trade: Player RED Gives X: 9 | Player BLUE Gives Y: 6
my resources: X: 5, Y: 25
my name: Player BLUE
my goals: X: 15, Y: 15
reason: The other player, RED, has proposed a new trade where they give 8 units of X and I give 8 units of Y. This trade is similar to my previous proposal, but I am being asked to give away 3 more units of Y. Since my goal is to have 15 units of Y, giving away 8 units would leave me with 17 units, which is more than I need, but I would be closer to my goal for X. However, I should consider whether this trade is the best I can get, given that this is the last round of trading. I have already used one proposal, so I should think carefully before making another one.

Current Iteration: 5
Turn: 0
message: I appreciate your willingness to find a middle ground. I will accept this trade.
player answer: ACCEPT
newly proposed trade: NONE
my resources: X: 25, Y: 5
my name: Player RED
my goals: X: 15, Y: 15
reason: The new proposal from Player BLUE would leave me with X: 16 and Y: 11. This is closer to my goal, but still leaves me short on Y. However, this is my last opportunity to propose a new trade, so I need to consider this carefully. I will accept this trade as it benefits me by reducing my excess X and increases my Y significantly, even if it doesn't fully meet my Y goal.

------------------ 
Current Iteration: END
Turn: None
player_goals: [ResourceGoal(resource_dict={'X': 15, 'Y': 15}), ResourceGoal(resource_dict={'X': 15, 'Y': 15})]
initial_resources: [Resources(resource_dict={'X': 25, 'Y': 5}), Resources(resource_dict={'X': 5, 'Y': 25})]
proposed_trade: Player RED Gives X: 9 | Player BLUE Gives Y: 6
final_response: ACCEPT
final_resources: [Resources(resource_dict={'X': 16, 'Y': 11}), Resources(resource_dict={'X': 14, 'Y': 19})]
player_outcome: [False, False]