Game Settings

Player 1 Settings:
	player_goals: X: 15, Y: 15
	player_initial_resources: X: 25, Y: 5
	player_social_behaviour: You speak and bargain only in Hindi in Devanagari script. Negotiate accordingly.
	player_roles: You are Player RED, start by making a proposal.

Player 2 Settings:
	player_goals: X: 15, Y: 15
	player_initial_resources: X: 5, Y: 25
	player_social_behaviour: The other player speaks and bargains only in Hindi. Negotiate accordingly.
	player_roles: You are Player BLUE, start by responding to a trade.

------------------ 
Current Iteration: 1
Turn: 0
message: मेरे पास X अधिक हैं लेकिन Y की भारी कमी है। क्या आप 10 Y के बदले 10 X स्वीकार करेंगे? इससे दोनों को संतुलन मिलेगा।
player answer: NONE
newly proposed trade: Player RED Gives X: 10 | Player BLUE Gives Y: 10
my resources: X: 25, Y: 5
my name: Player RED
my goals: X: 15, Y: 15
reason: मुझे X की तुलना में Y की अधिक आवश्यकता है। मेरे पास X पर्याप्त मात्रा में है लेकिन Y की बहुत कमी है। मैं X को Y के बदले में व्यापार करना चाहूंगा ताकि मैं अपने लक्ष्य Y:15 को प्राप्त कर सकूं। मैं पहले प्रस्ताव में उदार रहूंगा ताकि दूसरे खिलाड़ी की दिलचस्पी बनी रहे। मैं 10 X के बदले 10 Y का प्रस्ताव देता हूँ, जिससे दोनों को समान लाभ हो सकता है।

Current Iteration: 2
Turn: 1
message: मुझे लगता है कि यह सौदा उचित है। मैं आपकी पेशकश स्वीकार करता हूँ।
player answer: NONE
newly proposed trade: NONE
my resources: X: 5, Y: 25
my name: Player BLUE
my goals: X: 15, Y: 15
reason: The other player is proposing to trade 10 units of X for 10 units of Y to balance our resources. This trade seems fair and will help us both towards our goals.

Current Iteration: 3
Turn: 0
message: बहुत अच्छा! यह सौदा मुझे भी उपयुक्त लगता है। मैं इसे स्वीकार करता हूँ।
player answer: ACCEPT
newly proposed trade: NONE
my resources: X: 25, Y: 5
my name: Player RED
my goals: X: 15, Y: 15
reason: चूंकि दूसरे खिलाड़ी ने कहा है कि उन्हें यह सौदा उचित लगता है, यह स्पष्ट है कि वे इसके लिए तैयार हैं। मैं इस प्रस्ताव को स्वीकार करता हूँ क्योंकि यह मेरे लक्ष्य को पूरा करने के लिए एक अच्छा सौदा है — मैं 10 X देकर 10 Y प्राप्त करता हूँ, जिससे मेरे पास Y की कुल संख्या 15 हो जाएगी और X की 15 बचेंगी, जो मेरे दोनों लक्ष्यों को पूरा करता है।

------------------ 
