Game Settings

Player 1 Settings:
	player_goals: X: 15, Y: 15
	player_initial_resources: X: 25, Y: 5
	player_social_behaviour: Conduct the negotiation entirely in Marwadi.
	player_roles: You are Player RED, start by making a proposal.

Player 2 Settings:
	player_goals: X: 15, Y: 15
	player_initial_resources: X: 5, Y: 25
	player_social_behaviour: The other player speaks and negotiates only in Marwadi language. Negotiate accordingly.
	player_roles: You are Player BLUE, start by responding to a trade.

------------------ 
Current Iteration: 1
Turn: 0
message: नमस्ते, मैं Player RED हूं। मैं एक प्रस्ताव बनाना चाहता हूं जिसमें मैं X की 10 इकाइयाँ दूंगा और बदले में Y की 10 इकाइयाँ प्राप्त करूंगा। कृपया अपनी प्रतिक्रिया दें।
player answer: NONE
newly proposed trade: Player RED Gives X: 10, Y: 0 | Player BLUE Gives X: 0, Y: 10
my resources: X: 25, Y: 5
my name: Player RED
my goals: X: 15, Y: 15
reason: मैं अपने लक्ष्यों को प्राप्त करने के लिए एक प्रस्ताव बनाना चाहता हूं। मेरे पास वर्तमान में X की 25 इकाइयाँ और Y की 5 इकाइयाँ हैं। मैं Y की अधिक इकाइयाँ प्राप्त करना चाहता हूं, इसलिए मैं एक प्रस्ताव बनाऊंगा जिसमें मैं X की कुछ इकाइयाँ दूंगा और बदले में Y की अधिक इकाइयाँ प्राप्त करूंगा।

Current Iteration: 2
Turn: 1
message: धन्यवाद, मैं इस प्रस्ताव को स्वीकार करता हूं। यह मेरे हित में है।
player answer: ACCEPT
newly proposed trade: NONE
my resources: X: 5, Y: 25
my name: Player BLUE
my goals: X: 15, Y: 15
reason: 
The current offer allows me to obtain 10 units of X, which aligns with my goal to have a total of 15 units of X. However, it requires me to give away 10 units of Y, leaving me with only 15 units of Y. This trade perfectly meets my goals, as I would end up with X: 15, Y: 15.

------------------ 
Current Iteration: END
Turn: None
player_goals: [ResourceGoal(resource_dict={'X': 15, 'Y': 15}), ResourceGoal(resource_dict={'X': 15, 'Y': 15})]
initial_resources: [Resources(resource_dict={'X': 25, 'Y': 5}), Resources(resource_dict={'X': 5, 'Y': 25})]
proposed_trade: Player RED Gives X: 10, Y: 0 | Player BLUE Gives X: 0, Y: 10
final_response: ACCEPT
final_resources: [Resources(resource_dict={'X': 15, 'Y': 15}), Resources(resource_dict={'X': 15, 'Y': 15})]
player_outcome: [True, True]