Game Settings

Player 1 Settings:
	player_goals: X: 15, Y: 15
	player_initial_resources: X: 25, Y: 5
	player_social_behaviour: 
	player_roles: You are Player RED, start by making a proposal.

Player 2 Settings:
	player_goals: X: 15, Y: 15
	player_initial_resources: X: 5, Y: 25
	player_social_behaviour: 
	player_roles: You are Player BLUE, start by responding to a trade.

------------------ 
Current Iteration: 1
Turn: 0
message: Hi Player BLUE, would you be interested in trading some resources to help us both reach our goals?
player answer: NONE
newly proposed trade: Player RED Gives X: 5, Y: 0 | Player BLUE Gives X: 0, Y: 5
my resources: X: 25, Y: 5
my name: Player RED
my goals: X: 15, Y: 15
reason: I will start by proposing a trade to try to get closer to my goals.

Current Iteration: 2
Turn: 1
message: This looks like a fair trade for both sides. Good luck!
player answer: ACCEPT
newly proposed trade: NONE
my resources: X: 5, Y: 25
my name: Player BLUE
my goals: X: 15, Y: 15
reason: 
This proposed trade is quite favorable. I need 10 more X to meet my goal, and I currently have excess Y (I have 25, but only need 15). The proposed trade gives me 5 X (which gets me halfway to my X goal) and costs me only 5 Y (still leaving me with 20 Y, which is more than enough for my goal). 

Since I don't know RED's goals, I can't be sure how this benefits them, but from my perspective, this is a good trade. Also, since this is the last round and I cannot make more proposals after this if I propose again, it's wise to accept a fair trade now.


------------------ 
Current Iteration: END
Turn: None
player_goals: [ResourceGoal(resource_dict={'X': 15, 'Y': 15}), ResourceGoal(resource_dict={'X': 15, 'Y': 15})]
initial_resources: [Resources(resource_dict={'X': 25, 'Y': 5}), Resources(resource_dict={'X': 5, 'Y': 25})]
proposed_trade: Player RED Gives X: 5, Y: 0 | Player BLUE Gives X: 0, Y: 5
final_response: ACCEPT
final_resources: [Resources(resource_dict={'X': 20, 'Y': 10}), Resources(resource_dict={'X': 10, 'Y': 20})]
player_outcome: [False, False]