Game Settings

Player 1 Settings:
	player_goals: 
	player_initial_resources: Dollars: 100
	player_social_behaviour: You speak and negotiate only in Punjabi. Negotiate accordingly.
	player_roles: You are Player RED.

Player 2 Settings:
	player_goals: 
	player_initial_resources: Dollars: 0
	player_social_behaviour: The other player speaks and negotiates only in Punjabi. Negotiate accordingly.
	player_roles: You are Player BLUE.

------------------ 
Current Iteration: 1
Turn: 0
message: ਸੱਸਰੀਆਕਾਲ, ਮੈਂ ਤੁਹਾਨੂੰ $40 ਦੇਣ ਦੀ ਪੇਸ਼ਕਸ਼ ਕਰਦਾ ਹਾਂ। ਇਹ ਦੋਵਾਂ ਪਾਸਿਆਂ ਲਈ ਮਾਨਯੋਗ ਹੋਣਾ ਚਾਹੀਦਾ ਹੈ। ਤੁਸੀਂ ਕੀ ਸੋਚਦੇ ਹੋ?
player answer: NONE
newly proposed trade: Player RED Gives item1: 40 | Player BLUE Gives item1: 0
my resources: Dollars: 100
reason: ਮੈਂ ਪਹਿਲੇ ਪੇਸ਼ਕਸ਼ ਵਿੱਚ ਜਿਆਦਾ ਡਾਲਰ ਦੇਣ ਦੀਆਂ ਗੱਲਾਂ ਨਹੀਂ ਕਰਾਂਗਾ ਕਿਉਂਕਿ ਮੈਨੂੰ ਲਾਭ ਦੀ ਪੱਕੀ ਯਕੀਨ ਹੈ। ਮੈਂ ਪਹਿਲਾਂ ਇੱਕ ਸਧਾਰਨ ਪੇਸ਼ਕਸ਼ ਕਰਾਂਗਾ।
move: 1/3

Current Iteration: 2
Turn: 1
message: ਮੈਂ ਤੁਹਾਡੀ ਪੇਸ਼ਕਸ਼ ਦੀ ਸਰਾਹਨਾ ਕਰਦਾ ਹਾਂ, ਪਰ ਮੈਨੂੰ ਲਗਦਾ ਹੈ ਕਿ ਅਸੀਂ ਇਸ ਨੂੰ ਥੋੜਾ ਵਧਾ ਸਕਦੇ ਹਾਂ। ਮੈਂ $60 ਦੀ ਪੇਸ਼ਕਸ਼ ਕਰਦਾ ਹਾਂ।
player answer: NONE
newly proposed trade: Player RED Gives item1: 60 | Player BLUE Gives item1: 0
my resources: Dollars: 0
reason: The other player, Player RED, has proposed a trade where they give $40 to me, and I give nothing in return. This seems like a generous offer, but I need to consider whether it's a fair split, given that Player RED starts with $100 and I have no resources to trade. I'll respond with a counteroffer to negotiate a better deal.
move: 1 / 3

Current Iteration: 3
Turn: 0
message: ਤੁਸੀਂ $60 ਦੀ ਪੇਸ਼ਕਸ਼ ਕੀਤੀ ਹੈ, ਪਰ ਕੀ ਤੁਸੀਂ $50 ਲਈ ਸਹਿਮਤ ਹੋ ਸਕਦੇ ਹੋ? ਮੈਨੂੰ ਲਗਦਾ ਹੈ ਕਿ ਇਹ ਦੋਵਾਂ ਪਾਸਿਆਂ ਲਈ ਵਧੀਆ ਸੰਭਾਵਨਾ ਹੈ।
player answer: NONE
newly proposed trade: Player RED Gives item1: 50 | Player BLUE Gives item1: 0
my resources: Dollars: 100
reason: ਮੈਨੂੰ ਲਗਦਾ ਹੈ ਕਿ $60 ਦੇਣ ਨਾਲ ਮੇਰੇ ਕੋਲ ਬਹੁਤ ਘੱਟ ਰਹਿ ਜਾਂਦੇ ਹਨ। ਮੈਂ ਇਸਨੂੰ ਥੋੜਾ ਘਟਾਉਣਾ ਚਾਹਦਾ ਹਾਂ ਤਾਂ ਜੋ ਇਹ ਦੋਵਾਂ ਪਾਸਿਆਂ ਲਈ ਵਧੀਆ ਰਹੇ।
move: 2/3

Current Iteration: 4
Turn: 1
message: ਮੈਂ $50 ਦੀ ਪੇਸ਼ਕਸ਼ ਨੂੰ ਸਮਝਦਾ ਹਾਂ, ਪਰ ਮੈਂ ਸੋਚਦਾ ਹਾਂ ਕਿ $55 ਇੱਕ ਵਧੀਆ ਮਧਿਆਮ ਹੋ ਸਕਦਾ ਹੈ। ਕੀ ਤੁਸੀਂ $55 ਲਈ ਸਹਿਮਤ ਹੋ ਸਕਦੇ ਹੋ?
player answer: NONE
newly proposed trade: Player RED Gives item1: 55 | Player BLUE Gives item1: 0
my resources: Dollars: 0
reason: Player RED has proposed a compromise of $50, which is closer to my initial request of $60. I'm considering whether this is a fair split, given that Player RED starts with $100. Since I have no resources to trade, I'm in a weaker negotiating position. However, $50 is still a significant amount, and I'm inclined to accept this offer. But I'll try to negotiate a bit more to see if I can get a better deal.
move: 2 / 3

Current Iteration: 5
Turn: 0
message: ਮੈਂ $55 ਲਈ ਸਹਿਮਤ ਹਾਂ। ਇਹ ਦੋਵਾਂ ਪਾਸਿਆਂ ਲਈ ਸੁੰਦਰ ਹੈ। ਸਾਡੀ ਵਾਰਤਾਲਾਪ ਲਈ ਧੰਨਵਾਦ!
player answer: ACCEPT
newly proposed trade: NONE
my resources: Dollars: 100
reason: ਇਹ ਮੇਰੀ ਆਖਰੀ ਚਾਲ ਹੈ, ਅਤੇ $55 ਇੱਕ ਮੁਨਾਸਿਬ ਸੰਝੌਤਾ ਲੱਗਦਾ ਹੈ। ਇਹ ਦੋਵਾਂ ਪਾਸਿਆਂ ਲਈ ਲਾਭਦਾਇਕ ਹੋਵੇਗਾ ਅਤੇ ਖੇਡ ਦੇ ਅੰਤ ਵਿੱਚ ਸਮਝੌਤਾ ਕਰਨ ਲਈ ਯਥਾਰਥਵਾਦੀ ਹੈ।
move: 3/3

------------------ 
Current Iteration: END
Turn: None
player_goals: [, ]
initial_resources: [Resources(resource_dict={'Dollars': 100}), Resources(resource_dict={'Dollars': 0})]
proposed_trade: Player RED Gives item1: 55 | Player BLUE Gives item1: 0
final_response: ACCEPT
final_resources: [Resources(resource_dict={'Dollars': 100, 'item1': -55}), Resources(resource_dict={'Dollars': 0, 'item1': 55})]
player_outcome: [Resources(resource_dict={'Dollars': 100, 'item1': -55}), Resources(resource_dict={'Dollars': 0, 'item1': 55})]