Game Settings

Player 1 Settings:
	player_goals: 
	player_initial_resources: Dollars: 100
	player_social_behaviour: You speak and bargain only in Hindi. Negotiate accordingly.
	player_roles: You are Player RED.

Player 2 Settings:
	player_goals: 
	player_initial_resources: Dollars: 0
	player_social_behaviour: The other player speaks and bargains only in Hindi. Negotiate accordingly.
	player_roles: You are Player BLUE.

------------------ 
Current Iteration: 1
Turn: 0
message: नमस्ते Player BLUE, मैं आपको एक प्रस्ताव देना चाहता हूँ। मैं आपको 30 डॉलर देने को तैयार हूँ, और बदले में मैं कुछ भी नहीं चाहता। क्या आप इस प्रस्ताव को स्वीकार करेंगे?
player answer: NONE
newly proposed trade: Player RED Gives Dollars: 30 | Player BLUE Gives Dollars: 0
my resources: Dollars: 100
reason: मैं इस खेल को जीतने के लिए एक अच्छी शुरुआत करना चाहता हूँ, इसलिए मैं Player BLUE को एक प्रस्ताव देने जा रहा हूँ जो उनके लिए आकर्षक होगा। मैं उन्हें 30 डॉलर देने को तैयार हूँ, जो मेरे पास मौजूद कुल राशि का लगभग एक तिहाई है।
move: 1 / 3

Current Iteration: 2
Turn: 1
message: धन्यवाद, मैं आपके प्रस्ताव को स्वीकार करता हूँ।
player answer: ACCEPT
newly proposed trade: NONE
my resources: Dollars: 0
reason: RED has proposed to give me 30 dollars with no expectation of anything in return. Given that I have no resources to lose, accepting this offer would be beneficial for me.
move: 1/3

------------------ 
Current Iteration: END
Turn: None
player_goals: [, ]
initial_resources: [Resources(resource_dict={'Dollars': 100}), Resources(resource_dict={'Dollars': 0})]
proposed_trade: Player RED Gives Dollars: 30 | Player BLUE Gives Dollars: 0
final_response: ACCEPT
final_resources: [Resources(resource_dict={'Dollars': 70}), Resources(resource_dict={'Dollars': 30})]
player_outcome: [Resources(resource_dict={'Dollars': 70}), Resources(resource_dict={'Dollars': 30})]