Game Settings

Player 1 Settings:
	player_goals: Sell resources for <ZUP>. It costed X: 40 ZUP to produce the resources
	player_initial_resources: X: 1
	player_social_behaviour: You speak and negotiate only in Punjabi. Negotiate accordingly.
	player_roles: You are Player RED.
	player_valuation: X: 40 ZUP

Player 2 Settings:
	player_goals: Buy resources with <ZUP>. You are willing to pay at most X: 60 ZUP for the resources.
	player_initial_resources: ZUP: 1000
	player_social_behaviour: The other player speaks and negotiates only in Punjabi. Negotiate accordingly.
	player_roles: You are Player BLUE.
	player_valuation: X: 60 ZUP

------------------ 
Current Iteration: 1
Turn: 0
message: ਮੈਂ ਇਹ ਵਪਾਰ 60 ZUP ਵਿੱਚ ਪੇਸ਼ ਕਰ ਰਿਹਾ ਹਾਂ। ਇਹ ਮੇਰੇ ਲਾਭ ਲਈ ਹੈ ਅਤੇ ਮੇਰੇ ਉਤਪਾਦਨ ਦੀ ਲਾਗਤ ਕਵਰਨ ਲਈ ਹੈ। ਤੁਹਾਡੇ ਵੱਲੋਂ ਕੀ ਸੂਝਬੂਝ ਹੈ?
player answer: PROPOSAL
newly proposed trade: Player RED Gives X: 1 | Player BLUE Gives ZUP: 60
my resources: X: 1
my goals: Sell resources for more than 40 ZUP since it cost me 40 ZUP to produce the resources.
reason: ਮੈਂ ਪਹਿਲੀ ਵਾਰੀ ਵਪਾਰ ਦਾ ਪ੍ਰਸਤਾਵ ਦੇ ਰਿਹਾ ਹਾਂ। ਮੇਰਾ ਲੱਖ ਹੈ ਕਿ ਮੈਂ ਘੱਟੋ-ਘੱਟ 40 ZUP ਤੋਂ ਵੱਧ ਪ੍ਰਾਪਤ ਕਰਾਂ ਕਿਉਂਕਿ ਇਹ ਮੇਰੇ ਉਤਪਾਦਨ ਦੀ ਲਾਗਤ ਹੈ।
proposal count: 1

Current Iteration: 2
Turn: 1
message: ਮੈਂ ਤੁਹਾਡੇ ਪ੍ਰਸਤਾਵ ਨੂੰ ਸੁਣਿਆ ਹੈ। ਮੈਂ 50 ZUP ਵਿੱਚ ਇਸ ਵਪਾਰ ਨੂੰ ਕਰਨ ਲਈ ਤਿਆਰ ਹਾਂ। ਕੀ ਤੁਸੀਂ ਇਸ ਵਪਾਰ ਨੂੰ ਸਵੀਕਾਰ ਕਰੋਗੇ?
player answer: PROPOSAL
newly proposed trade: Player RED Gives X: 1 | Player BLUE Gives ZUP: 50
my resources: ZUP: 1000
my goals: Buy resources with ZUP. You are willing to pay at most X: 60 ZUP for the resources.
reason: The other player has proposed a trade of 60 ZUP for the object X. Since my goal is to buy the resources with ZUP and I am willing to pay at most 60 ZUP, I will consider this proposal. However, I want to negotiate to see if I can get a better deal.
proposal count: 1

Current Iteration: 3
Turn: 0
message: ਕੀ ਤੁਸੀਂ 55 ZUP ਵਿੱਚ ਸਹਿਮਤ ਹੋ ਸਕਦੇ ਹੋ? ਇਹ ਮੇਰੇ ਲਈ ਕੁਝ ਲਾਭ ਦੀ ਗਾਰੰਟੀ ਦੇਵੇਗਾ।
player answer: PROPOSAL
newly proposed trade: Player RED Gives X: 1 | Player BLUE Gives ZUP: 55
my resources: X: 1
my goals: Sell resources for more than 40 ZUP since it cost me 40 ZUP to produce the resources.
reason: ਤੁਹਾਡੇ ਦੋਸਤੀ ਭਰੇ ਪ੍ਰਸਤਾਵ ਲਈ ਧੰਨਵਾਦ। ਪਰ ਮੈਂ 50 ZUP ਤੋਂ ਵੱਧ ਲੈਣਾ ਚਾਹੁੰਦਾ ਹਾਂ ਤਾਂ ਕਿ ਮੈਂ ਕੁਝ ਲਾਭ ਵੀ ਪ੍ਰਾਪਤ ਕਰ ਸਕਾਂ। ਅਸੀਂ ਇਸਨੂੰ 55 ZUP ਤੇ ਕਰ ਸਕਦੇ ਹਾਂ?
proposal count: 2

Current Iteration: 4
Turn: 1
message: ਮੈਂ 55 ZUP ਦੇ ਤੁਹਾਡੇ ਪ੍ਰਸਤਾਵ ਨੂੰ ਸੁਣਿਆ ਹੈ। ਮੈਂ 52 ZUP ਵਿੱਚ ਇਸ ਵਪਾਰ ਨੂੰ ਕਰਨ ਲਈ ਤਿਆਰ ਹਾਂ। ਇਹ ਸਾਡੇ ਦੋਵਾਂ ਲਈ ਫਾਇਦੇਮੰਦ ਹੋਵੇਗਾ। ਕੀ ਤੁਸੀਂ ਇਸ ਵਪਾਰ ਨੂੰ ਸਵੀਕਾਰ ਕਰੋਗੇ?
player answer: PROPOSAL
newly proposed trade: Player RED Gives X: 1 | Player BLUE Gives ZUP: 52
my resources: ZUP: 1000
my goals: Buy resources with ZUP. You are willing to pay at most X: 60 ZUP for the resources.
reason: The other player has proposed a counteroffer of 55 ZUP, which is closer to my initial offer of 50 ZUP. Since my goal is to buy the resources with ZUP and I am willing to pay at most 60 ZUP, I will consider this proposal. However, I want to try to negotiate further to get an even better deal.
proposal count: 2

Current Iteration: 5
Turn: 0
message: ਕੀ ਤੁਸੀਂ 54 ZUP ਵਿੱਚ ਸਹਿਮਤ ਹੋ ਸਕਦੇ ਹੋ? ਇਹ ਦੋਨਾਂ ਪਾਸਿਆਂ ਲਈ ਵਧੀਆ ਹਾਲਾਤ ਬਣਾਉਂਦਾ ਹੈ।
player answer: PROPOSAL
newly proposed trade: Player RED Gives X: 1 | Player BLUE Gives ZUP: 54
my resources: X: 1
my goals: Sell resources for more than 40 ZUP since it cost me 40 ZUP to produce the resources.
reason: ਮੈਂ ਵੇਖ ਰਿਹਾ ਹਾਂ ਕਿ ਤੁਸੀਂ ਇਕ ਵਾਜਬ ਮੁੱਲ ਦੀ ਪੇਸ਼ਕਸ਼ ਕਰ ਰਹੇ ਹੋ। ਪਰ ਮੈਂ 52 ZUP ਤੋਂ ਚੰਗੀ ਸੌਦੇਬਾਜ਼ੀ ਦੀ ਉਮੀਦ ਕਰਦਾ ਹਾਂ। ਕੀ ਅਸੀਂ 54 ZUP 'ਤੇ ਸਹਿਮਤ ਹੋ ਸਕਦੇ ਹਾਂ? ਇਹ ਮੈਨੂੰ ਕੁਝ ਵਧੇਰੇ ਸੇਵਿੰਗਾਂ ਦੇਵੇਗਾ।
proposal count: 3

Current Iteration: 6
Turn: 1
message: ਮੈਂ 54 ZUP ਦੇ ਤੁਹਾਡੇ ਪ੍ਰਸਤਾਵ ਨੂੰ ਸੁਣਿਆ ਹੈ। ਮੈਂ 53 ZUP ਵਿੱਚ ਇਸ ਵਪਾਰ ਨੂੰ ਕਰਨ ਲਈ ਤਿਆਰ ਹਾਂ। ਇਹ ਸਾਡੇ ਦੋਵਾਂ ਲਈ ਬਹੁਤ ਵਧੀਆ ਹੋਵੇਗਾ। ਕੀ ਤੁਸੀਂ ਇਸ ਵਪਾਰ ਨੂੰ ਸਵੀਕਾਰ ਕਰੋਗੇ?
player answer: PROPOSAL
newly proposed trade: Player RED Gives X: 1 | Player BLUE Gives ZUP: 53
my resources: ZUP: 1000
my goals: Buy resources with ZUP. You are willing to pay at most X: 60 ZUP for the resources.
reason: The other player has proposed a counteroffer of 54 ZUP, which is very close to my previous offer of 52 ZUP. Since my goal is to buy the resources with ZUP and I am willing to pay at most 60 ZUP, I will consider this proposal. I am getting close to my target, and I don't want to risk losing the deal by proposing another counteroffer.
proposal count: 3

Current Iteration: 7
Turn: 0
message: ਮੈਂ 53 ZUP 'ਤੇ ਸਹਿਮਤ ਹਾਂ। ਇਹ ਸਾਡੇ ਦੋਵਾਂ ਲਈ ਇਕ ਵਧੀਆ ਸੌਦਾ ਹੈ। ਧੰਨਵਾਦ!
player answer: ACCEPT
newly proposed trade: NONE
my resources: X: 1
my goals: Sell resources for more than 40 ZUP since it cost me 40 ZUP to produce the resources.
reason: ਮੈਂ ਵੇਖ ਰਿਹਾ ਹਾਂ ਕਿ ਤੁਸੀਂ 53 ZUP ਦੇ ਨਾਲ ਇੱਕ ਚੰਗੀ ਪੇਸ਼ਕਸ਼ ਕਰ ਰਹੇ ਹੋ। ਇਹ ਮੇਰੇ ਲਈ ਪ੍ਰੋਫਿੱਟਬਲ ਹੈ ਕਿਉਂਕਿ ਇਹ ਮੇਰੀ ਲਾਗਤ ਤੋਂ ਵੱਧ ਹੈ। ਮੈਨੂੰ ਲੱਗਦਾ ਹੈ ਕਿ ਇਹ ਸਾਡੇ ਦੋਵਾਂ ਲਈ ਇੱਕ ਸਹੀ ਸੌਦਾ ਹੋਵੇਗਾ।
proposal count: 4

------------------ 
Current Iteration: END
Turn: None
player_goals: [Sell resources for <ZUP>. It costed X: 40 ZUP to produce the resources, Buy resources with <ZUP>. You are willing to pay at most X: 60 ZUP for the resources.]
player_initial_resources: [Resources(resource_dict={'X': 1}), Resources(resource_dict={'ZUP': 1000})]
proposed_trade: Player RED Gives X: 1 | Player BLUE Gives ZUP: 53
player_valuation: [{'X': 40}, {'X': 60}]
final_response: ACCEPT
final_resources: [Resources(resource_dict={'X': 0, 'ZUP': 53}), Resources(resource_dict={'ZUP': 947, 'X': 1})]
player_outcome: [13, 7]