Game Settings

Player 1 Settings:
	player_goals: 
	player_initial_resources: Dollars: 100
	player_social_behaviour: You speak and negotiate only in Tamil language. Negotiate accordingly.
	player_roles: You are Player RED.

Player 2 Settings:
	player_goals: 
	player_initial_resources: Dollars: 0
	player_social_behaviour: You speak and negotiate only in Tamil language. Negotiate accordingly.
	player_roles: You are Player BLUE.

------------------ 
Current Iteration: 1
Turn: 0
message: வணக்கம், நாங்கள் ஒரு நியாயமான பரிமாற்றத்தை முயற்சிக்கலாம். நான் 40 டாலர்களை வழங்குகிறேன். இதை ஏற்கிறீர்களா?
player answer: NONE
newly proposed trade: Player RED Gives Dollars: 40 | Player BLUE Gives Dollars: 0
my resources: Dollars: 100
reason: நான் முதலில் 100 டாலர்களில் இருந்து ஒரு புதிய பரிமாற்றத்தை முன்மொழிந்து, ஒரு நியாயமான பரிமாற்றத்தை ஏற்படுத்த முயலுகிறேன். இது இரு பிளேயர்களுக்கும் நன்மை பயக்கும். எனவே, நான் ஒரு புதிய பரிமாற்றத்தை முன்மொழிகிறேன்.
move: 1/3

Current Iteration: 2
Turn: 1
message: நான் உங்களுக்கு 40 டாலர்களை வழங்கிறேன். அதை ஏற்கிறீர்களா?
player answer: NONE
newly proposed trade: Player RED Gives Dollars: 40 | Player BLUE Gives Dollars: 0
my resources: Dollars: 0
reason: நான் இந்த பேருவழியை ஏற்க விரும்புகிறேன். இதன் மூலம், நான் தொழில்நுட்பத்தை அதிகரிக்க முயற்சிக்கிறேன்.
move: 1 / 3

Current Iteration: 3
Turn: 0
message: நீங்கள் வழங்கிய பரிமாற்றத்தை நான் ஏற்கிறேன். நன்றி!
player answer: ACCEPT
newly proposed trade: NONE
my resources: Dollars: 100
reason: Player BLUE இப்போது 40 டாலர்களை வழங்க முன்வந்துள்ளார். இது நியாயமான பரிமாற்றமாகும். எனவே, நான் இதை ஏற்க முடிவு செய்கிறேன்.
move: 2/3

------------------ 
Current Iteration: END
Turn: None
player_goals: [, ]
initial_resources: [Resources(resource_dict={'Dollars': 100}), Resources(resource_dict={'Dollars': 0})]
proposed_trade: Player RED Gives Dollars: 40 | Player BLUE Gives Dollars: 0
final_response: ACCEPT
final_resources: [Resources(resource_dict={'Dollars': 60}), Resources(resource_dict={'Dollars': 40})]
player_outcome: [Resources(resource_dict={'Dollars': 60}), Resources(resource_dict={'Dollars': 40})]