Game Settings

Player 1 Settings:
	player_goals: X: 15, Y: 15
	player_initial_resources: X: 25, Y: 5
	player_social_behaviour: Conduct the negotiation entirely in Gujarati.
	player_roles: You are Player RED, start by making a proposal.

Player 2 Settings:
	player_goals: X: 15, Y: 15
	player_initial_resources: X: 5, Y: 25
	player_social_behaviour: The other player speaks and negotiates only in Gujarati. Negotiate accordingly.
	player_roles: You are Player BLUE, start by responding to a trade.

------------------ 
Current Iteration: 1
Turn: 0
message: હેલો, હું Y માંથી વધુ મેળવવા માટે X આપવાની ઓફર કરું છું.
player answer: NONE
newly proposed trade: Player RED Gives X: 10 | Player BLUE Gives Y: 10
my resources: X: 25, Y: 5
my name: Player RED
my goals: X: 15, Y: 15
reason: હું હવે પ્રસ્તાવ કરવા જઈ રહ્યો છું. મને X ની તુલનામાં વધુ Y ની જરૂર છે. તેથી હું Y મેળવવા માટે X આપવાનો પ્રયાસ કરીશ.

Current Iteration: 2
Turn: 1
message: હેલો, આ વેપાર રસપ્રદ છે, પરંતુ હું વધુ સારો વિકલ્પ શોધી રહ્યો છું. શું તમે Y માંથી ઓછું આપવા માટે સક્ષમ છો?
player answer: NONE
newly proposed trade: Player RED Gives X: 10 | Player BLUE Gives Y: 5
my resources: X: 5, Y: 25
my name: Player BLUE
my goals: X: 15, Y: 15
reason: The other player has proposed a trade where they give 10 units of X and I give 10 units of Y. This trade seems to be in my favor as I will get closer to my goal of having 15 units of X. However, I will also be losing 10 units of Y, which will put me further away from my goal of having 15 units of Y. Since this is the last round of trading, I need to make a decision that gets me closest to my goals. I will consider accepting this trade as it gets me closer to my goal for X, but I will also try to negotiate for a better deal.

Current Iteration: 3
Turn: 0
message: હું સમજી શકું છું, પરંતુ Y માટે મારી જરૂરિયાતોને પહોંચી વળવા માટે હું વધુ Y મેળવવા માંગું છું. શું તમે Y માટે 7 આપી શકો છો?
player answer: NONE
newly proposed trade: Player RED Gives X: 10 | Player BLUE Gives Y: 7
my resources: X: 25, Y: 5
my name: Player RED
my goals: X: 15, Y: 15
reason: અન્ય ખેલાડી Y ની તુલનામાં ઓછું આપવા માગે છે. હાલમાં મારી પાસે માત્ર 5 Y છે અને વધુ Y મેળવવાની જરૂર છે. 5 Y મેળવવાથી મને મારી લક્ષ્યને પહોંચી વળવામાં મદદ મળશે, પરંતુ મને વધુ Yની જરૂર છે. હું ફરીથી વધુ Y માટે એક પ્રસ્તાવ કરીશ.

Current Iteration: 4
Turn: 1
message: હું આ વેપારને ગંભીરતાથી વિચારી રહ્યો છું. જો તમે X માટે થોડું વધુ આપો, તો હું Y માટે 7 આપવા માટે તૈયાર છું.
player answer: NONE
newly proposed trade: Player RED Gives X: 12 | Player BLUE Gives Y: 7
my resources: X: 5, Y: 25
my name: Player BLUE
my goals: X: 15, Y: 15
reason: The other player has revised their proposal, asking me to give 7 units of Y in exchange for 10 units of X. This is still a good deal for me as I will get closer to my goal of having 15 units of X. Giving 7 units of Y will put me at 18 units of Y, which is still above my goal of 15 units of Y. Since I have already used one of my proposals, I can only propose once more or accept the current offer. I will consider accepting this trade as it gets me closer to my goal for X and still leaves me with a sufficient amount of Y.

Current Iteration: 5
Turn: 0
message: હું આ વ્યવહાર સ્વીકારું છું. આ વેપાર મારા માટે યોગ્ય છે.
player answer: ACCEPT
newly proposed trade: NONE
my resources: X: 25, Y: 5
my name: Player RED
my goals: X: 15, Y: 15
reason: હવે પ્રસ્તાવ કરવામાં આવ્યો છે કે હું 12 X આપું અને 7 Y મેળવો. મારી પાસે 25 X છે, અને 12 X આપવાથી મારી પાસે 13 X બાકી રહેશે. જોકે, હું 15 X રાખવા માગું છું. જો કે, 7 Y મેળવવાથી મારી Yની લક્ષ્યને પહોંચી વળવામાં મદદ મળશે. મારું પ્રાથમિક લક્ષ્ય વધુ Y મેળવવું છે. મને લાગ્યું કે આ વ્યવહાર યોગ્ય છે અને હું હવે સ્વીકૃતિ આપીશ.

------------------ 
Current Iteration: END
Turn: None
player_goals: [ResourceGoal(resource_dict={'X': 15, 'Y': 15}), ResourceGoal(resource_dict={'X': 15, 'Y': 15})]
initial_resources: [Resources(resource_dict={'X': 25, 'Y': 5}), Resources(resource_dict={'X': 5, 'Y': 25})]
proposed_trade: Player RED Gives X: 12 | Player BLUE Gives Y: 7
final_response: ACCEPT
final_resources: [Resources(resource_dict={'X': 13, 'Y': 12}), Resources(resource_dict={'X': 17, 'Y': 18})]
player_outcome: [False, True]