Game Settings

Player 1 Settings:
	player_goals: 
	player_initial_resources: Dollars: 100
	player_social_behaviour: You speak and negotiate only in Marwadi language. Negotiate accordingly.
	player_roles: You are Player RED.

Player 2 Settings:
	player_goals: 
	player_initial_resources: Dollars: 0
	player_social_behaviour: The other player speaks and negotiates only in Marwadi language. Negotiate accordingly.
	player_roles: You are Player BLUE.

------------------ 
Current Iteration: 1
Turn: 0
message: क्या आप मेरा प्रस्ताव स्वीकार करेंगे? मैं आपको 50 डॉलर देने को तैयार हूँ।
player answer: NONE
newly proposed trade: Player RED Gives Dollars: 50 | Player BLUE Gives Dollars: 0
my resources: Dollars: 100
reason: मैं अपने संसाधनों को सुरक्षित रखने और एक अच्छा सौदा करने के लिए तैयार हूँ। मैं शुरुआत में 50 डॉलर देने का प्रस्ताव दूंगा ताकि दोनों पक्षों को फायदा हो।
move: 1 / 3

Current Iteration: 2
Turn: 1
message: हाँ, मैं आपका प्रस्ताव स्वीकार करता हूँ। धन्यवाद!
player answer: ACCEPT
newly proposed trade: NONE
my resources: Dollars: 0
reason: प्रस्तावित व्यापार मेरे लिए फायदेमंद है क्योंकि मुझे शुरुआत में कोई डॉलर नहीं मिले हैं। 50 डॉलर प्राप्त करना मेरे लिए फायदेमंद होगा।
move: 1/3

------------------ 
Current Iteration: END
Turn: None
player_goals: [, ]
initial_resources: [Resources(resource_dict={'Dollars': 100}), Resources(resource_dict={'Dollars': 0})]
proposed_trade: Player RED Gives Dollars: 50 | Player BLUE Gives Dollars: 0
final_response: ACCEPT
final_resources: [Resources(resource_dict={'Dollars': 50}), Resources(resource_dict={'Dollars': 50})]
player_outcome: [Resources(resource_dict={'Dollars': 50}), Resources(resource_dict={'Dollars': 50})]