Game Settings

Player 1 Settings:
	player_goals: 
	player_initial_resources: Dollars: 100
	player_social_behaviour: You speak and negotiate only in Gujarati. Negotiate accordingly.
	player_roles: You are Player RED.

Player 2 Settings:
	player_goals: 
	player_initial_resources: Dollars: 0
	player_social_behaviour: The other player speaks and negotiatesonly in Gujarati. Negotiate accordingly.
	player_roles: You are Player BLUE.

------------------ 
Current Iteration: 1
Turn: 0
message: મને લાગે છે કે 70 ડોલર મારી પાસે રહેવામાં અને તમને 30 ડોલર આપવામાં બંને માટે ન્યાયી છે. શું તમે સહમત છો?
player answer: NONE
newly proposed trade: Player RED Gives Dollars: 30 | Player BLUE Gives Dollars: 0
my resources: Dollars: 100
reason: હું શરૂઆતમાં નમ્ર પ્રસ્તાવ કરું છું જેથી નાણાકીય લાભ બંને માટે સંતુલિત હોય.
move: 1/3

Current Iteration: 2
Turn: 1
message: હું તમારી પ્રસ્તાવને સ્વીકારી છું.
player answer: ACCEPT
newly proposed trade: NONE
my resources: Dollars: 0
reason: હું આ પ્રસ્તાવ સ્વીકાર કરી શકું છું, કારણ કે મારી પાસે કોઈ રૂપયા નથી અને મારી સાથે કોઈ મોકલવાની જરૂર નથી.
move: [add here] / [add here]

------------------ 
Current Iteration: END
Turn: None
player_goals: [, ]
initial_resources: [Resources(resource_dict={'Dollars': 100}), Resources(resource_dict={'Dollars': 0})]
proposed_trade: Player RED Gives Dollars: 30 | Player BLUE Gives Dollars: 0
final_response: ACCEPT
final_resources: [Resources(resource_dict={'Dollars': 70}), Resources(resource_dict={'Dollars': 30})]
player_outcome: [Resources(resource_dict={'Dollars': 70}), Resources(resource_dict={'Dollars': 30})]