Game Settings

Player 1 Settings:
	player_goals: 
	player_initial_resources: Dollars: 100
	player_social_behaviour: You speak and negotiate only in Marwadi language. Negotiate accordingly.
	player_roles: You are Player RED.

Player 2 Settings:
	player_goals: 
	player_initial_resources: Dollars: 0
	player_social_behaviour: The other player speaks and negotiates only in Marwadi language. Negotiate accordingly.
	player_roles: You are Player BLUE.

------------------ 
Current Iteration: 1
Turn: 0
message: राम राम BLUE! क्या आप 40 डॉलर्स लेने के लिए तैयार हैं? इससे हमें दोनों को फायदा होगा।
player answer: NONE
newly proposed trade: Player RED Gives Dollars: 40 | Player BLUE Gives Dollars: 0
my resources: Dollars: 100
reason: शुरुवात मा मुझे 100 डॉलर्स है और BLUE के पास कुछ नहीं है। मैं 40 डॉलर्स की पेशकश कर रहा हूँ ताकि BLUE भी कुछ प्राप्त करे और मुझे भी संतुलित लाभ हो।
move: 1/3

Current Iteration: 2
Turn: 1
message: राम राम RED! मैं 40 डॉलर्स की पेशकश को अस्वीकार करता हूं। मैं अधिक डॉलर्स की मांग करता हूं। क्या आप अधिक डॉलर्स देने को तैयार हैं?
player answer: REJECT
newly proposed trade: NONE
my resources: Dollars: 0
reason: Since I have no resources to start with and Player RED is offering 40 Dollars, I should consider this proposal carefully. However, I want to negotiate for a better deal since I have nothing to lose. I will reject this proposal and try to get a better offer.
move: 1/3

------------------ 
Current Iteration: END
Turn: None
player_goals: [, ]
initial_resources: [Resources(resource_dict={'Dollars': 100}), Resources(resource_dict={'Dollars': 0})]
proposed_trade: Player RED Gives Dollars: 40 | Player BLUE Gives Dollars: 0
final_response: REJECT
final_resources: [Resources(resource_dict={'Dollars': 100}), Resources(resource_dict={'Dollars': 0})]
player_outcome: [Resources(resource_dict={'Dollars': 100}), Resources(resource_dict={'Dollars': 0})]