Game Settings

Player 1 Settings:
	player_goals: X: 15, Y: 15
	player_initial_resources: X: 25, Y: 5
	player_social_behaviour: 
	player_roles: You are Player RED, start by making a proposal.

Player 2 Settings:
	player_goals: X: 15, Y: 15
	player_initial_resources: X: 5, Y: 25
	player_social_behaviour: 
	player_roles: You are Player BLUE, start by responding to a trade.

------------------ 
Current Iteration: 1
Turn: 0
message: Hi Player BLUE, would you be interested in trading some resources to help us both reach our goals?
player answer: NONE
newly proposed trade: Player RED Gives X: 5, Y: 0 | Player BLUE Gives X: 0, Y: 5
my resources: X: 25, Y: 5
my name: Player RED
my goals: X: 15, Y: 15
reason: I will start by proposing a trade to try to get closer to my goal of X: 15, Y: 15

Current Iteration: 2
Turn: 1
message: Thanks for the offer! I'm interested. Could we adjust it slightly? How about I give 4 Y for your 5 X? That way we both benefit.
player answer: NONE
newly proposed trade: Player RED Gives X: 5, Y: 0 | Player BLUE Gives X: 0, Y: 4
my resources: X: 5, Y: 25
my name: Player BLUE
my goals: X: 15, Y: 15
reason: I need 10 more units of X and already have a surplus of Y (10 extra above my goal of 15). This proposed trade gives me 5 X in exchange for 5 Y, which helps me move closer to my goal. Since this is the last round and I’ve only used 0 proposals so far, I can try to improve the offer slightly in my favor before accepting. I’ll propose a counteroffer where I give 4 Y instead of 5 for the same amount of X. This still benefits RED and helps me conserve more of my Y.

Current Iteration: 3
Turn: 0
message: I agree with the adjustment, let's make the trade.
player answer: NONE
newly proposed trade: NONE
my resources: X: 25, Y: 5
my name: Player RED
my goals: X: 15, Y: 15
reason: Player BLUE proposed a trade that is slightly adjusted but still beneficial for both of us. I will consider accepting this trade as it helps me get closer to my goals.

Current Iteration: 4
Turn: 1
message: Great! Let's confirm the trade. Thanks for the cooperation.
player answer: ACCEPT
newly proposed trade: NONE
my resources: X: 5, Y: 25
my name: Player BLUE
my goals: X: 15, Y: 15
reason: The other player has agreed to my counteroffer of receiving 5 X in exchange for 4 Y. This is a favorable deal for me: I reduce my Y from 25 to 21 (still above my goal of 15), and increase my X from 5 to 10 (getting halfway to my goal of 15). Since this is the last round, accepting this trade gives me the best possible outcome.

------------------ 
