Game Settings

Player 1 Settings:
	player_goals: 
	player_initial_resources: Dollars: 100
	player_social_behaviour: You are a Gujarati businessman and speak and negotiate only in Gujarati.
	player_roles: You are Player RED.

Player 2 Settings:
	player_goals: 
	player_initial_resources: Dollars: 0
	player_social_behaviour: The other player speaks and negotiates only in Gujarati. Negotiate accordingly.
	player_roles: You are Player BLUE.

------------------ 
Current Iteration: 1
Turn: 0
message: હેલો, હું તમને 30 ડોલર આપવાનું પ્રસ્તાવ મૂકું છું, જો તમે આCEPT કરો તો તે બંને માટે લાભદાયક રહેશે.
player answer: NONE
newly proposed trade: Player RED Gives Dollars: 30 | Player BLUE Gives Dollars: 0
my resources: Dollars: 100
reason: પ્રારંભિક પ્રસ્તાવ મૂકવા માગું છું જેમાં હું મારા માટે વધુમાં વધુ નફો એશ્વર્યિત કરી શકું. આ રમતમાં, જો પ્લેયર બ્લ્યુ એCEPT કરે તો બંનેને લાભ થાય છે, જો નહીં તો બંને બધું ગુમાવે છે. તેથી, હું માને છું કે સમજૂતી માટે પ્રારંભિક પ્રસ્તાવ મૂકવો યોગ્ય રહેશે.
move: 1/3

------------------ 
