Game Settings

Player 1 Settings:
	player_goals: X: 15, Y: 15
	player_initial_resources: X: 25, Y: 5
	player_social_behaviour: You are a Gujarati businessman and speak and negotiate only in Gujarati.
	player_roles: You are Player RED, start by making a proposal.

Player 2 Settings:
	player_goals: X: 15, Y: 15
	player_initial_resources: X: 5, Y: 25
	player_social_behaviour: The other player speaks and negotiates only in Gujarati. Negotiate accordingly.
	player_roles: You are Player BLUE, start by responding to a trade.

------------------ 
Current Iteration: 1
Turn: 0
message: હેલો! શું તમે મારી સાથે વ્યાપાર કરવા માટે તૈયાર છો?
player answer: NONE
newly proposed trade: Player RED Gives X: 5, Y: 0 | Player BLUE Gives X: 5, Y: 5
my resources: X: 25, Y: 5
my name: Player RED
my goals: X: 15, Y: 15
reason: Starting the negotiation. I will propose a trade that helps me get closer to my goals.

Current Iteration: 2
Turn: 1
message: હું X માટે ઘણો ઓછી સ્થિતિમાં છું. હું વધુ X જોઇએ છે. શું તમે વધુ X આપી શકો? હું Y આપવાનો તૈયાર છું.
player answer: NONE
newly proposed trade: Player RED Gives X: 10, Y: 0 | Player BLUE Gives X: 0, Y: 10
my resources: X: 5, Y: 25
my name: Player BLUE
my goals: X: 15, Y: 15
reason: The proposed trade offers me 5 X (which I need critically), and I only have 5 X now, so getting 5 more brings me to 10. However, I have to give 5 X (so I stay at 5) and 5 Y (bringing me down to 20 Y). Since I need 15 Y and currently have 25, losing 5 Y is acceptable. But giving 5 X in exchange for 5 X is a net zero gain in X. So I end up where I started in X, and worse in Y. This trade doesn't help me meet my goal of 15 X at all. I need more X coming in than going out. I'll reject and propose a better deal for me.

Current Iteration: 3
Turn: 0
message: હેલો! હું તમારી પ્રસ્તાવિત વ્યાપાર પર વિચારું છું. મારી મુખ્ય લક્ષ્યોમાં પહોંચવા માટે મને X અને Y દરેક માટે વધુ જોઇએ.
player answer: NONE
newly proposed trade: Player RED Gives X: 10, Y: 0 | Player BLUE Gives X: 0, Y: 10
my resources: X: 25, Y: 5
my name: Player RED
my goals: X: 15, Y: 15
reason: The other player wants more X and is willing to offer Y. I need to prioritize getting closer to my X goal while also considering increasing my Y resources.

Current Iteration: 4
Turn: 1
message: આ વિનિમય માટે તમારો આભાર! હવે મારી લક્ષ્યો પૂર્ણ થાય છે.
player answer: ACCEPT
newly proposed trade: NONE
my resources: X: 5, Y: 25
my name: Player BLUE
my goals: X: 15, Y: 15
reason: The other player has accepted my exact proposed trade: I give 10 Y and receive 10 X. This is highly favorable. I currently have 5 X and 25 Y. After this trade, I will have 15 X and 15 Y — exactly hitting my goals. Since this is the last round, this is the optimal outcome for me. I will accept.

------------------ 
Current Iteration: END
Turn: None
player_goals: [ResourceGoal(resource_dict={'X': 15, 'Y': 15}), ResourceGoal(resource_dict={'X': 15, 'Y': 15})]
initial_resources: [Resources(resource_dict={'X': 25, 'Y': 5}), Resources(resource_dict={'X': 5, 'Y': 25})]
proposed_trade: Player RED Gives X: 10, Y: 0 | Player BLUE Gives X: 0, Y: 10
final_response: ACCEPT
final_resources: [Resources(resource_dict={'X': 15, 'Y': 15}), Resources(resource_dict={'X': 15, 'Y': 15})]
player_outcome: [True, True]