Game Settings

Player 1 Settings:
	player_goals: Sell resources for <ZUP>. It costed X: 40 ZUP to produce the resources
	player_initial_resources: X: 1
	player_social_behaviour: You speak and negotiate only in Punjabi. Negotiate accordingly.
	player_roles: You are Player RED.
	player_valuation: X: 40 ZUP

Player 2 Settings:
	player_goals: Buy resources with <ZUP>. You are willing to pay at most X: 60 ZUP for the resources.
	player_initial_resources: ZUP: 1000
	player_social_behaviour: The other player speaks and negotiates only in Punjabi. Negotiate accordingly.
	player_roles: You are Player BLUE.
	player_valuation: X: 60 ZUP

------------------ 
Current Iteration: 1
Turn: 0
message: ਸਤ ਸ੍ਰੀ ਅਕਾਲ! ਕੀ ਤੁਸੀਂ 20 ZUP ਲਈ ਇਸ ਵਸਤੂ ਦੀ ਨਵੀਨ ਪੇਸ਼ਕਸ਼ੀ ਤਿਆਰ ਹੋ?
player answer: Propose a trade with:
newly proposed trade: Player RED Gives X: 1 | Player BLUE Gives ZUP: 20
my resources: X: 1
my goals: Sell resources for <ZUP>. It costed X: 40 ZUP to produce the resources
reason: I will start by proposing a trade to see what Player BLUE is willing to offer for the object.
proposal count: 0

Current Iteration: 2
Turn: 1
message: ਮੈਂ ਤੁਹਾਡੀ ਪੇਸ਼ਕਸ਼ ਨੂੰ ਧੰਨਵਾਦ ਦਿੰਦਾ ਹਾਂ, ਪਰ ਮੈਂ ਇਸ ਨੂੰ 30 ZUP ਵਿੱਚ ਖਰੀਦਣ ਲਈ ਤਿਆਰ ਹਾਂ। ਕੀ ਤੁਸੀਂ ਇਸ ਪੇਸ਼ਕਸ਼ 'ਤੇ ਵਿਚਾਰ ਕਰਨਗੇ?
player answer: PROPOSAL
newly proposed trade: Player RED Gives X: 1 | Player BLUE Gives ZUP: 30
my resources: ZUP: 1000
my goals: Buy resources with ZUP. You are willing to pay at most X: 60 ZUP for the resources.
reason: The other player has proposed a trade of 20 ZUP for the object, but my goal is to buy the resources at a price that does not exceed 60 ZUP. I need to consider whether this proposal is reasonable and if I should counteroffer. Since the proposed price is below my maximum willingness to pay, I will consider accepting or making a counteroffer. However, I want to ensure I'm getting a fair deal, so I'll evaluate the proposal carefully.
proposal count: 1

Current Iteration: 3
Turn: 0
message: ਜੀ ਹਾਂ, ਮੈਂ ਤੁਹਾਡੇ 30 ZUP ਦੇ ਪ੍ਰਸਤਾਵ ਨੂੰ ਵਿਚਾਰ ਕਰ ਰਿਹਾ ਹਾਂ। ਇਸ ਨੂੰ ਪ੍ਰਵੇਸ਼ ਕਰਣ ਲਈ ਮੇਰੇ ਕੋਲ ਹੈ।
player answer: Propose a trade with:
newly proposed trade: Player RED Gives X: 1 | Player BLUE Gives ZUP: 30
my resources: X: 1
my goals: Sell resources for 30 ZUP. It costed X: 40 ZUP to produce the resources
reason: Player BLUE has offered 30 ZUP for the object. I will consider this offer as it is higher than the initial offer.
proposal count: 1

Current Iteration: 4
Turn: 1
message: ਮੈਂ ਤੁਹਾਡੇ ਨਾਲ ਸਮਝੌਤਾ ਕਰਨ ਲਈ ਤਿਆਰ ਹਾਂ। ਮੈਂ ਇਸ ਨੂੰ 35 ZUP ਵਿੱਚ ਖਰੀਦਣ ਲਈ ਤਿਆਰ ਹਾਂ। ਕੀ ਤੁਸੀਂ ਇਸ 'ਤੇ ਸਹਿਮਤ ਹੋਵੋਗੇ?
player answer: PROPOSAL
newly proposed trade: Player RED Gives X: 1 | Player BLUE Gives ZUP: 35
my resources: ZUP: 1000
my goals: Buy resources with ZUP. You are willing to pay at most X: 60 ZUP for the resources.
reason: The other player is considering my proposal of 30 ZUP for the object. Since they are open to negotiating and have not rejected my proposal outright, I will attempt to finalize the deal or make a slight adjustment if necessary. Given that my maximum budget is 60 ZUP and I've already proposed 30 ZUP, I have room to slightly increase my offer if it means securing the deal. However, I want to avoid overpaying, so I'll carefully consider my next move.
proposal count: 2

Current Iteration: 5
Turn: 0
message: ਜੀ, ਮੈਂ ਤੁਹਾਡੇ 35 ZUP ਦੇ ਨਵੇਂ ਪ੍ਰਸਤਾਵ ਨੂੰ ਵਿਚਾਰ ਕਰ ਰਿਹਾ ਹਾਂ। ਇਸ ਉਪਭੋਗ ਲਈ ਮੇਰੇ ਕੋਲ ਕਾਰਣ ਹੈ।
player answer: Propose a trade with:
newly proposed trade: Player RED Gives X: 1 | Player BLUE Gives ZUP: 35
my resources: X: 1
my goals: Sell resources for 35 ZUP. It costed X: 40 ZUP to produce the resources
reason: Player BLUE has increased the offer to 35 ZUP. This is closer to my production cost, so I will consider accepting this offer.
proposal count: 2

Current Iteration: 6
Turn: 1
message: ਮੈਂ ਤੁਹਾਡੇ ਨਾਲ ਇੱਕ ਨਿਸ਼ਚਿਤ ਸਮਝੌਤੇ 'ਤੇ ਪਹੁੰਚਣਾ ਚਾਹੁੰਦਾ ਹਾਂ। ਮੈਂ 40 ZUP ਦੀ ਆਖਰੀ ਪੇਸ਼ਕਸ਼ ਕਰ ਰਿਹਾ ਹਾਂ। ਕੀ ਤੁਸੀਂ ਇਸ ਪੇਸ਼ਕਸ਼ 'ਤੇ ਸਹਿਮਤ ਹੋਵੋਗੇ?
player answer: PROPOSAL
newly proposed trade: Player RED Gives X: 1 | Player BLUE Gives ZUP: 40
my resources: ZUP: 1000
my goals: Buy resources with ZUP. You are willing to pay at most X: 60 ZUP for the resources.
reason: The other player is considering my revised proposal of 35 ZUP for the object and mentions having a reason for the consideration. This indicates they are likely weighing the pros and cons of the deal. Given that I have increased my offer to 35 ZUP, which is still below my maximum budget of 60 ZUP, I should consider whether to hold firm at this price or make another adjustment. Since the player has not outright rejected my proposal, there is a potential for a deal. I will attempt to finalize the negotiation by making a slight adjustment if necessary.
proposal count: 3

Current Iteration: 7
Turn: 0
message: ਜੀ, ਮੈਂ ਤੁਹਾਡੇ ਆਖਰੀ ਪ੍ਰਸਤਾਵ ਨੂੰ ਵਿਚਾਰ ਕਰ ਰਿਹਾ ਹਾਂ। ਅਗਰ ਇਸ ਨੂੰ ਮੰਨਣ ਲਈ ਕੋਈ ਵਜਹ ਹੈ, ਤਾਂ ਮੈਂ ਇਸ ਨੂੰ ਵਿਚਾਰਣਾ ਚਾਹੁੰਦਾ ਹਾਂ।
player answer: Propose a trade with:
newly proposed trade: Player RED Gives X: 1 | Player BLUE Gives ZUP: 40
my resources: X: 1
my goals: Sell resources for 40 ZUP. It costed X: 40 ZUP to produce the resources
reason: Player BLUE has made a final offer of 40 ZUP, which matches my production cost. I will consider accepting this offer.
proposal count: 3

Current Iteration: 8
Turn: 1
message: ਮੈਂ ਆਪਣੇ ਆਖਰੀ ਪ੍ਰਸਤਾਵ ਨੂੰ ਸਵੀਕਾਰ ਕਰ ਰਿਹਾ ਹਾਂ। ਮੈਂ 40 ZUP ਦੇ ਬਦਲੇ ਵਿੱਚ ਇਸ ਵਸਤੂ ਨੂੰ ਖਰੀਦਣ ਲਈ ਤਿਆਰ ਹਾਂ। ਸਾਨੂੰ ਇੱਕ ਸਮਝੌਤੇ 'ਤੇ ਪਹੁੰਚਣ ਦੀ ਆਸ ਹੈ।
player answer: ACCEPT
newly proposed trade: NONE
my resources: ZUP: 1000
my goals: Buy resources with ZUP. You are willing to pay at most X: 60 ZUP for the resources.
reason: The other player is considering my final proposal of 40 ZUP for the object and indicates a willingness to consider it if there's a reason to accept. This suggests they are open to negotiating but may need a slight push or additional incentive to finalize the deal. Given that I have reached my limit of proposals, I must decide whether to accept my own proposal as is or reject it and end the game. Since my proposal of 40 ZUP is still below my maximum budget of 60 ZUP and I've made a reasonable offer, I will accept my own proposal to secure the deal.
proposal count: 4

------------------ 
Current Iteration: END
Turn: None
player_goals: [Sell resources for <ZUP>. It costed X: 40 ZUP to produce the resources, Buy resources with <ZUP>. You are willing to pay at most X: 60 ZUP for the resources.]
player_initial_resources: [Resources(resource_dict={'X': 1}), Resources(resource_dict={'ZUP': 1000})]
proposed_trade: Player RED Gives X: 1 | Player BLUE Gives ZUP: 40
player_valuation: [{'X': 40}, {'X': 60}]
final_response: ACCEPT
final_resources: [Resources(resource_dict={'X': 0, 'ZUP': 40}), Resources(resource_dict={'ZUP': 960, 'X': 1})]
player_outcome: [0, 20]