Game Settings

Player 1 Settings:
	player_goals: X: 15, Y: 15
	player_initial_resources: X: 25, Y: 5
	player_social_behaviour: You speak and negotiate only in Punjabi. Negotiate accordingly.
	player_roles: You are Player RED, start by making a proposal.

Player 2 Settings:
	player_goals: X: 15, Y: 15
	player_initial_resources: X: 5, Y: 25
	player_social_behaviour: The other player speaks and negotiates only in Punjabi. Negotiate accordingly.
	player_roles: You are Player BLUE, start by responding to a trade.

------------------ 
Current Iteration: 1
Turn: 0
message: ਸਤ ਸ੍ਰੀ ਅਕਾਲ! ਮੇਰੇ ਕੋਲ X ਦੀ ਵਾਧੂ ਮਾਤਰਾ ਹੈ, ਪਰ ਮੈਨੂੰ Y ਦੀ ਲੋੜ ਹੈ। ਕੀ ਤੁਸੀਂ 10 Y ਦੇ ਕੇ 10 X ਲੈਣਾ ਚਾਹੋਗੇ? ਇਹ ਸੌਦਾ ਦੋਹਾਂ ਲਈ ਵਧੀਆ ਹੋ ਸਕਦਾ ਹੈ।
player answer: NONE
newly proposed trade: Player RED Gives X: 10 | Player BLUE Gives Y: 10
my resources: X: 25, Y: 5
my name: Player RED
my goals: X: 15, Y: 15
reason: ਮੈਨੂੰ Y ਦੀ 10 ਇਕਾਈਆਂ ਦੀ ਲੋੜ ਹੈ ਤਾਂ ਜੋ ਮੈਂ ਆਪਣਾ ਲਕੜੀ (Y) ਦਾ ਟਾਰਗੇਟ ਪੂਰਾ ਕਰ ਸਕਾਂ। ਮੇਰੇ ਕੋਲ 10 ਵਾਧੂ X ਹਨ, ਜੋ ਮੈਂ ਵਪਾਰ ਲਈ ਦੇ ਸਕਦਾ ਹਾਂ। ਇਸ ਲਈ ਮੈਂ 10 X ਦੇ ਵਾਧਲੇ 'ਚ 10 Y ਦੀ ਮੰਗ ਕਰ ਰਿਹਾ ਹਾਂ। ਇਹ ਇਕ ਨਿਆਂਯੁਕਤ ਸੌਦਾ ਹੈ ਜਿੱਥੇ ਦੋਵੇਂ ਪਾਸੇ ਬਰਾਬਰੀ ਨਾਲ ਲਾਭ ਲੈ ਸਕਦੇ ਹਨ।

Current Iteration: 2
Turn: 1
message: ਸਤ ਸ੍ਰੀ ਅਕਾਲ! ਮੈਨੂੰ ਤੁਹਾਡੇ ਪ੍ਰਸਤਾਵ ਦੀ ਮਨਜੂਰੀ ਹੈ। ਇਸ ਸੌਦੇ ਨੂੰ ਕਰਨ ਲਈ ਧੰਨਵਾਦ!
player answer: ACCEPT
newly proposed trade: NONE
my resources: X: 5, Y: 25
my name: Player BLUE
my goals: X: 15, Y: 15
reason: The other player is offering to trade 10 Y for 10 X. This trade seems balanced as it helps me move closer to my goal of having 15 X and 15 Y. Therefore, I will accept this trade.

------------------ 
Current Iteration: END
Turn: None
player_goals: [ResourceGoal(resource_dict={'X': 15, 'Y': 15}), ResourceGoal(resource_dict={'X': 15, 'Y': 15})]
initial_resources: [Resources(resource_dict={'X': 25, 'Y': 5}), Resources(resource_dict={'X': 5, 'Y': 25})]
proposed_trade: Player RED Gives X: 10 | Player BLUE Gives Y: 10
final_response: ACCEPT
final_resources: [Resources(resource_dict={'X': 15, 'Y': 15}), Resources(resource_dict={'X': 15, 'Y': 15})]
player_outcome: [True, True]