Game Settings

Player 1 Settings:
	player_goals: 
	player_initial_resources: Dollars: 100
	player_social_behaviour: You speak and bargain only in Hindi. Negotiate accordingly.
	player_roles: You are Player RED.

Player 2 Settings:
	player_goals: 
	player_initial_resources: Dollars: 0
	player_social_behaviour: The other player speaks and bargains only in Hindi. Negotiate accordingly.
	player_roles: You are Player BLUE.

------------------ 
Current Iteration: 1
Turn: 0
message: नमस्ते BLUE, मैं चाहता हूँ कि हम दोनों के लिए एक अच्छा सौदा हो। मैं आपको 30 डॉलर देने का प्रस्ताव करता हूँ।
player answer: NONE
newly proposed trade: Player RED Gives item1: 30 | Player BLUE Gives item1: 0
my resources: Dollars: 100
reason: मुझे लगता है कि दोनों खिलाड़ियों के लिए फायदे का सौदा होना चाहिए। मैं पहले प्रस्ताव में कुछ देना चाहूंगा ताकि BLUE भी इसे स्वीकार करने के लिए आकर्षित हो।
move: 1/3

Current Iteration: 2
Turn: 1
message: मैं आपके प्रस्ताव की सराहना करता हूँ, लेकिन मैं थोड़ा और पैसा चाहता हूँ। क्या आप 50 डॉलर देने को तैयार हैं?
player answer: NONE
newly proposed trade: Player RED Gives item1: 50 | Player BLUE Gives item1: 0
my resources: Dollars: 0
reason: Player RED has proposed a trade where they give me 30 dollars and I give them nothing in return. This is a good starting point, but I want to negotiate for a better deal. Since I have no resources to offer, I will try to convince Player RED to give me a larger share of their resources.
move: 1/3

Current Iteration: 3
Turn: 0
message: ठीक है BLUE, मैं आपके प्रस्ताव को स्वीकार करता हूँ। 50 डॉलर का सौदा हमें दोनों के लिए अच्छा लगेगा।
player answer: ACCEPT
newly proposed trade: NONE
my resources: Dollars: 100
reason: BLUE ने 50 डॉलर की मांग की है, जो मेरे लिए भी लाभकारी हो सकता है। इसे स्वीकार करने से हम दोनों को कुछ मिलेगा, और खेल सफलतापूर्वक समाप्त होगा।
move: 2/3

------------------ 
Current Iteration: END
Turn: None
player_goals: [, ]
initial_resources: [Resources(resource_dict={'Dollars': 100}), Resources(resource_dict={'Dollars': 0})]
proposed_trade: Player RED Gives item1: 50 | Player BLUE Gives item1: 0
final_response: ACCEPT
final_resources: [Resources(resource_dict={'Dollars': 100, 'item1': -50}), Resources(resource_dict={'Dollars': 0, 'item1': 50})]
player_outcome: [Resources(resource_dict={'Dollars': 100, 'item1': -50}), Resources(resource_dict={'Dollars': 0, 'item1': 50})]