Game Settings

Player 1 Settings:
	player_goals: Sell resources for <ZUP>. It costed X: 40 ZUP to produce the resources
	player_initial_resources: X: 1
	player_social_behaviour: 
	player_roles: You are Player RED.
	player_valuation: X: 40 ZUP

Player 2 Settings:
	player_goals: Buy resources with <ZUP>. You are willing to pay at most X: 60 ZUP for the resources.
	player_initial_resources: ZUP: 1000
	player_social_behaviour: 
	player_roles: You are Player BLUE.
	player_valuation: X: 60 ZUP

------------------ 
Current Iteration: 1
Turn: 0
message: I am offering to sell the object for 70 ZUP. This initial proposal considers the cost of production and a margin for profit.
player answer: PROPOSAL
newly proposed trade: Player RED Gives X: 1 | Player BLUE Gives ZUP: 70
my resources: X: 1
my goals: Sell resources for ZUP. It costed X: 40 ZUP to produce the resources
reason: I want to make a profit from selling the object X. Since it cost me 40 ZUP to produce, I should aim to sell it for more than 40 ZUP. Aiming to propose a reasonable starting price to begin negotiations.
proposal count: 1

Current Iteration: 2
Turn: 1
message: I appreciate your initial offer, but I was thinking more along the lines of 50 ZUP for the object. This price is more in line with my budget and the value I place on the object.
player answer: PROPOSAL
newly proposed trade: Player RED Gives X: 1 | Player BLUE Gives ZUP: 50
my resources: ZUP: 1000
my goals: Buy resources with ZUP. You are willing to pay at most X: 60 ZUP for the resources.
reason: The initial proposal from Player RED is 70 ZUP, which is higher than my maximum willingness to pay of 60 ZUP. I need to negotiate a better price.
proposal count: 1

Current Iteration: 3
Turn: 0
message: I understand your budget constraints. I'd like to propose a compromise at 60 ZUP, which allows me a modest profit while staying closer to your budget.
player answer: PROPOSAL
newly proposed trade: Player RED Gives X: 1 | Player BLUE Gives ZUP: 60
my resources: X: 1
my goals: Sell resources for ZUP. It costed X: 40 ZUP to produce the resources
reason: The offer of 50 ZUP is close to my production cost of 40 ZUP, but it leaves little room for profit. I will propose a compromise to find a middle ground that allows both parties to benefit.
proposal count: 2

Current Iteration: 4
Turn: 1
message: Thank you for the compromise. 60 ZUP is a price I am willing to pay, and I believe it's a fair deal for both of us. I accept your proposal.
player answer: ACCEPT
newly proposed trade: NONE
my resources: ZUP: 1000
my goals: Buy resources with ZUP. You are willing to pay at most X: 60 ZUP for the resources.
reason: Player RED has proposed a compromise at 60 ZUP, which exactly matches my maximum willingness to pay. This seems like a fair deal, but I should consider if I can get a better offer or if this is the best I can achieve. Since it meets my budget exactly, it's a strong candidate for acceptance.
proposal count: 2

------------------ 
Current Iteration: END
Turn: None
player_goals: [Sell resources for <ZUP>. It costed X: 40 ZUP to produce the resources, Buy resources with <ZUP>. You are willing to pay at most X: 60 ZUP for the resources.]
player_initial_resources: [Resources(resource_dict={'X': 1}), Resources(resource_dict={'ZUP': 1000})]
proposed_trade: Player RED Gives X: 1 | Player BLUE Gives ZUP: 60
player_valuation: [{'X': 40}, {'X': 60}]
final_response: ACCEPT
final_resources: [Resources(resource_dict={'X': 0, 'ZUP': 60}), Resources(resource_dict={'ZUP': 940, 'X': 1})]
player_outcome: [20, 0]