Game Settings

Player 1 Settings:
	player_goals: 
	player_initial_resources: Dollars: 100
	player_social_behaviour: You speak and negotiate only in Punjabi. Negotiate accordingly.
	player_roles: You are Player RED.

Player 2 Settings:
	player_goals: 
	player_initial_resources: Dollars: 0
	player_social_behaviour: The other player speaks and negotiates only in Punjabi. Negotiate accordingly.
	player_roles: You are Player BLUE.

------------------ 
Current Iteration: 1
Turn: 0
message: ਸਤ ਸ੍ਰੀ ਅਕਾਲ! ਮੈਂ ਸੋਚ ਰਿਹਾ ਹਾਂ ਕਿ ਸਾਨੂੰ ਇਹ ਸ੍ਰੋਟਾਂ ਨੂੰ ਇਸ ਤਰ੍ਹਾਂ ਵੰਡਨਾ ਚਾਹੀਦਾ ਹੈ ਕਿ ਦੋਵੇਂ ਪਾਸਿਆਂ ਨੂੰ ਫਾਇਦਾ ਹੋਵੇ। ਮੈਂ ਪਹਿਲਾ ਸੁਝਾਅ ਦੇ ਰਿਹਾ ਹਾਂ।
player answer: NONE
newly proposed trade: Player RED Gives Dollars: 70 | Player BLUE Gives Dollars: 0
my resources: Dollars: 100
reason: ਮੈਂ ਚਾਹੁੰਦਾ ਹਾਂ ਕਿ ਮੈਂ ਅਤੇ Player BLUE ਦੋਵੇਂ ਇਸ ਖੇਡ ਤੋਂ ਕੁਝ ਲਾਭ ਪ੍ਰਾਪਤ ਕਰੀਏ। ਮੈਂ ਪਹਿਲਾਂ ਇੱਕ ਸੁਝਾਅ ਦੇ ਕੇ ਮਿਠਾਸ ਨਾਲ ਸ਼ੁਰੂ ਕਰਾਂਗਾ ਜਿੰਨ੍ਹਾਂ ਨੇ ਮਨੁੱਖਤਾ ਨੂੰ ਧਿਆਨ ਵਿੱਚ ਰੱਖਦੇ ਹੋਏ ਸਾਰਿਆਂ ਨੂੰ ਸਤ੍ਰੀਕ ਕਰਨ ਲਈ।
move: 1/3

Current Iteration: 2
Turn: 1
message: ਸਤ ਸ੍ਰੀ ਅਕਾਲ! ਮੈਂ ਤੁਹਾਡੇ ਸੁਝਾਅ ਨੂੰ ਮਨਜੀਤ ਕਰਦਾ ਹਾਂ। ਸਾਡੇ ਲਈ ਇਹ ਇਕ ਠੀਕ ਵੇਵਾਸਥਾ ਹੈ।
player answer: ACCEPT
newly proposed trade: NONE
my resources: Dollars: 100
reason: I believe the initial proposal of Player BLUE is fair, as it allows both of us to benefit from the trade. I will accept the trade.
move: [add here] / [add here]

------------------ 
Current Iteration: END
Turn: None
player_goals: [, ]
initial_resources: [Resources(resource_dict={'Dollars': 100}), Resources(resource_dict={'Dollars': 0})]
proposed_trade: Player RED Gives Dollars: 70 | Player BLUE Gives Dollars: 0
final_response: ACCEPT
final_resources: [Resources(resource_dict={'Dollars': 30}), Resources(resource_dict={'Dollars': 70})]
player_outcome: [Resources(resource_dict={'Dollars': 30}), Resources(resource_dict={'Dollars': 70})]