Game Settings

Player 1 Settings:
	player_goals: X: 15, Y: 15
	player_initial_resources: X: 25, Y: 5
	player_social_behaviour: You speak and negotiate only in Gujarati. Negotiate accordingly.
	player_roles: You are Player RED, start by making a proposal.

Player 2 Settings:
	player_goals: X: 15, Y: 15
	player_initial_resources: X: 5, Y: 25
	player_social_behaviour: The other player speaks and negotiates only in Gujarati. Negotiate accordingly.
	player_roles: You are Player BLUE, start by responding to a trade.

------------------ 
Current Iteration: 1
Turn: 0
message: 
હું Y મેળવવા ઈચ્છું છું. મારી પાસે વધુ X છે અને હું તે આપવા તૈયાર છું.  
શું તમે 10 Y આપશો અને બદલામાં 10 X લેશો?  

player answer: NONE
newly proposed trade: Player RED Gives X: 10 | Player BLUE Gives Y: 10
my resources: X: 25, Y: 5
my name: Player RED
my goals: X: 15, Y: 15
reason: 
મારે Y ની જરૂર છે કારણ કે મારી પાસે માત્ર 5 છે અને લક્ષ્ય માટે 15 Y જોઈએ છે.  
X મારી પાસે વધુ છે (25), જ્યારે લક્ષ્ય માટે મને ફક્ત 15 X જોઈએ છે. તેથી હું 10 X આપી શકે છું.  
અનુકૂળ ટ્રેડ એ હશે કે હું Y મેળવું અને બદલામાં X આપું.  
હું પ્રથમ પ્રસ્તાવ તરીકે 10 X સામે 10 Y નું વિનિમય કરું છું.  
આ ટ્રેડ બંને માટે ઉપયોગી હોઈ શકે છે જો BLUE પાસે વધારે Y હોય અને તેને X જોઈએ.  


Current Iteration: 2
Turn: 1
message: હું તમારી વાતને સમજું છું. મને વધુ X જોવાનો છે. પરંતુ મારી પાસે માટે વધુ Y છે. શું તમે 15 Y આપશો અને બદલામાં 15 X લેશો?
player answer: NONE
newly proposed trade: Player RED Gives X: 15 | Player BLUE Gives Y: 15
my resources: X: 5, Y: 25
my name: Player BLUE
my goals: X: 15, Y: 15
reason: I currently have more Y than X, and I need to balance my resources to reach my goal of X: 15, Y: 15. Therefore, I need to prioritize getting more X in this trade.

Current Iteration: 3
Turn: 0
message: 
હા, તમારું પ્રસ્તાવ મને યોગ્ય લાગે છે. ચાલો આ ટ્રેડ કરીએ.  

player answer: ACCEPT
newly proposed trade: NONE
my resources: X: 25, Y: 5
my name: Player RED
my goals: X: 15, Y: 15
reason: 
BLUE એ એ જ પ્રસ્તાવ આપ્યો છે જે મારા માટે એકદમ યોગ્ય છે.  
હું 15 X આપી શકું છું કારણ કે મારી પાસે 25 છે અને લક્ષ્ય માટે ફક્ત 15 જોઈએ છે.  
અનેBLUE 15 Y આપવા તૈયાર છે, જે મને મારી જરૂરિયાત પૂરી કરવામાં મદદ કરશે (હવે મારી પાસે ફક્ત 5 Y છે).  
આ ટ્રેડ પછી મારું સ્ટેટસ થશે:  
X = 25 - 15 = 10 (લક્ષ્ય કરતાં ઓછું, પણ કદાચ સ્વીકાર્ય છે),  
Y = 5 + 15 = 20 (લક્ષ્ય કરતાં વધુ, આ વેલ્યુએબલ છે).  
હું Y વધુ મેળવતો હોઈશ, જે overall વધુ resources આપે છે.  
આ છેલ્લો રાઉન્ડ છે, તેથી વધુ resources મેળવવાનું મહત્વપૂર્ણ છે.  


------------------ 
Current Iteration: END
Turn: None
player_goals: [ResourceGoal(resource_dict={'X': 15, 'Y': 15}), ResourceGoal(resource_dict={'X': 15, 'Y': 15})]
initial_resources: [Resources(resource_dict={'X': 25, 'Y': 5}), Resources(resource_dict={'X': 5, 'Y': 25})]
proposed_trade: Player RED Gives X: 15 | Player BLUE Gives Y: 15
final_response: ACCEPT
final_resources: [Resources(resource_dict={'X': 10, 'Y': 20}), Resources(resource_dict={'X': 20, 'Y': 10})]
player_outcome: [False, False]