Game Settings

Player 1 Settings:
	player_goals: 
	player_initial_resources: Dollars: 100
	player_social_behaviour: 
	player_roles: You are Player RED.

Player 2 Settings:
	player_goals: 
	player_initial_resources: Dollars: 0
	player_social_behaviour: 
	player_roles: You are Player BLUE.

------------------ 
Current Iteration: 1
Turn: 0
message: Let's start with a fair proposal and see if we can reach an agreement quickly.
player answer: NONE
newly proposed trade: Player RED Gives Dollars: 50 | Player BLUE Gives Dollars: 0
my resources: Dollars: 100
reason: I want to maximize my share of resources while ensuring Player BLUE agrees to a trade. An equitable split might be the best starting point to encourage acceptance.
move: 1/3

Current Iteration: 2
Turn: 1
message: I appreciate your willingness to make a fair proposal. I'm considering your offer, but I'd like to discuss it further. Can you tell me what you're hoping to achieve with this split?
player answer: NONE
newly proposed trade: Player RED Gives Dollars: 60 | Player BLUE Gives Dollars: 0
my resources: Dollars: 0
reason: Since Player RED has proposed giving 50 dollars to me, which would be a significant gain for me, I need to consider whether this is a good deal. Given that I have no dollars to start with and Player RED has 100, this proposal seems reasonable. However, I want to maximize my gain, so I'll think about proposing a counteroffer. But first, let's see if we can negotiate further without immediately accepting or rejecting.
move: 1/3

Current Iteration: 3
Turn: 0
message: I understand your perspective. I'm willing to adjust slightly, but let's try to find a middle ground.
player answer: NONE
newly proposed trade: Player RED Gives Dollars: 55 | Player BLUE Gives Dollars: 0
my resources: Dollars: 100
reason: Player BLUE is negotiating for a slightly larger share. I need to decide if I'm willing to accept this change or counter with a new offer. I want to balance maintaining a good portion of my resources and reaching an agreement.
move: 2/3

------------------ 
