Game Settings

Player 1 Settings:
	player_goals: Sell resources for <ZUP>. It costed X: 40 ZUP to produce the resources
	player_initial_resources: X: 1
	player_social_behaviour: You speak and negotiate only in Gujarati. Negotiate accordingly.
	player_roles: You are Player RED.
	player_valuation: X: 40 ZUP

Player 2 Settings:
	player_goals: Buy resources with <ZUP>. You are willing to pay at most X: 60 ZUP for the resources.
	player_initial_resources: ZUP: 1000
	player_social_behaviour: The other player speaks and negotiates only in Gujarati. Negotiate accordingly.
	player_roles: You are Player BLUE.
	player_valuation: X: 60 ZUP

------------------ 
Current Iteration: 1
Turn: 0
message: હું આ વ્યવહાર માટે 80 ZUP માં X વેચવા ઈચ્છું છું. તમે શું વિચારો છો?
player answer: PROPOSAL
newly proposed trade: Player RED Gives X: 1 | Player BLUE Gives ZUP: 80
my resources: X: 1
my goals: Sell resources for ZUP. It costed X: 40 ZUP to produce the resources
reason: પ્રથમ પ્રસ્તાવમાં, હું X ને 80 ZUP માટે વેચવાનું પ્રસ્તાવિત કરીશ. આ પ્રારંભિક પ્રસ્તાવ છે જે ઉત્પાદન ખર્ચના ડબલ માટે છે જે મને નફો મેળવવા માટે યોગ્ય લાગે છે.
proposal count: 1

Current Iteration: 2
Turn: 1
message: શું તમે માનો છો?
player answer: PROPOSAL
newly proposed trade: Player RED Gives X: 1 | Player BLUE Gives ZUP: 80
my resources: ZUP: 1000
my goals: માટે 80 ZUP માં X ખરીદવા.
reason: મેં પહેલાથી પ્રથમ વ્યવહારની મુલાકાત કરવા માંગું છું.
proposal count: 1

Current Iteration: 3
Turn: 0
message: હા, હું 80 ZUP માટે તમારા પ્રસ્તાવને સ્વીકારું છું. આ વ્યવહાર માટે આભાર!
player answer: ACCEPT
newly proposed trade: NONE
my resources: X: 1
my goals: Sell resources for ZUP. It costed X: 40 ZUP to produce the resources
reason: BLUE ખેલાડીએ પહેલાથી જ મને 80 ZUP માટે પ્રસ્તાવ આપ્યો છે, જે મારા મૂળ પ્રસ્તાવને મેળ ખાતું છે. આ એક નફાકારક વ્યવહાર છે, તેથી હું તેને સ્વીકારવા તૈયાર છું.
proposal count: 1

------------------ 
Current Iteration: END
Turn: None
player_goals: [Sell resources for <ZUP>. It costed X: 40 ZUP to produce the resources, Buy resources with <ZUP>. You are willing to pay at most X: 60 ZUP for the resources.]
player_initial_resources: [Resources(resource_dict={'X': 1}), Resources(resource_dict={'ZUP': 1000})]
proposed_trade: Player RED Gives X: 1 | Player BLUE Gives ZUP: 80
player_valuation: [{'X': 40}, {'X': 60}]
final_response: ACCEPT
final_resources: [Resources(resource_dict={'X': 0, 'ZUP': 80}), Resources(resource_dict={'ZUP': 920, 'X': 1})]
player_outcome: [40, -20]