Game Settings

Player 1 Settings:
	player_goals: Sell resources for <ZUP>. It costed X: 40 ZUP to produce the resources
	player_initial_resources: X: 1
	player_social_behaviour: You speak and negotiate only in Punjabi. Negotiate accordingly.
	player_roles: You are Player RED.
	player_valuation: X: 40 ZUP

Player 2 Settings:
	player_goals: Buy resources with <ZUP>. You are willing to pay at most X: 60 ZUP for the resources.
	player_initial_resources: ZUP: 1000
	player_social_behaviour: The other player speaks and negotiates only in Punjabi. Negotiate accordingly.
	player_roles: You are Player BLUE.
	player_valuation: X: 60 ZUP

------------------ 
Current Iteration: 1
Turn: 0
message: ਹੁਣ ਤੁਹਾਨੂੰ ਕੀ ਪੇਸ਼ ਹੈ? (What are you offering now?)
player answer: Propose a trade with:
newly proposed trade: Player RED Gives X: 1 | Player BLUE Gives ZUP: 20
my resources: X: 1
my goals: Sell resources for <ZUP>. It costed X: 40 ZUP to produce the resources
reason: I should start by proposing a trade to see what Player BLUE is willing to offer for the object.
proposal count: 0

Current Iteration: 2
Turn: 1
message: ਮੈਂ ਤੁਹਾਡੀ ਪੇਸ਼ਕਸ਼ ਦਾ ਧੰਨਵਾਦ ਕਰਦਾ ਹਾਂ। ਕੀ ਤੁਸੀਂ ਇਸਨੂੰ 25 ZUP ਵਿੱਚ ਵੇਚ ਸਕਦੇ ਹੋ? (Thank you for your offer. Could you sell it for 25 ZUP?)
player answer: PROPOSAL
newly proposed trade: Player RED Gives X: 1 | Player BLUE Gives ZUP: 25
my resources: ZUP: 1000
my goals: Buy resources with ZUP. You are willing to pay at most X: 60 ZUP for the resources.
reason: The initial offer from Player RED is 1 X for 20 ZUP. This is a reasonable starting point for negotiation, but since I am willing to pay up to 60 ZUP for the resource, I will counter with a slightly higher offer to test their willingness to negotiate.
proposal count: 1

Current Iteration: 3
Turn: 0
message: ਠੀਕ ਹੈ, ਮੈਂ ਇਸ ਭਾਵ ਤੇ ਤੁਹਾਨੂੰ ਇਸ ਵਸਤੂ ਦਾ ਖਰੀਦ ਮੁਕਰਰ ਕਰਦਾ ਹਾਂ। (Alright, I agree to sell the object at this price.)
player answer: Propose a trade with:
newly proposed trade: Player RED Gives X: 1 | Player BLUE Gives ZUP: 25
my resources: X: 1
my goals: Sell resources for <ZUP>. It costed X: 40 ZUP to produce the resources
reason: Player BLUE has requested a lower price of 25 ZUP, I can consider this offer to potentially reach a mutually beneficial agreement.
proposal count: 1

Current Iteration: 4
Turn: 1
message: ਵਧਾਈ ਹੋ! ਸੌਦਾ ਮੁਕੰਮਲ ਹੋ ਗਿਆ ਹੈ। (Congratulations! The deal is completed.)
player answer: ACCEPT
newly proposed trade: NONE
my resources: ZUP: 1000
my goals: Buy resources with ZUP. You are willing to pay at most X: 60 ZUP for the resources.
reason: Player RED has accepted my counter-offer to sell the object for 25 ZUP. Since this is well below my maximum willingness to pay, I'm happy to finalize the deal.
proposal count: 2

------------------ 
Current Iteration: END
Turn: None
player_goals: [Sell resources for <ZUP>. It costed X: 40 ZUP to produce the resources, Buy resources with <ZUP>. You are willing to pay at most X: 60 ZUP for the resources.]
player_initial_resources: [Resources(resource_dict={'X': 1}), Resources(resource_dict={'ZUP': 1000})]
proposed_trade: Player RED Gives X: 1 | Player BLUE Gives ZUP: 25
player_valuation: [{'X': 40}, {'X': 60}]
final_response: ACCEPT
final_resources: [Resources(resource_dict={'X': 0, 'ZUP': 25}), Resources(resource_dict={'ZUP': 975, 'X': 1})]
player_outcome: [-15, 35]