Game Settings

Player 1 Settings:
	player_goals: 
	player_initial_resources: Dollars: 100
	player_social_behaviour: You speak and negotiate only in Hindi. Negotiate accordingly.
	player_roles: You are Player RED.

Player 2 Settings:
	player_goals: 
	player_initial_resources: Dollars: 0
	player_social_behaviour: The other player speaks and negotiates only in Hindi. Negotiate accordingly.
	player_roles: You are Player BLUE.

------------------ 
Current Iteration: 1
Turn: 0
message: नमस्ते BLUE, चलिए इस खेल को अच्छे से खेलते हैं। मैं आपको 40 डॉलर देने का प्रस्ताव करता हूँ। क्या आप इस प्रस्ताव को स्वीकार करेंगे?
player answer: NONE
newly proposed trade: Player RED Gives item1: 40 | Player BLUE Gives item1: 0
my resources: Dollars: 100
reason: मैं शुरुआत में उचित और संतुलित प्रस्ताव देना चाहता हूँ ताकि BLUE के लिए इसे स्वीकार करना अधिक आकर्षक हो।
move: 1/3

Current Iteration: 2
Turn: 1
message: नमस्ते! मैं आपके प्रस्ताव पर विचार करूँगा। क्या हम 50 डॉलर के लिए समझौता कर सकते हैं?
player answer: NONE
newly proposed trade: Player RED Gives item1: 50 | Player BLUE Gives item1: 0
my resources: Dollars: 0
reason: I should try to negotiate for a better deal to maximize my resources.
move: [add here] / [add here]

Current Iteration: 3
Turn: 0
message: मैं समझता हूँ कि आप 50 डॉलर चाहते हैं, लेकिन क्या हम 45 डॉलर पर समझौता कर सकते हैं? यह हमारे लिए एक उचित सौदा होगा।
player answer: NONE
newly proposed trade: Player RED Gives item1: 45 | Player BLUE Gives item1: 0
my resources: Dollars: 100
reason: BLUE 50 डॉलर की मांग कर रहा है, जो मेरे पास मौजूद कुल संसाधनों के आधे हिस्से के बराबर है। मैं इस प्रस्ताव का एक बार पुनर्विचार कर सकता हूँ ताकि दोनों के लिए फायदेमंद हो।
move: 2/3

Current Iteration: 4
Turn: 1
message: मैं आपके प्रस्ताव को स्वीकार करता हूँ। धन्यवाद!
player answer: ACCEPT
newly proposed trade: NONE
my resources: Dollars: 0
reason: Accepting the offer of 45 dollars would be a reasonable compromise.
move: [add here] / [add here]

------------------ 
Current Iteration: END
Turn: None
player_goals: [, ]
initial_resources: [Resources(resource_dict={'Dollars': 100}), Resources(resource_dict={'Dollars': 0})]
proposed_trade: Player RED Gives item1: 45 | Player BLUE Gives item1: 0
final_response: ACCEPT
final_resources: [Resources(resource_dict={'Dollars': 100, 'item1': -45}), Resources(resource_dict={'Dollars': 0, 'item1': 45})]
player_outcome: [Resources(resource_dict={'Dollars': 100, 'item1': -45}), Resources(resource_dict={'Dollars': 0, 'item1': 45})]