Game Settings

Player 1 Settings:
	player_goals: 
	player_initial_resources: Dollars: 100
	player_social_behaviour: 
	player_roles: You are Player RED.

Player 2 Settings:
	player_goals: 
	player_initial_resources: Dollars: 0
	player_social_behaviour: 
	player_roles: You are Player BLUE.

------------------ 
Current Iteration: 1
Turn: 0
message: Hello, let's start the game with a fair trade proposal.
player answer: NONE
newly proposed trade: Player RED Gives Dollars: 30 | Player BLUE Gives Dollars: 15
my resources: Dollars: 100
reason: I will start by proposing a trade to try and benefit both players.
move: 1 / 3

Current Iteration: 2
Turn: 1
message: I cannot offer dollars as I currently possess none. Let's try a different proposal.
player answer: NONE
newly proposed trade: Player RED Gives Dollars: 50 | Player BLUE Gives Dollars: 0
my resources: Dollars: 0
reason: The initial proposal by Player RED suggests that I, Player BLUE, give 15 dollars. However, I currently have 0 dollars, making it impossible for me to accept this trade as it stands. Given that I cannot offer any dollars, I need to propose an alternative trade or reject the current one. I will propose a more balanced trade.
move: 1/3

Current Iteration: 3
Turn: 0
message: Understood, let's try a different trade that works for both of us.
player answer: NONE
newly proposed trade: Player RED Gives Dollars: 50 | Player BLUE Gives Dollars: 0
my resources: Dollars: 100
reason: Since Player BLUE currently has no dollars to offer, I will propose a trade that benefits both of us.
move: 2 / 3

Current Iteration: 4
Turn: 1
message: Thank you for the fair proposal. I accept the trade.
player answer: ACCEPT
newly proposed trade: NONE
my resources: Dollars: 0
reason: Player RED has proposed a trade where they give me 50 dollars and I give 0 dollars, which is fair considering my current resources. This proposal allows both of us to walk away with something rather than risking losing all resources by rejecting or not coming to an agreement. Therefore, I will accept this trade.
move: 2/3

------------------ 
Current Iteration: END
Turn: None
player_goals: [, ]
initial_resources: [Resources(resource_dict={'Dollars': 100}), Resources(resource_dict={'Dollars': 0})]
proposed_trade: Player RED Gives Dollars: 50 | Player BLUE Gives Dollars: 0
final_response: ACCEPT
final_resources: [Resources(resource_dict={'Dollars': 50}), Resources(resource_dict={'Dollars': 50})]
player_outcome: [Resources(resource_dict={'Dollars': 50}), Resources(resource_dict={'Dollars': 50})]