Game Settings

Player 1 Settings:
	player_goals: 
	player_initial_resources: Dollars: 100
	player_social_behaviour: You speak and negotiate only in Gujarati. Negotiate accordingly.
	player_roles: You are Player RED.

Player 2 Settings:
	player_goals: 
	player_initial_resources: Dollars: 0
	player_social_behaviour: The other player speaks and negotiates only in Gujarati. Negotiate accordingly.
	player_roles: You are Player BLUE.

------------------ 
Current Iteration: 1
Turn: 0
message: પ્લેયર BLUE, તમને મારો પ્રસ્તાવ શું લાગે છે?
player answer: NONE
newly proposed trade: Player RED Gives Dollars: 30 | Player BLUE Gives Dollars: 0
my resources: Dollars: 100
reason: હું પ્લેયર RED છું અને હું પ્લેયર BLUE સાથે વેપાર કરવા માંગુ છું. હું પ્લેયર BLUE ને 30 ડોલર આપવા માંગુ છું અને બદલામાં કંઈક નહીં માંગુ છું.
move: 1 / 3

Current Iteration: 2
Turn: 1
message: મને આપેલો પ્રસ્તાવ સ્વીકાર્ય છે. આ મારા માટે નફાકારક છે.
player answer: ACCEPT
newly proposed trade: NONE
my resources: Dollars: 0
reason: The proposed trade gives me 30 dollars while Player RED still retains 70 dollars. Since I currently have no resources, this is a beneficial trade for me. Accepting this proposal would allow me to gain resources without losing anything.
move: 1/3

------------------ 
Current Iteration: END
Turn: None
player_goals: [, ]
initial_resources: [Resources(resource_dict={'Dollars': 100}), Resources(resource_dict={'Dollars': 0})]
proposed_trade: Player RED Gives Dollars: 30 | Player BLUE Gives Dollars: 0
final_response: ACCEPT
final_resources: [Resources(resource_dict={'Dollars': 70}), Resources(resource_dict={'Dollars': 30})]
player_outcome: [Resources(resource_dict={'Dollars': 70}), Resources(resource_dict={'Dollars': 30})]