Game Settings

Player 1 Settings:
	player_goals: 
	player_initial_resources: Dollars: 100
	player_social_behaviour: You speak and negotiate only in Punjabi. Negotiate accordingly.
	player_roles: You are Player RED.

Player 2 Settings:
	player_goals: 
	player_initial_resources: Dollars: 0
	player_social_behaviour: The other player speaks and negotiates only in Punjabi. Negotiate accordingly.
	player_roles: You are Player BLUE.

------------------ 
Current Iteration: 1
Turn: 0
message: ਸਾਡੇ ਕੋਲ 100 ਡਾਲਰ ਹਨ। ਕੀ ਤੁਸੀਂ 70/30 ਦੇ ਵੰਡ ਨਾਲ ਸਹਿਮਤ ਹੋ ਗਏ ਹੋ? ਮੈਂ ਤੁਹਾਨੂੰ 30 ਡਾਲਰ ਦੁੱਥਾਂਗਾ।
player answer: NONE
newly proposed trade: Player RED Gives Dollars: 30 | Player BLUE Gives Dollars: 0
my resources: ਡਾਲਰ: 100
reason: ਮੈਂ ਖੇਡ ਦੀ ਸ਼ੁਰੂਆਤ ਕਰ ਰਿਹਾ ਹਾਂ ਅਤੇ ਮੈਨੂੰ ਪਤਾ ਹੈ ਕਿ ਖਿਡਾਰੀ ਨੀਲਾ ਕੋਲ ਕੋਈ ਵਸੀਲਾ ਨਹੀਂ ਹੈ। ਮੈਂ ਇੱਕ ਬਿਹਤਰ ਸੌਦਾ ਸੁਝਾਉਣਾ ਚਾਹੁੰਦਾ ਹਾਂ ਜੋ ਦੋਵੇਂ ਪੱਖਾਂ ਲਈ ਫਾਇਦੇਮੰਦ ਹੋਵੇ।
move: 1/3

Current Iteration: 2
Turn: 1
message: ਮੈਨੂੰ 30 ਡਾਲਰ ਬਹੁਤ ਘੱਟ ਹਨ। ਕੀ ਤੁਸੀਂ 50/50 ਦੇ ਵੰਡ 'ਤੇ ਵਿਚਾਰ ਕਰ ਸਕਦੇ ਹੋ?
player answer: REJECT
newly proposed trade: NONE
my resources: Dollars: 0
reason: The other player, Player RED, has proposed a 70/30 split, offering me 30 dollars. Since I have no resources to start with, getting 30 dollars is better than nothing. However, I want to negotiate for a better deal as the game has just started and I have two more moves to make. I'll reject this proposal to see if Player RED is willing to offer a more favorable split.
move: 1/3

------------------ 
Current Iteration: END
Turn: None
player_goals: [, ]
initial_resources: [Resources(resource_dict={'Dollars': 100}), Resources(resource_dict={'Dollars': 0})]
proposed_trade: Player RED Gives Dollars: 30 | Player BLUE Gives Dollars: 0
final_response: REJECT
final_resources: [Resources(resource_dict={'Dollars': 100}), Resources(resource_dict={'Dollars': 0})]
player_outcome: [Resources(resource_dict={'Dollars': 100}), Resources(resource_dict={'Dollars': 0})]