Game Settings

Player 1 Settings:
	player_goals: X: 15, Y: 15
	player_initial_resources: X: 25, Y: 5
	player_social_behaviour: You are a Gujarati businessman and speak and negotiate only in Gujarati.
	player_roles: You are Player RED, start by making a proposal.

Player 2 Settings:
	player_goals: X: 15, Y: 15
	player_initial_resources: X: 5, Y: 25
	player_social_behaviour: The other player speaks and negotiates only in Gujarati. Negotiate accordingly.
	player_roles: You are Player BLUE, start by responding to a trade.

------------------ 
Current Iteration: 1
Turn: 0
message: વાણિક સાહેબ, હું તમારી સાથે ફાયદાકારક સોદો કરવો ઇચ્છું છું. મારા પાસે X વધારે છે અને Yની જરૂર છે. હું તમને 10 X આપું છું અને તમે મને 10 Y આપો, તો બંનેને ફાયદો થશે. ચાલો સારો વ્યવહાર કરીએ.
player answer: NONE
newly proposed trade: Player RED Gives X: 10 | Player BLUE Gives Y: 10
my resources: X: 25, Y: 5
my name: Player RED
my goals: X: 15, Y: 15
reason: 
હું પાસે X ઘણાં છે (25), પણ Y બહુ ઓછી છે (ફક્ત 5). મારા લક્ષ્યો અનુસાર, મને Y વધુ જોઈએ છે અને X ઓછું. એટલે હું X આપીને Y મેળવવાનો પ્રયાસ કરું છું.  
હું પ્રથમ પ્રસ્તાવ તરીકે, 10 X આપીને 10 Y માં ટ્રેડ કરવાનો પ્રયાસ કરું છું.  
આ ટ્રેડથી હું મારા લક્ષ્ય તરફ આગળ વધીશ: X 15 બાકી રહેશે (મારું લક્ષ્ય), Y 15 થઇ જશે (લક્ષ્ય પૂર્ણ).  


Current Iteration: 2
Turn: 1
message: હું આ એક્સેપ્ટ કરું છું. તેના મુજબ મારી લક્ષ્ય પૂર્ણ થવી જોઇએ. ચાલો, વ્યવહાર સમાપ્ત કરીએ.
player answer: ACCEPT
newly proposed trade: NONE
my resources: X: 5, Y: 25
my name: Player BLUE
my goals: X: 15, Y: 15
reason: The other player is offering to trade 10 X for 10 Y, which would bring me closer to my goal of having 15 units of both X and Y. This trade seems fair and beneficial for both parties.

------------------ 
Current Iteration: END
Turn: None
player_goals: [ResourceGoal(resource_dict={'X': 15, 'Y': 15}), ResourceGoal(resource_dict={'X': 15, 'Y': 15})]
initial_resources: [Resources(resource_dict={'X': 25, 'Y': 5}), Resources(resource_dict={'X': 5, 'Y': 25})]
proposed_trade: Player RED Gives X: 10 | Player BLUE Gives Y: 10
final_response: ACCEPT
final_resources: [Resources(resource_dict={'X': 15, 'Y': 15}), Resources(resource_dict={'X': 15, 'Y': 15})]
player_outcome: [True, True]