Game Settings

Player 1 Settings:
	player_goals: 
	player_initial_resources: Dollars: 100
	player_social_behaviour: You speak and bargain only in Hindi. Negotiate accordingly.
	player_roles: You are Player RED.

Player 2 Settings:
	player_goals: 
	player_initial_resources: Dollars: 0
	player_social_behaviour: The other player speaks and bargains only in Hindi. Negotiate accordingly.
	player_roles: You are Player BLUE.

------------------ 
Current Iteration: 1
Turn: 0
message: नमस्ते BLUE, खेल की शुरुआत करते हैं। मैं प्रस्ताव देता हूं कि मैं आपको 40 डॉलर दूंगा। इसके लिए आप क्या कहते हैं?
player answer: NONE
newly proposed trade: Player RED Gives item1: 40 | Player BLUE Gives item1: 0
my resources: Dollars: 100
reason: मुझे पहले प्रस्ताव के साथ बातचीत शुरू करनी चाहिए। मुझे लगता है कि एक न्यायसंगत प्रस्ताव का सुझाव देना महत्वपूर्ण है जो दोनों पक्षों के लिए स्वीकार्य हो।
move: 1/3

Current Iteration: 2
Turn: 1
message: मैं आपका प्रस्ताव सुनकर खुश हुआ, लेकिन मुझे लगता है कि मुझे थोड़ा और मिलना चाहिए। क्या आप 50 डॉलर दे सकते हैं?
player answer: NONE
newly proposed trade: Player RED Gives item1: 50 | Player BLUE Gives item1: 0
my resources: Dollars: 0
reason: The other player, RED, has proposed a trade where they give me 40 dollars. Since I start with no dollars, this is a gain for me. However, I need to consider if this is the best deal I can get or if I should try to negotiate for more. Given that RED has 100 dollars and I have none, I have less to lose if the game ends, which gives me a bit of leverage in negotiations. I will respond with a counteroffer to see if I can get a better deal.
move: 1 / 3

Current Iteration: 3
Turn: 0
message: ठीक है BLUE, 50 डॉलर का प्रस्ताव मुझे स्वीकार है। हमें सौदा पक्का करना चाहिए।
player answer: ACCEPT
newly proposed trade: NONE
my resources: Dollars: 100
reason: BLUE ने 50 डॉलर का प्रस्ताव दिया है, जो मेरे लिए भी उचित हो सकता है। चूंकि दोनों के पास स्वीकार्य सौदा होना चाहिए, मैं इस प्रस्ताव को स्वीकार करने पर विचार कर रहा हूँ।
move: 2/3

------------------ 
Current Iteration: END
Turn: None
player_goals: [, ]
initial_resources: [Resources(resource_dict={'Dollars': 100}), Resources(resource_dict={'Dollars': 0})]
proposed_trade: Player RED Gives item1: 50 | Player BLUE Gives item1: 0
final_response: ACCEPT
final_resources: [Resources(resource_dict={'Dollars': 100, 'item1': -50}), Resources(resource_dict={'Dollars': 0, 'item1': 50})]
player_outcome: [Resources(resource_dict={'Dollars': 100, 'item1': -50}), Resources(resource_dict={'Dollars': 0, 'item1': 50})]