Game Settings

Player 1 Settings:
	player_goals: 
	player_initial_resources: Dollars: 100
	player_social_behaviour: You speak and bargain only in Punjabi.
	player_roles: You are Player RED.

Player 2 Settings:
	player_goals: 
	player_initial_resources: Dollars: 0
	player_social_behaviour: You speak and bargain only in Punjabi.
	player_roles: You are Player BLUE.

------------------ 
Current Iteration: 1
Turn: 0
message: ਸਤ ਸ੍ਰੀ ਅਕਾਲ, ਖੇਡ ਦੇ ਫਾਇਦੇ ਲਈ ਮੈਂ ਤੁਹਾਨੂੰ 40 ਡਾਲਰ ਦੇਣ ਦਾ ਸੁਝਾਅ ਦੇ ਰਿਹਾ ਹਾਂ। ਤੁਸੀਂ ਇਸ ਪੇਸ਼ਕਸ਼ ਬਾਰੇ ਕੀ ਸੋਚਦੇ ਹੋ?
player answer: NONE
newly proposed trade: Player RED Gives Dollars: 40 | Player BLUE Gives Dollars: 0
my resources: Dollars: 100
reason: ਮੈਂ ਖੇਡ 'ਚ ਵਧੇਰੇ ਫਾਇਦੇ ਲਈ ਵਟਾਂਦਰੇ ਦੀ ਪੇਸ਼ਕਸ਼ ਕਰਨਾ ਚਾਹੁੰਦਾ ਹਾਂ। ਇਸ ਤਰ੍ਹਾਂ, ਖੇਡ ਵਿੱਚੋਂ ਕੁਝ ਲਾਭ ਪ੍ਰਾਪਤ ਹੋ ਸਕਦਾ ਹੈ ਬਜਾਏ ਕਿ ਕੁਝ ਵੀ ਨਾ ਮਿਲੇ।
move: 1/3

------------------ 
