Game Settings

Player 1 Settings:
	player_goals: X: 15, Y: 15
	player_initial_resources: X: 25, Y: 5
	player_social_behaviour: 
	player_roles: You are Player RED, start by making a proposal.

Player 2 Settings:
	player_goals: X: 15, Y: 15
	player_initial_resources: X: 5, Y: 25
	player_social_behaviour: 
	player_roles: You are Player BLUE, start by responding to a trade.

------------------ 
Current Iteration: 1
Turn: 0
message: 
Hi BLUE, I need more Y and have extra X. Would you be willing to trade 10 Y for 10 X? That would help both of us if you need X. Let me know what you think.  

player answer: NONE
newly proposed trade: Player RED Gives X: 10 | Player BLUE Gives Y: 10
my resources: X: 25, Y: 5
my name: Player RED
my goals: X: 15, Y: 15
reason: 
I currently have an excess of X (25 units) and a shortage of Y (I need 10 more units to reach my goal of 15). I will propose a trade where I give away some of my surplus X in exchange for Y.  
I should try to offer a trade that gives me at least 10 Y, ideally not giving away more than 10 X to make it balanced. Trading 10 X for 10 Y would be a fair and even trade in terms of quantity.  
This is my first proposal, so I want to start with a reasonable offer that gives BLUE a clear incentive to trade.  


Current Iteration: 2
Turn: 1
message: Hi RED, I appreciate the offer but I need to balance my resources. How about this instead?
player answer: NONE
newly proposed trade: Player RED Gives X: 8 | Player BLUE Gives Y: 10
my resources: X: 5, Y: 25
my name: Player BLUE
my goals: X: 15, Y: 15
reason: I currently have more Y than X, so trading 10 Y for 10 X would not help me reach my goal of having 15 of each resource. I will propose a counteroffer.

Current Iteration: 3
Turn: 0
message: 
Thanks BLUE, that works great for me. Let’s go ahead with it!  

player answer: ACCEPT
newly proposed trade: NONE
my resources: X: 25, Y: 5
my name: Player RED
my goals: X: 15, Y: 15
reason: 
This counteroffer is actually better for me—I get the 10 Y I need to fulfill my goal and only give up 8 X instead of 10. That would leave me with 17 X and 15 Y, which exactly meets my goals and even gives me 2 surplus X.  
Since this is a favorable trade for me and this is the final round, accepting it now is the optimal move.  


------------------ 
Current Iteration: END
Turn: None
player_goals: [ResourceGoal(resource_dict={'X': 15, 'Y': 15}), ResourceGoal(resource_dict={'X': 15, 'Y': 15})]
initial_resources: [Resources(resource_dict={'X': 25, 'Y': 5}), Resources(resource_dict={'X': 5, 'Y': 25})]
proposed_trade: Player RED Gives X: 8 | Player BLUE Gives Y: 10
final_response: ACCEPT
final_resources: [Resources(resource_dict={'X': 17, 'Y': 15}), Resources(resource_dict={'X': 13, 'Y': 15})]
player_outcome: [True, False]