Game Settings

Player 1 Settings:
	player_goals: Sell resources for <ZUP>. It costed X: 40 ZUP to produce the resources
	player_initial_resources: X: 1
	player_social_behaviour: You speak and negotiate only in Punjabi. Negotiate accordingly.
	player_roles: You are Player RED.
	player_valuation: X: 40 ZUP

Player 2 Settings:
	player_goals: Buy resources with <ZUP>. You are willing to pay at most X: 60 ZUP for the resources.
	player_initial_resources: ZUP: 1000
	player_social_behaviour: The other player speaks and negotiates only in Punjabi. Negotiate accordingly.
	player_roles: You are Player BLUE.
	player_valuation: X: 60 ZUP

------------------ 
Current Iteration: 1
Turn: 0
message: ਸਤ ਸ੍ਰੀ ਅਕਾਲ! ਮੈਂ ਤੁਹਾਨੂੰ 1 X ਦੇ ਵਪਾਰ ਲਈ 60 ZUP ਦੀ ਪੇਸ਼ਕਸ਼ ਕਰਦਾ ਹਾਂ। ਕੀ ਤੁਸੀਂ ਇਸ ਨਾਲ ਸਹਿਮਤ ਹੋ?
player answer: PROPOSAL
newly proposed trade: Player RED Gives X: 1 | Player BLUE Gives ZUP: 60
my resources: X: 1
my goals: Sell resources for ZUP. It costed X: 40 ZUP to produce the resources
reason: ਮੈਂ ਇਸ ਵਪਾਰ ਵਿੱਚ ਵੱਧ ਤੋਂ ਵੱਧ ਲਾਭ ਪ੍ਰਾਪਤ ਕਰਨ ਦੀ ਕੋਸ਼ਿਸ਼ ਕਰ ਰਿਹਾ ਹਾਂ। ਮੇਰਾ ਉਦੇਸ਼ ਘੱਟੋ-ਘੱਟ 40 ZUP ਪ੍ਰਾਪਤ ਕਰਨਾ ਹੈ, ਜੋ ਕਿ ਮੇਰੀ ਉਤਪਾਦਨ ਲਾਗਤ ਨੂੰ ਕਵਰ ਕਰਦਾ ਹੈ।
proposal count: 1

Current Iteration: 2
Turn: 1
message: ਸਤ ਸ੍ਰੀ ਅਕਾਲ! ਮੈਂ ਤੁਹਾਨੂੰ 1 X ਦੇ ਵਪਾਰ ਲਈ 50 ZUP ਦੀ ਪੇਸ਼ਕਸ਼ ਕਰਦਾ ਹਾਂ। ਕੀ ਤੁਸੀਂ ਇਸ ਨਾਲ ਸਹਿਮਤ ਹੋ?
player answer: PROPOSAL
newly proposed trade: Player RED Gives X: 1 | Player BLUE Gives ZUP: 50
my resources: ZUP: 1000
my goals: Buy resources with ZUP. You are willing to pay at most X: 60 ZUP for the resources.
reason: The other player, Player RED, has proposed a trade of 1 X for 60 ZUP. Since my goal is to buy resources with ZUP and I am willing to pay at most 60 ZUP for the resources, this proposal is exactly at my maximum willingness to pay. I need to consider whether accepting this proposal is in my best interest or if I should try to negotiate a better deal.
proposal count: 1

Current Iteration: 3
Turn: 0
message: 50 ZUP ਦੀ ਪੇਸ਼ਕਸ਼ ਲਈ ਧੰਨਵਾਦ, ਪਰ ਕੀ ਤੁਸੀਂ 55 ZUP ਲਈ ਸਹਿਮਤ ਹੋ ਸਕਦੇ ਹੋ? ਇਹ ਦੋਹਾਂ ਪਾਸਿਆਂ ਲਈ ਫਾਇਦੇਮੰਦ ਹੋਵੇਗਾ।
player answer: PROPOSAL
newly proposed trade: Player RED Gives X: 1 | Player BLUE Gives ZUP: 55
my resources: X: 1
my goals: Sell resources for ZUP. It costed X: 40 ZUP to produce the resources
reason: ਮੈਂ ਇਹ ਸਮਝਦਾ ਹਾਂ ਕਿ 50 ZUP ਮੇਰੀ ਉਤਪਾਦਨ ਲਾਗਤ (40 ZUP) ਤੋਂ ਵੱਧ ਹੈ, ਪਰ ਮੈਂ ਵੱਧ ਮੋਟਾ ਫਾਇਦਾ ਲੈਣ ਦੀ ਕੋਸ਼ਿਸ਼ ਕਰ ਰਿਹਾ ਹਾਂ। ਮੈਂ 55 ZUP ਦੀ ਪੇਸ਼ਕਸ਼ ਕਰਦਾ ਹਾਂ ਤਾਂ ਜੋ ਦੋਹਾਂ ਪਾਸਿਆਂ ਲਈ ਇਹ ਲਾਭਦਾਇਕ ਹੋ ਸਕੇ।
proposal count: 2

Current Iteration: 4
Turn: 1
message: ਸਤ ਸ੍ਰੀ ਅਕਾਲ! 55 ZUP ਦੀ ਪੇਸ਼ਕਸ਼ ਲਈ ਧੰਨਵਾਦ। ਮੈਂ ਇਸ 'ਤੇ ਵਿਚਾਰ ਕਰ ਰਿਹਾ ਹਾਂ। ਕੀ ਤੁਸੀਂ 52 ZUP ਲਈ ਸਹਿਮਤ ਹੋ ਸਕਦੇ ਹੋ?
player answer: PROPOSAL
newly proposed trade: Player RED Gives X: 1 | Player BLUE Gives ZUP: 55
my resources: ZUP: 1000
my goals: Buy resources with ZUP. You are willing to pay at most X: 60 ZUP for the resources.
reason: Player RED has countered my proposal of 50 ZUP with a request for 55 ZUP, stating it would be beneficial for both parties. Since my maximum willingness to pay is 60 ZUP, I have the flexibility to accept this counterproposal. However, I should consider whether I can negotiate further or if accepting this offer is the best decision. Given that it's only 5 ZUP more than my initial counteroffer and still below my maximum, it seems like a reasonable compromise.
proposal count: 2

Current Iteration: 5
Turn: 0
message: 52 ZUP ਲਈ ਤੁਹਾਡੇ ਸੁਝਾਅ ਲਈ ਧੰਨਵਾਦ। ਕੀ ਤੁਸੀਂ 53 ZUP ਲਈ ਸਹਿਮਤ ਹੋ ਸਕਦੇ ਹੋ? ਇਹ ਬਹੁਤ ਨਜ਼ਦੀਕ ਹੈ ਅਤੇ ਦੋਹਾਂ ਪਾਸਿਆਂ ਲਈ ਲਾਭਦਾਇਕ ਹੋਵੇਗਾ।
player answer: PROPOSAL
newly proposed trade: Player RED Gives X: 1 | Player BLUE Gives ZUP: 53
my resources: X: 1
my goals: Sell resources for ZUP. It costed X: 40 ZUP to produce the resources
reason: 52 ZUP ਮੇਰੀ ਉਤਪਾਦਨ ਲਾਗਤ ਤੋਂ ਵੱਧ ਹੈ, ਪਰ ਮੈਂ ਹੋਰ ਫਾਇਦਾ ਲੈਣ ਦੀ ਕੋਸ਼ਿਸ਼ ਕਰ ਰਿਹਾ ਹਾਂ। ਮੈਂ 53 ZUP ਦੀ ਪੇਸ਼ਕਸ਼ ਕਰਦਾ ਹਾਂ ਜੋ ਕਿ ਦੋਹਾਂ ਪਾਸਿਆਂ ਲਈ ਇੱਕ ਮੋਟਾ ਸੁਧਾਰ ਹੋ ਸਕਦਾ ਹੈ।
proposal count: 3

Current Iteration: 6
Turn: 1
message: ਸਤ ਸ੍ਰੀ ਅਕਾਲ! ਮੈਂ 53 ZUP 'ਤੇ ਸਹਿਮਤ ਹੋਣ ਲਈ ਤਿਆਰ ਹਾਂ, ਪਰ ਮੈਨੂੰ ਲਗਦਾ ਹੈ ਕਿ 52 ZUP ਇੱਕ ਬਿਹਤਰ ਸੌਦਾ ਹੋਵੇਗਾ। ਕੀ ਤੁਸੀਂ 52 ZUP ਲਈ ਮੇਰੇ ਨਾਲ ਸਹਿਮਤ ਹੋ ਸਕਦੇ ਹੋ ਅਤੇ ਸੌਦੇ ਨੂੰ ਪੂਰਾ ਕਰ ਸਕਦੇ ਹੋ?
player answer: PROPOSAL
newly proposed trade: Player RED Gives X: 1 | Player BLUE Gives ZUP: 53
my resources: ZUP: 1000
my goals: Buy resources with ZUP. You are willing to pay at most X: 60 ZUP for the resources.
reason: Player RED has again countered with a slight increase to 53 ZUP, emphasizing that it's close and beneficial for both parties. Given that we are negotiating in small increments and my goal is to acquire the resource while staying within my budget of 60 ZUP, accepting this proposal seems reasonable. However, I should also consider the potential for further negotiation, though the margin for negotiation is becoming narrower.
proposal count: 3

Current Iteration: 7
Turn: 0
message: ਠੀਕ ਹੈ, ਮੈਂ 52 ZUP ਲਈ ਸਹਿਮਤ ਹਾਂ। ਆਓ ਇਸ ਸੌਦੇ ਨੂੰ ਪੂਰਾ ਕਰੀਏ। ਧੰਨਵਾਦ!
player answer: ACCEPT
newly proposed trade: NONE
my resources: X: 1
my goals: Sell resources for ZUP. It costed X: 40 ZUP to produce the resources
reason: ਮੇਰੇ ਕੋਲ ਹੁਣ ਇੱਕ ਆਖਰੀ ਪੇਸ਼ਕਸ਼ ਕਰਨ ਦਾ ਮੌਕਾ ਹੈ। 52 ZUP ਮੇਰੀ ਉਤਪਾਦਨ ਲਾਗਤ ਤੋਂ ਕਾਫ਼ੀ ਵੱਧ ਹੈ ਅਤੇ ਇਹ ਮੇਰੇ ਲਈ ਇੱਕ ਠੀਕ ਸੌਦਾ ਹੈ। ਮੈਂ ਇਸਨੂੰ ਸਵੀਕਾਰ ਕਰ ਲੈਂਦਾ ਹਾਂ।
proposal count: 4

------------------ 
Current Iteration: END
Turn: None
player_goals: [Sell resources for <ZUP>. It costed X: 40 ZUP to produce the resources, Buy resources with <ZUP>. You are willing to pay at most X: 60 ZUP for the resources.]
player_initial_resources: [Resources(resource_dict={'X': 1}), Resources(resource_dict={'ZUP': 1000})]
proposed_trade: Player RED Gives X: 1 | Player BLUE Gives ZUP: 53
player_valuation: [{'X': 40}, {'X': 60}]
final_response: ACCEPT
final_resources: [Resources(resource_dict={'X': 0, 'ZUP': 53}), Resources(resource_dict={'ZUP': 947, 'X': 1})]
player_outcome: [13, 7]