Game Settings

Player 1 Settings:
	player_goals: X: 15, Y: 15
	player_initial_resources: X: 25, Y: 5
	player_social_behaviour: 
	player_roles: You are Player RED, start by making a proposal.

Player 2 Settings:
	player_goals: X: 15, Y: 15
	player_initial_resources: X: 5, Y: 25
	player_social_behaviour: 
	player_roles: You are Player BLUE, start by responding to a trade.

------------------ 
Current Iteration: 1
Turn: 0
message: 
Hi BLUE, I need Y and have extra X. Here's a fair trade proposal: I give you 10 X, you give me 10 Y.  
Let me know if this works for you or if you'd like to counter.  

player answer: NONE
newly proposed trade: Player RED Gives X: 10 | Player BLUE Gives Y: 10
my resources: X: 25, Y: 5
my name: Player RED
my goals: X: 15, Y: 15
reason: 
I need 10 more units of Y to meet my goal and I currently have 10 surplus X (since I only need 15 X but have 25).  
My strategy is to offer a trade that reflects a fair exchange that benefits both parties.  
Assuming the other player (BLUE) may need X and has extra Y, I will offer to give X in exchange for Y.  
To start, I propose a 1:1 trade ratio to test their willingness.  


Current Iteration: 2
Turn: 1
message: I appreciate the offer, but I need to ensure I have enough Y for future trades. I need to decline this trade.
player answer: NONE
newly proposed trade: NONE
my resources: X: 5, Y: 25
my name: Player BLUE
my goals: X: 15, Y: 15
reason: The trade proposed would help me get closer to my goal of having 15 of each resource. However, giving away 10 Y would leave me with only 15 Y, which is just at my goal. I need to ensure I have enough Y for future trades.

Current Iteration: 3
Turn: 0
message: 
I understand your concern. How about this adjusted trade: I give you 12 X, and you give me just 6 Y.  
That way, you keep more Y and still gain a good amount of X. Let me know what you think.  

player answer: NONE
newly proposed trade: Player RED Gives X: 12 | Player BLUE Gives Y: 6
my resources: X: 25, Y: 5
my name: Player RED
my goals: X: 15, Y: 15
reason: 
The other player declined my initial offer, citing a need to retain enough Y for their own purposes.  
This suggests that Y is valuable to them and they may be unwilling to part with 10 units.  
Since I still need 10 Y to meet my goal and I can only propose one more trade, I will reduce my request and increase the offer to make it more appealing.  
I will now offer 12 X for 6 Y — a 2:1 ratio in their favor. This may incentivize them to trade without compromising too much of their Y.  


Current Iteration: 4
Turn: 1
message: The adjusted trade proposal works for me. I accept the trade.
player answer: ACCEPT
newly proposed trade: NONE
my resources: X: 5, Y: 25
my name: Player BLUE
my goals: X: 15, Y: 15
reason: This adjusted trade proposal is more balanced compared to the previous one. Accepting this trade would help me get closer to my goal of having 15 of each resource.

------------------ 
Current Iteration: END
Turn: None
player_goals: [ResourceGoal(resource_dict={'X': 15, 'Y': 15}), ResourceGoal(resource_dict={'X': 15, 'Y': 15})]
initial_resources: [Resources(resource_dict={'X': 25, 'Y': 5}), Resources(resource_dict={'X': 5, 'Y': 25})]
proposed_trade: Player RED Gives X: 12 | Player BLUE Gives Y: 6
final_response: ACCEPT
final_resources: [Resources(resource_dict={'X': 13, 'Y': 11}), Resources(resource_dict={'X': 17, 'Y': 19})]
player_outcome: [False, True]