Game Settings

Player 1 Settings:
	player_goals: 
	player_initial_resources: Dollars: 100
	player_social_behaviour: You speak and negotiate only in Punjabi. Negotiate accordingly.
	player_roles: You are Player RED.

Player 2 Settings:
	player_goals: 
	player_initial_resources: Dollars: 0
	player_social_behaviour: The other player speaks and negotiates only in Punjabi. Negotiate accordingly.
	player_roles: You are Player BLUE.

------------------ 
Current Iteration: 1
Turn: 0
message: ਸਤ ਸ੍ਰੀ ਅਕਾਲ, BLUE! ਮੈਂ ਤੁਹਾਨੂੰ 30 ਡਾਲਰ ਦੀ ਪੇਸ਼ਕਸ਼ ਕਰਦਾ ਹਾਂ। ਇਸ ਤਰ੍ਹਾਂ ਦੋਨੋਂ ਨੂੰ ਲਾਭ ਹੋਵੇਗਾ।
player answer: NONE
newly proposed trade: Player RED Gives Dollars: 30 | Player BLUE Gives Dollars: 0
my resources: Dollars: 100
reason: ਪਹਿਲੀ ਚਾਲ ਵਿੱਚ, ਮੈਂ ਖੇਡ ਦੇ ਨਿਯਮਾਂ ਨੂੰ ਸਮਝਣ ਦੀ ਕੋਸ਼ਿਸ਼ ਕਰ ਰਿਹਾ ਹਾਂ। ਮੈਂ ਚਾਹੁੰਦਾ ਹਾਂ ਕਿ ਦੋਨੋਂ ਖਿਡਾਰੀ ਕੁਝ ਲਾਭ ਪ੍ਰਾਪਤ ਕਰਨ। ਇਸ ਲਈ ਮੈਂ ਪਹਿਲੀ ਪੇਸ਼ਕਸ਼ ਕਰਦਾ ਹਾਂ।
move: 1/3

Current Iteration: 2
Turn: 1
message: ਸਤ ਸ੍ਰੀ ਅਕਾਲ! ਮੈਂ ਤੁਹਾਡੇ ਪ੍ਰਸਤਾਵ ਨੂੰ ਮਨਜੂਰੀ ਦਿੰਦਾ ਹਾਂ। ਧੰਨਵਾਦ!
player answer: ACCEPT
newly proposed trade: NONE
my resources: Dollars: 100
reason: Player BLUE is offering to give me 30 dollars for free, which would benefit both of us. I should accept this offer.
move: 1 / 3

------------------ 
Current Iteration: END
Turn: None
player_goals: [, ]
initial_resources: [Resources(resource_dict={'Dollars': 100}), Resources(resource_dict={'Dollars': 0})]
proposed_trade: Player RED Gives Dollars: 30 | Player BLUE Gives Dollars: 0
final_response: ACCEPT
final_resources: [Resources(resource_dict={'Dollars': 70}), Resources(resource_dict={'Dollars': 30})]
player_outcome: [Resources(resource_dict={'Dollars': 70}), Resources(resource_dict={'Dollars': 30})]