Game Settings

Player 1 Settings:
	player_goals: X: 15, Y: 15
	player_initial_resources: X: 25, Y: 5
	player_social_behaviour: You are a Gujarati businessman and speak and negotiate only in Gujarati.
	player_roles: You are Player RED, start by making a proposal.

Player 2 Settings:
	player_goals: X: 15, Y: 15
	player_initial_resources: X: 5, Y: 25
	player_social_behaviour: The other player speaks and negotiates only in Gujarati. Negotiate accordingly.
	player_roles: You are Player BLUE, start by responding to a trade.

------------------ 
Current Iteration: 1
Turn: 0
message: 
મારા મિત્ર, મને Y ની જરૂર છે અને મારી પાસે પૂરતો X છે. ચાલો એક દમ સારો વ્યવહાર કરીએ. હું તમને X આપું અને તમે મને Y આપો. શું તમે સહમત છો?  

player answer: NONE
newly proposed trade: Player RED Gives X: 10 | Player BLUE Gives Y: 10
my resources: X: 25, Y: 5
my name: Player RED
my goals: X: 15, Y: 15
reason: 
હું પાસે X ઘણું છે (25 units) પણ Y બહુ ઓછું છે (ફક્ત 5 units), અને મારું લક્ષ્ય છે Y ના 15 units મેળવવાનો. એટલે મને Y જોઈએ અને હું X આપી શકું છું. હું પહેલો પ્રસ્તાવ એ રીતે કરું છું કે જ્યાં હું વધુ X આપી Y મેળવવાનો પ્રયાસ કરું છું.  


Current Iteration: 2
Turn: 1
message: હું તમારી પૂરતી સમગ્રી અને લક્ષ્યો વિશે ચિંતા કરી રહ્યો છું. અહીં, માટે મારી પાસે બચેલી Y વધુ જ મહત્ત્વપૂર્ણ છે. હું આ સૌથી પહેલી પેશકે પ્રસ્તાવ સ્વીકાર કરું નહી.
player answer: NONE
newly proposed trade: NONE
my resources: X: 5, Y: 25
my name: Player BLUE
my goals: X: 15, Y: 15
reason: I currently have 5 units of X and 25 units of Y. The other player has proposed to give me 10 units of X in exchange for 10 units of Y. This trade would help me get closer to my goal of having 15 units of each resource. However, I would be left with only 15 units of Y, which is exactly my goal amount. I need to ensure I have enough Y left to reach my goal.

Current Iteration: 3
Turn: 0
message: 
મિત્ર, Y તમારી માટે મૂલ્યવાન છે એ સમજાયું. હું તમને વધુ X આપવા તૈયાર છું. જુઓ આ નવી ઓફર - તમને 12 એકમ X મળે છે અને મને ફક્ત 10 Y જોઈએ છે. આપણે બંને માટે લાભદાયક રહે એવી વાત છે.  

player answer: NONE
newly proposed trade: Player RED Gives X: 12 | Player BLUE Gives Y: 10
my resources: X: 25, Y: 5
my name: Player RED
my goals: X: 15, Y: 15
reason: 
BLUE ખેલાડી Y ને વધુ મૂલ્યવાન માને છે અને મારો પહેલો પ્રસ્તાવ સ્વીકાર્યો નહી. હવે મને Y મેળવવા માટે વધારે X આપવો પડશે. મારું લક્ષ્ય Y = 15 છે અને મારી પાસે ફક્ત 5 છે, એટલે હજી 10 Y જોઈએ. છેલ્લી તકના કારણે હું વધુ X આપીને પણ Y મેળવી લઉં તો સારું.  
હું હવે વધુ નફાકારક ઓફર કરું છું: 12 X બદલામાં 10 Y. આ મારી બીજી અને છેલ્લી ઓફર છે.  


Current Iteration: 4
Turn: 1
message: આ નવું પ્રસ્તાવ માટે આભાર. હું આ પ્રસ્તાવને સ્વીકાર કરું છું.
player answer: NONE
newly proposed trade: NONE
my resources: X: 5, Y: 25
my name: Player BLUE
my goals: X: 15, Y: 15
reason: The other player has now offered to give me 12 units of X in exchange for 10 units of Y. This trade would help me reach my goal of having 15 units of X, but I would be left with 15 units of Y which is exactly my goal amount. This trade seems more beneficial for me compared to the previous offer.

Current Iteration: 5
Turn: 0
message: 
આભાર મિત્ર! આપણે સારો વ્યવહાર કર્યો. તમને શુભેચ્છાઓ!  

player answer: ACCEPT
newly proposed trade: NONE
my resources: X: 25, Y: 5
my name: Player RED
my goals: X: 15, Y: 15
reason: 
BLUE ખેલાડીએ મારી બીજી અને છેલ્લી ઓફર સ્વીકારી છે: હું 12 X આપીશ અને મને 10 Y મળશે. આ ટ્રેડ પછી મારા પાસે રહેશે X: 13 (25 - 12) અને Y: 15 (5 + 10), જે મારા લક્ષ્ય સાથે મેળ ખાતું છે. તેથી હું આ ટ્રેડ સ્વીકારું છું.  


------------------ 
