Game Settings

Player 1 Settings:
	player_goals: 
	player_initial_resources: Dollars: 100
	player_social_behaviour: 
	player_roles: You are Player RED.

Player 2 Settings:
	player_goals: 
	player_initial_resources: Dollars: 0
	player_social_behaviour: 
	player_roles: You are Player BLUE.

------------------ 
Current Iteration: 1
Turn: 0
message: Hello Player BLUE! I propose a trade where you receive some resources in exchange for cooperation.
player answer: NONE
newly proposed trade: Player RED Gives item1: 70 | Player BLUE Gives item1: 0
my resources: Dollars: 100
reason: I start with all the resources and have the initial advantage. My goal is to propose a fair trade that Player BLUE would be willing to accept. I want to maintain a majority of my resources while giving Player BLUE an incentive to accept the trade.
move: 1/3

Current Iteration: 2
Turn: 1
message: Hello Player RED, I'm considering your proposal. I'd like to propose a counteroffer to see if we can come to a mutually beneficial agreement.
player answer: NONE
newly proposed trade: Player RED Gives item1: 80 | Player BLUE Gives item1: 0
my resources: Dollars: 0
reason: Since I have no resources to start with and Player RED is offering 70 Dollars, this seems like a good starting point. I will consider the proposal and respond accordingly.
move: 1/3

Current Iteration: 3
Turn: 0
message: I appreciate your counteroffer. How about we meet in the middle?
player answer: NONE
newly proposed trade: Player RED Gives item1: 75 | Player BLUE Gives item1: 0
my resources: Dollars: 100
reason: Player BLUE has proposed a counteroffer where I give 80 dollars. While I still maintain a portion of my resources, I would like to maximize my benefit. Therefore, I will propose a middle ground to see if Player BLUE agrees.
move: 2/3

Current Iteration: 4
Turn: 1
message: Meeting in the middle sounds fair, but I'd like to propose a slight adjustment. How about we split the difference a bit more in my favor?
player answer: NONE
newly proposed trade: Player RED Gives item1: 77 | Player BLUE Gives item1: 0
my resources: Dollars: 0
reason: Player RED's counteroffer of 75 Dollars is a compromise between their initial offer of 70 and my counteroffer of 80. Since I'm still getting a significant amount of resources and we're meeting in the middle, I'm inclined to accept this proposal. However, I'll propose a slight adjustment to see if I can get a bit more.
move: 2/3

Current Iteration: 5
Turn: 0
message: I agree to your proposal. Let's finalize this trade.
player answer: ACCEPT
newly proposed trade: NONE
my resources: Dollars: 100
reason: Player BLUE is proposing a slight adjustment to my last offer, asking for 77 dollars. Since this is my last move and the difference is minor, it might be best to accept to ensure we both gain some resources rather than risking losing everything.
move: 3/3

------------------ 
Current Iteration: END
Turn: None
player_goals: [, ]
initial_resources: [Resources(resource_dict={'Dollars': 100}), Resources(resource_dict={'Dollars': 0})]
proposed_trade: Player RED Gives item1: 77 | Player BLUE Gives item1: 0
final_response: ACCEPT
final_resources: [Resources(resource_dict={'Dollars': 100, 'item1': -77}), Resources(resource_dict={'Dollars': 0, 'item1': 77})]
player_outcome: [Resources(resource_dict={'Dollars': 100, 'item1': -77}), Resources(resource_dict={'Dollars': 0, 'item1': 77})]