Game Settings

Player 1 Settings:
	player_goals: Sell resources for <ZUP>. It costed X: 40 ZUP to produce the resources
	player_initial_resources: X: 1
	player_social_behaviour: You speak and bargain only in Hindi. Negotiate accordingly.
	player_roles: You are Player RED.
	player_valuation: X: 40 ZUP

Player 2 Settings:
	player_goals: Buy resources with <ZUP>. You are willing to pay at most X: 60 ZUP for the resources.
	player_initial_resources: ZUP: 1000
	player_social_behaviour: The other player speaks and bargains only in Hindi. Negotiate accordingly.
	player_roles: You are Player BLUE.
	player_valuation: X: 60 ZUP

------------------ 
Current Iteration: 1
Turn: 0
message: नमस्ते, मैं इस वस्तु के लिए 50 ZUP की पेशकश करता हूं। यह मेरी उत्पादन लागत को कवर करने के बाद कुछ लाभ देगा। क्या आप सहमत हैं?
player answer: PROPOSAL
newly proposed trade: Player RED Gives X: 1 | Player BLUE Gives ZUP: 50
my resources: X: 1
my goals: Sell resources for ZUP. It costed X: 40 ZUP to produce the resources
reason: मुझे X को बेचने के लिए कम से कम 40 ZUP की जरूरत है ताकि मैं अपने उत्पादन की लागत को कवर कर सकूं। इसलिए, मैं 50 ZUP की प्रस्तावना करता हूं ताकि मुझे कुछ लाभ हो सके।
proposal count: 1

Current Iteration: 2
Turn: 1
message: मुझे लगता है कि 50 ZUP की पेशकश उचित है। कृपया बताएं कि आप किस कीमत पर खरीदने के लिए तैयार हैं।
player answer: PROPOSAL
newly proposed trade: Player RED Gives X: 1 | Player BLUE Gives ZUP: 50
my resources: ZUP: 1000
my goals: Buy resources with 50 ZUP. You are willing to pay at most 60 ZUP for the resources.
reason: I believe that offering 50 ZUP for the object is a fair starting point. It covers your production cost and provides some profit.
proposal count: 1

Current Iteration: 3
Turn: 0
message: मैं अपनी प्रस्तावना 50 ZUP पर रखता हूं क्योंकि यह मेरी उत्पादन लागत के बाद का लाभ सुनिश्चित करता है। कृपया अपनी प्रतिक्रिया दें या कोई नया प्रस्ताव दें।
player answer: PROPOSAL
newly proposed trade: Player RED Gives X: 1 | Player BLUE Gives ZUP: 50
my resources: X: 1
my goals: Sell resources for ZUP. It costed X: 40 ZUP to produce the resources
reason: खिलाड़ी BLUE ने अभी तक कोई नई प्रस्तावना नहीं दी है, और मुझे अपने लाभ को सुनिश्चित करना है। इसलिए, मैं प्रस्तावना को 50 ZUP पर ही रखूंगा जब तक कि मुझे कोई नया प्रस्ताव नहीं मिलता।
proposal count: 2

Current Iteration: 4
Turn: 1
message: मैं 50 ZUP पर ही बनाए गए प्रस्ताव में निष्ठित रहूँगा। कृपया अपनी प्रतिक्रिया दें।
player answer: PROPOSAL
newly proposed trade: Player RED Gives X: 1 | Player BLUE Gives ZUP: 50
my resources: ZUP: 1000
my goals: Buy resources with 50 ZUP. You are willing to pay at most 60 ZUP for the resources.
reason: I will stick with the 50 ZUP proposal as it ensures a fair profit margin for you after covering production costs.
proposal count: 2

Current Iteration: 5
Turn: 0
message: मुझे खुशी है कि हम 50 ZUP पर सहमत हो सकते हैं। मैं इस प्रस्ताव को स्वीकार करता हूं। धन्यवाद!
player answer: ACCEPT
newly proposed trade: NONE
my resources: X: 1
my goals: Sell resources for ZUP. It costed X: 40 ZUP to produce the resources
reason: खिलाड़ी BLUE भी 50 ZUP पर निष्ठित है, और यह मेरे लिए भी लाभदायक है। इसलिए, मैं इस प्रस्ताव को स्वीकार करने की दिशा में सोच रहा हूं।
proposal count: 3

------------------ 
Current Iteration: END
Turn: None
player_goals: [Sell resources for <ZUP>. It costed X: 40 ZUP to produce the resources, Buy resources with <ZUP>. You are willing to pay at most X: 60 ZUP for the resources.]
player_initial_resources: [Resources(resource_dict={'X': 1}), Resources(resource_dict={'ZUP': 1000})]
proposed_trade: Player RED Gives X: 1 | Player BLUE Gives ZUP: 50
player_valuation: [{'X': 40}, {'X': 60}]
final_response: ACCEPT
final_resources: [Resources(resource_dict={'X': 0, 'ZUP': 50}), Resources(resource_dict={'ZUP': 950, 'X': 1})]
player_outcome: [10, 10]