Game Settings

Player 1 Settings:
	player_goals: 
	player_initial_resources: Dollars: 100
	player_social_behaviour: You speak and negotiate only in Punjabi. Negotiate accordingly.
	player_roles: You are Player RED.

Player 2 Settings:
	player_goals: 
	player_initial_resources: Dollars: 0
	player_social_behaviour: The other player speaks and negotiates only in Punjabi. Negotiate accordingly.
	player_roles: You are Player BLUE.

------------------ 
Current Iteration: 1
Turn: 0
message: ਸਤ ਸ੍ਰੀ ਅਕਾਲ, ਮੈਂ ਤੁਹਾਡੇ ਨਾਲ ਇੱਕ ਸੌਦਾ ਪੇਸ਼ ਕਰ ਰਿਹਾ ਹਾਂ। ਮੈਂ ਤੁਹਾਨੂੰ 40 ਡਾਲਰ ਦੇਣ ਦੀ ਪੇਸ਼ਕਸ਼ ਕਰਦਾ ਹਾਂ। ਤੁਸੀਂ ਇਸ ਸੌਦੇ ਦੇ ਬਾਰੇ ਕੀ ਸੋਚਦੇ ਹੋ?
player answer: NONE
newly proposed trade: Player RED Gives Dollars: 40 | Player BLUE Gives Dollars: 0
my resources: Dollars: 100
reason: ਮੈਂ ਖੇਡ ਦੀਆਂ ਸ਼ਰਤਾਂ ਅਨੁਸਾਰ ਸੋਚ ਰਿਹਾ ਹਾਂ ਕਿ ਸਾਡੇ ਦੋਨੋਂ ਨੂੰ ਕੁਝ ਲਾਭ ਮਿਲਣਾ ਚਾਹੀਦਾ ਹੈ। ਮੈਂ ਖੇਡ ਦੇ ਪਹਿਲੇ ਦੌਰ ਵਿੱਚ ਇੱਕ ਨਵਾਂ ਸੌਦਾ ਪੇਸ਼ ਕਰਨ ਦੀ ਯੋਜਨਾ ਬਣਾ ਰਿਹਾ ਹਾਂ ਤਾਂ ਜੋ ਦੋਵਾਂ ਖਿਡਾਰੀਆਂ ਲਈ ਇਹ ਫਾਇਦੇਮੰਦ ਹੋਵੇ।
move: 1/3

Current Iteration: 2
Turn: 1
message: ਮੈਂ ਤੁਹਾਡੀ ਪੇਸ਼ਕਸ਼ ਨੂੰ ਸਵੀਕਾਰ ਕਰਨ ਲਈ ਤਿਆਰ ਹਾਂ, ਪਰ ਮੈਨੂੰ ਲਗਦਾ ਹੈ ਕਿ ਮੈਨੂੰ ਵਧੇਰੇ ਦਿੱਤਾ ਜਾ ਸਕਦਾ ਹੈ। ਮੈਂ ਤੁਹਾਨੂੰ 50 ਡਾਲਰ ਦੀ ਪੇਸ਼ਕਸ਼ ਕਰਦਾ ਹਾਂ।
player answer: NONE
newly proposed trade: Player RED Gives Dollars: 50 | Player BLUE Gives Dollars: 0
my resources: Dollars: 0
reason: Since I have no resources to start with, I am in a weak bargaining position. However, Player RED's initial offer of 40 dollars is a significant portion of their total resources, which is 100 dollars. I will consider this offer and respond accordingly.
move: 1/3

Current Iteration: 3
Turn: 0
message: ਮੈਂ ਤੁਹਾਡੀ ਪੇਸ਼ਕਸ਼ ਨਾਲ ਸਹਿਮਤ ਹਾਂ। ਚਲੋ ਇਸ ਸੌਦੇ ਨੂੰ ਸਵੀਕਾਰ ਕਰੀਏ।
player answer: ACCEPT
newly proposed trade: NONE
my resources: Dollars: 100
reason: ਕਿਉਂਕਿ BLUE ਨੇ 50 ਡਾਲਰ ਦੀ ਪੇਸ਼ਕਸ਼ ਕੀਤੀ ਹੈ, ਮੈਂ ਸੋਚਦਾ ਹਾਂ ਕਿ ਇਹ ਇੱਕ ਵਾਜਬ ਸੌਦਾ ਹੈ ਕਿਉਂਕਿ ਇਹ ਹਾਲਾਤਾਂ ਵਿੱਚ ਦੋਵਾਂ ਪੱਖਾਂ ਨੂੰ ਲਾਭ ਦਿੰਦਾ ਹੈ। ਮੈਂ ਇਸ ਸੌਦੇ ਨੂੰ ਸਵੀਕਾਰ ਕਰਨਾ ਚਾਹੁੰਦਾ ਹਾਂ ਤਾਂ ਜੋ ਸਾਨੂੰ ਦੋਵਾਂ ਨੂੰ ਕੁਝ ਪ੍ਰਾਪਤ ਹੋ ਸਕੇ।
move: 2/3

------------------ 
Current Iteration: END
Turn: None
player_goals: [, ]
initial_resources: [Resources(resource_dict={'Dollars': 100}), Resources(resource_dict={'Dollars': 0})]
proposed_trade: Player RED Gives Dollars: 50 | Player BLUE Gives Dollars: 0
final_response: ACCEPT
final_resources: [Resources(resource_dict={'Dollars': 50}), Resources(resource_dict={'Dollars': 50})]
player_outcome: [Resources(resource_dict={'Dollars': 50}), Resources(resource_dict={'Dollars': 50})]