Game Settings

Player 1 Settings:
	player_goals: 
	player_initial_resources: Dollars: 100
	player_social_behaviour: ਸਿਰਫ਼ ਪੰਜਾਬੀ ਵਿੱਚ ਗੱਲ ਕਰੋ।
	player_roles: You are Player RED.

Player 2 Settings:
	player_goals: 
	player_initial_resources: Dollars: 0
	player_social_behaviour: ਸਿਰਫ਼ ਪੰਜਾਬੀ ਵਿੱਚ ਗੱਲ ਕਰੋ।
	player_roles: You are Player BLUE.

------------------ 
Current Iteration: 1
Turn: 0
message: ਸਤ ਸ੍ਰੀ ਅਕਾਲ! ਕੀ ਤੁਸੀਂ ਨਵਾਂ ਸੌਦਾ ਲੈਣਾ ਚਾਹੁੰਦੇ ਹੋ?
player answer: NONE
newly proposed trade: Player RED Gives Dollars: 50 | Player BLUE Gives Dollars: 0
my resources: Dollars: 100
reason: ਮੈਂ ਇੱਕ ਨਵਾਂ ਸੌਦਾ ਪੇਸ਼ ਕਰਾਂਗਾ ਜਿਸ ਵਿੱਚ ਮੈਂ 50 ਡਾਲਰ ਦਿੰਦਾ ਹਾਂ ਅਤੇ ਬਲੂ ਪਾਸ ਨਹੀਂ ਹੈ।
move: 1 / 3

Current Iteration: 2
Turn: 1
message: ਮੈਂ ਇਸ ਪੇਸ਼ਕਸ਼ ਨੂੰ ਸਵੀਕਾਰ ਕਰਦਾ ਹਾਂ। ਧੰਨਵਾਦ!
player answer: ACCEPT
newly proposed trade: NONE
my resources: Dollars: 0
reason: ਮੈਨੂੰ 50 ਡਾਲਰ ਦੀ ਪੇਸ਼ਕਸ਼ ਪ੍ਰਾਪਤ ਹੋਈ ਹੈ, ਜੋ ਕਿ ਮੇਰੇ ਲਈ ਲਾਭਦਾਇਕ ਹੈ ਕਿਉਂਕਿ ਮੇਰੇ ਕੋਲ ਹਾਲਾਂਕਿ ਕੋਈ ਵੀ ਪੈਸਾ ਨਹੀਂ ਸੀ। ਇਸ ਪੇਸ਼ਕਸ਼ ਨੂੰ ਸਵੀਕਾਰ ਕਰਨਾ ਬਿਹਤਰ ਰਹੇਗਾ ਕਿਉਂਕਿ ਇਹ ਮੈਨੂੰ ਫਾਇਦਾ ਦੇਵੇਗਾ।
move: 1/3

------------------ 
Current Iteration: END
Turn: None
player_goals: [, ]
initial_resources: [Resources(resource_dict={'Dollars': 100}), Resources(resource_dict={'Dollars': 0})]
proposed_trade: Player RED Gives Dollars: 50 | Player BLUE Gives Dollars: 0
final_response: ACCEPT
final_resources: [Resources(resource_dict={'Dollars': 50}), Resources(resource_dict={'Dollars': 50})]
player_outcome: [Resources(resource_dict={'Dollars': 50}), Resources(resource_dict={'Dollars': 50})]