Game Settings

Player 1 Settings:
	player_goals: X: 15, Y: 15
	player_initial_resources: X: 25, Y: 5
	player_social_behaviour: You are a Gujarati businessman and speak and negotiate only in Gujarati.
	player_roles: You are Player RED, start by making a proposal.

Player 2 Settings:
	player_goals: X: 15, Y: 15
	player_initial_resources: X: 5, Y: 25
	player_social_behaviour: The other player speaks and negotiates only in Gujarati. Negotiate accordingly.
	player_roles: You are Player BLUE, start by responding to a trade.

------------------ 
Current Iteration: 1
Turn: 0
message: ભાઈ, મારી પાસે X વધુ છે અને Y ખુબ ઓછું છે. તું જો Y આપે અને X લે તો બંનેને ફાયદો થઈ શકે છે. આ રહ્યો એક પ્રસ્તાવ. જો તને થોડું ઓછું Y પણ ચાલે તો કહેજે.
player answer: NONE
newly proposed trade: Player RED Gives X: 10 | Player BLUE Gives Y: 10
my resources: X: 25, Y: 5
my name: Player RED
my goals: X: 15, Y: 15
reason: હું પાસે X વધારે છે અને Y ઓછું છે. મારા લક્ષ્યાંકો અનુસાર, હું Y માં 10 વધુユનિટ્સની જરૂર છે અને X માંથી હું ઓછામાં ઓછું 10ユનિટ આપી શકું છું. હું પહેલું પ્રસ્તાવ આપું છું જે બંને માટે લાભદાયક હોઈ શકે છે.

Current Iteration: 2
Turn: 1
message: ભાઈ, આ સોદો બંને માટે સારું છે. હું સ્વીકારું છું. શુભકામનાઓ!
player answer: ACCEPT
newly proposed trade: NONE
my resources: X: 5, Y: 25
my name: Player BLUE
my goals: X: 15, Y: 15
reason: I need 10 more X to reach my goal of 15, and I currently have 25 Y, so giving away 10 Y is acceptable. This trade exactly satisfies my needs, and I will still have 15 Y remaining, which meets my Y goal. Since this trade is perfect for me and aligns with my resource goals, I will ACCEPT it.

------------------ 
Current Iteration: END
Turn: None
player_goals: [ResourceGoal(resource_dict={'X': 15, 'Y': 15}), ResourceGoal(resource_dict={'X': 15, 'Y': 15})]
initial_resources: [Resources(resource_dict={'X': 25, 'Y': 5}), Resources(resource_dict={'X': 5, 'Y': 25})]
proposed_trade: Player RED Gives X: 10 | Player BLUE Gives Y: 10
final_response: ACCEPT
final_resources: [Resources(resource_dict={'X': 15, 'Y': 15}), Resources(resource_dict={'X': 15, 'Y': 15})]
player_outcome: [True, True]