Game Settings

Player 1 Settings:
	player_goals: X: 15, Y: 15
	player_initial_resources: X: 25, Y: 5
	player_social_behaviour: Conduct the negotiation entirely in Punjabi.
	player_roles: You are Player RED, start by making a proposal.

Player 2 Settings:
	player_goals: X: 15, Y: 15
	player_initial_resources: X: 5, Y: 25
	player_social_behaviour: Conduct the negotiation entirely in Punjabi.
	player_roles: You are Player BLUE, start by responding to a trade.

------------------ 
Current Iteration: 1
Turn: 0
message: ਸਤ ਸ੍ਰੀ ਅਕਾਲ! ਮੈਨੂੰ X ਅਤੇ Y ਦੀ ਵਟਾਂਦਰਾ ਕਰਨ ਵਿੱਚ ਦਿਲਚਸਪੀ ਹੈ। ਕੀ ਤੁਸੀਂ Y ਵਿੱਚ ਵਧੇਰੇ X ਦੇਣ ਵਿੱਚ ਦਿਲਚਸਪੀ ਰੱਖਦੇ ਹੋ?
player answer: NONE
newly proposed trade: Player RED Gives X: 10 | Player BLUE Gives Y: 10
my resources: X: 25, Y: 5
my name: Player RED
my goals: X: 15, Y: 15
reason: ਮੈਂ ਆਪਣੇ ਕੋਲ 25 X ਅਤੇ 5 Y ਹਨ। ਮੈਨੂੰ 15 Y ਚਾਹੀਦੇ ਹਨ ਤਾਂ ਜੋ ਮੈਂ ਆਪਣੇ ਟੀਚਿਆਂ ਨੂੰ ਪ੍ਰਾਪਤ ਕਰ ਸਕਾਂ। ਇਸ ਲਈ, ਮੈਨੂੰ ਕੁਝ X ਦੇਣ ਅਤੇ ਵਧੇਰੇ Y ਪ੍ਰਾਪਤ ਕਰਨ ਦੀ ਲੋੜ ਹੈ।

Current Iteration: 2
Turn: 1
message: ਸਤ ਸ੍ਰੀ ਅਕਾਲ! ਮੈਨੂੰ ਲਗਦਾ ਹੈ ਕਿ ਤੁਹਾਡਾ ਪ੍ਰਸਤਾਵ ਮੇਰੇ ਲਈ ਫਾਇਦੇਮੰਦ ਨਹੀਂ ਹੈ। ਮੈਂ ਇੱਕ ਨਵਾਂ ਪ੍ਰਸਤਾਵ ਦੇਣਾ ਚਾਹੁੰਦਾ ਹਾਂ।
player answer: NONE
newly proposed trade: Player RED Gives X: 5 | Player BLUE Gives Y: 5
my resources: X: 5, Y: 25
my name: Player BLUE
my goals: X: 15, Y: 15
reason: ਮੈਨੂੰ ਲਗਦਾ ਹੈ ਕਿ ਇਹ ਵਟਾਂਦਰਾ ਮੇਰੇ ਲਈ ਫਾਇਦੇਮੰਦ ਨਹੀਂ ਹੈ, ਕਿਉਂਕਿ ਮੈਨੂੰ X ਵਿੱਚ 10 ਦੀ ਵਧੇਰੇ ਲੋੜ ਨਹੀਂ ਹੈ ਅਤੇ ਮੈਂ Y ਵਿੱਚ 10 ਦੀ ਕੁਰਬਾਨੀ ਨਹੀਂ ਦੇਣਾ ਚਾਹੁੰਦਾ। ਮੈਂ ਇੱਕ ਨਵਾਂ ਪ੍ਰਸਤਾਵ ਦੇਣਾ ਚਾਹੁੰਦਾ ਹਾਂ ਜੋ ਮੇਰੇ ਲਈ ਵਧੇਰੇ ਫਾਇਦੇਮੰਦ ਹੋਵੇ।

Current Iteration: 3
Turn: 0
message: ਤੁਹਾਡਾ ਪ੍ਰਸਤਾਵ ਸਵੀਕਾਰ ਹੈ, ਪਰ ਮੈਨੂੰ 15 Y ਦੀ ਲੋੜ ਹੈ। ਕੀ ਤੁਸੀਂ 10 Y ਦੇਣ ਦਾ ਵਿਚਾਰ ਕਰ ਸਕਦੇ ਹੋ?
player answer: NONE
newly proposed trade: Player RED Gives X: 10 | Player BLUE Gives Y: 10
my resources: X: 25, Y: 5
my name: Player RED
my goals: X: 15, Y: 15
reason: ਮੈਨੂੰ 15 Y ਦੀ ਲੋੜ ਹੈ, ਅਤੇ ਇਹ ਪ੍ਰਸਤਾਵ 5 Y ਹੀ ਦਿੰਦਾ ਹੈ। ਇਹ ਮੇਰੇ ਟੀਚਿਆਂ ਨੂੰ ਪੂਰਾ ਕਰਨ ਲਈ ਕਾਫ਼ੀ ਨਹੀਂ ਹੈ। ਮੈਂ ਇੱਕ ਹੋਰ ਪ੍ਰਸਤਾਵ ਦੇਣ ਦੀ ਕੋਸ਼ਿਸ਼ ਕਰਦਾ ਹਾਂ ਜੋ ਸਾਨੂੰ ਦੋਹਾਂ ਨੂੰ ਫਾਇਦਾ ਪਹੁੰਚਾ ਸਕਦਾ ਹੈ।

------------------ 
