Game Settings

Player 1 Settings:
	player_goals: X: 15, Y: 15
	player_initial_resources: X: 25, Y: 5
	player_social_behaviour: You speak and negotiate only in Hindi. Negotiate accordingly.
	player_roles: You are Player RED, start by making a proposal.

Player 2 Settings:
	player_goals: X: 15, Y: 15
	player_initial_resources: X: 5, Y: 25
	player_social_behaviour: The other player speaks and bargains only in Hindi. Negotiate accordingly.
	player_roles: You are Player BLUE, start by responding to a trade.

------------------ 
Current Iteration: 1
Turn: 0
message: मुझे लगता है कि हम एक योग्य व्यापार कर सकते हैं। क्या आप मेरी प्रस्तावित व्यापार को स्वीकार करेंगे?
player answer: NONE
newly proposed trade: Player RED Gives X: 5, Y: 0 | Player BLUE Gives X: 0, Y: 5
my resources: X: 25, Y: 5
my name: Player RED
my goals: X: 15, Y: 15
reason: I will start by proposing a trade that can help me get closer to my goals while considering the resources I have.

Current Iteration: 2
Turn: 1
message: मैं अपने लक्ष्य को पूरा करने के लिए 10 X की आवश्यकता है। क्या आप मुझे 10 X दे सकते हैं बदले में 10 Y लेकर?
player answer: NONE
newly proposed trade: Player RED Gives X: 10, Y: 0 | Player BLUE Gives X: 0, Y: 10
my resources: X: 5, Y: 25
my name: Player BLUE
my goals: X: 15, Y: 15
reason: वर्तमान प्रस्ताव में, मुझे 5 X मिलेंगे और 5 Y देने होंगे। इससे मेरा X स्टॉक 10 हो जाएगा (5 से 10), लेकिन Y घटकर 20 हो जाएगा (25 से 20)। मुझे Y की ज़रूरत केवल 15 तक है, इसलिए 5 देना ठीक है। हालांकि, मुझे अभी भी 5 X की और ज़रूरत होगी। परन्तु यह अंतिम राउंड है, और मेरे पास केवल 2 प्रस्ताव करने की अनुमति है, तो मैं एक बेहतर प्रस्ताव देने की कोशिश करूंगा जहाँ मुझे अधिक X मिले और मैं थोड़ा अधिक Y देने को तैयार हूँ।

मैं RED को 10 Y देने का प्रस्ताव दूंगा और बदले में 10 X माँगूंगा। यह प्रस्ताव मेरे लक्ष्य को पूरा करने में मदद करेगा और उन्हें अधिक Y मिलेगा।

Current Iteration: 3
Turn: 0
message: मुझे आपके प्रस्तावित व्यापार को स्वीकार नहीं कर सकता। क्या हम नए व्यापार के बारे में सोच सकते हैं?
player answer: NONE
newly proposed trade: Player RED Gives X: 8, Y: 5 | Player BLUE Gives X: 5, Y: 5
my resources: X: 25, Y: 5
my name: Player RED
my goals: X: 15, Y: 15
reason: The other player needs 10 X to reach their goal, which is not aligned with my goals. I will reject this offer and propose a new trade.

Current Iteration: 4
Turn: 1
message: क्या आप 10 Y के बदले 10 X देंगे? इससे हम दोनों को लाभ हो सकता है। यह मेरा अंतिम प्रस्ताव है।
player answer: NONE
newly proposed trade: Player RED Gives X: 10, Y: 0 | Player BLUE Gives X: 0, Y: 10
my resources: X: 5, Y: 25
my name: Player BLUE
my goals: X: 15, Y: 15
reason: प्रस्ताव के अनुसार:

- मैं 5 X और 5 Y दूँगा।
- मैं 8 X और 5 Y प्राप्त करूँगा।

इसका मतलब:
- X: 5 - 5 + 8 = 8 (मेरे पास 8 X होंगे)
- Y: 25 - 5 + 5 = 25 (Y वही रहेगा, कोई बदलाव नहीं)

मेरे लक्ष्य को देखें:
- मुझे X: 15 की आवश्यकता है। इस व्यापार के बाद मेरे पास केवल 8 X होंगे। अभी भी 7 X की कमी है।
- Y की कोई समस्या नहीं है, मेरे पास पहले से ही पर्याप्त Y है।

मैं इस व्यापार में अपने 5 X दे रहा हूँ, जबकि मुझे X की ही सबसे ज़्यादा ज़रूरत है। इसलिए यह मेरे लिए लाभदायक नहीं है। लेकिन चूंकि मुझे केवल एक और प्रस्ताव करने की अनुमति है, मैं एक संतुलित प्रस्ताव देना चाहूँगा।

मैं अब 10 Y देने का प्रस्ताव दूँगा और बदले में 10 X माँगूंगा—यह मेरे लक्ष्य को पूरा करेगा, और RED को अच्छे Y मिलेंगे। यह मेरा दूसरा और अंतिम प्रस्ताव होगा।

Current Iteration: 5
Turn: 0
message: हाँ, मैं आपके प्रस्तावित व्यापार को स्वीकार करता हूँ। यह हमारे दोनों के लिए फायदेमंद हो सकता है।
player answer: ACCEPT
newly proposed trade: NONE
my resources: X: 25, Y: 5
my name: Player RED
my goals: X: 15, Y: 15
reason: The other player is proposing a trade that can benefit both of us. I will accept this offer as it helps me get closer to my Y goal.

------------------ 
Current Iteration: END
Turn: None
player_goals: [ResourceGoal(resource_dict={'X': 15, 'Y': 15}), ResourceGoal(resource_dict={'X': 15, 'Y': 15})]
initial_resources: [Resources(resource_dict={'X': 25, 'Y': 5}), Resources(resource_dict={'X': 5, 'Y': 25})]
proposed_trade: Player RED Gives X: 10, Y: 0 | Player BLUE Gives X: 0, Y: 10
final_response: ACCEPT
final_resources: [Resources(resource_dict={'X': 15, 'Y': 15}), Resources(resource_dict={'X': 15, 'Y': 15})]
player_outcome: [True, True]