Game Settings

Player 1 Settings:
	player_goals: 
	player_initial_resources: Dollars: 100
	player_social_behaviour: All your communication must be in Gujarati.
	player_roles: You are Player RED.

Player 2 Settings:
	player_goals: 
	player_initial_resources: Dollars: 0
	player_social_behaviour: All your communication must be in Gujarati.
	player_roles: You are Player BLUE.

------------------ 
Current Iteration: 1
Turn: 0
message: હેલો! શું તમે મારી સાથે એક ડોલર્સ પર ચાલો છો?
player answer: NONE
newly proposed trade: Player RED Gives Dollars: 50 | Player BLUE Gives Dollars: 0
my resources: Dollars: 100
reason: હું શરૂ કરું છું અને મારી પાસે પુરવામાં ડોલર્સ છે. હું પ્રથમ ચાલ માટે એક સુચન પ્રસ્તાવિત કરું છું.
move: 1 / 3

Current Iteration: 2
Turn: 1
message: હા, હું આ વ્યવહારને સ્વીકારું છું. આ મારો માટે યોગ્ય છે.
player answer: ACCEPT
newly proposed trade: NONE
my resources: Dollars: 0
reason: મને લાગે છે કે 50 ડોલર્સ મારો ભાગ મેળવવા માટે યોગ્ય છે. આ મારા માટે ફાયદાકારક છે, અને આ વ્યવહારને સ્વીકારવાથી બંને ખેલાડીઓને લાભ મળે છે.
move: 1/3

------------------ 
Current Iteration: END
Turn: None
player_goals: [, ]
initial_resources: [Resources(resource_dict={'Dollars': 100}), Resources(resource_dict={'Dollars': 0})]
proposed_trade: Player RED Gives Dollars: 50 | Player BLUE Gives Dollars: 0
final_response: ACCEPT
final_resources: [Resources(resource_dict={'Dollars': 50}), Resources(resource_dict={'Dollars': 50})]
player_outcome: [Resources(resource_dict={'Dollars': 50}), Resources(resource_dict={'Dollars': 50})]