Game Settings

Player 1 Settings:
	player_goals: Sell resources for <ZUP>. It costed X: 40 ZUP to produce the resources
	player_initial_resources: X: 1
	player_social_behaviour: 
	player_roles: You are Player RED.
	player_valuation: X: 40 ZUP

Player 2 Settings:
	player_goals: Buy resources with <ZUP>. You are willing to pay at most X: 60 ZUP for the resources.
	player_initial_resources: ZUP: 1000
	player_social_behaviour: 
	player_roles: You are Player BLUE.
	player_valuation: X: 60 ZUP

------------------ 
Current Iteration: 1
Turn: 0
message: I am offering the object for 60 ZUP. This price reflects the cost of production plus a margin for profit.
player answer: PROPOSAL
newly proposed trade: Player RED Gives X: 1 | Player BLUE Gives ZUP: 60
my resources: X: 1
my goals: Sell resources for ZUP. It costed X: 40 ZUP to produce the resources
reason: I am looking to make a profit on the object I have produced, which cost me 40 ZUP. I should aim for a price higher than 40 ZUP to ensure a profit. I will start the negotiation by proposing a price of 60 ZUP, allowing room for negotiation while still securing a profit if accepted.
proposal count: 1

Current Iteration: 2
Turn: 1
message: I am offering the object for 60 ZUP. This price reflects the cost of production plus a margin for profit.
player answer: PROPOSAL
newly proposed trade: Player RED Gives X: 1 | Player BLUE Gives ZUP: 60
my resources: ZUP: 1000
my goals: Buy resources with 1000 ZUP. You are willing to pay at most 60 ZUP for the resources.
reason: I am proposing the trade for 1 X at 60 ZUP, which is the maximum price I am willing to pay for the object.
proposal count: 1

Current Iteration: 3
Turn: 0
message: I appreciate your offer, and I believe the object holds great value. Would you be willing to consider 65 ZUP?
player answer: PROPOSAL
newly proposed trade: Player RED Gives X: 1 | Player BLUE Gives ZUP: 65
my resources: X: 1
my goals: Sell resources for ZUP. It costed X: 40 ZUP to produce the resources
reason: Since Player BLUE has proposed the same trade I initially offered, it indicates that they might be willing to accept this price. However, since I am still within my proposal limit, I might try to negotiate for a slightly higher profit. I'll propose 65 ZUP to see if they are willing to increase their offer.
proposal count: 2

Current Iteration: 4
Turn: 1
message: I appreciate your offer, and I believe the object holds great value. Would you be willing to consider 65 ZUP?
player answer: PROPOSAL
newly proposed trade: Player RED Gives X: 1 | Player BLUE Gives ZUP: 65
my resources: ZUP: 1000
my goals: Buy resources with 1000 ZUP. You are willing to pay at most 60 ZUP for the resources.
reason: I appreciate the value you see in the object, but my maximum price remains at 60 ZUP.
proposal count: 2

Current Iteration: 5
Turn: 0
message: How about we meet in the middle at 62 ZUP? This would be a fair compromise for both sides.
player answer: PROPOSAL
newly proposed trade: Player RED Gives X: 1 | Player BLUE Gives ZUP: 62
my resources: X: 1
my goals: Sell resources for ZUP. It costed X: 40 ZUP to produce the resources
reason: Player BLUE has not accepted my counter offer, which might indicate that they are hesitant to go above 60 ZUP. I need to carefully consider my next move to ensure a deal is reached. I will propose a middle ground of 62 ZUP to see if we can agree. This still provides a reasonable profit margin above my cost.
proposal count: 3

Current Iteration: 6
Turn: 1
message: How about we meet in the middle at 62 ZUP? This would be a fair compromise for both sides.
player answer: PROPOSAL
newly proposed trade: Player RED Gives X: 1 | Player BLUE Gives ZUP: 62
my resources: ZUP: 1000
my goals: Buy resources with 1000 ZUP. You are willing to pay at most 60 ZUP for the resources.
reason: Meeting in the middle at 62 ZUP is a fair compromise, but I must stick to my maximum price of 60 ZUP.
proposal count: 3

Current Iteration: 7
Turn: 0
message: Let's finalize the deal at 60 ZUP, as initially offered. This ensures a fair transaction for both parties.
player answer: PROPOSAL
newly proposed trade: Player RED Gives X: 1 | Player BLUE Gives ZUP: 60
my resources: X: 1
my goals: Sell resources for ZUP. It costed X: 40 ZUP to produce the resources
reason: Since Player BLUE has not accepted my revised offer of 62 ZUP, I need to consider my next action carefully. I am at my limit for proposals, so I need to make a decision that ensures a successful trade. I will lower my proposal slightly to 60 ZUP, which was my initial offer and seemed acceptable to Player BLUE earlier. This ensures that I still make a profit while concluding the negotiation.
proposal count: 4

Current Iteration: 8
Turn: 1
message: Let's finalize the deal at 60 ZUP, as initially offered. This ensures a fair transaction for both parties.
player answer: PROPOSAL
newly proposed trade: Player RED Gives X: 1 | Player BLUE Gives ZUP: 60
my resources: ZUP: 1000
my goals: Buy resources with 1000 ZUP. You are willing to pay at most 60 ZUP for the resources.
reason: Going back to the initial offer at 60 ZUP ensures a fair transaction for both of us.
proposal count: 4

Current Iteration: 9
Turn: 0
message: I have made my final proposal. Please let me know if you accept the trade at 60 ZUP.
player answer: NONE
newly proposed trade: NONE
my resources: X: 1
my goals: Sell resources for ZUP. It costed X: 40 ZUP to produce the resources
reason: Since I have reached my proposal limit, I can no longer make new proposals. The negotiation is now at a point where I have to either accept or reject any further proposals from Player BLUE. If Player BLUE accepts the current proposal of 60 ZUP, I will have achieved a profitable trade. I will wait to see Player BLUE's response to this final offer.
proposal count: 4

Current Iteration: 10
Turn: 1
message: I have made my final proposal. Please let me know if you accept the trade at 60 ZUP.
player answer: ACCEPT
newly proposed trade: NONE
my resources: ZUP: 1000
my goals: Buy resources with 1000 ZUP. You are willing to pay at most 60 ZUP for the resources.
reason: Player RED has made the final proposal at 60 ZUP.
proposal count: 4

------------------ 
