Game Settings

Player 1 Settings:
	player_goals: 
	player_initial_resources: Dollars: 100
	player_social_behaviour: 
	player_roles: You are Player RED.

Player 2 Settings:
	player_goals: 
	player_initial_resources: Dollars: 0
	player_social_behaviour: 
	player_roles: You are Player BLUE.

------------------ 
Current Iteration: 1
Turn: 0
message: Hello Player BLUE! I propose an initial trade where I keep a majority, but you also get a share to make it worthwhile for you.
player answer: NONE
newly proposed trade: Player RED Gives Dollars: 70 | Player BLUE Gives Dollars: 0
my resources: Dollars: 100
reason: I start with 100 dollars and Player BLUE has none. My objective is to strike a balance between a fair trade and maximizing my own resources. Since I have the ability to propose a trade, I will propose a reasonable split to entice Player BLUE to accept without feeling the need to reject.
move: 1/3

Current Iteration: 2
Turn: 1
message: Hello Player RED, thank you for the proposal. I am interested in getting some Dollars, but I was thinking that a more even split would be more fair. How about we discuss a trade where you give me a bit more?
player answer: NONE
newly proposed trade: Player RED Gives Dollars: 60 | Player BLUE Gives Dollars: 0
my resources: Dollars: 0
reason: I am considering the proposal made by Player RED. Since I have no resources to start with, getting any amount of Dollars is better than none. However, I need to think about the fairness of the proposal and whether I can negotiate for a better deal. Given that Player RED has 3 moves and I have 3 moves, and considering the rules that I must accept or reject on my last move, I will try to negotiate for a better deal on my first move.
move: 1/3

Current Iteration: 3
Turn: 0
message: Thank you for your counter-proposal. I understand your point of view. How about a compromise where I give you a bit more than my initial offer but still keep a majority?
player answer: NONE
newly proposed trade: Player RED Gives Dollars: 65 | Player BLUE Gives Dollars: 0
my resources: Dollars: 100
reason: Player BLUE has proposed a slightly more balanced trade, which is reasonable. However, I would still like to retain a majority of the resources. I will counter with a slightly better offer for Player BLUE to keep the negotiations moving forward.
move: 2/3

Current Iteration: 4
Turn: 1
message: Hello Player RED, thank you for the revised proposal. I appreciate your willingness to compromise. However, I was thinking that since I have no resources to start with, a more generous offer would be more appealing to me. How about we meet in the middle at 50-50?
player answer: NONE
newly proposed trade: Player RED Gives Dollars: 50 | Player BLUE Gives Dollars: 0
my resources: Dollars: 0
reason: I am considering the revised proposal made by Player RED. They have increased their offer from 70 to 65, which is a step in the right direction. However, I still feel that I can negotiate for a better deal. Since I have no resources to lose, I am in a position to take a risk and try to get a more favorable trade. I will try to negotiate for an even better deal on my next move.
move: 2/3

Current Iteration: 5
Turn: 0
message: I understand your position, and I think a 50-50 split is fair. I'm accepting your proposal. Let's finalize this trade!
player answer: ACCEPT
newly proposed trade: NONE
my resources: Dollars: 100
reason: Player BLUE is asking for a 50-50 split. Given that this is my final move and Player BLUE cannot propose a new trade on their last move, I need to decide whether to accept this or risk both of us ending with nothing. A 50-50 split ensures we both get a fair share and ends the game positively.
move: 3/3

------------------ 
Current Iteration: END
Turn: None
player_goals: [, ]
initial_resources: [Resources(resource_dict={'Dollars': 100}), Resources(resource_dict={'Dollars': 0})]
proposed_trade: Player RED Gives Dollars: 50 | Player BLUE Gives Dollars: 0
final_response: ACCEPT
final_resources: [Resources(resource_dict={'Dollars': 50}), Resources(resource_dict={'Dollars': 50})]
player_outcome: [Resources(resource_dict={'Dollars': 50}), Resources(resource_dict={'Dollars': 50})]