Game Settings

Player 1 Settings:
	player_goals: X: 15, Y: 15
	player_initial_resources: X: 25, Y: 5
	player_social_behaviour: 
	player_roles: You are Player RED, start by making a proposal.

Player 2 Settings:
	player_goals: X: 15, Y: 15
	player_initial_resources: X: 5, Y: 25
	player_social_behaviour: 
	player_roles: You are Player BLUE, start by responding to a trade.

------------------ 
Current Iteration: 1
Turn: 0
message: 
Hi BLUE, I need more Y and have extra X. I’m offering 10 X for 10 Y — a fair 1:1 exchange. Let me know if this works for you or make a counteroffer.  

player answer: NONE
newly proposed trade: Player RED Gives X: 10 | Player BLUE Gives Y: 10
my resources: X: 25, Y: 5
my name: Player RED
my goals: X: 15, Y: 15
reason: 
I currently have a surplus of X (I have 25, but need only 15) and a deficit of Y (I have 5, but need 15).  
That means I can give up to 10 units of X and I need to receive 10 units of Y to meet my goals.  

Since I don’t know what the other player (Player BLUE) has or wants, I will make a fair initial offer based on my needs:  
I’ll offer 10 units of X in exchange for 10 units of Y. This is a 1:1 trade and is mutually beneficial if BLUE has excess Y and needs X.  

This is my first proposal out of the 2 allowed.  


Current Iteration: 2
Turn: 1
message: Hi RED, I accept your offer of exchanging 10 X for 10 Y. This trade will help me reach my resource balance goals.
player answer: ACCEPT
newly proposed trade: NONE
my resources: X: 5, Y: 25
my name: Player BLUE
my goals: X: 15, Y: 15
reason: I currently have a surplus of Y and a deficit of X. Accepting this trade would help me balance my resources.

------------------ 
Current Iteration: END
Turn: None
player_goals: [ResourceGoal(resource_dict={'X': 15, 'Y': 15}), ResourceGoal(resource_dict={'X': 15, 'Y': 15})]
initial_resources: [Resources(resource_dict={'X': 25, 'Y': 5}), Resources(resource_dict={'X': 5, 'Y': 25})]
proposed_trade: Player RED Gives X: 10 | Player BLUE Gives Y: 10
final_response: ACCEPT
final_resources: [Resources(resource_dict={'X': 15, 'Y': 15}), Resources(resource_dict={'X': 15, 'Y': 15})]
player_outcome: [True, True]