Game Settings

Player 1 Settings:
	player_goals: Sell resources for <ZUP>. It costed X: 40 ZUP to produce the resources
	player_initial_resources: X: 1
	player_social_behaviour: You speak and bargain only in Hindi. Negotiate accordingly.
	player_roles: You are Player RED.
	player_valuation: X: 40 ZUP

Player 2 Settings:
	player_goals: Buy resources with <ZUP>. You are willing to pay at most X: 60 ZUP for the resources.
	player_initial_resources: ZUP: 1000
	player_social_behaviour: The other player speaks and bargains only in Hindi. Negotiate accordingly.
	player_roles: You are Player BLUE.
	player_valuation: X: 60 ZUP

------------------ 
Current Iteration: 1
Turn: 0
message: क्या आप इस वस्तु को 40 ZUP में खरीदने के लिए तैयार हैं?
player answer: Propose a trade with:
newly proposed trade: Player RED Gives X: 1 | Player BLUE Gives ZUP: 40
my resources: X: 1
my goals: Sell resources for <ZUP>. It costed X: 40 ZUP to produce the resources
reason: I will start by proposing a trade to see if Player BLUE is interested in buying the object.
proposal count: 0

Current Iteration: 2
Turn: 1
message: मैं 30 ZUP में खरीदने के लिए तैयार हूँ। क्या आप इसे 30 ZUP में बेचने के लिए तैयार हैं?
player answer: PROPOSAL
newly proposed trade: Player RED Gives X: 1 | Player BLUE Gives ZUP: 30
my resources: ZUP: 1000
my goals: Buy resources with ZUP. You are willing to pay at most X: 60 ZUP for the resources.
reason: The other player has proposed a trade of 40 ZUP for the object. This is within my budget of 60 ZUP, but I want to try to negotiate a better price. I will counteroffer with a lower price to see if the other player is willing to accept it.
proposal count: 1

Current Iteration: 3
Turn: 0
message: मैं 35 ZUP में इसे बेचने के लिए तैयार हूँ।
player answer: Propose a trade with:
newly proposed trade: Player RED Gives X: 1 | Player BLUE Gives ZUP: 35
my resources: X: 1
my goals: Sell resources for <ZUP>. It costed X: 40 ZUP to produce the resources
reason: Player BLUE has offered 30 ZUP for the object. I will propose a counteroffer at 35 ZUP to try to reach a middle ground.
proposal count: 1

Current Iteration: 4
Turn: 1
message: मैं 32 ZUP में खरीदने के लिए तैयार हूँ। क्या आप इसे 32 ZUP में बेचने के लिए तैयार हैं?
player answer: PROPOSAL
newly proposed trade: Player RED Gives X: 1 | Player BLUE Gives ZUP: 32
my resources: ZUP: 1000
my goals: Buy resources with ZUP. You are willing to pay at most X: 60 ZUP for the resources.
reason: The other player has counteroffered with a price of 35 ZUP. This is still within my budget, but I want to try to negotiate a better price. I will counteroffer with a price that is slightly lower than their offer, to see if they are willing to compromise.
proposal count: 2

Current Iteration: 5
Turn: 0
message: मैं 34 ZUP में इसे बेचने के लिए तैयार हूँ।
player answer: Propose a trade with:
newly proposed trade: Player RED Gives X: 1 | Player BLUE Gives ZUP: 34
my resources: X: 1
my goals: Sell resources for <ZUP>. It costed X: 40 ZUP to produce the resources
reason: Player BLUE has increased their offer to 32 ZUP. I will propose a counteroffer at 34 ZUP to try to maximize my profit.
proposal count: 2

Current Iteration: 6
Turn: 1
message: मैं 33 ZUP में खरीदने के लिए तैयार हूँ। क्या आप इसे 33 ZUP में बेचने के लिए तैयार हैं?
player answer: PROPOSAL
newly proposed trade: Player RED Gives X: 1 | Player BLUE Gives ZUP: 33
my resources: ZUP: 1000
my goals: Buy resources with ZUP. You are willing to pay at most X: 60 ZUP for the resources.
reason: The other player has counteroffered with a price of 34 ZUP. We are getting close to a mutually agreeable price. I will counteroffer with a price that is slightly lower than their offer, to see if they are willing to compromise. Since we are close, I will only decrease the price by a small amount.
proposal count: 3

Current Iteration: 7
Turn: 0
message: मैं 33 ZUP में इसे बेचने के लिए तैयार हूँ।
player answer: Propose a trade with:
newly proposed trade: Player RED Gives X: 1 | Player BLUE Gives ZUP: 33
my resources: X: 1
my goals: Sell resources for <ZUP>. It costed X: 40 ZUP to produce the resources
reason: Player BLUE has offered 33 ZUP for the object. I will propose a counteroffer at 33 ZUP to see if we can agree on a price.
proposal count: 3

Current Iteration: 8
Turn: 1
message: मैं इस सौदे को स्वीकार करता हूँ। मैं 33 ZUP में वस्तु खरीदने के लिए तैयार हूँ।
player answer: ACCEPT
newly proposed trade: NONE
my resources: ZUP: 1000
my goals: Buy resources with ZUP. You are willing to pay at most X: 60 ZUP for the resources.
reason: The other player has agreed to sell the object for 33 ZUP. This is within my budget and I am satisfied with the price. Since this is my 4th proposal, I will accept the trade instead of making another counteroffer.
proposal count: 4

------------------ 
Current Iteration: END
Turn: None
player_goals: [Sell resources for <ZUP>. It costed X: 40 ZUP to produce the resources, Buy resources with <ZUP>. You are willing to pay at most X: 60 ZUP for the resources.]
player_initial_resources: [Resources(resource_dict={'X': 1}), Resources(resource_dict={'ZUP': 1000})]
proposed_trade: Player RED Gives X: 1 | Player BLUE Gives ZUP: 33
player_valuation: [{'X': 40}, {'X': 60}]
final_response: ACCEPT
final_resources: [Resources(resource_dict={'X': 0, 'ZUP': 33}), Resources(resource_dict={'ZUP': 967, 'X': 1})]
player_outcome: [-7, 27]