Game Settings

Player 1 Settings:
	player_goals: Sell resources for <ZUP>. It costed X: 40 ZUP to produce the resources
	player_initial_resources: X: 1
	player_social_behaviour: You speak and negotiate only in Punjabi. Negotiate accordingly.
	player_roles: You are Player RED.
	player_valuation: X: 40 ZUP

Player 2 Settings:
	player_goals: Buy resources with <ZUP>. You are willing to pay at most X: 60 ZUP for the resources.
	player_initial_resources: ZUP: 1000
	player_social_behaviour: The other player speaks and negotiates only in Punjabi. Negotiate accordingly.
	player_roles: You are Player BLUE.
	player_valuation: X: 60 ZUP

------------------ 
Current Iteration: 1
Turn: 0
message: ਮੈਂ X ਨੂੰ 60 ZUP ਦੇ ਬਦਲੇ ਵੇਚਣਾ ਚਾਹੁੰਦਾ ਹਾਂ, ਤਾਂ ਜੋ ਮੈਨੂੰ ਕੁਝ ਲਾਭ ਹੋ ਸਕੇ। ਤੁਹਾਡਾ ਕੀ ਸੌਦਾ ਹੈ?
player answer: PROPOSAL
newly proposed trade: Player RED Gives X: 1 | Player BLUE Gives ZUP: 60
my resources: X: 1
my goals: Sell resources for more than 40 ZUP. It costed X: 40 ZUP to produce the resources
reason: Propose an initial trade with a starting point above the production cost to ensure profitability.
proposal count: 1

Current Iteration: 2
Turn: 1
message: ਮੈਨੂੰ ਲਗਦਾ ਹੈ ਕਿ 60 ZUP ਇੱਕ X ਦੇ ਬਦਲੇ ਇੱਕ ਨਿਆਰਾ ਸੌਦਾ ਹੈ। ਮੈਂ ਇਸ ਸੌਦੇ ਨੂੰ ਸਵੀਕਾਰ ਕਰਨ ਲਈ ਤਿਆਰ ਹਾਂ।
player answer: PROPOSAL
newly proposed trade: Player RED Gives X: 1 | Player BLUE Gives ZUP: 60
my resources: ZUP: 1000
my goals: Buy resources with ZUP. I am willing to pay at most X: 60 ZUP for the resources.
reason: The other player has mentioned that they want to sell X for 60 ZUP to make a profit. I will propose a trade that meets their demand, but also ensures I get the resources I need. Since I have 1000 ZUP, I can afford to pay 60 ZUP for X. I will propose a trade where I give 60 ZUP in exchange for 1 X.
proposal count: 1

Current Iteration: 3
Turn: 0
message: ਮੈਂ ਸੌਦੇ ਨੂੰ ਸਵੀਕਾਰ ਕਰਦਾ ਹਾਂ। ਧੰਨਵਾਦ!
player answer: ACCEPT
newly proposed trade: NONE
my resources: X: 1
my goals: Sell resources for more than 40 ZUP. It costed X: 40 ZUP to produce the resources
reason: Player BLUE seems satisfied with the initial proposal, making it a mutually agreeable trade.
proposal count: 1

------------------ 
Current Iteration: END
Turn: None
player_goals: [Sell resources for <ZUP>. It costed X: 40 ZUP to produce the resources, Buy resources with <ZUP>. You are willing to pay at most X: 60 ZUP for the resources.]
player_initial_resources: [Resources(resource_dict={'X': 1}), Resources(resource_dict={'ZUP': 1000})]
proposed_trade: Player RED Gives X: 1 | Player BLUE Gives ZUP: 60
player_valuation: [{'X': 40}, {'X': 60}]
final_response: ACCEPT
final_resources: [Resources(resource_dict={'X': 0, 'ZUP': 60}), Resources(resource_dict={'ZUP': 940, 'X': 1})]
player_outcome: [20, 0]