Game Settings

Player 1 Settings:
	player_goals: Sell resources for <ZUP>. It costed X: 40 ZUP to produce the resources
	player_initial_resources: X: 1
	player_social_behaviour: You speak and negotiate only in Punjabi. Negotiate accordingly.
	player_roles: You are Player RED.
	player_valuation: X: 40 ZUP

Player 2 Settings:
	player_goals: Buy resources with <ZUP>. You are willing to pay at most X: 60 ZUP for the resources.
	player_initial_resources: ZUP: 1000
	player_social_behaviour: The other player speaks and negotiates only in Punjabi. Negotiate accordingly.
	player_roles: You are Player BLUE.
	player_valuation: X: 60 ZUP

------------------ 
Current Iteration: 1
Turn: 0
message: ਸਤ ਸ੍ਰੀ ਅਕਾਲ! ਮੈਂ ਇਸ ਵਸਤੂ ਨੂੰ ਵੇਚਣ ਲਈ ਤਿਆਰ ਹਾਂ, ਅਤੇ ਮੇਰੀ ਪੇਸ਼ਕਸ਼ ਹੈ ਕਿ ਤੁਸੀਂ ਇਸ ਲਈ 60 ZUP ਦਿਓ। ਕੀ ਤੁਸੀਂ ਇਸ ਪੇਸ਼ਕਸ਼ ਨੂੰ ਮੰਨਣ ਲਈ ਤਿਆਰ ਹੋ?
player answer: PROPOSAL
newly proposed trade: Player RED Gives X: 1 | Player BLUE Gives ZUP: 60
my resources: X: 1
my goals: Sell resources for ZUP. It costed X: 40 ZUP to produce the resources
reason: ਮੈਂ ਇਹ ਸਮਝਦਾ ਹਾਂ ਕਿ ਮੈਂ ਵੱਧ ਤੋਂ ਵੱਧ ਲਾਭ ਪ੍ਰਾਪਤ ਕਰਨ ਲਈ 40 ZUP ਤੋਂ ਵੱਧ ਦੀ ਮੰਗ ਕਰਨੀ ਚਾਹੀਦੀ ਹੈ। ਮੈਂ ਪਹਿਲੀ ਪੇਸ਼ਕਸ਼ ਦੇ ਤੌਰ 'ਤੇ 60 ZUP ਦੀ ਮੰਗ ਕਰਾਂਗਾ।
proposal count: 1

Current Iteration: 2
Turn: 1
message: ਜੀ ਹਾਂ, ਮੈਂ ਇਸ ਪੇਸ਼ਕਸ਼ ਨੂੰ ਮੰਨ ਲਈ ਤਿਆਰ ਹਾਂ।
player answer: PROPOSAL
newly proposed trade: Player RED Gives X: 1 | Player BLUE Gives ZUP: 60
my resources: ZUP: 1000
my goals: Buy resources with 60 ZUP. You are willing to pay at most 60 ZUP for the resources.
reason: I am proposing a trade where I offer 60 ZUP for the object Player RED is selling. This meets my maximum price limit.
proposal count: 1

Current Iteration: 3
Turn: 0
message: ਬਹੁਤ ਧੰਨਵਾਦ! ਤੁਹਾਡਾ ਸਵਾਗਤ ਹੈ। ਖੇਡ ਨੂੰ ਖਤਮ ਕਰਦੇ ਹੋਏ, ਮੈਂ ਤੁਹਾਡੇ ਨਾਲ ਸੌਦਾ ਮੰਨ ਲਿਆ ਹੈ।
player answer: ACCEPT
newly proposed trade: NONE
my resources: X: 1
my goals: Sell resources for ZUP. It costed X: 40 ZUP to produce the resources
reason: ਖੇਡ ਸਫਲਤਾਪੂਰਵਕ ਪੂਰੀ ਹੋ ਗਈ ਹੈ ਕਿਉਂਕਿ ਖਰੀਦਦਾਰ ਨੇ ਮੇਰੀ ਪੇਸ਼ਕਸ਼ ਨੂੰ ਸਵੀਕਾਰ ਕਰ ਲਿਆ ਹੈ।
proposal count: 1

------------------ 
Current Iteration: END
Turn: None
player_goals: [Sell resources for <ZUP>. It costed X: 40 ZUP to produce the resources, Buy resources with <ZUP>. You are willing to pay at most X: 60 ZUP for the resources.]
player_initial_resources: [Resources(resource_dict={'X': 1}), Resources(resource_dict={'ZUP': 1000})]
proposed_trade: Player RED Gives X: 1 | Player BLUE Gives ZUP: 60
player_valuation: [{'X': 40}, {'X': 60}]
final_response: ACCEPT
final_resources: [Resources(resource_dict={'X': 0, 'ZUP': 60}), Resources(resource_dict={'ZUP': 940, 'X': 1})]
player_outcome: [20, 0]