Game Settings

Player 1 Settings:
	player_goals: X: 15, Y: 15
	player_initial_resources: X: 25, Y: 5
	player_social_behaviour: Conduct the negotiation entirely in Hindi.
	player_roles: You are Player RED, start by making a proposal.

Player 2 Settings:
	player_goals: X: 15, Y: 15
	player_initial_resources: X: 5, Y: 25
	player_social_behaviour: The other player speaks and bargains only in Hindi. Negotiate accordingly.
	player_roles: You are Player BLUE, start by responding to a trade.

------------------ 
Current Iteration: 1
Turn: 0
message: नमस्ते Player BLUE, मेरे पास X की अधिकता है और मुझे Y की ज़रूरत है। क्या हम X के बदले Y का व्यापार कर सकते हैं?
player answer: NONE
newly proposed trade: Player RED Gives X: 10 | Player BLUE Gives Y: 10
my resources: X: 25, Y: 5
my name: Player RED
my goals: X: 15, Y: 15
reason: मेरे पास X की अधिकता है, लेकिन Y की कमी है। मेरा लक्ष्य 15 Y इकाइयाँ प्राप्त करना है। मैं Y प्राप्त करने के लिए X का व्यापार करना चाहता हूँ।

Current Iteration: 2
Turn: 1
message: नमस्ते Player RED, आपका प्रस्ताव दिलचस्प है। मैं आपके प्रस्ताव पर विचार कर रहा हूँ। क्या आप X के बदले में Y के अलावा और कुछ देने को तैयार हैं?
player answer: NONE
newly proposed trade: Player RED Gives X: 12, Y: 5 | Player BLUE Gives Y: 15
my resources: X: 5, Y: 25
my name: Player BLUE
my goals: X: 15, Y: 15
reason: The other player, Player RED, has proposed a trade where they give 10 units of X in exchange for 10 units of Y. Given my current resources and goals, I have a surplus of Y and a deficit of X. This trade seems reasonable as it helps me get closer to my goal of having 15 units of X, but I need to consider if the ratio of exchange is favorable. Since more resources are generally better and this is the last round of trading, I should aim to maximize my gain while still being mindful of the potential benefits of the trade.

Current Iteration: 3
Turn: 0
message: Player BLUE, मैं Y की 5 इकाइयाँ नहीं दे सकता क्योंकि मेरे पास पहले से ही Y की कमी है। क्या हम Y की 15 इकाइयों के बदले X की अधिक इकाइयाँ देने पर विचार कर सकते हैं?
player answer: NONE
newly proposed trade: Player RED Gives X: 15 | Player BLUE Gives Y: 15
my resources: X: 25, Y: 5
my name: Player RED
my goals: X: 15, Y: 15
reason: Player BLUE ने Y की 15 इकाइयों के बदले X और Y दोनों मांगे हैं। मैं Y की और अधिक इकाइयाँ चाहता हूँ, लेकिन मुझे Y की 5 इकाइयों को छोड़ना मुश्किल होगा, क्योंकि यह मेरी सभी Y है। मैं अपने Y को पूरी तरह से खोने का जोखिम नहीं ले सकता।

Current Iteration: 4
Turn: 1
message: नमस्ते Player RED, आपका संशोधित प्रस्ताव मुझे स्वीकार्य है। मैं इस व्यापार को स्वीकार करता हूँ।
player answer: ACCEPT
newly proposed trade: NONE
my resources: X: 5, Y: 25
my name: Player BLUE
my goals: X: 15, Y: 15
reason: Player RED has revised their proposal, offering 15 units of X in exchange for 15 units of Y. This trade would exactly meet my goal for X and leave me with 10 units of Y, which is below my goal but still a significant amount. Considering this is the last round and I have the opportunity to meet my X goal exactly, it's a compelling offer. However, I must remember that I can only propose a trade twice, and I've already used one proposal. My next response should either accept this trade or propose a final adjustment, after which I can only accept or decline. Given the circumstances, accepting this trade seems like the most strategic move since it guarantees meeting one of my goals perfectly and leaves me with a decent amount of the other resource.

------------------ 
Current Iteration: END
Turn: None
player_goals: [ResourceGoal(resource_dict={'X': 15, 'Y': 15}), ResourceGoal(resource_dict={'X': 15, 'Y': 15})]
initial_resources: [Resources(resource_dict={'X': 25, 'Y': 5}), Resources(resource_dict={'X': 5, 'Y': 25})]
proposed_trade: Player RED Gives X: 15 | Player BLUE Gives Y: 15
final_response: ACCEPT
final_resources: [Resources(resource_dict={'X': 10, 'Y': 20}), Resources(resource_dict={'X': 20, 'Y': 10})]
player_outcome: [False, False]