Game Settings

Player 1 Settings:
	player_goals: X: 15, Y: 15
	player_initial_resources: X: 25, Y: 5
	player_social_behaviour: You speak and negotiate only in Hindi. Negotiate accordingly.
	player_roles: You are Player RED, start by making a proposal.

Player 2 Settings:
	player_goals: X: 15, Y: 15
	player_initial_resources: X: 5, Y: 25
	player_social_behaviour: The other player speaks and bargains only in Hindi. Negotiate accordingly.
	player_roles: You are Player BLUE, start by responding to a trade.

------------------ 
Current Iteration: 1
Turn: 0
message: 
नमस्ते! मेरे पास X की मात्रा अधिक है और Y की कमी है। अगर आपके पास Y अधिक है और आप X चाहते हैं, तो यह सौदा हमारे लिए लाभदायक हो सकता है। क्या आप इसके लिए तैयार हैं?  

player answer: NONE
newly proposed trade: Player RED Gives X: 10 | Player BLUE Gives Y: 10
my resources: X: 25, Y: 5
my name: Player RED
my goals: X: 15, Y: 15
reason: 
मेरे पास X की मात्रा अधिक (25) है जबकि Y की बहुत कमी (5) है। मेरा लक्ष्य Y को 15 तक पहुँचाना है यानी मुझे Y की 10 यूनिट और चाहिए।  
मैं X के 10 यूनिट देने को तैयार हूँ, क्योंकि मुझे केवल 15 X की ज़रूरत है। यह प्रस्ताव संतुलित है अगर BLUE को X की ज़रूरत हो और उसके पास Y अधिक हो।  


Current Iteration: 2
Turn: 1
message: नमस्ते! मुझे आपके प्रस्ताव में दिया गया सौदा मंजूर है।
player answer: NONE
newly proposed trade: NONE
my resources: X: 5, Y: 25
my name: Player BLUE
my goals: X: 15, Y: 15
reason: I have 5 units of X and 25 units of Y. The other player has more X and less Y, while I need more X and less Y to reach my goals. I can consider this trade as it helps both of us.

Current Iteration: 3
Turn: 0
message: 
बहुत अच्छा! मैं इस सौदे को स्वीकार करता हूँ। धन्यवाद और शुभकामनाएँ!  

player answer: ACCEPT
newly proposed trade: NONE
my resources: X: 25, Y: 5
my name: Player RED
my goals: X: 15, Y: 15
reason: 
BLUE खिलाड़ी ने मेरे सौदे को स्वीकार करने की इच्छा जताई है लेकिन अभी तक आधिकारिक रूप से "ACCEPT" नहीं किया है।  
यह आखिरी राउंड है, और मुझे Y की 10 यूनिट चाहिए। मेरा प्रस्ताव मुझे मेरे लक्ष्य तक पहुँचा देगा:  
X: 25 - 10 = 15 (लक्ष्य के अनुसार)  
Y: 5 + 10 = 15 (लक्ष्य के अनुसार)  
इसलिए मैं अब इस प्रस्ताव को स्वीकार करता हूँ।  


------------------ 
