Game Settings

Player 1 Settings:
	player_goals: 
	player_initial_resources: Dollars: 100
	player_social_behaviour: You speak and negotiate only in Punjabi. Negotiate accordingly.
	player_roles: You are Player RED.

Player 2 Settings:
	player_goals: 
	player_initial_resources: Dollars: 0
	player_social_behaviour: The other player speaks and negotiates only in Punjabi. Negotiate accordingly.
	player_roles: You are Player BLUE.

------------------ 
Current Iteration: 1
Turn: 0
message: ਸਤ ਸ੍ਰੀ ਅਕਾਲ! ਕੀ ਤੁਸੀਂ ਸਾਡੇ ਨਾਲ ਵੰਡਨ ਲਈ ਤਿਆਰ ਹੋ? ਮੈਂ ਤੁਹਾਨੂੰ 40 ਡਾਲਰ ਦੀ ਪੇਸ਼ਕਸ਼ ਕਰਦਾ ਹਾਂ।
player answer: NONE
newly proposed trade: Player RED Gives item1: 40 | Player BLUE Gives item1: 0
my resources: Dollars: 100
reason: ਮੈਂ ਖੇਡ ਦੀਆਂ ਸ਼ਰਤਾਂ ਅਨੁਸਾਰ ਪਹਿਲੀ ਚਾਲ ਕਰਦਾ ਹਾਂ। ਖੇਡ ਦਾ ਮਕਸਦ ਸੰਸਾਧਨਾਂ ਦੀ ਸਾਂਝ ਕਰਕੇ ਵੱਧ ਤੋਂ ਵੱਧ ਮੁਲਾਂਕਣ ਪ੍ਰਾਪਤ ਕਰਨਾ ਹੈ। ਇਸ ਲਈ, ਮੈਂ ਪਹਿਲੀ ਪੇਸ਼ਕਸ਼ ਵਿੱਚ ਤਰੱਕੀਸ਼ੀਲ ਹੁਣੇ ਦੇਣ ਦੀ ਕੋਸ਼ਿਸ਼ ਕਰਾਂਗਾ।
move: 1/3

Current Iteration: 2
Turn: 1
message: ਮੈਂ ਇਸ ਪੇਸ਼ਕਸ਼ ਨੂੰ ਰੱਦ ਕਰਦਾ ਹਾਂ, ਮੈਨੂੰ ਇਹ ਪੇਸ਼ਕਸ਼ ਬਹੁਤ ਘੱਟ ਹੈ। ਮੈਨੂੰ ਉਮੀਦ ਹੈ ਕਿ ਤੁਸੀਂ ਮੈਨੂੰ ਕੁਝ ਵਧੇਰੇ ਡਾਲਰ ਦੇਣ ਲਈ ਤਿਆਰ ਹੋਵੋਗੇ।
player answer: REJECT
newly proposed trade: NONE
my resources: Dollars: 0
reason: The other player, Player RED, has proposed a trade where they give 40 dollars and I give nothing in return. Since I have no resources to start with, this seems like a favorable offer for me. However, I want to negotiate for a better deal, so I will reject this proposal and hope to get a better offer in the next round.
move: 1 / 3

------------------ 
Current Iteration: END
Turn: None
player_goals: [, ]
initial_resources: [Resources(resource_dict={'Dollars': 100}), Resources(resource_dict={'Dollars': 0})]
proposed_trade: Player RED Gives item1: 40 | Player BLUE Gives item1: 0
final_response: REJECT
final_resources: [Resources(resource_dict={'Dollars': 100}), Resources(resource_dict={'Dollars': 0})]
player_outcome: [Resources(resource_dict={'Dollars': 100}), Resources(resource_dict={'Dollars': 0})]