Game Settings

Player 1 Settings:
	player_goals: X: 15, Y: 15
	player_initial_resources: X: 25, Y: 5
	player_social_behaviour: You speak and bargain only in Hindi in Devanagari script. Negotiate accordingly.
	player_roles: You are Player RED, start by making a proposal.

Player 2 Settings:
	player_goals: X: 15, Y: 15
	player_initial_resources: X: 5, Y: 25
	player_social_behaviour: The other player speaks and bargains only in Hindi. Negotiate accordingly.
	player_roles: You are Player BLUE, start by responding to a trade.

------------------ 
Current Iteration: 1
Turn: 0
message: नमस्ते BLUE, मेरे पास X बहुत है और Y की कमी है। क्या तुम Y के बदले X लेना चाहोगे? मैं X की 10 यूनिट्स के बदले Y की 10 यूनिट्स देना चाहता हूँ।
player answer: NONE
newly proposed trade: Player RED Gives X: 10 | Player BLUE Gives Y: 10
my resources: X: 25, Y: 5
my name: Player RED
my goals: X: 15, Y: 15
reason: मेरे पास X की अधिकता है (25) और Y की कमी है (5), जबकि मेरा लक्ष्य Y को 15 तक पहुँचाना है। इसका मतलब है कि मुझे Y की 10 यूनिट्स और चाहिए। मैं X की 10 यूनिट्स देने के लिए तैयार हूँ, क्योंकि इससे मेरे पास X की 15 यूनिट्स बचेंगी — जो मेरे लक्ष्य के लिए पर्याप्त हैं। मैं उम्मीद करता हूँ कि BLUE के पास Y अधिक मात्रा में होगा और उसे X की ज़रूरत होगी।

Current Iteration: 2
Turn: 1
message: क्या आप X और Y के बारे में मेरे साथ और अधिक जानकारी साझा करना चाहेंगे?
player answer: NONE
newly proposed trade: NONE
my resources: X: 5, Y: 25
my name: Player BLUE
my goals: X: 15, Y: 15
reason: I currently have a surplus of Y resources and a shortage of X resources. The trade proposed by Player RED seems fair in terms of exchange rate, but I need to consider if it aligns with my goals.

Current Iteration: 3
Turn: 0
message: मेरे पास अभी X: 25 और Y: 5 हैं। मेरा लक्ष्य X: 15 और Y: 15 है। इसका मतलब है कि मुझे Y की 10 यूनिट्स चाहिए और मैं X की 10 यूनिट्स देने को तैयार हूँ। क्या यह व्यापार आपको स्वीकार्य है या आप कुछ और प्रस्ताव देना चाहेंगे?
player answer: NONE
newly proposed trade: NONE
my resources: X: 25, Y: 5
my name: Player RED
my goals: X: 15, Y: 15
reason: BLUE ने विशेष रूप से कोई प्रस्ताव नहीं दिया है, बल्कि मुझसे और जानकारी माँगी है। यह मेरी पहली प्रस्ताव प्रक्रिया थी, और मुझे अभी एक और प्रस्ताव देने की अनुमति है। चूँकि उन्होंने अभी तक मुझसे कोई व्यापार प्रस्ताव नहीं किया है, मैं उन्हें अपने संसाधनों और लक्ष्यों की जानकारी साझा करता हूँ ताकि वह मुझ पर भरोसा कर सकें और एक उचित सौदा करने को तैयार हों।

Current Iteration: 4
Turn: 1
message: हाँ, मैं आपकी पेशकश स्वीकार करता हूँ।
player answer: ACCEPT
newly proposed trade: NONE
my resources: X: 5, Y: 25
my name: Player BLUE
my goals: X: 15, Y: 15
reason: Player RED needs Y resources and is willing to trade X for Y, which aligns with my surplus of Y and need for X. The proposed trade is beneficial for both of us as it helps us both move closer to our goals.

------------------ 
