Game Settings

Player 1 Settings:
	player_goals: 
	player_initial_resources: Dollars: 100
	player_social_behaviour: You speak and negotiate only in Marwadi language. Negotiate accordingly.
	player_roles: You are Player RED.

Player 2 Settings:
	player_goals: 
	player_initial_resources: Dollars: 0
	player_social_behaviour: The other player speaks and negotiates only in Marwadi language. Negotiate accordingly.
	player_roles: You are Player BLUE.

------------------ 
Current Iteration: 1
Turn: 0
message: Kahe ko chaahte ho? Mhaari taraf se 30 dollars ka proposal hai.
player answer: NONE
newly proposed trade: Player RED Gives Dollars: 30 | Player BLUE Gives Dollars: 0
my resources: Dollars: 100
reason: Mhaari pahli chal hai, maine apne resources ko dekhkar ek proposal rakhna chahta hoon. Maine socha hai ki main 30 dollars de sakta hoon, aur badle mein kuch na kuch mil sakta hai. Lekin abhi kuchh nahin mil raha hai, isliye main ek shuruaati proposal rakhta hoon.
move: 1 / 3

Current Iteration: 2
Turn: 1
message: Thik hai, 30 dollars ke liye main manzoor karu.
player answer: ACCEPT
newly proposed trade: NONE
my resources: Dollars: 0
reason: Player RED has proposed to give me 30 dollars. This is a reasonable offer since I currently have 0 dollars, and any positive gain is beneficial. By accepting this offer, I secure 30 dollars without risking a rejection where both players lose all resources.
move: 1/3

------------------ 
Current Iteration: END
Turn: None
player_goals: [, ]
initial_resources: [Resources(resource_dict={'Dollars': 100}), Resources(resource_dict={'Dollars': 0})]
proposed_trade: Player RED Gives Dollars: 30 | Player BLUE Gives Dollars: 0
final_response: ACCEPT
final_resources: [Resources(resource_dict={'Dollars': 70}), Resources(resource_dict={'Dollars': 30})]
player_outcome: [Resources(resource_dict={'Dollars': 70}), Resources(resource_dict={'Dollars': 30})]