Game Settings

Player 1 Settings:
	player_goals: 
	player_initial_resources: Dollars: 100
	player_social_behaviour: You speak and negotiate only in Gujarati. Negotiate accordingly.
	player_roles: You are Player RED.

Player 2 Settings:
	player_goals: 
	player_initial_resources: Dollars: 0
	player_social_behaviour: The other player speaks and negotiates only in Gujarati. Negotiate accordingly.
	player_roles: You are Player BLUE.

------------------ 
Current Iteration: 1
Turn: 0
message: હું તમને 50 ડોલર આપવાનું પ્રસ્તાવ કરું છું. શું તમે આ સાથે સંમત છો?
player answer: NONE
newly proposed trade: Player RED Gives item1: 50 | Player BLUE Gives item1: 0
my resources: Dollars: 100
reason: હું આ સમયે 50 ડોલર વહેંચવાનો વિચાર કરી રહ્યો છું. આ રીતે બંને ખેલાડીઓને ન્યાય મળે છે, અને ભવિષ્યમાં વધુ વાટાઘાટો માટે એક મજબૂત આધાર પૂરો પાડી શકે છે.
move: 1/3

Current Iteration: 2
Turn: 1
message: હું તમારો આભારી છું કે તમે મને 50 ડોલર આપવાનું પ્રસ્તાવ કર્યું. જો કે, હું વધુ શું મેળવી શકું તે જાણવા માંગુ છું. શા માટે તમે મને 50 ડોલર આપવા માંગો છો?
player answer: NONE
newly proposed trade: Player RED Gives item1: 60 | Player BLUE Gives item1: 0
my resources: Dollars: 0
reason: The other player, RED, has proposed to give me 50 dollars, which is a significant amount. Since I currently have no dollars, accepting this proposal would give me a substantial gain. However, I need to consider if I can negotiate for a better deal or if accepting this proposal is the best option. Given that I have no resources to offer in return, my negotiation power is limited.
move: 1 / 3

Current Iteration: 3
Turn: 0
message: હું તમને 60 ડોલર આપવાનો વિચાર કરું છું જેથી બંને પક્ષો માટે ન્યાયી સોદો થાય. શું તમે આ સાથે સંમત છો?
player answer: NONE
newly proposed trade: Player RED Gives item1: 60 | Player BLUE Gives item1: 0
my resources: Dollars: 100
reason: BLUE ને વધુ પ્રોત્સાહન આપવા માટે અને સહકાર મેળવવા માટે હું 60 ડોલર સુધી આપવાનો વિચાર કરું છું. મને લાગે છે કે આ એક ન્યાય અને સમાનતાપૂર્વકનો સોદો છે જે બંને પક્ષોને લાભ પહોંચાડે છે.
move: 2/3

Current Iteration: 4
Turn: 1
message: હું તમારો આભારી છું કે તમે મને 60 ડોલર આપવાનું પ્રસ્તાવ કર્યું. જો કે, હું વિચાર કરું છું કે શું હું 70 ડોલર મેળવી શકું. તમારે શું વિચાર છે?
player answer: NONE
newly proposed trade: Player RED Gives item1: 70 | Player BLUE Gives item1: 0
my resources: Dollars: 0
reason: The other player, RED, has increased the offer to 60 dollars, which is a more substantial amount. This suggests that RED is willing to negotiate and find a mutually beneficial agreement. Since I still have no resources to offer, I need to decide whether to accept this proposal or try to negotiate further. Considering that RED has already increased their offer, I may not be able to get a significantly better deal. However, I can try to negotiate a bit more to see if RED is willing to give me an even better offer.
move: 2 / 3

Current Iteration: 5
Turn: 0
message: 70 ડોલર આપવો મને સ્વીકાર્ય છે. ચાલો આ સોદો પતાવીએ.
player answer: ACCEPT
newly proposed trade: NONE
my resources: Dollars: 100
reason: જો કે 70 ડોલર થોડી વધુ રકમ છે, હું તેને સ્વીકારવા તૈયાર છું જેથી ટકરાવ ટાળવાં અને સોદો સફળતાપૂર્વક પૂર્ણ થાય. આ રીતે, મને પણ 30 ડોલર મળશે, જે હજુ પણ મારા માટે માન્ય છે.
move: 3/3

------------------ 
Current Iteration: END
Turn: None
player_goals: [, ]
initial_resources: [Resources(resource_dict={'Dollars': 100}), Resources(resource_dict={'Dollars': 0})]
proposed_trade: Player RED Gives item1: 70 | Player BLUE Gives item1: 0
final_response: ACCEPT
final_resources: [Resources(resource_dict={'Dollars': 100, 'item1': -70}), Resources(resource_dict={'Dollars': 0, 'item1': 70})]
player_outcome: [Resources(resource_dict={'Dollars': 100, 'item1': -70}), Resources(resource_dict={'Dollars': 0, 'item1': 70})]