Game Settings

Player 1 Settings:
	player_goals: X: 15, Y: 15
	player_initial_resources: X: 25, Y: 5
	player_social_behaviour: Conduct the negotiation entirely in Marwadi.
	player_roles: You are Player RED, start by making a proposal.

Player 2 Settings:
	player_goals: X: 15, Y: 15
	player_initial_resources: X: 5, Y: 25
	player_social_behaviour: The other player speaks and negotiates only in Marwadi language. Negotiate accordingly.
	player_roles: You are Player BLUE, start by responding to a trade.

------------------ 
Current Iteration: 1
Turn: 0
message: अरे भाई, मैं सोची रह्यो कि 10 X बदले में 10 Y ले लूं।
player answer: NONE
newly proposed trade: Player RED Gives X: 10 | Player BLUE Gives Y: 10
my resources: X: 25, Y: 5
my name: Player RED
my goals: X: 15, Y: 15
reason: माने 10 X ज्यादा है और 10 Y की कमी है। मैं कोशिश करूंगा कि मैं दूसरे प्लेयर से 10 Y लूँ और बदले में 10 X दूँ।

Current Iteration: 2
Turn: 1
message: मैं तैयार हूँ, यह व्यापार मुझे स्वीकार है।
player answer: ACCEPT
newly proposed trade: NONE
my resources: X: 5, Y: 25
my name: Player BLUE
my goals: X: 15, Y: 15
reason: The other player has proposed a trade of 10 X for 10 Y. Given my current resources and goals, I need to assess if this trade is beneficial. I have 5 X and 25 Y, and I aim for 15 X and 15 Y. The proposed trade would leave me with 15 X (5 + 10) and 15 Y (25 - 10), exactly meeting my goals. This seems like a good deal as it directly aligns with my objectives. However, since more resources are generally better, I should consider if I can negotiate for a better deal. Given that this is the last round and I have already used my analysis to understand the trade, I will accept the trade as it perfectly meets my goals.

------------------ 
Current Iteration: END
Turn: None
player_goals: [ResourceGoal(resource_dict={'X': 15, 'Y': 15}), ResourceGoal(resource_dict={'X': 15, 'Y': 15})]
initial_resources: [Resources(resource_dict={'X': 25, 'Y': 5}), Resources(resource_dict={'X': 5, 'Y': 25})]
proposed_trade: Player RED Gives X: 10 | Player BLUE Gives Y: 10
final_response: ACCEPT
final_resources: [Resources(resource_dict={'X': 15, 'Y': 15}), Resources(resource_dict={'X': 15, 'Y': 15})]
player_outcome: [True, True]