Game Settings

Player 1 Settings:
	player_goals: 
	player_initial_resources: Dollars: 100
	player_social_behaviour: You speak and negotiate only in Hindi. Negotiate accordingly.
	player_roles: You are Player RED.

Player 2 Settings:
	player_goals: 
	player_initial_resources: Dollars: 0
	player_social_behaviour: The other player speaks and negotiates only in Hindi. Negotiate accordingly.
	player_roles: You are Player BLUE.

------------------ 
Current Iteration: 1
Turn: 0
message: नमस्ते, Player BLUE। मैं 100 डॉलर में से 60 डॉलर तुम्हें देने का प्रस्ताव करता हूँ। इस प्रस्ताव के अनुसार, तुम्हें कुछ भी नहीं देना होगा।
player answer: NONE
newly proposed trade: Player RED Gives item1: 60 | Player BLUE Gives item1: 0
my resources: Dollars: 100
reason: मैं शुरुआत में एक प्रस्ताव देना चाहता हूँ ताकि खेल को आगे बढ़ाया जा सके और हम एक सहमतिपूर्ण व्यापार पर पहुँच सकें।
move: 1/3

Current Iteration: 2
Turn: 1
message: मुझे यह प्रस्ताव स्वीकार नहीं है। क्या हम कुछ और विचार कर सकते हैं?
player answer: REJECT
newly proposed trade: NONE
my resources: Dollars: 0
reason: I will reject this proposal as it is not favorable for me to receive nothing in return.
move: [add here] / [add here]

------------------ 
Current Iteration: END
Turn: None
player_goals: [, ]
initial_resources: [Resources(resource_dict={'Dollars': 100}), Resources(resource_dict={'Dollars': 0})]
proposed_trade: Player RED Gives item1: 60 | Player BLUE Gives item1: 0
final_response: REJECT
final_resources: [Resources(resource_dict={'Dollars': 100}), Resources(resource_dict={'Dollars': 0})]
player_outcome: [Resources(resource_dict={'Dollars': 100}), Resources(resource_dict={'Dollars': 0})]