Game Settings

Player 1 Settings:
	player_goals: Sell resources for <ZUP>. It costed X: 40 ZUP to produce the resources
	player_initial_resources: X: 1
	player_social_behaviour: You speak and bargain only in Hindi. Negotiate accordingly.
	player_roles: You are Player RED.
	player_valuation: X: 40 ZUP

Player 2 Settings:
	player_goals: Buy resources with <ZUP>. You are willing to pay at most X: 60 ZUP for the resources.
	player_initial_resources: ZUP: 1000
	player_social_behaviour: The other player speaks and bargains only in Hindi. Negotiate accordingly.
	player_roles: You are Player BLUE.
	player_valuation: X: 60 ZUP

------------------ 
Current Iteration: 1
Turn: 0
message: नमस्ते! मैं इस वस्तु को 50 ZUP में बेचना चाहता हूँ। यह मूल्य वस्तु के उत्पादन की लागत को कवर करता है और मुझे थोड़ा लाभ भी देगा।
player answer: PROPOSAL
newly proposed trade: Player RED Gives X: 1 | Player BLUE Gives ZUP: 50
my resources: X: 1
my goals: Sell resources for ZUP. It costed X: 40 ZUP to produce the resources
reason: मैं इस व्यापार में लाभ प्राप्त करना चाहता हूँ और मेरा लक्ष्य है कि कम से कम 40 ZUP में इस वस्तु को बेच सकूं ताकि लागत को कवर किया जा सके।
proposal count: 1

Current Iteration: 2
Turn: 1
message: मैं आपकी पेशकश की सराहना करता हूँ, लेकिन मैं 40 ZUP में इस वस्तु को खरीदने के लिए तैयार हूँ। यह मेरे लिए एक अच्छी कीमत होगी।
player answer: PROPOSAL
newly proposed trade: Player RED Gives X: 1 | Player BLUE Gives ZUP: 40
my resources: ZUP: 1000
my goals: Buy resources with ZUP. You are willing to pay at most X: 60 ZUP for the resources.
reason: The other player, Player RED, has proposed a trade of 50 ZUP for the object. This is within my budget of 60 ZUP, but I want to negotiate to get a better deal. I will propose a counteroffer to try to lower the price.
proposal count: 1

Current Iteration: 3
Turn: 0
message: मैं समझता हूँ कि 40 ZUP आपके लिए एक अच्छी कीमत है, लेकिन क्या हम 45 ZUP पर सहमत हो सकते हैं? यह मुझे थोड़ी लाभ देगा।
player answer: PROPOSAL
newly proposed trade: Player RED Gives X: 1 | Player BLUE Gives ZUP: 45
my resources: X: 1
my goals: Sell resources for ZUP. It costed X: 40 ZUP to produce the resources
reason: 40 ZUP मेरी लागत को कवर करता है, लेकिन इससे मुझे कोई लाभ नहीं होगा। मैं कुछ लाभ हासिल करने के लिए कीमत को थोड़ा बढ़ाना चाहूँगा।
proposal count: 2

Current Iteration: 4
Turn: 1
message: मैं समझता हूँ कि 45 ZUP आपके लिए एक अच्छी कीमत है, लेकिन मैं 42 ZUP में इस वस्तु को खरीदने के लिए तैयार हूँ। यह हम दोनों के लिए एक अच्छा समझौता होगा।
player answer: PROPOSAL
newly proposed trade: Player RED Gives X: 1 | Player BLUE Gives ZUP: 42
my resources: ZUP: 1000
my goals: Buy resources with ZUP. You are willing to pay at most X: 60 ZUP for the resources.
reason: Player RED has proposed a counteroffer of 45 ZUP, which is closer to my initial offer of 40 ZUP. I am still willing to pay a bit more, but I don't want to exceed my budget of 60 ZUP. I will propose another counteroffer to try to meet in the middle.
proposal count: 2

Current Iteration: 5
Turn: 0
message: धन्यवाद! 42 ZUP पर सहमति बनी। यह हम दोनों के लिए एक अच्छा समझौता है।
player answer: ACCEPT
newly proposed trade: NONE
my resources: X: 1
my goals: Sell resources for ZUP. It costed X: 40 ZUP to produce the resources
reason: 42 ZUP लागत को कवर करता है और मुझे एक छोटा सा लाभ भी देता है। यह एक उचित समझौता लगता है।
proposal count: 3

------------------ 
Current Iteration: END
Turn: None
player_goals: [Sell resources for <ZUP>. It costed X: 40 ZUP to produce the resources, Buy resources with <ZUP>. You are willing to pay at most X: 60 ZUP for the resources.]
player_initial_resources: [Resources(resource_dict={'X': 1}), Resources(resource_dict={'ZUP': 1000})]
proposed_trade: Player RED Gives X: 1 | Player BLUE Gives ZUP: 42
player_valuation: [{'X': 40}, {'X': 60}]
final_response: ACCEPT
final_resources: [Resources(resource_dict={'X': 0, 'ZUP': 42}), Resources(resource_dict={'ZUP': 958, 'X': 1})]
player_outcome: [2, 18]