Game Settings

Player 1 Settings:
	player_goals: X: 15, Y: 15
	player_initial_resources: X: 25, Y: 5
	player_social_behaviour: 
	player_roles: You are Player RED, start by making a proposal.

Player 2 Settings:
	player_goals: X: 15, Y: 15
	player_initial_resources: X: 5, Y: 25
	player_social_behaviour: 
	player_roles: You are Player BLUE, start by responding to a trade.

------------------ 
Current Iteration: 1
Turn: 0
message: I’m looking to trade some of my X for Y to balance my resources. Offering 10 X for 10 Y. Let me know if that works for you or if you’d like to make a counteroffer.
player answer: NONE
newly proposed trade: Player RED Gives X: 10 | Player BLUE Gives Y: 10
my resources: X: 25, Y: 5
my name: Player RED
my goals: X: 15, Y: 15
reason: 
I currently have an excess of X (10 more than my goal of 15) and a deficit of Y (10 less than my goal of 15).  
To achieve my goal, I need to trade 10 X for 10 Y.  
Since I don't know the other player's resources or goals, I will propose a balanced trade offering 10 X in exchange for 10 Y.  
This is a fair trade if the other player needs X and has extra Y.  
Also, since this is my first of two allowed proposals, I want to start with a direct and fair offer.  


Current Iteration: 2
Turn: 1
message: I accept your offer. This trade will help me get closer to my resource goals.
player answer: ACCEPT
newly proposed trade: NONE
my resources: X: 5, Y: 25
my name: Player BLUE
my goals: X: 15, Y: 15
reason: Player RED is offering 10 X for 10 Y to balance their resources. Accepting this trade would help me get closer to my goal of having 15 X and 15 Y.

------------------ 
Current Iteration: END
Turn: None
player_goals: [ResourceGoal(resource_dict={'X': 15, 'Y': 15}), ResourceGoal(resource_dict={'X': 15, 'Y': 15})]
initial_resources: [Resources(resource_dict={'X': 25, 'Y': 5}), Resources(resource_dict={'X': 5, 'Y': 25})]
proposed_trade: Player RED Gives X: 10 | Player BLUE Gives Y: 10
final_response: ACCEPT
final_resources: [Resources(resource_dict={'X': 15, 'Y': 15}), Resources(resource_dict={'X': 15, 'Y': 15})]
player_outcome: [True, True]