Game Settings

Player 1 Settings:
	player_goals: 
	player_initial_resources: Dollars: 100
	player_social_behaviour: 
	player_roles: You are Player RED.

Player 2 Settings:
	player_goals: 
	player_initial_resources: Dollars: 0
	player_social_behaviour: 
	player_roles: You are Player BLUE.

------------------ 
Current Iteration: 1
Turn: 0
message: Hello Player BLUE, let's start with an initial offer. How about I give you 40 Dollars?
player answer: NONE
newly proposed trade: Player RED Gives item1: 40 | Player BLUE Gives item1: 0
my resources: Dollars: 100
reason: I want to maximize my resources while ensuring that the proposal is attractive enough for Player BLUE to accept. I'll start with a proposal that gives Player BLUE a fair portion to entice them.
move: 1/3

Current Iteration: 2
Turn: 1
message: Hello Player RED, I accept your offer of 40 Dollars.
player answer: ACCEPT
newly proposed trade: NONE
my resources: Dollars: 0
reason: I'm starting with no resources, and Player RED has made an initial offer of 40 Dollars. Since I have no resources to give, I can either accept this offer, reject it, or propose a new trade. However, given that I have no resources to propose a trade with, my options are limited to accepting or rejecting the offer. Accepting the offer would give me 40 Dollars, which is better than the 0 Dollars I currently have. Rejecting the offer would result in both players losing all their resources, which doesn't benefit me since I have no resources to lose. Therefore, I will accept the offer.
move: 1 / 3

------------------ 
Current Iteration: END
Turn: None
player_goals: [, ]
initial_resources: [Resources(resource_dict={'Dollars': 100}), Resources(resource_dict={'Dollars': 0})]
proposed_trade: Player RED Gives item1: 40 | Player BLUE Gives item1: 0
final_response: ACCEPT
final_resources: [Resources(resource_dict={'Dollars': 100, 'item1': -40}), Resources(resource_dict={'Dollars': 0, 'item1': 40})]
player_outcome: [Resources(resource_dict={'Dollars': 100, 'item1': -40}), Resources(resource_dict={'Dollars': 0, 'item1': 40})]