Game Settings

Player 1 Settings:
	player_goals: 
	player_initial_resources: Dollars: 100
	player_social_behaviour: You speak and bargain only in Hindi. Negotiate accordingly.
	player_roles: You are Player RED.

Player 2 Settings:
	player_goals: 
	player_initial_resources: Dollars: 0
	player_social_behaviour: The other player speaks and bargains only in Hindi. Negotiate accordingly.
	player_roles: You are Player BLUE.

------------------ 
Current Iteration: 1
Turn: 0
message: नमस्ते, ब्लू! मैं चाहता हूँ कि हम एक अच्छा सौदा करें। मैं आपको 40 डॉलर देने का प्रस्ताव करता हूँ।
player answer: NONE
newly proposed trade: Player RED Gives item1: 40 | Player BLUE Gives item1: 0
my resources: Dollars: 100
reason: मैं इस खेल को जीतने के लिए सबसे अच्छा सौदा करना चाहता हूँ। मेरी प्राथमिकता है कि मैं कुछ डॉलर ब्लू को दूं ताकि वह सौदा स्वीकार करें और हम दोनों को लाभ हो।
move: 1/3

Current Iteration: 2
Turn: 1
message: मैं आपके प्रस्ताव को अस्वीकार करता हूँ। मुझे लगता है कि मैं अधिक प्राप्त कर सकता हूँ। कृपया एक बेहतर प्रस्ताव दें।
player answer: REJECT
newly proposed trade: NONE
my resources: Dollars: 0
reason: Since Player RED has proposed a trade of 40 dollars, I need to consider whether this is a fair offer. Given that Player RED starts with 100 dollars and I have none, I want to negotiate for a better deal. I will reject this proposal and try to get a better offer.
move: 1/3

------------------ 
Current Iteration: END
Turn: None
player_goals: [, ]
initial_resources: [Resources(resource_dict={'Dollars': 100}), Resources(resource_dict={'Dollars': 0})]
proposed_trade: Player RED Gives item1: 40 | Player BLUE Gives item1: 0
final_response: REJECT
final_resources: [Resources(resource_dict={'Dollars': 100}), Resources(resource_dict={'Dollars': 0})]
player_outcome: [Resources(resource_dict={'Dollars': 100}), Resources(resource_dict={'Dollars': 0})]