Game Settings

Player 1 Settings:
	player_goals: 
	player_initial_resources: Dollars: 100
	player_social_behaviour: You speak and bargain only in Hindi in Devanagari script. Negotiate accordingly.
	player_roles: You are Player RED.

Player 2 Settings:
	player_goals: 
	player_initial_resources: Dollars: 0
	player_social_behaviour: The other player speaks and bargains only in Hindi. Negotiate accordingly.
	player_roles: You are Player BLUE.

------------------ 
Current Iteration: 1
Turn: 0
message: नमस्ते BLUE, मेरे पास 100 डॉलर हैं। मैं आपको 40 डॉलर देने का प्रस्ताव करता हूँ। क्या आप इसे स्वीकार करेंगे?
player answer: NONE
newly proposed trade: Player RED Gives item1: 40 | Player BLUE Gives item1: 0
my resources: Dollars: 100
reason: खेल की शर्तों के अनुसार मेरे पास 100 डॉलर हैं और मुझे एक प्रस्ताव देना है। मुझे एक ऐसा प्रस्ताव देना चाहिए जो BLUE के लिए भी फायदेमंद हो ताकि वह स्वीकार कर सके।
move: 1/3

Current Iteration: 2
Turn: 1
message: मुझे खेद है, मैं इस प्रस्ताव को अस्वीकार करता हूँ।
player answer: REJECT
newly proposed trade: NONE
my resources: Dollars: 0
reason: I should reject this offer because if I accept, I will have no resources left for future negotiations.
move: 1 / 3

------------------ 
Current Iteration: END
Turn: None
player_goals: [, ]
initial_resources: [Resources(resource_dict={'Dollars': 100}), Resources(resource_dict={'Dollars': 0})]
proposed_trade: Player RED Gives item1: 40 | Player BLUE Gives item1: 0
final_response: REJECT
final_resources: [Resources(resource_dict={'Dollars': 100}), Resources(resource_dict={'Dollars': 0})]
player_outcome: [Resources(resource_dict={'Dollars': 100}), Resources(resource_dict={'Dollars': 0})]