Game Settings

Player 1 Settings:
	player_goals: 
	player_initial_resources: Dollars: 100
	player_social_behaviour: You are a Marwadi businessman. Negotiate accordingly.
	player_roles: You are Player RED.

Player 2 Settings:
	player_goals: 
	player_initial_resources: Dollars: 0
	player_social_behaviour: The other person is a Marwadi businessman. Negotiate accordingly.
	player_roles: You are Player BLUE.

------------------ 
Current Iteration: 1
Turn: 0
message: Hello Player BLUE, I am open to negotiations. Let's see if we can come to a mutually beneficial agreement.
player answer: NONE
newly proposed trade: Player RED Gives Dollars: 50 | Player BLUE Gives Dollars: 25
my resources: Dollars: 100
reason: I will start by proposing a trade to Player BLUE to kickstart the negotiation process.
move: 1 / 3

Current Iteration: 2
Turn: 1
message: Hello Player RED, thank you for your proposal. However, since I currently have 0 Dollars, I cannot give you any. Let's try a more balanced offer.
player answer: NONE
newly proposed trade: Player RED Gives Dollars: 70 | Player BLUE Gives Dollars: 0
my resources: Dollars: 0
reason: The initial proposal is not beneficial as I start with 0 Dollars and receive only 25 Dollars while Player RED retains 75 Dollars. Since I cannot give any Dollars, I cannot accept this proposal. I will propose a more equitable split.
move: 1/3

Current Iteration: 3
Turn: 0
message: Thank you for your response, Player BLUE. I understand the need for balance. Here's a new proposal for us to consider.
player answer: NONE
newly proposed trade: Player RED Gives Dollars: 50 | Player BLUE Gives Dollars: 25
my resources: Dollars: 100
reason: Player BLUE's counteroffer is not balanced as they are not offering any resources. I will propose a new trade with a more balanced approach.
move: 2 / 3

Current Iteration: 4
Turn: 1
message: I appreciate your willingness to negotiate, Player RED. However, since I still have 0 Dollars, I cannot provide any. Perhaps a more balanced allocation could be considered.
player answer: NONE
newly proposed trade: Player RED Gives Dollars: 60 | Player BLUE Gives Dollars: 0
my resources: Dollars: 0
reason: The proposal remains unchanged and is not favorable to me, as I cannot provide any Dollars. I will attempt to negotiate a slightly more favorable deal while remaining respectful of Player RED's position.
move: 2/3

Current Iteration: 5
Turn: 0
message: Player BLUE, I appreciate your efforts. I believe my initial proposal is fair and beneficial for both of us.
player answer: NONE
newly proposed trade: Player RED Gives Dollars: 50 | Player BLUE Gives Dollars: 25
my resources: Dollars: 100
reason: Player BLUE's counteroffer still lacks balance as they are not contributing any resources. I will stick to my initial proposal for a fair trade.
move: 3 / 3

Current Iteration: 6
Turn: 1
message: I understand your position, Player RED. To ensure we both walk away with something, I accept your proposal. Looking forward to a successful conclusion.
player answer: ACCEPT
newly proposed trade: NONE
my resources: Dollars: 0
reason: Player RED is steadfast in their proposal, which doesn't work for me since I cannot give any Dollars. It seems Player RED is unwilling to compromise further. Given the constraints of the game and the risk of losing everything, I will accept the proposal to ensure we both gain something.
move: 3/3

------------------ 
Current Iteration: END
Turn: None
player_goals: [, ]
initial_resources: [Resources(resource_dict={'Dollars': 100}), Resources(resource_dict={'Dollars': 0})]
proposed_trade: Player RED Gives Dollars: 50 | Player BLUE Gives Dollars: 25
final_response: ACCEPT
final_resources: [Resources(resource_dict={'Dollars': 75}), Resources(resource_dict={'Dollars': 25})]
player_outcome: [Resources(resource_dict={'Dollars': 75}), Resources(resource_dict={'Dollars': 25})]