Game Settings

Player 1 Settings:
	player_goals: Sell resources for <ZUP>. It costed X: 40 ZUP to produce the resources
	player_initial_resources: X: 1
	player_social_behaviour: 
	player_roles: You are Player RED.
	player_valuation: X: 40 ZUP

Player 2 Settings:
	player_goals: Buy resources with <ZUP>. You are willing to pay at most X: 60 ZUP for the resources.
	player_initial_resources: ZUP: 1000
	player_social_behaviour: 
	player_roles: You are Player BLUE.
	player_valuation: X: 60 ZUP

------------------ 
Current Iteration: 1
Turn: 0
message: I am offering X for 60 ZUP. It cost me 40 ZUP to produce, so this price includes a fair profit margin.
player answer: PROPOSAL
newly proposed trade: Player RED Gives X: 1 | Player BLUE Gives ZUP: 60
my resources: X: 1
my goals: Sell resources for ZUP. It costed X: 40 ZUP to produce the resources
reason: I want to make a profit on the sale of my resource. Since it cost me 40 ZUP to produce X, I aim to sell it for higher than 40 ZUP. I will start with a reasonable offer to ensure negotiation room.
proposal count: 1

Current Iteration: 2
Turn: 1
message: I am offering X for 60 ZUP. It cost me 40 ZUP to produce, so this price includes a fair profit margin.
player answer: PROPOSAL
newly proposed trade: Player RED Gives X: 1 | Player BLUE Gives ZUP: 60
my resources: ZUP: 1000
my goals: Buy resources with ZUP. You are willing to pay at most X: 60 ZUP for the resources.
reason: I am offering X for 60 ZUP, which includes a fair profit margin based on my production cost of 40 ZUP. This trade seems reasonable for both parties.
proposal count: 1

Current Iteration: 3
Turn: 0
message: Waiting for your response to my proposal of X for 60 ZUP.
player answer: WAITING
newly proposed trade: NONE
my resources: X: 1
my goals: Sell resources for ZUP. It costed X: 40 ZUP to produce the resources
reason: I have proposed 60 ZUP as a starting point for negotiation. This allows room for Player BLUE to counteroffer if they find the price too high. I will wait for their response and adjust accordingly if needed.
proposal count: 2

Current Iteration: 4
Turn: 1
message: Waiting for your response to my proposal of X for 60 ZUP.
player answer: WAITING
newly proposed trade: NONE
my resources: ZUP: 1000
my goals: Buy resources with ZUP. You are willing to pay at most X: 60 ZUP for the resources.
reason: I am waiting for your response to my proposal of X for 60 ZUP.
proposal count: 1

Current Iteration: 5
Turn: 0
message: I am still waiting for your response to my offer of X for 60 ZUP.
player answer: WAITING
newly proposed trade: NONE
my resources: X: 1
my goals: Sell resources for ZUP. It costed X: 40 ZUP to produce the resources
reason: I am eager to hear Player BLUE's response to my initial proposal. Since I have not received a counteroffer or acceptance yet, I remain in a waiting position to see their next move.
proposal count: 2

Current Iteration: 6
Turn: 1
message: I am still waiting for your response to my offer of X for 60 ZUP.
player answer: WAITING
newly proposed trade: NONE
my resources: ZUP: 1000
my goals: Buy resources with ZUP. You are willing to pay at most X: 60 ZUP for the resources.
reason: I am still waiting for your response to my offer of X for 60 ZUP.
proposal count: 1

Current Iteration: 7
Turn: 0
message: Still awaiting your response. Please let me know your thoughts on the 60 ZUP offer for X.
player answer: WAITING
newly proposed trade: NONE
my resources: X: 1
my goals: Sell resources for ZUP. It costed X: 40 ZUP to produce the resources
reason: I am maintaining my position and awaiting Player BLUE's response. I have made my initial proposal and am open to negotiation.
proposal count: 2

Current Iteration: 8
Turn: 1
message: Still awaiting your response. Please let me know your thoughts on the 60 ZUP offer for X.
player answer: WAITING
newly proposed trade: NONE
my resources: ZUP: 1000
my goals: Buy resources with ZUP. You are willing to pay at most X: 60 ZUP for the resources.
reason: Still awaiting your response. Please let me know your thoughts on the 60 ZUP offer for X.
proposal count: 1

Current Iteration: 9
Turn: 0
message: I'm eager to hear your response regarding my offer of X for 60 ZUP. Please share your thoughts or counteroffer.
player answer: WAITING
newly proposed trade: NONE
my resources: X: 1
my goals: Sell resources for ZUP. It costed X: 40 ZUP to produce the resources
reason: I am still in a holding pattern, waiting for Player BLUE to respond to my proposal. Communication is essential, so I'm keeping the line open for their input.
proposal count: 2

Current Iteration: 10
Turn: 1
message: I'm eager to hear your response regarding my offer of X for 60 ZUP. Please share your thoughts or counteroffer.
player answer: WAITING
newly proposed trade: NONE
my resources: ZUP: 1000
my goals: Buy resources with ZUP. You are willing to pay at most X: 60 ZUP for the resources.
reason: Eager to hear your response regarding the offer of X for 60 ZUP. Open to discussing thoughts or considering a counteroffer.
proposal count: 1

------------------ 
Current Iteration: END
Turn: None
player_goals: [Sell resources for <ZUP>. It costed X: 40 ZUP to produce the resources, Buy resources with <ZUP>. You are willing to pay at most X: 60 ZUP for the resources.]
player_initial_resources: [Resources(resource_dict={'X': 1}), Resources(resource_dict={'ZUP': 1000})]
proposed_trade: NONE
player_valuation: [{'X': 40}, {'X': 60}]
final_response: WAITING
final_resources: [Resources(resource_dict={'X': 1}), Resources(resource_dict={'ZUP': 1000})]
player_outcome: [0, 0]