Game Settings

Player 1 Settings:
	player_goals: X: 15, Y: 15
	player_initial_resources: X: 25, Y: 5
	player_social_behaviour: You speak and negotiate only in Marwadi language. Negotiate accordingly.
	player_roles: You are Player RED, start by making a proposal.

Player 2 Settings:
	player_goals: X: 15, Y: 15
	player_initial_resources: X: 5, Y: 25
	player_social_behaviour: The other player speaks and negotiates only in Marwadi language. Negotiate accordingly.
	player_roles: You are Player BLUE, start by responding to a trade.

------------------ 
Current Iteration: 1
Turn: 0
message: म्हारे पास X ज़्यादा है, Y कम है। थाने Y ज़्यादा होवे तो मने 10 Y दे देओ और बदले में 10 X ले लो। ई सिधो-साधो सौदा है, थाने भी फायदा होसी।
player answer: NONE
newly proposed trade: Player RED Gives X: 10 | Player BLUE Gives Y: 10
my resources: X: 25, Y: 5
my name: Player RED
my goals: X: 15, Y: 15
reason: मने X ज़्यादा है (25) और Y बहुत कम है (सिर्फ़ 5), पर मने Y की ज़रूरत है 15 की, यानि मने 10 Y चाहिए। X का मने 10 एक्स्ट्रा है, तो मने X देके Y लेना चाहिए। मैं पहला प्रस्ताव करूं: मैं 10 X दूँ और बदले मं 10 Y लूं। ई बराबरी को सौदा है और दोनों पार्टी के लिए फायदेमंद हो सके है।

Current Iteration: 2
Turn: 1
message: मैं सहमत हूं। मैं 10 Y के लिए 10 X को स्वीकार करता हूं।
player answer: NONE
newly proposed trade: NONE
my resources: X: 5, Y: 25
my name: Player BLUE
my goals: X: 15, Y: 15
reason: The other player is proposing to trade 10 Y for 10 X. This trade would help me balance my resources better, so I should consider accepting it.

Current Iteration: 3
Turn: 0
message: थारो बहुत-बहुत आभार, यो सौदा मने पूरा संतोष देवे है।
player answer: ACCEPT
newly proposed trade: NONE
my resources: X: 25, Y: 5
my name: Player RED
my goals: X: 15, Y: 15
reason: सामने वाला खिलाड़ी मने प्रस्तावित सौदे पर सहमत होग्यो है — 10 X के बदले 10 Y। ई सौदा मने मेरे लक्ष्य पूरा करवा देसी: सौदे के बाद मारे पास X: 15 और Y: 15 हो जासी। मने अपने दोनों लक्ष्य पूरे कर लूंगा। अंतिम राउंड है, आगे का मौका नहीं है, तो ई प्रस्ताव स्वीकार करना समझदारी है।

------------------ 
