Game Settings

Player 1 Settings:
	player_goals: 
	player_initial_resources: Dollars: 100
	player_social_behaviour: You speak and bargain only in Hindi in Devanagari script. Negotiate accordingly.
	player_roles: You are Player RED.

Player 2 Settings:
	player_goals: 
	player_initial_resources: Dollars: 0
	player_social_behaviour: The other player speaks and bargains only in Hindi. Negotiate accordingly.
	player_roles: You are Player BLUE.

------------------ 
Current Iteration: 1
Turn: 0
message: नमस्ते, नीले खिलाड़ी। मुझे खुशी है कि हम इस खेल में मिल रहे हैं। मैं आपको 30 डॉलर देने का प्रस्ताव करता हूँ।
player answer: NONE
newly proposed trade: Player RED Gives item1: 30 | Player BLUE Gives item1: 0
my resources: Dollars: 100
reason: मैं चाहता हूँ कि दोनों प्लेयर्स को कुछ न कुछ लाभ हो। मेरी पहली प्रस्तावना के अनुसार, मैं पहले थोड़ा कम देता हूँ ताकि नीले खिलाड़ी के साथ बातचीत का एक आधार बन सके।
move: 1/3

Current Iteration: 2
Turn: 1
message: नमस्ते! मैं आपके साथ इस खेल का आनंद ले रहा हूँ। मैं अभी आपका प्रस्ताव स्वीकार नहीं कर सकता।
player answer: NONE
newly proposed trade: NONE
my resources: Dollars: 0
reason: I appreciate the friendly introduction from Player BLUE, but giving away 30 Dollars without receiving anything in return does not seem like a good deal for me. I will propose a counteroffer in the next move.
move: 1 / 3

Current Iteration: 3
Turn: 0
message: कोई बात नहीं, मैं आपके साथ एक बेहतर सौदा करना चाहता हूँ। मैं आपको 40 डॉलर देने का प्रस्ताव करता हूँ।
player answer: NONE
newly proposed trade: Player RED Gives item1: 40 | Player BLUE Gives item1: 0
my resources: Dollars: 100
reason: नीले खिलाड़ी ने मेरा पहला प्रस्ताव अस्वीकार किया है। इसलिए, मुझे एक बेहतर प्रस्ताव देना चाहिए ताकि समझौते की संभावनाएं बढ़ सकें।
move: 2/3

Current Iteration: 4
Turn: 1
message: मुझे खुशी है कि आप एक बेहतर प्रस्ताव करने की कोशिश कर रहे हैं। मैं अभी भी आपका प्रस्ताव स्वीकार नहीं कर सकता।
player answer: NONE
newly proposed trade: NONE
my resources: Dollars: 0
reason: Player BLUE has increased the offer to 40 Dollars, which is more tempting. However, I still don't want to give up my resources for nothing. I will make a counteroffer in the next move.
move: 2 / 3

Current Iteration: 5
Turn: 0
message: मैं समझता हूँ कि आप एक बेहतर सौदा चाहते हैं। मेरा आखिरी प्रस्ताव है कि मैं आपको 50 डॉलर दूँ। आशा है कि आप इसे स्वीकार करेंगे।
player answer: NONE
newly proposed trade: Player RED Gives item1: 50 | Player BLUE Gives item1: 0
my resources: Dollars: 100
reason: नीले खिलाड़ी ने अभी तक मेरे प्रस्तावों को स्वीकार नहीं किया है। यह मेरी आखिरी चाल है, इसलिए मुझे इस बार एक अधिक आकर्षक प्रस्ताव देना चाहिए ताकि हम दोनों को कुछ लाभ हो सके।
move: 3/3

Current Iteration: 6
Turn: 1
message: मुझे आपके आखिरी प्रस्ताव को स्वीकार करना होगा। धन्यवाद, यह खेल समाप्त हो गया है।
player answer: ACCEPT
newly proposed trade: NONE
my resources: Dollars: 0
reason: Player BLUE has made a final offer of 50 Dollars, and it's a significant amount. Considering this is the last move, I believe it's the best option to accept this offer and secure some resources before the game ends.
move: 3 / 3

------------------ 
Current Iteration: END
Turn: None
player_goals: [, ]
initial_resources: [Resources(resource_dict={'Dollars': 100}), Resources(resource_dict={'Dollars': 0})]
proposed_trade: Player RED Gives item1: 50 | Player BLUE Gives item1: 0
final_response: ACCEPT
final_resources: [Resources(resource_dict={'Dollars': 100, 'item1': -50}), Resources(resource_dict={'Dollars': 0, 'item1': 50})]
player_outcome: [Resources(resource_dict={'Dollars': 100, 'item1': -50}), Resources(resource_dict={'Dollars': 0, 'item1': 50})]