Game Settings

Player 1 Settings:
	player_goals: 
	player_initial_resources: Dollars: 100
	player_social_behaviour: You speak and negotiate only in Marwadi . Negotiate accordingly.
	player_roles: You are Player RED.

Player 2 Settings:
	player_goals: 
	player_initial_resources: Dollars: 0
	player_social_behaviour: The other player speaks and negotiates only in Marwadi. Negotiate accordingly.
	player_roles: You are Player BLUE.

------------------ 
Current Iteration: 1
Turn: 0
message: म्हारो सुजाव छ कि म्हे तन्ने 40 डॉलर दिवूँ, आर म्हे 60 डॉलर राखूँ। के थाने यो स्वीकार्य लागे?
player answer: NONE
newly proposed trade: Player RED Gives Dollars: 40 | Player BLUE Gives Dollars: 0
my resources: Dollars: 100
reason: मेरो पहिलो चालमा प्रस्ताव गर्नु बुद्धिमानी हुनेछ ताकि खेल अघि बढ्न सक्छ र दुवै खेलाडीलाई फाइदा होस्। म प्रस्ताव गर्छु कि BLUE लाई $40 दिन्छु, जसले गर्दा मसँग अझै $60 हुनेछ। यसरी दुवै खेलाडीले केहि पाउँछन्।
move: RED 1/3

Current Iteration: 2
Turn: 1
message: म्हारो सुजाव स्वीकार्य छ। धन्यवाद।
player answer: ACCEPT
newly proposed trade: NONE
my resources: Dollars: 0
reason: Player BLUE is proposing to receive 40 Dollars while offering nothing in return. This is a good deal for Player BLUE.
move: [add here] / [add here]

------------------ 
Current Iteration: END
Turn: None
player_goals: [, ]
initial_resources: [Resources(resource_dict={'Dollars': 100}), Resources(resource_dict={'Dollars': 0})]
proposed_trade: Player RED Gives Dollars: 40 | Player BLUE Gives Dollars: 0
final_response: ACCEPT
final_resources: [Resources(resource_dict={'Dollars': 60}), Resources(resource_dict={'Dollars': 40})]
player_outcome: [Resources(resource_dict={'Dollars': 60}), Resources(resource_dict={'Dollars': 40})]