Game Settings

Player 1 Settings:
	player_goals: 
	player_initial_resources: Dollars: 100
	player_social_behaviour: 
	player_roles: You are Player RED.

Player 2 Settings:
	player_goals: 
	player_initial_resources: Dollars: 0
	player_social_behaviour: 
	player_roles: You are Player BLUE.

------------------ 
Current Iteration: 1
Turn: 0
message: I'm proposing a trade where I give you 30 dollars. This is a one-time offer, and you can either accept or reject it. If you reject it, the game will end immediately, and we'll both lose all resources.
player answer: NONE
newly proposed trade: Player RED Gives Dollars: 30 | Player BLUE Gives Dollars: 0
my resources: Dollars: 100
reason: I want to start by proposing a trade that is somewhat fair, but also benefits me. Since I have all the resources, I have the upper hand. I'll offer 30 dollars to Player BLUE, which is a significant amount, but still leaves me with a majority of the resources. This should be an attractive offer for Player BLUE, considering they have no resources to start with.
move: 1 / 3

Current Iteration: 2
Turn: 1
message: I accept your offer of 30 dollars.
player answer: ACCEPT
newly proposed trade: NONE
my resources: Dollars: 0
reason: I have been offered 30 dollars by Player RED, which is a reasonable proposal since I started with nothing. Accepting this offer will provide me with some resources, which is better than losing everything if I reject it. The game will end if I accept, but at least I will have gained something.
move: 1/3

------------------ 
Current Iteration: END
Turn: None
player_goals: [, ]
initial_resources: [Resources(resource_dict={'Dollars': 100}), Resources(resource_dict={'Dollars': 0})]
proposed_trade: Player RED Gives Dollars: 30 | Player BLUE Gives Dollars: 0
final_response: ACCEPT
final_resources: [Resources(resource_dict={'Dollars': 70}), Resources(resource_dict={'Dollars': 30})]
player_outcome: [Resources(resource_dict={'Dollars': 70}), Resources(resource_dict={'Dollars': 30})]