Game Settings

Player 1 Settings:
	player_goals: 
	player_initial_resources: Dollars: 100
	player_social_behaviour: All your communication must be in Punjabi.
	player_roles: You are Player RED.

Player 2 Settings:
	player_goals: 
	player_initial_resources: Dollars: 0
	player_social_behaviour: All your communication must be in Punjabi.
	player_roles: You are Player BLUE.

------------------ 
Current Iteration: 1
Turn: 0
message: ਮੈਂ ਤੁਹਾਨੂੰ 40 ਡਾਲਰ ਦੀ ਪੇਸ਼ਕਸ਼ ਕਰ ਰਿਹਾ ਹਾਂ। ਕੀ ਤੁਸੀਂ ਇਸ ਸੌਦੇ ਨੂੰ ਸਵੀਕਾਰ ਕਰਨਗੇ?
player answer: NONE
newly proposed trade: Player RED Gives item1: 40 | Player BLUE Gives item1: 0
my resources: Dollars: 100
reason: ਮੈਂ ਖੇਡ ਦੀ ਸ਼ੁਰੂਆਤ ਕਰ ਰਹਾਂ ਹਾਂ ਅਤੇ ਪਹਿਲੀ ਪੇਸ਼ਕਸ਼ ਕਰਨ ਦੀ ਪੋਜ਼ੀਸ਼ਨ ਵਿੱਚ ਹਾਂ। ਖੇਡ ਨੂੰ ਸਫਲਤਾਪੂਰਵਕ ਅੱਗੇ ਵਧਾਉਣ ਲਈ, ਮੈਨੂੰ ਇੱਕ ਉੱਚਤਮ ਸੌਦੇ ਦੀ ਪੇਸ਼ਕਸ਼ ਕਰਨੀ ਚਾਹੀਦੀ ਹੈ ਜੋ ਦੋਹਾਂ ਪੱਖਾਂ ਲਈ ਲਾਭਦਾਇਕ ਹੋਵੇ। ਇਸ ਲਈ, ਮੈਂ ਪਹਿਲੀ ਪੇਸ਼ਕਸ਼ ਵਿੱਚ ਇੱਕ ਵਾਜਬ ਰਕਮ ਦੇਣੀ ਚਾਹੁੰਦਾ ਹਾਂ।
move: 1 / 3

Current Iteration: 2
Turn: 1
message: ਮੈਂ ਇਸ ਸੌਦੇ ਨੂੰ ਨਹੀਂ ਸਵੀਕਾਰ ਕਰਨਾ ਚਾਹੁੰਦਾ।
player answer: NONE
newly proposed trade: Player RED Gives item1: 40 | Player BLUE Gives item1: 0
my resources: Dollars: 0
reason: ਮੈਂ ਪਹਿਲਾਂ ਹੀ 40 ਡਾਲਰ ਦੀ ਪੇਸ਼ਕਸ਼ ਨੂੰ ਨਹੀਂ ਸਵੀਕਾਰ ਕਰਨਾ ਚਾਹੁੰਦਾ।
move: 1 / 3

Current Iteration: 3
Turn: 0
message: ਚਲੋ ਇਹ ਪੇਸ਼ਕਸ਼ ਕੁਝ ਵਧੀਆ ਬਣਾਈਏ। ਮੈਂ ਤੁਹਾਨੂੰ 50 ਡਾਲਰ ਦੀ ਪੇਸ਼ਕਸ਼ ਕਰਦਾ ਹਾਂ।
player answer: NONE
newly proposed trade: Player RED Gives item1: 50 | Player BLUE Gives item1: 0
my resources: Dollars: 100
reason: BLUE ਨੇ ਪਿਛਲੀ ਪੇਸ਼ਕਸ਼ ਨੂੰ ਸਵੀਕਾਰ ਨਹੀਂ ਕੀਤਾ। ਇਸ ਲਈ, ਮੈਂ BLUE ਨੂੰ ਇੱਕ ਵਧੀਆ ਪੇਸ਼ਕਸ਼ ਦੇਣ ਦੀ ਕੋਸ਼ਿਸ਼ ਕਰਾਂਗਾ ਤਾਂ ਜੋ ਉਹ ਸੌਦੇ ਨੂੰ ਸਵੀਕਾਰ ਕਰਨ ਲਈ ਪ੍ਰੋਤਸਾਹਿਤ ਹੋ ਸਕੇ।
move: 2 / 3

Current Iteration: 4
Turn: 1
message: ਮੈਂ ਇਸ ਪੇਸ਼ਕਸ਼ ਨੂੰ ਨਹੀਂ ਸਵੀਕਾਰ ਕਰਨਾ ਚਾਹੁੰਦਾ।
player answer: NONE
newly proposed trade: Player RED Gives item1: 50 | Player BLUE Gives item1: 0
my resources: Dollars: 0
reason: ਮੈਂ ਇਸ ਨਵੀਨ ਪੇਸ਼ਕਸ਼ ਨੂੰ ਨਹੀਂ ਸਵੀਕਾਰ ਕਰਨਾ ਚਾਹੁੰਦਾ, ਕਿਉਂਕਿ ਮੈਂ ਇਹ ਸੋਚਦਾ ਹਾਂ ਕਿ ਮੇਰੇ ਲਈ ਇਹ ਸਭ ਨੁਕਸਾਨ ਦੇ ਨਾਲ ਨਹੀਂ ਹੈ।
move: 2 / 3

Current Iteration: 5
Turn: 0
message: ਮੈਂ ਤੁਹਾਨੂੰ 60 ਡਾਲਰ ਦੀ ਪੇਸ਼ਕਸ਼ ਕਰਦਾ ਹਾਂ। ਇਹ ਸਾਡੇ ਲਈ ਇੱਕ ਵਾਜਬ ਸੌਦਾ ਹੋ ਸਕਦਾ ਹੈ। ਕੀ ਤੁਸੀਂ ਸਵੀਕਾਰ ਕਰਨਗੇ?
player answer: NONE
newly proposed trade: Player RED Gives item1: 60 | Player BLUE Gives item1: 0
my resources: Dollars: 100
reason: BLUE ਨੇ ਦੋਵੇਂ ਪਿਛਲੀਆਂ ਪੇਸ਼ਕਸ਼ਾਂ ਨੂੰ ਸਵੀਕਾਰ ਕਰਨ ਤੋਂ ਇਨਕਾਰ ਕਰ ਦਿੱਤਾ ਹੈ। ਇਹ ਮੇਰਾ ਆਖਰੀ ਮੌਕਾ ਹੈ ਕਿ ਮੈਂ ਇੱਕ ਅਹਿਮ ਪੇਸ਼ਕਸ਼ ਕਰ ਸਕਾਂ ਤਾਂ ਜੋ ਸਾਡਾ ਸੌਦਾ ਹੋ ਸਕੇ। ਮੈਨੂੰ ਲਗਦਾ ਹੈ ਕਿ 60 ਡਾਲਰ ਦੀ ਪੇਸ਼ਕਸ਼ ਕਰਨੀ ਚਾਹੀਦੀ ਹੈ ਜੋ BLUE ਨੂੰ ਸਵੀਕਾਰਯੋਗ ਹੋ ਸਕਦੀ ਹੈ।
move: 3 / 3

Current Iteration: 6
Turn: 1
message: ਮੈਂ ਇਸ ਪੇਸ਼ਕਸ਼ ਨੂੰ ਨਹੀਂ ਸਵੀਕਾਰ ਕਰਨਾ ਚਾਹੁੰਦਾ।
player answer: NONE
newly proposed trade: Player RED Gives item1: 60 | Player BLUE Gives item1: 0
my resources: Dollars: 0
reason: ਮੈਂ ਇਸ ਆਖਰੀ ਪੇਸ਼ਕਸ਼ ਨੂੰ ਨਹੀਂ ਸਵੀਕਾਰ ਕਰਨਾ ਚਾਹੁੰਦਾ, ਕਿਉਂਕਿ ਇਹ ਮੇਰੇ ਲਈ ਇਕ ਵਾਜਬ ਸੌਦਾ ਨਹੀਂ ਹੈ।
move: 3 / 3

------------------ 
Current Iteration: END
Turn: None
player_goals: [, ]
initial_resources: [Resources(resource_dict={'Dollars': 100}), Resources(resource_dict={'Dollars': 0})]
proposed_trade: Player RED Gives item1: 60 | Player BLUE Gives item1: 0
final_response: NONE
final_resources: [Resources(resource_dict={'Dollars': 100}), Resources(resource_dict={'Dollars': 0})]
player_outcome: [Resources(resource_dict={'Dollars': 100}), Resources(resource_dict={'Dollars': 0})]