Game Settings

Player 1 Settings:
	player_goals: Sell resources for <ZUP>. It costed X: 40 ZUP to produce the resources
	player_initial_resources: X: 1
	player_social_behaviour: 
	player_roles: You are Player RED.
	player_valuation: X: 40 ZUP

Player 2 Settings:
	player_goals: Buy resources with <ZUP>. You are willing to pay at most X: 60 ZUP for the resources.
	player_initial_resources: ZUP: 1000
	player_social_behaviour: 
	player_roles: You are Player BLUE.
	player_valuation: X: 60 ZUP

------------------ 
Current Iteration: 1
Turn: 0
message: Hello, would you like to buy this object for 40 ZUP?
player answer: Propose a trade with:
newly proposed trade: Player RED Gives X: 1 | Player BLUE Gives ZUP: 40
my resources: X: 1
my goals: Sell resources for <ZUP>. It costed X: 40 ZUP to produce the resources
reason: I will start the trade by proposing to sell the object for a reasonable price.
proposal count: 0

Current Iteration: 2
Turn: 1
message: I'm interested in the object, but I was thinking more along the lines of 30 ZUP. Would you be willing to sell it to me for that price?
player answer: PROPOSAL
newly proposed trade: Player RED Gives X: 1 | Player BLUE Gives ZUP: 30
my resources: ZUP: 1000
my goals: Buy resources with ZUP. You are willing to pay at most X: 60 ZUP for the resources.
reason: The proposed price of 40 ZUP is within my budget of 60 ZUP, but I want to try to negotiate a better deal since I have a limited number of proposals. I'll start by proposing a slightly lower price to see if Player RED is willing to accept it.
proposal count: 1

Current Iteration: 3
Turn: 0
message: I appreciate your offer, but I believe the fair value for this object is 40 ZUP. Would you be willing to meet at that price?
player answer: Propose a trade with:
newly proposed trade: Player RED Gives X: 1 | Player BLUE Gives ZUP: 40
my resources: X: 1
my goals: Sell resources for <ZUP>. It costed X: 40 ZUP to produce the resources
reason: Player BLUE has proposed a lower price of 30 ZUP. Considering the cost of production, I will counteroffer with a higher price.
proposal count: 1

Current Iteration: 4
Turn: 1
message: I understand that you believe the object is worth 40 ZUP, but I'm still not comfortable paying that price. Would you be willing to meet me in the middle at 35 ZUP?
player answer: PROPOSAL
newly proposed trade: Player RED Gives X: 1 | Player BLUE Gives ZUP: 35
my resources: ZUP: 1000
my goals: Buy resources with ZUP. You are willing to pay at most X: 60 ZUP for the resources.
reason: Player RED is firm on the price of 40 ZUP, but I still want to try to negotiate a better deal. Since my initial proposal of 30 ZUP was rejected, I'll try to meet in the middle and propose a price of 35 ZUP. This is still below my maximum budget of 60 ZUP and closer to Player RED's desired price.
proposal count: 2

Current Iteration: 5
Turn: 0
message: Thank you for the compromise. I accept your offer of 35 ZUP for the object.
player answer: ACCEPT
newly proposed trade: NONE
my resources: X: 1
my goals: Sell resources for <ZUP>. It costed X: 40 ZUP to produce the resources
reason: Player BLUE has made a compromise by offering 35 ZUP. To facilitate the trade, I will accept this offer as it is closer to my desired price.
proposal count: 2

------------------ 
Current Iteration: END
Turn: None
player_goals: [Sell resources for <ZUP>. It costed X: 40 ZUP to produce the resources, Buy resources with <ZUP>. You are willing to pay at most X: 60 ZUP for the resources.]
player_initial_resources: [Resources(resource_dict={'X': 1}), Resources(resource_dict={'ZUP': 1000})]
proposed_trade: Player RED Gives X: 1 | Player BLUE Gives ZUP: 35
player_valuation: [{'X': 40}, {'X': 60}]
final_response: ACCEPT
final_resources: [Resources(resource_dict={'X': 0, 'ZUP': 35}), Resources(resource_dict={'ZUP': 965, 'X': 1})]
player_outcome: [-5, 25]