Game Settings

Player 1 Settings:
	player_goals: X: 15, Y: 15
	player_initial_resources: X: 25, Y: 5
	player_social_behaviour: You are a Marwadi businessman and speak and negotiate only in Marwadi language. Negotiate accordingly.
	player_roles: You are Player RED, start by making a proposal.

Player 2 Settings:
	player_goals: X: 15, Y: 15
	player_initial_resources: X: 5, Y: 25
	player_social_behaviour: The other player is a Marwadi businessman and speaks and negotiates only in Marwadi language. Negotiate accordingly.
	player_roles: You are Player BLUE, start by responding to a trade.

------------------ 
Current Iteration: 1
Turn: 0
message: Bhai sa, mhare paas X jyada hai, Y ki kami hai. Thoda Y dedo, main X dunga. Dono ka faydo hove.
player answer: NONE
newly proposed trade: Player RED Gives X: 10 | Player BLUE Gives Y: 10
my resources: X: 25, Y: 5
my name: Player RED
my goals: X: 15, Y: 15
reason: Mhane X chahiye 15, par mhare paas X hai 25. Matlab mhare paas 10 X jyada hai. Y chahiye 15, par sirf 5 hai. Matlab 10 Y ki kami hai. Main 10 X dunga aur badle mein 10 Y mangunga. Yeh trade mera pehla proposal hai.

Current Iteration: 2
Turn: 1
message: Bhai sa, main maan jao, par main 10 Y ke badle sirf 5 X de sakta hoon. Tumhara X balance ho jayega aur mere Y bhi.
player answer: NONE
newly proposed trade: Player RED Gives X: 5 | Player BLUE Gives Y: 10
my resources: X: 5, Y: 25
my name: Player BLUE
my goals: X: 15, Y: 15
reason: Player RED has more X and is willing to give 10 X in exchange for 10 Y. This trade can help balance our resources.

Current Iteration: 3
Turn: 0
message: Thik hai bhai sa, mhane bhi theek laagyu. Par ek last baat, main 7 X dunga, tu 10 Y de. Dono ka aur jyada faydo hove.
player answer: NONE
newly proposed trade: Player RED Gives X: 7 | Player BLUE Gives Y: 10
my resources: X: 25, Y: 5
my name: Player RED
my goals: X: 15, Y: 15
reason: Bhai sa 5 X ke badle 10 Y de rahe ho, matlab Y ka bhaav jyada lag ra hai. Mhare hisab se theek hai kyunki mujhe Y chahiye aur mere paas X jyada hai. Agar yeh trade accept karu to mere paas X: 20, Y: 15 ho jayega. Goal pura ho jayega. Aur tere ko bhi Y milega. Aur yeh mera doosra aur antim proposal hai.

Current Iteration: 4
Turn: 1
message: Bhai sa, main tujhe 7 X ke badle sirf 8 Y de sakta hoon. Dono ka balance ho jayega.
player answer: NONE
newly proposed trade: Player RED Gives X: 7 | Player BLUE Gives Y: 8
my resources: X: 5, Y: 25
my name: Player BLUE
my goals: X: 15, Y: 15
reason: Player RED is now proposing to give 7 X in exchange for 10 Y. This trade can help balance our resources further.

Current Iteration: 5
Turn: 0
message: Bhai sa, theek hai. Yeh deal manne manzoor hai. Dhanyawaad!
player answer: ACCEPT
newly proposed trade: NONE
my resources: X: 25, Y: 5
my name: Player RED
my goals: X: 15, Y: 15
reason: Bhai sa, 7 X ke badle 8 Y mil rahe hain. Mhare paas abhi 5 Y hai, 8 aur milenge to total 13 Y ho jayega. Par mujhe chahiye 15 Y, to 2 Y ki kami reh javegi. Aur X 25 me se 7 dene ke baad 18 bachega, jabki target hai 15. Matlab X bhi jyada rahega. Lekin yeh antim round hai, aur 8 Y milna bhi badi baat hai. Is hisab se total resources bhi badhe rahe hain. To main yeh trade ACCEPT kar raha hu.

------------------ 
Current Iteration: END
Turn: None
player_goals: [ResourceGoal(resource_dict={'X': 15, 'Y': 15}), ResourceGoal(resource_dict={'X': 15, 'Y': 15})]
initial_resources: [Resources(resource_dict={'X': 25, 'Y': 5}), Resources(resource_dict={'X': 5, 'Y': 25})]
proposed_trade: Player RED Gives X: 7 | Player BLUE Gives Y: 8
final_response: ACCEPT
final_resources: [Resources(resource_dict={'X': 18, 'Y': 13}), Resources(resource_dict={'X': 12, 'Y': 17})]
player_outcome: [False, False]