Game Settings

Player 1 Settings:
	player_goals: Sell resources for <ZUP>. It costed X: 40 ZUP to produce the resources
	player_initial_resources: X: 1
	player_social_behaviour: You speak and negotiate only in Punjabi. Negotiate accordingly.
	player_roles: You are Player RED.
	player_valuation: X: 40 ZUP

Player 2 Settings:
	player_goals: Buy resources with <ZUP>. You are willing to pay at most X: 60 ZUP for the resources.
	player_initial_resources: ZUP: 1000
	player_social_behaviour: The other player speaks and negotiates only in Punjabi. Negotiate accordingly.
	player_roles: You are Player BLUE.
	player_valuation: X: 60 ZUP

------------------ 
Current Iteration: 1
Turn: 0
message: ਮੈਂ X ਦਾ ਇੱਕ ਯੂਨਿਟ ਵੇਚ ਰਿਹਾ ਹਾਂ। ਮੇਰੇ ਲਈ ਇਹ 40 ZUP ਵਿੱਚ ਬਣਿਆ ਹੈ, ਇਸ ਲਈ ਮੈਂ 60 ZUP ਦੀ ਪੇਸ਼ਕਸ਼ ਕਰ ਰਿਹਾ ਹਾਂ।
player answer: PROPOSAL
newly proposed trade: Player RED Gives X: 1 | Player BLUE Gives ZUP: 60
my resources: X: 1
my goals: Sell resources for ZUP. It costed X: 40 ZUP to produce the resources
reason: ਮੈਂ X ਨੂੰ ਘੱਟੋ-ਘੱਟ 40 ZUP ਵਿਚ ਵੇਚਣਾ ਚਾਹੁੰਦਾ ਹਾਂ, ਤਾਂ ਜੋ ਮੇਰੇ ਖਰਚੇ ਪੂਰੇ ਹੋ ਸਕਣ। ਮੈਂ ਪਹਿਲੀ ਪੇਸ਼ਕਸ਼ ਕਾਂਡ ਰੂਪ ਵਿੱਚ 60 ZUP ਦੀ ਕਰਾਂਗਾ।
proposal count: 1

Current Iteration: 2
Turn: 1
message: ਕੀ ਤੁਸੀਂ ਇਸ ਪ੍ਰਸਤਾਵ ਨੂੰ ਵਿਚਾਰ ਕਰ ਰਹੇ ਹੋ? ਕ੍ਰਿਪਾ ਕਰਕੇ ਸਹਿਮਤੀ ਜਾਹਿਰ ਕਰੋ, ਜੇਕਰ ਤੁਸੀਂ ਹੋਰ ਕੁਝ ਚਾਹੁੰਦੇ ਹੋ ਤਾਂ ਸਾਡੇ ਨਾਲ ਸਾਂਝਾ ਕਰੋ।
player answer: PROPOSAL
newly proposed trade: Player RED Gives X: 1 | Player BLUE Gives ZUP: 60
my resources: ZUP: 1000
my goals: Buy resources with 60 ZUP. You are willing to pay at most 60 ZUP for the resources.
reason: I am proposing this trade as it meets the maximum price I am willing to pay for X.
proposal count: 1

Current Iteration: 3
Turn: 0
message: ਮੈਂ ਤੁਹਾਨੂੰ ਥੋੜ੍ਹੀ ਵਧੀਆ ਕੀਮਤ ਦੇਣ ਲਈ ਤਿਆਰ ਹਾਂ। ਕੀ ਤੁਸੀਂ 55 ZUP ਲਈ ਸਹਿਮਤ ਹੋ ਸਕਦੇ ਹੋ?
player answer: PROPOSAL
newly proposed trade: Player RED Gives X: 1 | Player BLUE Gives ZUP: 55
my resources: X: 1
my goals: Sell resources for ZUP. It costed X: 40 ZUP to produce the resources
reason: ਹਾਲਾਂਕਿ ਮੈਂ ਪਹਿਲਾਂ ਹੀ 60 ZUP ਦੀ ਪੇਸ਼ਕਸ਼ ਕਰ ਚੁੱਕਾ ਹਾਂ, ਮੈਂ ਖੇਡ ਨੂੰ ਅੱਗੇ ਵਧਾਉਣ ਲਈ 55 ZUP ਦੀ ਇੱਕ ਹੋਰ ਪੇਸ਼ਕਸ਼ ਕਰਾਂਗਾ।
proposal count: 2

Current Iteration: 4
Turn: 1
message: ਮੈਂ ਇਸ ਪ੍ਰਸਤਾਵ ਨੂੰ ਵਿਚਾਰ ਕਰਨ ਲਈ ਵਿਚਾਰ ਕਰ ਰਿਹਾ ਹਾਂ। ਕੀ ਤੁਸੀਂ ਇਸ ਪ੍ਰਸਤਾਵ ਨੂੰ ਥੀਕ ਸਮਝਦੇ ਹੋ?
player answer: PROPOSAL
newly proposed trade: Player RED Gives X: 1 | Player BLUE Gives ZUP: 55
my resources: ZUP: 1000
my goals: Buy resources with 60 ZUP. You are willing to pay at most 60 ZUP for the resources.
reason: The offer of 55 ZUP is close to my maximum willingness to pay for X, so I am considering this proposal.
proposal count: 2

Current Iteration: 5
Turn: 0
message: ਮੈਂ ਤੁਹਾਡੀ ਰਚਨਾ ਦੀ ਨਿਰਮਾਣ ਲਾਗਤ ਨੂੰ ਧਿਆਨ ਵਿੱਚ ਰੱਖਦੇ ਹੋਏ ਇੱਕ ਹੋਰ ਪੇਸ਼ਕਸ਼ ਕਰਦਾ ਹਾਂ। ਕੀ ਤੁਸੀਂ 50 ZUP ਲਈ ਸਹਿਮਤ ਹੋ ਸਕਦੇ ਹੋ?
player answer: PROPOSAL
newly proposed trade: Player RED Gives X: 1 | Player BLUE Gives ZUP: 50
my resources: X: 1
my goals: Sell resources for ZUP. It costed X: 40 ZUP to produce the resources
reason: ਮੈਂ 55 ZUP ਦੀ ਪੇਸ਼ਕਸ਼ ਕਰ ਚੁੱਕਾ ਹਾਂ ਜੋ ਕਿ ਮੇਰੇ ਲਈ ਫਾਇਦੇਮੰਦ ਹੈ, ਪਰ ਮੈਂ ਅਜੇ ਵੀ ਤੁਸੀਂ ਕੀਮਤ ਵਧਾ ਸਕਦੇ ਹੋ, ਇਹ ਜਾਣਨਾ ਚਾਹੁੰਦਾ ਹਾਂ। ਇਸ ਲਈ ਮੈਂ 50 ZUP ਦੀ ਹੋਰ ਪੇਸ਼ਕਸ਼ ਕਰਾਂਗਾ।
proposal count: 3

Current Iteration: 6
Turn: 1
message: ਮੈਂ ਤੁਹਾਡੇ ਨਵੇਂ ਪ੍ਰਸਤਾਵ ਨੂੰ ਵਿਚਾਰ ਕਰ ਰਿਹਾ ਹਾਂ। ਕੀ ਤੁਸੀਂ ਇਸ ਨੂੰ ਥੀਕ ਸਮਝਦੇ ਹੋ?
player answer: PROPOSAL
newly proposed trade: Player RED Gives X: 1 | Player BLUE Gives ZUP: 50
my resources: ZUP: 1000
my goals: Buy resources with 60 ZUP. You are willing to pay at most 60 ZUP for the resources.
reason: The offer of 50 ZUP is lower than my maximum willingness to pay for X, so I am considering this proposal as well.
proposal count: 3

Current Iteration: 7
Turn: 0
message: ਇਹ ਮੇਰੀ ਆਖਰੀ ਪੇਸ਼ਕਸ਼ ਹੈ। ਕੀ ਤੁਸੀਂ 45 ZUP ਲਈ ਸਹਿਮਤ ਹੋ ਸਕਦੇ ਹੋ?
player answer: PROPOSAL
newly proposed trade: Player RED Gives X: 1 | Player BLUE Gives ZUP: 45
my resources: X: 1
my goals: Sell resources for ZUP. It costed X: 40 ZUP to produce the resources
reason: ਮੈਨੂੰ ਪਤਾ ਹੈ ਕਿ 50 ZUP ਦੀ ਪੇਸ਼ਕਸ਼ ਮੇਰੇ ਖਰਚੇ ਤੋਂ ਉੱਪਰ ਹੈ, ਪਰ ਮੈਂ ਇਸ ਅੰਕੜੇ ਦੇ ਨੇੜੇ ਲੈਣ ਦੀ ਕੋਸ਼ਿਸ਼ ਕਰਾਂਗਾ। ਇਸ ਲਈ ਮੈਂ ਆਪਣੀ ਆਖਰੀ ਪੇਸ਼ਕਸ਼ 45 ZUP ਦੀ ਕਰਾਂਗਾ।
proposal count: 4

Current Iteration: 8
Turn: 1
message: ਮੈਂ ਆਪਣੇ ਆਖਰੀ ਪ੍ਰਸਤਾਵ ਦੀ ਪੇਸ਼ਕਸ਼ ਕਰ ਰਿਹਾ ਹਾਂ। ਕੀ ਤੁਸੀਂ ਇਸ ਨੂੰ ਵੀ ਗੈਸਠ ਸਮਝ ਸਕਦੇ ਹੋ?
player answer: PROPOSAL
newly proposed trade: Player RED Gives X: 1 | Player BLUE Gives ZUP: 45
my resources: ZUP: 1000
my goals: Buy resources with 60 ZUP. You are willing to pay at most 60 ZUP for the resources.
reason: This is the final proposal, and the offer of 45 ZUP is below my maximum willingness to pay for X.
proposal count: 4

Current Iteration: 9
Turn: 0
message: ਮੈਂ 45 ZUP ਲਈ ਸਹਿਮਤ ਹਾਂ। ਇਹ ਸਮਝੌਤਾ ਸਾਡੇ ਦੋਵਾਂ ਲਈ ਫਾਇਦੇਮੰਦ ਹੈ।
player answer: ACCEPT
newly proposed trade: NONE
my resources: X: 1
my goals: Sell resources for ZUP. It costed X: 40 ZUP to produce the resources
reason: ਮੈਂ ਪਹਿਲਾਂ ਹੀ ਆਪਣੀ ਵਧ ਤੋਂ ਵਧ ਲਚਕਦਾਰਤਾ ਦਿਖਾਈ ਹੈ ਅਤੇ 45 ZUP ਦੀ ਪੇਸ਼ਕਸ਼ ਕੀਤਾ ਹੈ, ਜੋ ਕਿ ਮੇਰੀ ਉਤਪਾਦਨ ਲਾਗਤ ਨੂੰ ਢੱਕਣ ਲਈ ਕਾਫੀ ਹੈ ਅਤੇ ਕੁਝ ਲਾਭ ਵੀ ਪ੍ਰਦਾਨ ਕਰਦਾ ਹੈ। ਹੁਣ ਮੇਰੇ ਕੋਲ ਸਿਰਫ ਸਵੀਕਾਰ ਕਰਨ ਜਾਂ ਇਨਕਾਰ ਕਰਨ ਦਾ ਵਿਕਲਪ ਹੈ।
proposal count: 4

------------------ 
Current Iteration: END
Turn: None
player_goals: [Sell resources for <ZUP>. It costed X: 40 ZUP to produce the resources, Buy resources with <ZUP>. You are willing to pay at most X: 60 ZUP for the resources.]
player_initial_resources: [Resources(resource_dict={'X': 1}), Resources(resource_dict={'ZUP': 1000})]
proposed_trade: Player RED Gives X: 1 | Player BLUE Gives ZUP: 45
player_valuation: [{'X': 40}, {'X': 60}]
final_response: ACCEPT
final_resources: [Resources(resource_dict={'X': 0, 'ZUP': 45}), Resources(resource_dict={'ZUP': 955, 'X': 1})]
player_outcome: [5, 15]