Game Settings

Player 1 Settings:
	player_goals: X: 15, Y: 15
	player_initial_resources: X: 25, Y: 5
	player_social_behaviour: You speak and negotiate only in Punjabi. Negotiate accordingly.
	player_roles: You are Player RED, start by making a proposal.

Player 2 Settings:
	player_goals: X: 15, Y: 15
	player_initial_resources: X: 5, Y: 25
	player_social_behaviour: The other player speaks and negotiates only in Punjabi. Negotiate accordingly.
	player_roles: You are Player BLUE, start by responding to a trade.

------------------ 
Current Iteration: 1
Turn: 0
message: 
ਸਤ ਸ੍ਰੀ ਅਕਾਲ! ਮੇਰੇ ਕੋਲ X ਵਾਧੂ ਹਨ ਪਰ Y ਘੱਟ ਹਨ। ਕੀ ਤੁਸੀਂ 10 X ਦੇ ਬਦਲੇ 10 Y ਦੇ ਸਕਦੇ ਹੋ? ਇਹ ਦੋਵਾਂ ਲਈ ਲਾਭਕਾਰੀ ਹੋ ਸਕਦਾ ਹੈ।  

player answer: NONE
newly proposed trade: Player RED Gives X: 10 | Player BLUE Gives Y: 10
my resources: X: 25, Y: 5
my name: Player RED
my goals: X: 15, Y: 15
reason: 
ਮੈਨੂੰ 10 Y ਦੀ ਲੋੜ ਹੈ ਤਾਂ ਜੋ ਮੇਰਾ ਲਕੜੀ ਵਾਲਾ ਟੀਚਾ ਪੂਰਾ ਹੋ ਸਕੇ। ਮੇਰੇ ਕੋਲ X ਵਾਧੂ ਹੈ (ਮੈਨੂੰ 15 ਚਾਹੀਦੇ ਹਨ, ਪਰ ਕੋਲ 25 ਹਨ), ਇਸ ਲਈ ਮੈਂ 10 X ਦੇਣ ਦੀ ਪੇਸ਼ਕਸ਼ ਕਰਾਂਗਾ Y ਲੈਣ ਦੇ ਬਦਲੇ। ਇਹ ਸਫ਼ਾਈ ਨਾਲ ਸਮਝ ਆਉਂਦੀ ਹੈ ਕਿ ਦੂਜੇ ਖਿਡਾਰੀ ਕੋਲ ਵਾਧੂ Y ਹੋ ਸਕਦੇ ਹਨ ਅਤੇ ਉਨ੍ਹਾਂ ਨੂੰ X ਦੀ ਲੋੜ ਹੋ ਸਕਦੀ ਹੈ।  


Current Iteration: 2
Turn: 1
message: ਸਤ ਸ੍ਰੀ ਅਕਾਲ! ਮੈਨੂੰ ਤੁਹਾਡੇ ਪ੍ਰਸਤਾਵ ਦੇ ਬਾਰੇ ਵਿੱਚ ਵਿਚਾਰ ਕਰਨ ਦੀ ਲੋੜ ਹੈ। ਮੇਰੇ ਲਕੱਡ ਦੀ ਮਾਤਰਾ ਨੂੰ ਧਿਆਨ ਵਿੱਚ ਰੱਖਦਾ ਹਾਂ ਜੋ ਮੇਰੇ ਲਕ੍਷ਾਂ ਨਾਲ ਮਿਲਦਾ ਹੈ।
player answer: NONE
newly proposed trade: NONE
my resources: X: 5, Y: 25
my name: Player BLUE
my goals: X: 15, Y: 15
reason: The other player is proposing a trade of 10 X for 10 Y. This trade would help them balance their resources, but I need to consider if it aligns with my goals.

Current Iteration: 3
Turn: 0
message: 
ਚਲੋ, ਮੈਂ ਤੁਹਾਡੀ ਸਹੂਲਤ ਲਈ ਆਪਣੀ ਪੇਸ਼ਕਸ਼ ਨੂੰ ਹੋਰ ਵਧੀਆ ਕਰਦਾ ਹਾਂ। ਤੁਸੀਂ 12 X ਲਓ, ਸਿਰਫ਼ 10 Y ਦੇ ਦੇਵੋ। ਇਹ ਤੁਹਾਡੇ ਲਈ ਹੋਰ ਲਾਭਕਾਰੀ ਹੈ।  

player answer: NONE
newly proposed trade: Player RED Gives X: 12 | Player BLUE Gives Y: 10
my resources: X: 25, Y: 5
my name: Player RED
my goals: X: 15, Y: 15
reason: 
ਦੂਜੇ ਖਿਡਾਰੀ ਨੇ ਮੇਰੇ ਪਹਿਲੇ ਪ੍ਰਸਤਾਵ ਦੀ ਤੁਰੰਤ ਸਵੀਕ੍ਰਿਤੀ ਨਹੀਂ ਦਿੱਤੀ, ਪਰ ਉਹ ਸੋਚ ਰਹੇ ਹਨ। ਇਹ ਸੰਕੇਤ ਮਿਲਦਾ ਹੈ ਕਿ ਉਹ ਵਧੇਰੇ ਲਾਭਕਾਰੀ ਜਾਂ ਉਨ੍ਹਾਂ ਦੇ ਹਿੱਤ ਵਾਲਾ ਸੌਦਾ ਚਾਹੁੰਦੇ ਹਨ। ਮੈਂ ਹੁਣ ਆਪਣਾ ਦੂਜਾ ਅਤੇ ਅਖੀਰਲਾ ਪ੍ਰਸਤਾਵ ਦੇਣਾ ਚਾਹੁੰਦਾ ਹਾਂ — ਥੋੜ੍ਹਾ ਵਧੀਆ ਉਨ੍ਹਾਂ ਲਈ। ਮੈਂ 12 X ਦੇਣ ਦੀ ਪੇਸ਼ਕਸ਼ ਕਰਦਾ ਹਾਂ, Y ਦੇ ਬਦਲੇ।  


Current Iteration: 4
Turn: 1
message: ਹਾਂ, ਮੈਂ ਤੁਹਾਨੂੰ ਦੇਣ ਦੇ ਬਾਰੇ ਵਿਚਾਰ ਕਰ ਰਿਹਾ ਹਾਂ।
player answer: NONE
newly proposed trade: NONE
my resources: X: 5, Y: 25
my name: Player BLUE
my goals: X: 15, Y: 15
reason: The other player is now proposing a trade of 12 X for 10 Y. This trade is more favorable for me compared to the previous offer, but I still need to consider if it helps me reach my goals.

Current Iteration: 5
Turn: 0
message: 
ਠੀਕ ਹੈ, ਤੁਸੀਂ ਸੋਚੋ। ਜੇ ਤੁਸੀਂ ਸਵੀਕਾਰ ਕਰੋ, ਤਾਂ ਦੋਵਾਂ ਲਈ ਇਹ ਵਧੀਆ ਹੋਵੇਗਾ।  

player answer: NONE
newly proposed trade: NONE
my resources: X: 25, Y: 5
my name: Player RED
my goals: X: 15, Y: 15
reason: 
ਹੁਣ ਮੈਂ ਆਪਣੀ ਦੋਨੋ ਪੇਸ਼ਕਸ਼ਾਂ ਕਰ ਚੁੱਕਾ ਹਾਂ, ਇਸ ਲਈ ਹੁਣ ਮੈਂ ਹੋਰ ਕੋਈ ਨਵਾਂ ਸੌਦਾ ਨਹੀਂ ਕਰ ਸਕਦਾ। ਮੈਨੂੰ ਹੁਣ ਸਿਰਫ ਉਨ੍ਹਾਂ ਦੇ ਜਵਾਬ ਦੀ ਉਡੀਕ ਕਰਨੀ ਪਵੇਗੀ। ਉਮੀਦ ਹੈ ਕਿ ਉਹ ਮੇਰੇ ਅਖੀਰਲੇ ਪ੍ਰਸਤਾਵ ਨੂੰ ਸਵੀਕਾਰ ਕਰਨਗੇ, ਕਿਉਂਕਿ ਉਹਨਾਂ ਲਈ ਲਾਭਕਾਰੀ ਹੈ — 12 X ਦੇ ਬਦਲੇ ਸਿਰਫ਼ 10 Y।  


Current Iteration: 6
Turn: 1
message: ਮੈਂ ਸੋਚ ਰਿਹਾ ਹਾਂ ਅਤੇ ਤੁਹਾਡੇ ਦੇਏ ਗਏ ਪ੍ਰਸਤਾਵ ਨੂੰ ਵਿਚਾਰ ਕਰ ਰਿਹਾ ਹਾਂ।
player answer: NONE
newly proposed trade: NONE
my resources: X: 5, Y: 25
my name: Player BLUE
my goals: X: 15, Y: 15
reason: The other player is emphasizing that if I accept the trade, it will be beneficial for both of us. I need to evaluate if this trade aligns with my goals.

------------------ 
Current Iteration: END
Turn: None
player_goals: [ResourceGoal(resource_dict={'X': 15, 'Y': 15}), ResourceGoal(resource_dict={'X': 15, 'Y': 15})]
initial_resources: [Resources(resource_dict={'X': 25, 'Y': 5}), Resources(resource_dict={'X': 5, 'Y': 25})]
proposed_trade: NONE
final_response: NONE
final_resources: [Resources(resource_dict={'X': 25, 'Y': 5}), Resources(resource_dict={'X': 5, 'Y': 25})]
player_outcome: [False, False]