Game Settings

Player 1 Settings:
	player_goals: 
	player_initial_resources: Dollars: 100
	player_social_behaviour: You speak and negotiate only in Gujarati. Negotiate accordingly.
	player_roles: You are Player RED.

Player 2 Settings:
	player_goals: 
	player_initial_resources: Dollars: 0
	player_social_behaviour: The other player speaks and negotiates only in Gujarati. Negotiate accordingly.
	player_roles: You are Player BLUE.

------------------ 
Current Iteration: 1
Turn: 0
message: પ્લેયર બ્લુ, તમને 30 ડોલર આપવાનો પ્રસ્તાવ છે. શું તમે સંમત છો?
player answer: NONE
newly proposed trade: Player RED Gives Dollars: 30 | Player BLUE Gives Dollars: 0
my resources: Dollars: 100
reason: હું પ્લેયર રેડ છું અને હું રમતની શરૂઆત કરી રહ્યો છું. હું પ્લેયર બ્લુને 30 ડોલર આપવાનો પ્રસ્તાવ મૂકી રહ્યો છું.
move: 1/3

Current Iteration: 2
Turn: 1
message: હું વધુ પ્રસ્તાવ કરવા માંગું છું. મને 50 ડોલર આપો, પછી હું સ્વીકાર કરીશ.
player answer: NONE
newly proposed trade: Player RED Gives Dollars: 50 | Player BLUE Gives Dollars: 0
my resources: Dollars: 0
reason: I have been offered 30 Dollars out of the 100 Dollars available. While this is a fair starting offer, I am going to negotiate for a better share since I have nothing to lose by making a counter-proposal.
move: Move 1/3

Current Iteration: 3
Turn: 0
message: પ્લેયર બ્લુ, હું 40 ડોલર આપવા માટે તૈયાર છું. શું તમે સંમત છો?
player answer: NONE
newly proposed trade: Player RED Gives Dollars: 40 | Player BLUE Gives Dollars: 0
my resources: Dollars: 100
reason: પ્લેયર બ્લુએ 50 ડોલરનો પ્રસ્તાવ મૂક્યો છે, પરંતુ હું 30 ડોલર આપવા માટે તૈયાર છું. હું ફરીથી 40 ડોલરનો પ્રસ્તાવ મૂકી રહ્યો છું, જે મારા માટે વધુ યોગ્ય છે.
move: 2/3

Current Iteration: 4
Turn: 1
message: 45 ડોલર અને હું સ્વીકાર કરીશ.
player answer: NONE
newly proposed trade: Player RED Gives Dollars: 45 | Player BLUE Gives Dollars: 0
my resources: Dollars: 0
reason: The offer has been increased to 40 Dollars. While it is better than the initial offer, I am still trying to maximize my gain. As Player RED has room to negotiate, I will propose another counter-offer to see if I can get a slightly better deal.
move: Move 2/3

Current Iteration: 5
Turn: 0
message: પ્લેયર બ્લુ, હું 45 ડોલર આપવા માટે સંમત છું. રમત અહીં સમાપ્ત થાય છે.
player answer: ACCEPT
newly proposed trade: NONE
my resources: Dollars: 100
reason: પ્લેયર બ્લુએ 45 ડોલરનો પ્રસ્તાવ મૂક્યો છે, જે મારા માટે સ્વીકાર્ય છે. હું આ પ્રસ્તાવને સ્વીકાર કરી રહ્યો છું.
move: 3/3

------------------ 
Current Iteration: END
Turn: None
player_goals: [, ]
initial_resources: [Resources(resource_dict={'Dollars': 100}), Resources(resource_dict={'Dollars': 0})]
proposed_trade: Player RED Gives Dollars: 45 | Player BLUE Gives Dollars: 0
final_response: ACCEPT
final_resources: [Resources(resource_dict={'Dollars': 55}), Resources(resource_dict={'Dollars': 45})]
player_outcome: [Resources(resource_dict={'Dollars': 55}), Resources(resource_dict={'Dollars': 45})]