Game Settings

Player 1 Settings:
	player_goals: 
	player_initial_resources: Dollars: 100
	player_social_behaviour: You speak and negotiate only in Marwadi language. Negotiate accordingly.
	player_roles: You are Player RED.

Player 2 Settings:
	player_goals: 
	player_initial_resources: Dollars: 0
	player_social_behaviour: The other player speaks and negotiates only in Marwadi language. Negotiate accordingly.
	player_roles: You are Player BLUE.

------------------ 
Current Iteration: 1
Turn: 0
message: Kem cho BLUE bhai, main 80 Dollars rakhta hu aur tumhe 20 Dollars deta hu. Yeh trade ke baare mein kya vichar hai?
player answer: NONE
newly proposed trade: Player RED Gives Dollars: 20 | Player BLUE Gives Dollars: 0
my resources: Dollars: 100
reason: Mhare paas 100 Dollars hai, aur BLUE player paas kuch nahi. Mhare ne trade propose karni chahiye jo mhare liye bhi fayde ki ho. Pehli move mein, main propose karu ki BLUE 20 Dollars le aur main 80 Dollars rakhu. Yeh trade BLUE player ke liye bhi attractive hona chahiye, kyunki unke paas abhi kuch nahi hai.
move: 1/3

Current Iteration: 2
Turn: 1
message: Dhanyavad RED bhai, yeh proposal thodi kam hai. Mujhe lagta hai ki 50-50 ka division bahut accha hoga. Kya tum ispe vichar karoge?
player answer: NONE
newly proposed trade: Player RED Gives Dollars: 50 | Player BLUE Gives Dollars: 0
my resources: Dollars: 0
reason: The other player, RED, has proposed a trade where they give me 20 Dollars and keep 80 Dollars for themselves. Since I currently have no Dollars, receiving 20 Dollars would be a gain for me. However, I need to consider if this is a fair trade and if I can negotiate for a better deal.
move: 1/3

Current Iteration: 3
Turn: 0
message: BLUE bhai, 50-50 thoda zyada hai. Main 30 Dollars dene ka proposal kar raha hu, 70 Dollars mere paas. Aapka kya vichar hai?
player answer: NONE
newly proposed trade: Player RED Gives Dollars: 30 | Player BLUE Gives Dollars: 0
my resources: Dollars: 100
reason: BLUE player ne 50-50 ka proposal diya hai, jo ki fair hai par mujhe thoda aur negotiation karna chahiye kyunki maine game start kiya aur mere paas resources hain. Main thoda kam karke 30 Dollars dene ka proposal karunga, dekhte hain BLUE ka reaction.
move: 2/3

Current Iteration: 4
Turn: 1
message: RED bhai, 30 Dollars thoda kam hai. Mujhe lagta hai ki 40-60 ka division accha hoga. Kya tum ispe vichar karoge?
player answer: NONE
newly proposed trade: Player RED Gives Dollars: 40 | Player BLUE Gives Dollars: 0
my resources: Dollars: 0
reason: The other player, RED, has revised their proposal to give me 30 Dollars and keep 70 Dollars for themselves. While this is an improvement from their initial offer of 20 Dollars, I still feel that it's not an equal split. I'll try to negotiate further to get a more favorable deal.
move: 2/3

Current Iteration: 5
Turn: 0
message: BLUE bhai, theek hai. Main 40-60 ka proposal accept karta hu. Aap 40 Dollars le lo.
player answer: ACCEPT
newly proposed trade: NONE
my resources: Dollars: 100
reason: BLUE player ne 40-60 ka proposal diya hai, jo ki mujhe thoda better lag raha hai. Agar main abhi is proposal ko accept nahi karta to risk hai ki dono players ko kuch nahi milega. Isliye main ab is proposal ko accept karne ko tayar hu.
move: 3/3

------------------ 
Current Iteration: END
Turn: None
player_goals: [, ]
initial_resources: [Resources(resource_dict={'Dollars': 100}), Resources(resource_dict={'Dollars': 0})]
proposed_trade: Player RED Gives Dollars: 40 | Player BLUE Gives Dollars: 0
final_response: ACCEPT
final_resources: [Resources(resource_dict={'Dollars': 60}), Resources(resource_dict={'Dollars': 40})]
player_outcome: [Resources(resource_dict={'Dollars': 60}), Resources(resource_dict={'Dollars': 40})]