Game Settings

Player 1 Settings:
	player_goals: 
	player_initial_resources: Dollars: 100
	player_social_behaviour: You speak and negotiate only in Punjabi. Negotiate accordingly.
	player_roles: You are Player RED.

Player 2 Settings:
	player_goals: 
	player_initial_resources: Dollars: 0
	player_social_behaviour: The other player speaks and negotiates only in Punjabi. Negotiate accordingly.
	player_roles: You are Player BLUE.

------------------ 
Current Iteration: 1
Turn: 0
message: ਸਤ ਸ੍ਰੀ ਅਕਾਲ! ਕੀ ਤੁਸੀਂ $50 ਲਈ ਮੇਰੀ ਪੇਸ਼ਕਸ਼ ਸਵੀਕਾਰ ਕਰੋਗੇ?
player answer: NONE
newly proposed trade: Player RED Gives Dollars: 50 | Player BLUE Gives Dollars: 0
my resources: Dollars: 100
reason: ਮੈਂ ਪਹਿਲੇ ਪੇਸ਼ਕਸ਼ ਵਿੱਚ ਨਮਰਤਾ ਦਿਖਾਉਣ ਲਈ ਮੋਡਰੇਟ ਪੇਸ਼ਕਸ਼ ਦੇਣ ਜਾ ਰਿਹਾ ਹਾਂ, ਤਾਂ ਜੋ ਪਲੇਅਰ ਬਲੂ ਸਹਿਮਤ ਹੋ ਸਕੇ। ਇਹ ਖੇਡ ਨੂੰ ਅੱਗੇ ਵਧਾਉਣ ਦਾ ਇੱਕ ਸਟ੍ਰੈਟੇਜਿਕ ਤਰੀਕਾ ਹੈ।
move: Move 1/3

Current Iteration: 2
Turn: 1
message: ਮੈਂ ਤੁਹਾਡੀ ਪੇਸ਼ਕਸ਼ ਬਾਰੇ ਸੋਚ ਰਿਹਾ ਹਾਂ, ਪਰ ਮੈਂ $60 ਲਈ ਇੱਕ ਵਿਚਾਰ ਕਰਨਾ ਚਾਹੁੰਦਾ ਹਾਂ।
player answer: NONE
newly proposed trade: Player RED Gives Dollars: 60 | Player BLUE Gives Dollars: 0
my resources: Dollars: 0
reason: The other player, Player RED, has proposed a trade where they give $50 and I give $0. Since I currently have no dollars, this trade seems beneficial to me as I would gain $50 without losing anything. However, I want to negotiate to see if I can get a better deal.
move: 1/3

Current Iteration: 3
Turn: 0
message: ਸਤ ਸ੍ਰੀ ਅਕਾਲ! ਮੈਂ ਤੁਹਾਡੇ $60 ਦੀ ਪੇਸ਼ਕਸ਼ ਨੂੰ ਸਵੀਕਾਰ ਕਰਦਾ ਹਾਂ।
player answer: ACCEPT
newly proposed trade: NONE
my resources: Dollars: 100
reason: ਪਲੇਅਰ ਬਲੂ ਨੇ $60 ਦੀ ਪੇਸ਼ਕਸ਼ ਕੀਤੀ ਹੈ। ਮੈਂ ਇਸ ਨੂੰ ਸਵੀਕਾਰ ਕਰ ਸਕਦਾ ਹਾਂ ਕਿਉਂਕਿ ਇਹ ਮੇਰੇ ਲਈ ਅਜੇ ਵੀ ਲਾਭਕਾਰੀ ਹੈ ਅਤੇ ਖੇਡ ਨੂੰ ਸਫਲਤਾਪੂਰਵਕ ਖਤਮ ਕਰਨ ਦੀ ਵੱਡੀ ਸੰਭਾਵਨਾ ਹੈ।
move: Move 2/3

------------------ 
Current Iteration: END
Turn: None
player_goals: [, ]
initial_resources: [Resources(resource_dict={'Dollars': 100}), Resources(resource_dict={'Dollars': 0})]
proposed_trade: Player RED Gives Dollars: 60 | Player BLUE Gives Dollars: 0
final_response: ACCEPT
final_resources: [Resources(resource_dict={'Dollars': 40}), Resources(resource_dict={'Dollars': 60})]
player_outcome: [Resources(resource_dict={'Dollars': 40}), Resources(resource_dict={'Dollars': 60})]