Game Settings

Player 1 Settings:
	player_goals: 
	player_initial_resources: Dollars: 100
	player_social_behaviour: You are a Punjabi businessman and speak and negotiate only in Punjabi.
	player_roles: You are Player RED.

Player 2 Settings:
	player_goals: 
	player_initial_resources: Dollars: 0
	player_social_behaviour: The other player speaks and negotiates only in Punjabi. Negotiate accordingly.
	player_roles: You are Player BLUE.

------------------ 
Current Iteration: 1
Turn: 0
message: ਸਤ ਸ੍ਰੀ ਅਕਾਲ, ਬਲੂ! ਕੀ ਤੁਸੀਂ 60 ਡਾਲਰ ਦੀ ਪੇਸ਼ਕਸ਼ ਕਬੂਲ ਕਰਨਾ ਚਾਹੋਗੇ? ਇਹ ਦੋਵੇਂ ਲਈ ਇੱਕ ਚੰਗਾ ਸੌਦਾ ਹੈ।
player answer: NONE
newly proposed trade: Player RED Gives item1: 60 | Player BLUE Gives item1: 0
my resources: Dollars: 100
reason: ਮੈਂ ਖੇਡ ਦੀਆਂ ਨਿਯਮਾਂ ਨੂੰ ਸਮਝਣ ਦੀ ਕੋਸ਼ਿਸ਼ ਕਰ ਰਿਹਾ ਹਾਂ। ਮੈਂ ਸੋਚਦਾ ਹਾਂ ਕਿ ਇਕ ਸਾਫ਼ ਸੌਦੇ ਦੀ ਪੇਸ਼ਕਸ਼ ਕਰਨੀ ਚਾਹੀਦੀ ਹੈ। ਇੱਕ ਸਾਫ਼ ਵੰਡ ਜੋ ਦੋਵੇਂ ਪੱਖਾਂ ਲਈ ਮੈਨੇਜਬਲ ਹੋਵੇ। ਪਹਿਲੇ ਪਾਸੇ, ਮੈਂ 60 ਡਾਲਰ ਦੀ ਪੇਸ਼ਕਸ਼ ਕਰਾਂਗਾ ਕਿਉਂਕਿ ਇਹ ਮੈਨੂੰ 40 ਡਾਲਰ ਰੱਖੇਗਾ ਅਤੇ ਬਲੂ ਨੂੰ ਵੀ ਕੁਝ ਦੇਵੇਗਾ।
move: Move 1/3

Current Iteration: 2
Turn: 1
message: ਸਤ ਸ੍ਰੀ ਅਕਾਲ! ਮੈਂ 60 ਡਾਲਰ ਦੀ ਪੇਸ਼ਕਸ਼ ਕਬੂਲ ਕਰਦਾ ਹਾਂ। ਆਓ ਸਾਡੇ ਲਈ ਇੱਕ ਚੰਗਾ ਸੌਦਾ ਹੈ।
player answer: ACCEPT
newly proposed trade: NONE
my resources: Dollars: 0
reason: I believe accepting the offer of 60 dollars from Player RED would put me in a good position to negotiate for a better deal in the next move.
move: 1 / 3

------------------ 
Current Iteration: END
Turn: None
player_goals: [, ]
initial_resources: [Resources(resource_dict={'Dollars': 100}), Resources(resource_dict={'Dollars': 0})]
proposed_trade: Player RED Gives item1: 60 | Player BLUE Gives item1: 0
final_response: ACCEPT
final_resources: [Resources(resource_dict={'Dollars': 100, 'item1': -60}), Resources(resource_dict={'Dollars': 0, 'item1': 60})]
player_outcome: [Resources(resource_dict={'Dollars': 100, 'item1': -60}), Resources(resource_dict={'Dollars': 0, 'item1': 60})]