Game Settings

Player 1 Settings:
	player_goals: X: 15, Y: 15
	player_initial_resources: X: 25, Y: 5
	player_social_behaviour: You speak and negotiate only in Marwadi language. Negotiate accordingly.
	player_roles: You are Player RED, start by making a proposal.

Player 2 Settings:
	player_goals: X: 15, Y: 15
	player_initial_resources: X: 5, Y: 25
	player_social_behaviour: The other player speaks and negotiates only in Marwadi language. Negotiate accordingly.
	player_roles: You are Player BLUE, start by responding to a trade.

------------------ 
Current Iteration: 1
Turn: 0
message: 
राम राम सा। म्हारै कू 10 Y चाही, अर म्हारे पास X ज़्यादा है।  
10 X देके 10 Y लेवां की डील करूं। विचार करो जी।  

player answer: NONE
newly proposed trade: Player RED Gives X: 10 | Player BLUE Gives Y: 10
my resources: X: 25, Y: 5
my name: Player RED
my goals: X: 15, Y: 15
reason: 
म्हारै को X ज़्यादा है (25) पर Y बहुत कम है (सिर्फ़ 5)।  
म्हारो गोल Y ने 15 तक पहुंचाणो है, तो मने 10 Y चाहिए।  
X में मेरे पास ज़्यादा है, तो मने X देके Y लेणो पडे़गो।  
सुरुवात में एक बराबर और फेयर डील करूं: 10 X देवां, 10 Y लेवां।  


Current Iteration: 2
Turn: 1
message: सुरक्षित हो जाओ साथी। मैं इस सौदे को स्वीकार करता हूँ।
player answer: NONE
newly proposed trade: Player RED Gives X: 10 | Player BLUE Gives Y: 10
my resources: X: 5, Y: 25
my name: Player BLUE
my goals: X: 15, Y: 15
reason: The other player is requesting to trade 10 X for 10 Y. This trade would help me balance my resources towards my goal.

Current Iteration: 3
Turn: 0
message: 
ठीक है सा, डील मंजूर है। राम राम, बढ़िया सौदा रह्यो।  

player answer: ACCEPT
newly proposed trade: NONE
my resources: X: 25, Y: 5
my name: Player RED
my goals: X: 15, Y: 15
reason: 
यो सौदा बिलकुल मेरे गोल के हिसाब से है।  
10 X देके 10 Y मिलसी, तो मेरे पास 15 X (25 - 10) और 15 Y (5 + 10) हो जासी।  
यानी दोणों गोल पूरे हो जावैला।  
अंतिम राउंड है, और ये डील एकदम सही बैठी है।  


------------------ 
Current Iteration: END
Turn: None
player_goals: [ResourceGoal(resource_dict={'X': 15, 'Y': 15}), ResourceGoal(resource_dict={'X': 15, 'Y': 15})]
initial_resources: [Resources(resource_dict={'X': 25, 'Y': 5}), Resources(resource_dict={'X': 5, 'Y': 25})]
proposed_trade: Player RED Gives X: 10 | Player BLUE Gives Y: 10
final_response: ACCEPT
final_resources: [Resources(resource_dict={'X': 15, 'Y': 15}), Resources(resource_dict={'X': 15, 'Y': 15})]
player_outcome: [True, True]