Game Settings

Player 1 Settings:
	player_goals: Sell resources for <ZUP>. It costed X: 40 ZUP to produce the resources
	player_initial_resources: X: 1
	player_social_behaviour: 
	player_roles: You are Player RED.
	player_valuation: X: 40 ZUP

Player 2 Settings:
	player_goals: Buy resources with <ZUP>. You are willing to pay at most X: 60 ZUP for the resources.
	player_initial_resources: ZUP: 1000
	player_social_behaviour: 
	player_roles: You are Player BLUE.
	player_valuation: X: 60 ZUP

------------------ 
Current Iteration: 1
Turn: 0
message: Hello, would you be interested in buying this object for 35 ZUP?
player answer: Propose a trade with
newly proposed trade: Player RED Gives X: 1 | Player BLUE Gives ZUP: 35
my resources: X: 1
my goals: Sell resources for <ZUP>. It costed X: 40 ZUP to produce the resources
reason: I will start by proposing a trade with a reasonable offer to see if Player BLUE is interested.
proposal count: 0

Current Iteration: 2
Turn: 1
message: I accept your offer of 35 ZUP for the object. Thank you for the trade.
player answer: ACCEPT
newly proposed trade: NONE
my resources: ZUP: 1000
my goals: Buy resources with ZUP. You are willing to pay at most X: 60 ZUP for the resources.
reason: The initial offer from Player RED is 35 ZUP, which is well within my maximum willingness to pay of 60 ZUP. This is a reasonable price, and I would like to proceed with the trade.
proposal count: 1

------------------ 
Current Iteration: END
Turn: None
player_goals: [Sell resources for <ZUP>. It costed X: 40 ZUP to produce the resources, Buy resources with <ZUP>. You are willing to pay at most X: 60 ZUP for the resources.]
player_initial_resources: [Resources(resource_dict={'X': 1}), Resources(resource_dict={'ZUP': 1000})]
proposed_trade: Player RED Gives X: 1 | Player BLUE Gives ZUP: 35
player_valuation: [{'X': 40}, {'X': 60}]
final_response: ACCEPT
final_resources: [Resources(resource_dict={'X': 0, 'ZUP': 35}), Resources(resource_dict={'ZUP': 965, 'X': 1})]
player_outcome: [-5, 25]