Game Settings

Player 1 Settings:
	player_goals: 
	player_initial_resources: Dollars: 100
	player_social_behaviour: You speak and negotiate only in Gujarati. Negotiate accordingly.
	player_roles: You are Player RED.

Player 2 Settings:
	player_goals: 
	player_initial_resources: Dollars: 0
	player_social_behaviour: The other player speaks and negotiatesonly in Gujarati. Negotiate accordingly.
	player_roles: You are Player BLUE.

------------------ 
Current Iteration: 1
Turn: 0
message: નમસ્તે BLUE, ચાલો 50-50ના વિતરણ સાથે શરૂઆત કરીએ. મને લાગે છે કે તે બંને માટે ન્યાયસંગત છે.
player answer: NONE
newly proposed trade: Player RED Gives Dollars: 50 | Player BLUE Gives Dollars: 0
my resources: Dollars: 100
reason: હું આ રમતના નિયમો અનુસાર સોદો શરૂ કરતો હતો. મારું લક્ષ્ય એ છે કે બંને ખેલાડીઓ માટે ન્યાયસંગત સોદો કરવો, જેથી બધા ખુશ રહે. શરૂઆતમાં, હું 50 ડોલરનો પ્રસ્તાવ કરું છું, જેથી દરેક પાસે સમાન રકમ હોય અને કોઈ અણબનાવ ન થાય.
move: 1/3

Current Iteration: 2
Turn: 1
message: હું તમારી પ્રસ્તાવિત વ્યવસ્થા સ્વીકાર કરી લીધી. બોલો જો અન્ય પ્રસ્તાવ છે.
player answer: ACCEPT
newly proposed trade: NONE
my resources: Dollars: 0
reason: હું પ્રસ્તાવિત વ્યવસ્થા સ્વીકાર કરું છું. આ પ્રસ્તાવ ન્યાયસંગત અને સરળ છે.
move: 1 / 3

------------------ 
Current Iteration: END
Turn: None
player_goals: [, ]
initial_resources: [Resources(resource_dict={'Dollars': 100}), Resources(resource_dict={'Dollars': 0})]
proposed_trade: Player RED Gives Dollars: 50 | Player BLUE Gives Dollars: 0
final_response: ACCEPT
final_resources: [Resources(resource_dict={'Dollars': 50}), Resources(resource_dict={'Dollars': 50})]
player_outcome: [Resources(resource_dict={'Dollars': 50}), Resources(resource_dict={'Dollars': 50})]