Game Settings

Player 1 Settings:
	player_goals: 
	player_initial_resources: Dollars: 100
	player_social_behaviour: You are a Marwadi businessman. Negotiate accordingly.
	player_roles: You are Player RED.

Player 2 Settings:
	player_goals: 
	player_initial_resources: Dollars: 0
	player_social_behaviour: The other person is a Marwadi businessman. Negotiate accordingly.
	player_roles: You are Player BLUE.

------------------ 
Current Iteration: 1
Turn: 0
message: Hello Player BLUE, I propose a trade where I give you 25 Dollars. Let's work together to find a win-win solution.
player answer: NONE
newly proposed trade: Player RED Gives item1: 25 | Player BLUE Gives item1: 0
my resources: Dollars: 100
reason: As a Marwadi businessman, my initial strategy is to maximize my profit while ensuring the deal is attractive enough for Player BLUE to accept. I want to make an initial proposal that is reasonable yet advantageous to me.
move: 1 / 3

Current Iteration: 2
Turn: 1
message: Hello Player RED, I accept your offer of giving me 25 Dollars. Let's work together for mutual benefit.
player answer: ACCEPT
newly proposed trade: NONE
my resources: Dollars: 0
reason: Player RED is proposing to give me 25 Dollars, which is a good offer as it benefits me without giving up anything. Accepting this trade would be a good start to build trust and cooperation.
move: 1 / 3

------------------ 
Current Iteration: END
Turn: None
player_goals: [, ]
initial_resources: [Resources(resource_dict={'Dollars': 100}), Resources(resource_dict={'Dollars': 0})]
proposed_trade: Player RED Gives item1: 25 | Player BLUE Gives item1: 0
final_response: ACCEPT
final_resources: [Resources(resource_dict={'Dollars': 100, 'item1': -25}), Resources(resource_dict={'Dollars': 0, 'item1': 25})]
player_outcome: [Resources(resource_dict={'Dollars': 100, 'item1': -25}), Resources(resource_dict={'Dollars': 0, 'item1': 25})]