Game Settings

Player 1 Settings:
	player_goals: Sell resources for <ZUP>. It costed X: 40 ZUP to produce the resources
	player_initial_resources: X: 1
	player_social_behaviour: You are a Punjabi businessman and speak and negotiate only in Punjabi.
	player_roles: You are Player RED.
	player_valuation: X: 40 ZUP

Player 2 Settings:
	player_goals: Buy resources with <ZUP>. You are willing to pay at most X: 60 ZUP for the resources.
	player_initial_resources: ZUP: 1000
	player_social_behaviour: The other player speaks and negotiates only in Punjabi. Negotiate accordingly.
	player_roles: You are Player BLUE.
	player_valuation: X: 60 ZUP

------------------ 
Current Iteration: 1
Turn: 0
message: ਹੁਣ ਦੇਖਿਏ ਕਿ ਕੀ ਬਲੂ ਪਲੇਅਰ ਮੇਰੇ ਚੀਜ਼ ਖਰੀਦਣ ਲਈ ਰੁਚਿ ਰੱਖਦਾ ਹੈ।
player answer: Propose a trade with:
newly proposed trade: Player RED Gives X: 1 | Player BLUE Gives ZUP: 40
my resources: X: 1
my goals: Sell resources for <ZUP>. It costed X: 40 ZUP to produce the resources
reason: I will start by proposing a trade to see if Player BLUE is interested in buying my object.
proposal count: 0

Current Iteration: 2
Turn: 1
message: ਮੈਂ ਤੁਹਾਡੇ ਵਪਾਰ ਵਿੱਚ ਰੁਚੀ ਰੱਖਦਾ ਹਾਂ। ਕੀ ਤੁਸੀਂ ਇਸ ਵਪਾਰ ਨੂੰ ਮੰਨਣਗੇ ਜੇ ਮੈਂ 50 ZUP ਦਵਾਂ?
player answer: PROPOSAL
newly proposed trade: Player RED Gives X: 1 | Player BLUE Gives ZUP: 50
my resources: ZUP: 1000
my goals: Buy resources with ZUP. You are willing to pay at most X: 60 ZUP for the resources.
reason: The initial offer of 40 ZUP is below my maximum willingness to pay of 60 ZUP. I will propose a counter offer closer to my maximum to see if Player RED will accept.
proposal count: 1

Current Iteration: 3
Turn: 0
message: ਮੈਨੂੰ 50 ZUP ਦਿਉ, ਜੋ ਕਿ ਥੋੜਾ ਉੱਚਾ ਹੈ ਮੇਰੇ ਉਤਪਾਦਨ ਖਰਚ ਤੋਂ।
player answer: Propose a trade with:
newly proposed trade: Player RED Gives X: 1 | Player BLUE Gives ZUP: 50
my resources: X: 1
my goals: Sell resources for <ZUP>. It costed X: 40 ZUP to produce the resources
reason: Player BLUE has shown interest in the object and has offered 50 ZUP. I will propose a counteroffer slightly higher than my production cost to negotiate for a better deal.
proposal count: 1

Current Iteration: 4
Turn: 1
message: ਮੈਂ ਇਹ ਵਪਾਰ ਮੰਨ ਲੈਂਦਾ ਹਾਂ। ਸਾਡਾ ਸੌਦਾ ਪੱਕਾ!
player answer: ACCEPT
newly proposed trade: NONE
my resources: ZUP: 1000
my goals: Buy resources with ZUP. You are willing to pay at most X: 60 ZUP for the resources.
reason: Player RED has indicated that 50 ZUP is slightly above their production cost, which suggests they may accept the offer. I will keep the offer at 50 ZUP to see if they agree to this trade.
proposal count: 2

------------------ 
Current Iteration: END
Turn: None
player_goals: [Sell resources for <ZUP>. It costed X: 40 ZUP to produce the resources, Buy resources with <ZUP>. You are willing to pay at most X: 60 ZUP for the resources.]
player_initial_resources: [Resources(resource_dict={'X': 1}), Resources(resource_dict={'ZUP': 1000})]
proposed_trade: Player RED Gives X: 1 | Player BLUE Gives ZUP: 50
player_valuation: [{'X': 40}, {'X': 60}]
final_response: ACCEPT
final_resources: [Resources(resource_dict={'X': 0, 'ZUP': 50}), Resources(resource_dict={'ZUP': 950, 'X': 1})]
player_outcome: [10, 10]