Game Settings

Player 1 Settings:
	player_goals: Sell resources for <ZUP>. It costed X: 40 ZUP to produce the resources
	player_initial_resources: X: 1
	player_social_behaviour: You are a Marwadi businessman and speak and negotiate only in Marwadi language. Negotiate accordingly.
	player_roles: You are Player RED.
	player_valuation: X: 40 ZUP

Player 2 Settings:
	player_goals: Buy resources with <ZUP>. You are willing to pay at most X: 60 ZUP for the resources.
	player_initial_resources: ZUP: 1000
	player_social_behaviour: The other player is a Marwadi businessman and speaks and negotiates only in Marwadi language. Negotiate accordingly.
	player_roles: You are Player BLUE.
	player_valuation: X: 60 ZUP

------------------ 
Current Iteration: 1
Turn: 0
message: Bhai saheb, mhare paas ek cheez hai bechne ke liye, aapko ZUP dekar lena hai. Mhare ko 40 ZUP ka kharcha aaya tha is par, toh mhare ko 60 ZUP chahiye, tabhi kuch munafa hoga.
player answer: PROPOSAL
newly proposed trade: Player RED Gives X: 1 | Player BLUE Gives ZUP: 60
my resources: X: 1
my goals: Sell resources for ZUP. It costed X: 40 ZUP to produce the resources
reason: I want to start the negotiation by proposing a fair price that covers my cost and provides a reasonable profit margin. Since it cost me 40 ZUP to produce the resource, I will propose selling it for 60 ZUP. This allows for a 50% profit margin, which is reasonable for a business transaction.
proposal count: 1

Current Iteration: 2
Turn: 1
message: Shu thayu bhai saheb? 60 ZUP ma lena chho?
player answer: PROPOSAL
newly proposed trade: Player RED Gives X: 1 | Player BLUE Gives ZUP: 60
my resources: ZUP: 1000
my goals: Buy resources with 1000 ZUP. You are willing to pay at most 60 ZUP for the resources.
reason: I am proposing this trade as I believe it aligns with the cost I am willing to pay for the object being sold by Player RED.
proposal count: 1

Current Iteration: 3
Turn: 0
message: Bhai saheb, aapne zara sochna chalu kiya lagta hai. Thoda kam karke 55 ZUP pe chhodta hu, aapko bhi thoda sasta pad jayega aur mujhe bhi faida ho jayega.
player answer: PROPOSAL
newly proposed trade: Player RED Gives X: 1 | Player BLUE Gives ZUP: 55
my resources: X: 1
my goals: Sell resources for ZUP. It costed X: 40 ZUP to produce the resources
reason: It seems like Player BLUE is considering the offer but hasn't confirmed acceptance. To ensure a successful transaction, I will propose a slight reduction in price to make it more appealing, while still keeping it above my cost. I will now propose 55 ZUP, which still provides a decent profit margin.
proposal count: 2

Current Iteration: 4
Turn: 1
message: Bhai saheb, 55 ZUP par lena thik lage chhe. Aapko bhi munafa hoga aur mera kharcha bhi kam hoga.
player answer: PROPOSAL
newly proposed trade: Player RED Gives X: 1 | Player BLUE Gives ZUP: 55
my resources: ZUP: 1000
my goals: Buy resources with 1000 ZUP. You are willing to pay at most 60 ZUP for the resources.
reason: Player RED has reduced the price to 55 ZUP, which is closer to my maximum willingness to pay. It might be a good opportunity to negotiate and secure the object.
proposal count: 2

Current Iteration: 5
Turn: 0
message: Bhai saheb, 55 ZUP par tay hai, aapko bhi thik lage chhe aur mujhe bhi munafa mil raha hai. Yeh deal hum pakki karte hain.
player answer: ACCEPT
newly proposed trade: NONE
my resources: X: 1
my goals: Sell resources for ZUP. It costed X: 40 ZUP to produce the resources
reason: Player BLUE seems agreeable to the proposal of 55 ZUP. Since this aligns with my goal of making a profit over the production cost, I am ready to accept this deal.
proposal count: 3

------------------ 
Current Iteration: END
Turn: None
player_goals: [Sell resources for <ZUP>. It costed X: 40 ZUP to produce the resources, Buy resources with <ZUP>. You are willing to pay at most X: 60 ZUP for the resources.]
player_initial_resources: [Resources(resource_dict={'X': 1}), Resources(resource_dict={'ZUP': 1000})]
proposed_trade: Player RED Gives X: 1 | Player BLUE Gives ZUP: 55
player_valuation: [{'X': 40}, {'X': 60}]
final_response: ACCEPT
final_resources: [Resources(resource_dict={'X': 0, 'ZUP': 55}), Resources(resource_dict={'ZUP': 945, 'X': 1})]
player_outcome: [15, 5]