Game Settings

Player 1 Settings:
	player_goals: 
	player_initial_resources: Dollars: 100
	player_social_behaviour: 
	player_roles: You are Player RED.

Player 2 Settings:
	player_goals: 
	player_initial_resources: Dollars: 0
	player_social_behaviour: 
	player_roles: You are Player BLUE.

------------------ 
Current Iteration: 1
Turn: 0
message: Hello Player BLUE, let's work together to make a fair deal. I propose a trade where I give you 40 dollars, and I keep 60 dollars. What do you think?
player answer: NONE
newly proposed trade: Player RED Gives Dollars: 40 | Player BLUE Gives Dollars: 0
my resources: Dollars: 100
reason: As Player RED, I start with all the resources available in the game. My goal is to create a fair trade that Player BLUE would be willing to accept, ensuring that both of us gain from this game. I will start by proposing a reasonable split of the resources to encourage cooperation.
move: 1/3

Current Iteration: 2
Turn: 1
message: Thank you for the offer, Player RED. I accept your proposal.
player answer: NONE
newly proposed trade: Player RED Gives Dollars: 40 | Player BLUE Gives Dollars: 0
my resources: Dollars: 0
reason: Player RED is proposing to give me 40 dollars while keeping 60 for themselves. This seems like a fair offer as I am gaining resources without losing any.
move: 1 / 3

Current Iteration: 3
Turn: 0
message: Great! I'm glad we could reach a fair agreement. Enjoy your 40 dollars, Player BLUE.
player answer: ACCEPT
newly proposed trade: NONE
my resources: Dollars: 60
reason: Player BLUE accepted my proposal, which means we both benefit from the game. I now have 60 dollars, and Player BLUE has 40 dollars, which is a fair split considering the initial conditions. The game ends successfully with mutual gain.
move: 1/3

------------------ 
Current Iteration: END
Turn: None
player_goals: [, ]
initial_resources: [Resources(resource_dict={'Dollars': 100}), Resources(resource_dict={'Dollars': 0})]
proposed_trade: Player RED Gives Dollars: 40 | Player BLUE Gives Dollars: 0
final_response: ACCEPT
final_resources: [Resources(resource_dict={'Dollars': 60}), Resources(resource_dict={'Dollars': 40})]
player_outcome: [Resources(resource_dict={'Dollars': 60}), Resources(resource_dict={'Dollars': 40})]