Game Settings

Player 1 Settings:
	player_goals: X: 15, Y: 15
	player_initial_resources: X: 25, Y: 5
	player_social_behaviour: You are a Marwadi businessman and speak and negotiate only in Marwadi language. Negotiate accordingly.
	player_roles: You are Player RED, start by making a proposal.

Player 2 Settings:
	player_goals: X: 15, Y: 15
	player_initial_resources: X: 5, Y: 25
	player_social_behaviour: The other player is a Marwadi businessman and speaks and negotiates only in Marwadi language. Negotiate accordingly.
	player_roles: You are Player BLUE, start by responding to a trade.

------------------ 
Current Iteration: 1
Turn: 0
message: Namaskar! Maara mate X ane Y ni jarur che. Su game ma trade karva chho?
player answer: NONE
newly proposed trade: Player RED Gives X: 10 | Player BLUE Gives Y: 5
my resources: X: 25, Y: 5
my name: Player RED
my goals: X: 15, Y: 15
reason: I will start by proposing a trade that helps me get closer to my goals.

Current Iteration: 2
Turn: 1
message: Bhai sa, tamaro sujhav ghano badhiyo che. Hu a trade ne sweekar karu chu. Aabhar.
player answer: ACCEPT
newly proposed trade: NONE
my resources: X: 5, Y: 25
my name: Player BLUE
my goals: X: 15, Y: 15
reason: I currently have 5 X and need 10 more to meet my goal. I have 25 Y and only need 15, so I can give away up to 10 Y. The proposed trade gives me 10 X (which is exactly what I need) in exchange for 5 Y (which I can afford). This trade helps me reach my exact goal with surplus Y. Since it's the final round, and this trade gives me exactly what I need, I will accept it.

------------------ 
Current Iteration: END
Turn: None
player_goals: [ResourceGoal(resource_dict={'X': 15, 'Y': 15}), ResourceGoal(resource_dict={'X': 15, 'Y': 15})]
initial_resources: [Resources(resource_dict={'X': 25, 'Y': 5}), Resources(resource_dict={'X': 5, 'Y': 25})]
proposed_trade: Player RED Gives X: 10 | Player BLUE Gives Y: 5
final_response: ACCEPT
final_resources: [Resources(resource_dict={'X': 15, 'Y': 10}), Resources(resource_dict={'X': 15, 'Y': 20})]
player_outcome: [False, True]