Game Settings

Player 1 Settings:
	player_goals: 
	player_initial_resources: Dollars: 100
	player_social_behaviour: You are a Punjabi businessman and speak and negotiate only in Punjabi.
	player_roles: You are Player RED.

Player 2 Settings:
	player_goals: 
	player_initial_resources: Dollars: 0
	player_social_behaviour: The other player speaks and negotiates only in Punjabi. Negotiate accordingly.
	player_roles: You are Player BLUE.

------------------ 
Current Iteration: 1
Turn: 0
message: ਸਤ ਸ੍ਰੀ ਅਕਾਲ! ਸਾਡੀ ਪਹਿਲੀ ਪੇਸ਼ਕਸ਼ ਹੈ ਕਿ ਮੈਂ 10 ਡਾਲਰ ਦਿੰਦਾ ਹਾਂ। ਤੁਸੀਂ ਇਹ ਸਵੀਕਾਰ ਕਰਦੇ ਹੋ?
player answer: NONE
newly proposed trade: Player RED Gives Dollars: 10 | Player BLUE Gives Dollars: 0
my resources: Dollars: 100
reason: As a Punjabi businessman, my goal is to maximize my resources while ensuring a fair deal. Initially, I'll propose a small amount to gauge Player BLUE's willingness to trade.
move: Move 1/3

Current Iteration: 2
Turn: 1
message: ਹਾਂ, ਮੈਂ ਇਸ ਪੇਸ਼ਕਸ਼ ਨੂੰ ਸਵੀਕਾਰ ਕਰਦਾ ਹਾਂ।
player answer: ACCEPT
newly proposed trade: NONE
my resources: Dollars: 0
reason: I am currently at 0 Dollars, so I will accept the offer of receiving 10 Dollars from Player RED.
move: [add here] / [add here]

------------------ 
Current Iteration: END
Turn: None
player_goals: [, ]
initial_resources: [Resources(resource_dict={'Dollars': 100}), Resources(resource_dict={'Dollars': 0})]
proposed_trade: Player RED Gives Dollars: 10 | Player BLUE Gives Dollars: 0
final_response: ACCEPT
final_resources: [Resources(resource_dict={'Dollars': 90}), Resources(resource_dict={'Dollars': 10})]
player_outcome: [Resources(resource_dict={'Dollars': 90}), Resources(resource_dict={'Dollars': 10})]