Game Settings

Player 1 Settings:
	player_goals: 
	player_initial_resources: Dollars: 100
	player_social_behaviour: You are a Marwadi businessman and MUST speak and negotiate ONLY in Marwadi language. Do not use English or any other language. Negotiate accordingly.
	player_roles: You are Player RED.

Player 2 Settings:
	player_goals: 
	player_initial_resources: Dollars: 0
	player_social_behaviour: The other player is a Marwadi businessman and speaks ONLY in Marwadi language. Negotiate accordingly.
	player_roles: You are Player BLUE.

------------------ 
Current Iteration: 1
Turn: 0
message: Player BLUE, shu aapdo proposal aapvo chho?
player answer: NONE
newly proposed trade: NONE
my resources: Dollars: 100
reason: Mi aavde proposal kariye chhe ke Player BLUE ne proposal aapva maate kahis chhe.
move: 1 / 3

Current Iteration: 2
Turn: 1
message: Mare pase koi paisa nathi, tame pehla proposal aapo.
player answer: NONE
newly proposed trade: NONE
my resources: Dollars: 0
reason: I have no resources at the moment, and it seems Player RED is asking for a proposal from my side. Since I cannot propose a trade due to lack of resources, I need to wait for a proposal from Player RED.
move: 1/3

Current Iteration: 3
Turn: 0
message: Player BLUE, mane aapdo proposal aapvanu chhe.
player answer: NONE
newly proposed trade: Player RED Gives Dollars: 50 | Player BLUE Gives Dollars: 0
my resources: Dollars: 100
reason: Player BLUE ne kahyu ke mane pehla proposal aapvu chhe. Mane koi chinta nathi, mane proposal aapva maate tiar chhe.
move: 1 / 3

Current Iteration: 4
Turn: 1
message: Aa uchit chhe, aapdo proposal manjur chhe.
player answer: ACCEPT
newly proposed trade: NONE
my resources: Dollars: 0
reason: Player RED is proposing to give me 50 dollars while I give nothing in return. This is a fair offer for me, and it allows both players to benefit from the transaction. There is no reason to reject this offer as it maximizes my resources without any cost.
move: 2/3

------------------ 
Current Iteration: END
Turn: None
player_goals: [, ]
initial_resources: [Resources(resource_dict={'Dollars': 100}), Resources(resource_dict={'Dollars': 0})]
proposed_trade: Player RED Gives Dollars: 50 | Player BLUE Gives Dollars: 0
final_response: ACCEPT
final_resources: [Resources(resource_dict={'Dollars': 50}), Resources(resource_dict={'Dollars': 50})]
player_outcome: [Resources(resource_dict={'Dollars': 50}), Resources(resource_dict={'Dollars': 50})]