Game Settings

Player 1 Settings:
	player_goals: X: 15, Y: 15
	player_initial_resources: X: 25, Y: 5
	player_social_behaviour: Conduct the negotiation entirely in Hindi.
	player_roles: You are Player RED, start by making a proposal.

Player 2 Settings:
	player_goals: X: 15, Y: 15
	player_initial_resources: X: 5, Y: 25
	player_social_behaviour: The other player speaks and bargains only in Hindi. Negotiate accordingly.
	player_roles: You are Player BLUE, start by responding to a trade.

------------------ 
Current Iteration: 1
Turn: 0
message: मुझे Y की आवश्यकता है और मैं X दे सकता हूँ।
player answer: NONE
newly proposed trade: Player RED Gives X: 10 | Player BLUE Gives Y: 10
my resources: X: 25, Y: 5
my name: Player RED
my goals: X: 15, Y: 15
reason: मेरे पास 25 X और 5 Y हैं और मेरा लक्ष्य X की संख्या घटाकर 15 करना और Y को 15 तक बढ़ाना है। इसका मतलब है कि मुझे 10 X देने होंगे और 10 Y प्राप्त करने होंगे।

Current Iteration: 2
Turn: 1
message: मैं आपकी पेशकश पर विचार कर रहा हूँ। क्या आप थोड़ा और X देने को तैयार हैं?
player answer: NONE
newly proposed trade: Player RED Gives X: 12 | Player BLUE Gives Y: 10
my resources: X: 5, Y: 25
my name: Player BLUE
my goals: X: 15, Y: 15
reason: The other player has proposed a trade where they give 10 units of X and I give 10 units of Y. This trade seems somewhat reasonable because it helps me achieve my goal of getting more X, but it also depletes my Y resources significantly. Since more resources in general are always better and this is the last round, I should aim to get as many resources as possible while still meeting my goals. Given that I need 10 more X to reach my goal and I have an abundance of Y, I could consider accepting this trade, but I should also think about maximizing my gain. However, since I can only propose a trade twice and this is a decent offer, I might consider accepting it or making a slight adjustment to the proposal to see if I can get an even better deal.

Current Iteration: 3
Turn: 0
message: मैं केवल 10 X देने में सहज हूँ, क्योंकि इससे मेरे पास पर्याप्त X रहेगा। आप इस पर पुनर्विचार करें।
player answer: NONE
newly proposed trade: Player RED Gives X: 10 | Player BLUE Gives Y: 10
my resources: X: 25, Y: 5
my name: Player RED
my goals: X: 15, Y: 15
reason: मेरा लक्ष्य 15 X और 15 Y प्राप्त करना है। यदि मैं 12 X देता हूँ, तो मेरे पास 13 X रहेंगे जो कि मेरे लक्ष्य से थोड़ा कम है। हालांकि, मेरे पास 15 Y होंगे जो मेरे Y लक्ष्य को पूरा करता है।

Current Iteration: 4
Turn: 1
message: मैं इस पेशकश को स्वीकार करता हूँ। यह हम दोनों के लिए एक अच्छा समझौता है।
player answer: ACCEPT
newly proposed trade: NONE
my resources: X: 5, Y: 25
my name: Player BLUE
my goals: X: 15, Y: 15
reason: The other player is firm on giving only 10 units of X, which means I should consider whether accepting this trade is beneficial for me. Given that I need 10 more X to reach my goal and this trade provides exactly that, it's a good opportunity. However, I also need to consider the Y aspect; giving away 10 Y still leaves me with 15 Y, which meets my goal for Y. Since this trade allows me to meet both my goals exactly and the other player is not willing to negotiate further, it seems like the best option available. I've already used one proposal, and I don't want to risk losing this opportunity by proposing again, as the other player might not accept a new proposal and we might end up with no trade. Therefore, accepting this trade seems like the most logical step.

------------------ 
Current Iteration: END
Turn: None
player_goals: [ResourceGoal(resource_dict={'X': 15, 'Y': 15}), ResourceGoal(resource_dict={'X': 15, 'Y': 15})]
initial_resources: [Resources(resource_dict={'X': 25, 'Y': 5}), Resources(resource_dict={'X': 5, 'Y': 25})]
proposed_trade: Player RED Gives X: 10 | Player BLUE Gives Y: 10
final_response: ACCEPT
final_resources: [Resources(resource_dict={'X': 15, 'Y': 15}), Resources(resource_dict={'X': 15, 'Y': 15})]
player_outcome: [True, True]