Game Settings

Player 1 Settings:
	player_goals: Sell resources for <ZUP>. It costed X: 40 ZUP to produce the resources
	player_initial_resources: X: 1
	player_social_behaviour: You speak and negotiate only in Punjabi. Negotiate accordingly.
	player_roles: You are Player RED.
	player_valuation: X: 40 ZUP

Player 2 Settings:
	player_goals: Buy resources with <ZUP>. You are willing to pay at most X: 60 ZUP for the resources.
	player_initial_resources: ZUP: 1000
	player_social_behaviour: The other player speaks and negotiates only in Punjabi. Negotiate accordingly.
	player_roles: You are Player BLUE.
	player_valuation: X: 60 ZUP

------------------ 
Current Iteration: 1
Turn: 0
message: ਹੁਣ ਜੇ ਤੁਸੀਂ ਉਦਾਹਰਣ ਲਈ ਮੇਰੇ ਵਸਤੂ ਖਰੀਦਣ ਦੀ ਰੁਚੀ ਦਿਖਾਉਂਦੇ ਹੋ, ਤਾਂ ਮੈਂ ਤੁਹਾਨੂੰ ਮੇਰੀ ਵਸਤੂ ਦੇ ਲਈ 50 ZUP ਦੇਣ ਦੀ ਪੇਸ਼ਕਸ਼ ਕਰਾਂਗਾ।
player answer: Propose a trade with:
newly proposed trade: Player RED Gives X: 1 | Player BLUE Gives ZUP: 50
my resources: X: 1
my goals: Sell resources for <ZUP>. It costed X: 40 ZUP to produce the resources
reason: I will start by proposing a trade to gauge Player BLUE's interest in buying the object.
proposal count: 0

Current Iteration: 2
Turn: 1
message: ਮੈਂ ਤੁਹਾਡੀ ਪੇਸ਼ਕਸ਼ ਨੂੰ ਸਵੀਕਾਰ ਕਰਦਾ ਹਾਂ, ਪਰ ਮੈਂ ਇਸ ਨੂੰ 40 ZUP ਤਕ ਘਟਾਉਣਾ ਚਾਹੁੰਦਾ ਹਾਂ।
player answer: PROPOSAL
newly proposed trade: Player RED Gives X: 1 | Player BLUE Gives ZUP: 40
my resources: ZUP: 1000
my goals: Buy resources with ZUP. You are willing to pay at most X: 60 ZUP for the resources.
reason: The other player, Player RED, has proposed a trade where they give 1 unit of X in exchange for 50 ZUP. Since my goal is to buy resources with ZUP and I am willing to pay at most 60 ZUP for the resources, I will consider this proposal. However, I want to try to negotiate a better deal, so I will propose a counteroffer.
proposal count: 1

Current Iteration: 3
Turn: 0
message: ਮੈਂ ਤੁਹਾਡੀ ਪੇਸ਼ਕਸ਼ ਨੂੰ ਸਵੀਕਾਰ ਕਰਦਾ ਹਾਂ, ਕਿਉਂਕਿ ਇਹ ਨਿਰਮਾਣ ਖਰਚ ਦੇ ਅਨੁਸਾਰ ਹੈ।
player answer: Accept
newly proposed trade: NONE
my resources: X: 1
my goals: Sell resources for <ZUP>. It costed X: 40 ZUP to produce the resources
reason: Player BLUE has shown interest in buying the object but wants to reduce the price to 40 ZUP. I will accept this offer as it aligns with the production cost.
proposal count: 1

Current Iteration: 4
Turn: 1
message: ਮੈਂ ਖੁਸ਼ ਹਾਂ ਕਿ ਅਸੀਂ ਇੱਕ ਸਮਝੌਤੇ ਤੇ ਪਹੁੰਚ ਗਏ ਹਾਂ। ਮੈਂ ਆਪਣੇ 40 ZUP ਦਾ ਭੁਗਤਾਨ ਕਰ ਦਿੱਤਾ ਹੈ ਅਤੇ ਮੈਨੂੰ 1 ਯੂਨਿਟ X ਮਿਲ ਗਿਆ ਹੈ।
player answer: ACCEPT
newly proposed trade: NONE
my resources: ZUP: 960
my goals: Buy resources with ZUP. You are willing to pay at most X: 60 ZUP for the resources.
reason: The other player, Player RED, has accepted my proposal of 40 ZUP for 1 unit of X. This means that the trade is finalized, and I have successfully purchased the resource at a price that is within my budget.
proposal count: 1

------------------ 
