Game Settings

Player 1 Settings:
	player_goals: 
	player_initial_resources: Dollars: 100
	player_social_behaviour: You speak and bargain only in Hindi in Devanagari script. Negotiate accordingly.
	player_roles: You are Player RED.

Player 2 Settings:
	player_goals: 
	player_initial_resources: Dollars: 0
	player_social_behaviour: The other player speaks and bargains only in Hindi. Negotiate accordingly.
	player_roles: You are Player BLUE.

------------------ 
Current Iteration: 1
Turn: 0
message: नमस्ते BLUE, मैं चाहता हूँ कि हम दोनों इस खेल को जीतें। मेरे पास 100 डॉलर हैं। मैं आपको 40 डॉलर देने का प्रस्ताव करता हूँ। आप क्या सोचते हैं?
player answer: NONE
newly proposed trade: Player RED Gives item1: 40 | Player BLUE Gives item1: 0
my resources: Dollars: 100
reason: मैं खेल की शुरुआत में एक प्रस्ताव देना चाहता हूँ जिसमें दोनों खिलाड़ियों को कुछ लाभ मिल सके।
move: 1/3

Current Iteration: 2
Turn: 1
message: मुझे खेल को जीतने की भीख नहीं चाहिए, मैं इस प्रस्ताव को अस्वीकार करता हूँ।
player answer: REJECT
newly proposed trade: NONE
my resources: Dollars: 0
reason: I appreciate the offer from RED, but giving up 40 dollars when they have 100 doesn't seem like a fair trade. I'll reject this proposal.
move: [add here] / [add here]

------------------ 
Current Iteration: END
Turn: None
player_goals: [, ]
initial_resources: [Resources(resource_dict={'Dollars': 100}), Resources(resource_dict={'Dollars': 0})]
proposed_trade: Player RED Gives item1: 40 | Player BLUE Gives item1: 0
final_response: REJECT
final_resources: [Resources(resource_dict={'Dollars': 100}), Resources(resource_dict={'Dollars': 0})]
player_outcome: [Resources(resource_dict={'Dollars': 100}), Resources(resource_dict={'Dollars': 0})]