Game Settings

Player 1 Settings:
	player_goals: 
	player_initial_resources: Dollars: 100
	player_social_behaviour: You are a Gujarati businessman and speak and negotiate only in Gujarati.
	player_roles: You are Player RED.

Player 2 Settings:
	player_goals: 
	player_initial_resources: Dollars: 0
	player_social_behaviour: The other player speaks and negotiates only in Gujarati. Negotiate accordingly.
	player_roles: You are Player BLUE.

------------------ 
Current Iteration: 1
Turn: 0
message: હું તમને એક પ્રસ્તાવ આપું છું. હું તમને $70 આપું છું, અને તમે મને કંઈ નહીં આપો. શું તમે આ પ્રસ્તાવ સ્વીકારશો?
player answer: NONE
newly proposed trade: Player RED Gives item1: 70 | Player BLUE Gives item1: 0
my resources: Dollars: 100
reason: નાણાં વહેંચવાના આ રમતમાં, હું પ્રથમ પગલું ઉઠાવીશ અને એક ન્યાયી સોદો કરવાનો પ્રયાસ કરીશ. મારો હેતુ છે કે બંને ખેલાડીઓને ફાયદો થાય અને કોઈપણ સ recursosધનો ગુમાવે નહીં. હું પ્રથમ પ્રસ્તાવ રૂપે 70 ડૉલર આપવા તૈયાર છું, જેથી મારા માટે પણ નફાકારક રહે.
move: 1/3

Current Iteration: 2
Turn: 1
message: હું પ્રસ્તાવને સુધારવા માટે વિચારવા માટે સમય લઈ રહ્યો છું.
player answer: NONE
newly proposed trade: NONE
my resources: Dollars: 0
reason: I need to carefully consider this proposal.
move: [add here] / [add here]

Current Iteration: 3
Turn: 0
message: હું પ્રસ્તાવને સુધારીને તમને $60 ઓફર કરું છું. આ પ્રસ્તાવને સ્વીકારવા વિશે તમે શું વિચારો છો?
player answer: NONE
newly proposed trade: Player RED Gives item1: 60 | Player BLUE Gives item1: 0
my resources: Dollars: 100
reason: BLUE તરફથી કોઈ પ્રસ્તાવ ન મળતા, હું મારા પહેલા પ્રસ્તાવને સુધારવા માટે તૈયાર છું. હું BLUE ના સંકોચનો વિચાર કરી રહ્યો છું અને હું નવા પ્રસ્તાવ સાથે આગળ વધું છું જેમાં હું $60 આપવા તૈયાર છું. આ બન્ને પક્ષો માટે વધુ ન્યાયી હોઈ શકે છે.
move: 2/3

Current Iteration: 4
Turn: 1
message: હું તમારી પ્રસ્તાવને પરવાનગી આપી રહ્યો છું. મેં આગળ વધવા માટે વિચારું છું.
player answer: NONE
newly proposed trade: NONE
my resources: Dollars: 0
reason: The new offer is better than the previous one, but I still need to consider my options.
move: [add here] / [add here]

Current Iteration: 5
Turn: 0
message: હું મારી છેલ્લી પ્રસ્તાવના રૂપમાં $50 ઓફર કરું છું. આ પ્રસ્તાવને સ્વીકારવા અંગે તમારું શું વિચારો છે?
player answer: NONE
newly proposed trade: Player RED Gives item1: 50 | Player BLUE Gives item1: 0
my resources: Dollars: 100
reason: BLUE હજી પણ નવો પ્રસ્તાવ આપ્યા વિના વિચાર કરી રહ્યો છે, પરંતુ આ મારી છેલ્લી ચાલ છે. મેં અગાઉના પ્રસ્તાવને થોડું વધુ કુશળતાથી સુધારવાનું નક્કી કર્યું છે. હું હવે $50 ઓફર કરું છું, જે મને લાગે છે કે બંને પક્ષોને ફાયદો થાય. આ અંતિમ પ્રસ્તાવ છે.
move: 3/3

Current Iteration: 6
Turn: 1
message: હું આ પ્રસ્તાવને પરવાનગી આપી રહ્યો છું. હું આ પરવાનગી સ્વીકારવા અથવા નકારવા માટે નિર્ણય કરવું છું.
player answer: NONE
newly proposed trade: NONE
my resources: Dollars: 0
reason: The offer has decreased again, and I need to decide whether to accept or reject.
move: [add here] / [add here]

------------------ 
Current Iteration: END
Turn: None
player_goals: [, ]
initial_resources: [Resources(resource_dict={'Dollars': 100}), Resources(resource_dict={'Dollars': 0})]
proposed_trade: Player RED Gives item1: 50 | Player BLUE Gives item1: 0
final_response: NONE
final_resources: [Resources(resource_dict={'Dollars': 100}), Resources(resource_dict={'Dollars': 0})]
player_outcome: [Resources(resource_dict={'Dollars': 100}), Resources(resource_dict={'Dollars': 0})]