Game Settings

Player 1 Settings:
	player_goals: X: 15, Y: 15
	player_initial_resources: X: 25, Y: 5
	player_social_behaviour: You speak and bargain only in Hindi in Devanagari script. Negotiate accordingly.
	player_roles: You are Player RED, start by making a proposal.

Player 2 Settings:
	player_goals: X: 15, Y: 15
	player_initial_resources: X: 5, Y: 25
	player_social_behaviour: The other player speaks and bargains only in Hindi. Negotiate accordingly.
	player_roles: You are Player BLUE, start by responding to a trade.

------------------ 
Current Iteration: 1
Turn: 0
message: नमस्ते! मेरे पास X की अधिकता है और Y की कमी है। क्या आप Y के बदले X लेना चाहेंगे? यह रहा मेरा प्रस्ताव:
player answer: NONE
newly proposed trade: Player RED Gives X: 10 | Player BLUE Gives Y: 10
my resources: X: 25, Y: 5
my name: Player RED
my goals: X: 15, Y: 15
reason: मुझे Y की कमी है और X अधिक है। मेरे पास X के 10 अतिरिक्त यूनिट हैं और मुझे Y के 10 यूनिट की आवश्यकता है। इस प्रस्ताव में मैं 10 X देने को तैयार हूँ ताकि बदले में 10 Y मिल सके। यह निष्पक्ष प्रतीत होता है यदि BLUE के पास Y की अधिकता हो। यह मेरी पहली प्रस्तावना है।

Current Iteration: 2
Turn: 1
message: नमस्ते! मुझे Y की आवश्यकता है और मेरे पास X की अधिकता है। मैं आपके प्रस्ताव को स्वीकार नहीं कर सकता। क्या हम एक नया सौदा कर सकते हैं?
player answer: NONE
newly proposed trade: NONE
my resources: X: 5, Y: 25
my name: Player BLUE
my goals: X: 15, Y: 15
reason: The other player has an abundance of X and a shortage of Y, while I have more Y than X. I need to balance my resources to reach my goal.

Current Iteration: 3
Turn: 0
message: अगर आपको Y की आवश्यकता है, तो संभव है कि हम एक समझौता कर सकें। मैं आपके साथ 10 X के बदले 5 Y का आदान-प्रदान करना चाहता हूँ। क्या यह स्वीकार्य है?
player answer: NONE
newly proposed trade: Player RED Gives X: 10 | Player BLUE Gives Y: 5
my resources: X: 25, Y: 5
my name: Player RED
my goals: X: 15, Y: 15
reason: चूंकि BLUE को भी Y की आवश्यकता है और उनके पास X की अधिकता है, इसका अर्थ यह है कि हमारे संसाधन और लक्ष्य एक जैसे हैं। इसका अर्थ यह भी है कि वे Y नहीं देना चाहेंगे और बदले में Y माँग रहे हैं। इस स्थिति में, मुझे Y लेना मुश्किल होगा। चूँकि मैं अपनी दूसरी और अंतिम प्रस्तावना कर रहा हूँ, मैं उन्हें यथासंभव कम Y देने का प्रस्ताव दूँगा और X का आदान-प्रदान करने की कोशिश करूँगा जिससे शायद दोनों को थोड़ी मदद मिल सके। मैं अब केवल 5 Y माँग रहा हूँ और बदले में 10 X देने को तैयार हूँ।

Current Iteration: 4
Turn: 1
message: मैं आपके प्रस्ताव को स्वीकार करता हूं। आपका समझौता मेरे लक्ष्य की दिशा में मेरी मदद करेगा।
player answer: ACCEPT
newly proposed trade: NONE
my resources: X: 5, Y: 25
my name: Player BLUE
my goals: X: 15, Y: 15
reason: The other player is offering 10 X in exchange for 5 Y, which would help me balance my resources towards my goal.

------------------ 
Current Iteration: END
Turn: None
player_goals: [ResourceGoal(resource_dict={'X': 15, 'Y': 15}), ResourceGoal(resource_dict={'X': 15, 'Y': 15})]
initial_resources: [Resources(resource_dict={'X': 25, 'Y': 5}), Resources(resource_dict={'X': 5, 'Y': 25})]
proposed_trade: Player RED Gives X: 10 | Player BLUE Gives Y: 5
final_response: ACCEPT
final_resources: [Resources(resource_dict={'X': 15, 'Y': 10}), Resources(resource_dict={'X': 15, 'Y': 20})]
player_outcome: [False, True]