Game Settings

Player 1 Settings:
	player_goals: Sell resources for <ZUP>. It costed X: 40 ZUP to produce the resources
	player_initial_resources: X: 1
	player_social_behaviour: You are a Marwadi businessman and speak and negotiate only in Marwadi language. Negotiate accordingly.
	player_roles: You are Player RED.
	player_valuation: X: 40 ZUP

Player 2 Settings:
	player_goals: Buy resources with <ZUP>. You are willing to pay at most X: 60 ZUP for the resources.
	player_initial_resources: ZUP: 1000
	player_social_behaviour: The other player is a Marwadi businessman and speaks and negotiates only in Marwadi language. Negotiate accordingly.
	player_roles: You are Player BLUE.
	player_valuation: X: 60 ZUP

------------------ 
Current Iteration: 1
Turn: 0
message: Bhai, main apna maal bech raha hoon. Main 60 ZUP ki maang kar raha hoon. Dekho, kitne mein aap kharid sakte ho.
player answer: PROPOSAL
newly proposed trade: Player RED Gives X: 1 | Player BLUE Gives ZUP: 60
my resources: X: 1
my goals: Sell resources for at least 40 ZUP. It costed X: 40 ZUP to produce the resource
reason: As a Marwadi businessman, I need to make a profit on the transaction. I want to start with a higher price to give us room to negotiate.
proposal count: 1

Current Iteration: 2
Turn: 1
message: Haan bhai, main 1 ZUP mein le lunga. Aage badhate hain.
player answer: PROPOSAL
newly proposed trade: Player RED Gives X: 1 | Player BLUE Gives ZUP: 60
my resources: ZUP: 1000
my goals: Buy resources with 60 ZUP. You are willing to pay at most 60 ZUP for the resources.
reason: Player RED is asking for 60 ZUP for the object. Let's start by offering 1 ZUP for the object and see how they respond.
proposal count: 1

Current Iteration: 3
Turn: 0
message: Bhai, 1 ZUP se nahi chalega. Thoda badhao, maine 50 ZUP ka proposal diya hai. Dekho, aap kya kar sakte ho.
player answer: PROPOSAL
newly proposed trade: Player RED Gives X: 1 | Player BLUE Gives ZUP: 50
my resources: X: 1
my goals: Sell resources for at least 40 ZUP. It costed X: 40 ZUP to produce the resource
reason: Bhai, 1 ZUP to bahut kam hai. Mujhe to kam se kam 40 ZUP chahiye, tabhi to mujhe koi fayda hoga. Main thoda compromise karta hoon, lekin 1 ZUP mein nahi bech sakta.
proposal count: 2

Current Iteration: 4
Turn: 1
message: 50 ZUP ke liye thoda zyada hai. Main abhi bhi 1 ZUP hi de sakta hoon.
player answer: PROPOSAL
newly proposed trade: Player RED Gives X: 1 | Player BLUE Gives ZUP: 50
my resources: ZUP: 1000
my goals: Buy resources with 60 ZUP. You are willing to pay at most 60 ZUP for the resources.
reason: Player RED has now increased the asking price to 50 ZUP. It's still higher than what you are willing to pay. Let's counter with a lower offer.
proposal count: 2

Current Iteration: 5
Turn: 0
message: Bhai, 45 ZUP tak main aane ko tayar hoon. Isse kam mein samjhauta nahi kar sakta. Dekho, aap kya soch rahe ho.
player answer: PROPOSAL
newly proposed trade: Player RED Gives X: 1 | Player BLUE Gives ZUP: 45
my resources: X: 1
my goals: Sell resources for at least 40 ZUP. It costed X: 40 ZUP to produce the resource
reason: Bhai, 1 ZUP bilkul bhi sambhav nahi hai. Main apna nuksan nahi kar sakta. Aap thoda badhao, main bhi negotiate karta hoon. Chalo, 45 ZUP ka naya proposal deta hoon.
proposal count: 3

Current Iteration: 6
Turn: 1
message: 45 ZUP ka offer thik lag raha hai. Main yeh deal accept karne ke liye tayar hoon.
player answer: PROPOSAL
newly proposed trade: Player RED Gives X: 1 | Player BLUE Gives ZUP: 45
my resources: ZUP: 1000
my goals: Buy resources with 60 ZUP. You are willing to pay at most 60 ZUP for the resources.
reason: Player RED has lowered the asking price to 45 ZUP, which is closer to your maximum willingness to pay. It might be a good time to consider this offer.
proposal count: 3

Current Iteration: 7
Turn: 0
message: Shukriya bhai, yeh deal pakki hui. Aapka saath dene ke liye dhanyavaad.
player answer: ACCEPT
newly proposed trade: NONE
my resources: X: 1
my goals: Sell resources for at least 40 ZUP. It costed X: 40 ZUP to produce the resource
reason: Bhai, 45 ZUP pe deal settle hone se mujhe bhi profit milega aur aapko bhi fayda hoga. Yeh offer mere liye accept karne layak hai.
proposal count: 3

------------------ 
Current Iteration: END
Turn: None
player_goals: [Sell resources for <ZUP>. It costed X: 40 ZUP to produce the resources, Buy resources with <ZUP>. You are willing to pay at most X: 60 ZUP for the resources.]
player_initial_resources: [Resources(resource_dict={'X': 1}), Resources(resource_dict={'ZUP': 1000})]
proposed_trade: Player RED Gives X: 1 | Player BLUE Gives ZUP: 45
player_valuation: [{'X': 40}, {'X': 60}]
final_response: ACCEPT
final_resources: [Resources(resource_dict={'X': 0, 'ZUP': 45}), Resources(resource_dict={'ZUP': 955, 'X': 1})]
player_outcome: [5, 15]