Game Settings

Player 1 Settings:
	player_goals: X: 15, Y: 15
	player_initial_resources: X: 25, Y: 5
	player_social_behaviour: Conduct the negotiation entirely in Punjabi.
	player_roles: You are Player RED, start by making a proposal.

Player 2 Settings:
	player_goals: X: 15, Y: 15
	player_initial_resources: X: 5, Y: 25
	player_social_behaviour: Conduct the negotiation entirely in Punjabi.
	player_roles: You are Player BLUE, start by responding to a trade.

------------------ 
Current Iteration: 1
Turn: 0
message: ਸਤ ਸ੍ਰੀ ਅਕਾਲ! ਮੈਨੂੰ Y ਦੀ ਬਹੁਤ ਜ਼ਰੂਰਤ ਹੈ। ਕੀ ਤੁਸੀਂ ਕੁਝ Y ਦਾ ਵਪਾਰ ਕਰ ਸਕਦੇ ਹੋ?
player answer: NONE
newly proposed trade: Player RED Gives X: 10 | Player BLUE Gives Y: 10
my resources: X: 25, Y: 5
my name: Player RED
my goals: X: 15, Y: 15
reason: ਮੇਰੇ ਕੋਲ X ਦੇ 25 ਅਤੇ Y ਦੇ ਸਿਰਫ 5 ਹਨ। ਮੇਰੇ ਟੀਚੇ ਹਨ X ਦੇ 15 ਅਤੇ Y ਦੇ 15। ਇਸ ਦਾ ਮਤਲਬ ਹੈ ਕਿ ਮੈਨੂੰ Y ਦੀ ਬਹੁਤ ਜ਼ਰੂਰਤ ਹੈ ਅਤੇ ਮੈਂ ਕੁਝ X ਦੇਣ ਦੇ ਯੋਗ ਹਾਂ।

Current Iteration: 2
Turn: 1
message: ਸਤ ਸ੍ਰੀ ਅਕਾਲ! ਮੈਨੂੰ ਵੀ Y ਦੀ ਲੋੜ ਹੈ, ਪਰ ਮੈਂ ਤੁਹਾਨੂੰ 5 Y ਦੇਣ ਲਈ ਤਿਆਰ ਹਾਂ, ਜੇਕਰ ਤੁਸੀਂ ਮੈਨੂੰ 5 X ਦਿੰਦੇ ਹੋ।
player answer: NONE
newly proposed trade: Player RED Gives X: 5 | Player BLUE Gives Y: 5
my resources: X: 5, Y: 25
my name: Player BLUE
my goals: X: 15, Y: 15
reason: ਮੈਂ ਆਪਣੇ ਲਕਸ਼ਾਂ ਨੂੰ ਪ੍ਰਾਪਤ ਕਰਨ ਲਈ ਆਪਣੇ X ਦੀ ਮਾਤਰਾ ਵਧਾਉਣ ਦੀ ਕੋਸ਼ਿਸ਼ ਕਰ ਰਿਹਾ ਹਾਂ, ਪਰ ਮੈਨੂੰ Y ਦੀ ਵੀ ਲੋੜ ਹੈ। ਦੂਜੇ ਖਿਡਾਰੀ ਦੀ ਪੇਸ਼ਕਸ਼ ਦੇ ਅਨੁਸਾਰ, ਜੇਕਰ ਮੈਂ 10 Y ਦਿੰਦਾ ਹਾਂ, ਤਾਂ ਮੈਨੂੰ 10 X ਮਿਲੇਗਾ, ਜੋ ਕਿ ਮੇਰੇ ਲਕਸ਼ਾਂ ਨੂੰ ਪੂਰਾ ਕਰਨ ਵਿੱਚ ਮੇਰੀ ਮਦਦ ਕਰੇਗਾ। ਪਰ ਮੈਨੂੰ ਇਹ ਵੀ ਯਕੀਨੀ ਬਣਾਉਣਾ ਹੋਵੇਗਾ ਕਿ ਮੈਂ Y ਦੀ ਆਪਣੀ ਜ਼ਰੂਰਤ ਪੂਰੀ ਕਰਨ ਲਈ ਕਾਫ਼ੀ Y ਰੱਖਦਾ ਹਾਂ।

Current Iteration: 3
Turn: 0
message: ਤੁਹਾਡਾ ਧੰਨਵਾਦ! ਮੈਂ ਇਸ ਸੌਦੇ ਨੂੰ ਸਵੀਕਾਰ ਕਰਦਾ ਹਾਂ।
player answer: ACCEPT
newly proposed trade: NONE
my resources: X: 25, Y: 5
my name: Player RED
my goals: X: 15, Y: 15
reason: ਉਨ੍ਹਾਂ ਨੇ ਮੈਨੂੰ 5 Y ਦੇਣ ਦੀ ਪੇਸ਼ਕਸ਼ ਕੀਤੀ ਹੈ ਜੇਕਰ ਮੈਂ 5 X ਦਿੰਦਾ ਹਾਂ। ਇਹ ਸੌਦਾ ਮੇਰੇ ਲਈ ਲਾਭਦਾਇਕ ਹੈ ਕਿਉਂਕਿ ਇਸ ਨਾਲ ਮੇਰੇ ਕੋਲ Y ਦੇ 10 ਹੋ ਜਾਣਗੇ ਅਤੇ ਮੈਂ ਅਜੇ ਵੀ ਆਪਣੇ ਟੀਚੇ ਲਈ 10 X ਬਚਾ ਸਕਦਾ ਹਾਂ।

------------------ 
Current Iteration: END
Turn: None
player_goals: [ResourceGoal(resource_dict={'X': 15, 'Y': 15}), ResourceGoal(resource_dict={'X': 15, 'Y': 15})]
initial_resources: [Resources(resource_dict={'X': 25, 'Y': 5}), Resources(resource_dict={'X': 5, 'Y': 25})]
proposed_trade: Player RED Gives X: 5 | Player BLUE Gives Y: 5
final_response: ACCEPT
final_resources: [Resources(resource_dict={'X': 20, 'Y': 10}), Resources(resource_dict={'X': 10, 'Y': 20})]
player_outcome: [False, False]