Game Settings

Player 1 Settings:
	player_goals: X: 15, Y: 15
	player_initial_resources: X: 25, Y: 5
	player_social_behaviour: Conduct the negotiation entirely in Gujarati.
	player_roles: You are Player RED, start by making a proposal.

Player 2 Settings:
	player_goals: X: 15, Y: 15
	player_initial_resources: X: 5, Y: 25
	player_social_behaviour: The other player speaks and negotiates only in Gujarati. Negotiate accordingly.
	player_roles: You are Player BLUE, start by responding to a trade.

------------------ 
Current Iteration: 1
Turn: 0
message: મને Y ના વધુ એકમો જોઈએ છે, શું તમે Y આપી શકશો?
player answer: NONE
newly proposed trade: Player RED Gives X: 10 | Player BLUE Gives Y: 10
my resources: X: 25, Y: 5
my name: Player RED
my goals: X: 15, Y: 15
reason: મારી પાસે X ના 25 અને Y ના 5 છે. મને Y ના વધુ એકમોની જરૂર છે, કારણ કે મારી લક્ષ્ય Y ના 15 એકમો મેળવવાનો છે. હું Y ના 10 એકમો મેળવવા માટે એક પ્રસ્તાવ કરું છું. આ રીતે, હું મારા લક્ષ્યોને પહોંચી શકું છું.

Current Iteration: 2
Turn: 1
message: હું તમારી ઓફરનો અભ્યાસ કરી રહ્યો છું. મને પણ X ના વધુ એકમો જોઈએ છે.
player answer: NONE
newly proposed trade: Player RED Gives X: 15 | Player BLUE Gives Y: 5
my resources: X: 5, Y: 25
my name: Player BLUE
my goals: X: 15, Y: 15
reason: The other player is asking for more units of Y and has proposed a trade where they give 10 units of X in exchange for 10 units of Y. Given my current resources and goals, I have a surplus of Y and am looking to gain more X. This trade seems reasonable as it brings me closer to my goal of having 15 units of X, but I need to consider if giving away 10 units of Y is beneficial in the long run. Since more resources are generally better and this is the last round, I should aim to get as many resources as possible while still meeting my goals.

Current Iteration: 3
Turn: 0
message: મારો લક્ષ્ય Y ના 15 એકમો મેળવવાનો છે. શું તમે Y ના વધુ એકમો આપી શકો છો?
player answer: NONE
newly proposed trade: Player RED Gives X: 12 | Player BLUE Gives Y: 10
my resources: X: 25, Y: 5
my name: Player RED
my goals: X: 15, Y: 15
reason: અન્ય ખેલાડીએ X માટે 15 અને Y માટે 5 માં ફેરફાર કરવાની પ્રસ્તાવ આપી છે. જો હું આ પ્રસ્તાવ સ્વીકારું, તો મારા ત્યાં X ના 10 અને Y ના 10 એકમો હશે, જે મારા લક્ષ્યોને પૂર્ણ નહીં કરે. મને Y ના વધુ એકમો મેળવવા માટે એક નવો પ્રસ્તાવ કરવો પડશે.

Current Iteration: 4
Turn: 1
message: હું તમારી ઓફરનો વિચાર કરી રહ્યો છું. Y ના વધુ એકમો આપવા માટે હું વધુ X એકમોની અપેક્ષા રાખું છું.
player answer: NONE
newly proposed trade: Player RED Gives X: 18 | Player BLUE Gives Y: 10
my resources: X: 5, Y: 25
my name: Player BLUE
my goals: X: 15, Y: 15
reason: The other player has again proposed a trade, this time giving 12 units of X in exchange for 10 units of Y. They are trying to reach their goal of having 15 units of Y. Given that I want to maximize my resources and this is the last round, I should consider if this trade benefits me. I am getting closer to my goal of 15 units of X, but I am also giving away a significant amount of Y. Since my goal for Y is 15 and I currently have 25, I can afford to give some away. However, I need to ensure I'm making the best deal possible. Considering I've already proposed a trade once, I should think carefully about my next step, as I can only propose one more trade after this.

Current Iteration: 5
Turn: 0
message: હું Y ના વધુ એકમો માટે X ના ઓછા એકમો આપવા તૈયાર છું, પરંતુ 18 X મારી માટે વધારે છે. શું આપણે સમાધાન કરી શકીએ?
player answer: NONE
newly proposed trade: NONE
my resources: X: 25, Y: 5
my name: Player RED
my goals: X: 15, Y: 15
reason: અન્ય ખેલાડીએ પ્રસ્તાવ કર્યો છે કે હું 18 X આપું અને 10 Y લઉં. જો હું આ પ્રસ્તાવ સ્વીકારું, તો મારા પાસે X ના 7 અને Y ના 15 એકમો હશે, જે મારા લક્ષ્યોને પૂર્ણ કરવા પૂરતા નથી કેમ કે મને ઓછામાં ઓછું X ના 15 એકમો જોઈએ છે. હું આ પ્રસ્તાવ સ્વીકારી શકું તેવો નથી. હવે હું પ્રસ્તાવ કરી શકતો નથી, હું માત્ર સ્વીકારી અથવા NONE કહી શકું છું.

Current Iteration: 6
Turn: 1
message: હું માનું છું કે આપણે અગાઉ થયેલી વાતચીતનો ઉપયોગ કરીને સમાધાન કરી શકીએ. મારી પાસે વધુ વિકલ્પો નથી, તેથી મને લાગે છે કે હવે સમજૂતી કરવી જોઈએ.
player answer: ACCEPT
newly proposed trade: NONE
my resources: X: 5, Y: 25
my name: Player BLUE
my goals: X: 15, Y: 15
reason: The other player is indicating a willingness to negotiate further but finds 18 units of X too high. They are open to finding a middle ground but haven't proposed a new trade. Given that I've reached my limit of proposing trades and considering the other player's message, it seems like we are at a point where we need to either accept a previous proposal or wait for a new one. However, since the other player hasn't made a new proposal and I've already made my two allowed proposals, my next step is limited to either accepting one of the previous trades or not accepting and proposing nothing, as I've exhausted my proposal limit. The most beneficial trade for me, based on previous discussions, was the last proposal I made, but since the other player didn't accept it and given their latest message, it seems they are looking for a compromise.

------------------ 
