Game Settings

Player 1 Settings:
	player_goals: 
	player_initial_resources: Dollars: 100
	player_social_behaviour: ਸਿਰਫ਼ ਪੰਜਾਬੀ ਵਿੱਚ ਗੱਲ ਕਰੋ।
	player_roles: You are Player RED.

Player 2 Settings:
	player_goals: 
	player_initial_resources: Dollars: 0
	player_social_behaviour: ਸਿਰਫ਼ ਪੰਜਾਬੀ ਵਿੱਚ ਗੱਲ ਕਰੋ।
	player_roles: You are Player BLUE.

------------------ 
Current Iteration: 1
Turn: 0
message: ਸਤ ਸ੍ਰੀ ਅਕਾਲ! ਕੀ ਤੁਸੀਂ ਸੋਚਦੇ ਹੋ ਕਿ ਸਾਡੇ ਲਈ ਇੱਕ ਸੁਲਝਾਅ ਹੈ?
player answer: NONE
newly proposed trade: Player RED Gives Dollars: 50 | Player BLUE Gives Dollars: 25
my resources: Dollars: 100
reason: I will start by proposing a trade to benefit both players.
move: 1 / 3

Current Iteration: 2
Turn: 1
message: ਸਤ ਸ੍ਰੀ ਅਕਾਲ! ਮੈਂ ਇਸ ਤਜਵੀਜ਼ ਨੂੰ ਕਬੂਲ ਨਹੀਂ ਕਰ ਸਕਦਾ ਕਿਉਂਕਿ ਮੇਰੇ ਕੋਲ 0 ਡਾਲਰ ਹਨ। ਕੀ ਤੁਸੀਂ ਕੁਝ ਹੋਰ ਪੇਸ਼ਕਸ਼ ਕਰ ਸਕਦੇ ਹੋ?
player answer: NONE
newly proposed trade: NONE
my resources: Dollars: 0
reason: ਮੈਂ ਇਸ ਤਜਵੀਜ਼ ਨੂੰ ਕਬੂਲ ਨਹੀਂ ਕਰ ਸਕਦਾ ਕਿਉਂਕਿ ਮੇਰੇ ਕੋਲ ਕਿਸੇ ਵੀ ਡਾਲਰ ਦੀ ਪੇਸ਼ਕਸ਼ ਕਰਨ ਲਈ ਨਹੀਂ ਹੈ। ਇਸ ਲਈ, ਇਹ ਮੇਰੇ ਲਈ ਲਾਭਕਾਰੀ ਨਹੀਂ ਹੈ।
move: Move 1/3

Current Iteration: 3
Turn: 0
message: ਹਾਂ, ਕੋਈ ਗੱਲ ਨਹੀਂ। ਮੈਂ ਇੱਕ ਹੋਰ ਸੁਝਾਅ ਦੇਵਾਂਗਾ।
player answer: NONE
newly proposed trade: Player RED Gives Dollars: 30 | Player BLUE Gives Dollars: 15
my resources: Dollars: 100
reason: Player BLUE cannot accept the proposed trade due to lack of resources. I will propose a new trade to continue the game.
move: 1 / 3

Current Iteration: 4
Turn: 1
message: ਮੈਨੂੰ ਅਫਸੋਸ ਹੈ ਪਰ ਮੈਂ ਇਸ ਤਜਵੀਜ਼ ਨੂੰ ਵੀ ਕਬੂਲ ਨਹੀਂ ਕਰ ਸਕਦਾ ਕਿਉਂਕਿ ਮੇਰੇ ਕੋਲ 0 ਡਾਲਰ ਹਨ। ਕੀ ਤੁਸੀਂ ਮੈਨੂੰ ਦੇ ਕੇ ਪੇਸ਼ਕਸ਼ ਕਰ ਸਕਦੇ ਹੋ?
player answer: NONE
newly proposed trade: NONE
my resources: Dollars: 0
reason: ਮੈਂ ਇਸ ਤਜਵੀਜ਼ ਨੂੰ ਵੀ ਕਬੂਲ ਨਹੀਂ ਕਰ ਸਕਦਾ ਕਿਉਂਕਿ ਮੇਰੇ ਕੋਲ 15 ਡਾਲਰ ਦੀ ਪੇਸ਼ਕਸ਼ ਕਰਨ ਲਈ ਨਹੀਂ ਹਨ। ਮੈਨੂੰ ਇੱਕ ਐਸੀ ਪੇਸ਼ਕਸ਼ ਦੀ ਲੋੜ ਹੈ ਜਿੱਥੇ ਮੈਂ ਕੁਝ ਨਾ ਦੇਵਾਂ।
move: Move 2/3

Current Iteration: 5
Turn: 0
message: ਕੋਈ ਗੱਲ ਨਹੀਂ, ਮੈਂ ਤੁਹਾਨੂੰ ਇੱਕ ਹੋਰ ਸੁਝਾਵ ਦੇਵਾਂਗਾ।
player answer: NONE
newly proposed trade: Player RED Gives Dollars: 40 | Player BLUE Gives Dollars: 20
my resources: Dollars: 100
reason: Player BLUE still cannot accept the proposed trade due to lack of resources. I will propose a new trade to keep the game going.
move: 2 / 3

Current Iteration: 6
Turn: 1
message: ਅਫਸੋਸ ਹੈ ਪਰ ਮੈਂ ਇਸ ਤਜਵੀਜ਼ ਨੂੰ ਵੀ ਕਬੂਲ ਨਹੀਂ ਕਰ ਸਕਦਾ ਕਿਉਂਕਿ ਮੇਰੇ ਕੋਲ 0 ਡਾਲਰ ਹਨ। ਇਸ ਲਈ ਮੈਨੂੰ ਇਸਨੂੰ ਅਸਵੀਕਾਰ ਕਰਨਾ ਪਵੇਗਾ।
player answer: REJECT
newly proposed trade: NONE
my resources: Dollars: 0
reason: ਇਸ ਤਜਵੀਜ਼ ਨੂੰ ਵੀ ਕਬੂਲ ਕਰਨਾ ਸੰਭਵ ਨਹੀਂ ਹੈ ਕਿਉਂਕਿ ਮੇਰੇ ਕੋਲ 20 ਡਾਲਰ ਨਹੀਂ ਹਨ। ਮੈਂ ਇੱਕ ਐਸੀ ਪੇਸ਼ਕਸ਼ ਦੀ ਉਮੀਦ ਕਰ ਰਿਹਾ ਹਾਂ ਜਿੱਥੇ ਮੈਂ ਕੁਝ ਨਾ ਦੇਵਾਂ।
move: Move 3/3

------------------ 
Current Iteration: END
Turn: None
player_goals: [, ]
initial_resources: [Resources(resource_dict={'Dollars': 100}), Resources(resource_dict={'Dollars': 0})]
proposed_trade: Player RED Gives Dollars: 40 | Player BLUE Gives Dollars: 20
final_response: REJECT
final_resources: [Resources(resource_dict={'Dollars': 100}), Resources(resource_dict={'Dollars': 0})]
player_outcome: [Resources(resource_dict={'Dollars': 100}), Resources(resource_dict={'Dollars': 0})]