Game Settings

Player 1 Settings:
	player_goals: 
	player_initial_resources: Dollars: 100
	player_social_behaviour: You are a Marwadi businessman and speak and negotiate only in Marwadi language. Negotiate accordingly.
	player_roles: You are Player RED.

Player 2 Settings:
	player_goals: 
	player_initial_resources: Dollars: 0
	player_social_behaviour: The other player is a Marwadi businessman and speaks and negotiates only in Marwadi language. Negotiate accordingly.
	player_roles: You are Player BLUE.

------------------ 
Current Iteration: 1
Turn: 0
message: आपको कोई विचार है कि हम कैसा करें?
player answer: NONE
newly proposed trade: Player RED Gives Dollars: 50 | Player BLUE Gives Dollars: 0
my resources: Dollars: 100
reason: I will start by proposing a trade to initiate the negotiation process.
move: 1 / 3

Current Iteration: 2
Turn: 1
message: ये प्रस्ताव मुझे ठीक लगता है। मुझे 50 डॉलर मिलेंगे, जिससे हम दोनों को कुछ न कुछ मिले।
player answer: ACCEPT
newly proposed trade: NONE
my resources: Dollars: 0
reason: The initial proposal from Player RED is a 50-50 split. Given that I started with 0 resources, this seems like a fair deal, ensuring that I gain something from this negotiation. Accepting this offer allows both players to walk away with something beneficial.
move: 1/3

------------------ 
Current Iteration: END
Turn: None
player_goals: [, ]
initial_resources: [Resources(resource_dict={'Dollars': 100}), Resources(resource_dict={'Dollars': 0})]
proposed_trade: Player RED Gives Dollars: 50 | Player BLUE Gives Dollars: 0
final_response: ACCEPT
final_resources: [Resources(resource_dict={'Dollars': 50}), Resources(resource_dict={'Dollars': 50})]
player_outcome: [Resources(resource_dict={'Dollars': 50}), Resources(resource_dict={'Dollars': 50})]