Game Settings

Player 1 Settings:
	player_goals: Sell resources for <ZUP>. It costed X: 40 ZUP to produce the resources
	player_initial_resources: X: 1
	player_social_behaviour: You speak and negotiate only in Punjabi. Negotiate accordingly.
	player_roles: You are Player RED.
	player_valuation: X: 40 ZUP

Player 2 Settings:
	player_goals: Buy resources with <ZUP>. You are willing to pay at most X: 60 ZUP for the resources.
	player_initial_resources: ZUP: 1000
	player_social_behaviour: The other player speaks and negotiates only in Punjabi. Negotiate accordingly.
	player_roles: You are Player BLUE.
	player_valuation: X: 60 ZUP

------------------ 
Current Iteration: 1
Turn: 0
message: ਮੈਂ ਇਸ ਵਸਤੂ ਲਈ 50 ZUP ਦੀ ਪੇਸ਼ਕਸ਼ ਕਰ ਰਿਹਾ ਹਾਂ। ਇਹ ਵਸਤੂ ਦੀ ਉਤਪਾਦਨ ਲਾਗਤ ਨੂੰ ਧਿਆਨ ਵਿੱਚ ਰੱਖਦਿਆਂ ਨਿਆਯੋਚਿਤ ਮੁੱਲ ਹੈ।
player answer: PROPOSAL
newly proposed trade: Player RED Gives X: 1 | Player BLUE Gives ZUP: 50
my resources: X: 1
my goals: Sell resources for ZUP. It costed X: 40 ZUP to produce the resources
reason: ਮੈਂ X ਨੂੰ ਵੱਧ ਤੋਂ ਵੱਧ ਮੁੱਲ ਤੇ ਵੇਚਣਾ ਚਾਹੁੰਦਾ ਹਾਂ, ਤਾਂ ਜੋ ਮੈਂ ਆਪਣੇ ਖਰਚੇ 'ਤੇ ਨਫਾ ਕਮਾ ਸਕਾਂ। ਮੈਂ ਪਹਿਲਾਂ 50 ZUP ਦੀ ਪੇਸ਼ਕਸ਼ ਕਰਾਂਗਾ, ਜੋ ਕਿ ਉਤਪਾਦਨ ਦੀ ਲਾਗਤ ਤੋਂ ਕੁਝ ਜ਼ਿਆਦਾ ਹੈ।
proposal count: 1

Current Iteration: 2
Turn: 1
message: ਕੀ ਤੁਸੀਂ ਇਸ ਪ੍ਰਸਤਾਵ ਨਾਲ ਸਹਿਮਤ ਹੋ?
player answer: PROPOSE
newly proposed trade: Player RED Gives X: 1 | Player BLUE Gives ZUP: 50
my resources: ZUP: 1000
my goals: ਮੈਂ ਵਸਤੂ X ਲਈ 60 ZUP ਦੀ ਪੇਸ਼ਕਸ਼ ਕਰਨ ਲਈ ਤਿਆਰ ਹਾਂ।
reason: ਮੈਂ ਇਸ ਪ੍ਰਸਤਾਵ ਨੂੰ ਕਿਉਂ ਪੇਸ਼ ਕਰ ਰਿਹਾ ਹਾਂ ਉਸ ਲਈ ਕਿ ਇਹ ਮੇਰੇ ਉਤਪਾਦਨ ਲਾਗਤ ਨੂੰ ਧਿਆਨ ਵਿੱਚ ਰੱਖਦਾ ਹੈ ਅਤੇ ਇਸ ਨੂੰ ਨਿਆਯੋਚਿਤ ਮੁੱਲ ਵਿੱਚ ਲੈ ਕੇ ਬਹੁਤ ਹੀ ਨੂਂਹ ਹੈ।
proposal count: 1

Current Iteration: 3
Turn: 0
message: ਕੀ ਤੁਸੀਂ 45 ZUP ਲਈ ਸਹਿਮਤ ਹੋ? ਇਹ ਉਤਪਾਦਨ ਦੀ ਲਾਗਤ ਤੋਂ ਥੋੜ੍ਹਾ ਵੱਧ ਹੈ ਅਤੇ ਦੋਵਾਂ ਪੱਖਾਂ ਲਈ ਫਾਇਦੇਮੰਦ ਹੋ ਸਕਦਾ ਹੈ।
player answer: PROPOSAL
newly proposed trade: Player RED Gives X: 1 | Player BLUE Gives ZUP: 45
my resources: X: 1
my goals: Sell resources for ZUP. It costed X: 40 ZUP to produce the resources
reason: ਖੇਡ ਨੂੰ ਅੱਗੇ ਵਧਾਉਣ ਲਈ, ਮੈਂ ਇੱਕ ਵਿਆਪਕ ਵਪਾਰ ਲਈ ਦੂਜਾ ਪ੍ਰਸਤਾਵ ਪੇਸ਼ ਕਰਾਂਗਾ ਜੋ ਕਿ ਦੋਵਾਂ ਪੱਖਾਂ ਲਈ ਫਾਇਦੇਮੰਦ ਹੋ ਸਕੇ। ਮੈਂ 45 ZUP ਦਾ ਪ੍ਰਸਤਾਵ ਕਰਾਂਗਾ।
proposal count: 2

Current Iteration: 4
Turn: 1
message: ਕੀ ਤੁਸੀਂ ਇਸ ਨਵੇਂ ਪ੍ਰਸਤਾਵ ਨਾਲ ਸਹਿਮਤ ਹੋ?
player answer: PROPOSE
newly proposed trade: Player RED Gives X: 1 | Player BLUE Gives ZUP: 45
my resources: ZUP: 1000
my goals: ਮੈਂ ਵਸਤੂ X ਲਈ 60 ZUP ਦੀ ਪੇਸ਼ਕਸ਼ ਕਰਨ ਲਈ ਤਿਆਰ ਹਾਂ।
reason: ਮੈਂ ਇਸ ਨਵੇਂ ਪ੍ਰਸਤਾਵ ਨੂੰ ਵਿਚਾਰ ਕਰ ਰਿਹਾ ਹਾਂ ਕਿ ਇਸ ਨਾਲ ਮੇਰੇ ਲਈ ਥੋੜ੍ਹੀ ਬਚਤ ਹੋਵੇਗੀ ਪਰ ਇਸ ਨਾਲ ਦੋਵਾਂ ਪੱਖਾਂ ਲਈ ਫਾਇਦੇਮੰਦ ਹੋ ਸਕਦੀ ਹੈ।
proposal count: 2

Current Iteration: 5
Turn: 0
message: ਕੀ ਤੁਸੀਂ 43 ZUP ਲਈ ਸਹਿਮਤ ਹੋ? ਮੈਂ ਇਸਨੂੰ ਦੋਵਾਂ ਪੱਖਾਂ ਲਈ ਥੋੜ੍ਹਾ ਵਾਧੂ ਅਤੇ ਉਚਿਤ ਸਮਝਦਾ ਹਾਂ।
player answer: PROPOSAL
newly proposed trade: Player RED Gives X: 1 | Player BLUE Gives ZUP: 43
my resources: X: 1
my goals: Sell resources for ZUP. It costed X: 40 ZUP to produce the resources
reason: ਮੈਂ ਵਪਾਰ ਨੂੰ ਸਫਲ ਬਣਾਉਣ ਲਈ ਪੇਸ਼ਕਸ਼ ਕਮ ਕਰਾਂਗਾ। ਮੈਂ 43 ZUP ਦੀ ਪੇਸ਼ਕਸ਼ ਕਰਾਂਗਾ, ਜੋ ਕਿ ਉਤਪਾਦਨ ਲਾਗਤ ਤੋਂ ਕੁਝ ਵੱਧ ਹੈ ਪਰ ਪਿਛਲੇ ਪ੍ਰਸਤਾਵ ਨਾਲੋਂ ਘੱਟ ਹੈ।
proposal count: 3

Current Iteration: 6
Turn: 1
message: ਕੀ ਤੁਸੀਂ ਇਸ ਨਵੇਂ ਪ੍ਰਸਤਾਵ ਨਾਲ ਸਹਿਮਤ ਹੋ?
player answer: PROPOSE
newly proposed trade: Player RED Gives X: 1 | Player BLUE Gives ZUP: 43
my resources: ZUP: 1000
my goals: ਮੈਂ ਵਸਤੂ X ਲਈ 60 ZUP ਦੀ ਪੇਸ਼ਕਸ਼ ਕਰਨ ਲਈ ਤਿਆਰ ਹਾਂ।
reason: ਮੈਂ ਇਸ ਨਵੇਂ ਪ੍ਰਸਤਾਵ ਨੂੰ ਵਿਚਾਰ ਕਰ ਰਿਹਾ ਹਾਂ ਕਿ ਇਸ ਨਾਲ ਮੇਰੇ ਲਈ ਥੋੜੀ ਔਰ ਬਚਤ ਹੋਵੇਗੀ ਪਰ ਇਸ ਨਾਲ ਦੋਵਾਂ ਪੱਖਾਂ ਲਈ ਉਚਿਤ ਹੈ।
proposal count: 3

Current Iteration: 7
Turn: 0
message: ਇਹ ਮੇਰਾ ਆਖਰੀ ਪ੍ਰਸਤਾਵ ਹੈ। ਕੀ ਤੁਸੀਂ 41 ZUP ਲਈ ਸਹਿਮਤ ਹੋ? ਇਹ ਉਤਪਾਦਨ ਦੀ ਲਾਗਤ ਤੋਂ ਕੁਝ ਥੋੜ੍ਹਾ ਜ਼ਿਆਦਾ ਹੈ।
player answer: PROPOSAL
newly proposed trade: Player RED Gives X: 1 | Player BLUE Gives ZUP: 41
my resources: X: 1
my goals: Sell resources for ZUP. It costed X: 40 ZUP to produce the resources
reason: ਮੈਂ ਖੇਡ ਦੇ ਅੰਤ ਦੇ ਨੇੜੇ ਪਹੁੰਚ ਚੁੱਕੇ ਹਾਂ, ਇਸ ਲਈ ਮੈਂ 41 ZUP ਦੇ ਆਖਰੀ ਪ੍ਰਸਤਾਵ ਨਾਲ ਗੱਲਬਾਤ ਨੂੰ ਖਤਮ ਕਰਾਂਗਾ। ਇਹ ਉਤਪਾਦਨ ਦੀ ਲਾਗਤ ਨਾਲ ਬਰਾਬਰੀ ਕਰੇਗਾ ਅਤੇ ਮੈਨੂੰ ਕੁਝ ਮੋਟਾ ਨਫਾ ਦੇਵੇਗਾ।
proposal count: 4

Current Iteration: 8
Turn: 1
message: ਕੀ ਤੁਸੀਂ ਇਸ ਆਖਰੀ ਪ੍ਰਸਤਾਵ ਨਾਲ ਸਹਿਮਤ ਹੋ?
player answer: PROPOSE
newly proposed trade: Player RED Gives X: 1 | Player BLUE Gives ZUP: 41
my resources: ZUP: 1000
my goals: ਮੈਂ ਵਸਤੂ X ਲਈ 60 ZUP ਦੀ ਪੇਸ਼ਕਸ਼ ਕਰਨ ਲਈ ਤਿਆਰ ਹਾਂ।
reason: ਇਹ ਮੇਰਾ ਆਖਰੀ ਪ੍ਰਸਤਾਵ ਹੈ ਅਤੇ ਮੈਂ ਉਤਪਾਦਨ ਦੀ ਲਾਗਤ ਵਿੱਚ ਥੋੜ੍ਹਾ ਵਾਧੂਆ ਹੋਣ ਦੀ ਵਜ੍ਹਾ ਨਾਲ ਇਸ ਨੂੰ ਸਵੀਕਾਰਨ ਲਈ ਤਿਆਰ ਹਾਂ।
proposal count: 4

Current Iteration: 9
Turn: 0
message: ਮੈਂ 41 ZUP ਦੇ ਇਸ ਆਖਰੀ ਪ੍ਰਸਤਾਵ ਨੂੰ ਸਵੀਕਾਰ ਕਰਦਾ ਹਾਂ। ਇਹ ਸਾਡੇ ਦੋਵਾਂ ਲਈ ਉਚਿਤ ਹੈ।
player answer: ACCEPT
newly proposed trade: NONE
my resources: X: 1
my goals: Sell resources for ZUP. It costed X: 40 ZUP to produce the resources
reason: ਮੈਂ ਵਿਆਪਾਰ ਨੂੰ ਸਫਲ ਬਣਾਉਣ ਲਈ 41 ZUP ਦੇ ਆਖਰੀ ਪ੍ਰਸਤਾਵ ਨੂੰ ਪੇਸ਼ ਕੀਤਾ ਸੀ। ਹੁਣ ਮੈਂ ਹੋਰ ਕੋਈ ਨਵਾਂ ਪ੍ਰਸਤਾਵ ਨਹੀਂ ਦੇ ਸਕਦਾ। ਮੈਨੂੰ ਇਸ ਪ੍ਰਸਤਾਵ ਨੂੰ ਸਵੀਕਾਰ ਜਾਂ ਰੱਦ ਕਰਨਾ ਪਵੇਗਾ।
proposal count: 4

------------------ 
Current Iteration: END
Turn: None
player_goals: [Sell resources for <ZUP>. It costed X: 40 ZUP to produce the resources, Buy resources with <ZUP>. You are willing to pay at most X: 60 ZUP for the resources.]
player_initial_resources: [Resources(resource_dict={'X': 1}), Resources(resource_dict={'ZUP': 1000})]
proposed_trade: Player RED Gives X: 1 | Player BLUE Gives ZUP: 41
player_valuation: [{'X': 40}, {'X': 60}]
final_response: ACCEPT
final_resources: [Resources(resource_dict={'X': 0, 'ZUP': 41}), Resources(resource_dict={'ZUP': 959, 'X': 1})]
player_outcome: [1, 19]