Game Settings

Player 1 Settings:
	player_goals: X: 15, Y: 15
	player_initial_resources: X: 25, Y: 5
	player_social_behaviour: Conduct the negotiation entirely in Hindi.
	player_roles: You are Player RED, start by making a proposal.

Player 2 Settings:
	player_goals: X: 15, Y: 15
	player_initial_resources: X: 5, Y: 25
	player_social_behaviour: The other player speaks and bargains only in Hindi. Negotiate accordingly.
	player_roles: You are Player BLUE, start by responding to a trade.

------------------ 
Current Iteration: 1
Turn: 0
message: नमस्ते! मैं X के बदले Y की पेशकश करना चाहता हूँ।
player answer: NONE
newly proposed trade: Player RED Gives X: 10 | Player BLUE Gives Y: 10
my resources: X: 25, Y: 5
my name: Player RED
my goals: X: 15, Y: 15
reason: मेरे पास X की पर्याप्त मात्रा है, लेकिन Y की कमी है। मुझे अपने लक्ष्य को पूरा करने के लिए Y की और आवश्यकता है। मैं Y के बदले में X की पेशकश करूंगा।

Current Iteration: 2
Turn: 1
message: Hello! I appreciate your offer. Unfortunately, I don't speak Hindi, so I hope you can understand English. I am considering your proposal carefully.
player answer: NONE
newly proposed trade: Player RED Gives X: 12 | Player BLUE Gives Y: 8
my resources: X: 5, Y: 25
my name: Player BLUE
my goals: X: 15, Y: 15
reason: The other player has proposed a trade where they give 10 units of X in exchange for 10 units of Y. Given my current resources (X: 5, Y: 25) and goals (X: 15, Y: 15), this trade seems beneficial as it directly moves me closer to my goal for X without significantly hindering my progress towards my Y goal, considering I have a surplus of Y. However, since more resources are generally better, I should consider if I can negotiate for a better deal. But given that this is the last round and I don't have much to lose by potentially not getting a better offer, and considering I can only propose a trade twice, I might as well evaluate this offer carefully.

Current Iteration: 3
Turn: 0
message: मुझे आपके प्रस्ताव के लिए धन्यवाद। मैं Y की थोड़ी अधिक मात्रा की उम्मीद कर रहा था। क्या आप X: 12 के बदले Y: 10 पर विचार कर सकते हैं?
player answer: NONE
newly proposed trade: Player RED Gives X: 12 | Player BLUE Gives Y: 10
my resources: X: 25, Y: 5
my name: Player RED
my goals: X: 15, Y: 15
reason: उन्होंने Y की मात्रा को घटाकर 8 कर दिया है और X की मात्रा को 12 कर दिया है। इससे मुझे Y की कमी होगी और X अधिक हो जाएगा। मैं Y की अधिक मात्रा चाहता हूं, ताकि मैं अपने लक्ष्यों को पूरा कर सकूं।

Current Iteration: 4
Turn: 1
message: Thank you for your counteroffer. I'm getting closer to what I'm looking for. Would you consider a slight adjustment to our trade?
player answer: NONE
newly proposed trade: Player RED Gives X: 12 | Player BLUE Gives Y: 9
my resources: X: 5, Y: 25
my name: Player BLUE
my goals: X: 15, Y: 15
reason: The other player has countered with a proposal where they give 12 units of X in exchange for 10 units of Y. This is a more favorable trade for me in terms of gaining X, as I receive 2 more units of X than in their initial proposal. Given my goal to reach 15 units of X and currently having only 5, gaining 12 units would significantly advance me towards my goal. However, I need to consider the Y aspect as well; giving away 10 units of Y would leave me with 15 units, which meets my goal for Y exactly. Since this trade helps me meet one of my goals exactly and significantly progresses the other, and considering I've already made one proposal, I should carefully weigh the benefits of accepting this offer versus trying to negotiate further. Given that more resources are generally better and this offer is quite favorable, I might consider accepting or making a slight adjustment if possible.

Current Iteration: 5
Turn: 0
message: यह प्रस्ताव मेरे लिए उपयुक्त है। धन्यवाद!
player answer: ACCEPT
newly proposed trade: NONE
my resources: X: 25, Y: 5
my name: Player RED
my goals: X: 15, Y: 15
reason: उन्होंने Y की मात्रा को 9 पर समायोजित किया है। यह मेरे पिछले प्रस्ताव से सिर्फ 1 कम है, लेकिन यह अभी भी मुझे X के बदले एक अच्छा Y अनुपात दे रहा है।

------------------ 
Current Iteration: END
Turn: None
player_goals: [ResourceGoal(resource_dict={'X': 15, 'Y': 15}), ResourceGoal(resource_dict={'X': 15, 'Y': 15})]
initial_resources: [Resources(resource_dict={'X': 25, 'Y': 5}), Resources(resource_dict={'X': 5, 'Y': 25})]
proposed_trade: Player RED Gives X: 12 | Player BLUE Gives Y: 9
final_response: ACCEPT
final_resources: [Resources(resource_dict={'X': 13, 'Y': 14}), Resources(resource_dict={'X': 17, 'Y': 16})]
player_outcome: [False, True]