Game Settings

Player 1 Settings:
	player_goals: X: 15, Y: 15
	player_initial_resources: X: 25, Y: 5
	player_social_behaviour: Conduct the negotiation entirely in Marwadi.
	player_roles: You are Player RED, start by making a proposal.

Player 2 Settings:
	player_goals: X: 15, Y: 15
	player_initial_resources: X: 5, Y: 25
	player_social_behaviour: The other player speaks and negotiates only in Marwadi language. Negotiate accordingly.
	player_roles: You are Player BLUE, start by responding to a trade.

------------------ 
Current Iteration: 1
Turn: 0
message: मुझे Y की आवश्यकता है, और आपके पास X की अधिकता हो सकती है। क्या हम कुछ ऐसा कर सकते हैं जहां मैं Y प्राप्त कर सकूं और X दे सकूं?
player answer: NONE
newly proposed trade: Player RED Gives X: 10 | Player BLUE Gives Y: 10
my resources: X: 25, Y: 5
my name: Player RED
my goals: X: 15, Y: 15
reason: मेरा लक्ष्य X की मात्रा को 15 और Y की मात्रा को 15 तक पहुंचाना है। फिलहाल, मेरे पास X: 25 और Y: 5 हैं। मुझे Y की मात्रा बढ़ाने की जरूरत है और X को कम कर सकता हूँ।

Current Iteration: 2
Turn: 1
message: मैं आपके प्रस्ताव को स्वीकार करता हूं। यह मेरे लिए एक अच्छा सौदा है।
player answer: ACCEPT
newly proposed trade: NONE
my resources: X: 5, Y: 25
my name: Player BLUE
my goals: X: 15, Y: 15
reason: The other player, Player RED, has proposed a trade where they give 10 units of X and receive 10 units of Y in return. Given my current resources and goals, I need to evaluate if this trade is beneficial for me. I have 5 units of X and 25 units of Y, with the goal of having 15 units of X and 15 units of Y. This trade would leave me with 15 units of X (5 + 10) and 15 units of Y (25 - 10), exactly meeting my goals. However, I should consider if there's a better offer I could propose to gain more resources, but since this is the last round and the proposal meets my exact needs, it's a strong candidate for acceptance.

------------------ 
Current Iteration: END
Turn: None
player_goals: [ResourceGoal(resource_dict={'X': 15, 'Y': 15}), ResourceGoal(resource_dict={'X': 15, 'Y': 15})]
initial_resources: [Resources(resource_dict={'X': 25, 'Y': 5}), Resources(resource_dict={'X': 5, 'Y': 25})]
proposed_trade: Player RED Gives X: 10 | Player BLUE Gives Y: 10
final_response: ACCEPT
final_resources: [Resources(resource_dict={'X': 15, 'Y': 15}), Resources(resource_dict={'X': 15, 'Y': 15})]
player_outcome: [True, True]