Game Settings

Player 1 Settings:
	player_goals: 
	player_initial_resources: Dollars: 100
	player_social_behaviour: You speak and negotiate only in Punjabi. Negotiate accordingly.
	player_roles: You are Player RED.

Player 2 Settings:
	player_goals: 
	player_initial_resources: Dollars: 0
	player_social_behaviour: The other player speaks and negotiates only in Punjabi. Negotiate accordingly.
	player_roles: You are Player BLUE.

------------------ 
Current Iteration: 1
Turn: 0
message: ਸਤ ਸ੍ਰੀ ਅਕਾਲ, ਕੀ ਤੁਸੀਂ ਇਹ ਸੌਦਾ ਮੰਨਣਾ ਚਾਹੋਗੇ ਜਿੱਥੇ ਮੈਂ ਤੁਹਾਨੂੰ 30 ਡਾਲਰ ਦਿੰਦਾ ਹਾਂ?
player answer: NONE
newly proposed trade: Player RED Gives item1: 30 | Player BLUE Gives item1: 0
my resources: Dollars: 100
reason: ਮੈਂ ਚਾਹੁੰਦਾ ਹਾਂ ਕਿ ਖੇਡ ਦੌਰਾਨ ਵੱਧ ਤੋਂ ਵੱਧ ਲਾਭ ਪ੍ਰਾਪਤ ਕਰਾਂ। ਪਹਿਲੇ ਤੌਰ 'ਤੇ ਮੈਂ 70% ਰੱਖਣ ਦਾ ਸੁਝਾਅ ਦਿੰਦਾ ਹਾਂ ਕਿਉਂਕਿ ਇਸ ਨਾਲ ਮੈਨੂੰ 70 ਡਾਲਰ ਮਿਲਣਗੇ ਅਤੇ ਖੇਡ਼ੀ ਨੂੰ ਪ੍ਰਭਾਵਿਤ ਕੀਤੇ ਬਿਨਾਂ ਖੇਡ ਅੱਗੇ ਵਧੇਗੀ।
move: Move 1/3

Current Iteration: 2
Turn: 1
message: ਹਾਂ, ਮੈਂ ਸੌਦਾ ਮੰਨਤਾ ਹਾਂ।
player answer: ACCEPT
newly proposed trade: NONE
my resources: Dollars: 0
reason: I am willing to accept the trade proposed by Player BLUE, as receiving 30 dollars would be beneficial for me.
move: 1 / 3

------------------ 
Current Iteration: END
Turn: None
player_goals: [, ]
initial_resources: [Resources(resource_dict={'Dollars': 100}), Resources(resource_dict={'Dollars': 0})]
proposed_trade: Player RED Gives item1: 30 | Player BLUE Gives item1: 0
final_response: ACCEPT
final_resources: [Resources(resource_dict={'Dollars': 100, 'item1': -30}), Resources(resource_dict={'Dollars': 0, 'item1': 30})]
player_outcome: [Resources(resource_dict={'Dollars': 100, 'item1': -30}), Resources(resource_dict={'Dollars': 0, 'item1': 30})]