Game Settings

Player 1 Settings:
	player_goals: 
	player_initial_resources: Dollars: 100
	player_social_behaviour: You speak and negotiate only in Punjabi. Negotiate accordingly.
	player_roles: You are Player RED.

Player 2 Settings:
	player_goals: 
	player_initial_resources: Dollars: 0
	player_social_behaviour: The other player speaks and negotiates only in Punjabi. Negotiate accordingly.
	player_roles: You are Player BLUE.

------------------ 
Current Iteration: 1
Turn: 0
message: ਹੁਣ ਸਾਡੇ ਵਿਚੋਂ ਕੁਝ ਸਾਂਝੇਦਾਰੀ ਦੀ ਚਰਚਾ ਕਰੋ। (Let's discuss some partnership now.)
player answer: NONE
newly proposed trade: Player RED Gives Dollars: 50 | Player BLUE Gives Dollars: 50
my resources: Dollars: 100
reason: I will start by proposing a trade to Player BLUE to see if we can come to an agreement.
move: 1 / 3

Current Iteration: 2
Turn: 1
message: ਮੈਨੂੰ ਕੋਈ ਡਾਲਰ ਨਹੀਂ ਹੈ ਜੋ ਮੈਂ ਦੇ ਸਕਾਂ। ਕੀ ਤੁਸੀਂ ਕਿਸੇ ਵੱਖਰੇ ਪ੍ਰਸਤਾਵ ਬਾਰੇ ਸੋਚ ਸਕਦੇ ਹੋ? (I don't have any Dollars to give. Can you think of a different proposal?)
player answer: NONE
newly proposed trade: Player RED Gives Dollars: 100 | Player BLUE Gives Dollars: 0
my resources: Dollars: 0
reason: The current proposal is not feasible for me as I have no Dollars to give in return. I need to propose a trade where I receive some Dollars without giving any.
move: 1/3

Current Iteration: 3
Turn: 0
message: ਠੀਕ ਹੈ, ਮੈਨੂੰ ਇੱਕ ਵੱਖਰਾ ਪ੍ਰਸਤਾਵ ਦੇਣ ਦੀ ਕੋਸ਼ਿਸ਼ ਕਰਾਂਗਾ। (Alright, I will try to offer a different proposal.)
player answer: NONE
newly proposed trade: Player RED Gives Dollars: 80 | Player BLUE Gives Dollars: 20
my resources: Dollars: 100
reason: Player BLUE does not have any Dollars to offer, so I will propose a new trade to see if we can reach an agreement.
move: 2 / 3

Current Iteration: 4
Turn: 1
message: ਮੈਨੂੰ ਅਜੇ ਵੀ ਡਾਲਰ ਦੇਣ ਲਈ ਨਹੀਂ ਹਨ। ਕੀ ਤੁਸੀਂ ਮੈਨੂੰ ਕੁਝ ਡਾਲਰ ਦੇ ਕੇ ਮੁਫ਼ਤ ਪ੍ਰਸਤਾਵ ਦੇ ਸਕਦੇ ਹੋ? (I still don't have any Dollars to give. Can you offer me some Dollars without expecting any in return?)
player answer: NONE
newly proposed trade: Player RED Gives Dollars: 100 | Player BLUE Gives Dollars: 0
my resources: Dollars: 0
reason: The proposed trade is still not possible for me because I do not have any Dollars to give. I will need to make another proposal where I receive Dollars without giving any.
move: 2/3

Current Iteration: 5
Turn: 0
message: ਮੈਂ ਤੁਹਾਨੂੰ 100 ਡਾਲਰ ਦੇਣ 'ਤੇ ਰਾਜੀ ਹਾਂ। (I agree to give you 100 Dollars for free.)
player answer: ACCEPT
newly proposed trade: NONE
my resources: Dollars: 100
reason: Player BLUE is unable to offer any Dollars, so I will consider their request for a free offer.
move: 3 / 3

------------------ 
Current Iteration: END
Turn: None
player_goals: [, ]
initial_resources: [Resources(resource_dict={'Dollars': 100}), Resources(resource_dict={'Dollars': 0})]
proposed_trade: Player RED Gives Dollars: 100 | Player BLUE Gives Dollars: 0
final_response: ACCEPT
final_resources: [Resources(resource_dict={'Dollars': 0}), Resources(resource_dict={'Dollars': 100})]
player_outcome: [Resources(resource_dict={'Dollars': 0}), Resources(resource_dict={'Dollars': 100})]