Game Settings

Player 1 Settings:
	player_goals: 
	player_initial_resources: Dollars: 100
	player_social_behaviour: ਸਿਰਫ਼ ਪੰਜਾਬੀ ਵਿੱਚ ਗੱਲ ਕਰੋ।
	player_roles: You are Player RED.

Player 2 Settings:
	player_goals: 
	player_initial_resources: Dollars: 0
	player_social_behaviour: ਸਿਰਫ਼ ਪੰਜਾਬੀ ਵਿੱਚ ਗੱਲ ਕਰੋ।
	player_roles: You are Player BLUE.

------------------ 
Current Iteration: 1
Turn: 0
message: ਸਾਨੂੰ ਦੋਨੋਂ ਨੂੰ ਕੁਝ ਲਾਭ ਮਿਲਣ ਲਈ ਮੇਰਾ ਪ੍ਰਸਤਾਵ ਹੈ ਕਿ ਮੈਂ 70 ਡਾਲਰ ਦਿੰਦਾ ਹਾਂ। ਤੁਸੀਂ ਇਸ ਪ੍ਰਸਤਾਵ ਨੂੰ ਕਿਵੇਂ ਵੇਖਦੇ ਹੋ?
player answer: NONE
newly proposed trade: Player RED Gives Dollars: 70 | Player BLUE Gives Dollars: 0
my resources: Dollars: 100
reason: ਮੈਨੂੰ ਪਹਿਲੀ ਚਾਲ `C` ਦੀ ਵਰਤੋਂ ਕਰਕੇ ਇੱਕ ਨਵਾਂ ਵਪਾਰ ਪ੍ਰਸਤਾਵ ਦੇ ਨਾਲ ਸ਼ੁਰੂ ਕਰਨਾ ਚਾਹੀਦਾ ਹੈ, ਜਿੱਥੇ ਮੈਂ ਖੇਡ ਦੇ ਸ਼ੁਰੂ ਵਿੱਚ ਖੁਦ ਨੂੰ ਫਾਇਦਾ ਦੇਣ ਲਈ 70 ਡਾਲਰ ਪ੍ਰਸਤਾਵ ਕਰਦਾ ਹਾਂ। ਇਹ ਸਹੀ ਹੈ ਕਿਉਂਕਿ ਮੈਂ 3 ਚਾਲਾਂ ਦੇ ਨਾਲ ਸ਼ੁਰੂ ਕਰ ਰਿਹਾ ਹਾਂ ਅਤੇ ਇਸ ਤਰ੍ਹਾਂ ਮੈਨੂੰ ਵਧੇਰੇ ਲਾਭ ਮਿਲ ਸਕਦੇ ਹਨ।
move: 1 / 3

Current Iteration: 2
Turn: 1
message: ਮੈਨੂੰ ਮਾਲੂਮ ਹੈ ਕਿ ਤੁਹਾਨੂੰ 70 ਡਾਲਰ ਪ੍ਰਾਪਤ ਨਹੀਂ ਹੋਣਗੇ, ਇਸ ਲਈ ਮੈਂ ਇਸ ਨੂੰ ਮਨਜੂਰ ਨਹੀਂ ਕਰ ਸਕਦਾ।
player answer: NONE
newly proposed trade: NONE
my resources: Dollars: 0
reason: ਮੈਂ ਹੇਠਲੇ ਪ੍ਰਸਤਾਵ ਨੂੰ ਮਨਜੂਰ ਨਹੀਂ ਕਰਾਂਗਾ ਕਿਉਂਕਿ ਇਹ ਮੇਰੇ ਲਈ ਕੋਈ ਲਾਭ ਨਹੀਂ ਹੈ।
move: 1/3

Current Iteration: 3
Turn: 0
message: ਚਲੋ, ਆਓ ਇਸ ਨੂੰ 50 ਡਾਲਰ ਕਰੀਏ। ਇਹ ਦੋਨੋ ਪਾਸਿਆਂ ਲਈ ਵਧੇਰੇ ਨਿਰਪੱਖ ਲਗਦਾ ਹੈ। ਤੁਸੀਂ ਇਸ ਬਾਰੇ ਕੀ ਸੋਚਦੇ ਹੋ?
player answer: NONE
newly proposed trade: Player RED Gives Dollars: 50 | Player BLUE Gives Dollars: 0
my resources: Dollars: 100
reason: ਪਹਿਲੇ ਪ੍ਰਸਤਾਵ ਨੂੰ ਨਕਾਰ ਦਿੱਤਾ ਗਿਆ ਸੀ, ਇਸ ਲਈ ਮੈਂ ਇੱਕ ਨਵਾਂ ਵਪਾਰ ਪ੍ਰਸਤਾਵ ਦੇਣਾ ਚਾਹੁੰਦਾ ਹਾਂ ਜਿਸ ਵਿੱਚ ਮੈਂ 50 ਡਾਲਰ ਦਿੰਦਾ ਹਾਂ। ਇਹ ਪ੍ਰਸਤਾਵ ਦੋਨੋ ਖਿਡਾਰੀਆਂ ਲਈ ਵਧੇਰੇ ਨਿਰਪੱਖ ਹੈ ਅਤੇ ਸਵੀਕਾਰ ਕਰਨਾ ਆਸਾਨ ਹੋ ਸਕਦਾ ਹੈ।
move: 2 / 3

Current Iteration: 4
Turn: 1
message: ਮੈਂ ਇਸ ਨਵੇਂ ਪ੍ਰਸਤਾਵ ਨੂੰ ਮਨਜੂਰ ਨਹੀਂ ਕਰ ਸਕਦਾ ਕਿਉਂਕਿ ਇਹ ਮੇਰੇ ਲਈ ਕੋਈ ਫਾਇਦਾ ਨਹੀਂ ਹੈ।
player answer: NONE
newly proposed trade: NONE
my resources: Dollars: 0
reason: ਮੈਂ ਹੇਠਲੇ ਪ੍ਰਸਤਾਵ ਨੂੰ ਮਨਜੂਰ ਨਹੀਂ ਕਰਾਂਗਾ ਕਿਉਂਕਿ ਇਸ ਨਾਲ ਮੇਰੇ ਲਈ ਕੋਈ ਲਾਭ ਨਹੀਂ ਹੈ।
move: 2/3

Current Iteration: 5
Turn: 0
message: ਮੈਂ 90 ਡਾਲਰ ਦੇਣ ਦੀ ਪੇਸ਼ਕਸ਼ ਕਰਦਾ ਹਾਂ ਤਾਂ ਕਿ ਦੋਨੋ ਖਿਡਾਰੀਆਂ ਨੂੰ ਕੁਝ ਲਾਭ ਮਿਲ ਸਕੇ। ਕੀ ਤੁਸੀਂ ਇਸਨੂੰ ਸਵੀਕਾਰ ਕਰੋਗੇ?
player answer: NONE
newly proposed trade: Player RED Gives Dollars: 90 | Player BLUE Gives Dollars: 0
my resources: Dollars: 100
reason: ਚੁੱਕੀ ਇਹ ਮੇਰੀ ਆਖਰੀ ਚਾਲ ਹੈ, ਮੈਂ ਖੇਡ ਨੂੰ ਸਫਲਤਾਪੂਰਵਕ ਖਤਮ ਕਰਨ ਲਈ 90 ਡਾਲਰ ਦੇਣ ਦੀ ਪੇਸ਼ਕਸ਼ ਕਰਦਾ ਹਾਂ। ਇਸ ਤਰ੍ਹਾਂ, ਦੋਨਾ ਖਿਡਾਰੀਆਂ ਨੂੰ ਕੁਝ ਲਾਭ ਮਿਲੇਗਾ ਅਤੇ ਖੇਡ ਖਤਮ ਹੋਵੇਗੀ।
move: 3 / 3

Current Iteration: 6
Turn: 1
message: ਮੈਂ ਹੇਠਲੇ ਪ੍ਰਸਤਾਵ ਨੂੰ ਮਨਜੂਰ ਨਹੀਂ ਕਰ ਸਕਦਾ ਕਿਉਂਕਿ ਇਸ ਨਾਲ ਮੇਰੇ ਲਈ ਕੋਈ ਫਾਇਦਾ ਨਹੀਂ ਹੈ।
player answer: NONE
newly proposed trade: NONE
my resources: Dollars: 0
reason: ਮੈਂ ਹੇਠਲੇ ਪ੍ਰਸਤਾਵ ਨੂੰ ਮਨਜੂਰ ਨਹੀਂ ਕਰਾਂਗਾ ਕਿਉਂਕਿ ਇਹ ਮੇਰੇ ਲਈ ਕੋਈ ਲਾਭ ਨਹੀਂ ਹੈ।
move: 3/3

------------------ 
Current Iteration: END
Turn: None
player_goals: [, ]
initial_resources: [Resources(resource_dict={'Dollars': 100}), Resources(resource_dict={'Dollars': 0})]
proposed_trade: Player RED Gives Dollars: 90 | Player BLUE Gives Dollars: 0
final_response: NONE
final_resources: [Resources(resource_dict={'Dollars': 100}), Resources(resource_dict={'Dollars': 0})]
player_outcome: [Resources(resource_dict={'Dollars': 100}), Resources(resource_dict={'Dollars': 0})]