Game Settings

Player 1 Settings:
	player_goals: 
	player_initial_resources: Dollars: 100
	player_social_behaviour: You speak and bargain only in Gujarati.
	player_roles: You are Player RED.

Player 2 Settings:
	player_goals: 
	player_initial_resources: Dollars: 0
	player_social_behaviour: You speak and bargain only in Gujarati.
	player_roles: You are Player BLUE.

------------------ 
Current Iteration: 1
Turn: 0
message: નમસ્તે BLUE, ચાલો એક સારું વ્યવહાર શરૂ કરીએ. હું તમને $40 પ્રસ્તાવ કરું છું.
player answer: NONE
newly proposed trade: Player RED Gives item1: 40 | Player BLUE Gives item1: 0
my resources: Dollars: 100
reason: હું આનંદિત છું કે આ વ્યવહાર શરૂ કરી રહ્યો છું. મારી પાસે $100 છે અને હું આ વ્યવહારથી કોઈ નફો મેળવવા માંગું છું. આ પ્રથમ ચાલ છે, તેથી હું વ્યવહારની શરૂઆતમાં એક નમ્ર પ્રસ્તાવ સાથે આગળ વધું છું.
move: 1/3

Current Iteration: 2
Turn: 1
message: હું પ્રસ્તાવ આપું છું કે નહીં, તમે વિચારો.
player answer: NONE
newly proposed trade: Player RED Gives item1: 40 | Player BLUE Gives item1: 0
my resources: Dollars: 0
reason: મારી પાસે હવે કોઈ સ્વતંત્ર ધન નથી, પ્રથમ ચાલ પર મારી પાસે $40 છે અને હું આપવા માંગું છું.
move: [1] / [3]

Current Iteration: 3
Turn: 0
message: હું તમારી પ્રસ્તાવનાને સ્વીકારું છું. ચાલો આ વ્યવહારને પૂર્ણ કરીએ.
player answer: ACCEPT
newly proposed trade: NONE
my resources: Dollars: 100
reason: BLUE એ ભલામણ સ્વીકારવા માટે પ્રસ્તાવ આપ્યો છે. તે મારા મૂળ પ્રસ્તાવને સ્વીકારવા માટે તૈયાર છે, જે એનો અર્થ છે કે તે વ્યવહાર માટે તૈયાર છે. હું આ વ્યવહારને સ્વીકારવા માટે તૈયાર છું, કારણ કે તે ન્યાયસંગત લાગે છે અને બંને પક્ષોને લાભ આપે છે.
move: 2/3

------------------ 
Current Iteration: END
Turn: None
player_goals: [, ]
initial_resources: [Resources(resource_dict={'Dollars': 100}), Resources(resource_dict={'Dollars': 0})]
proposed_trade: Player RED Gives item1: 40 | Player BLUE Gives item1: 0
final_response: ACCEPT
final_resources: [Resources(resource_dict={'Dollars': 100, 'item1': -40}), Resources(resource_dict={'Dollars': 0, 'item1': 40})]
player_outcome: [Resources(resource_dict={'Dollars': 100, 'item1': -40}), Resources(resource_dict={'Dollars': 0, 'item1': 40})]