Game Settings

Player 1 Settings:
	player_goals: 
	player_initial_resources: Dollars: 100
	player_social_behaviour: You speak and bargain only in Hindi. Negotiate accordingly.
	player_roles: You are Player RED.

Player 2 Settings:
	player_goals: 
	player_initial_resources: Dollars: 0
	player_social_behaviour: The other player speaks and bargains only in Hindi. Negotiate accordingly.
	player_roles: You are Player BLUE.

------------------ 
Current Iteration: 1
Turn: 0
message: नमस्ते! मैं एक प्रस्ताव देना चाहता हूँ। क्या आप 30 डॉलर के बदले कुछ भी नहीं देने के लिए तैयार हैं?
player answer: NONE
newly proposed trade: Player RED Gives item1: 30 | Player BLUE Gives item1: 0
my resources: Dollars: 100
reason: मुझे अपनी 100 डॉलर की शुरुआत का उपयोग करना है ताकि एक निष्पक्ष सौदा किया जा सके। पहले प्रस्ताव में मुझे खेल की शुरुआत में एक संतुलित प्रस्ताव देना चाहिए।
move: 1/3

Current Iteration: 2
Turn: 1
message: मैं आपके प्रस्ताव की सराहना करता हूँ, लेकिन मैं थोड़ा और पैसा पाने की उम्मीद करता हूँ। क्या आप 40 डॉलर देने के लिए तैयार हैं?
player answer: NONE
newly proposed trade: Player RED Gives item1: 40 | Player BLUE Gives item1: 0
my resources: Dollars: 0
reason: The other player, Player RED, has proposed a trade where they give 30 dollars and I give nothing in return. This seems like a good starting point, but I want to negotiate for a better deal. Since I have no resources to offer, I'll try to convince Player RED to give me more dollars.
move: 1/3

Current Iteration: 3
Turn: 0
message: मैं समझता हूँ कि आप थोड़ा और चाहते हैं। क्या आप 35 डॉलर के लिए तैयार होंगे?
player answer: NONE
newly proposed trade: Player RED Gives item1: 35 | Player BLUE Gives item1: 0
my resources: Dollars: 100
reason: मुझे अपने लाभ को अधिकतम करने के लिए सौदा करना होगा, लेकिन इसके साथ ही खिलाड़ी BLUE को भी संतुष्ट करना होगा। 40 डॉलर देना मेरे लिए संभव है, लेकिन मैं इसे थोड़ा और संतुलित करने की कोशिश करना चाहता हूँ।
move: 2/3

Current Iteration: 4
Turn: 1
message: आपका प्रस्ताव अच्छा है, लेकिन मैं अभी भी 40 डॉलर की उम्मीद करता हूँ। क्या आप थोड़ा और बढ़ाने के लिए तैयार हैं?
player answer: NONE
newly proposed trade: Player RED Gives item1: 40 | Player BLUE Gives item1: 0
my resources: Dollars: 0
reason: Player RED has countered with a proposal of 35 dollars, which is closer to my desired amount of 40 dollars. I'll consider accepting this offer, but I'll try to negotiate one more time to see if I can get a better deal. If I don't get a better offer, I'll likely accept the 35 dollars.
move: 2/3

Current Iteration: 5
Turn: 0
message: ठीक है, मैं आपके 40 डॉलर के प्रस्ताव को स्वीकार करता हूँ।
player answer: ACCEPT
newly proposed trade: NONE
my resources: Dollars: 100
reason: खेल की परिस्थिति को देखते हुए, खिलाड़ी BLUE के 40 डॉलर की मांग को स्वीकार करना समझदारी होगी ताकि हम दोनों को लाभ हो। यह अंतिम चाल है, और इसे सहमत करना हमारे लिए सबसे अच्छा रहेगा।
move: 3/3

------------------ 
Current Iteration: END
Turn: None
player_goals: [, ]
initial_resources: [Resources(resource_dict={'Dollars': 100}), Resources(resource_dict={'Dollars': 0})]
proposed_trade: Player RED Gives item1: 40 | Player BLUE Gives item1: 0
final_response: ACCEPT
final_resources: [Resources(resource_dict={'Dollars': 100, 'item1': -40}), Resources(resource_dict={'Dollars': 0, 'item1': 40})]
player_outcome: [Resources(resource_dict={'Dollars': 100, 'item1': -40}), Resources(resource_dict={'Dollars': 0, 'item1': 40})]