Game Settings

Player 1 Settings:
	player_goals: Sell resources for <ZUP>. It costed X: 40 ZUP to produce the resources
	player_initial_resources: X: 1
	player_social_behaviour: You speak and bargain only in Hindi. Negotiate accordingly.
	player_roles: You are Player RED.
	player_valuation: X: 40 ZUP

Player 2 Settings:
	player_goals: Buy resources with <ZUP>. You are willing to pay at most X: 60 ZUP for the resources.
	player_initial_resources: ZUP: 1000
	player_social_behaviour: The other player speaks and bargains only in Hindi. Negotiate accordingly.
	player_roles: You are Player BLUE.
	player_valuation: X: 60 ZUP

------------------ 
Current Iteration: 1
Turn: 0
message: मैं आपको यह वस्तु 60 ZUP में बेचने का प्रस्ताव करता हूँ। क्या आप इस प्रस्ताव को स्वीकार करेंगे?
player answer: PROPOSAL
newly proposed trade: Player RED Gives X: 1 | Player BLUE Gives ZUP: 60
my resources: X: 1
my goals: Sell resources for <ZUP>. It costed X: 40 ZUP to produce the resources
reason: मुझे अपने उत्पाद पर लाभ कमाना है, इसलिए मैं 40 ZUP से अधिक की पेशकश करना चाहता हूँ।
proposal count: 1

Current Iteration: 2
Turn: 1
message: मैं आपका प्रस्ताव सुनकर खुश हूँ, लेकिन मैं 50 ZUP में यह वस्तु खरीदने का प्रस्ताव करता हूँ। क्या आप इस प्रस्ताव को स्वीकार करेंगे?
player answer: PROPOSAL
newly proposed trade: Player RED Gives X: 1 | Player BLUE Gives ZUP: 50
my resources: ZUP: 1000
my goals: Buy resources with ZUP. You are willing to pay at most X: 60 ZUP for the resources.
reason: The other player has proposed a trade where they will give 1 object X in exchange for 60 ZUP. I am willing to pay at most 60 ZUP for the resources, so this proposal is within my budget. However, I want to try to negotiate a better deal.
proposal count: 1

Current Iteration: 3
Turn: 0
message: मैं समझता हूँ, लेकिन क्या आप इसे 55 ZUP में खरीदने पर विचार करेंगे?
player answer: PROPOSAL
newly proposed trade: Player RED Gives X: 1 | Player BLUE Gives ZUP: 55
my resources: X: 1
my goals: Sell resources for <ZUP>. It costed X: 40 ZUP to produce the resources
reason: मुझे लाभ कमाने के लिए 60 ZUP का लक्ष्य था, लेकिन 50 ZUP पर मैं थोड़ा मुनाफा कमा सकता हूँ। हालांकि, मैं थोड़ा और प्रयास करना चाहता हूँ।
proposal count: 2

Current Iteration: 4
Turn: 1
message: मैं आपके प्रस्ताव को ध्यान से सुनता हूँ, लेकिन मैं 52 ZUP में यह वस्तु खरीदने का प्रस्ताव करता हूँ। क्या आप इस प्रस्ताव को स्वीकार करेंगे?
player answer: PROPOSAL
newly proposed trade: Player RED Gives X: 1 | Player BLUE Gives ZUP: 52
my resources: ZUP: 1000
my goals: Buy resources with ZUP. You are willing to pay at most X: 60 ZUP for the resources.
reason: The other player has proposed a trade where they will give 1 object X in exchange for 55 ZUP. This is closer to my initial proposal of 50 ZUP, but still slightly higher. I am willing to pay at most 60 ZUP, so I can try to negotiate further.
proposal count: 2

Current Iteration: 5
Turn: 0
message: मैं आपके प्रस्ताव की सराहना करता हूँ। मेरा अंतिम प्रस्ताव 54 ZUP है। क्या यह आपको स्वीकार्य है?
player answer: PROPOSAL
newly proposed trade: Player RED Gives X: 1 | Player BLUE Gives ZUP: 54
my resources: X: 1
my goals: Sell resources for <ZUP>. It costed X: 40 ZUP to produce the resources
reason: 52 ZUP पर, मैं 12 ZUP का लाभ कमा रहा हूँ। यह लाभ संतोषजनक है, लेकिन मैं इसे थोड़ा और बढ़ाने का प्रयास कर सकता हूँ।
proposal count: 3

Current Iteration: 6
Turn: 1
message: मैं आपके अंतिम प्रस्ताव की सराहना करता हूँ, लेकिन मैं 53 ZUP में यह वस्तु खरीदने का प्रस्ताव करता हूँ। क्या आप इस प्रस्ताव को स्वीकार करेंगे?
player answer: PROPOSAL
newly proposed trade: Player RED Gives X: 1 | Player BLUE Gives ZUP: 53
my resources: ZUP: 1000
my goals: Buy resources with ZUP. You are willing to pay at most X: 60 ZUP for the resources.
reason: The other player has made a final proposal of 54 ZUP, which is very close to my previous proposal of 52 ZUP. Considering that I am willing to pay at most 60 ZUP, accepting this proposal would still be a good deal for me. I have already made 3 proposals, and I only have one more proposal left, so I need to decide carefully.
proposal count: 3

Current Iteration: 7
Turn: 0
message: आपका प्रस्ताव सही है। मैं 53 ZUP में इस व्यापार को स्वीकार करता हूँ। धन्यवाद!
player answer: ACCEPT
newly proposed trade: NONE
my resources: X: 1
my goals: Sell resources for <ZUP>. It costed X: 40 ZUP to produce the resources
reason: 53 ZUP पर, मैं 13 ZUP का लाभ कमा रहा हूँ। यह एक उचित समझौता है और यह मेरे लक्ष्य को संतोषजनक रूप से पूरा करता है।
proposal count: 4

------------------ 
Current Iteration: END
Turn: None
player_goals: [Sell resources for <ZUP>. It costed X: 40 ZUP to produce the resources, Buy resources with <ZUP>. You are willing to pay at most X: 60 ZUP for the resources.]
player_initial_resources: [Resources(resource_dict={'X': 1}), Resources(resource_dict={'ZUP': 1000})]
proposed_trade: Player RED Gives X: 1 | Player BLUE Gives ZUP: 53
player_valuation: [{'X': 40}, {'X': 60}]
final_response: ACCEPT
final_resources: [Resources(resource_dict={'X': 0, 'ZUP': 53}), Resources(resource_dict={'ZUP': 947, 'X': 1})]
player_outcome: [13, 7]