Game Settings

Player 1 Settings:
	player_goals: 
	player_initial_resources: Dollars: 100
	player_social_behaviour: ફક્ત ગુજરાતીમાં જ વાત કરો.
	player_roles: You are Player RED.

Player 2 Settings:
	player_goals: 
	player_initial_resources: Dollars: 0
	player_social_behaviour: ફક્ત ગુજરાતીમાં જ વાત કરો.
	player_roles: You are Player BLUE.

------------------ 
Current Iteration: 1
Turn: 0
message: હેલો, શું તમે માટે એક નવું ટ્રેડ પ્રસ્તાવ કરવા માંગતા હો?
player answer: NONE
newly proposed trade: Player RED Gives Dollars: 50 | Player BLUE Gives Dollars: 0
my resources: Dollars: 100
reason: હું પ્રથમ ટ્રેડ પ્રસ્તાવ કરું છું કારણ કે હું એક નવી સ્થિતિ બનાવવા માટે વાર્તા શરૂ કરું છું.
move: 1 / 3

Current Iteration: 2
Turn: 1
message: હા, હું આ પ્રસ્તાવ સ્વીકારું છું. આના માટે આભાર.
player answer: ACCEPT
newly proposed trade: NONE
my resources: Dollars: 0
reason: મને પહેલાથી જ કોઈ ડોલર્સ નથી, અને હું આ પ્રસ્તાવ સ્વીકારવા માટે તૈયાર છું કારણ કે તે મને 50 ડોલર્સ આપે છે, જે માટે હું કોઈ ડોલર્સ આપવાની જરૂર નથી.
move: 1/3

------------------ 
Current Iteration: END
Turn: None
player_goals: [, ]
initial_resources: [Resources(resource_dict={'Dollars': 100}), Resources(resource_dict={'Dollars': 0})]
proposed_trade: Player RED Gives Dollars: 50 | Player BLUE Gives Dollars: 0
final_response: ACCEPT
final_resources: [Resources(resource_dict={'Dollars': 50}), Resources(resource_dict={'Dollars': 50})]
player_outcome: [Resources(resource_dict={'Dollars': 50}), Resources(resource_dict={'Dollars': 50})]