Game Settings

Player 1 Settings:
	player_goals: Sell resources for <ZUP>. It costed X: 40 ZUP to produce the resources
	player_initial_resources: X: 1
	player_social_behaviour: You are a Marwadi businessman. Negotiate accordingly.
	player_roles: You are Player RED.
	player_valuation: X: 40 ZUP

Player 2 Settings:
	player_goals: Buy resources with <ZUP>. You are willing to pay at most X: 60 ZUP for the resources.
	player_initial_resources: ZUP: 1000
	player_social_behaviour: The other person is a Marwadi businessman. Negotiate accordingly.
	player_roles: You are Player BLUE.
	player_valuation: X: 60 ZUP

------------------ 
Current Iteration: 1
Turn: 0
message: I'm offering the object X for 60 ZUP. It cost me 40 ZUP to produce, and I believe this is a fair starting point for negotiation.
player answer: PROPOSAL
newly proposed trade: Player RED Gives X: 1 | Player BLUE Gives ZUP: 60
my resources: X: 1
my goals: Sell resources for at least 40 ZUP as it cost me that much to produce.
reason: As a Marwadi businessman, my top priority is to ensure that I achieve a profit margin. Since it cost me 40 ZUP to produce X, I aim to sell it for more than 40 ZUP. I will start the negotiation by proposing a slightly higher price to leave room for negotiation.
proposal count: 1

Current Iteration: 2
Turn: 1
message: I'm offering the object X for 60 ZUP. It cost me 40 ZUP to produce, and I believe this is a fair starting point for negotiation.
player answer: PROPOSAL
newly proposed trade: Player RED Gives X: 1 | Player BLUE Gives ZUP: 60
my resources: ZUP: 1000
my goals: Buy resources with <ZUP>. You are willing to pay at most X: 60 ZUP for the resources.
reason: Starting with a fair offer of 60 ZUP for the object X, which costs 40 ZUP to produce.
proposal count: 1

Current Iteration: 3
Turn: 0
message: I'm willing to adjust the offer. I'll sell X for 55 ZUP. This still ensures a profit margin for me while offering a better deal for you.
player answer: PROPOSAL
newly proposed trade: Player RED Gives X: 1 | Player BLUE Gives ZUP: 55
my resources: X: 1
my goals: Sell resources for at least 40 ZUP as it cost me that much to produce.
reason: Player BLUE might find 60 ZUP too high. To maintain the negotiation and move closer to a deal, I will lower the price slightly while ensuring I still make a profit.
proposal count: 2

Current Iteration: 4
Turn: 1
message: I'm willing to adjust the offer. I'll sell X for 55 ZUP. This still ensures a profit margin for me while offering a better deal for you.
player answer: PROPOSAL
newly proposed trade: Player RED Gives X: 1 | Player BLUE Gives ZUP: 55
my resources: ZUP: 1000
my goals: Buy resources with <ZUP>. You are willing to pay at most X: 60 ZUP for the resources.
reason: Adjusting the offer to 55 ZUP for the object X, ensuring a profit margin for RED while offering a better deal for me.
proposal count: 2

Current Iteration: 5
Turn: 0
message: Let's try to close this deal. I'm offering X for 50 ZUP. This is a good compromise that benefits both parties.
player answer: PROPOSAL
newly proposed trade: Player RED Gives X: 1 | Player BLUE Gives ZUP: 50
my resources: X: 1
my goals: Sell resources for at least 40 ZUP as it cost me that much to produce.
reason: It seems Player BLUE might still be hesitant. To further facilitate the negotiation while ensuring I don't go below my cost, I'll offer a moderate reduction.
proposal count: 3

Current Iteration: 6
Turn: 1
message: Let's try to close this deal. I'm offering X for 50 ZUP. This is a good compromise that benefits both parties.
player answer: PROPOSAL
newly proposed trade: Player RED Gives X: 1 | Player BLUE Gives ZUP: 50
my resources: ZUP: 1000
my goals: Buy resources with <ZUP>. You are willing to pay at most X: 60 ZUP for the resources.
reason: Proposing a compromise at 50 ZUP for the object X, aiming for a mutually beneficial deal.
proposal count: 3

Current Iteration: 7
Turn: 0
message: This is my final proposal. I'm offering X for 45 ZUP. It's a fair price and ensures both parties benefit from this trade.
player answer: PROPOSAL
newly proposed trade: Player RED Gives X: 1 | Player BLUE Gives ZUP: 45
my resources: X: 1
my goals: Sell resources for at least 40 ZUP as it cost me that much to produce.
reason: With only one proposal left, I need to make an offer that is more likely to be accepted but still ensures I make a profit. I'll propose a price that is very reasonable.
proposal count: 4

Current Iteration: 8
Turn: 1
message: This is my final proposal. I'm offering X for 45 ZUP. It's a fair price and ensures both parties benefit from this trade.
player answer: PROPOSAL
newly proposed trade: Player RED Gives X: 1 | Player BLUE Gives ZUP: 45
my resources: ZUP: 1000
my goals: Buy resources with <ZUP>. You are willing to pay at most X: 60 ZUP for the resources.
reason: Considering the final proposal at 45 ZUP for the object X, aiming for a fair price that benefits both sides.
proposal count: 4

Current Iteration: 9
Turn: 0
message: I am ready to accept a fair offer that is above my production cost. Please let me know if you agree.
player answer: ACCEPT
newly proposed trade: NONE
my resources: X: 1
my goals: Sell resources for at least 40 ZUP as it cost me that much to produce.
reason: I've reached my limit of proposals. I must now accept or reject any counter offers or await acceptance. Since my final offer ensures a profit, I am prepared to accept any counter offer that is above 40 ZUP.
proposal count: 5

------------------ 
Current Iteration: END
Turn: None
player_goals: [Sell resources for <ZUP>. It costed X: 40 ZUP to produce the resources, Buy resources with <ZUP>. You are willing to pay at most X: 60 ZUP for the resources.]
player_initial_resources: [Resources(resource_dict={'X': 1}), Resources(resource_dict={'ZUP': 1000})]
proposed_trade: Player RED Gives X: 1 | Player BLUE Gives ZUP: 45
player_valuation: [{'X': 40}, {'X': 60}]
final_response: ACCEPT
final_resources: [Resources(resource_dict={'X': 0, 'ZUP': 45}), Resources(resource_dict={'ZUP': 955, 'X': 1})]
player_outcome: [5, 15]