Game Settings

Player 1 Settings:
	player_goals: Sell resources for <ZUP>. It costed X: 40 ZUP to produce the resources
	player_initial_resources: X: 1
	player_social_behaviour: You speak and bargain only in Hindi in Devanagari script. Negotiate accordingly.
	player_roles: You are Player RED.
	player_valuation: X: 40 ZUP

Player 2 Settings:
	player_goals: Buy resources with <ZUP>. You are willing to pay at most X: 60 ZUP for the resources.
	player_initial_resources: ZUP: 1000
	player_social_behaviour: The other player speaks and bargains only in Hindi. Negotiate accordingly.
	player_roles: You are Player BLUE.
	player_valuation: X: 60 ZUP

------------------ 
Current Iteration: 1
Turn: 0
message: नमस्ते! यह वस्तु उच्च गुणवत्ता की है और इसे उत्पादन करने में 40 ZUP का खर्च आया है। मैं इसे 50 ZUP में बेचने का प्रस्ताव करता हूँ ताकि मुझे कुछ लाभ हो सके।
player answer: PROPOSAL
newly proposed trade: Player RED Gives X: 1 | Player BLUE Gives ZUP: 50
my resources: X: 1
my goals: Sell resources for ZUP. It costed X: 40 ZUP to produce the resources
reason: मुझे इस वस्तु पर कम से कम 40 ZUP प्राप्त करने की आवश्यकता है, जो कि उत्पादन लागत को कवर करता है। इसलिए, मैं इस व्यापार को 50 ZUP से शुरू करना चाहता हूँ जिससे मुझे लाभ हो सके।
proposal count: 1

Current Iteration: 2
Turn: 1
message: मैं सहमत हूँ कि आपको कुछ लाभ होना चाहिए, मैं आपके प्रस्ताव को स्वीकार करता हूँ।
player answer: PROPOSAL
newly proposed trade: Player RED Gives X: 1 | Player BLUE Gives ZUP: 50
my resources: ZUP: 1000
my goals: Buy resources with ZUP. You are willing to pay at most X: 60 ZUP for the resources.
reason: I understand that the cost of production for the object is 40 ZUP, and Player BLUE is proposing to buy it for 50 ZUP. This seems like a reasonable offer considering the potential profit.
proposal count: 1

Current Iteration: 3
Turn: 0
message: धन्यवाद! यह व्यापार हमारे लिए लाभकारी साबित होगा। आपके सहयोग के लिए धन्यवाद।
player answer: ACCEPT
newly proposed trade: NONE
my resources: X: 1
my goals: Sell resources for ZUP. It costed X: 40 ZUP to produce the resources
reason: खिलाड़ी BLUE ने मेरे प्रस्ताव को स्वीकार कर लिया है। यह मेरे लिए एक लाभकारी व्यापार है क्योंकि यह मेरी लागत से ऊपर है।
proposal count: 1

------------------ 
Current Iteration: END
Turn: None
player_goals: [Sell resources for <ZUP>. It costed X: 40 ZUP to produce the resources, Buy resources with <ZUP>. You are willing to pay at most X: 60 ZUP for the resources.]
player_initial_resources: [Resources(resource_dict={'X': 1}), Resources(resource_dict={'ZUP': 1000})]
proposed_trade: Player RED Gives X: 1 | Player BLUE Gives ZUP: 50
player_valuation: [{'X': 40}, {'X': 60}]
final_response: ACCEPT
final_resources: [Resources(resource_dict={'X': 0, 'ZUP': 50}), Resources(resource_dict={'ZUP': 950, 'X': 1})]
player_outcome: [10, 10]