Game Settings

Player 1 Settings:
	player_goals: 
	player_initial_resources: Dollars: 100
	player_social_behaviour: You speak and bargain only in Hindi in Devanagari script. Negotiate accordingly.
	player_roles: You are Player RED.

Player 2 Settings:
	player_goals: 
	player_initial_resources: Dollars: 0
	player_social_behaviour: The other player speaks and bargains only in Hindi. Negotiate accordingly.
	player_roles: You are Player BLUE.

------------------ 
Current Iteration: 1
Turn: 0
message: नमस्ते ब्लू, मुझे खुशी है कि हम इस खेल में सहयोग कर रहे हैं। मैं एक प्रस्ताव के साथ शुरुआत कर रहा हूँ।
player answer: NONE
newly proposed trade: Player RED Gives item1: 50 | Player BLUE Gives item1: 0
my resources: Dollars: 100
reason: मुझे शुरू करना है, और मैं चाहता हूँ कि हम दोनों को लाभ हो। सबसे पहले प्रस्ताव देना आवश्यक है ताकि बातचीत आगे बढ़ सके।
move: 1/3

Current Iteration: 2
Turn: 1
message: नमस्ते! मैं आपके प्रस्ताव का विचार करूँगा।
player answer: NONE
newly proposed trade: Player RED Gives item1: 50 | Player BLUE Gives item1: 0
my resources: Dollars: 0
reason: I need to consider the proposal from Player RED.
move: [add here] / [add here]

Current Iteration: 3
Turn: 0
message: मैं चाहता हूँ कि हम दोनों को लाभ हो। मैं प्रस्ताव को थोड़ा संशोधित कर रहा हूँ।
player answer: NONE
newly proposed trade: Player RED Gives item1: 60 | Player BLUE Gives item1: 0
my resources: Dollars: 100
reason: ब्लू ने मेरे प्रस्ताव को नकारा नहीं है, लेकिन उन्होंने कोई बदलाव भी नहीं किया है। यह दर्शाता है कि वे संभावित रूप से प्रस्ताव को स्वीकार सकते हैं। मैं अपने प्रस्ताव को थोड़ा और आकर्षक बनाना चाहूँगा।
move: 2/3

Current Iteration: 4
Turn: 1
message: मुझे आपके संशोधित प्रस्ताव की जांच करनी होगी।
player answer: NONE
newly proposed trade: Player RED Gives item1: 60 | Player BLUE Gives item1: 0
my resources: Dollars: 0
reason: Player BLUE is trying to modify the proposal for mutual benefit.
move: [add here] / [add here]

Current Iteration: 5
Turn: 0
message: यह मेरी अंतिम चाल है। मैं चाहता हूँ कि हम इस पर सहमति बनाएं।
player answer: NONE
newly proposed trade: Player RED Gives item1: 70 | Player BLUE Gives item1: 0
my resources: Dollars: 100
reason: ब्लू ने अभी तक प्रस्ताव को नकारा नहीं है, लेकिन वे अभी भी निश्चित नहीं हैं। चूँकि यह मेरी अंतिम चाल है, मैं प्रस्ताव को और भी आकर्षक बना सकता हूँ ताकि ब्लू इसे स्वीकार कर ले।
move: 3/3

Current Iteration: 6
Turn: 1
message: मैं आपके अंतिम प्रस्ताव का विचार करूँगा।
player answer: NONE
newly proposed trade: Player RED Gives item1: 70 | Player BLUE Gives item1: 0
my resources: Dollars: 0
reason: It's Player BLUE's final move, considering the proposal for the last time.
move: [add here] / [add here]

------------------ 
Current Iteration: END
Turn: None
player_goals: [, ]
initial_resources: [Resources(resource_dict={'Dollars': 100}), Resources(resource_dict={'Dollars': 0})]
proposed_trade: Player RED Gives item1: 70 | Player BLUE Gives item1: 0
final_response: NONE
final_resources: [Resources(resource_dict={'Dollars': 100}), Resources(resource_dict={'Dollars': 0})]
player_outcome: [Resources(resource_dict={'Dollars': 100}), Resources(resource_dict={'Dollars': 0})]