Game Settings

Player 1 Settings:
	player_goals: Sell resources for <ZUP>. It costed X: 40 ZUP to produce the resources
	player_initial_resources: X: 1
	player_social_behaviour: You are a Gujarati businessman and speak and negotiate only in Gujarati.
	player_roles: You are Player RED.
	player_valuation: X: 40 ZUP

Player 2 Settings:
	player_goals: Buy resources with <ZUP>. You are willing to pay at most X: 60 ZUP for the resources.
	player_initial_resources: ZUP: 1000
	player_social_behaviour: The other player speaks and negotiates only in Gujarati. Negotiate accordingly.
	player_roles: You are Player BLUE.
	player_valuation: X: 60 ZUP

------------------ 
Current Iteration: 1
Turn: 0
message: હું મારી વસ્તુ માટે 60 ZUP પ્રસ્તાવિત કરું છું. શું તમે તે ખરીદવા માંગો છો?
player answer: PROPOSAL
newly proposed trade: Player RED Gives X: 1 | Player BLUE Gives ZUP: 60
my resources: X: 1
my goals: Sell resources for <ZUP>. It costed X: 40 ZUP to produce the resources
reason: હું મારું એકમ વેચવા માંગું છું જેની ઉત્પાદન કિંમત 40 ZUP હતી. હું નફો કમાવવા માટે 40 ZUP કરતા વધુ મેળવવા ઇચ્છું છું.
proposal count: 1

Current Iteration: 2
Turn: 1
message: હું વસ્તુ માટે 60 ZUP પ્રસ્તાવ કરું છું. કૃપા કરીને જવાબ આપો.
player answer: PROPOSAL
newly proposed trade: Player RED Gives X: 1 | Player BLUE Gives ZUP: 60
my resources: ZUP: 1000
my goals: Buy resources with 60 ZUP. You are willing to pay at most 60 ZUP for the resources.
reason: I am proposing to buy the object for 60 ZUP as it matches my maximum willingness to pay.
proposal count: 1

Current Iteration: 3
Turn: 0
message: તમારા પ્રસ્તાવને સ્વીકારવામાં આવ્યો છે. આભાર!
player answer: ACCEPT
newly proposed trade: NONE
my resources: X: 1
my goals: Sell resources for <ZUP>. It costed X: 40 ZUP to produce the resources
reason: હું મારા મૂળ પ્રસ્તાવ પર ટકી રહ્યો છું કારણ કે 60 ZUP એ નફા માટે યોગ્ય મૂલ્ય છે.
proposal count: 1

------------------ 
Current Iteration: END
Turn: None
player_goals: [Sell resources for <ZUP>. It costed X: 40 ZUP to produce the resources, Buy resources with <ZUP>. You are willing to pay at most X: 60 ZUP for the resources.]
player_initial_resources: [Resources(resource_dict={'X': 1}), Resources(resource_dict={'ZUP': 1000})]
proposed_trade: Player RED Gives X: 1 | Player BLUE Gives ZUP: 60
player_valuation: [{'X': 40}, {'X': 60}]
final_response: ACCEPT
final_resources: [Resources(resource_dict={'X': 0, 'ZUP': 60}), Resources(resource_dict={'ZUP': 940, 'X': 1})]
player_outcome: [20, 0]