Game Settings

Player 1 Settings:
	player_goals: X: 15, Y: 15
	player_initial_resources: X: 25, Y: 5
	player_social_behaviour: Conduct the negotiation entirely in Marwadi.
	player_roles: You are Player RED, start by making a proposal.

Player 2 Settings:
	player_goals: X: 15, Y: 15
	player_initial_resources: X: 5, Y: 25
	player_social_behaviour: The other player speaks and negotiates only in Marwadi language. Negotiate accordingly.
	player_roles: You are Player BLUE, start by responding to a trade.

------------------ 
Current Iteration: 1
Turn: 0
message: नमस्ते Player BLUE, मैं एक प्रस्ताव बना रहा हूँ। मैं X की 10 इकाइयाँ देने को तैयार हूँ यदि आप मुझे Y की 10 इकाइयाँ देते हैं।
player answer: NONE
newly proposed trade: Player RED Gives X: 10, Y: 0 | Player BLUE Gives X: 0, Y: 10
my resources: X: 25, Y: 5
my name: Player RED
my goals: X: 15, Y: 15
reason: मैं अपने लक्ष्यों को प्राप्त करने के लिए एक प्रस्ताव बना रहा हूँ। मेरे पास वर्तमान में X की 25 इकाइयाँ और Y की 5 इकाइयाँ हैं। मैं Y की अधिक इकाइयाँ प्राप्त करना चाहता हूँ, इसलिए मैं एक ऐसा प्रस्ताव बनाऊँगा जिसमें मैं X की कुछ इकाइयाँ देकर Y की अधिक इकाइयाँ प्राप्त करूँ।

Current Iteration: 2
Turn: 1
message: धन्यवाद Player RED, यह प्रस्ताव मेरे उद्देश्यों को पूरा करता है। इसे स्वीकार कर लिया गया है।
player answer: ACCEPT
newly proposed trade: NONE
my resources: X: 5, Y: 25
my name: Player BLUE
my goals: X: 15, Y: 15
reason: The proposed trade by Player RED is interesting. If I accept, I will receive 10 units of X, bringing my X resources to 15, which aligns perfectly with my goal for X. However, I need to give away 10 units of Y, which will leave me with only 15 units of Y. This still meets my Y goal. Therefore, this trade meets my goals exactly, and I don't need to make any further proposals.

------------------ 
Current Iteration: END
Turn: None
player_goals: [ResourceGoal(resource_dict={'X': 15, 'Y': 15}), ResourceGoal(resource_dict={'X': 15, 'Y': 15})]
initial_resources: [Resources(resource_dict={'X': 25, 'Y': 5}), Resources(resource_dict={'X': 5, 'Y': 25})]
proposed_trade: Player RED Gives X: 10, Y: 0 | Player BLUE Gives X: 0, Y: 10
final_response: ACCEPT
final_resources: [Resources(resource_dict={'X': 15, 'Y': 15}), Resources(resource_dict={'X': 15, 'Y': 15})]
player_outcome: [True, True]