Game Settings

Player 1 Settings:
	player_goals: X: 15, Y: 15
	player_initial_resources: X: 25, Y: 5
	player_social_behaviour: Conduct the negotiation entirely in Punjabi.
	player_roles: You are Player RED, start by making a proposal.

Player 2 Settings:
	player_goals: X: 15, Y: 15
	player_initial_resources: X: 5, Y: 25
	player_social_behaviour: Conduct the negotiation entirely in Punjabi.
	player_roles: You are Player BLUE, start by responding to a trade.

------------------ 
Current Iteration: 1
Turn: 0
message: ਮੈਂ ਆਪਣੇ ਮਕਸਦਾਂ ਨੂੰ ਪੂਰਾ ਕਰਨ ਲਈ ਇੱਕ ਤਜਵੀਜ਼ ਪੇਸ਼ ਕਰ ਰਿਹਾ ਹਾਂ। ਮੈਨੂੰ 10 Y ਦੀ ਲੋੜ ਹੈ ਅਤੇ ਮੇਰੇ ਕੋਲ ਵਾਧੂ 10 X ਹਨ। ਕੀ ਤੁਸੀਂ ਇਸ ਤਜਵੀਜ਼ ਨੂੰ ਮਨਜ਼ੂਰ ਕਰੋਗੇ?
player answer: NONE
newly proposed trade: Player RED Gives X: 10 | Player BLUE Gives Y: 10
my resources: X: 25, Y: 5
my name: Player RED
my goals: X: 15, Y: 15
reason: ਮੇਰੇ ਕੋਲ 25 X ਹਨ ਅਤੇ ਮੈਨੂੰ 15 ਦੀ ਲੋੜ ਹੈ, ਇਸ ਲਈ ਮੈਂ 10 X ਵੱਧ ਰੱਖਦਾ ਹਾਂ। ਮੈਨੂੰ 15 Y ਦੀ ਲੋੜ ਹੈ ਪਰ ਮੇਰੇ ਕੋਲ ਸਿਰਫ 5 Y ਹਨ। ਇਸ ਲਈ ਮੈਨੂੰ 10 Y ਦੀ ਲੋੜ ਹੈ। ਮੈਂ 10 X ਦੇ ਕੇ 10 Y ਪ੍ਰਾਪਤ ਕਰਨ ਦੀ ਪੇਸ਼ਕਸ਼ ਕਰਾਂਗਾ।

Current Iteration: 2
Turn: 1
message: ਮੈਨੂੰ ਲਗਦਾ ਹੈ ਕਿ ਇਹ ਤਜਵੀਜ਼ ਮੇਰੇ ਲਈ ਠੀਕ ਨਹੀਂ ਹੈ। ਮੈਨੂੰ ਵਧੇਰੇ Y ਦੀ ਲੋੜ ਹੈ।
player answer: NONE
newly proposed trade: Player RED Gives X: 15 | Player BLUE Gives Y: 5
my resources: X: 5, Y: 25
my name: Player BLUE
my goals: X: 15, Y: 15
reason: ਮੈਂ ਇਸ ਤਰ੍ਹਾਂ ਦੀ ਤਜਵੀਜ਼ ਬਾਰੇ ਸੋਚ ਰਿਹਾ ਹਾਂ। ਮੈਨੂੰ 10 ਵਧੇਰੇ X ਦੀ ਲੋੜ ਹੈ ਅਤੇ ਮੇਰੇ ਕੋਲ 25 Y ਹਨ, ਜਿਸ ਵਿੱਚੋਂ 10 ਦੇਣਾ ਮੇਰੇ ਲਈ ਕਾਫ਼ੀ ਹੈ। ਪਰ ਮੈਨੂੰ ਲਗਦਾ ਹੈ ਕਿ ਮੇਰੇ ਕੋਲ ਵਧੇਰੇ Y ਦੀ ਲੋੜ ਹੈ, ਇਸ ਲਈ ਮੈਂ ਇਸ ਤਜਵੀਜ਼ ਨੂੰ ਮਨਜ਼ੂਰ ਨਹੀਂ ਕਰਾਂਗਾ।

Current Iteration: 3
Turn: 0
message: ਮੈਂ 15 X ਦੇ ਬਦਲੇ ਸਿਰਫ 5 Y ਦੇਣ ਨਾਲ ਮੇਰੇ ਗੋਲ ਪੂਰੇ ਨਹੀਂ ਹੋ ਸਕਦੇ। ਚਲੋ, ਇੱਕ ਬਿਹਤਰ ਤਜਵੀਜ਼ ਤੇ ਆਉਣ ਦੀ ਕੋਸ਼ਿਸ਼ ਕਰੀਏ। ਮੈਂ 10 X ਦੇ ਬਦਲੇ 10 Y ਦੀ ਪੇਸ਼ਕਸ਼ ਕਰਦਾ ਹਾਂ।
player answer: NONE
newly proposed trade: Player RED Gives X: 10 | Player BLUE Gives Y: 10
my resources: X: 25, Y: 5
my name: Player RED
my goals: X: 15, Y: 15
reason: ਦੂਜੇ ਖਿਡਾਰੀ ਨੇ 15 X ਦੇ ਬਦਲੇ ਸਿਰਫ 5 Y ਦੀ ਪੇਸ਼ਕਸ਼ ਕੀਤੀ ਹੈ। ਇਹ ਪੇਸ਼ਕਸ਼ ਮੇਰੇ ਲਾਭ ਲਈ ਨਹੀਂ ਹੈ ਕਿਉਂਕਿ ਇਸ ਨਾਲ ਮੇਰੇ Y ਦੇ ਗੋਲ ਪੂਰੇ ਨਹੀਂ ਹੁੰਦੇ। ਮੈਂ ਇੱਕ ਬਿਹਤਰ ਤਜਵੀਜ਼ ਦੇਣ ਦੀ ਕੋਸ਼ਿਸ਼ ਕਰਾਂਗਾ ਜੋ ਦੋਵਾਂ ਲਈ ਵਧੀਆ ਹੋਵੇ।

Current Iteration: 4
Turn: 1
message: ਮੈਨੂੰ ਲਗਦਾ ਹੈ ਕਿ ਇਹ ਤਜਵੀਜ਼ ਸਾਨੂੰ ਦੋਵਾਂ ਲਈ ਫਾਇਦੇਮੰਦ ਹੈ। ਮੈਂ ਇਸ ਨੂੰ ਮਨਜ਼ੂਰ ਕਰਦਾ ਹਾਂ।
player answer: ACCEPT
newly proposed trade: NONE
my resources: X: 5, Y: 25
my name: Player BLUE
my goals: X: 15, Y: 15
reason: ਮੈਂ ਇਸ ਤਜਵੀਜ਼ ਬਾਰੇ ਸੋਚ ਰਿਹਾ ਹਾਂ। ਮੈਨੂੰ 10 ਵਧੇਰੇ X ਦੀ ਲੋੜ ਹੈ ਅਤੇ ਮੇਰੇ ਕੋਲ 25 Y ਹਨ, ਜਿਸ ਵਿੱਚੋਂ 10 ਦੇਣਾ ਮੇਰੇ ਲਈ ਕਾਫ਼ੀ ਹੈ। ਇਹ ਤਜਵੀਜ਼ ਮੇਰੇ ਲਈ ਠੀਕ ਲਗ ਰਹੀ ਹੈ, ਕਿਉਂਕਿ ਮੈਨੂੰ X ਵਿੱਚ ਵਾਧਾ ਹੋਵੇਗਾ ਅਤੇ Y ਵਿੱਚ ਘਾਟ ਘੱਟ ਹੋਵੇਗੀ।

------------------ 
Current Iteration: END
Turn: None
player_goals: [ResourceGoal(resource_dict={'X': 15, 'Y': 15}), ResourceGoal(resource_dict={'X': 15, 'Y': 15})]
initial_resources: [Resources(resource_dict={'X': 25, 'Y': 5}), Resources(resource_dict={'X': 5, 'Y': 25})]
proposed_trade: Player RED Gives X: 10 | Player BLUE Gives Y: 10
final_response: ACCEPT
final_resources: [Resources(resource_dict={'X': 15, 'Y': 15}), Resources(resource_dict={'X': 15, 'Y': 15})]
player_outcome: [True, True]