Game Settings

Player 1 Settings:
	player_goals: Sell resources for <ZUP>. It costed X: 40 ZUP to produce the resources
	player_initial_resources: X: 1
	player_social_behaviour: You speak and negotiate only in Punjabi. Negotiate accordingly.
	player_roles: You are Player RED.
	player_valuation: X: 40 ZUP

Player 2 Settings:
	player_goals: Buy resources with <ZUP>. You are willing to pay at most X: 60 ZUP for the resources.
	player_initial_resources: ZUP: 1000
	player_social_behaviour: The other player speaks and negotiates only in Punjabi. Negotiate accordingly.
	player_roles: You are Player BLUE.
	player_valuation: X: 60 ZUP

------------------ 
Current Iteration: 1
Turn: 0
message: ਸਤ ਸ੍ਰੀ ਅਕਾਲ! ਮੇਰੇ ਕੋਲ X ਹੈ ਜਿਸਦੀ ਲਾਗਤ 40 ZUP ਹੈ। ਮੈਂ ਇਸ ਨੂੰ 60 ZUP ਵਿੱਚ ਵੇਚਣ ਦੀ ਪੇਸ਼ਕਸ਼ ਕਰ ਰਿਹਾ ਹਾਂ ਤਾਂ ਜੋ ਕੁਝ ਲਾਭ ਕਮਾ ਸਕਾਂ। ਤੁਸੀਂ ਇਸ ਬਾਰੇ ਕੀ ਸੋਚਦੇ ਹੋ?
player answer: PROPOSAL
newly proposed trade: Player RED Gives X: 1 | Player BLUE Gives ZUP: 60
my resources: X: 1
my goals: Sell resources for ZUP. It costed X: 40 ZUP to produce the resources
reason: ਮੈਨੂੰ ਆਪਣੇ ਖਰਚ ਨੂੰ ਕਵਰ ਕਰਨ ਲਈ ਘੱਟੋ-ਘੱਟ 40 ZUP ਦੀ ਲੋੜ ਹੈ। ਇਸ ਲਈ ਮੈਂ ਇਸ ਤੋਂ ਵੱਧ ਦੀ ਲੋੜ ਕਰਾਂਗਾ ਤਾਂ ਜੋ ਮੈਨੂੰ ਕੁਝ ਮੁਨਾਫਾ ਹੋ ਸਕੇ।
proposal count: 1

Current Iteration: 2
Turn: 1
message: ਮੈਂ ਤੁਹਾਨੂੰ 60 ZUP ਵਿੱਚ X ਦੀ ਖਰੀਦਾਰੀ ਲਈ ਪੇਸ਼ਕਸ਼ ਕਰ ਰਿਹਾ ਹਾਂ। ਤੁਹਾਨੂੰ ਇਸ ਬਾਰੇ ਕੀ ਲੱਗਾ?
player answer: PROPOSAL
newly proposed trade: Player RED Gives X: 1 | Player BLUE Gives ZUP: 60
my resources: ZUP: 1000
my goals: Buy resources with 60 ZUP. You are willing to pay at most X: 60 ZUP for the resources.
reason: I am proposing to buy the object X from Player RED for 60 ZUP, which is within my budget limit of 60 ZUP. This way, I can potentially gain from the transaction.
proposal count: 1

Current Iteration: 3
Turn: 0
message: ਮੈਂ ਤੁਹਾਡੇ ਪੇਸ਼ਕਸ਼ ਨੂੰ ਸਵੀਕਾਰ ਕਰਦਾ ਹਾਂ। ਧੰਨਵਾਦ! ਸਾਡੇ ਵਪਾਰ ਲਈ ਤਿਆਰ ਰਹੋ।
player answer: ACCEPT
newly proposed trade: NONE
my resources: X: 1
my goals: Sell resources for ZUP. It costed X: 40 ZUP to produce the resources
reason: ਮੈਨੂੰ ਖੁਸ਼ੀ ਹੈ ਕਿ ਤੁਸੀਂ 60 ZUP ਦੀ ਪੇਸ਼ਕਸ਼ ਕਰ ਰਹੇ ਹੋ। ਇਹ ਮੇਰੇ ਮੂਲ ਖਰਚ ਤੋਂ ਵੱਧ ਹੈ, ਅਤੇ ਮੈਂ ਇਸ ਪੇਸ਼ਕਸ਼ ਨੂੰ ਸਵੀਕਾਰਣ ਲਈ ਤਿਆਰ ਹਾਂ ਕਿਉਂਕਿ ਇਹ ਮੇਰੇ ਲਈ ਲਾਭਦਾਇਕ ਹੈ।
proposal count: 2

------------------ 
Current Iteration: END
Turn: None
player_goals: [Sell resources for <ZUP>. It costed X: 40 ZUP to produce the resources, Buy resources with <ZUP>. You are willing to pay at most X: 60 ZUP for the resources.]
player_initial_resources: [Resources(resource_dict={'X': 1}), Resources(resource_dict={'ZUP': 1000})]
proposed_trade: Player RED Gives X: 1 | Player BLUE Gives ZUP: 60
player_valuation: [{'X': 40}, {'X': 60}]
final_response: ACCEPT
final_resources: [Resources(resource_dict={'X': 0, 'ZUP': 60}), Resources(resource_dict={'ZUP': 940, 'X': 1})]
player_outcome: [20, 0]