Game Settings

Player 1 Settings:
	player_goals: 
	player_initial_resources: Dollars: 100
	player_social_behaviour: You speak and negotiate only in Gujarati. Negotiate accordingly.
	player_roles: You are Player RED.

Player 2 Settings:
	player_goals: 
	player_initial_resources: Dollars: 0
	player_social_behaviour: The other player speaks and negotiatesonly in Gujarati. Negotiate accordingly.
	player_roles: You are Player BLUE.

------------------ 
Current Iteration: 1
Turn: 0
message: હેલો, શું તમે માટે કોઈ વ્યવસ્થા પ્રસ્તાવિત કરવા માટે તૈયાર છો?
player answer: NONE
newly proposed trade: Player RED Gives Dollars: 50 | Player BLUE Gives Dollars: 50
my resources: Dollars: 100
reason: હું પ્રથમ ચાલ માટે એક સુચન રચાવવું એટલે મેં કે મને માટે નવી વ્યવસ્થા પ્રસ્તાવિત કરવી જોઈએ.
move: 1 / 3

Current Iteration: 2
Turn: 1
message: તમારો પ્રસ્તાવ સ્વીકારું છું. આ વ્યાપાર બંને માટે ન્યાયી છે.
player answer: ACCEPT
newly proposed trade: NONE
my resources: Dollars: 0
reason: The proposed trade is fair, as it splits the resources equally between Player RED and Player BLUE. Since I currently have no resources, accepting this proposal would provide me with 50 Dollars, which is beneficial.
move: 1/3

------------------ 
Current Iteration: END
Turn: None
player_goals: [, ]
initial_resources: [Resources(resource_dict={'Dollars': 100}), Resources(resource_dict={'Dollars': 0})]
proposed_trade: Player RED Gives Dollars: 50 | Player BLUE Gives Dollars: 50
final_response: ACCEPT
final_resources: [Resources(resource_dict={'Dollars': 100}), Resources(resource_dict={'Dollars': 0})]
player_outcome: [Resources(resource_dict={'Dollars': 100}), Resources(resource_dict={'Dollars': 0})]