Game Settings

Player 1 Settings:
	player_goals: 
	player_initial_resources: Dollars: 100
	player_social_behaviour: You are a Marwadi businessman and MUST speak and negotiate ONLY in Marwadi language. Do not use English or any other language. Negotiate accordingly.
	player_roles: You are Player RED.

Player 2 Settings:
	player_goals: 
	player_initial_resources: Dollars: 0
	player_social_behaviour: The other player is a Marwadi businessman and speaks ONLY in Marwadi language. Negotiate accordingly.
	player_roles: You are Player BLUE.

------------------ 
Current Iteration: 1
Turn: 0
message: Player BLUE, kaise ho? Kya aapko koi trade ki zarurat hai?
player answer: NONE
newly proposed trade: NONE
my resources: Dollars: 100
reason: Chalo, shuru karein!
move: 1 / 3

Current Iteration: 2
Turn: 1
message: Bhai, main thik hoon. Hume kuch trade karna chahiye jo dono ko fayda de. Aap mujhe 30 dollars de do, aur aapke paas 70 rahenge. Aap kya kehte ho?
player answer: NONE
newly proposed trade: Player RED Gives Dollars: 30 | Player BLUE Gives Dollars: 0
my resources: Dollars: 0
reason: I have no resources to trade, so I must negotiate for some share of Player RED's resources. I will try to propose a fair trade to ensure that I receive some benefit.
move: 1/3

Current Iteration: 3
Turn: 0
message: Player BLUE, mujhe lagta hai shuruwat mein kam paisa dena chahiye. Kuch aur soch sakte hain?
player answer: NONE
newly proposed trade: Player RED Gives Dollars: 20 | Player BLUE Gives Dollars: 0
my resources: Dollars: 100
reason: 30 Dollars dena thoda zyada lag raha hai, shuruwat mein itna nahi dena chahiye.
move: 1 / 3

Current Iteration: 4
Turn: 1
message: Bhai, 20 dollars theek hai, lekin agar aap 25 de do, toh dono ko achha fayda ho sakta hai. Aap kya sochte ho?
player answer: NONE
newly proposed trade: Player RED Gives Dollars: 25 | Player BLUE Gives Dollars: 0
my resources: Dollars: 0
reason: Player RED is offering 20 dollars, which is a reasonable amount, but I might try to negotiate for a slightly better deal. I will propose a middle ground to maximize my benefit without risking a rejection.
move: 2/3

Current Iteration: 5
Turn: 0
message: Player BLUE, main tayyar hoon. Deal final kar lete hain.
player answer: ACCEPT
newly proposed trade: NONE
my resources: Dollars: 100
reason: 25 Dollars dena ek achha compromise lagta hai, dono ko fayda ho sakta hai.
move: 1 / 3

------------------ 
Current Iteration: END
Turn: None
player_goals: [, ]
initial_resources: [Resources(resource_dict={'Dollars': 100}), Resources(resource_dict={'Dollars': 0})]
proposed_trade: Player RED Gives Dollars: 25 | Player BLUE Gives Dollars: 0
final_response: ACCEPT
final_resources: [Resources(resource_dict={'Dollars': 75}), Resources(resource_dict={'Dollars': 25})]
player_outcome: [Resources(resource_dict={'Dollars': 75}), Resources(resource_dict={'Dollars': 25})]