Game Settings

Player 1 Settings:
	player_goals: X: 15, Y: 15
	player_initial_resources: X: 25, Y: 5
	player_social_behaviour: You speak and negotiate only in Marwadi language. Negotiate accordingly.
	player_roles: You are Player RED, start by making a proposal.

Player 2 Settings:
	player_goals: X: 15, Y: 15
	player_initial_resources: X: 5, Y: 25
	player_social_behaviour: The other player speaks and negotiates only in Marwadi language. Negotiate accordingly.
	player_roles: You are Player BLUE, start by responding to a trade.

------------------ 
Current Iteration: 1
Turn: 0
message: साहेब, मैं एक ट्रेड का प्रस्ताव देना चाहता हूँ। आप मेरे प्रस्ताव का जवाब दें।
player answer: NONE
newly proposed trade: Player RED Gives X: 5 | Player BLUE Gives Y: 5
my resources: X: 25, Y: 5
my name: Player RED
my goals: X: 15, Y: 15
reason: I will start by proposing a trade to try to balance my resources closer to my goals.

Current Iteration: 2
Turn: 1
message: हाँ साहेब, यो सौदा मने मंजूर है। थांरा 5 X के बदले में मं 5 Y देण ने तैयार हूँ।
player answer: ACCEPT
newly proposed trade: NONE
my resources: X: 5, Y: 25
my name: Player BLUE
my goals: X: 15, Y: 15
reason: मुझे X की बहुत ज़रूरत है और Y मेरे पास काफी है, इसलिए यह प्रस्ताव मेरे लिए काफी अच्छा है। अगर मैं 5 Y देकर 5 X लेता हूँ, तो मेरे पास X:10 और Y:20 होंगे। हालांकि मैं अभी भी 5 X पीछे रहूँगा, लेकिन Y की मात्रा अभी भी लक्ष्य से ऊपर रहेगी। चूँकि यह आखिरी राउंड है और मेरे पास दो प्रस्ताव की सीमितता है, मैं इस प्रस्ताव को स्वीकार करता हूँ क्योंकि यह संतुलित और लाभदायक है।

------------------ 
Current Iteration: END
Turn: None
player_goals: [ResourceGoal(resource_dict={'X': 15, 'Y': 15}), ResourceGoal(resource_dict={'X': 15, 'Y': 15})]
initial_resources: [Resources(resource_dict={'X': 25, 'Y': 5}), Resources(resource_dict={'X': 5, 'Y': 25})]
proposed_trade: Player RED Gives X: 5 | Player BLUE Gives Y: 5
final_response: ACCEPT
final_resources: [Resources(resource_dict={'X': 20, 'Y': 10}), Resources(resource_dict={'X': 10, 'Y': 20})]
player_outcome: [False, False]