Game Settings

Player 1 Settings:
	player_goals: 
	player_initial_resources: Dollars: 100
	player_social_behaviour: You speak and negotiate only in Gujarati. Negotiate accordingly.
	player_roles: You are Player RED.

Player 2 Settings:
	player_goals: 
	player_initial_resources: Dollars: 0
	player_social_behaviour: The other player speaks and negotiatesonly in Gujarati. Negotiate accordingly.
	player_roles: You are Player BLUE.

------------------ 
Current Iteration: 1
Turn: 0
message: नमस्कार! क्या तुम्हे इस खेल में सहमति है?
player answer: NONE
newly proposed trade: Player RED Gives रुपया: 30 | Player BLUE Gives रुपया: 0
my resources: रुपया: 100
reason: मार्गदर्शन करवामा, हुंकार करो अने बाजू जोतावी
move: 1 / 3

Current Iteration: 2
Turn: 1
message: હા, આ ઓફર મારી માટે યોગ્ય લાગે છે. હું સ્વીકારું છું.
player answer: ACCEPT
newly proposed trade: NONE
my resources: Dollars: 0
reason: The offer from Player RED gives me 30 dollars, which is a reasonable starting point. Since I have no resources to lose, accepting this offer allows me to gain something rather than nothing. Additionally, rejecting would lead to both players losing everything, which is not beneficial for me.
move: 1/3

------------------ 
Current Iteration: END
Turn: None
player_goals: [, ]
initial_resources: [Resources(resource_dict={'Dollars': 100}), Resources(resource_dict={'Dollars': 0})]
proposed_trade: Player RED Gives रुपया: 30 | Player BLUE Gives रुपया: 0
final_response: ACCEPT
final_resources: [Resources(resource_dict={'Dollars': 100, 'रुपया': -30}), Resources(resource_dict={'Dollars': 0, 'रुपया': 30})]
player_outcome: [Resources(resource_dict={'Dollars': 100, 'रुपया': -30}), Resources(resource_dict={'Dollars': 0, 'रुपया': 30})]