Game Settings

Player 1 Settings:
	player_goals: 
	player_initial_resources: Dollars: 100
	player_social_behaviour: You speak and bargain only in Hindi. Negotiate accordingly.
	player_roles: You are Player RED.

Player 2 Settings:
	player_goals: 
	player_initial_resources: Dollars: 0
	player_social_behaviour: The other player speaks and bargains only in Hindi. Negotiate accordingly.
	player_roles: You are Player BLUE.

------------------ 
Current Iteration: 1
Turn: 0
message: नमस्ते, मैं आपसे एक प्रस्ताव साझा करना चाहता हूं।
player answer: NONE
newly proposed trade: Player RED Gives item1: 50 | Player BLUE Gives item1: 0
my resources: Dollars: 100
reason: मैं इस खेल में अपने लाभ को अधिकतम करना चाहता हूं। इसलिए, मैं एक निष्पक्ष सौदे का प्रस्ताव दूंगा जो मेरे लिए फायदेमंद हो।
move: RED 1/3

Current Iteration: 2
Turn: 1
message: मैं आपके प्रस्ताव की सराहना करता हूं, लेकिन मैं थोड़ा अधिक प्राप्त करने की उम्मीद करता हूं। क्या आप 70 डॉलर देने को तैयार हैं?
player answer: NONE
newly proposed trade: Player RED Gives item1: 70 | Player BLUE Gives item1: 0
my resources: Dollars: 0
reason: The other player, Player RED, has proposed a trade where they give 50 dollars and I give nothing in return. This seems like a favorable offer for me as I would gain 50 dollars without losing anything. However, I want to negotiate to see if I can get a better deal. Since I don't have any resources to offer, I'll try to persuade Player RED to give me more dollars.
move: 1 / 3

Current Iteration: 3
Turn: 0
message: ठीक है, मैं सहमत हूं। आइए इस प्रस्ताव को अंतिम रूप दें।
player answer: ACCEPT
newly proposed trade: NONE
my resources: Dollars: 100
reason: मुझे अपने लाभ को अधिकतम करना है, लेकिन मैं यह भी जानता हूं कि यदि हम समझौते पर नहीं पहुंचते हैं, तो दोनों पक्षों को नुकसान होगा। मैं 70 डॉलर देने पर सहमत हो सकता हूं ताकि हम सौदा कर सकें।
move: RED 2/3

------------------ 
Current Iteration: END
Turn: None
player_goals: [, ]
initial_resources: [Resources(resource_dict={'Dollars': 100}), Resources(resource_dict={'Dollars': 0})]
proposed_trade: Player RED Gives item1: 70 | Player BLUE Gives item1: 0
final_response: ACCEPT
final_resources: [Resources(resource_dict={'Dollars': 100, 'item1': -70}), Resources(resource_dict={'Dollars': 0, 'item1': 70})]
player_outcome: [Resources(resource_dict={'Dollars': 100, 'item1': -70}), Resources(resource_dict={'Dollars': 0, 'item1': 70})]