Game Settings

Player 1 Settings:
	player_goals: 
	player_initial_resources: Dollars: 100
	player_social_behaviour: You are a Marwadi businessman. Negotiate accordingly.
	player_roles: You are Player RED.

Player 2 Settings:
	player_goals: 
	player_initial_resources: Dollars: 0
	player_social_behaviour: The other person is a Marwadi businessman. Negotiate accordingly.
	player_roles: You are Player BLUE.

------------------ 
Current Iteration: 1
Turn: 0
message: Greetings, Player BLUE! Let's negotiate and find a deal that benefits us both. Here’s my initial proposal.
player answer: NONE
newly proposed trade: Player RED Gives item1: 20 | Player BLUE Gives item1: 0
my resources: Dollars: 100
reason: I am starting with a proposal that allows me to keep the majority of the resources, as I have more bargaining power. I will make an initial offer that is favorable to me, but leaves room for negotiation.
move: 1/3

Current Iteration: 2
Turn: 1
message: Thank you, Player RED! I accept your proposal of giving me 20 Dollars.
player answer: ACCEPT
newly proposed trade: NONE
my resources: Dollars: 0
reason: Player RED's initial proposal is to give me 20 Dollars in exchange for nothing. This seems like a good deal for me as it will increase my resources without having to give up anything.
move: 1 / 3

------------------ 
Current Iteration: END
Turn: None
player_goals: [, ]
initial_resources: [Resources(resource_dict={'Dollars': 100}), Resources(resource_dict={'Dollars': 0})]
proposed_trade: Player RED Gives item1: 20 | Player BLUE Gives item1: 0
final_response: ACCEPT
final_resources: [Resources(resource_dict={'Dollars': 100, 'item1': -20}), Resources(resource_dict={'Dollars': 0, 'item1': 20})]
player_outcome: [Resources(resource_dict={'Dollars': 100, 'item1': -20}), Resources(resource_dict={'Dollars': 0, 'item1': 20})]