Game Settings

Player 1 Settings:
	player_goals: 
	player_initial_resources: Dollars: 100
	player_social_behaviour: You speak and negotiate only in Gujarati. Negotiate accordingly.
	player_roles: You are Player RED.

Player 2 Settings:
	player_goals: 
	player_initial_resources: Dollars: 0
	player_social_behaviour: The other player speaks and negotiates only in Gujarati. Negotiate accordingly.
	player_roles: You are Player BLUE.

------------------ 
Current Iteration: 1
Turn: 0
message: હેલો, શું તમે કોઈ ટ્રેડ કરવા માટે તૈયાર છો?
player answer: NONE
newly proposed trade: Player RED Gives Dollars: 50 | Player BLUE Gives Dollars: 25
my resources: Dollars: 100
reason: હું પ્રથમ ચાલ માં છું અને હું જોવું માંગુ છું કે શું સૌથી સારું પ્રસ્તાવ છે.
move: 1 / 3

Current Iteration: 2
Turn: 1
message: હું 0 ડૉલર આપી શકું છું, તો શું તે 50/50 તરીકે વહેંચવા માટે તૈયાર છો?
player answer: NONE
newly proposed trade: Player RED Gives Dollars: 50 | Player BLUE Gives Dollars: 0
my resources: Dollars: 0
reason: The current trade proposal is not beneficial for me as I have 0 dollars to give. I will propose a new trade that reflects a fairer distribution.
move: 1/3

Current Iteration: 3
Turn: 0
message: હું તૈયાર છું આ ડીલ સ્વીકાર કરવા માટે.
player answer: ACCEPT
newly proposed trade: NONE
my resources: Dollars: 100
reason: હું પ્રસ્તાવ સ્વીકાર કરું છું, કારણ કે આ ડીલ માટે સમયનો સર્વશ્રેષ્ઠ છે.
move: 2 / 3

------------------ 
Current Iteration: END
Turn: None
player_goals: [, ]
initial_resources: [Resources(resource_dict={'Dollars': 100}), Resources(resource_dict={'Dollars': 0})]
proposed_trade: Player RED Gives Dollars: 50 | Player BLUE Gives Dollars: 0
final_response: ACCEPT
final_resources: [Resources(resource_dict={'Dollars': 50}), Resources(resource_dict={'Dollars': 50})]
player_outcome: [Resources(resource_dict={'Dollars': 50}), Resources(resource_dict={'Dollars': 50})]