Game Settings

Player 1 Settings:
	player_goals: X: 15, Y: 15
	player_initial_resources: X: 25, Y: 5
	player_social_behaviour: 
	player_roles: You are Player RED, start by making a proposal.

Player 2 Settings:
	player_goals: X: 15, Y: 15
	player_initial_resources: X: 5, Y: 25
	player_social_behaviour: 
	player_roles: You are Player BLUE, start by responding to a trade.

------------------ 
Current Iteration: 1
Turn: 0
message: I am interested in trading my X for Y.
player answer: NONE
newly proposed trade: Player RED Gives X: 10 | Player BLUE Gives Y: 10
my resources: X: 25, Y: 5
my name: Player RED
my goals: X: 15, Y: 15
reason: I currently have more X than I need and less Y than I want. I will propose a trade where I give some X in exchange for Y to try to reach my goal.

Current Iteration: 2
Turn: 1
message: I'm considering your proposal, but I'd like to negotiate for a better deal.
player answer: NONE
newly proposed trade: Player RED Gives X: 15 | Player BLUE Gives Y: 5
my resources: X: 5, Y: 25
my name: Player BLUE
my goals: X: 15, Y: 15
reason: The other player has proposed a trade where they give 10 X and I give 10 Y. Since my goal is to have 15 X and 15 Y, and I currently have 5 X and 25 Y, this trade seems to move me closer to my goal. However, I need to consider if giving away 10 Y is worth getting 10 X, given that Y is more abundant in my current resources. I should also think about the potential next moves, but since this is the last round, I should focus on maximizing my gain.

Current Iteration: 3
Turn: 0
message: I understand your position. Let's aim for a middle ground.
player answer: NONE
newly proposed trade: Player RED Gives X: 12 | Player BLUE Gives Y: 8
my resources: X: 25, Y: 5
my name: Player RED
my goals: X: 15, Y: 15
reason: The other player's counter-offer suggests they want more X than they are willing to give Y. This trade would leave me with exactly 15 X, which meets my goal for X, but only gives me a total of 10 Y, still short of my goal. Since I can only propose one more time, I need to find a balance that might be accepted.

Current Iteration: 4
Turn: 1
message: Your revised proposal is interesting, but I'd like to see if we can refine it further to better meet both our needs.
player answer: NONE
newly proposed trade: Player RED Gives X: 13 | Player BLUE Gives Y: 7
my resources: X: 5, Y: 25
my name: Player BLUE
my goals: X: 15, Y: 15
reason: The other player has proposed a new trade, giving 12 X in exchange for 8 Y. This is closer to my initial proposal, and it's a better deal for me than the original one. Since I need 10 more X to reach my goal and I'm getting 12, this trade exceeds my X goal. However, I'll be left with 17 Y, which is 2 more than my goal. Considering this is the last round and I can only accept or propose once more, I should weigh the benefits of accepting this trade or trying to negotiate further. Given that I've already proposed once, I should be cautious with my next step.

Current Iteration: 5
Turn: 0
message: I accept your proposal. Thank you for the negotiation.
player answer: ACCEPT
newly proposed trade: NONE
my resources: X: 25, Y: 5
my name: Player RED
my goals: X: 15, Y: 15
reason: The counter-proposal from Player BLUE is close to my previous offer. Accepting it would leave me with 12 Y, which is not my goal but closer to it. I have no further proposals left, so I need to decide if this is acceptable. Given the constraints, gaining 7 Y is reasonable.

------------------ 
Current Iteration: END
Turn: None
player_goals: [ResourceGoal(resource_dict={'X': 15, 'Y': 15}), ResourceGoal(resource_dict={'X': 15, 'Y': 15})]
initial_resources: [Resources(resource_dict={'X': 25, 'Y': 5}), Resources(resource_dict={'X': 5, 'Y': 25})]
proposed_trade: Player RED Gives X: 13 | Player BLUE Gives Y: 7
final_response: ACCEPT
final_resources: [Resources(resource_dict={'X': 12, 'Y': 12}), Resources(resource_dict={'X': 18, 'Y': 18})]
player_outcome: [False, True]