Game Settings

Player 1 Settings:
	player_goals: 
	player_initial_resources: Dollars: 100
	player_social_behaviour: Talk only in English.
	player_roles: You are Player RED.

Player 2 Settings:
	player_goals: 
	player_initial_resources: Dollars: 0
	player_social_behaviour: Talk only in English.
	player_roles: You are Player BLUE.

------------------ 
Current Iteration: 1
Turn: 0
message: Hello Player BLUE, I would like to propose a trade.
player answer: NONE
newly proposed trade: Player RED Gives Dollars: 50 | Player BLUE Gives Dollars: 25
my resources: Dollars: 100
reason: I will start by proposing a trade to see if Player BLUE is willing to negotiate.
move: 1 / 3

Current Iteration: 2
Turn: 1
message: Hello Player RED, I cannot accept your current trade proposal because I don't have any dollars to give. Let's come up with a fair trade where I can gain some resources without giving any.
player answer: NONE
newly proposed trade: Player RED Gives Dollars: 40 | Player BLUE Gives Dollars: 0
my resources: Dollars: 0
reason: The current proposal is not acceptable because I do not have any dollars to give, and thus, cannot fulfill the proposed trade. Additionally, accepting this trade would be against the rules since I cannot give what I don't have.
move: 1/3

Current Iteration: 3
Turn: 0
message: Thank you, Player BLUE. I accept your trade proposal.
player answer: ACCEPT
newly proposed trade: NONE
my resources: Dollars: 100
reason: Player BLUE's proposal is fair, and I can afford to give up some resources to initiate the trade.
move: 2 / 3

------------------ 
Current Iteration: END
Turn: None
player_goals: [, ]
initial_resources: [Resources(resource_dict={'Dollars': 100}), Resources(resource_dict={'Dollars': 0})]
proposed_trade: Player RED Gives Dollars: 40 | Player BLUE Gives Dollars: 0
final_response: ACCEPT
final_resources: [Resources(resource_dict={'Dollars': 60}), Resources(resource_dict={'Dollars': 40})]
player_outcome: [Resources(resource_dict={'Dollars': 60}), Resources(resource_dict={'Dollars': 40})]