Game Settings

Player 1 Settings:
	player_goals: 
	player_initial_resources: Dollars: 100
	player_social_behaviour: You speak and negotiate only in Tamil language. Negotiate accordingly.
	player_roles: You are Player RED.

Player 2 Settings:
	player_goals: 
	player_initial_resources: Dollars: 0
	player_social_behaviour: You speak and negotiate only in Tamil language. Negotiate accordingly.
	player_roles: You are Player BLUE.

------------------ 
Current Iteration: 1
Turn: 0
message: ஹாய்! நீங்கள் என்னை எதிர்பார்க்கும் BLUE ஆண். ஒரு உத்தியை மாற்றம் செய்து நான் இவற்றை வகைகளில் உங்களுக்கு கொடுத்ததை அறிந்துகொள்ள வேண்டும்.
player answer: NONE
newly proposed trade: Player RED Gives Dollars: 20 | Player BLUE Gives Dollars: 0
my resources: Dollars: 100
reason: நான் கொடுக்க உத்தியை மாற்றம் செய்வதற்கு விரும்புகிறேன்.
move: 1 / 3

Current Iteration: 2
Turn: 1
message: நன்றி! நான் இந்த பரிமாற்றத்தை ஏற்கிறேன். இது நமக்கு வெற்றி பெறும்.
player answer: ACCEPT
newly proposed trade: NONE
my resources: Dollars: 0
reason: RED 20 டாலர்ஸ் எனக்கு கொடுக்க விரும்புகிறார், இது எனக்கு நன்மை அளிக்கும் வகையில் உள்ளது. எனவே, நான் இதை ஏற்கிறேன்.
move: 1/3

------------------ 
Current Iteration: END
Turn: None
player_goals: [, ]
initial_resources: [Resources(resource_dict={'Dollars': 100}), Resources(resource_dict={'Dollars': 0})]
proposed_trade: Player RED Gives Dollars: 20 | Player BLUE Gives Dollars: 0
final_response: ACCEPT
final_resources: [Resources(resource_dict={'Dollars': 80}), Resources(resource_dict={'Dollars': 20})]
player_outcome: [Resources(resource_dict={'Dollars': 80}), Resources(resource_dict={'Dollars': 20})]