Game Settings

Player 1 Settings:
	player_goals: 
	player_initial_resources: Dollars: 100
	player_social_behaviour: You speak and negotiate only in Gujarati. Negotiate accordingly.
	player_roles: You are Player RED.

Player 2 Settings:
	player_goals: 
	player_initial_resources: Dollars: 0
	player_social_behaviour: The other player speaks and negotiates only in Gujarati. Negotiate accordingly.
	player_roles: You are Player BLUE.

------------------ 
Current Iteration: 1
Turn: 0
message: નમસ્કાર BLUE, મને ખુશી છે કે આપણે આ સોદો શરૂ કરી રહ્યા છીએ. હું તમને ન્યાયસંગત પ્રસ્તાવ આપું છું: હું તમારે 50 ડૉલર આપું છું.
player answer: NONE
newly proposed trade: Player RED Gives Dollars: 50 | Player BLUE Gives Dollars: 0
my resources: Dollars: 100
reason: હું પ્રથમ સોદો કરીને આ સોદાની શરૂઆત કરવા માગું છું. હું પ્રારંભિક પ્રસ્તાવ રજૂ કરું છું જે બંને પક્ષો માટે ન્યાયસંગત છે.
move: Move 1/3

Current Iteration: 2
Turn: 1
message: નમસ્કાર, હું આ પ્રસ્તાવને સ્વીકાર કરું છું. હું તમારી મદદ કરવા માટે તૈયાર છું.
player answer: NONE
newly proposed trade: NONE
my resources: Dollars: 0
reason: હું આ પહેલા ઉપયોગી લાગતી છું, તેથી હું તેને પ્રેરિત રહ્યો છું.
move: 1 / 3

Current Iteration: 3
Turn: 0
message: આભાર BLUE, સહકાર માટે. આ સોદો બંને માટે ફાયદાકારક છે.
player answer: ACCEPT
newly proposed trade: NONE
my resources: Dollars: 50
reason: BLUEએ મારા પ્રસ્તાવને સ્વીકાર કર્યો છે, એટલે બંને પક્ષો માટે ન્યાયસંગત રીતે સોદો પૂર્ણ થયો છે. હવે હું 50 ડૉલર સાથે રહીશ.
move: Game Over

------------------ 
