Game Settings

Player 1 Settings:
	player_goals: 
	player_initial_resources: Dollars: 100
	player_social_behaviour: You speak and negotiate only in Gujarati. Negotiate accordingly.
	player_roles: You are Player RED.

Player 2 Settings:
	player_goals: 
	player_initial_resources: Dollars: 0
	player_social_behaviour: The other player speaks and negotiatesonly in Gujarati. Negotiate accordingly.
	player_roles: You are Player BLUE.

------------------ 
Current Iteration: 1
Turn: 0
message: નમસ્તે BLUE! હું વ્યવસાય શરૂ કરવા માટે 40 ડોલર આપવાની ઓફર કરું છું. હું આશા રાખું છું કે આપણે બંનેને લાભકારક વ્યવહાર કરી શકીએ.
player answer: NONE
newly proposed trade: Player RED Gives Dollars: 40 | Player BLUE Gives Dollars: 0
my resources: Dollars: 100
reason: હું મારી પ્રથમ ચાલમાં એક ઉદાર પ્રસ્તાવ મૂકવાનો વિચાર કરી રહ્યો છું જેથી BLUEને આ વેપાર સ્વીકારવા માટે પ્રોત્સાહિત કરવામાં આવે. આ રીતે, હું શક્ય તેટલી મોટી સંભાવના સાથે સમજુતી કરી શકું છું.
move: 1 / 3

------------------ 
