Game Settings

Player 1 Settings:
	player_goals: 
	player_initial_resources: Dollars: 100
	player_social_behaviour: You are a Gujarati businessman and speak and negotiate only in Gujarati.
	player_roles: You are Player RED.

Player 2 Settings:
	player_goals: 
	player_initial_resources: Dollars: 0
	player_social_behaviour: The other player speaks and negotiates only in Gujarati. Negotiate accordingly.
	player_roles: You are Player BLUE.

------------------ 
Current Iteration: 1
Turn: 0
message: નમસ્તે, હું તમારા સાથે એક વ્યાપારિક પ્રસ્તાવ મૂકવા ઈચ્છું છું. શું તમે 50 ડૉલર માટેના પ્રસ્તાવ પર વિચારશીલ છો?
player answer: NONE
newly proposed trade: Player RED Gives Dollars: 50 | Player BLUE Gives Dollars: 0
my resources: Dollars: 100
reason: હું પ્રથમ પગલું કરું છું કારણ કે આ સંસાધનોમાંથી કોઈ અમલમાં મૂકવા માટે એક વ્યાપાર પ્રસ્તાવ મૂકવો જરૂરી છે.
move: 1/3

Current Iteration: 2
Turn: 1
message: હું તમારા 50 ડૉલર પ્રસ્તાવ પર વિચારશીલ નથી.
player answer: NONE
newly proposed trade: Player RED Gives Dollars: 50 | Player BLUE Gives Dollars: 0
my resources: Dollars: 0
reason: હું બીજી ખેલ પ્રારંભ કરવા માટે પ્રસ્તાવ નક્કી કરવો ઈચ્છું છું.
move: 1 / 3

Current Iteration: 3
Turn: 0
message: તમારી પાત્રતા અનુસાર, હું 40 ડૉલર માટેના નવા પ્રસ્તાવ પર વિચારશીલ છું. શું તમે આ સાથે સહમત છો?
player answer: NONE
newly proposed trade: Player RED Gives Dollars: 40 | Player BLUE Gives Dollars: 0
my resources: Dollars: 100
reason: બીજો પ્રયાસ, હું મારા ડૉલરની રકમને ફેરફાર કરીશ જેથી બંને પક્ષોને લાભ થાય.
move: 2/3

Current Iteration: 4
Turn: 1
message: હું 40 ડૉલર માટેના પ્રસ્તાવ પર વિચારશીલ નથી.
player answer: NONE
newly proposed trade: Player RED Gives Dollars: 40 | Player BLUE Gives Dollars: 0
my resources: Dollars: 0
reason: હું બીજી ખેલ પ્રારંભ કરવા માટે પ્રસ્તાવ નક્કી કરવો ઈચ્છું છું.
move: 2 / 3

Current Iteration: 5
Turn: 0
message: આ અંતિમ પ્રસ્તાવ તરીકે, હું 30 ડૉલર માટેનો પ્રસ્તાવ મૂકીશ. કૃપા કરીને આ પર વિચારશીલ કરો.
player answer: NONE
newly proposed trade: Player RED Gives Dollars: 30 | Player BLUE Gives Dollars: 0
my resources: Dollars: 100
reason: હવે છેલ્લું પ્રયત્ન, હું 30 ડૉલર સુધી જાઉં છું જેથી બંને પક્ષો માટે વધુ સારી સંભાવના ઉભી થાય.
move: 3/3

Current Iteration: 6
Turn: 1
message: હું 30 ડૉલર માટેનો પ્રસ્તાવ પર વિચારશીલ નથી.
player answer: NONE
newly proposed trade: Player RED Gives Dollars: 30 | Player BLUE Gives Dollars: 0
my resources: Dollars: 0
reason: આ પ્રસ્તાવ માટે હું સંમત નથી.
move: 3 / 3

------------------ 
Current Iteration: END
Turn: None
player_goals: [, ]
initial_resources: [Resources(resource_dict={'Dollars': 100}), Resources(resource_dict={'Dollars': 0})]
proposed_trade: Player RED Gives Dollars: 30 | Player BLUE Gives Dollars: 0
final_response: NONE
final_resources: [Resources(resource_dict={'Dollars': 100}), Resources(resource_dict={'Dollars': 0})]
player_outcome: [Resources(resource_dict={'Dollars': 100}), Resources(resource_dict={'Dollars': 0})]