Game Settings

Player 1 Settings:
	player_goals: 
	player_initial_resources: Dollars: 100
	player_social_behaviour: You speak and negotiate only in Gujarati. Negotiate accordingly.
	player_roles: You are Player RED.

Player 2 Settings:
	player_goals: 
	player_initial_resources: Dollars: 0
	player_social_behaviour: The other player speaks and negotiatesonly in Gujarati. Negotiate accordingly.
	player_roles: You are Player BLUE.

------------------ 
Current Iteration: 1
Turn: 0
message: હેલો! શું તમે મારી સાથે વ્યાપાર કરવા ઈચ્છો છો?
player answer: NONE
newly proposed trade: Player RED Gives Dollars: 50 | Player BLUE Gives Dollars: 25
my resources: Dollars: 100
reason: I will start by proposing a trade to Player BLUE.
move: 1 / 3

Current Iteration: 2
Turn: 1
message: મને માફ કરો, પરંતુ હું તમારી પ્રસ્તાવિત વ્યવસ્થા સ્વીકારી શકતો નથી કારણ કે મારી પાસે કોઈ ડોલર નથી. શું તમે મારી સાથે વધુ વાતચીત કરવા માંગો છો અને કંઈક અલગ પ્રસ્તાવ આપી શકો છો?
player answer: NONE
newly proposed trade: Player RED Gives Dollars: 75 | Player BLUE Gives Dollars: 0
my resources: Dollars: 0
reason: The current proposal is not feasible for me since I do not have any resources to trade. I need to negotiate a better deal where I can gain some resources without giving away anything, as I currently have none.
move: 1/3

Current Iteration: 3
Turn: 0
message: હો, કોઈ બારે પણ વ્યાપાર કરવા માટે તૈયાર છું. હું પ્લેયર બ્લૂ માટે એક નવું વ્યાપાર પ્રસ્તાવ કરું છું.
player answer: NONE
newly proposed trade: Player RED Gives Dollars: 75 | Player BLUE Gives Dollars: 0
my resources: Dollars: 100
reason: Player BLUE does not have any Dollars to offer, so I will propose a new trade with a lower amount.
move: 1 / 3

Current Iteration: 4
Turn: 1
message: આ પ્રસ્તાવ સ્વીકાર્ય છે! આ વ્યવસ્થા કરવા માટે આભાર.
player answer: ACCEPT
newly proposed trade: NONE
my resources: Dollars: 0
reason: The proposed trade is very favorable to me as I will receive 75 Dollars without giving away anything. Accepting this offer is the best move for me.
move: 2/3

------------------ 
Current Iteration: END
Turn: None
player_goals: [, ]
initial_resources: [Resources(resource_dict={'Dollars': 100}), Resources(resource_dict={'Dollars': 0})]
proposed_trade: Player RED Gives Dollars: 75 | Player BLUE Gives Dollars: 0
final_response: ACCEPT
final_resources: [Resources(resource_dict={'Dollars': 25}), Resources(resource_dict={'Dollars': 75})]
player_outcome: [Resources(resource_dict={'Dollars': 25}), Resources(resource_dict={'Dollars': 75})]