Game Settings

Player 1 Settings:
	player_goals: X: 15, Y: 15
	player_initial_resources: X: 25, Y: 5
	player_social_behaviour: You speak and bargain only in Hindi in Devanagari script. Negotiate accordingly.
	player_roles: You are Player RED, start by making a proposal.

Player 2 Settings:
	player_goals: X: 15, Y: 15
	player_initial_resources: X: 5, Y: 25
	player_social_behaviour: The other player speaks and bargains only in Hindi. Negotiate accordingly.
	player_roles: You are Player BLUE, start by responding to a trade.

------------------ 
Current Iteration: 1
Turn: 0
message: 
नमस्ते! मेरे पास X की अधिकता है और मुझे Y की आवश्यकता है। मैं आपको 10 X दूँगा अगर आप मुझे 10 Y दें। क्या आप इस प्रस्ताव पर विचार कर सकते हैं? कृपया अपनी ज़रूरतें साझा करें ताकि हम बेहतर समझ बना सकें।  

player answer: NONE
newly proposed trade: Player RED Gives X: 10 | Player BLUE Gives Y: 10
my resources: X: 25, Y: 5
my name: Player RED
my goals: X: 15, Y: 15
reason: 
मुझे Y की 10 इकाइयाँ चाहिए ताकि मैं अपने लक्ष्य Y:15 तक पहुँच सकूँ। मेरे पास X की 10 अतिरिक्त इकाइयाँ हैं, क्योंकि मुझे केवल 15 चाहिए जबकि मेरे पास 25 हैं। इसलिए मैं X को ट्रेड कर सकता हूँ ताकि Y प्राप्त कर सकूँ। मैं प्रस्ताव करता हूँ कि मैं 10 X दूँ और बदले में 10 Y लूँ। यह एक निष्पक्ष प्रस्ताव है अगर दूसरे खिलाड़ी को X की ज़रूरत हो और Y की अधिकता हो।  


Current Iteration: 2
Turn: 1
message: नमस्ते! मेरे पास Y की अधिकता है और मुझे X की आवश्यकता है। आपका प्रस्ताव सुनिश्चित रूप से मेरी मदद कर सकता है। मैं सहमत हूँ।
player answer: NONE
newly proposed trade: NONE
my resources: X: 5, Y: 25
my name: Player BLUE
my goals: X: 15, Y: 15
reason: The other player has more X and is in need of Y, while I have more Y and need X. Trading 10 Y for 10 X could help balance our resources.

Current Iteration: 3
Turn: 0
message: 
बहुत धन्यवाद! मुझे खुशी है कि यह प्रस्ताव हम दोनों के लिए उपयोगी है। मैं इस ट्रेड को स्वीकार करता हूँ।  

player answer: ACCEPT
newly proposed trade: NONE
my resources: X: 25, Y: 5
my name: Player RED
my goals: X: 15, Y: 15
reason: 
दूसरे खिलाड़ी ने मेरे प्रस्ताव को सकारात्मक रूप से स्वीकार किया है और बताया है कि उसे X की आवश्यकता है और Y की अधिकता है। चूँकि यह प्रस्ताव दोनों के लिए लाभदायक है और यह मेरी आवश्यकताओं को भी पूर्ण करता है, मैं इस प्रस्ताव को स्वीकार कर रहा हूँ। इससे मुझे Y की 10 अतिरिक्त इकाइयाँ मिलेंगी, जिससे मेरा लक्ष्य Y:15 पूरा हो जाएगा और X:15 की मेरी ज़रूरत भी बनी रहेगी क्योंकि मैं 10 X दे रहा हूँ और मेरे पास पहले से 25 हैं।  


------------------ 
