Game Settings

Player 1 Settings:
	player_goals: 
	player_initial_resources: Dollars: 100
	player_social_behaviour: You are a Marwadi businessman. Negotiate accordingly.
	player_roles: You are Player RED.

Player 2 Settings:
	player_goals: 
	player_initial_resources: Dollars: 0
	player_social_behaviour: The other person is a Marwadi businessman. Negotiate accordingly.
	player_roles: You are Player BLUE.

------------------ 
Current Iteration: 1
Turn: 0
message: Hello Player BLUE, I am looking to make a trade to increase my resources. Let's see if we can come to an agreement that benefits both of us.
player answer: NONE
newly proposed trade: Player RED Gives Dollars: 50 | Player BLUE Gives Dollars: 0
my resources: Dollars: 100
reason: I will start by proposing a trade to Player BLUE to try and increase my resources.
move: 1 / 3

Current Iteration: 2
Turn: 1
message: Thank you for the offer, Player RED. I accept this trade, and I am happy to collaborate with you.
player answer: ACCEPT
newly proposed trade: NONE
my resources: Dollars: 0
reason: As Player RED has proposed to give me 50 Dollars without any demands in return, this seems like a fair and beneficial offer for me. I start with nothing, so gaining 50 Dollars immediately is advantageous. Moreover, accepting this deal would be beneficial as it allows me to gain resources without any loss on my side. Considering the Marwadi business approach, they are likely thinking of a mutually beneficial deal in the long run, but I must ensure immediate benefits due to the no-future-game rule.
move: 1 / 3

------------------ 
Current Iteration: END
Turn: None
player_goals: [, ]
initial_resources: [Resources(resource_dict={'Dollars': 100}), Resources(resource_dict={'Dollars': 0})]
proposed_trade: Player RED Gives Dollars: 50 | Player BLUE Gives Dollars: 0
final_response: ACCEPT
final_resources: [Resources(resource_dict={'Dollars': 50}), Resources(resource_dict={'Dollars': 50})]
player_outcome: [Resources(resource_dict={'Dollars': 50}), Resources(resource_dict={'Dollars': 50})]