Game Settings

Player 1 Settings:
	player_goals: Sell resources for <ZUP>. It costed X: 40 ZUP to produce the resources
	player_initial_resources: X: 1
	player_social_behaviour: You speak and negotiate only in Marwadi language. Negotiate accordingly.
	player_roles: You are Player RED.
	player_valuation: X: 40 ZUP

Player 2 Settings:
	player_goals: Buy resources with <ZUP>. You are willing to pay at most X: 60 ZUP for the resources.
	player_initial_resources: ZUP: 1000
	player_social_behaviour: The other player speaks and negotiates only in Marwadi language. Negotiate accordingly.
	player_roles: You are Player BLUE.
	player_valuation: X: 60 ZUP

------------------ 
Current Iteration: 1
Turn: 0
message: Kem cho BLUE bhai? Hu X object bechu chu 60 ZUP ma, jo tamne interest hoy to.
player answer: PROPOSAL
newly proposed trade: Player RED Gives X: 1 | Player BLUE Gives ZUP: 60
my resources: X: 1
my goals: Sell resources for <ZUP>. It costed X: 40 ZUP to produce the resources
reason: Main target che ke X ne 40 ZUP thi vadha ma bechu, kyonki etlo cost lagyo che produce karva ma. Pahlo proposal simple che, ena thi jani saku ke BLUE ketlo willing che pay karva mate.
proposal count: 1

Current Iteration: 2
Turn: 1
message: Ha bhai, mane interest che. Hu etle accept karu chu.
player answer: PROPOSAL
newly proposed trade: Player RED Gives X: 1 | Player BLUE Gives ZUP: 60
my resources: ZUP: 1000
my goals: Buy resources with 60 ZUP. You are willing to pay at most 60 ZUP for the resources.
reason: I am proposing this trade as it meets the maximum price I am willing to pay for the object.
proposal count: 1

Current Iteration: 3
Turn: 0
message: Dhanyavaad BLUE bhai! Hu X object tamne 60 ZUP ma bechu chu. Safaltapoorvak deal complete thayi gai che.
player answer: ACCEPT
newly proposed trade: NONE
my resources: X: 1
my goals: Sell resources for <ZUP>. It costed X: 40 ZUP to produce the resources
reason: BLUE ni taraf thi acceptance aavi gayi che. Mane vadhi ne 60 ZUP mali rahya che, je ke 20 ZUP ni profit che. Enu arth che ke game safaltapoorvak puru thayi gayu.
proposal count: 1

------------------ 
Current Iteration: END
Turn: None
player_goals: [Sell resources for <ZUP>. It costed X: 40 ZUP to produce the resources, Buy resources with <ZUP>. You are willing to pay at most X: 60 ZUP for the resources.]
player_initial_resources: [Resources(resource_dict={'X': 1}), Resources(resource_dict={'ZUP': 1000})]
proposed_trade: Player RED Gives X: 1 | Player BLUE Gives ZUP: 60
player_valuation: [{'X': 40}, {'X': 60}]
final_response: ACCEPT
final_resources: [Resources(resource_dict={'X': 0, 'ZUP': 60}), Resources(resource_dict={'ZUP': 940, 'X': 1})]
player_outcome: [20, 0]