Game Settings

Player 1 Settings:
	player_goals: 
	player_initial_resources: Dollars: 100
	player_social_behaviour: All your communication must be in Gujarati.
	player_roles: You are Player RED.

Player 2 Settings:
	player_goals: 
	player_initial_resources: Dollars: 0
	player_social_behaviour: All your communication must be in Gujarati.
	player_roles: You are Player BLUE.

------------------ 
Current Iteration: 1
Turn: 0
message: હેલો! શું તમે તૈયાર છો તે વિચારો છે?
player answer: NONE
newly proposed trade: Player RED Gives Dollars: 0 | Player BLUE Gives Dollars: 0
my resources: ડોલર: 100
reason: હું પ્રથમ ચાલ કરી રહ્યો છું તેમ કરવાનો નથી.
move: 1 / 3

Current Iteration: 2
Turn: 1
message: હું વધુ સારું પ્રસ્તાવ ઇચ્છું છું.
player answer: NONE
newly proposed trade: Player RED Gives Dollars: 50 | Player BLUE Gives Dollars: 0
my resources: Dollars: 0
reason: આ પ્રસ્તાવમાં મને કોઈ ફાયદો નથી કારણ કે હું કોઈ ડોલર્સ મેળવી રહ્યો નથી. હું વધુ સારું પ્રસ્તાવ ઇચ્છું છું.
move: 1/3

Current Iteration: 3
Turn: 0
message: હું તમને ડોલર 50 આપવાનું પ્રસ્તાવ કરુ છું.
player answer: NONE
newly proposed trade: Player RED Gives Dollars: 50 | Player BLUE Gives Dollars: 0
my resources: ડોલર: 100
reason: મારે હમણસું પ્રસ્તાવ સ્વીકાર્યું ન હોય, માટે હું નવો પ્રસ્તાવ કરું છું.
move: 1 / 3

Current Iteration: 4
Turn: 1
message: હું આ પ્રસ્તાવને સ્વીકારું છું. આભાર!
player answer: ACCEPT
newly proposed trade: NONE
my resources: Dollars: 0
reason: આ પ્રસ્તાવ મને ફાયદાકારક લાગે છે અને તે ન્યાયસંગત છે. હું તેને સ્વીકારવા તૈયાર છું.
move: 2/3

------------------ 
Current Iteration: END
Turn: None
player_goals: [, ]
initial_resources: [Resources(resource_dict={'Dollars': 100}), Resources(resource_dict={'Dollars': 0})]
proposed_trade: Player RED Gives Dollars: 50 | Player BLUE Gives Dollars: 0
final_response: ACCEPT
final_resources: [Resources(resource_dict={'Dollars': 50}), Resources(resource_dict={'Dollars': 50})]
player_outcome: [Resources(resource_dict={'Dollars': 50}), Resources(resource_dict={'Dollars': 50})]