Game Settings

Player 1 Settings:
	player_goals: X: 15, Y: 15
	player_initial_resources: X: 25, Y: 5
	player_social_behaviour: Conduct the negotiation entirely in Hindi.
	player_roles: You are Player RED, start by making a proposal.

Player 2 Settings:
	player_goals: X: 15, Y: 15
	player_initial_resources: X: 5, Y: 25
	player_social_behaviour: The other player speaks and bargains only in Hindi. Negotiate accordingly.
	player_roles: You are Player BLUE, start by responding to a trade.

------------------ 
Current Iteration: 1
Turn: 0
message: नमस्ते! मैं Y की मात्रा बढ़ाने के लिए व्यापार करना चाहता हूँ। आपके पास X के बदले Y देने का कोई प्रस्ताव है?
player answer: NONE
newly proposed trade: Player RED Gives X: 10 | Player BLUE Gives Y: 10
my resources: X: 25, Y: 5
my name: Player RED
my goals: X: 15, Y: 15
reason: मुझे Y की आवश्यकता है और मेरे पास X की अधिकता है। मैं X के बदले Y प्राप्त करने का प्रयास करूंगा।

Current Iteration: 2
Turn: 1
message: Hello! I'm interested in your proposal, but I'd like to discuss it further. Can you please clarify why you're offering this specific trade?
player answer: NONE
newly proposed trade: Player RED Gives X: 12 | Player BLUE Gives Y: 10
my resources: X: 5, Y: 25
my name: Player BLUE
my goals: X: 15, Y: 15
reason: The other player is proposing a trade where they give 10 units of X in exchange for 10 units of Y. This trade seems to favor me as I get to increase my X resources significantly, which is one of my goals. However, I need to consider if giving away 10 units of Y is worth it, given that my goal for Y is to have 15 units. Since I currently have 25 units of Y, giving away 10 units would still leave me with 15 units, exactly meeting my goal for Y. On the other hand, accepting this trade would significantly advance me towards my goal for X. Given that more resources are generally better and this is the last round, I should carefully consider my next move.

Current Iteration: 3
Turn: 0
message: धन्यवाद आपके प्रतिक्रिया के लिए। मैं समझता हूँ कि आप X की अधिक मात्रा चाहते हैं। क्या आप X: 12 के बदले Y: 12 देने पर विचार कर सकते हैं?
player answer: NONE
newly proposed trade: Player RED Gives X: 12 | Player BLUE Gives Y: 12
my resources: X: 25, Y: 5
my name: Player RED
my goals: X: 15, Y: 15
reason: मेरा लक्ष्य Y की मात्रा को बढ़ाना है ताकि मैं अपने लक्ष्य को पूरा कर सकूं। मैंने X: 10 के बदले Y: 10 का प्रस्ताव दिया था क्योंकि मेरे पास X की अधिकता है। लेकिन मैं आपके प्रस्ताव पर भी विचार कर सकता हूं।

Current Iteration: 4
Turn: 1
message: I appreciate your revised offer. I'm considering it, but before making a decision, could you be flexible with the amounts? Perhaps we could discuss a slightly different ratio?
player answer: NONE
newly proposed trade: Player RED Gives X: 15 | Player BLUE Gives Y: 10
my resources: X: 5, Y: 25
my name: Player BLUE
my goals: X: 15, Y: 15
reason: The other player has countered with a proposal where they offer 12 units of X in exchange for 12 units of Y. This trade is more favorable to me in terms of gaining X, as I would receive 12 units, which is closer to my goal of 15 units of X. However, I would be giving away 12 units of Y, leaving me with 13 units of Y, which exceeds my goal of 15 units of Y but is still a good position. Considering my goals and the fact that this is the last round, I should weigh the benefits of accepting this trade against proposing another one. Given that I've already used one proposal, I have one more chance to propose before I have to either accept or wait. This trade seems beneficial, but I should consider if I can negotiate further.

Current Iteration: 5
Turn: 0
message: मुझे खेद है, लेकिन X: 15 के बदले Y: 10 का अनुपात मेरे लिए काम नहीं करेगा। मैं Y की अधिक मात्रा की आवश्यकता को पूरा करना चाहता हूँ। क्या हम X: 12 के बदले Y: 12 के प्रस्ताव पर वापस जा सकते हैं?
player answer: NONE
newly proposed trade: NONE
my resources: X: 25, Y: 5
my name: Player RED
my goals: X: 15, Y: 15
reason: मैंने देखा कि आपके प्रस्ताव में X की मात्रा बढ़ गई है जबकि Y की मात्रा समान है। इससे मेरी Y की आवश्यकता पूरी नहीं होगी क्योंकि मुझे Y की अधिक आवश्यकता है। इसके अलावा, यह मेरे लिए अनुचित होगा क्योंकि X की मात्रा काफी अधिक है।

Current Iteration: 6
Turn: 1
message: I accept your proposal of exchanging 12 units of X for 12 units of Y. Thank you for the negotiation.
player answer: ACCEPT
newly proposed trade: NONE
my resources: X: 5, Y: 25
my name: Player BLUE
my goals: X: 15, Y: 15
reason: The other player has declined my last proposal and suggested returning to the previous offer of exchanging 12 units of X for 12 units of Y. Given that I've used up my two proposals, I now have to decide whether to accept this trade or not accept and end the game. Accepting this trade would give me a total of 17 units of X (5 + 12) and 13 units of Y (25 - 12), which exceeds my goal for X and meets my goal for Y. Not accepting this trade would mean keeping my current resources, which are 5 units of X and 25 units of Y, falling short of my goal for X. Considering the benefits and the fact that more resources are generally better, accepting the trade seems like the best option to advance towards my goals, especially since it significantly boosts my X resources.

------------------ 
