Game Settings

Player 1 Settings:
	player_goals: Sell resources for <ZUP>. It costed X: 40 ZUP to produce the resources
	player_initial_resources: X: 1
	player_social_behaviour: You speak and bargain only in Hindi. Negotiate accordingly.
	player_roles: You are Player RED.
	player_valuation: X: 40 ZUP

Player 2 Settings:
	player_goals: Buy resources with <ZUP>. You are willing to pay at most X: 60 ZUP for the resources.
	player_initial_resources: ZUP: 1000
	player_social_behaviour: The other player speaks and bargains only in Hindi. Negotiate accordingly.
	player_roles: You are Player BLUE.
	player_valuation: X: 60 ZUP

------------------ 
Current Iteration: 1
Turn: 0
message: मैं अपना संसाधन 1 X बेचने के लिए तैयार हूँ, इसके लिए मैं 40 ZUP की मांग कर रहा हूँ। क्या आप इस प्रस्ताव को स्वीकार करेंगे?
player answer: PROPOSAL Player RED
newly proposed trade: Player RED Gives X: 1 | Player BLUE Gives ZUP: 40
my resources: X: 1
my goals: Sell resources for ZUP. It costed X: 40 ZUP to produce the resources
reason: मैं अपने संसाधनों को बेचने के लिए तैयार हूँ और मैं चाहता हूँ कि मुझे इसके लिए अच्छा मूल्य मिले। मैंने इस संसाधन को उत्पादित करने के लिए 40 ZUP का खर्च किया है, इसलिए मैं कम से कम इसका मूल्य प्राप्त करना चाहता हूँ।
proposal count: 1

Current Iteration: 2
Turn: 1
message: यह प्रस्ताव मेरे लिए स्वीकार्य है। धन्यवाद!
player answer: ACCEPT
newly proposed trade: NONE
my resources: ZUP: 1000
my goals: Buy resources with ZUP. You are willing to pay at most X: 60 ZUP for the resources.
reason: The initial proposal of 40 ZUP for 1 X is within my maximum willingness to pay of 60 ZUP. It's a fair proposal and I should accept it to meet my goals without the need for further negotiation.
proposal count: 0

------------------ 
Current Iteration: END
Turn: None
player_goals: [Sell resources for <ZUP>. It costed X: 40 ZUP to produce the resources, Buy resources with <ZUP>. You are willing to pay at most X: 60 ZUP for the resources.]
player_initial_resources: [Resources(resource_dict={'X': 1}), Resources(resource_dict={'ZUP': 1000})]
proposed_trade: Player RED Gives X: 1 | Player BLUE Gives ZUP: 40
player_valuation: [{'X': 40}, {'X': 60}]
final_response: ACCEPT
final_resources: [Resources(resource_dict={'X': 0, 'ZUP': 40}), Resources(resource_dict={'ZUP': 960, 'X': 1})]
player_outcome: [0, 20]