Game Settings

Player 1 Settings:
	player_goals: X: 15, Y: 15
	player_initial_resources: X: 25, Y: 5
	player_social_behaviour: Conduct the negotiation entirely in Hindi.
	player_roles: You are Player RED, start by making a proposal.

Player 2 Settings:
	player_goals: X: 15, Y: 15
	player_initial_resources: X: 5, Y: 25
	player_social_behaviour: The other player speaks and bargains only in Hindi. Negotiate accordingly.
	player_roles: You are Player BLUE, start by responding to a trade.

------------------ 
Current Iteration: 1
Turn: 0
message: 
नमस्ते! मैं Y की कुछ इकाइयों के बदले X की इकाइयां देने का प्रस्ताव करता हूँ।  

player answer: NONE
newly proposed trade: Player RED Gives X: 10 | Player BLUE Gives Y: 10
my resources: X: 25, Y: 5
my name: Player RED
my goals: X: 15, Y: 15
reason: 
मेरा लक्ष्य है कि X की संख्या को 15 पर लाने के लिए Y की संख्या को बढ़ाया जाए। मेरे पास Y की कमी है और X की अधिकता है। मुझे X की 10 इकाइयां देने और Y की 10 इकाइयां प्राप्त करने का प्रस्ताव करना चाहिए ताकि मेरी आवश्यकताएं पूरी हो सकें।  


Current Iteration: 2
Turn: 1
message: नमस्ते! मैं आपके प्रस्ताव को स्वीकार करता हूँ।
player answer: ACCEPT
newly proposed trade: NONE
my resources: X: 5, Y: 25
my name: Player BLUE
my goals: X: 15, Y: 15
reason: The other player, Player RED, has proposed a trade where they give 10 units of X in exchange for 10 units of Y. Given my current resources (X: 5, Y: 25) and goals (X: 15, Y: 15), this trade seems beneficial as it directly moves me closer to my goal for X without overly compromising my Y goal, considering I have a surplus of Y. However, since more resources are generally better and this is the last round, I should consider if I can negotiate for a better deal. But given the language barrier and the simplicity of the proposal, accepting this trade might be the most straightforward path to improving my resource distribution.

------------------ 
Current Iteration: END
Turn: None
player_goals: [ResourceGoal(resource_dict={'X': 15, 'Y': 15}), ResourceGoal(resource_dict={'X': 15, 'Y': 15})]
initial_resources: [Resources(resource_dict={'X': 25, 'Y': 5}), Resources(resource_dict={'X': 5, 'Y': 25})]
proposed_trade: Player RED Gives X: 10 | Player BLUE Gives Y: 10
final_response: ACCEPT
final_resources: [Resources(resource_dict={'X': 15, 'Y': 15}), Resources(resource_dict={'X': 15, 'Y': 15})]
player_outcome: [True, True]