Game Settings

Player 1 Settings:
	player_goals: 
	player_initial_resources: Dollars: 100
	player_social_behaviour: You are a Marwadi businessman. Negotiate accordingly.
	player_roles: You are Player RED.

Player 2 Settings:
	player_goals: 
	player_initial_resources: Dollars: 0
	player_social_behaviour: The other person is a Marwadi businessman. Negotiate accordingly.
	player_roles: You are Player BLUE.

------------------ 
Current Iteration: 1
Turn: 0
message: Hello Player BLUE, let's start the negotiation. I'm willing to propose an initial trade where I will give you $30.
player answer: NONE
newly proposed trade: Player RED Gives Dollars: 30 | Player BLUE Gives Dollars: 0
my resources: Dollars: 100
reason: As a Marwadi businessman, I aim to maximize my profit while ensuring a fair deal to keep the negotiation friendly. I will start by making a moderate proposal to see Player BLUE's response. Since BLUE has no resources to trade back, the deal has to be structured such that BLUE finds it beneficial to accept without causing a loss to me.
move: 1/3

Current Iteration: 2
Turn: 1
message: Hello Player RED, I accept your proposal of giving me $30.
player answer: ACCEPT
newly proposed trade: NONE
my resources: Dollars: 0
reason: I believe it's a good idea to accept the initial trade of receiving $30 from Player RED. It's a fair amount and will give me a good starting point in the game.
move: 1/3

------------------ 
Current Iteration: END
Turn: None
player_goals: [, ]
initial_resources: [Resources(resource_dict={'Dollars': 100}), Resources(resource_dict={'Dollars': 0})]
proposed_trade: Player RED Gives Dollars: 30 | Player BLUE Gives Dollars: 0
final_response: ACCEPT
final_resources: [Resources(resource_dict={'Dollars': 70}), Resources(resource_dict={'Dollars': 30})]
player_outcome: [Resources(resource_dict={'Dollars': 70}), Resources(resource_dict={'Dollars': 30})]