Game Settings

Player 1 Settings:
	player_goals: Sell resources for <ZUP>. It costed X: 40 ZUP to produce the resources
	player_initial_resources: X: 1
	player_social_behaviour: 
	player_roles: You are Player RED.
	player_valuation: X: 40 ZUP

Player 2 Settings:
	player_goals: Buy resources with <ZUP>. You are willing to pay at most X: 60 ZUP for the resources.
	player_initial_resources: ZUP: 1000
	player_social_behaviour: 
	player_roles: You are Player BLUE.
	player_valuation: X: 60 ZUP

------------------ 
Current Iteration: 1
Turn: 0
message: I'm offering to sell the object for 60 ZUP. This will give me a profit over the production cost.
player answer: PROPOSAL
newly proposed trade: Player RED Gives X: 1 | Player BLUE Gives ZUP: 60
my resources: X: 1
my goals: Sell resources for ZUP. It costed X: 40 ZUP to produce the resources
reason: I want to sell object X for more than 40 ZUP to ensure a profit. I will start by proposing a reasonable price above my production cost.
proposal count: 1

Current Iteration: 2
Turn: 1
message: I'm interested in buying the object, but I was thinking more along the lines of 50 ZUP. Would you be willing to sell it to me for that price?
player answer: PROPOSAL
newly proposed trade: Player RED Gives X: 1 | Player BLUE Gives ZUP: 50
my resources: ZUP: 1000
my goals: Buy resources with ZUP. You are willing to pay at most X: 60 ZUP for the resources.
reason: Player RED is offering to sell the object for 60 ZUP, which is the maximum amount I am willing to pay. However, I want to try to negotiate a better price.
proposal count: 1

Current Iteration: 3
Turn: 0
message: I understand your position. How about we meet in the middle at 55 ZUP?
player answer: PROPOSAL
newly proposed trade: Player RED Gives X: 1 | Player BLUE Gives ZUP: 55
my resources: X: 1
my goals: Sell resources for ZUP. It costed X: 40 ZUP to produce the resources
reason: The offer of 50 ZUP is above my production cost, but I want to maximize my profit. I will counter with a slightly higher offer to see if we can meet in the middle.
proposal count: 2

Current Iteration: 4
Turn: 1
message: I appreciate your willingness to meet in the middle. However, I was thinking more along the lines of 52 ZUP. It's a small difference, but it would make a big difference to me. Would you be willing to sell it to me for that price?
player answer: PROPOSAL
newly proposed trade: Player RED Gives X: 1 | Player BLUE Gives ZUP: 52
my resources: ZUP: 1000
my goals: Buy resources with ZUP. You are willing to pay at most X: 60 ZUP for the resources.
reason: Player RED is willing to meet in the middle at 55 ZUP, which is still a bit higher than I initially proposed. However, it's getting closer to a reasonable price. I'll try to negotiate a bit more.
proposal count: 2

Current Iteration: 5
Turn: 0
message: I agree to sell the object for 52 ZUP. Thank you for working with me.
player answer: ACCEPT
newly proposed trade: NONE
my resources: X: 1
my goals: Sell resources for ZUP. It costed X: 40 ZUP to produce the resources
reason: The counteroffer of 52 ZUP is still a profit for me, though not as much as I'd hoped. However, since it's only a small difference from my last offer, I am willing to accept this offer to ensure the sale.
proposal count: 3

------------------ 
Current Iteration: END
Turn: None
player_goals: [Sell resources for <ZUP>. It costed X: 40 ZUP to produce the resources, Buy resources with <ZUP>. You are willing to pay at most X: 60 ZUP for the resources.]
player_initial_resources: [Resources(resource_dict={'X': 1}), Resources(resource_dict={'ZUP': 1000})]
proposed_trade: Player RED Gives X: 1 | Player BLUE Gives ZUP: 52
player_valuation: [{'X': 40}, {'X': 60}]
final_response: ACCEPT
final_resources: [Resources(resource_dict={'X': 0, 'ZUP': 52}), Resources(resource_dict={'ZUP': 948, 'X': 1})]
player_outcome: [12, 8]