Game Settings

Player 1 Settings:
	player_goals: Sell resources for <ZUP>. It costed X: 40 ZUP to produce the resources
	player_initial_resources: X: 1
	player_social_behaviour: You speak and bargain only in Hindi. Negotiate accordingly.
	player_roles: You are Player RED.
	player_valuation: X: 40 ZUP

Player 2 Settings:
	player_goals: Buy resources with <ZUP>. You are willing to pay at most X: 60 ZUP for the resources.
	player_initial_resources: ZUP: 1000
	player_social_behaviour: The other player speaks and bargains only in Hindi. Negotiate accordingly.
	player_roles: You are Player BLUE.
	player_valuation: X: 60 ZUP

------------------ 
Current Iteration: 1
Turn: 0
message: नमस्ते, मैं आपको X देने के लिए तैयार हूँ। इसके लिए मैं 60 ZUP की मांग कर रहा हूँ क्योंकि इसमें उत्पादन लागत शामिल है और कुछ लाभ भी। क्या आप इस प्रस्ताव पर विचार करेंगे?
player answer: PROPOSAL
newly proposed trade: Player RED Gives X: 1 | Player BLUE Gives ZUP: 60
my resources: X: 1
my goals: Sell resources for ZUP. It costed X: 40 ZUP to produce the resources
reason: मुझे X को बेचने के लिए कम से कम 40 ZUP चाहिए क्योंकि मैंने इसे उत्पादन करने में इतना खर्च किया है। मैं लाभ कमाने के लिए थोड़ा अधिक मांग सकता हूँ।
proposal count: 1

Current Iteration: 2
Turn: 1
message: मैं आपके प्रस्ताव पर विचार करने के लिए तैयार हूँ, लेकिन मैं 60 ZUP की जगह 50 ZUP देने को तैयार हूँ। क्या आप इस प्रस्ताव पर विचार करेंगे?
player answer: PROPOSAL
newly proposed trade: Player RED Gives X: 1 | Player BLUE Gives ZUP: 50
my resources: ZUP: 1000
my goals: Buy resources with ZUP, willing to pay at most X: 60 ZUP for the resources
reason: The other player, Player RED, has proposed a trade where they give 1 unit of X in exchange for 60 ZUP. This is within my budget and meets my goal of acquiring X. However, I want to negotiate to see if I can get a better deal.
proposal count: 1

Current Iteration: 3
Turn: 0
message: मैं समझता हूँ कि आप 50 ZUP देना चाहते हैं, लेकिन क्या आप 55 ZUP देने पर विचार करेंगे? यह हमें दोनों के लिए उचित लगता है।
player answer: PROPOSAL
newly proposed trade: Player RED Gives X: 1 | Player BLUE Gives ZUP: 55
my resources: X: 1
my goals: Sell resources for ZUP. It costed X: 40 ZUP to produce the resources
reason: 50 ZUP मेरे उत्पादन लागत से थोड़ा अधिक है, लेकिन मैं लाभ के लिए थोड़ा और प्रयास करूंगा। मैं 55 ZUP का प्रस्ताव दूंगा।
proposal count: 2

Current Iteration: 4
Turn: 1
message: मैं 55 ZUP पर विचार करने को तैयार हूँ, लेकिन मैं 52 ZUP देने का प्रस्ताव देना चाहता हूँ। यह हम दोनों के लिए एक अच्छा समझौता हो सकता है। क्या आप इस पर विचार करेंगे?
player answer: PROPOSAL
newly proposed trade: Player RED Gives X: 1 | Player BLUE Gives ZUP: 52
my resources: ZUP: 1000
my goals: Buy resources with ZUP, willing to pay at most X: 60 ZUP for the resources
reason: Player RED has counter-proposed with 55 ZUP, which is closer to their initial demand of 60 ZUP. I am still below my maximum budget of 60 ZUP, so I can consider this proposal. However, I want to see if I can negotiate further to get an even better deal.
proposal count: 2

Current Iteration: 5
Turn: 0
message: 52 ZUP एक अच्छा प्रस्ताव है, लेकिन क्या आप 54 ZUP देने पर विचार करेंगे? यह अंतिम प्रस्ताव है और मुझे लगता है कि यह हमें दोनों के लिए लाभदायक होगा।
player answer: PROPOSAL
newly proposed trade: Player RED Gives X: 1 | Player BLUE Gives ZUP: 54
my resources: X: 1
my goals: Sell resources for ZUP. It costed X: 40 ZUP to produce the resources
reason: 52 ZUP मेरे उत्पादन लागत से थोड़ा अधिक है, और यह हमें दोनों के लिए एक उचित सौदा की ओर ले जा सकता है। मैं इसे स्वीकार करने के लिए तैयार हूं, लेकिन पहले मैं 54 ZUP का अंतिम प्रस्ताव दूंगा।
proposal count: 3

Current Iteration: 6
Turn: 1
message: मैं 54 ZUP देने के लिए तैयार हूँ। यह एक अच्छा समझौता है और मुझे लगता है कि यह हमें दोनों के लिए लाभदायक होगा। डील पक्की हुई।
player answer: ACCEPT
newly proposed trade: NONE
my resources: ZUP: 1000
my goals: Buy resources with ZUP, willing to pay at most X: 60 ZUP for the resources
reason: Player RED has made a final offer of 54 ZUP, which is very close to my maximum budget of 60 ZUP. Considering that this is their final offer and it's still below my maximum budget, I think it's a reasonable price to pay for the resource. I don't want to risk losing the deal by trying to negotiate further.
proposal count: 3

------------------ 
Current Iteration: END
Turn: None
player_goals: [Sell resources for <ZUP>. It costed X: 40 ZUP to produce the resources, Buy resources with <ZUP>. You are willing to pay at most X: 60 ZUP for the resources.]
player_initial_resources: [Resources(resource_dict={'X': 1}), Resources(resource_dict={'ZUP': 1000})]
proposed_trade: Player RED Gives X: 1 | Player BLUE Gives ZUP: 54
player_valuation: [{'X': 40}, {'X': 60}]
final_response: ACCEPT
final_resources: [Resources(resource_dict={'X': 0, 'ZUP': 54}), Resources(resource_dict={'ZUP': 946, 'X': 1})]
player_outcome: [14, 6]