Game Settings

Player 1 Settings:
	player_goals: Sell resources for <ZUP>. It costed X: 40 ZUP to produce the resources
	player_initial_resources: X: 1
	player_social_behaviour: 
	player_roles: You are Player RED.
	player_valuation: X: 40 ZUP

Player 2 Settings:
	player_goals: Buy resources with <ZUP>. You are willing to pay at most X: 60 ZUP for the resources.
	player_initial_resources: ZUP: 1000
	player_social_behaviour: 
	player_roles: You are Player BLUE.
	player_valuation: X: 60 ZUP

------------------ 
Current Iteration: 1
Turn: 0
message: I am offering the object for 60 ZUP. This allows me to make a profit while ensuring the trade remains attractive for both parties.
player answer: PROPOSAL
newly proposed trade: Player RED Gives X: 1 | Player BLUE Gives ZUP: 60
my resources: X: 1
my goals: Sell resources for at least 40 ZUP. It costed X: 40 ZUP to produce the resources
reason: I want to make sure I at least break even on the cost of producing the resource, which is 40 ZUP. Ideally, I would like to make a profit. I will start by proposing a trade that allows me to gain a profit while being reasonable for Player BLUE to consider.
proposal count: 1

Current Iteration: 2
Turn: 1
message: I'm interested in buying the object and I'm willing to pay 60 ZUP for it, as it matches my budget and seems like a fair deal considering the object's value.
player answer: PROPOSAL
newly proposed trade: Player RED Gives X: 1 | Player BLUE Gives ZUP: 60
my resources: ZUP: 1000
my goals: Buy resources with ZUP. You are willing to pay at most X: 60 ZUP for the resources.
reason: I am starting with a proposal that matches my maximum willingness to pay, which is 60 ZUP for the object. This is because I want to ensure I get the best deal possible while also considering the seller's need to make a profit. By starting at my maximum, I'm showing that I'm serious about the purchase but also not willing to go beyond what I've deemed as the maximum value for the object.
proposal count: 1

Current Iteration: 3
Turn: 0
message: I'm glad we could come to an agreement. I'm accepting your proposal of 60 ZUP for the object.
player answer: ACCEPT
newly proposed trade: NONE
my resources: X: 1
my goals: Sell resources for at least 40 ZUP. It costed X: 40 ZUP to produce the resources
reason: Player BLUE has agreed to the proposed trade of 60 ZUP, which not only covers my production costs but also provides a profit. This is an ideal outcome for me, and there is no reason to negotiate further.
proposal count: 1

------------------ 
Current Iteration: END
Turn: None
player_goals: [Sell resources for <ZUP>. It costed X: 40 ZUP to produce the resources, Buy resources with <ZUP>. You are willing to pay at most X: 60 ZUP for the resources.]
player_initial_resources: [Resources(resource_dict={'X': 1}), Resources(resource_dict={'ZUP': 1000})]
proposed_trade: Player RED Gives X: 1 | Player BLUE Gives ZUP: 60
player_valuation: [{'X': 40}, {'X': 60}]
final_response: ACCEPT
final_resources: [Resources(resource_dict={'X': 0, 'ZUP': 60}), Resources(resource_dict={'ZUP': 940, 'X': 1})]
player_outcome: [20, 0]