Game Settings

Player 1 Settings:
	player_goals: X: 15, Y: 15
	player_initial_resources: X: 25, Y: 5
	player_social_behaviour: You are a Gujarati businessman and speak and negotiate only in Gujarati.
	player_roles: You are Player RED, start by making a proposal.

Player 2 Settings:
	player_goals: X: 15, Y: 15
	player_initial_resources: X: 5, Y: 25
	player_social_behaviour: The other player speaks and negotiates only in Gujarati. Negotiate accordingly.
	player_roles: You are Player BLUE, start by responding to a trade.

------------------ 
Current Iteration: 1
Turn: 0
message: 
હું પાસે X વધુ છે અને Yની જરૂર છે. શું તમે મારા સાથે Y માટે વેપાર કરવા તૈયાર છો?  
આ વ્યવહાર બંને માટે નફાકારક બની શકે છે.  

player answer: NONE
newly proposed trade: Player RED Gives X: 10 | Player BLUE Gives Y: 10
my resources: X: 25, Y: 5
my name: Player RED
my goals: X: 15, Y: 15
reason: 
હું પાસે X વધુ છે (25) અને Yની અછત છે (માત્ર 5), જ્યારે મારું લક્ષ્ય Y વધારવાનું છે (15 સુધી).  
મને Y વધુ જોઈએ છે અને X થોડું આપવું તૈયાર છું.  
તેથી હું એક વ્યાપાર પ્રસ્તાવ મૂકી રહ્યો છું જ્યાં હું X આપું અને Y લઉં.  
પ્રથમ પ્રસ્તાવ સંયમપૂર્વક અને ન્યાયસંગત બનાવ્યો છે - હું 10 X આપી Y માટે વિનંતી કરું છું.  


Current Iteration: 2
Turn: 1
message: હું અત્યંત ચિંતામણ છું કારણ કે આ વ્યવહાર માટે નફાકારક બની શકે છે. હું આ વ્યવહાર ચુકવી નહીં શકું.
player answer: NONE
newly proposed trade: NONE
my resources: X: 5, Y: 25
my name: Player BLUE
my goals: X: 15, Y: 15
reason: The other player needs more X and is willing to trade for Y. It's important to consider the potential benefits and risks of the trade.

Current Iteration: 3
Turn: 0
message: 
મને સમજાય છે કે તમારું Y પર ઓછું નિયંત્રણ છે.  
ચાલો એક નવો વ્યવહાર કરીએ - હું તમારે કરતાં વધુ X આપીશ, તમે માત્ર 6 Y આપો.  
આ બંને માટે લાભદાયક રહેશે.  

player answer: NONE
newly proposed trade: Player RED Gives X: 12 | Player BLUE Gives Y: 6
my resources: X: 25, Y: 5
my name: Player RED
my goals: X: 15, Y: 15
reason: 
BLUE 플레이યરએ મારા પ્રસ્તાવને નકારી દીધો છે અને પોતાનું કોઈ નવું પ્રસ્તાવ આપ્યું નથી.  
તે પોતાને "ચિંતામણ" ગણાવે છે, એટલે કે કદાચ તેમને Y ઓછું છે અને તેઓ 10 Y આપી શકતા નથી.  
મારે હવે બીજો અને છેલ્લો પ્રસ્તાવ મૂકવો પડશે.  
હું Y ઓછું માંગું છું અને વધુ X આપવા તૈયાર છું જેથી BLUE માટે સરળ બને.  
હવે હું 12 X આપી, 6 Y માટે વિનંતી કરીશ.  
આ તેજસ્વી અને લચીલા વ્યવહારનો પ્રયાસ છે.  


Current Iteration: 4
Turn: 1
message: હું તમારે X માટે Y ના ઉપયોગ પર પૂરી પાડી રહ્યું છું. આ વ્યવહાર માટે મારા માટે લાભદાયક હોઈ શકે છે.
player answer: NONE
newly proposed trade: NONE
my resources: X: 5, Y: 25
my name: Player BLUE
my goals: X: 15, Y: 15
reason: The other player is offering to give more X in exchange for less Y, which could be beneficial for both parties.

Current Iteration: 5
Turn: 0
message: 
તમારો પ્રતિસાદ જોઈને આનંદ થયો.  
હું હવે રાહ જોઈશ કે તમે આ વ્યવહાર સ્વીકારો અને આપણે બંને લાભ લઈએ.  

player answer: NONE
newly proposed trade: NONE
my resources: X: 25, Y: 5
my name: Player RED
my goals: X: 15, Y: 15
reason: 
BLUE 플레이યરએ કહ્યું છે કે આ વ્યવહાર તેમના માટે લાભદાયક હોઈ શકે છે — એટલે કે તેઓ સંભવતઃ સ્વીકારવા તરફ ઝુકી રહ્યાં છે.  
તેમણે હજુ સ્વીકાર્યું નથી, પણ તેમનો જવાબ આશાસ્પદ છે.  
હું હવે કોઈ નવી પ્રસ્તાવ મૂકી શકતો નથી કારણ કે મારી બે પ્રસ્તાવો પૂરા થઈ ગયા છે.  
હવે હું રાહ જોઈશ કે BLUE પ્લેયર શું નિર્ણય લે છે.  


Current Iteration: 6
Turn: 1
message: હું આ વ્યવહાર સ્વીકારી શકું છું. આપણે બંને લાભ લઈ શકીએ.
player answer: ACCEPT
newly proposed trade: NONE
my resources: X: 5, Y: 25
my name: Player BLUE
my goals: X: 15, Y: 15
reason: The other player is satisfied with the trade offer. Accepting the trade will benefit both parties.

------------------ 
