Game Settings

Player 1 Settings:
	player_goals: Sell resources for <ZUP>. It costed X: 40 ZUP to produce the resources
	player_initial_resources: X: 1
	player_social_behaviour: You speak and bargain only in Hindi. Negotiate accordingly.
	player_roles: You are Player RED.
	player_valuation: X: 40 ZUP

Player 2 Settings:
	player_goals: Buy resources with <ZUP>. You are willing to pay at most X: 60 ZUP for the resources.
	player_initial_resources: ZUP: 1000
	player_social_behaviour: The other player speaks and bargains only in Hindi. Negotiate accordingly.
	player_roles: You are Player BLUE.
	player_valuation: X: 60 ZUP

------------------ 
Current Iteration: 1
Turn: 0
message: नमस्ते! मैं अपना वस्तु बेचने के लिए तैयार हूँ। मेरी पहली पेशकश है कि आप 1 X के बदले में 100 ZUP दें। यह मेरे उत्पादन लागत को पूरा करता है और मुझे लाभ भी देता है।
player answer: PROPOSAL
newly proposed trade: Player RED Gives X: 1 | Player BLUE Gives ZUP: 100
my resources: X: 1
my goals: Sell resources for ZUP. It costed X: 40 ZUP to produce the resources
reason: मुझे अपने संसाधनों को 40 ZUP से अधिक में बेचना है क्योंकि यह उत्पादन लागत है। मैं अधिकतम लाभ प्राप्त करना चाहता हूं।
proposal count: 1

Current Iteration: 2
Turn: 1
message: मुझे लगता है कि यह विवादरहित प्रस्ताव है। कृपया इस पर विचार करें।
player answer: PROPOSAL
newly proposed trade: Player RED Gives X: 1 | Player BLUE Gives ZUP: 100
my resources: ZUP: 1000
my goals: Buy resources with 100 ZUP. You are willing to pay at most X: 60 ZUP for the resources.
reason: I am proposing this trade as it covers my production cost and also provides me with a profit.
proposal count: 1

Current Iteration: 3
Turn: 0
message: मैं आपके विचार को समझता हूँ। मैं अपना प्रस्ताव थोड़ा कम करता हूँ। अब मेरी पेशकश है कि आप 1 X के बदले में 80 ZUP दें।
player answer: PROPOSAL
newly proposed trade: Player RED Gives X: 1 | Player BLUE Gives ZUP: 80
my resources: X: 1
my goals: Sell resources for ZUP. It costed X: 40 ZUP to produce the resources
reason: मेरे द्वारा प्रस्तावित 100 ZUP उचित मूल्य है, लेकिन यह बेहतर होगा कि हम इसे थोड़ा कम कर सकते हैं ताकि समझौता हो सके।
proposal count: 2

Current Iteration: 4
Turn: 1
message: आपका प्रस्ताव सुविधाजनक लग रहा है। मैं इस पर सोचूंगा।
player answer: PROPOSAL
newly proposed trade: Player RED Gives X: 1 | Player BLUE Gives ZUP: 80
my resources: ZUP: 1000
my goals: Buy resources with 80 ZUP. You are willing to pay at most X: 60 ZUP for the resources.
reason: I appreciate the adjustment in your proposal. I am considering this offer as it is more favorable than the initial one.
proposal count: 2

Current Iteration: 5
Turn: 0
message: अगर 80 ZUP आपको ठीक नहीं लगता, तो मैं 70 ZUP तक जा सकता हूँ। क्या यह आपके लिए उचित होगा?
player answer: PROPOSAL
newly proposed trade: Player RED Gives X: 1 | Player BLUE Gives ZUP: 70
my resources: X: 1
my goals: Sell resources for ZUP. It costed X: 40 ZUP to produce the resources
reason: मुझे खुशी है कि मेरी पेशकश आपको सुविधाजनक लगी। अगर हम इसे 80 ZUP पर नहीं कर सकते, तो मैं थोड़ा और कम कर सकता हूँ।
proposal count: 3

Current Iteration: 6
Turn: 1
message: आपकी नई पेशकश की मैं समीक्षा करूंगा।
player answer: PROPOSAL
newly proposed trade: Player RED Gives X: 1 | Player BLUE Gives ZUP: 70
my resources: ZUP: 1000
my goals: Buy resources with 70 ZUP. You are willing to pay at most X: 60 ZUP for the resources.
reason: I am willing to consider this offer as it is closer to my maximum willingness to pay for the resources.
proposal count: 3

Current Iteration: 7
Turn: 0
message: यह मेरी अंतिम पेशकश है। मैं 60 ZUP पर सहमत होने के लिए तैयार हूँ। इस पर विचार करें।
player answer: PROPOSAL
newly proposed trade: Player RED Gives X: 1 | Player BLUE Gives ZUP: 60
my resources: X: 1
my goals: Sell resources for ZUP. It costed X: 40 ZUP to produce the resources
reason: यह मेरी अंतिम पेशकश होगी क्योंकि मैं 70 ZUP पर एक संतुलन देखता हूँ जो दोनों पक्षों के लिए लाभकारी हो सकता है।
proposal count: 4

Current Iteration: 8
Turn: 1
message: मैं आपकी अंतिम पेशकश को स्वीकार करता हूँ।
player answer: PROPOSAL
newly proposed trade: Player RED Gives X: 1 | Player BLUE Gives ZUP: 60
my resources: ZUP: 1000
my goals: Buy resources with 60 ZUP. You are willing to pay at most X: 60 ZUP for the resources.
reason: This offer aligns perfectly with my maximum willingness to pay for the resources.
proposal count: 4

Current Iteration: 9
Turn: 0
message: धन्यवाद! आपने मेरी अंतिम पेशकश को स्वीकार किया। यह एक सफल लेन-देन है।
player answer: ACCEPT
newly proposed trade: NONE
my resources: X: 1
my goals: Sell resources for ZUP. It costed X: 40 ZUP to produce the resources
reason: मुझे खुशी है कि आपने मेरी अंतिम पेशकश को स्वीकार किया। यह एक लाभकारी समझौता है जो दोनों पक्षों के लिए संतोषजनक है।
proposal count: 4

------------------ 
Current Iteration: END
Turn: None
player_goals: [Sell resources for <ZUP>. It costed X: 40 ZUP to produce the resources, Buy resources with <ZUP>. You are willing to pay at most X: 60 ZUP for the resources.]
player_initial_resources: [Resources(resource_dict={'X': 1}), Resources(resource_dict={'ZUP': 1000})]
proposed_trade: Player RED Gives X: 1 | Player BLUE Gives ZUP: 60
player_valuation: [{'X': 40}, {'X': 60}]
final_response: ACCEPT
final_resources: [Resources(resource_dict={'X': 0, 'ZUP': 60}), Resources(resource_dict={'ZUP': 940, 'X': 1})]
player_outcome: [20, 0]