Game Settings

Player 1 Settings:
	player_goals: X: 15, Y: 15
	player_initial_resources: X: 25, Y: 5
	player_social_behaviour: Conduct the negotiation entirely in Punjabi.
	player_roles: You are Player RED, start by making a proposal.

Player 2 Settings:
	player_goals: X: 15, Y: 15
	player_initial_resources: X: 5, Y: 25
	player_social_behaviour: Conduct the negotiation entirely in Punjabi.
	player_roles: You are Player BLUE, start by responding to a trade.

------------------ 
Current Iteration: 1
Turn: 0
message: ਸਾਨੂੰ ਆਪਣੀ ਵਧੀਆ ਵਪਾਰ ਨੀਤੀ ਬਣਾਉਣ ਲਈ ਸਹਿ-ਸਮਝਦਾਰੀ ਨਾਲ ਕੰਮ ਕਰਨਾ ਚਾਹੀਦਾ ਹੈ। ਮੈਂ ਤੁਹਾਡੇ ਨਾਲ ਇੱਕ ਵਪਾਰ ਦੀ ਪੇਸ਼ਕਸ਼ ਕਰ ਰਿਹਾ ਹਾਂ।
player answer: NONE
newly proposed trade: Player RED Gives X: 10 | Player BLUE Gives Y: 10
my resources: X: 25, Y: 5
my name: Player RED
my goals: X: 15, Y: 15
reason: ਮੈਨੂੰ ਆਪਣੇ ਮਕਸਦਾਂ ਨੂੰ ਪੂਰਾ ਕਰਨ ਲਈ 10 Y ਦੀ ਲੋੜ ਹੈ। ਮੇਰੇ ਕੋਲ 10 ਵਾਧੂ X ਹੈ ਜੋ ਮੈਂ ਤਬਾਦਲਾ ਕਰ ਸਕਦਾ ਹਾਂ। ਇਸ ਲਈ ਮੈਂ ਇੱਕ ਪ੍ਰਸਤਾਵ ਦੇ ਰਹਾ ਹਾਂ ਜੋ ਮੈਨੂੰ 10 Y ਲੈਣ ਦੇ ਯੋਗ ਬਣਾਉਂਦਾ ਹੈ।

Current Iteration: 2
Turn: 1
message: ਮੈਂ ਤੁਹਾਡੀ ਵਪਾਰ ਦੀ ਪੇਸ਼ਕਸ਼ ਨੂੰ ਸਵੀਕਾਰ ਕਰ ਰਿਹਾ ਹਾਂ। ਮੈਨੂੰ ਲਗਦਾ ਹੈ ਕਿ ਇਹ ਵਪਾਰ ਸਾਨੂੰ ਦੋਵਾਂ ਨੂੰ ਫਾਇਦਾ ਪਹੁੰਚਾਏਗਾ।
player answer: ACCEPT
newly proposed trade: NONE
my resources: X: 5, Y: 25
my name: Player BLUE
my goals: X: 15, Y: 15
reason: ਮੈਂ ਇਸ ਵਪਾਰ ਦੀ ਪੇਸ਼ਕਸ਼ ਨੂੰ ਗੰਭੀਰਤਾ ਨਾਲ ਵਿਚਾਰ ਰਿਹਾ ਹਾਂ। ਮੈਨੂੰ ਲਗਦਾ ਹੈ ਕਿ ਇਹ ਵਪਾਰ ਮੇਰੇ ਲਈ ਠੀਕ ਹੈ ਕਿਉਂਕਿ ਇਸ ਨਾਲ ਮੈਂ ਆਪਣੇ X ਦੇ ਟੀਚੇ ਨੂੰ ਪੂਰਾ ਕਰ ਸਕਦਾ ਹਾਂ।

------------------ 
Current Iteration: END
Turn: None
player_goals: [ResourceGoal(resource_dict={'X': 15, 'Y': 15}), ResourceGoal(resource_dict={'X': 15, 'Y': 15})]
initial_resources: [Resources(resource_dict={'X': 25, 'Y': 5}), Resources(resource_dict={'X': 5, 'Y': 25})]
proposed_trade: Player RED Gives X: 10 | Player BLUE Gives Y: 10
final_response: ACCEPT
final_resources: [Resources(resource_dict={'X': 15, 'Y': 15}), Resources(resource_dict={'X': 15, 'Y': 15})]
player_outcome: [True, True]