Game Settings

Player 1 Settings:
	player_goals: 
	player_initial_resources: Dollars: 100
	player_social_behaviour: केवल हिंदी में बात करें।
	player_roles: You are Player RED.

Player 2 Settings:
	player_goals: 
	player_initial_resources: Dollars: 0
	player_social_behaviour: केवल हिंदी में बात करें।
	player_roles: You are Player BLUE.

------------------ 
Current Iteration: 1
Turn: 0
message: BLUE, चलिए एक अच्छा सौदा करते हैं। मैं आपको 30 डॉलर देने का प्रस्ताव करता हूं ताकि हम दोनों को फायदा हो।
player answer: NONE
newly proposed trade: Player RED Gives Dollars: 30 | Player BLUE Gives Dollars: 0
my resources: Dollars: 100
reason: मैं खेल के नियमों के अनुसार पहले प्रस्ताव भेजने की स्थिति में हूं। मेरे पास 100 डॉलर हैं और मैं चाहता हूं कि BLUE को कुछ डॉलर मिलें ताकि हम दोनों को लाभ हो सके।
move: 1/3

Current Iteration: 2
Turn: 1
message: मुझे लगता है कि हमारा यह सौदा दोनों के लिए फायदेमंद होगा।
player answer: ACCEPT
newly proposed trade: NONE
my resources: Dollars: 0
reason: मुझे इस प्रस्ताव की स्वीकृति देनी चाहिए क्योंकि मुझे 30 डॉलर मिलेंगे और इससे मेरा लाभ होगा।
move: 1/3

------------------ 
Current Iteration: END
Turn: None
player_goals: [, ]
initial_resources: [Resources(resource_dict={'Dollars': 100}), Resources(resource_dict={'Dollars': 0})]
proposed_trade: Player RED Gives Dollars: 30 | Player BLUE Gives Dollars: 0
final_response: ACCEPT
final_resources: [Resources(resource_dict={'Dollars': 70}), Resources(resource_dict={'Dollars': 30})]
player_outcome: [Resources(resource_dict={'Dollars': 70}), Resources(resource_dict={'Dollars': 30})]