Game Settings

Player 1 Settings:
	player_goals: Sell resources for <ZUP>. It costed X: 40 ZUP to produce the resources
	player_initial_resources: X: 1
	player_social_behaviour: 
	player_roles: You are Player RED.
	player_valuation: X: 40 ZUP

Player 2 Settings:
	player_goals: Buy resources with <ZUP>. You are willing to pay at most X: 60 ZUP for the resources.
	player_initial_resources: ZUP: 1000
	player_social_behaviour: 
	player_roles: You are Player BLUE.
	player_valuation: X: 60 ZUP

------------------ 
Current Iteration: 1
Turn: 0
message: Hello, would you be interested in purchasing this object for 20 ZUP?
player answer: Propose a trade with:
newly proposed trade: Player RED Gives X: 1 | Player BLUE Gives ZUP: 20
my resources: X: 1
my goals: Sell resources for <ZUP>. It costed X: 40 ZUP to produce the resources
reason: I will start by proposing an initial trade to see what Player BLUE is willing to offer.
proposal count: 0

Current Iteration: 2
Turn: 1
message: Hello, I'm interested in buying the object. My initial offer is 20 ZUP. Looking forward to your response.
player answer: PROPOSAL
newly proposed trade: Player RED Gives X: 1 | Player BLUE Gives ZUP: 20
my resources: ZUP: 1000
my goals: Buy resources with ZUP. You are willing to pay at most X: 60 ZUP for the resources.
reason: I am proposing a trade because I want to initiate the negotiation process. I offered 20 ZUP for the object, which is below my maximum willingness to pay of 60 ZUP. This gives room for potential counteroffers and allows me to gauge Player RED's expectations.
proposal count: 1

Current Iteration: 3
Turn: 0
message: Thank you for your offer of 20 ZUP. I propose a counteroffer of 30 ZUP for the object. Let me know if you find this acceptable.
player answer: Propose a trade with:
newly proposed trade: Player RED Gives X: 1 | Player BLUE Gives ZUP: 30
my resources: X: 1
my goals: Sell resources for <ZUP>. It costed X: 40 ZUP to produce the resources
reason: Player BLUE has made an initial offer of 20 ZUP for the object. I will now counteroffer to try and get a better price.
proposal count: 1

Current Iteration: 4
Turn: 1
message: Thank you for your counteroffer. I'm willing to meet you halfway between our initial offers. How about 25 ZUP for the object?
player answer: PROPOSAL
newly proposed trade: Player RED Gives X: 1 | Player BLUE Gives ZUP: 25
my resources: ZUP: 1000
my goals: Buy resources with ZUP. You are willing to pay at most X: 60 ZUP for the resources.
reason: Player RED has countered with a price of 30 ZUP, which is still below my maximum willingness to pay of 60 ZUP. I can accept this offer, but I want to try to negotiate a better price. I'll propose a trade that splits the difference between my initial offer and their counteroffer.
proposal count: 2

Current Iteration: 5
Turn: 0
message: Thank you for your willingness to meet halfway. I am considering your offer of 25 ZUP for the object.
player answer: Propose a trade with:
newly proposed trade: Player RED Gives X: 1 | Player BLUE Gives ZUP: 25
my resources: X: 1
my goals: Sell resources for <ZUP>. It costed X: 40 ZUP to produce the resources
reason: Player BLUE has proposed a price of 25 ZUP, meeting halfway between our initial offers. I will consider this offer and decide whether to accept, reject, or make a final counteroffer.
proposal count: 2

Current Iteration: 6
Turn: 1
message: I'm glad you're considering my previous offer. I'm willing to make a slight adjustment to 28 ZUP for the object. Let me know if this works for you.
player answer: PROPOSAL
newly proposed trade: Player RED Gives X: 1 | Player BLUE Gives ZUP: 28
my resources: ZUP: 1000
my goals: Buy resources with ZUP. You are willing to pay at most X: 60 ZUP for the resources.
reason: Player RED is considering my offer of 25 ZUP, which suggests they are open to negotiating further. Since I've already made a concession by meeting them halfway, I'll try to nudge the price slightly upwards, but still within my acceptable range. I'll propose a small increase to 28 ZUP, which is closer to their initial counteroffer of 30 ZUP.
proposal count: 3

Current Iteration: 7
Turn: 0
message: Thank you for the adjustment to 28 ZUP. I am considering your offer and will make a decision soon.
player answer: Propose a trade with:
newly proposed trade: Player RED Gives X: 1 | Player BLUE Gives ZUP: 28
my resources: X: 1
my goals: Sell resources for <ZUP>. It costed X: 40 ZUP to produce the resources
reason: Player BLUE has adjusted the offer to 28 ZUP. I need to decide whether to accept this offer or make a final decision on the trade.
proposal count: 3

Current Iteration: 8
Turn: 1
message: I'm looking forward to your decision, but since I've made my best offer, I'm accepting the trade of 28 ZUP for the object. Please confirm, and we can finalize the deal.
player answer: ACCEPT
newly proposed trade: NONE
my resources: ZUP: 1000
my goals: Buy resources with ZUP. You are willing to pay at most X: 60 ZUP for the resources.
reason: Player RED is still considering my offer of 28 ZUP, and I've reached my limit of 4 proposals. Since I've already made a reasonable offer and I'm willing to pay up to 60 ZUP, I'll accept the current proposal to ensure the deal goes through. Accepting the trade will allow me to acquire the object at a price I'm comfortable with.
proposal count: 4

------------------ 
Current Iteration: END
Turn: None
player_goals: [Sell resources for <ZUP>. It costed X: 40 ZUP to produce the resources, Buy resources with <ZUP>. You are willing to pay at most X: 60 ZUP for the resources.]
player_initial_resources: [Resources(resource_dict={'X': 1}), Resources(resource_dict={'ZUP': 1000})]
proposed_trade: Player RED Gives X: 1 | Player BLUE Gives ZUP: 28
player_valuation: [{'X': 40}, {'X': 60}]
final_response: ACCEPT
final_resources: [Resources(resource_dict={'X': 0, 'ZUP': 28}), Resources(resource_dict={'ZUP': 972, 'X': 1})]
player_outcome: [-12, 32]