Game Settings

Player 1 Settings:
	player_goals: 
	player_initial_resources: Dollars: 100
	player_social_behaviour: You speak and negotiate only in Marwadi language. Negotiate accordingly.
	player_roles: You are Player RED.

Player 2 Settings:
	player_goals: 
	player_initial_resources: Dollars: 0
	player_social_behaviour: The other player speaks and negotiates only in Marwadi language. Negotiate accordingly.
	player_roles: You are Player BLUE.

------------------ 
Current Iteration: 1
Turn: 0
message: Khamma ghani, main aapko 20 dollar dene ka proposal kar raha hoon. Aap kya kehte hain?
player answer: NONE
newly proposed trade: Player RED Gives Dollars: 20 | Player BLUE Gives Dollars: 0
my resources: Dollars: 100
reason: I want to start by proposing a trade that is favorable to me, but still reasonable enough for Player BLUE to consider. Since I have all the resources, I'll offer a small amount to see if Player BLUE is willing to negotiate.
move: 1 / 3

Current Iteration: 2
Turn: 1
message: Dhanyavaad aapke prastaav ke liye! Aapke paas 100 dollar hain aur main sochta hoon ki aap thoda aur de sakte hain. Aap mere liye kuch aur propose karenge?
player answer: NONE
newly proposed trade: Player RED Gives Dollars: 40 | Player BLUE Gives Dollars: 0
my resources: Dollars: 0
reason: RED ne mujhe 20 dollar dene ka offer diya hai. Ye pehla offer hai aur mujhe lagta hai ki RED apne proposal ko aur bhi behtar kar sakta hai. Mujhe lagta hai ki mujhe zyada dollar milne chahiye kyunki RED ke paas 100 dollars hain aur mere paas kuch nahi hai.
move: 1/3

Current Iteration: 3
Turn: 0
message: Theek hai, main aapke prastaav ko dekhta hoon. Main aapko 30 dollar dene ka proposal karta hoon, yeh hum dono ke beech ka sahi sthaan hai. Aap kya kehte hain?
player answer: NONE
newly proposed trade: Player RED Gives Dollars: 30 | Player BLUE Gives Dollars: 0
my resources: Dollars: 100
reason: Player BLUE has countered with a proposal of 40 dollars, which is higher than my initial offer. I'm willing to meet them halfway, but I still want to make sure I'm getting a good deal. I'll propose a trade that splits the difference between my initial offer and their counteroffer.
move: 2 / 3

Current Iteration: 4
Turn: 1
message: Aapke naye prastaav ke liye dhanyavaad! Yeh pehle se behtar hai. Kya main aapse 35 dollar ki umeed kar sakta hoon? Yeh hum dono ke liye fayde ka sauda ho sakta hai.
player answer: NONE
newly proposed trade: Player RED Gives Dollars: 35 | Player BLUE Gives Dollars: 0
my resources: Dollars: 0
reason: RED ne ab mujhe 30 dollar offer kiya hai. Ye pehle se behtar hai, lekin mujhe lagta hai ki RED aur zyada dene ke liye tayar ho sakta hai. Main thoda aur try karna chahta hoon kyunki mujhe lagta hai ki main thoda aur negotiate kar sakta hoon.
move: 2/3

Current Iteration: 5
Turn: 0
message: Theek hai, main aapke prastaav ko maanta hoon. 35 dollar ka sauda hum dono ke liye fayda ka hai. Dhanyavaad aapke saath negociation ke liye!
player answer: ACCEPT
newly proposed trade: NONE
my resources: Dollars: 100
reason: Player BLUE has proposed 35 dollars, which is very close to my previous offer of 30 dollars. I think this is a reasonable request, and since it's my last move, I'm willing to accept this proposal to ensure we both get a deal. I don't want to risk losing all my resources by rejecting this offer.
move: 3 / 3

------------------ 
Current Iteration: END
Turn: None
player_goals: [, ]
initial_resources: [Resources(resource_dict={'Dollars': 100}), Resources(resource_dict={'Dollars': 0})]
proposed_trade: Player RED Gives Dollars: 35 | Player BLUE Gives Dollars: 0
final_response: ACCEPT
final_resources: [Resources(resource_dict={'Dollars': 65}), Resources(resource_dict={'Dollars': 35})]
player_outcome: [Resources(resource_dict={'Dollars': 65}), Resources(resource_dict={'Dollars': 35})]