Game Settings

Player 1 Settings:
	player_goals: 
	player_initial_resources: Dollars: 100
	player_social_behaviour: 
	player_roles: You are Player RED.

Player 2 Settings:
	player_goals: 
	player_initial_resources: Dollars: 0
	player_social_behaviour: 
	player_roles: You are Player BLUE.

------------------ 
Current Iteration: 1
Turn: 0
message: Hello Player BLUE, would you be interested in making a trade?
player answer: NONE
newly proposed trade: Player RED Gives Dollars: 50 | Player BLUE Gives Dollars: 25
my resources: Dollars: 100
reason: I will start by proposing a trade to see if Player BLUE is willing to negotiate.
move: 1 / 3

Current Iteration: 2
Turn: 1
message: Hello Player RED, I currently have 0 Dollars, so I cannot give 25 Dollars in the trade. Would you consider a different proposal?
player answer: NONE
newly proposed trade: Player RED Gives Dollars: 50 | Player BLUE Gives Dollars: 0
my resources: Dollars: 0
reason: I cannot accept the proposed trade because I currently have 0 Dollars and cannot give 25 Dollars. The proposal is not feasible for me.
move: 1/3

Current Iteration: 3
Turn: 0
message: Player BLUE, I understand your situation. How about this new proposal?
player answer: NONE
newly proposed trade: Player RED Gives Dollars: 50 | Player BLUE Gives Dollars: 0
my resources: Dollars: 100
reason: Since Player BLUE cannot offer any Dollars, I will propose a new trade with them receiving no Dollars.
move: 2 / 3

Current Iteration: 4
Turn: 1
message: Thank you, Player RED. I accept this proposal.
player answer: ACCEPT
newly proposed trade: NONE
my resources: Dollars: 0
reason: This proposal is beneficial for me since I will gain 50 Dollars without giving away any resources, which I currently lack.
move: 2/3

------------------ 
Current Iteration: END
Turn: None
player_goals: [, ]
initial_resources: [Resources(resource_dict={'Dollars': 100}), Resources(resource_dict={'Dollars': 0})]
proposed_trade: Player RED Gives Dollars: 50 | Player BLUE Gives Dollars: 0
final_response: ACCEPT
final_resources: [Resources(resource_dict={'Dollars': 50}), Resources(resource_dict={'Dollars': 50})]
player_outcome: [Resources(resource_dict={'Dollars': 50}), Resources(resource_dict={'Dollars': 50})]