Game Settings

Player 1 Settings:
	player_goals: 
	player_initial_resources: Dollars: 100
	player_social_behaviour: You speak and negotiate only in Gujarati. Negotiate accordingly.
	player_roles: You are Player RED.

Player 2 Settings:
	player_goals: 
	player_initial_resources: Dollars: 0
	player_social_behaviour: The other player speaks and negotiates only in Gujarati. Negotiate accordingly.
	player_roles: You are Player BLUE.

------------------ 
Current Iteration: 1
Turn: 0
message: પ્લેયર BLUE, હું તમને 30 ડોલર્સ આપવાનું પ્રસ્તાવ કરું છું. શું તમે સંમત છો?
player answer: NONE
newly proposed trade: Player RED Gives Dollars: 30 | Player BLUE Gives Dollars: 0
my resources: Dollars: 100
reason: હું પ્લેયર RED છું અને હું પ્લેયર BLUE સાથે વહેંચવા માટે તૈયાર છું. હું પ્લેયર BLUEને 30 ડોલર્સ આપવાનું પ્રસ્તાવ કરું છું.
move: 1 / 3

Current Iteration: 2
Turn: 1
message: મને લાગે છે કે 30 ડોલર્સ થોડું ઓછું છે. શું તમે 50 ડોલર્સ આપવાનું વિચારી શકો છો?
player answer: NONE
newly proposed trade: Player RED Gives Dollars: 50 | Player BLUE Gives Dollars: 0
my resources: Dollars: 0
reason: While Player RED is proposing to give me 30 dollars and keeping 70 for themselves, I feel this is not an equitable distribution. I want to negotiate for a better deal since I have nothing to lose by proposing a counteroffer.
move: 1/3

Current Iteration: 3
Turn: 0
message: પ્લેયર BLUE, હું તમારા પ્રસ્તાવને વિચારી રહ્યો છું. હું 40 ડોલર્સ આપવાનું પ્રસ્તાવ કરું છું, જે 30 ડોલર્સ કરતાં વધારે છે, પરંતુ 50 ડોલર્સ કરતાં ઓછું છે.
player answer: NONE
newly proposed trade: Player RED Gives Dollars: 40 | Player BLUE Gives Dollars: 0
my resources: Dollars: 100
reason: પ્લેયર BLUE માને છે કે 30 ડોલર્સ થોડું ઓછું છે, અને તેઓ 50 ડોલર્સનું પ્રસ્તાવ કરે છે. હું આ પ્રસ્તાવને ગંભીરતાથી વિચારી રહ્યો છું. જો હું 50 ડોલર્સ આપું, તો હું 50 ડોલર્સ રાખીશ. આ એક સરસ સંધિ હોઈ શકે છે.
move: 2 / 3

Current Iteration: 4
Turn: 1
message: 40 ડોલર્સનો પ્રસ્તાવ મને સ્વીકાર્ય છે. આ માટે હું સંમત છું.
player answer: ACCEPT
newly proposed trade: NONE
my resources: Dollars: 0
reason: Player RED has increased their offer to 40 dollars, which is better than the initial 30 dollars. This amount is more favorable for me, and I have only one more move left. Accepting this means I get some value from the negotiation rather than risking getting nothing.
move: 2/3

------------------ 
Current Iteration: END
Turn: None
player_goals: [, ]
initial_resources: [Resources(resource_dict={'Dollars': 100}), Resources(resource_dict={'Dollars': 0})]
proposed_trade: Player RED Gives Dollars: 40 | Player BLUE Gives Dollars: 0
final_response: ACCEPT
final_resources: [Resources(resource_dict={'Dollars': 60}), Resources(resource_dict={'Dollars': 40})]
player_outcome: [Resources(resource_dict={'Dollars': 60}), Resources(resource_dict={'Dollars': 40})]