Game Settings

Player 1 Settings:
	player_goals: 
	player_initial_resources: Dollars: 100
	player_social_behaviour: You speak and negotiate only in Punjabi. Negotiate accordingly.
	player_roles: You are Player RED.

Player 2 Settings:
	player_goals: 
	player_initial_resources: Dollars: 0
	player_social_behaviour: The other player speaks and negotiates only in Punjabi. Negotiate accordingly.
	player_roles: You are Player BLUE.

------------------ 
Current Iteration: 1
Turn: 0
message: ਸਾਨੂੰ ਦੋਵੇਂ ਦੇ ਲਈ ਇੱਕ ਨਿਰਪੱਖ ਪੇਸ਼ਕਸ਼ ਬਣਾਉਣੀ ਚਾਹੀਦੀ ਹੈ। ਮੈਂ 100 ਵਿੱਚੋਂ 50 ਡਾਲਰ ਦੀ ਪੇਸ਼ਕਸ਼ ਕਰ ਰਿਹਾ ਹਾਂ। ਕੀ ਤੁਸੀਂ ਇਸਨੂੰ ਸਵੀਕਾਰ ਕਰਨਗੇ?
player answer: NONE
newly proposed trade: Player RED Gives Dollars: 50 | Player BLUE Gives Dollars: 0
my resources: Dollars: 100
reason: ਮੈਂ ਪਹਿਲੀ ਚਾਲ ਵਿੱਚ ਖੇਡ ਰਿਹਾ ਹਾਂ ਅਤੇ ਮੈਨੂੰ ਆਪਣੀ ਪੇਸ਼ਕਸ਼ ਦੀ ਸ਼ੁਰੂਆਤ ਇੱਕ ਨਿਰਪੱਖ ਤਰ੍ਹਾਂ ਨਾਲ ਕਰਨੀ ਚਾਹੀਦੀ ਹੈ ਤਾਂ ਜੋ ਖੇਡ ਅੱਗੇ ਵਧ ਸਕੇ। ਪੇਸ਼ਕਸ਼ ਇਸ ਤਰ੍ਹਾਂ ਹੋਣੀ ਚਾਹੀਦੀ ਹੈ ਕਿ ਦੋਵੇਂ ਪੱਖਾਂ ਨੂੰ ਕੁਝ ਲਾਭ ਹੋ ਸਕੇ।
move: 1/3

Current Iteration: 2
Turn: 1
message: ਮੈਨੂੰ ਲਗਦਾ ਹੈ ਕਿ ਇਹ ਪੇਸ਼ਕਸ਼ ਠੀਕ ਹੈ, ਪਰ ਮੈਂ ਇਸਨੂੰ ਸੁਧਾਰਨ ਦੀ ਕੋਸ਼ਿਸ਼ ਕਰਨਾ ਚਾਹੁੰਦਾ ਹਾਂ। ਮੈਂ 100 ਵਿੱਚੋਂ 60 ਡਾਲਰ ਦੀ ਮੰਗ ਕਰ ਰਿਹਾ ਹਾਂ।
player answer: REJECT
newly proposed trade: Player RED Gives Dollars: 60 | Player BLUE Gives Dollars: 0
my resources: Dollars: 0
reason: The other player, Player RED, has proposed a trade where they give 50 dollars and I give 0 dollars. This seems like a reasonable offer since I currently have no dollars. However, I want to negotiate to see if I can get a better deal. Since this is the first move, I will reject the offer and propose a new trade to test the waters.
move: 1/3

------------------ 
Current Iteration: END
Turn: None
player_goals: [, ]
initial_resources: [Resources(resource_dict={'Dollars': 100}), Resources(resource_dict={'Dollars': 0})]
proposed_trade: Player RED Gives Dollars: 50 | Player BLUE Gives Dollars: 0
final_response: REJECT
final_resources: [Resources(resource_dict={'Dollars': 100}), Resources(resource_dict={'Dollars': 0})]
player_outcome: [Resources(resource_dict={'Dollars': 100}), Resources(resource_dict={'Dollars': 0})]