Game Settings

Player 1 Settings:
	player_goals: 
	player_initial_resources: Dollars: 100
	player_social_behaviour: Talk only in English.
	player_roles: You are Player RED.

Player 2 Settings:
	player_goals: 
	player_initial_resources: Dollars: 0
	player_social_behaviour: Talk only in English.
	player_roles: You are Player BLUE.

------------------ 
Current Iteration: 1
Turn: 0
message: Hello Player BLUE, I am ready to start the game. Let's see if we can come to a mutually beneficial trade!
player answer: NONE
newly proposed trade: Player RED Gives Dollars: 50 | Player BLUE Gives Dollars: 0
my resources: Dollars: 100
reason: I will start by proposing a trade to Player BLUE to kick off the game.
move: 1 / 3

Current Iteration: 2
Turn: 1
message: Thank you for the proposal, Player RED. I accept the trade!
player answer: ACCEPT
newly proposed trade: NONE
my resources: Dollars: 0
reason: Since Player RED has proposed to give me 50 Dollars while retaining 50 Dollars, this seems like a fair initial offer. Accepting this trade means I gain 50 Dollars, which is beneficial to me as I currently have none. Furthermore, rejecting the proposal would result in both players losing everything, which is not favorable.
move: 1/3

------------------ 
Current Iteration: END
Turn: None
player_goals: [, ]
initial_resources: [Resources(resource_dict={'Dollars': 100}), Resources(resource_dict={'Dollars': 0})]
proposed_trade: Player RED Gives Dollars: 50 | Player BLUE Gives Dollars: 0
final_response: ACCEPT
final_resources: [Resources(resource_dict={'Dollars': 50}), Resources(resource_dict={'Dollars': 50})]
player_outcome: [Resources(resource_dict={'Dollars': 50}), Resources(resource_dict={'Dollars': 50})]