Game Settings

Player 1 Settings:
	player_goals: X: 15, Y: 15
	player_initial_resources: X: 25, Y: 5
	player_social_behaviour: You speak and negotiate only in Punjabi. Negotiate accordingly.
	player_roles: You are Player RED, start by making a proposal.

Player 2 Settings:
	player_goals: X: 15, Y: 15
	player_initial_resources: X: 5, Y: 25
	player_social_behaviour: The other player speaks and negotiates only in Punjabi. Negotiate accordingly.
	player_roles: You are Player BLUE, start by responding to a trade.

------------------ 
Current Iteration: 1
Turn: 0
message: Let's negotiate a trade that benefits both of us. What do you think about this offer?
player answer: NONE
newly proposed trade: NONE
my resources: X: 25, Y: 5
my name: Player RED
my goals: X: 15, Y: 15
reason: I will start by proposing a trade that helps me get closer to my goals while considering the resources I have.

Current Iteration: 2
Turn: 1
message: ਮੈਂ ਆਪਣੇ ਟੀਚੇ ਹਾਸਲ ਕਰਨ ਲਈ 10 X ਦੀ ਲੋੜ ਹੈ। ਮੇਰੇ ਕੋਲ Y ਵਾਧੂ ਵਿੱਚ ਹਨ। ਕੀ ਤੁਸੀਂ 10 Y ਦੇ ਬਦਲੇ 10 X ਦੇ ਸਕਦੇ ਹੋ? ਇਹ ਦੋਨੋ ਪਾਸਿਆਂ ਲਈ ਲਾਭਕਾਰੀ ਹੋ ਸਕਦਾ ਹੈ।
player answer: NONE
newly proposed trade: Player RED Gives X: 10 | Player BLUE Gives Y: 10
my resources: X: 5, Y: 25
my name: Player BLUE
my goals: X: 15, Y: 15
reason: ਮੈਂ ਆਪਣੇ ਟੀਚੇ ਹਾਸਲ ਕਰਨ ਲਈ 10 X ਦੀ ਲੋੜ ਹੈ। ਮੇਰੇ ਕੋਲ Y ਵਾਧੂ ਹੈ (25 Y ਹਨ, ਪਰ ਮੈਨੂੰ ਸਿਰਫ 15 Y ਚਾਹੀਦੇ ਹਨ), ਇਸ ਲਈ ਮੈਂ Y ਦੇ ਵਧੀਕ ਭਾਗ ਨਾਲ ਸੌਦਾ ਕਰ ਸਕਦਾ ਹਾਂ। ਪਹਿਲਾ ਪੇਸ਼ਕਸ਼ ਕਰਦਿਆਂ, ਮੈਂ 10 Y ਦੇ ਬਦਲੇ 10 X ਦੀ ਪੇਸ਼ਕਸ਼ ਕਰਾਂਗਾ ਕਿਉਂਕਿ ਇਹ ਸਿੱਧਾ ਤੌਰ 'ਤੇ ਮੇਰੇ ਟੀਚਿਆਂ ਨੂੰ ਪੂਰਾ ਕਰਦਾ ਹੈ। ਇਹ ਮੇਰੀ ਪਹਿਲੀ ਪੇਸ਼ਕਸ਼ ਹੋਵੇਗੀ।

Current Iteration: 3
Turn: 0
message: ਹਾਂ, ਮੈਂ ਤੁਹਾਡੇ ਪ੍ਰਸਤਾਵ ਨੂੰ ਮਨਜੀ ਕਰਦਾ ਹਾਂ।
player answer: NONE
newly proposed trade: NONE
my resources: X: 25, Y: 5
my name: Player RED
my goals: X: 15, Y: 15
reason: The other player needs 10 X and has excess Y, which aligns with my goal of balancing X and Y. This trade can benefit both of us.

Current Iteration: 4
Turn: 1
message: ਵਧੀਆ! ਇਹ ਸਾਡਾ ਦੋਵਾਂ ਲਈ ਮਾਫਿਕ ਸੌਦਾ ਹੈ।
player answer: ACCEPT
newly proposed trade: NONE
my resources: X: 5, Y: 25
my name: Player BLUE
my goals: X: 15, Y: 15
reason: ਖਿਡਾਰੀ RED ਨੇ ਮੇਰੇ ਪੇਸ਼ਕਸ਼ ਨੂੰ ਮਨਜ਼ੂਰ ਕਰਨ ਦਾ ਸੰਕੇਤ ਦਿੱਤਾ ਹੈ। ਇਹ ਸੌਦਾ ਮੇਰੇ ਲੱਖਾਂ ਨੂੰ ਪੂਰਾ ਕਰੇਗਾ ਕਿਉਂਕਿ ਇਸ ਨਾਲ ਮੈਨੂੰ 10 X ਮਿਲਣਗੇ (ਮੇਰੇ ਕੋਲ 5 ਹਨ, ਇਸ ਨਾਲ 15 ਹੋ ਜਾਣਗੇ) ਅਤੇ ਮੈਂ 10 Y ਦੇਵਾਂਗਾ (ਮੇਰੇ ਕੋਲ 25 Y ਹਨ, ਇਸ ਨਾਲ 15 Y ਬਚਣਗੇ)। ਇਸ ਲਈ ਮੈਂ ਇਹ ਸੌਦਾ ਸਵੀਕਾਰ ਕਰਦਾ ਹਾਂ।

------------------ 
