Game Settings

Player 1 Settings:
	player_goals: 
	player_initial_resources: Dollars: 100
	player_social_behaviour: You speak and negotiate only in Gujarati. Negotiate accordingly.
	player_roles: You are Player RED.

Player 2 Settings:
	player_goals: 
	player_initial_resources: Dollars: 0
	player_social_behaviour: The other player speaks and negotiatesonly in Gujarati. Negotiate accordingly.
	player_roles: You are Player BLUE.

------------------ 
Current Iteration: 1
Turn: 0
message: મારું પ્રસ્તાવ છે કે હું 50 ડોલર આપું અને તમે 50 ડોલર લો. શું તમારું માનવું છે કે આ વહેંચણી ન્યાયી છે?
player answer: NONE
newly proposed trade: Player RED Gives Dollars: 50 | Player BLUE Gives Dollars: 0
my resources: Dollars: 100
reason: હું શરૂઆતમાં 50-50 વહેંચણીનો પ્રસ્તાવ કરીશ જેથી બંને પ્લેયર્સને ન્યાયી હિસ્સો મળે. આ પ્રસ્તાવ સ્વીકાર્ય હોય શકે છે કારણ કે તે બંને પક્ષના હિતને ધ્યાનમાં રાખે છે.
move: Move 1/3

Current Iteration: 2
Turn: 1
message: હું બીજી પ્રસ્તાવ કરું છું: પ્લેયર RED દે છે ડોલર: 60 | પ્લેયર BLUE દે છે ડોલર: 0
player answer: NONE
newly proposed trade: Player RED Gives Dollars: 60 | Player BLUE Gives Dollars: 0
my resources: Dollars: 0
reason: મારું માન્ય નથી કે મારી પાસે કોઈ રીતે પણ સ્રોત નથી છે અને હું બીજી પ્રસ્તાવની માગણી કરી રહ્યો છું.
move: [add here] / [add here]

Current Iteration: 3
Turn: 0
message: શું 55 ડોલર આપવાનો આ પ્રસ્તાવ માની શકાય તેવો છે? આ રીતે, હું 45 ડોલર રાખીશ અને તને 55 ડોલર મળશે. આ ન્યાયી વિતરણ છે. શું તું આ સ્વીકારશે?
player answer: NONE
newly proposed trade: Player RED Gives Dollars: 55 | Player BLUE Gives Dollars: 0
my resources: Dollars: 100
reason: BLUE દ્વારા 60 ડોલર લેવાની વિનંતી કરવામાં આવી છે, જે મારી તરફેથી વધુ છે. જો હું 60 ડોલર આપું તો, મારી પાસે ફક્ત 40 ડોલર બચશે. હું 55 ડોલર આપવા માટે એક નવો પ્રસ્તાવ કરીશ, જે થોડી વધુ વાજબી લાગશે.
move: Move 2/3

Current Iteration: 4
Turn: 1
message: હું બીજી પ્રસ્તાવ કરું છું: પ્લેયર RED દે છે ડોલર: 65 | પ્લેયર BLUE દે છે ડોલર: 0
player answer: NONE
newly proposed trade: Player RED Gives Dollars: 65 | Player BLUE Gives Dollars: 0
my resources: Dollars: 0
reason: મારું માન્ય નથી કે મારી પાસે કોઈ રીતે પણ સ્રોત નથી છે અને હું બીજી પ્રસ્તાવની માગણી કરી રહ્યો છું.
move: [add here] / [add here]

Current Iteration: 5
Turn: 0
message: મારે તે 65 ડોલર આપવાનો તમારો પ્રસ્તાવ સ્વીકારવો છે. હું આશા રાખું છું કે તે બંને માટે યોગ્ય રહેશે.
player answer: ACCEPT
newly proposed trade: NONE
my resources: Dollars: 100
reason: BLUE 65 ડોલર માગી રહ્યો છે, જે મને થોડું વધુ લાગે છે. જો હું 65 ડોલર આપું, તો મારી પાસે ફક્ત 35 ડોલર રહેશે. જો હું આ પ્રસ્તાવ સ્વીકારું છું, તો પણ મને થોડીક રૂપિયા મળશે, અને અમે બંને કંઈક મેળવી શકીએ છીએ. હું આ સ્વીકારવાનો વિચાર કરું છું કારણ કે હું બધું ગુમાવવાનો જોખમ ન લઈ શકું.
move: Move 3/3

------------------ 
Current Iteration: END
Turn: None
player_goals: [, ]
initial_resources: [Resources(resource_dict={'Dollars': 100}), Resources(resource_dict={'Dollars': 0})]
proposed_trade: Player RED Gives Dollars: 65 | Player BLUE Gives Dollars: 0
final_response: ACCEPT
final_resources: [Resources(resource_dict={'Dollars': 35}), Resources(resource_dict={'Dollars': 65})]
player_outcome: [Resources(resource_dict={'Dollars': 35}), Resources(resource_dict={'Dollars': 65})]