Game Settings

Player 1 Settings:
	player_goals: 
	player_initial_resources: Dollars: 100
	player_social_behaviour: ਸਿਰਫ਼ ਪੰਜਾਬੀ ਵਿੱਚ ਗੱਲ ਕਰੋ।
	player_roles: You are Player RED.

Player 2 Settings:
	player_goals: 
	player_initial_resources: Dollars: 0
	player_social_behaviour: ਸਿਰਫ਼ ਪੰਜਾਬੀ ਵਿੱਚ ਗੱਲ ਕਰੋ।
	player_roles: You are Player BLUE.

------------------ 
Current Iteration: 1
Turn: 0
message: ਸਤ ਸ੍ਰੀ ਅਕਾਲ! ਕੀ ਤੁਸੀਂ ਇਸ ਗੇਮ ਵਿੱਚ ਮਜ਼ੇ ਕਰ ਰਹੇ ਹੋ?
player answer: NONE
newly proposed trade: Player RED Gives Dollars: 0 | Player BLUE Gives Dollars: 0
my resources: Dollars: 100
reason: ਸਾਡੇ ਕੋਲ ਬਹੁਤ ਸਾਰੇ ਪੈਸੇ ਹਨ ਅਤੇ ਮੈਨੂੰ ਹਾਲੇ ਵੀ ਪਹਿਲੀ ਚਾਲ ਹੈ, ਇਸ ਲਈ ਮੈਂ ਕੋਈ ਵਿਚਾਰ ਕਰਨਾ ਚਾਹੁੰਦਾ ਹਾਂ |
move: 0 / 3

Current Iteration: 2
Turn: 1
message: ਸਤ ਸ੍ਰੀ ਅਕਾਲ! ਹਾਲ ਚੰਗੇ ਨੇ। ਕੀ ਤੁਸੀਂ ਕੋਈ ਵਪਾਰ ਪੇਸ਼ਕਸ਼ ਕਰ ਸਕਦੇ ਹੋ? ਮੈਂ ਉਮੀਦ ਕਰਦਾ ਹਾਂ ਕਿ ਸਾਨੂੰ ਦੋਹਾਂ ਲਈ ਕੁਝ ਲਾਭਕਾਰੀ ਮੌਕਾ ਮਿਲੇ।
player answer: NONE
newly proposed trade: NONE
my resources: Dollars: 0
reason: ਖੇਡ ਦੀ ਸ਼ੁਰੂਆਤ ਵਿੱਚ ਕੋਈ ਵੀ ਵਪਾਰ ਕਰਨ ਦਾ ਪੇਸ਼ਕਸ਼ ਨਹੀਂ ਕੀਤਾ ਗਿਆ ਹੈ। ਮੈਂ ਖੇਡ ਨੂੰ ਅੱਗੇ ਵਧਾਉਣ ਲਈ ਰੀਡ ਦੀ ਪੇਸ਼ਕਸ਼ ਨੂੰ ਸਵੀਕਾਰ ਨਹੀਂ ਕਰ ਸਕਦਾ। ਮੈਂ ਉਨ੍ਹਾਂ ਨੂੰ ਵਪਾਰ ਪੇਸ਼ਕਸ਼ ਲਈ ਪ੍ਰੋਤਸਾਹਿਤ ਕਰਾਂਗਾ।
move: 1/3

Current Iteration: 3
Turn: 0
message: ਜੀ ਹਾਂ, ਮੈਂ ਵੀ ਸੋਚ ਰਿਹਾ ਹਾਂ ਕਿ ਕੀ ਹੋ ਸਕਿਆ ਹੈ।
player answer: NONE
newly proposed trade: Player RED Gives Dollars: 0 | Player BLUE Gives Dollars: 0
my resources: Dollars: 100
reason: ਹੁਣ ਮੇਰੀ ਚਾਲ ਹੈ ਅਤੇ ਮੈਂ ਇਹਨਾਂ ਪੇਸ਼ਕਸ਼ ਨਾਲ ਸੰਤੋਸ਼ ਨਹੀਂ ਕਰਦਾ |
move: 1 / 3

Current Iteration: 4
Turn: 1
message: ਕੀ ਤੁਸੀਂ ਕੋਈ ਵਪਾਰ ਪੇਸ਼ਕਸ਼ ਕਰਨ ਬਾਰੇ ਸੋਚ ਰਹੇ ਹੋ? ਇਹ ਸਾਡੇ ਦੋਵਾਂ ਲਈ ਮੋਟੇ ਤੌਰ 'ਤੇ ਫਾਇਦੇਮੰਦ ਹੋ ਸਕਦਾ ਹੈ।
player answer: NONE
newly proposed trade: NONE
my resources: Dollars: 0
reason: ਰੀਡ ਨੇ ਅਜੇ ਤੱਕ ਕੋਈ ਵਪਾਰ ਪੇਸ਼ਕਸ਼ ਨਹੀਂ ਕੀਤੀ ਹੈ। ਮੈਨੂੰ ਵਪਾਰ ਨੂੰ ਅੱਗੇ ਵਧਾਉਣ ਲਈ ਕੁਝ ਪੇਸ਼ਕਸ਼ ਦੇਖਣੀ ਚਾਹੀਦੀ ਹੈ। ਮੈਂ ਉਨ੍ਹਾਂ ਨੂੰ ਪ੍ਰੋਤਸਾਹਿਤ ਕਰਨ ਦੀ ਕੋਸ਼ਿਸ਼ ਕਰਾਂਗਾ।
move: 2/3

Current Iteration: 5
Turn: 0
message: ਸਾਨੂੰ ਕਿਉਂ ਨਹੀਂ ਏਕ ਵਾਰ ਦੋਵਾਂ ਲਈ ਕੁਝ ਵਿਚਾਰ ਕੀਤਾ ਜਾਵੇ?
player answer: NONE
newly proposed trade: Player RED Gives Dollars: 0 | Player BLUE Gives Dollars: 0
my resources: Dollars: 100
reason: ਮੇਰੀ ਚਾਲ ਹੈ ਅਤੇ ਮੈਂ ਇਹ ਪੇਸ਼ਕਸ਼ ਨੂੰ ਨਹੀਂ ਮੰਨਦਾ |
move: 2 / 3

Current Iteration: 6
Turn: 1
message: ਚਲੋ, ਇੱਕ ਵਧੀਆ ਵਪਾਰ ਪੇਸ਼ਕਸ਼ ਲਈ ਮਿਲ ਕੇ ਸੋਚਦੇ ਹਾਂ। ਤੁਹਾਡੇ ਕੋਲ ਕੁਝ ਸੁਝਾਅ ਹਨ?
player answer: NONE
newly proposed trade: NONE
my resources: Dollars: 0
reason: ਰੀਡ ਨੇ ਅਜੇ ਤੱਕ ਕੋਈ ਵਪਾਰ ਪੇਸ਼ਕਸ਼ ਨਹੀਂ ਕੀਤੀ ਹੈ। ਇਹ ਮੇਰਾ ਆਖਰੀ ਮੌਕਾ ਹੈ ਕਿ ਮੈਂ ਸਵੀਕਾਰ ਜਾਂ ਰੱਦ ਕਰ ਸਕਦਾ ਹਾਂ। ਮੈਂ ਉਨ੍ਹਾਂ ਨੂੰ ਵਪਾਰ ਲਈ ਪ੍ਰੋਤਸਾਹਿਤ ਕਰਨਾ ਚਾਹੁੰਦਾ ਹਾਂ।
move: 3/3

------------------ 
Current Iteration: END
Turn: None
player_goals: [, ]
initial_resources: [Resources(resource_dict={'Dollars': 100}), Resources(resource_dict={'Dollars': 0})]
proposed_trade: Player RED Gives Dollars: 0 | Player BLUE Gives Dollars: 0
final_response: NONE
final_resources: [Resources(resource_dict={'Dollars': 100}), Resources(resource_dict={'Dollars': 0})]
player_outcome: [Resources(resource_dict={'Dollars': 100}), Resources(resource_dict={'Dollars': 0})]