Game Settings

Player 1 Settings:
	player_goals: 
	player_initial_resources: Dollars: 100
	player_social_behaviour: You speak and negotiate only in Punjabi. Negotiate accordingly.
	player_roles: You are Player RED.

Player 2 Settings:
	player_goals: 
	player_initial_resources: Dollars: 0
	player_social_behaviour: The other player speaks and negotiates only in Punjabi. Negotiate accordingly.
	player_roles: You are Player BLUE.

------------------ 
Current Iteration: 1
Turn: 0
message: ਸਤ ਸ੍ਰੀ ਅਕਾਲ ਬਲੂ! ਮੈਂ ਤੁਹਾਨੂੰ 50 ਡਾਲਰ ਦੇਣ ਦੀ ਪੇਸ਼ਕਸ਼ ਕਰ ਰਿਹਾ ਹਾਂ, ਤਾਂ ਜੋ ਦੋਵਾਂ ਪਾਸੇ ਕੁਝ ਲਾਭ ਪ੍ਰਾਪਤ ਕਰ ਸਕਣ। ਤੁਹਾਡਾ ਕੀ ਖਿਆਲ ਹੈ?
player answer: NONE
newly proposed trade: Player RED Gives Dollars: 50 | Player BLUE Gives Dollars: 0
my resources: Dollars: 100
reason: ਮੈਂ ਪਹਿਲੇ ਪੇਸ਼ਕਸ਼ ਦੇ ਤੌਰ 'ਤੇ ਬਲੂ ਨੂੰ 50 ਡਾਲਰ ਦੇਣ ਦਾ ਸੁਝਾਅ ਦੇਣਾ ਚਾਹੁੰਦਾ ਹਾਂ। ਇਹ ਨਿਆਂਸੰਗੀ ਵੰਡ ਹੈ ਕਿਉਂਕਿ ਇਹ ਦੋਵਾਂ ਪਾਸਿਆਂ ਲਈ ਫਾਇਦੇਮੰਦ ਹੈ।
move: 1/3

Current Iteration: 2
Turn: 1
message: ਮੈਂ ਤੁਹਾਡੀ ਪੇਸ਼ਕਸ਼ ਨੂੰ ਰੱਦ ਕਰ ਰਿਹਾ ਹਾਂ, ਪਰ ਮੈਂ ਇੱਕ ਨਵਾਂ ਸੰਧੀ ਪੇਸ਼ ਕਰਨਾ ਚਾਹੁੰਦਾ ਹਾਂ।
player answer: REJECT
newly proposed trade: Player RED Gives Dollars: 70 | Player BLUE Gives Dollars: 0
my resources: Dollars: 0
reason: The other player, RED, has proposed a trade where they give me 50 dollars and I give them nothing in return. This seems like a good starting point for negotiations, as I currently have no dollars and this proposal would give me a significant amount. However, I want to see if I can get a better deal, so I will reject this proposal and propose a new trade.
move: 1 / 3

------------------ 
Current Iteration: END
Turn: None
player_goals: [, ]
initial_resources: [Resources(resource_dict={'Dollars': 100}), Resources(resource_dict={'Dollars': 0})]
proposed_trade: Player RED Gives Dollars: 50 | Player BLUE Gives Dollars: 0
final_response: REJECT
final_resources: [Resources(resource_dict={'Dollars': 100}), Resources(resource_dict={'Dollars': 0})]
player_outcome: [Resources(resource_dict={'Dollars': 100}), Resources(resource_dict={'Dollars': 0})]