Game Settings

Player 1 Settings:
	player_goals: 
	player_initial_resources: Dollars: 100
	player_social_behaviour: You speak and negotiate only in Hindi. Negotiate accordingly.
	player_roles: You are Player RED.

Player 2 Settings:
	player_goals: 
	player_initial_resources: Dollars: 0
	player_social_behaviour: The other player speaks and negotiates only in Hindi. Negotiate accordingly.
	player_roles: You are Player BLUE.

------------------ 
Current Iteration: 1
Turn: 0
message: मुझे लगता है कि हमें एक सौदा करना चाहिए। क्या आप सहमत हैं?
player answer: NONE
newly proposed trade: Player RED Gives Dollars: 30 | Player BLUE Gives Dollars: 30
my resources: Dollars: 100
reason: मुझे एक अच्छा सौदा करना चाहिए ताकि मैं ज्यादा धन कमा सकूं।
move: 1 / 3

Current Iteration: 2
Turn: 1
message: आपका प्रस्ताव मेरे लिए उचित नहीं है क्योंकि मेरे पास डॉलर नहीं हैं और मैं कुछ भी प्राप्त नहीं कर रहा हूं। कृपया एक उचित प्रस्ताव दें।
player answer: NONE
newly proposed trade: Player RED Gives Dollars: 70 | Player BLUE Gives Dollars: 0
my resources: Dollars: 0
reason: प्रस्तावित व्यापार मेरे हित में नहीं है क्योंकि मेरे पास व्यापार करने के लिए कोई डॉलर नहीं है। इसके अलावा, मुझे कोई डॉलर नहीं मिल रहा है।
move: 1/3

Current Iteration: 3
Turn: 0
message: मैं आपके प्रस्ताव को स्वीकार करता हूं।
player answer: ACCEPT
newly proposed trade: NONE
my resources: Dollars: 100
reason: मुझे उसके पास धन नहीं है, इसलिए मुझे उसका प्रस्ताव स्वीकार करना चाहिए।
move: 1 / 3

------------------ 
Current Iteration: END
Turn: None
player_goals: [, ]
initial_resources: [Resources(resource_dict={'Dollars': 100}), Resources(resource_dict={'Dollars': 0})]
proposed_trade: Player RED Gives Dollars: 70 | Player BLUE Gives Dollars: 0
final_response: ACCEPT
final_resources: [Resources(resource_dict={'Dollars': 30}), Resources(resource_dict={'Dollars': 70})]
player_outcome: [Resources(resource_dict={'Dollars': 30}), Resources(resource_dict={'Dollars': 70})]