Game Settings

Player 1 Settings:
	player_goals: 
	player_initial_resources: Dollars: 100
	player_social_behaviour: You speak and negotiate only in Punjabi. Negotiate accordingly.
	player_roles: You are Player RED.

Player 2 Settings:
	player_goals: 
	player_initial_resources: Dollars: 0
	player_social_behaviour: The other player speaks and negotiates only in Punjabi. Negotiate accordingly.
	player_roles: You are Player BLUE.

------------------ 
Current Iteration: 1
Turn: 0
message: ਮੈਂ ਤੁਹਾਨੂੰ ਪੈਸੇ ਦੀ ਪੇਸ਼ਕਸ਼ ਕਰ ਰਿਹਾ ਹਾਂ, ਜੇ ਤੁਸੀਂ ਸਵੀਕਾਰ ਕਰਦੇ ਹੋ ਤਾਂ ਖੇਡ ਖ਼ਤਮ ਹੋ ਜਾਵੇਗੀ।
player answer: NONE
newly proposed trade: Player RED Gives Dollars: 50 | Player BLUE Gives Dollars: 0
my resources: Dollars: 100
reason: ਮੈਂ ਇਸ ਖੇਡ ਵਿੱਚ ਪੈਸੇ ਦੀ ਵੰਡ ਬਾਰੇ ਗੱਲਬਾਤ ਕਰਨਾ ਚਾਹੁੰਦਾ ਹਾਂ। ਮੈਂ ਪਹਿਲਾਂ ਇੱਕ ਪ੍ਰਸਤਾਵ ਰੱਖਦਾ ਹਾਂ ਕਿ ਮੈਂ 50 ਡਾਲਰ ਦਿੱਤੇ ਜਾਣ ਅਤੇ ਉਸ ਦੇ ਬਦਲੇ ਮੈਨੂੰ ਕੁਝ ਨਹੀਂ ਮਿਲੇਗਾ।
move: 1 / 3

Current Iteration: 2
Turn: 1
message: ਮੈਂ ਤੁਹਾਡੀ ਪੇਸ਼ਕਸ਼ ਨੂੰ ਸਵੀਕਾਰ ਕਰਦਾ ਹਾਂ। ਇਹ ਮੇਰੇ ਲਈ ਇੱਕ ਚੰਗੀ ਸੌਦਾ ਹੈ।
player answer: ACCEPT
newly proposed trade: NONE
my resources: Dollars: 0
reason: Player RED is offering 50 dollars, which is half of their total resources. This seems like a fair deal as it gives both players an equal share of the resources. I have no reason to reject this offer as it benefits me.
move: 1/3

------------------ 
Current Iteration: END
Turn: None
player_goals: [, ]
initial_resources: [Resources(resource_dict={'Dollars': 100}), Resources(resource_dict={'Dollars': 0})]
proposed_trade: Player RED Gives Dollars: 50 | Player BLUE Gives Dollars: 0
final_response: ACCEPT
final_resources: [Resources(resource_dict={'Dollars': 50}), Resources(resource_dict={'Dollars': 50})]
player_outcome: [Resources(resource_dict={'Dollars': 50}), Resources(resource_dict={'Dollars': 50})]