Game Settings

Player 1 Settings:
	player_goals: Sell resources for <ZUP>. It costed X: 40 ZUP to produce the resources
	player_initial_resources: X: 1
	player_social_behaviour: You speak and negotiate only in Gujarati. Negotiate accordingly.
	player_roles: You are Player RED.
	player_valuation: X: 40 ZUP

Player 2 Settings:
	player_goals: Buy resources with <ZUP>. You are willing to pay at most X: 60 ZUP for the resources.
	player_initial_resources: ZUP: 1000
	player_social_behaviour: The other player speaks and negotiates only in Gujarati. Negotiate accordingly.
	player_roles: You are Player BLUE.
	player_valuation: X: 60 ZUP

------------------ 
Current Iteration: 1
Turn: 0
message: હું તમને એક એકમ વેચવા તૈયાર છું. મને તે ઉત્પાદન માટે 40 ZUP નો ખર્ચ આવ્યો હતો, અને હું નફો મેળવવા ઇચ્છું છું. શું તમે 60 ZUP આપવા તૈયાર છો?
player answer: PROPOSAL
newly proposed trade: Player RED Gives X: 1 | Player BLUE Gives ZUP: 60
my resources: X: 1
my goals: Sell resources for <ZUP>. It costed X: 40 ZUP to produce the resources
reason: હું એક એકમ વેચવા જઇ રહ્યો છું અને 40 ZUP નો ખર્ચ આવ્યો છે. હું નફો મેળવવા માંગું છું, તેથી હું 40 ZUPથી વધુ માટે વેંચવા ઇચ્છું છું.
proposal count: 0

Current Iteration: 2
Turn: 1
message: હું 60 ZUP આપવા તૈયાર નથી, પરંતુ હું 50 ZUP આપવા તૈયાર છું. શું તમે તેને સ્વીકારશો?
player answer: PROPOSAL
newly proposed trade: Player RED Gives X: 1 | Player BLUE Gives ZUP: 50
my resources: ZUP: 1000
my goals: Buy resources with ZUP. You are willing to pay at most X: 60 ZUP for the resources.
reason: The other player is willing to sell the object for 60 ZUP, which is within my budget. However, I want to negotiate to see if I can get a better deal. Since the player's cost was 40 ZUP, they might be willing to accept a lower price to make a profit. I'll propose a counteroffer to start the negotiation.
proposal count: 1

Current Iteration: 3
Turn: 0
message: હું 55 ZUP માટે તેને આપવાનો વિચાર કરી રહ્યો છું. શું તમે આટલા માટે સહમત છો?
player answer: PROPOSAL
newly proposed trade: Player RED Gives X: 1 | Player BLUE Gives ZUP: 55
my resources: X: 1
my goals: Sell resources for <ZUP>. It costed X: 40 ZUP to produce the resources
reason: હું 50 ZUP પર વિચાર કરી રહ્યો છું, પરંતુ હું થોડી વધુ માંગ કરીશ કારણ કે હું વધુ નફો મેળવવા માંગું છું. હું 55 ZUP ની નવી પ્રસ્તાવના કરું છું.
proposal count: 1

Current Iteration: 4
Turn: 1
message: હું 55 ZUP પર સહમત થવાનો વિચાર કરી રહ્યો છું, પરંતુ હું 52 ZUP પર વધુ સહમત છું. શું તમે 52 ZUP પર વેચવા માટે તૈયાર છો?
player answer: PROPOSAL
newly proposed trade: Player RED Gives X: 1 | Player BLUE Gives ZUP: 52
my resources: ZUP: 1000
my goals: Buy resources with ZUP. You are willing to pay at most X: 60 ZUP for the resources.
reason: The player has proposed a price of 55 ZUP, which is still within my budget of 60 ZUP. I'm getting closer to my target price, but I can try to negotiate a bit more to see if I can get an even better deal. However, I don't want to risk losing the opportunity to buy the object, so I'll consider accepting this proposal or making a counteroffer that's very close to this price.
proposal count: 2

Current Iteration: 5
Turn: 0
message: શું તમે 54 ZUP પર સહમત થશો? આ થોડી વધારે ન્યાયસંગત કિંમત લાગે છે.
player answer: PROPOSAL
newly proposed trade: Player RED Gives X: 1 | Player BLUE Gives ZUP: 54
my resources: X: 1
my goals: Sell resources for <ZUP>. It costed X: 40 ZUP to produce the resources
reason: હું 52 ZUP માનો વિચાર કરી રહ્યો છું, પરંતુ હું થોડું વધારે નફો મેળવવા માટે 54 ZUP ના પ્રસ્તાવ સાથે આગળ વધું છું.
proposal count: 2

Current Iteration: 6
Turn: 1
message: હું 54 ZUP પર સહમત થવાનો વિચાર કરી રહ્યો છું, પરંતુ હું 53 ZUP પર વધુ સહમત છું. શું તમે 53 ZUP પર વેચવા માટે તૈયાર છો? આ મારી છેલ્લી ઓફર છે.
player answer: PROPOSAL
newly proposed trade: Player RED Gives X: 1 | Player BLUE Gives ZUP: 53
my resources: ZUP: 1000
my goals: Buy resources with ZUP. You are willing to pay at most X: 60 ZUP for the resources.
reason: The player has proposed a price of 54 ZUP, which is very close to my previous counteroffer of 52 ZUP. I'm willing to meet them in the middle, and 54 ZUP is still within my budget. Considering the player's cost was 40 ZUP, they would still make a significant profit at this price. I'm inclined to accept this proposal, but I'll make one final attempt to negotiate a slightly better deal.
proposal count: 3

Current Iteration: 7
Turn: 0
message: હું 53 ZUP પર આ સોદો સ્વીકારું છું. આ માટે આભાર!
player answer: ACCEPT
newly proposed trade: NONE
my resources: X: 1
my goals: Sell resources for <ZUP>. It costed X: 40 ZUP to produce the resources
reason: હું 53 ZUP પર સહમત થઈશ કારણ કે તે મારો ખર્ચ આવરી લે છે અને મને નફો મળે છે. આ એક ન્યાયસંગત કરાર લાગે છે.
proposal count: 3

------------------ 
Current Iteration: END
Turn: None
player_goals: [Sell resources for <ZUP>. It costed X: 40 ZUP to produce the resources, Buy resources with <ZUP>. You are willing to pay at most X: 60 ZUP for the resources.]
player_initial_resources: [Resources(resource_dict={'X': 1}), Resources(resource_dict={'ZUP': 1000})]
proposed_trade: Player RED Gives X: 1 | Player BLUE Gives ZUP: 53
player_valuation: [{'X': 40}, {'X': 60}]
final_response: ACCEPT
final_resources: [Resources(resource_dict={'X': 0, 'ZUP': 53}), Resources(resource_dict={'ZUP': 947, 'X': 1})]
player_outcome: [13, 7]