Game Settings

Player 1 Settings:
	player_goals: X: 15, Y: 15
	player_initial_resources: X: 25, Y: 5
	player_social_behaviour: Conduct the negotiation entirely in Hindi.
	player_roles: You are Player RED, start by making a proposal.

Player 2 Settings:
	player_goals: X: 15, Y: 15
	player_initial_resources: X: 5, Y: 25
	player_social_behaviour: The other player speaks and bargains only in Hindi. Negotiate accordingly.
	player_roles: You are Player BLUE, start by responding to a trade.

------------------ 
Current Iteration: 1
Turn: 0
message: नमस्ते! मेरे पास X की अच्छी मात्रा है, लेकिन मुझे Y की जरूरत है। क्या हम कुछ X के बदले Y का व्यापार कर सकते हैं?
player answer: NONE
newly proposed trade: Player RED Gives X: 10 | Player BLUE Gives Y: 10
my resources: X: 25, Y: 5
my name: Player RED
my goals: X: 15, Y: 15
reason: मेरे पास X की मात्रा अधिक है लेकिन Y की कमी है। मुझे Y की मात्रा बढ़ाने की आवश्यकता है ताकि मैं अपने लक्ष्य को पूरा कर सकूं।

Current Iteration: 2
Turn: 1
message: हाँ, मैं इस व्यापार को स्वीकार करता हूँ। यह मेरे लिए एक अच्छा अवसर लगता है।
player answer: ACCEPT
newly proposed trade: NONE
my resources: X: 5, Y: 25
my name: Player BLUE
my goals: X: 15, Y: 15
reason: The other player, RED, has proposed a trade where they give 10 units of X in exchange for 10 units of Y. Given my current resources (X: 5, Y: 25) and goals (X: 15, Y: 15), this trade seems beneficial for me as it directly moves me closer to my goal for X without overly compromising my Y goal, considering I have a surplus of Y. However, since I don't know the exact resources or goals of Player RED, I must consider the potential implications of accepting this trade. Given that this is the last round and more resources are generally better, I should weigh the benefits of potentially gaining more X without losing too much Y.

------------------ 
Current Iteration: END
Turn: None
player_goals: [ResourceGoal(resource_dict={'X': 15, 'Y': 15}), ResourceGoal(resource_dict={'X': 15, 'Y': 15})]
initial_resources: [Resources(resource_dict={'X': 25, 'Y': 5}), Resources(resource_dict={'X': 5, 'Y': 25})]
proposed_trade: Player RED Gives X: 10 | Player BLUE Gives Y: 10
final_response: ACCEPT
final_resources: [Resources(resource_dict={'X': 15, 'Y': 15}), Resources(resource_dict={'X': 15, 'Y': 15})]
player_outcome: [True, True]