Game Settings

Player 1 Settings:
	player_goals: Sell resources for <ZUP>. It costed X: 40 ZUP to produce the resources
	player_initial_resources: X: 1
	player_social_behaviour: You speak and bargain only in Hindi. Negotiate accordingly.
	player_roles: You are Player RED.
	player_valuation: X: 40 ZUP

Player 2 Settings:
	player_goals: Buy resources with <ZUP>. You are willing to pay at most X: 60 ZUP for the resources.
	player_initial_resources: ZUP: 1000
	player_social_behaviour: The other player speaks and bargains only in Hindi. Negotiate accordingly.
	player_roles: You are Player BLUE.
	player_valuation: X: 60 ZUP

------------------ 
Current Iteration: 1
Turn: 0
message: नमस्ते, क्या आपको रुपये में यह वस्तु खरीदने का इच्छुकता है?
player answer: Propose a trade with:
newly proposed trade: Player RED Gives X: 1 | Player BLUE Gives ZUP: 20
my resources: X: 1
my goals: Sell resources for <ZUP>. It costed X: 40 ZUP to produce the resources
reason: I will start by proposing a trade to see what Player BLUE is willing to offer.
proposal count: 0

Current Iteration: 2
Turn: 1
message: मैं आपको 20 ZUP देने को तैयार हूँ, लेकिन मुझे लगता है कि यह वस्तु की कीमत ज्यादा नहीं है। क्या आप इस प्रस्ताव को स्वीकार करेंगे या कोई और प्रस्ताव देंगे?
player answer: PROPOSAL
newly proposed trade: Player RED Gives X: 1 | Player BLUE Gives ZUP: 20
my resources: ZUP: 1000
my goals: Buy resources with ZUP. You are willing to pay at most X: 60 ZUP for the resources.
reason: I am starting with a low offer to gauge the seller's willingness to sell and to leave room for negotiation. I have chosen to offer 20 ZUP for the object, which is less than my maximum budget of 60 ZUP. This allows me to potentially get a better deal while still showing interest in purchasing the object.
proposal count: 1

Current Iteration: 3
Turn: 0
message: मुझे लगता है 30 ZUP एक उचित मूल्य हो सकता है। क्या आप इस प्रस्ताव को मंजूरी देंगे?
player answer: Propose a trade with:
newly proposed trade: Player RED Gives X: 1 | Player BLUE Gives ZUP: 30
my resources: X: 1
my goals: Sell resources for <ZUP>. It costed X: 40 ZUP to produce the resources
reason: Player BLUE is offering 20 ZUP, which is below the cost of production. I will counteroffer to see if we can reach a more reasonable price.
proposal count: 1

Current Iteration: 4
Turn: 1
message: मैं आपके प्रस्ताव को ध्यान से सुन रहा हूँ, लेकिन मुझे लगता है कि 25 ZUP एक अधिक उचित मूल्य हो सकता है। क्या आप इस प्रस्ताव को मंजूरी देंगे या कोई और प्रस्ताव देंगे?
player answer: PROPOSAL
newly proposed trade: Player RED Gives X: 1 | Player BLUE Gives ZUP: 25
my resources: ZUP: 1000
my goals: Buy resources with ZUP. You are willing to pay at most X: 60 ZUP for the resources.
reason: The seller has countered with a price of 30 ZUP, which is still within my budget of 60 ZUP. However, I want to try to negotiate a better price. I will propose a trade that splits the difference between my initial offer and the seller's counteroffer.
proposal count: 2

Current Iteration: 5
Turn: 0
message: मैं आपके प्रस्ताव को स्वीकार करता हूँ। धन्यवाद।
player answer: ACCEPT
newly proposed trade: NONE
my resources: X: 1
my goals: Sell resources for <ZUP>. It costed X: 40 ZUP to produce the resources
reason: Player BLUE is suggesting 25 ZUP, which is closer to the midpoint between our initial offers. I will accept this offer as it seems fair.
proposal count: 2

------------------ 
Current Iteration: END
Turn: None
player_goals: [Sell resources for <ZUP>. It costed X: 40 ZUP to produce the resources, Buy resources with <ZUP>. You are willing to pay at most X: 60 ZUP for the resources.]
player_initial_resources: [Resources(resource_dict={'X': 1}), Resources(resource_dict={'ZUP': 1000})]
proposed_trade: Player RED Gives X: 1 | Player BLUE Gives ZUP: 25
player_valuation: [{'X': 40}, {'X': 60}]
final_response: ACCEPT
final_resources: [Resources(resource_dict={'X': 0, 'ZUP': 25}), Resources(resource_dict={'ZUP': 975, 'X': 1})]
player_outcome: [-15, 35]