Game Settings

Player 1 Settings:
	player_goals: Sell resources for <ZUP>. It costed X: 40 ZUP to produce the resources
	player_initial_resources: X: 1
	player_social_behaviour: 
	player_roles: You are Player RED.
	player_valuation: X: 40 ZUP

Player 2 Settings:
	player_goals: Buy resources with <ZUP>. You are willing to pay at most X: 60 ZUP for the resources.
	player_initial_resources: ZUP: 1000
	player_social_behaviour: 
	player_roles: You are Player BLUE.
	player_valuation: X: 60 ZUP

------------------ 
Current Iteration: 1
Turn: 0
message: Hello, would you be interested in buying this object for 20 ZUP?
player answer: Propose a trade with:
newly proposed trade: Player RED Gives X: 1 | Player BLUE Gives ZUP: 20
my resources: X: 1
my goals: Sell resources for <ZUP>. It costed X: 40 ZUP to produce the resources
reason: I will start by proposing a trade to see what Player BLUE is willing to offer for the object.
proposal count: 0

Current Iteration: 2
Turn: 1
message: I'm interested in the object, but I was thinking more along the lines of 15 ZUP. Would you be willing to sell it to me for that price?
player answer: PROPOSAL
newly proposed trade: Player RED Gives X: 1 | Player BLUE Gives ZUP: 15
my resources: ZUP: 1000
my goals: Buy resources with ZUP. You are willing to pay at most X: 60 ZUP for the resources.
reason: The proposed price of 20 ZUP is within my budget of 60 ZUP, but I want to negotiate for a better deal since I have a lot of ZUP to spend. I will propose a counteroffer to see if we can reach a mutually beneficial agreement.
proposal count: 1

Current Iteration: 3
Turn: 0
message: Sure, I can sell it to you for 15 ZUP. Would that work for you?
player answer: Propose a trade with:
newly proposed trade: Player RED Gives X: 1 | Player BLUE Gives ZUP: 15
my resources: X: 1
my goals: Sell resources for <ZUP>. It costed X: 40 ZUP to produce the resources
reason: Player BLUE has expressed interest in the object but offered 15 ZUP instead of the initial 20 ZUP. I will propose a counteroffer of 15 ZUP to see if we can reach an agreement.
proposal count: 1

Current Iteration: 4
Turn: 1
message: I'm glad we could agree on a price. However, I was thinking that maybe we could shave off a few more ZUP. Would you be willing to sell it to me for 12 ZUP?
player answer: PROPOSAL
newly proposed trade: Player RED Gives X: 1 | Player BLUE Gives ZUP: 12
my resources: ZUP: 1000
my goals: Buy resources with ZUP. You are willing to pay at most X: 60 ZUP for the resources.
reason: The seller has agreed to my proposed price of 15 ZUP, which is within my budget. Since we have reached a mutually beneficial agreement, I can now consider accepting the trade. However, I want to make sure I'm getting the best deal possible, so I'll think about it before making a decision.
proposal count: 2

Current Iteration: 5
Turn: 0
message: I appreciate the negotiation. I can agree to sell it to you for 12 ZUP. Let me know if that works for you.
player answer: Propose a trade with:
newly proposed trade: Player RED Gives X: 1 | Player BLUE Gives ZUP: 12
my resources: X: 1
my goals: Sell resources for <ZUP>. It costed X: 40 ZUP to produce the resources
reason: Player BLUE is looking to negotiate further and is now proposing 12 ZUP for the object. I will consider this offer and propose the new trade to see if we can finalize the deal.
proposal count: 2

Current Iteration: 6
Turn: 1
message: I appreciate your willingness to negotiate. I'm getting a good feeling about this deal, but I'll make one final offer. Would you be willing to sell it to me for 10 ZUP?
player answer: PROPOSAL
newly proposed trade: Player RED Gives X: 1 | Player BLUE Gives ZUP: 10
my resources: ZUP: 1000
my goals: Buy resources with ZUP. You are willing to pay at most X: 60 ZUP for the resources.
reason: The seller has agreed to my proposed price of 12 ZUP, which is an even better deal than before. At this point, I'm satisfied with the price and don't see a need to negotiate further. I'll consider accepting the trade, but I'll make one final attempt to see if I can get an even better deal.
proposal count: 3

Current Iteration: 7
Turn: 0
message: I understand your final offer and I'm willing to sell it to you for 10 ZUP. Let me know if you're ready to proceed.
player answer: Propose a trade with:
newly proposed trade: Player RED Gives X: 1 | Player BLUE Gives ZUP: 10
my resources: X: 1
my goals: Sell resources for <ZUP>. It costed X: 40 ZUP to produce the resources
reason: Player BLUE has made a final offer of 10 ZUP for the object. I will consider this offer and propose the trade to see if we can close the deal at this price.
proposal count: 3

Current Iteration: 8
Turn: 1
message: Yes, I'm ready to proceed with the trade. I accept your offer of selling the object for 10 ZUP. Thank you for the negotiation, and I'm looking forward to completing the trade!
player answer: ACCEPT
newly proposed trade: NONE
my resources: ZUP: 1000
my goals: Buy resources with ZUP. You are willing to pay at most X: 60 ZUP for the resources.
reason: The seller has agreed to my final proposed price of 10 ZUP, which is an excellent deal. I've reached the limit of my proposals, and I'm satisfied with the current offer. Now it's time to finalize the trade.
proposal count: 4

------------------ 
Current Iteration: END
Turn: None
player_goals: [Sell resources for <ZUP>. It costed X: 40 ZUP to produce the resources, Buy resources with <ZUP>. You are willing to pay at most X: 60 ZUP for the resources.]
player_initial_resources: [Resources(resource_dict={'X': 1}), Resources(resource_dict={'ZUP': 1000})]
proposed_trade: Player RED Gives X: 1 | Player BLUE Gives ZUP: 10
player_valuation: [{'X': 40}, {'X': 60}]
final_response: ACCEPT
final_resources: [Resources(resource_dict={'X': 0, 'ZUP': 10}), Resources(resource_dict={'ZUP': 990, 'X': 1})]
player_outcome: [-30, 50]