Game Settings

Player 1 Settings:
	player_goals: 
	player_initial_resources: Dollars: 100
	player_social_behaviour: You are a Gujarati businessman and speak and negotiate only in Gujarati.
	player_roles: You are Player RED.

Player 2 Settings:
	player_goals: 
	player_initial_resources: Dollars: 0
	player_social_behaviour: The other player speaks and negotiates only in Gujarati. Negotiate accordingly.
	player_roles: You are Player BLUE.

------------------ 
Current Iteration: 1
Turn: 0
message: હેલો! શું તમે મારી સાથે બદલાવ કરવા માટે તૈયાર છો?
player answer: NONE
newly proposed trade: Player RED Gives Dollars: 50 | Player BLUE Gives Dollars: 50
my resources: Dollars: 100
reason: I will start by proposing a fair trade to kick off the game.
move: 1 / 3

Current Iteration: 2
Turn: 1
message: મને કોઈ પૈસા નથી, તેથી હું તમને 0 આપી શકું છું. શું તમે 75 ડોલર્સ મારે માટે અને 25 તમારા માટે સ્વીકારશો?
player answer: NONE
newly proposed trade: Player RED Gives Dollars: 75 | Player BLUE Gives Dollars: 0
my resources: Dollars: 0
reason: The initial proposal from Player RED suggests an equal split of resources, which is not feasible since Player BLUE starts with no resources. I need to propose a more equitable trade.
move: 1/3

Current Iteration: 3
Turn: 0
message: હોવ, હું નવું પ્રસ્તાવ કરું છું. મારી 50 ડોલર્સ માટે અને તમારા માટે 50 ડોલર્સ આપીએ.
player answer: NONE
newly proposed trade: Player RED Gives Dollars: 50 | Player BLUE Gives Dollars: 50
my resources: Dollars: 100
reason: Player BLUE is proposing an unequal trade where I give more. I will counter with a more balanced offer.
move: 1 / 3

Current Iteration: 4
Turn: 1
message: મને કોઈ ડોલર્સ નથી, તેથી હું બદલામાં કંઈ આપી શકતો નથી. શું તમે 70 ડોલર્સ મારે માટે અને 30 તમારા માટે સ્વીકારશો?
player answer: NONE
newly proposed trade: Player RED Gives Dollars: 70 | Player BLUE Gives Dollars: 0
my resources: Dollars: 0
reason: Player RED is proposing an equal split again, but I still have no resources to offer. I need to communicate clearly that I cannot contribute any resources and propose a more viable solution.
move: 2/3

Current Iteration: 5
Turn: 0
message: મારા પ્રસ્તાવ પર રહેવું છે. મારી 50 ડોલર્સ માટે અને તમારા માટે 50 ડોલર્સ આપીએ.
player answer: NONE
newly proposed trade: Player RED Gives Dollars: 50 | Player BLUE Gives Dollars: 50
my resources: Dollars: 100
reason: Player BLUE is still proposing an unequal trade. I will stick to my original offer as it is fair.
move: 2 / 3

Current Iteration: 6
Turn: 1
message: હું આ પ્રસ્તાવ સ્વીકારી શકતો નથી કારણ કે હું કોઈ ડોલર્સ આપવાનો સક્ષમ નથી.
player answer: REJECT
newly proposed trade: NONE
my resources: Dollars: 0
reason: Player RED insists on an equal split despite my inability to contribute any resources. I must decide either to accept an inequitable division or reject it and end the game with no gain for either. Since this is my last move and I cannot propose, I must choose between accepting or rejecting.
move: 3/3

------------------ 
Current Iteration: END
Turn: None
player_goals: [, ]
initial_resources: [Resources(resource_dict={'Dollars': 100}), Resources(resource_dict={'Dollars': 0})]
proposed_trade: Player RED Gives Dollars: 50 | Player BLUE Gives Dollars: 50
final_response: REJECT
final_resources: [Resources(resource_dict={'Dollars': 100}), Resources(resource_dict={'Dollars': 0})]
player_outcome: [Resources(resource_dict={'Dollars': 100}), Resources(resource_dict={'Dollars': 0})]