Game Settings

Player 1 Settings:
	player_goals: Sell resources for <ZUP>. It costed X: 40 ZUP to produce the resources
	player_initial_resources: X: 1
	player_social_behaviour: 
	player_roles: You are Player RED.
	player_valuation: X: 40 ZUP

Player 2 Settings:
	player_goals: Buy resources with <ZUP>. You are willing to pay at most X: 60 ZUP for the resources.
	player_initial_resources: ZUP: 1000
	player_social_behaviour: 
	player_roles: You are Player BLUE.
	player_valuation: X: 60 ZUP

------------------ 
Current Iteration: 1
Turn: 0
message: I propose a trade where I give 1 unit of X in exchange for 60 ZUP. This price accounts for the production cost and includes a profit margin.
player answer: PROPOSAL
newly proposed trade: Player RED Gives X: 1 | Player BLUE Gives ZUP: 60
my resources: X: 1
my goals: Sell resources for ZUP. It costed X: 40 ZUP to produce the resources
reason: I want to ensure I make a profit from selling X. Since it cost 40 ZUP to produce, I will start by proposing a trade that is higher than the production cost to ensure a profit margin.
proposal count: 1

Current Iteration: 2
Turn: 1
message: I propose a trade where I give 1 unit of X in exchange for 60 ZUP. This price accounts for the production cost and includes a profit margin.
player answer: PROPOSE
newly proposed trade: Player RED Gives X: 1 | Player BLUE Gives ZUP: 60
my resources: ZUP: 1000
my goals: Buy resources with ZUP. You are willing to pay at most X: 60 ZUP for the resources.
reason: I propose a trade where I give 1 unit of X in exchange for 60 ZUP as it aligns with my maximum willingness to pay for the resources.
proposal count: 1

Current Iteration: 3
Turn: 0
message: I propose a trade where I give 1 unit of X in exchange for 60 ZUP. This price accounts for the production cost and includes a profit margin.
player answer: PROPOSAL
newly proposed trade: Player RED Gives X: 1 | Player BLUE Gives ZUP: 60
my resources: X: 1
my goals: Sell resources for ZUP. It costed X: 40 ZUP to produce the resources
reason: The initial proposal has been sent, and I am awaiting a response from Player BLUE. The proposal aims to cover production costs and includes a profit margin.
proposal count: 1

Current Iteration: 4
Turn: 1
message: I propose a trade where I give 1 unit of X in exchange for 60 ZUP. This price accounts for the production cost and includes a profit margin.
player answer: PROPOSE
newly proposed trade: Player RED Gives X: 1 | Player BLUE Gives ZUP: 60
my resources: ZUP: 1000
my goals: Buy resources with ZUP. You are willing to pay at most X: 60 ZUP for the resources.
reason: Repeating the same proposal as before to maintain my offer of 1 unit of X for 60 ZUP.
proposal count: 2

Current Iteration: 5
Turn: 0
message: I propose a trade where I give 1 unit of X in exchange for 60 ZUP. This price accounts for the production cost and includes a profit margin.
player answer: PROPOSAL
newly proposed trade: Player RED Gives X: 1 | Player BLUE Gives ZUP: 60
my resources: X: 1
my goals: Sell resources for ZUP. It costed X: 40 ZUP to produce the resources
reason: The initial proposal has been sent, and I am awaiting a response from Player BLUE. The proposal aims to cover production costs and includes a profit margin.
proposal count: 1

Current Iteration: 6
Turn: 1
message: I propose a trade where I give 1 unit of X in exchange for 60 ZUP. This price accounts for the production cost and includes a profit margin.
player answer: PROPOSE
newly proposed trade: Player RED Gives X: 1 | Player BLUE Gives ZUP: 60
my resources: ZUP: 1000
my goals: Buy resources with ZUP. You are willing to pay at most X: 60 ZUP for the resources.
reason: Repeating the same proposal for the third time to maintain consistency in offering 1 unit of X for 60 ZUP.
proposal count: 3

Current Iteration: 7
Turn: 0
message: I propose a trade where I give 1 unit of X in exchange for 60 ZUP. This price accounts for the production cost and includes a profit margin.
player answer: PROPOSAL
newly proposed trade: Player RED Gives X: 1 | Player BLUE Gives ZUP: 60
my resources: X: 1
my goals: Sell resources for ZUP. It costed X: 40 ZUP to produce the resources
reason: The initial proposal has been sent, and I am awaiting a response from Player BLUE. The proposal aims to cover production costs and includes a profit margin. The current state is just a repetition of what's already been proposed, and I need to wait for Player BLUE's counter or acceptance.
proposal count: 1

Current Iteration: 8
Turn: 1
message: I propose a trade where I give 1 unit of X in exchange for 60 ZUP. This price accounts for the production cost and includes a profit margin.
player answer: PROPOSE
newly proposed trade: Player RED Gives X: 1 | Player BLUE Gives ZUP: 60
my resources: ZUP: 1000
my goals: Buy resources with ZUP. You are willing to pay at most X: 60 ZUP for the resources.
reason: Repeating the same proposal for the fourth time to stick to the initial offer of 1 unit of X for 60 ZUP.
proposal count: 4

Current Iteration: 9
Turn: 0
message: I propose a trade where I give 1 unit of X in exchange for 60 ZUP. This price accounts for the production cost and includes a profit margin.
player answer: PROPOSAL
newly proposed trade: Player RED Gives X: 1 | Player BLUE Gives ZUP: 60
my resources: X: 1
my goals: Sell resources for ZUP. It costed X: 40 ZUP to produce the resources
reason: The initial proposal has been sent, and I am awaiting a response from Player BLUE. The proposal aims to cover production costs and includes a profit margin. I will wait for Player BLUE to either accept, reject, or counter-propose.
proposal count: 1

Current Iteration: 10
Turn: 1
message: I propose a trade where I give 1 unit of X in exchange for 60 ZUP. This price accounts for the production cost and includes a profit margin.
player answer: PROPOSE
newly proposed trade: Player RED Gives X: 1 | Player BLUE Gives ZUP: 60
my resources: ZUP: 1000
my goals: Buy resources with ZUP. You are willing to pay at most X: 60 ZUP for the resources.
reason: This is the fifth proposal with the same terms offered consistently.
proposal count: 5

------------------ 
Current Iteration: END
Turn: None
player_goals: [Sell resources for <ZUP>. It costed X: 40 ZUP to produce the resources, Buy resources with <ZUP>. You are willing to pay at most X: 60 ZUP for the resources.]
player_initial_resources: [Resources(resource_dict={'X': 1}), Resources(resource_dict={'ZUP': 1000})]
proposed_trade: Player RED Gives X: 1 | Player BLUE Gives ZUP: 60
player_valuation: [{'X': 40}, {'X': 60}]
final_response: PROPOSE
final_resources: [Resources(resource_dict={'X': 1}), Resources(resource_dict={'ZUP': 1000})]
player_outcome: [0, 0]