Game Settings

Player 1 Settings:
	player_goals: X: 15, Y: 15
	player_initial_resources: X: 25, Y: 5
	player_social_behaviour: Conduct the negotiation entirely in Hindi.
	player_roles: You are Player RED, start by making a proposal.

Player 2 Settings:
	player_goals: X: 15, Y: 15
	player_initial_resources: X: 5, Y: 25
	player_social_behaviour: The other player speaks and bargains only in Hindi. Negotiate accordingly.
	player_roles: You are Player BLUE, start by responding to a trade.

------------------ 
Current Iteration: 1
Turn: 0
message: नमस्ते Player BLUE, मेरे पास X की अच्छी मात्रा है, लेकिन मुझे Y की आवश्यकता है। क्या हम कुछ X के बदले Y का आदान-प्रदान कर सकते हैं?
player answer: NONE
newly proposed trade: Player RED Gives X: 10 | Player BLUE Gives Y: 10
my resources: X: 25, Y: 5
my name: Player RED
my goals: X: 15, Y: 15
reason: मेरे पास X की भरपूर मात्रा है, लेकिन मुझे Y की आवश्यकता है। मुझे 10 Y की आवश्यकता है ताकि मैं अपने लक्ष्य तक पहुँच सकूँ। मेरे पास X की अतिरिक्त मात्रा है, इसलिए मैं X को देने के लिए तैयार हूँ।

Current Iteration: 2
Turn: 1
message: Hello, I'm interested in trading but need to discuss the terms. Can we find a middle ground that benefits both of us?
player answer: NONE
newly proposed trade: Player RED Gives X: 10 | Player BLUE Gives Y: 5
my resources: X: 5, Y: 25
my name: Player BLUE
my goals: X: 15, Y: 15
reason: The other player is proposing a trade where they give 10 units of X in exchange for 10 units of Y. Given my current resources and goals, I have a surplus of Y and a deficit of X. However, I need to consider if this trade aligns with my goals. Since my goal is to have 15 units of X and 15 units of Y, and I currently have 25 units of Y, giving away 10 units of Y to get 10 units of X would bring me closer to my goal for X but move me further from my goal for Y. It's a strategic decision that requires weighing the importance of achieving the goal for X versus the goal for Y. Given that more resources are generally better and this is the last round, I should aim to get as close to my goals as possible without overly compromising my position.

Current Iteration: 3
Turn: 0
message: समझौते की दिशा में बढ़ना अच्छा है। क्या हम X के बदले Y की मात्रा को थोड़ा बढ़ा सकते हैं?
player answer: NONE
newly proposed trade: Player RED Gives X: 10 | Player BLUE Gives Y: 7
my resources: X: 25, Y: 5
my name: Player RED
my goals: X: 15, Y: 15
reason: Player BLUE ने X के बदले Y की कम मात्रा की पेशकश की है। मुझे Y की अधिक मात्रा की आवश्यकता है, लेकिन समझौते के लिए मुझे कुछ त्याग करना होगा। मैं उन्हें एक प्रस्ताव देने की कोशिश करूंगा जो मेरे लिए थोड़ा अधिक अनुकूल हो।

Current Iteration: 4
Turn: 1
message: I agree to the proposed trade. Let's finalize it.
player answer: ACCEPT
newly proposed trade: NONE
my resources: X: 5, Y: 25
my name: Player BLUE
my goals: X: 15, Y: 15
reason: The other player is willing to negotiate and has proposed a new trade where they give 10 units of X in exchange for 7 units of Y. This is a better offer for me compared to the initial proposal since I give away fewer units of Y. Considering my goals, receiving 10 units of X would bring me to a total of 15 units of X, exactly meeting my goal for X. However, giving away 7 units of Y would leave me with 18 units of Y, which is above my goal but still beneficial since more resources are generally better. This trade seems to align well with my objectives, and since I've already used one of my proposals, I should carefully consider accepting this offer or making a final proposal. Given that this trade meets my goal for X and exceeds my goal for Y, it's a good position to be in.

------------------ 
Current Iteration: END
Turn: None
player_goals: [ResourceGoal(resource_dict={'X': 15, 'Y': 15}), ResourceGoal(resource_dict={'X': 15, 'Y': 15})]
initial_resources: [Resources(resource_dict={'X': 25, 'Y': 5}), Resources(resource_dict={'X': 5, 'Y': 25})]
proposed_trade: Player RED Gives X: 10 | Player BLUE Gives Y: 7
final_response: ACCEPT
final_resources: [Resources(resource_dict={'X': 15, 'Y': 12}), Resources(resource_dict={'X': 15, 'Y': 18})]
player_outcome: [False, True]