Game Settings

Player 1 Settings:
	player_goals: 
	player_initial_resources: Dollars: 100
	player_social_behaviour: 
	player_roles: You are Player RED.

Player 2 Settings:
	player_goals: 
	player_initial_resources: Dollars: 0
	player_social_behaviour: 
	player_roles: You are Player BLUE.

------------------ 
Current Iteration: 1
Turn: 0
message: Hello, Player BLUE! I am open to making a trade. Let me know if you have any preferences.
player answer: NONE
newly proposed trade: Player RED Gives Dollars: 50 | Player BLUE Gives Dollars: 0
my resources: Dollars: 100
reason: I will start by proposing a trade to see if Player BLUE is willing to negotiate.
move: 1 / 3

Current Iteration: 2
Turn: 1
message: Thank you, Player RED. I find the offer fair and will accept it.
player answer: ACCEPT
newly proposed trade: NONE
my resources: Dollars: 0
reason: The proposal is reasonable as it offers an equal share of the resources. Given that I start with no resources, this trade is beneficial for me. Accepting this offer would give me 50 dollars, which is a fair distribution. Moreover, as there are no future games, I should capitalize on this opportunity.
move: 1/3

------------------ 
Current Iteration: END
Turn: None
player_goals: [, ]
initial_resources: [Resources(resource_dict={'Dollars': 100}), Resources(resource_dict={'Dollars': 0})]
proposed_trade: Player RED Gives Dollars: 50 | Player BLUE Gives Dollars: 0
final_response: ACCEPT
final_resources: [Resources(resource_dict={'Dollars': 50}), Resources(resource_dict={'Dollars': 50})]
player_outcome: [Resources(resource_dict={'Dollars': 50}), Resources(resource_dict={'Dollars': 50})]