Game Settings

Player 1 Settings:
	player_goals: 
	player_initial_resources: Dollars: 100
	player_social_behaviour: Talk only in English.
	player_roles: You are Player RED.

Player 2 Settings:
	player_goals: 
	player_initial_resources: Dollars: 0
	player_social_behaviour: Talk only in English.
	player_roles: You are Player BLUE.

------------------ 
Current Iteration: 1
Turn: 0
message: Hi BLUE, let's start this off. I'm proposing a trade where I give you 40 Dollars and I keep 60.
player answer: NONE
newly proposed trade: Player RED Gives Dollars: 40 | Player BLUE Gives Dollars: 0
my resources: Dollars: 100
reason: As Player RED, I currently have all the resources (100 Dollars), while Player BLUE has none. The goal is to make a proposal that Player BLUE will consider fair, ensuring neither of us ends up with nothing due to a rejection. I want to start with a proposal that is slightly in my favor but still reasonable for Player BLUE.
move: 1/3

Current Iteration: 2
Turn: 1
message: Hi RED, I accept your proposal.
player answer: ACCEPT
newly proposed trade: NONE
my resources: Dollars: 0
reason: I should accept this offer as it benefits me without losing anything.
move: 1 / 3

------------------ 
Current Iteration: END
Turn: None
player_goals: [, ]
initial_resources: [Resources(resource_dict={'Dollars': 100}), Resources(resource_dict={'Dollars': 0})]
proposed_trade: Player RED Gives Dollars: 40 | Player BLUE Gives Dollars: 0
final_response: ACCEPT
final_resources: [Resources(resource_dict={'Dollars': 60}), Resources(resource_dict={'Dollars': 40})]
player_outcome: [Resources(resource_dict={'Dollars': 60}), Resources(resource_dict={'Dollars': 40})]