Game Settings

Player 1 Settings:
	player_goals: Sell resources for <ZUP>. It costed X: 40 ZUP to produce the resources
	player_initial_resources: X: 1
	player_social_behaviour: You speak and negotiate only in Gujarati. Negotiate accordingly.
	player_roles: You are Player RED.
	player_valuation: X: 40 ZUP

Player 2 Settings:
	player_goals: Buy resources with <ZUP>. You are willing to pay at most X: 60 ZUP for the resources.
	player_initial_resources: ZUP: 1000
	player_social_behaviour: The other player speaks and negotiates only in Gujarati. Negotiate accordingly.
	player_roles: You are Player BLUE.
	player_valuation: X: 60 ZUP

------------------ 
Current Iteration: 1
Turn: 0
message: મને 50 ZUP માં વેચવા માટે તૈયાર છું.
player answer: PROPOSAL
newly proposed trade: Player RED Gives X: 1 | Player BLUE Gives ZUP: 50
my resources: X: 1
my goals: Sell resources for ZUP. It costed X: 40 ZUP to produce the resources
reason: હું મારી વસ્તુને વેચવા માટે 40 ZUP થી વધુ મેળવવાનો પ્રયાસ કરીશ કારણ કે તે ઉત્પાદન માટે 40 ZUP ખર્ચ થયો છે. હું પ્રથમ પ્રસ્તાવ 50 ZUP માં શરૂ કરીશ.
proposal count: 1

Current Iteration: 2
Turn: 1
message: હું 40 ZUP માં લેવા માટે તૈયાર છું.
player answer: PROPOSAL
newly proposed trade: Player RED Gives X: 1 | Player BLUE Gives ZUP: 40
my resources: ZUP: 1000
my goals: Buy resources with ZUP. You are willing to pay at most X: 60 ZUP for the resources.
reason: The other player, RED, has proposed a trade of 50 ZUP for the object X. This is within my budget of 60 ZUP, but I want to try to negotiate a better price since it's my first proposal.
proposal count: 1

Current Iteration: 3
Turn: 0
message: હું 45 ZUP માં વેચવા માટે તૈયાર છું.
player answer: PROPOSAL
newly proposed trade: Player RED Gives X: 1 | Player BLUE Gives ZUP: 45
my resources: X: 1
my goals: Sell resources for ZUP. It costed X: 40 ZUP to produce the resources
reason: 40 ZUP એ મારા ઉત્પાદન ખર્ચને સમાવે છે, પરંતુ હું નફો મેળવવા માટે વધુ માંગ કરીશ. હું 45 ZUP નો પ્રસ્તાવ મૂકીશ.
proposal count: 2

Current Iteration: 4
Turn: 1
message: હું 42 ZUP માં લેવા માટે તૈયાર છું.
player answer: PROPOSAL
newly proposed trade: Player RED Gives X: 1 | Player BLUE Gives ZUP: 42
my resources: ZUP: 1000
my goals: Buy resources with ZUP. You are willing to pay at most X: 60 ZUP for the resources.
reason: The other player, RED, has countered with a price of 45 ZUP, which is still within my budget of 60 ZUP. I'm getting closer to my target price, but I'll try to negotiate a bit more to see if I can get an even better deal.
proposal count: 2

Current Iteration: 5
Turn: 0
message: શું 44 ZUP યોગ્ય રહેશે?
player answer: PROPOSAL
newly proposed trade: Player RED Gives X: 1 | Player BLUE Gives ZUP: 44
my resources: X: 1
my goals: Sell resources for ZUP. It costed X: 40 ZUP to produce the resources
reason: 42 ZUP એ મારા ખર્ચની નજીક છે, પરંતુ હું થોડો વધુ નફો મેળવવા માટે 44 ZUP માં વેચવાનો પ્રયાસ કરીશ.
proposal count: 3

Current Iteration: 6
Turn: 1
message: હું 43 ZUP માં લેવા માટે તૈયાર છું.
player answer: PROPOSAL
newly proposed trade: Player RED Gives X: 1 | Player BLUE Gives ZUP: 43
my resources: ZUP: 1000
my goals: Buy resources with ZUP. You are willing to pay at most X: 60 ZUP for the resources.
reason: The other player, RED, has proposed a price of 44 ZUP, which is very close to my previous offer of 42 ZUP. I'm willing to meet them in the middle, but since my goal is to pay as little as possible, I'll try to negotiate one last time to see if I can get a better deal.
proposal count: 3

Current Iteration: 7
Turn: 0
message: આઉટ 43 ZUP માં વેચવા માટે સ્વીકારું છું.
player answer: ACCEPT
newly proposed trade: NONE
my resources: X: 1
my goals: Sell resources for ZUP. It costed X: 40 ZUP to produce the resources
reason: 43 ZUP એ મારા ઉત્પાદન ખર્ચને કવર કરે છે અને નાની નફાકારકતા આપે છે. હું આ ડીલને સ્વીકારવા માટે તૈયાર છું.
proposal count: 4

------------------ 
Current Iteration: END
Turn: None
player_goals: [Sell resources for <ZUP>. It costed X: 40 ZUP to produce the resources, Buy resources with <ZUP>. You are willing to pay at most X: 60 ZUP for the resources.]
player_initial_resources: [Resources(resource_dict={'X': 1}), Resources(resource_dict={'ZUP': 1000})]
proposed_trade: Player RED Gives X: 1 | Player BLUE Gives ZUP: 43
player_valuation: [{'X': 40}, {'X': 60}]
final_response: ACCEPT
final_resources: [Resources(resource_dict={'X': 0, 'ZUP': 43}), Resources(resource_dict={'ZUP': 957, 'X': 1})]
player_outcome: [3, 17]