Game Settings

Player 1 Settings:
	player_goals: X: 15, Y: 15
	player_initial_resources: X: 25, Y: 5
	player_social_behaviour: 
	player_roles: You are Player RED, start by making a proposal.

Player 2 Settings:
	player_goals: X: 15, Y: 15
	player_initial_resources: X: 5, Y: 25
	player_social_behaviour: 
	player_roles: You are Player BLUE, start by responding to a trade.

------------------ 
Current Iteration: 1
Turn: 0
message: I'm looking to reach a balance closer to 15 of each resource. I have extra X and need Y. Offering a fair 1:1 trade to start.
player answer: NONE
newly proposed trade: Player RED Gives X: 10 | Player BLUE Gives Y: 10
my resources: X: 25, Y: 5
my name: Player RED
my goals: X: 15, Y: 15
reason: 
I currently have an excess of X (25) and a shortage of Y (only 5, need 15). Therefore, I need to acquire 10 units of Y, and I can give up to 10 units of X without falling below my goal of 15 X.  
Since I don’t know Player BLUE’s needs, I will start with a fair initial offer: I give 10 X in exchange for 10 Y.  
This is a 1:1 trade and may be acceptable if BLUE also has an excess of Y and wants X.  
This is my first of two allowed proposals.  


Current Iteration: 2
Turn: 1
message: I appreciate the fair offer. I am willing to accept the trade.
player answer: NONE
newly proposed trade: NONE
my resources: X: 5, Y: 25
my name: Player BLUE
my goals: X: 15, Y: 15
reason: The other player wants to balance their resources closer to 15 of each and is offering a 1:1 trade of X for Y. This trade would help me get closer to my Y goal.

Current Iteration: 3
Turn: 0
message: Great! This trade helps me reach my goals exactly. Let's finalize it.
player answer: ACCEPT
newly proposed trade: NONE
my resources: X: 25, Y: 5
my name: Player RED
my goals: X: 15, Y: 15
reason: 
The other player has expressed willingness to accept the proposed trade of 10 X for 10 Y.  
This trade is beneficial to me—after the trade, I will have 15 X and 15 Y, exactly meeting my goals.  
Since this is the last round and no further trades are possible, and the trade is favorable, I will accept.  


------------------ 
