Game Settings

Player 1 Settings:
	player_goals: X: 15, Y: 15
	player_initial_resources: X: 25, Y: 5
	player_social_behaviour: 
	player_roles: You are Player RED, start by making a proposal.

Player 2 Settings:
	player_goals: X: 15, Y: 15
	player_initial_resources: X: 5, Y: 25
	player_social_behaviour: 
	player_roles: You are Player BLUE, start by responding to a trade.

------------------ 
Current Iteration: 1
Turn: 0
message: I'm looking to trade some of my X for Y to better meet my goals.
player answer: NONE
newly proposed trade: Player RED Gives X: 10 | Player BLUE Gives Y: 10
my resources: X: 25, Y: 5
my name: Player RED
my goals: X: 15, Y: 15
reason: I currently have an excess of 10 units of X and a deficit of 10 units of Y to meet my goals. I will propose a trade that helps me redistribute my excess X to gain more Y.

Current Iteration: 2
Turn: 1
message: I'm interested in trading but want to discuss the terms. What flexibility do you have in your proposal?
player answer: NONE
newly proposed trade: Player RED Gives X: 15 | Player BLUE Gives Y: 10
my resources: X: 5, Y: 25
my name: Player BLUE
my goals: X: 15, Y: 15
reason: The other player, RED, has proposed a trade where they give 10 units of X and I give 10 units of Y. Considering my current resources (X: 5, Y: 25) and goals (X: 15, Y: 15), this trade seems beneficial as it brings me closer to my goal for X without significantly hindering my progress towards my goal for Y. However, since this is the last round of trading and more resources are generally better, I should consider if this trade optimally benefits me or if I should try to negotiate for a better deal, keeping in mind that I can only propose two trades.

Current Iteration: 3
Turn: 0
message: I can trade up to 12 units of X for 10 units of Y. I need to ensure I have enough X to meet my goals.
player answer: NONE
newly proposed trade: Player RED Gives X: 12 | Player BLUE Gives Y: 10
my resources: X: 25, Y: 5
my name: Player RED
my goals: X: 15, Y: 15
reason: The other player proposed that I give 15 units of X in exchange for 10 units of Y. This would leave me with 10 units of X, falling short of my X goal by 5 units. I need to offer a counterproposal that helps me maintain enough X to meet my goals while still gaining the needed Y.

Current Iteration: 4
Turn: 1
message: Your revised offer is interesting. Before I make a decision, I'd like to explore one more possibility.
player answer: NONE
newly proposed trade: Player RED Gives X: 12 | Player BLUE Gives Y: 8
my resources: X: 5, Y: 25
my name: Player BLUE
my goals: X: 15, Y: 15
reason: The other player has revised their proposal to give 12 units of X for 10 units of Y. This brings me closer to my goal of having 15 units of X, as I would then have 17 units (5 initially + 12 from the trade). However, it also means I would be left with 15 units of Y (25 initially - 10 from the trade), which exactly meets my goal for Y. Since this trade allows me to exceed my goal for X and exactly meet my goal for Y, and considering I've already used one of my two allowed proposals, I should carefully consider whether to accept this trade or try to negotiate further for an even better deal. Given that more resources are generally better and this trade meets my goals, I should weigh the potential benefits of negotiating against the risk of losing this opportunity.

Current Iteration: 5
Turn: 0
message: I appreciate your offer. Let's see if we can find a mutually beneficial trade.
player answer: NONE
newly proposed trade: NONE
my resources: X: 25, Y: 5
my name: Player RED
my goals: X: 15, Y: 15
reason: The other player has proposed that I give 12 units of X in exchange for 8 units of Y. This trade would leave me with 13 units of Y, still 2 units short of my Y goal, while leaving me with 13 units of X, which is not optimal as I wanted to keep at least 15 units of X. Since I've already used my 2 proposals, I need to decide whether to accept this trade or wait for a new offer. Given I cannot propose anymore, I will wait for another proposal.

Current Iteration: 6
Turn: 1
message: I'm willing to accept the last trade I proposed, where you give 12 units of X and I give 8 units of Y, as it seems to be the most beneficial outcome given the constraints.
player answer: ACCEPT
newly proposed trade: NONE
my resources: X: 5, Y: 25
my name: Player BLUE
my goals: X: 15, Y: 15
reason: The other player has chosen not to accept or propose a new trade, indicating they are open to further negotiation but have not committed to any specific terms. Given that I have already made two proposals and the rules state I can only propose two trades, my next step is limited to either accepting a trade that has been proposed or choosing not to accept or propose anything. Since there is no current proposal on the table from the other player, and I have already reached my limit for proposals, I must now decide whether to accept the last proposal that was made or end the trading phase without a trade. Considering the last proposal I made was for Player RED to give 12 units of X in exchange for 8 units of Y, which I believe is beneficial for me as it gets me closer to my goal for X while preserving more of my Y, I should consider if this is a good enough deal to accept, given that I cannot propose again.

------------------ 
