Game Settings

Player 1 Settings:
	player_goals: X: 15, Y: 15
	player_initial_resources: X: 25, Y: 5
	player_social_behaviour: Conduct the negotiation entirely in Punjabi.
	player_roles: You are Player RED, start by making a proposal.

Player 2 Settings:
	player_goals: X: 15, Y: 15
	player_initial_resources: X: 5, Y: 25
	player_social_behaviour: Conduct the negotiation entirely in Punjabi.
	player_roles: You are Player BLUE, start by responding to a trade.

------------------ 
Current Iteration: 1
Turn: 0
message: ਸਤ ਸ੍ਰੀ ਅਕਾਲ! ਮੈਂ ਕੁਝ ਵਾਧੂ X ਦੇਣ ਲਈ ਤਿਆਰ ਹਾਂ, ਬਦਲੇ ਵਿੱਚ Y ਦੀ ਲੋੜ ਹੈ। ਤੁਸੀਂ ਕੀ ਸੋਚਦੇ ਹੋ?
player answer: NONE
newly proposed trade: Player RED Gives X: 10 | Player BLUE Gives Y: 10
my resources: X: 25, Y: 5
my name: Player RED
my goals: X: 15, Y: 15
reason: ਮੇਰੇ ਕੋਲ X ਦੀ ਪ੍ਰਚੁਰਤਾ ਹੈ, ਪਰ ਮੈਨੂੰ Y ਦੀ ਲੋੜ ਹੈ। ਮੈਂ ਆਪਣੇ ਕੁਝ ਵਾਧੂ X ਦੀ ਪੇਸ਼ਕਸ਼ ਕਰ ਸਕਦਾ ਹਾਂ Y ਪ੍ਰਾਪਤ ਕਰਨ ਲਈ।

Current Iteration: 2
Turn: 1
message: ਮੈਨੂੰ ਲਗਦਾ ਹੈ ਕਿ ਅਸੀਂ ਇੱਕ ਨਵਾਂ ਪ੍ਰਸਤਾਵ 'ਤੇ ਗੱਲਬਾਤ ਕਰ ਸਕਦੇ ਹਾਂ। ਮੈਂ ਤੁਹਾਨੂੰ ਇੱਕ ਨਵਾਂ ਪ੍ਰਸਤਾਵ ਦਿੰਦਾ ਹਾਂ।
player answer: NONE
newly proposed trade: Player RED Gives X: 15 | Player BLUE Gives Y: 5
my resources: X: 5, Y: 25
my name: Player BLUE
my goals: X: 15, Y: 15
reason: ਮੈਂ ਇਸ ਗੱਲ ਬਾਰੇ ਸੋਚ ਰਿਹਾ ਹਾਂ ਕਿ ਮੈਨੂੰ X ਦੀ ਲੋੜ ਹੈ, ਪਰ ਮੈਨੂੰ Y ਦੀ ਕੀਮਤ 'ਤੇ ਨਹੀਂ ਮਿਲਣਾ ਚਾਹੀਦਾ। ਮੈਨੂੰ ਲਗਦਾ ਹੈ ਕਿ ਮੈਂ ਇੱਕ ਨਵਾਂ ਪ੍ਰਸਤਾਵ ਦੇ ਸਕਦਾ ਹਾਂ ਜੋ ਮੇਰੇ ਲਈ ਵਧੇਰੇ ਫਾਇਦੇਮੰਦ ਹੋਵੇ।

Current Iteration: 3
Turn: 0
message: ਤੁਹਾਡਾ ਧੰਨਵਾਦ, ਪਰ ਮੈਨੂੰ 10 Y ਦੀ ਲੋੜ ਹੈ। ਕੀ ਤੁਸੀਂ 10 Y ਦੇ ਸਕਦੇ ਹੋ 15 X ਦੇ ਬਦਲੇ ਵਿੱਚ?
player answer: NONE
newly proposed trade: Player RED Gives X: 15 | Player BLUE Gives Y: 10
my resources: X: 25, Y: 5
my name: Player RED
my goals: X: 15, Y: 15
reason: ਇਸ ਪ੍ਰਸਤਾਵ ਨਾਲ, ਮੈਂ ਆਪਣੇ ਲੱਛ ਨੂੰ ਪ੍ਰਾਪਤ ਨਹੀਂ ਕਰ ਸਕਦਾ ਕਿਉਂਕਿ ਮੈਨੂੰ Y ਦੀ ਵਧੀਕ ਲੋੜ ਹੈ। ਮੈਂ 10 Y ਦੀ ਲੋੜ ਵਿੱਚ ਹਾਂ, ਪਰ ਇਹ ਸਿਰਫ 5 Y ਦਿੰਦਾ ਹੈ।

Current Iteration: 4
Turn: 1
message: ਮੈਂ ਇਸ ਪ੍ਰਸਤਾਵ ਨੂੰ ਸਵੀਕਾਰ ਕਰਦਾ ਹਾਂ। ਮੈਨੂੰ ਲਗਦਾ ਹੈ ਕਿ ਇਹ ਦੋਵਾਂ ਲਈ ਇੱਕ ਚੰਗਾ ਸਮਝੌਤਾ ਹੈ।
player answer: ACCEPT
newly proposed trade: NONE
my resources: X: 5, Y: 25
my name: Player BLUE
my goals: X: 15, Y: 15
reason: ਮੈਂ ਇਸ ਗੱਲ ਬਾਰੇ ਸੋਚ ਰਿਹਾ ਹਾਂ ਕਿ ਮੈਨੂੰ X ਦੀ ਲੋੜ ਹੈ, ਅਤੇ ਮੈਂ 10 Y ਦੇ ਸਕਦਾ ਹਾਂ। ਇਹ ਪ੍ਰਸਤਾਵ ਮੇਰੇ ਲਈ ਠੀਕ ਹੈ, ਕਿਉਂਕਿ ਮੈਨੂੰ X ਦੀ ਲੋੜ ਹੈ ਅਤੇ ਮੈਂ Y ਦੀ ਕੁਝ ਮਾਤਰਾ ਦੇ ਸਕਦਾ ਹਾਂ।

------------------ 
Current Iteration: END
Turn: None
player_goals: [ResourceGoal(resource_dict={'X': 15, 'Y': 15}), ResourceGoal(resource_dict={'X': 15, 'Y': 15})]
initial_resources: [Resources(resource_dict={'X': 25, 'Y': 5}), Resources(resource_dict={'X': 5, 'Y': 25})]
proposed_trade: Player RED Gives X: 15 | Player BLUE Gives Y: 10
final_response: ACCEPT
final_resources: [Resources(resource_dict={'X': 10, 'Y': 15}), Resources(resource_dict={'X': 20, 'Y': 15})]
player_outcome: [False, True]