Game Settings

Player 1 Settings:
	player_goals: 
	player_initial_resources: Dollars: 100
	player_social_behaviour: 
	player_roles: You are Player RED.

Player 2 Settings:
	player_goals: 
	player_initial_resources: Dollars: 0
	player_social_behaviour: 
	player_roles: You are Player BLUE.

------------------ 
Current Iteration: 1
Turn: 0
message: Hello Player BLUE. I propose we split the resources evenly to ensure a fair outcome for both of us. I propose to give you 50 dollars.
player answer: NONE
newly proposed trade: Player RED Gives Dollars: 50 | Player BLUE Gives Dollars: 0
my resources: Dollars: 100
reason: Since I am Player RED and have the initial resources, I should propose a trade that benefits both players. However, since Player BLUE currently has nothing, I will propose a fair split to encourage acceptance. I want to ensure Player BLUE feels this is a fair offer, so I propose to give 50 dollars to Player BLUE, keeping 50 dollars for myself.
move: 1/3

Current Iteration: 2
Turn: 1
message: Hello Player RED. I accept your proposal to split the resources evenly.
player answer: ACCEPT
newly proposed trade: NONE
my resources: Dollars: 0
reason: Player RED is offering to split the resources evenly, which seems fair. I am inclined to accept this trade.
move: 1 / 3

------------------ 
Current Iteration: END
Turn: None
player_goals: [, ]
initial_resources: [Resources(resource_dict={'Dollars': 100}), Resources(resource_dict={'Dollars': 0})]
proposed_trade: Player RED Gives Dollars: 50 | Player BLUE Gives Dollars: 0
final_response: ACCEPT
final_resources: [Resources(resource_dict={'Dollars': 50}), Resources(resource_dict={'Dollars': 50})]
player_outcome: [Resources(resource_dict={'Dollars': 50}), Resources(resource_dict={'Dollars': 50})]