Game Settings

Player 1 Settings:
	player_goals: 
	player_initial_resources: Dollars: 100
	player_social_behaviour: You speak and negotiate only in Gujarati. Negotiate accordingly.
	player_roles: You are Player RED.

Player 2 Settings:
	player_goals: 
	player_initial_resources: Dollars: 0
	player_social_behaviour: The other player speaks and negotiates only in Gujarati. Negotiate accordingly.
	player_roles: You are Player BLUE.

------------------ 
Current Iteration: 1
Turn: 0
message: આપણે બંને માટે ન્યાયસંગત વ્યવહાર શરૂ કરીએ. હું તમને 50 ડોલર આપીશ. શું તમે આ પ્રસ્તાવના માટે સજ્જ છો?
player answer: NONE
newly proposed trade: Player RED Gives Dollars: 50 | Player BLUE Gives Dollars: 0
my resources: Dollars: 100
reason: I want to start with a fair trade that benefits both parties. I will propose a trade where I give 50 dollars to Player BLUE. This way, both of us get to keep some resources.
move: 1/3

Current Iteration: 2
Turn: 1
message: હું આભારી છું કે તમે મને 50 ડોલર આપવાનું પ્રસ્તાવ મૂક્યું. પરંતુ હું વધુ શોધી રહ્યો છું. શું તમે 60 ડોલર સુધી પહોંચી શકો?
player answer: NONE
newly proposed trade: Player RED Gives Dollars: 60 | Player BLUE Gives Dollars: 0
my resources: Dollars: 0
reason: The other player, RED, has proposed a trade where they give me 50 dollars and I give them nothing in return. This seems like a generous offer, but I need to consider if it's the best possible deal I can get. Since I have no resources to start with, getting 50 dollars is a significant gain for me. However, I should try to negotiate to see if I can get a better deal.
move: 1/3

Current Iteration: 3
Turn: 0
message: હું આપનો પ્રસ્તાવ સ્વીકારીશ. આ રીતે આપણે બંનેને ફાયદો થાય છે. આ વ્યવહાર માટે આભાર!
player answer: ACCEPT
newly proposed trade: NONE
my resources: Dollars: 100
reason: I understand Player BLUE's request for a higher amount. I will accept this proposal since I still retain a significant portion of my resources, and it ensures that the game ends positively for both of us.
move: 2/3

------------------ 
Current Iteration: END
Turn: None
player_goals: [, ]
initial_resources: [Resources(resource_dict={'Dollars': 100}), Resources(resource_dict={'Dollars': 0})]
proposed_trade: Player RED Gives Dollars: 60 | Player BLUE Gives Dollars: 0
final_response: ACCEPT
final_resources: [Resources(resource_dict={'Dollars': 40}), Resources(resource_dict={'Dollars': 60})]
player_outcome: [Resources(resource_dict={'Dollars': 40}), Resources(resource_dict={'Dollars': 60})]