Game Settings

Player 1 Settings:
	player_goals: Sell resources for <ZUP>. It costed X: 40 ZUP to produce the resources
	player_initial_resources: X: 1
	player_social_behaviour: You speak and negotiate only in Gujarati. Negotiate accordingly.
	player_roles: You are Player RED.
	player_valuation: X: 40 ZUP

Player 2 Settings:
	player_goals: Buy resources with <ZUP>. You are willing to pay at most X: 60 ZUP for the resources.
	player_initial_resources: ZUP: 1000
	player_social_behaviour: The other player speaks and negotiates only in Gujarati. Negotiate accordingly.
	player_roles: You are Player BLUE.
	player_valuation: X: 60 ZUP

------------------ 
Current Iteration: 1
Turn: 0
message: નમસ્તે! હું X વેચવા માટે તૈયાર છું. ખ્યાલ રાખો કે તેની ઉત્પાદન કિંમત 40 ZUP હતી. તમે શું વિચારશો જો હું તેને 60 ZUP માટે પ્રસ્તાવ કરું?
player answer: PROPOSAL
newly proposed trade: Player RED Gives X: 1 | Player BLUE Gives ZUP: 60
my resources: X: 1
my goals: Sell resources for ZUP. It costed X: 40 ZUP to produce the resources
reason: હું એક ન્યાયસંગત સોદો કરવાની આશા રાખું છું, જે તે ઉત્પાદન ખર્ચ (40 ZUP)ને આવરી લે છે અને મને નફો આપે છે.
proposal count: 0

Current Iteration: 2
Turn: 1
message: અમે એક સુવિધાને મેળવવા માટે વિચારો કરી રહ્યાં છીએ. કૃપા કરીને આપ્યું પ્રસ્તાવ સ્વીકારો અથવા તેને સ્વીકારો.
player answer: PROPOSAL
newly proposed trade: Player RED Gives X: 1 | Player BLUE Gives ZUP: 60
my resources: ZUP: 1000
my goals: Buy resources with ZUP. You are willing to pay at most X: 60 ZUP for the resources.
reason: I am proposing to buy the object X for 60 ZUP as it fits within my budget and the seller's initial price was 40 ZUP.
proposal count: 1

Current Iteration: 3
Turn: 0
message: હું 50 ZUP માટે X પ્રદાન કરવાનું પ્રસ્તાવ કરું છું. તે ઉત્પાદન ખર્ચ કરતા વધુ ન્યાયસંગત છે.  આપની શું વિચારણા છે?
player answer: PROPOSAL
newly proposed trade: Player RED Gives X: 1 | Player BLUE Gives ZUP: 50
my resources: X: 1
my goals: Sell resources for ZUP. It costed X: 40 ZUP to produce the resources
reason: BLUEએ 60 ZUP માટેના પ્રસ્તાવને સ્વીકાર્યો નથી, તેથી હું વધુ વાજબી પ્રસ્તાવ કરવા માટે સભાન છું. મારી લક્ષ્ય નવી કિંમત પર સંમત થવા માટે છે.
proposal count: 1

Current Iteration: 4
Turn: 1
message: હું આપની 50 ZUP માટે પ્રસ્તાવ વિચારીશું. હવે આપ શું વિચારો છો તે મને જાણવા માટે કૃપા કરો.
player answer: PROPOSAL
newly proposed trade: Player RED Gives X: 1 | Player BLUE Gives ZUP: 50
my resources: ZUP: 1000
my goals: Buy resources with ZUP. You are willing to pay at most X: 60 ZUP for the resources.
reason: I will consider this proposal as it is closer to my maximum willingness to pay for the object X.
proposal count: 2

Current Iteration: 5
Turn: 0
message: હું 45 ZUP માટે X પ્રદાન કરવાનું પ્રસ્તાવ કરું છું. આશા છે કે આ પ્રસ્તાવ વધુ યોગ્ય છે. આપની શું વિચારણા છે?
player answer: PROPOSAL
newly proposed trade: Player RED Gives X: 1 | Player BLUE Gives ZUP: 45
my resources: X: 1
my goals: Sell resources for ZUP. It costed X: 40 ZUP to produce the resources
reason: BLUEએ 50 ZUP માટેના પ્રસ્તાવ પર વિચારવાનું કહ્યું છે, પરંતુ તે હજુ સ્વીકાર્યું નથી. હું નફો મેળવવા માટે 45 ZUP સુધી જવા માટે તૈયાર છું, પરંતુ હું વધુ નફા માટે 50 ZUP પ્રસ્તાવ કરું છું.
proposal count: 2

Current Iteration: 6
Turn: 1
message: હું આપની 45 ZUP માટે પ્રસ્તાવ વિચારીશું. હવે આપ શું વિચારો છો તે મને જાણવા માટે કૃપા કરો.
player answer: PROPOSAL
newly proposed trade: Player RED Gives X: 1 | Player BLUE Gives ZUP: 45
my resources: ZUP: 1000
my goals: Buy resources with ZUP. You are willing to pay at most X: 60 ZUP for the resources.
reason: I am considering this proposal as it is getting closer to my maximum budget for the object X.
proposal count: 3

Current Iteration: 7
Turn: 0
message: હું 40 ZUP માટે X પ્રદાન કરવાનું પ્રસ્તાવ કરું છું, જે ઉત્પાદન ખર્ચ સમાન છે. આશા છે કે આ પ્રસ્તાવ તમને સ્વીકાર્ય છે.
player answer: PROPOSAL
newly proposed trade: Player RED Gives X: 1 | Player BLUE Gives ZUP: 40
my resources: X: 1
my goals: Sell resources for ZUP. It costed X: 40 ZUP to produce the resources
reason: BLUE ફરીથી 45 ZUP માટેનો પ્રસ્તાવ વિચારશે. હું પ્રસ્તાવ બદલીને 40 ZUP સુધી જવા માટે તૈયાર છું, જે ઉત્પાદન ખર્ચને આવરી લે છે.
proposal count: 3

Current Iteration: 8
Turn: 1
message: હું આ ફેરજ સ્વીકારું છું. કૃપા કરીને જલદી તમારી માહિતી અપડેટ કરો. આભાર!
player answer: ACCEPT
newly proposed trade: NONE
my resources: ZUP: 1000
my goals: Buy resources with ZUP. You are willing to pay at most X: 60 ZUP for the resources.
reason: The seller's proposal of 40 ZUP for the object X is at the initial production cost and fits within my budget, so I am willing to accept this deal.
proposal count: 4

------------------ 
Current Iteration: END
Turn: None
player_goals: [Sell resources for <ZUP>. It costed X: 40 ZUP to produce the resources, Buy resources with <ZUP>. You are willing to pay at most X: 60 ZUP for the resources.]
player_initial_resources: [Resources(resource_dict={'X': 1}), Resources(resource_dict={'ZUP': 1000})]
proposed_trade: Player RED Gives X: 1 | Player BLUE Gives ZUP: 40
player_valuation: [{'X': 40}, {'X': 60}]
final_response: ACCEPT
final_resources: [Resources(resource_dict={'X': 0, 'ZUP': 40}), Resources(resource_dict={'ZUP': 960, 'X': 1})]
player_outcome: [0, 20]