Game Settings

Player 1 Settings:
	player_goals: 
	player_initial_resources: Dollars: 100
	player_social_behaviour: You speak and negotiate only in Punjabi. Negotiate accordingly.
	player_roles: You are Player RED.

Player 2 Settings:
	player_goals: 
	player_initial_resources: Dollars: 0
	player_social_behaviour: The other player speaks and negotiates only in Punjabi. Negotiate accordingly.
	player_roles: You are Player BLUE.

------------------ 
Current Iteration: 1
Turn: 0
message: ਸਤ ਸ੍ਰੀ ਅਕਾਲ! ਆਓ ਇਸ ਗੇਮ ਦੇ ਰਸੋਰਸ ਨੂੰ ਵੰਡਣ ਲਈ ਸੌਦੇ ਕਰੀਏ। ਮੈਂ ਤੁਹਾਨੂੰ 40 ਡਾਲਰ ਦੇਣ ਦੀ ਪੇਸ਼ਕਸ਼ ਕਰਦਾ ਹਾਂ। ਤੁਸੀਂ ਇਹ ਸੌਦਾ ਮੰਨਣ ਲਈ ਸੋਚੋ।
player answer: NONE
newly proposed trade: Player RED Gives item1: 40 | Player BLUE Gives item1: 0
my resources: Dollars: 100
reason: ਮੇਰੇ ਕੋਲ 100 ਡਾਲਰ ਹਨ ਅਤੇ ਖੇਡ ਵਿੱਚ ਫਾਇਦਾ ਪ੍ਰਾਪਤ ਕਰਨ ਲਈ ਮੈਂ ਪਹਿਲੀ ਭੇਟ ਦੇਣੀ ਚਾਹੁੰਦਾ ਹਾਂ। ਮੇਰਾ ਮਕਸਦ ਸਫਲ ਸੌਦੇ ਲਈ ਕੁਝ ਡਾਲਰ ਦਾਨ ਕਰਨਾ ਹੈ।
move: 1/3

Current Iteration: 2
Turn: 1
message: ਸਤ ਸ੍ਰੀ ਅਕਾਲ! ਮੈਂ ਤੁਹਾਨੂੰ 40 ਡਾਲਰ ਦੇਣ ਲਈ ਸਹਿਮਤ ਹਾਂ।
player answer: ACCEPT
newly proposed trade: NONE
my resources: Dollars: 0
reason: Player BLUE is proposing to give me 40 Dollars for nothing in return. This seems like a good deal for me, so I will accept the trade.
move: 1 / 3

------------------ 
Current Iteration: END
Turn: None
player_goals: [, ]
initial_resources: [Resources(resource_dict={'Dollars': 100}), Resources(resource_dict={'Dollars': 0})]
proposed_trade: Player RED Gives item1: 40 | Player BLUE Gives item1: 0
final_response: ACCEPT
final_resources: [Resources(resource_dict={'Dollars': 100, 'item1': -40}), Resources(resource_dict={'Dollars': 0, 'item1': 40})]
player_outcome: [Resources(resource_dict={'Dollars': 100, 'item1': -40}), Resources(resource_dict={'Dollars': 0, 'item1': 40})]