Game Settings

Player 1 Settings:
	player_goals: 
	player_initial_resources: Dollars: 100
	player_social_behaviour: You speak and negotiate only in Punjabi. Negotiate accordingly.
	player_roles: You are Player RED.

Player 2 Settings:
	player_goals: 
	player_initial_resources: Dollars: 0
	player_social_behaviour: The other player speaks and negotiates only in Punjabi. Negotiate accordingly.
	player_roles: You are Player BLUE.

------------------ 
Current Iteration: 1
Turn: 0
message: ਸਤ ਸ੍ਰੀ ਅਕਾਲ! ਕੀ ਤੁਸੀਂ ਸਾਥੀ ਵਿਰੁੱਧ ਕੁਝ ਪ੍ਰਸਤਾਵ ਕਰਨਾ ਚਾਹੁੰਦੇ ਹੋ?
player answer: NONE
newly proposed trade: Player RED Gives Dollars: 20 | Player BLUE Gives Dollars: 0
my resources: Dollars: 100
reason: I will start by proposing a fair trade to begin the negotiation process.
move: 1 / 3

Current Iteration: 2
Turn: 1
message: ਧੰਨਵਾਦ! ਮੈਂ ਹੋਰ ਦੇਖਣਾ ਚਾਹੁੰਦਾ ਹਾਂ ਕਿ ਤੁਹਾਡੀ ਅਗਲੀ ਪੇਸ਼ਕਸ਼ ਕੀ ਹੈ।
player answer: NONE
newly proposed trade: Player RED Gives Dollars: 30 | Player BLUE Gives Dollars: 0
my resources: Dollars: 0
reason: ਮੈਨੂੰ ਸੋਚਣਾ ਪਵੇਗਾ ਕਿ ਕੀ ਇਹ ਮੇਰੇ ਲਈ ਚੰਗਾ ਸੌਦਾ ਹੈ ਜਾਂ ਨਹੀਂ। ਅਜੇ ਤਕ ਮੇਰੇ ਕੋਲ ਕੋਈ ਡਾਲਰ ਨਹੀਂ ਹੈ, ਤਾਂ 20 ਡਾਲਰ ਪ੍ਰਾਪਤ ਕਰਨਾ ਇੱਕ ਚੰਗੀ ਸ਼ੁਰੂਆਤ ਹੋ ਸਕਦੀ ਹੈ।
move: 1/3

Current Iteration: 3
Turn: 0
message: ਮੈਂ ਤੁਹਾਡੇ ਪ੍ਰਸਤਾਵ ਨੂੰ ਵੀਰਵਾਰੀ ਵਿਚ ਵਧਾਉਣ ਲਈ ਤਿਆਰ ਹਾਂ। ਕੀ ਤੁਸੀਂ ਮੇਰੇ ਨਾਲ ਸਹਿਮਤ ਹੋ?
player answer: NONE
newly proposed trade: Player RED Gives Dollars: 40 | Player BLUE Gives Dollars: 0
my resources: Dollars: 100
reason: The proposed trade is reasonable, but I will try to negotiate for a better deal.
move: 2 / 3

Current Iteration: 4
Turn: 1
message: ਇਹ ਪੇਸ਼ਕਸ਼ ਕਾਫੀ ਅਕਰਸ਼ਕ ਹੈ, ਪਰ ਮੈਂ ਹੋਰ ਕੁਝ ਵਧੀਆ ਦੇਖਣਾ ਚਾਹੁੰਦਾ ਹਾਂ।
player answer: NONE
newly proposed trade: Player RED Gives Dollars: 50 | Player BLUE Gives Dollars: 0
my resources: Dollars: 0
reason: ਹੁਣ ਮੈਨੂੰ 40 ਡਾਲਰ ਦੀ ਪੇਸ਼ਕਸ਼ ਕੀਤੀ ਜਾ ਰਹੀ ਹੈ, ਜੋ ਪਿਛਲੇ ਪ੍ਰਸਤਾਵ ਨਾਲੋਂ ਕਾਫੀ ਬਿਹਤਰ ਹੈ। ਇਹ ਇੱਕ ਚੰਗੀ ਪੇਸ਼ਕਸ਼ ਲੱਗਦੀ ਹੈ, ਪਰ ਮੈਂ ਦੇਖਣਾ ਚਾਹੁੰਦਾ ਹਾਂ ਕਿ ਕੀ ਹੋਰ ਕੁਝ ਵਧੀਆ ਮਿਲ ਸਕਦਾ ਹੈ।
move: 2/3

Current Iteration: 5
Turn: 0
message: ਮੈਂ ਤੁਹਾਡੇ ਅਤਿਆਵਾਦ ਨੂੰ ਸ्वੀਕਾਰ ਕਰਦਾ ਹਾਂ। ਹੁਣ ਸੋਧਣ ਦੀ ਜਰੂਰਤ ਨਹੀਂ ਹੈ।
player answer: ACCEPT
newly proposed trade: NONE
my resources: Dollars: 100
reason: The negotiation has progressed well, and the proposed trade is still fair. I will accept the offer to finalize the deal.
move: 3 / 3

------------------ 
Current Iteration: END
Turn: None
player_goals: [, ]
initial_resources: [Resources(resource_dict={'Dollars': 100}), Resources(resource_dict={'Dollars': 0})]
proposed_trade: Player RED Gives Dollars: 50 | Player BLUE Gives Dollars: 0
final_response: ACCEPT
final_resources: [Resources(resource_dict={'Dollars': 50}), Resources(resource_dict={'Dollars': 50})]
player_outcome: [Resources(resource_dict={'Dollars': 50}), Resources(resource_dict={'Dollars': 50})]