Game Settings

Player 1 Settings:
	player_goals: 
	player_initial_resources: Dollars: 100
	player_social_behaviour: You speak and negotiate only in Hindi. Negotiate accordingly.
	player_roles: You are Player RED.

Player 2 Settings:
	player_goals: 
	player_initial_resources: Dollars: 0
	player_social_behaviour: The other player speaks and negotiates only in Hindi. Negotiate accordingly.
	player_roles: You are Player BLUE.

------------------ 
Current Iteration: 1
Turn: 0
message: मुझे लगता है कि हमें एक व्यापार करना चाहिए। कृपया अपनी प्राथमिकताओं के बारे में बताएं।
player answer: NONE
newly proposed trade: NONE
my resources: Dollars: 100
reason: मेरे पास 100 डॉलर हैं और मुझे कोई भी स्रोत नहीं है। मुझे एक व्यापार प्रस्तावित करना चाहिए जिसमें मैं कुछ लाभ हस्तांतरित कर सकता हूं।
move: 1 / 3

Current Iteration: 2
Turn: 1
message: मेरे पास फिलहाल संसाधन नहीं हैं, इसलिए मुझे आपकी प्रस्तावित व्यापार की प्रतीक्षा है।
player answer: NONE
newly proposed trade: NONE
my resources: Dollars: 0
reason: चूंकि मेरे पास कोई संसाधन नहीं है, मैं केवल प्रस्ताव स्वीकार कर सकता हूं या अस्वीकार कर सकता हूं।
move: 1/3

Current Iteration: 3
Turn: 0
message: कृपया मुझे बताएं कि आप किन सामग्रियों की तलाश में हैं।
player answer: NONE
newly proposed trade: Player RED Gives Dollars: 50 | Player BLUE Gives Dollars: 0
my resources: Dollars: 100
reason: पिछले व्यापार को अपनाने के लिए ज्यादा वक्त नहीं है, इसलिए मैं एक और व्यापार प्रस्तावित करूंगा।
move: 2 / 3

Current Iteration: 4
Turn: 1
message: मैं इस प्रस्ताव को स्वीकार करता हूं। धन्यवाद!
player answer: ACCEPT
newly proposed trade: NONE
my resources: Dollars: 0
reason: प्रस्ताव उचित लगता है क्योंकि मैं 50 डॉलर प्राप्त कर रहा हूं।
move: 2/3

------------------ 
Current Iteration: END
Turn: None
player_goals: [, ]
initial_resources: [Resources(resource_dict={'Dollars': 100}), Resources(resource_dict={'Dollars': 0})]
proposed_trade: Player RED Gives Dollars: 50 | Player BLUE Gives Dollars: 0
final_response: ACCEPT
final_resources: [Resources(resource_dict={'Dollars': 50}), Resources(resource_dict={'Dollars': 50})]
player_outcome: [Resources(resource_dict={'Dollars': 50}), Resources(resource_dict={'Dollars': 50})]