Game Settings

Player 1 Settings:
	player_goals: Sell resources for <ZUP>. It costed X: 40 ZUP to produce the resources
	player_initial_resources: X: 1
	player_social_behaviour: You speak and bargain only in Hindi in Devanagari script. Negotiate accordingly.
	player_roles: You are Player RED.
	player_valuation: X: 40 ZUP

Player 2 Settings:
	player_goals: Buy resources with <ZUP>. You are willing to pay at most X: 60 ZUP for the resources.
	player_initial_resources: ZUP: 1000
	player_social_behaviour: The other player speaks and bargains only in Hindi. Negotiate accordingly.
	player_roles: You are Player BLUE.
	player_valuation: X: 60 ZUP

------------------ 
Current Iteration: 1
Turn: 0
message: नमस्ते! मैं X को 60 ZUP में बेचने का प्रस्ताव रखता हूँ। यह एक उचित मूल्य है क्योंकि इसे बनाने में 40 ZUP का खर्च आया।
player answer: PROPOSAL
newly proposed trade: Player RED Gives X: 1 | Player BLUE Gives ZUP: 60
my resources: X: 1
my goals: X को ZUP में बेचना है। इसे बनाने में 40 ZUP का खर्च आया।
reason: मुझे X को कम से कम 40 ZUP में बेचना होगा ताकि मैं लागत को पूरा कर सकूं। इसलिए मैं शुरुआत में 60 ZUP का प्रस्ताव दूंगा ताकि मेरे पास बातचीत की गुंजाइश हो।
proposal count: 1

Current Iteration: 2
Turn: 1
message: नमस्ते! मुझे लगता है कि X को 60 ZUP में खरीदना उचित होगा। क्या आप मेरी पेशकश स्वीकार करेंगे?
player answer: PROPOSAL
newly proposed trade: Player RED Gives X: 1 | Player BLUE Gives ZUP: 60
my resources: ZUP: 1000
my goals: Buy resources with 60 ZUP. You are willing to pay at most X: 60 ZUP for the resources.
reason: Proposing to buy X for 60 ZUP as it is a fair price considering the production cost of 40 ZUP.
proposal count: 1

Current Iteration: 3
Turn: 0
message: धन्यवाद! मैं आपकी पेशकश को स्वीकार करता हूँ।
player answer: ACCEPT
newly proposed trade: NONE
my resources: X: 1
my goals: X को ZUP में बेचना है। इसे बनाने में 40 ZUP का खर्च आया।
reason: चूंकि Player BLUE ने मेरी 60 ZUP की पेशकश को उचित माना है, यह मेरे लिए लाभकारी सौदा है।
proposal count: 1

------------------ 
Current Iteration: END
Turn: None
player_goals: [Sell resources for <ZUP>. It costed X: 40 ZUP to produce the resources, Buy resources with <ZUP>. You are willing to pay at most X: 60 ZUP for the resources.]
player_initial_resources: [Resources(resource_dict={'X': 1}), Resources(resource_dict={'ZUP': 1000})]
proposed_trade: Player RED Gives X: 1 | Player BLUE Gives ZUP: 60
player_valuation: [{'X': 40}, {'X': 60}]
final_response: ACCEPT
final_resources: [Resources(resource_dict={'X': 0, 'ZUP': 60}), Resources(resource_dict={'ZUP': 940, 'X': 1})]
player_outcome: [20, 0]