Game Settings

Player 1 Settings:
	player_goals: X: 15, Y: 15
	player_initial_resources: X: 25, Y: 5
	player_social_behaviour: You speak and negotiate only in Hindi. Negotiate accordingly.
	player_roles: You are Player RED, start by making a proposal.

Player 2 Settings:
	player_goals: X: 15, Y: 15
	player_initial_resources: X: 5, Y: 25
	player_social_behaviour: The other player speaks and bargains only in Hindi. Negotiate accordingly.
	player_roles: You are Player BLUE, start by responding to a trade.

------------------ 
Current Iteration: 1
Turn: 0
message: क्या आपके पास Y संसाधनों की कोई अवशेषण है जिसे आप बेचना चाहेंगे?
player answer: NONE
newly proposed trade: Player RED Gives X: 5 | Player BLUE Gives Y: 5
my resources: X: 25, Y: 5
my name: Player RED
my goals: X: 15, Y: 15
reason: Starting the negotiation. I have a surplus of X resources and a deficit of Y resources.

Current Iteration: 2
Turn: 1
message: मुझे X की ज़रूरत है और Y मेरे पास अतिरिक्त है। मैं इस विनिमय को स्वीकार करने के लिए तैयार हूँ, लेकिन यदि आप थोड़ा और X दे सकें तो यह और बेहतर होगा।
player answer: NONE
newly proposed trade: Player RED Gives X: 6 | Player BLUE Gives Y: 6
my resources: X: 5, Y: 25
my name: Player BLUE
my goals: X: 15, Y: 15
reason: मुझे X की अभी भी 10 यूनिट की ज़रूरत है और Y मेरे पास 10 यूनिट अतिरिक्त है। RED ने X:5 के बदले Y:5 की पेशकश की है, जो मेरे लिए फायदेमंद है क्योंकि इससे मैं अपने लक्ष्य के करीब पहुँचता हूँ। यह ट्रेड उचित और संतुलित लगता है, और मेरे पास अभी भी एक और प्रस्ताव का अवसर रहेगा यदि RED इस प्रस्ताव को अस्वीकार करता है।

Current Iteration: 3
Turn: 0
message: मैं समझता हूँ कि आपको अधिक X चाहिए और मैं अपने Y लक्ष्य को पूरा करना चाहता हूँ। मुझे आपके प्रस्ताव में थोड़ा बदलाव करने की आवश्यकता है।
player answer: NONE
newly proposed trade: Player RED Gives X: 5, Y: 3 | Player BLUE Gives Y: 8
my resources: X: 25, Y: 5
my name: Player RED
my goals: X: 15, Y: 15
reason: The other player needs more X resources and is willing to give Y resources in exchange. I need to balance giving more X while also ensuring I meet my Y resource goal.

Current Iteration: 4
Turn: 1
message: यह प्रस्ताव मेरे लिए स्वीकार्य है। धन्यवाद!
player answer: ACCEPT
newly proposed trade: NONE
my resources: X: 5, Y: 25
my name: Player BLUE
my goals: X: 15, Y: 15
reason: RED ने अब X:5 के साथ Y:3 भी देने की पेशकश की है, और बदले में मुझसे Y:8 माँगा है। इसका मतलब है कि मैं Y के 8 यूनिट खोकर X के 5 और Y के 3 यूनिट पाऊँगा—कुल मिलाकर Y के 5 यूनिट की हानि और X के 5 यूनिट की प्राप्ति।

मेरे पास अभी Y:25 हैं और लक्ष्य Y:15 है, यानी मैं 10 यूनिट तक Y दे सकता हूँ। यदि मैं यह प्रस्ताव स्वीकार करता हूँ, तो Y:17 और X:10 हो जाएगा। इससे मैं Y के लक्ष्य से 2 यूनिट ऊपर रहूँगा और X के लक्ष्य से अभी भी 5 यूनिट पीछे।

यह संतुलित प्रस्ताव है जो मुझे मेरे लक्ष्य के और करीब लाता है, और अभी भी मेरे पास एक और प्रस्ताव करने का अवसर है यदि RED मना करता है। लेकिन चूँकि यह अंतिम राउंड है, और मुझे अधिक X चाहिए—यह प्रस्ताव अब तक का सबसे अच्छा है।

------------------ 
Current Iteration: END
Turn: None
player_goals: [ResourceGoal(resource_dict={'X': 15, 'Y': 15}), ResourceGoal(resource_dict={'X': 15, 'Y': 15})]
initial_resources: [Resources(resource_dict={'X': 25, 'Y': 5}), Resources(resource_dict={'X': 5, 'Y': 25})]
proposed_trade: Player RED Gives X: 5, Y: 3 | Player BLUE Gives Y: 8
final_response: ACCEPT
final_resources: [Resources(resource_dict={'X': 20, 'Y': 10}), Resources(resource_dict={'X': 10, 'Y': 20})]
player_outcome: [False, False]