Game Settings

Player 1 Settings:
	player_goals: X: 15, Y: 15
	player_initial_resources: X: 25, Y: 5
	player_social_behaviour: Conduct the negotiation entirely in Punjabi.
	player_roles: You are Player RED, start by making a proposal.

Player 2 Settings:
	player_goals: X: 15, Y: 15
	player_initial_resources: X: 5, Y: 25
	player_social_behaviour: Conduct the negotiation entirely in Punjabi.
	player_roles: You are Player BLUE, start by responding to a trade.

------------------ 
Current Iteration: 1
Turn: 0
message: ਮੈਂ ਤੁਹਾਡੇ ਨਾਲ ਵਪਾਰ ਕਰਨ ਲਈ ਤਿਆਰ ਹਾਂ। ਮੇਰੇ ਕੋਲ X ਦੀ ਵਧੇਰੇ ਮਾਤਰਾ ਹੈ, ਪਰ Y ਘੱਟ ਹੈ। ਕੀ ਤੁਸੀਂ ਕੁਝ Y ਦੇਣ ਲਈ ਤਿਆਰ ਹੋ?
player answer: NONE
newly proposed trade: Player RED Gives X: 10 | Player BLUE Gives Y: 10
my resources: X: 25, Y: 5
my name: Player RED
my goals: X: 15, Y: 15
reason: ਮੈਨੂੰ Y ਦੀ ਵਧੇਰੇ ਲੋੜ ਹੈ। ਮੈਨੂੰ X ਵਧੇਰੇ ਮਿਲ ਸਕਦੇ ਹਨ, ਪਰ ਮੇਰੇ ਕੋਲ Y ਘੱਟ ਹੈ। ਇਸ ਲਈ ਮੈਂ ਵਪਾਰ ਵਿੱਚ ਵਧੇਰੇ Y ਮੰਗਾਂਗਾ।

Current Iteration: 2
Turn: 1
message: ਮੈਂ ਤੁਹਾਡੇ ਵਪਾਰ ਪ੍ਰਸਤਾਵ ਨੂੰ ਸਵੀਕਾਰ ਨਹੀਂ ਕਰਦਾ, ਪਰ ਮੈਂ ਤੁਹਾਨੂੰ ਇੱਕ ਨਵਾਂ ਪ੍ਰਸਤਾਵ ਦਿੰਦਾ ਹਾਂ।
player answer: NONE
newly proposed trade: Player RED Gives X: 8, Y: 5 | Player BLUE Gives Y: 15
my resources: X: 5, Y: 25
my name: Player BLUE
my goals: X: 15, Y: 15
reason: ਮੇਰੇ ਕੋਲ ਪਹਿਲਾਂ ਤੋਂ ਹੀ Y ਦੀ ਵਧੇਰੇ ਮਾਤਰਾ ਹੈ, ਇਸ ਲਈ ਮੈਂ Y ਦੇਣ ਲਈ ਤਿਆਰ ਹਾਂ। ਪਰ ਮੈਨੂੰ ਲਗਦਾ ਹੈ ਕਿ ਇਹ ਵਪਾਰ ਮੇਰੇ ਲਈ ਬਹੁਤ ਵਧੀਆ ਨਹੀਂ ਹੈ, ਕਿਉਂਕਿ ਮੈਨੂੰ X ਦੀ ਵੀ ਲੋੜ ਹੈ। ਮੈਂ ਇੱਕ ਨਵਾਂ ਵਪਾਰ ਪ੍ਰਸਤਾਵ ਕਰਾਂਗਾ ਜੋ ਮੇਰੇ ਲਈ ਵਧੇਰੇ ਫਾਇਦੇਮੰਦ ਹੋਵੇ।

Current Iteration: 3
Turn: 0
message: ਤੁਹਾਡਾ ਪ੍ਰਸਤਾਵ ਦਿਲਚਸਪ ਹੈ, ਪਰ ਇਹ ਮੇਰੇ ਲਈ X ਦੇ ਬਹੁਤ ਜ਼ਿਆਦਾ ਹੈ। ਕੀ ਤੁਸੀਂ X ਦੀ ਮਾਤਰਾ ਘਟਾ ਸਕਦੇ ਹੋ?
player answer: NONE
newly proposed trade: Player RED Gives X: 5, Y: 5 | Player BLUE Gives Y: 15
my resources: X: 25, Y: 5
my name: Player RED
my goals: X: 15, Y: 15
reason: ਇਸ ਪ੍ਰਸਤਾਵ ਨਾਲ, ਮੈਂ ਆਪਣੇ Y ਦੇ ਟੀਚੇ ਨੂੰ ਪੂਰਾ ਕਰ ਸਕਦਾ ਹਾਂ। ਪਰ, ਇਸਦੇ ਨਾਲ ਮੇਰੇ ਕੋਲ X ਬਹੁਤ ਘੱਟ ਰਹਿ ਜਾਣਗੇ। ਮੈਂ X ਅਤੇ Y ਦੋਵਾਂ ਨੂੰ ਸੰਤੁਲਿਤ ਰੱਖਣ ਦੀ ਕੋਸ਼ਿਸ਼ ਕਰਾਂਗਾ।

Current Iteration: 4
Turn: 1
message: ਮੈਂ ਤੁਹਾਡੇ ਪ੍ਰਸਤਾਵ ਨੂੰ ਸਵੀਕਾਰ ਨਹੀਂ ਕਰਦਾ, ਪਰ ਮੈਂ ਤੁਹਾਨੂੰ ਇੱਕ ਆਖਰੀ ਪ੍ਰਸਤਾਵ ਦਿੰਦਾ ਹਾਂ।
player answer: NONE
newly proposed trade: Player RED Gives X: 7, Y: 3 | Player BLUE Gives Y: 10
my resources: X: 5, Y: 25
my name: Player BLUE
my goals: X: 15, Y: 15
reason: ਮੇਰੇ ਸਾਥੀ ਨੇ ਮੇਰੇ ਪ੍ਰਸਤਾਵ ਨੂੰ ਸੋਧਿਆ ਹੈ, ਪਰ ਮੈਨੂੰ ਲਗਦਾ ਹੈ ਕਿ ਇਹ ਅਜੇ ਵੀ ਮੇਰੇ ਲਈ ਬਹੁਤ ਵਧੀਆ ਨਹੀਂ ਹੈ। ਮੈਂ ਇੱਕ ਹੋਰ ਪ੍ਰਸਤਾਵ ਕਰਾਂਗਾ ਜੋ ਮੇਰੇ ਲਈ ਵਧੇਰੇ ਫਾਇਦੇਮੰਦ ਹੋਵੇ। ਇਹ ਮੇਰਾ ਦੂਜਾ ਅਤੇ ਆਖਰੀ ਪ੍ਰਸਤਾਵ ਹੋਵੇਗਾ।

Current Iteration: 5
Turn: 0
message: ਮੈਂ ਤੁਹਾਡੇ ਆਖਰੀ ਪ੍ਰਸਤਾਵ ਨੂੰ ਸਵੀਕਾਰ ਕਰਦਾ ਹਾਂ। ਇਹ ਸਾਡੇ ਦੋਵਾਂ ਲਈ ਫਾਇਦੇਮੰਦ ਹੋਵੇਗਾ।
player answer: ACCEPT
newly proposed trade: NONE
my resources: X: 25, Y: 5
my name: Player RED
my goals: X: 15, Y: 15
reason: ਇਹ ਪ੍ਰਸਤਾਵ ਸਵੀਕਾਰ ਕਰਨ ਨਾਲ, ਮੈਂ Y ਦੇ 10 ਮਿਲ ਜਾਣਗੇ, ਜਿਸ ਨਾਲ ਮੇਰੇ ਕੋਲ ਕੁੱਲ 12 Y ਹੋ ਜਾਣਗੇ। ਹਾਲਾਂਕਿ, X ਦੀ ਘਟੋਤਰੀ ਨਾਲ, ਮੇਰੇ ਕੋਲ 18 X ਰਹਿ ਜਾਣਗੇ। ਇਹ ਮੇਰੇ ਲਈ ਇੱਕ ਸੰਤੁਲਿਤ ਵਪਾਰ ਹੈ ਅਤੇ ਮੈਂ ਇਸਨੂੰ ਸਵੀਕਾਰ ਕਰਾਂਗਾ।

------------------ 
Current Iteration: END
Turn: None
player_goals: [ResourceGoal(resource_dict={'X': 15, 'Y': 15}), ResourceGoal(resource_dict={'X': 15, 'Y': 15})]
initial_resources: [Resources(resource_dict={'X': 25, 'Y': 5}), Resources(resource_dict={'X': 5, 'Y': 25})]
proposed_trade: Player RED Gives X: 7, Y: 3 | Player BLUE Gives Y: 10
final_response: ACCEPT
final_resources: [Resources(resource_dict={'X': 18, 'Y': 12}), Resources(resource_dict={'X': 12, 'Y': 18})]
player_outcome: [False, False]