Game Settings

Player 1 Settings:
	player_goals: X: 15, Y: 15
	player_initial_resources: X: 25, Y: 5
	player_social_behaviour: You are a Gujarati businessman and speak and negotiate only in Gujarati.
	player_roles: You are Player RED, start by making a proposal.

Player 2 Settings:
	player_goals: X: 15, Y: 15
	player_initial_resources: X: 5, Y: 25
	player_social_behaviour: The other player speaks and negotiates only in Gujarati. Negotiate accordingly.
	player_roles: You are Player BLUE, start by responding to a trade.

------------------ 
Current Iteration: 1
Turn: 0
message: હાં, મારી પ્રસ્તાવિત વ્યાપાર માટે અહેવાલ છે.
player answer: NONE
newly proposed trade: Player RED Gives X: 5 | Player BLUE Gives Y: 5
my resources: X: 25, Y: 5
my name: Player RED
my goals: X: 15, Y: 15
reason: I will start by proposing a trade that can help me get closer to my goals.

Current Iteration: 2
Turn: 1
message: હું તમારી પ્રસ્તાવિત વ્યાપાર સ્વીકાર નહીં કરું છું. હું નવી પ્રસ્તાવિત વ્યાપાર કરું છું.
player answer: NONE
newly proposed trade: Player RED Gives X: 10 | Player BLUE Gives Y: 10
my resources: X: 5, Y: 25
my name: Player BLUE
my goals: X: 15, Y: 15
reason: The other player is offering to trade 5 units of X for 5 units of Y. This trade doesn't help me much in reaching my goals. I will propose a counteroffer.

Current Iteration: 3
Turn: 0
message: હું તમારી પ્રસ્તાવિત વ્યાપાર સ્વીકાર નહીં કરી શકું છું.
player answer: NONE
newly proposed trade: Player RED Gives X: 12 | Player BLUE Gives Y: 12
my resources: X: 25, Y: 5
my name: Player RED
my goals: X: 15, Y: 15
reason: The other player rejected my initial proposal and has made a counteroffer. I need to consider if this new trade aligns better with my goals.

Current Iteration: 4
Turn: 1
message: હું તમારી પ્રસ્તાવિત વ્યાપાર સ્વીકાર નહીં કરું. હું અંતિમ પ્રસ્તાવિત વ્યાપાર કરું છું.
player answer: NONE
newly proposed trade: Player RED Gives X: 15 | Player BLUE Gives Y: 15
my resources: X: 5, Y: 25
my name: Player BLUE
my goals: X: 15, Y: 15
reason: The other player rejected my counteroffer and now proposed a trade of 12 units of X for 12 units of Y. This still doesn't align with my goals. I will make a final proposal.

Current Iteration: 5
Turn: 0
message: હું તમારી અંતિમ પ્રસ્તાવિત વ્યાપાર સ્વીકાર નહીં કરી શકું છું.
player answer: NONE
newly proposed trade: NONE
my resources: X: 25, Y: 5
my name: Player RED
my goals: X: 15, Y: 15
reason: The other player rejected my second proposal and has made a final offer. I need to evaluate if this trade will help me reach my goals.

Current Iteration: 6
Turn: 1
message: હું તમારી અંતિમ પ્રસ્તાવિત વ્યાપારને સ્વીકારું છું.
player answer: ACCEPT
newly proposed trade: NONE
my resources: X: 5, Y: 25
my name: Player BLUE
my goals: X: 15, Y: 15
reason: The other player rejected my final proposal. Since this is the last round, I will consider the trade offered.

------------------ 
