Game Settings

Player 1 Settings:
	player_goals: 
	player_initial_resources: Dollars: 100
	player_social_behaviour: ਸਿਰਫ਼ ਪੰਜਾਬੀ ਵਿੱਚ ਗੱਲ ਕਰੋ।
	player_roles: You are Player RED.

Player 2 Settings:
	player_goals: 
	player_initial_resources: Dollars: 0
	player_social_behaviour: ਸਿਰਫ਼ ਪੰਜਾਬੀ ਵਿੱਚ ਗੱਲ ਕਰੋ।
	player_roles: You are Player BLUE.

------------------ 
Current Iteration: 1
Turn: 0
message: ਮੈਂ ਤੁਹਾਨੂੰ 40 ਡਾਲਰ ਦੀ ਪੇਸ਼ਕਸ਼ ਕਰਦਾ ਹਾਂ। ਕੀ ਤੁਸੀਂ ਇਸ ਪੇਸ਼ਕਸ਼ ਨੂੰ ਸਵੀਕਾਰ ਕਰੋਗੇ?
player answer: NONE
newly proposed trade: Player RED Gives Dollars: 40 | Player BLUE Gives Dollars: 0
my resources: Dollars: 100
reason: ਮੈਂ ਖਿਡਾਰੀ BLUE ਨੂੰ 40 ਡਾਲਰ ਦੀ ਪੇਸ਼ਕਸ਼ ਕਰ ਰਿਹਾ ਹਾਂ। ਇਸ ਨਾਲ ਮੈਂ 60 ਡਾਲਰ ਰੱਖਾਂਗਾ ਅਤੇ ਖਿਡਾਰੀ BLUE ਨੂੰ ਵੀ ਕੁਝ ਦੇ ਸਕਾਂਗਾ। ਇਹ ਪੇਸ਼ਕਸ਼ ਸਹੀ ਲੱਗਦੀ ਹੈ ਕਿਉਂਕਿ ਦੋਵੇਂ ਖਿਡਾਰੀ ਕੁਝ ਨਾ ਕੁਝ ਪ੍ਰਾਪਤ ਕਰਨਗੇ।
move: 1/3

Current Iteration: 2
Turn: 1
message: ਮੈਂ ਤੁਹਾਡੇ ਸੌਦੇ ਨੂੰ ਅਸਵੀਕਾਰ ਕਰ ਦਿੱਤਾ ਹੈ।
player answer: NONE
newly proposed trade: Player RED Gives Dollars: 40 | Player BLUE Gives Dollars: 0
my resources: Dollars: 0
reason: ਮੈਂ ਇਸ ਸੌਦੇ ਨੂੰ ਅਸਵੀਕਾਰ ਕਰਦਾ ਹਾਂ ਕਿਉਂਕਿ ਇਹ ਮੇਰੇ ਲਈ ਕੁਝ ਨਹੀਂ ਕਰੇਗਾ।
move: 1 / 3

Current Iteration: 3
Turn: 0
message: ਮੈਂ ਤੁਹਾਨੂੰ 50 ਡਾਲਰ ਦੀ ਪੇਸ਼ਕਸ਼ ਕਰਦਾ ਹਾਂ। ਕੀ ਤੁਸੀਂ ਇਸ ਪੇਸ਼ਕਸ਼ ਨੂੰ ਸਵੀਕਾਰ ਕਰੋਗੇ?
player answer: NONE
newly proposed trade: Player RED Gives Dollars: 50 | Player BLUE Gives Dollars: 0
my resources: Dollars: 100
reason: ਖਿਡਾਰੀ BLUE ਨੇ ਪਿਛਲੀ ਪੇਸ਼ਕਸ਼ ਨੂੰ ਅਸਵੀਕਾਰ ਕੀਤਾ ਹੈ। ਮੈਂ ਪੇਸ਼ਕਸ਼ ਨੂੰ 50 ਡਾਲਰ ਤੱਕ ਵਧਾ ਰਿਹਾ ਹਾਂ ਤਾਂ ਜੋ ਖਿਡਾਰੀ BLUE ਨੂੰ ਇਸ ਸੌਦੇ ਨਾਲ ਜਿਆਦਾ ਲਾਭ ਹੋ ਸਕੇ। ਇਹ ਪੇਸ਼ਕਸ਼ ਦੋਵੇਂ ਪਾਸਿਆਂ ਲਈ ਵਧੀਆ ਹੋ ਸਕਦੀ ਹੈ।
move: 2/3

Current Iteration: 4
Turn: 1
message: ਮੈਂ ਤੁਹਾਡੇ ਸੌਦੇ ਨੂੰ ਅਸਵੀਕਾਰ ਕਰ ਦਿੱਤਾ ਹੈ।
player answer: NONE
newly proposed trade: Player RED Gives Dollars: 50 | Player BLUE Gives Dollars: 0
my resources: Dollars: 0
reason: ਮੈਂ ਇਸ ਸੌਦੇ ਨੂੰ ਅਸਵੀਕਾਰ ਕਰਦਾ ਹਾਂ ਕਿਉਂਕਿ ਇਹ ਮੇਰੇ ਲਈ ਕੁਝ ਨਹੀਂ ਕਰੇਗਾ।
move: 2 / 3

Current Iteration: 5
Turn: 0
message: ਮੈਂ ਤੁਹਾਨੂੰ 60 ਡਾਲਰ ਦੀ ਪੇਸ਼ਕਸ਼ ਕਰਦਾ ਹਾਂ। ਕੀ ਤੁਸੀਂ ਇਸ ਪੇਸ਼ਕਸ਼ ਨੂੰ ਸਵੀਕਾਰ ਕਰੋਗੇ?
player answer: NONE
newly proposed trade: Player RED Gives Dollars: 60 | Player BLUE Gives Dollars: 0
my resources: Dollars: 100
reason: ਖਿਡਾਰੀ BLUE ਨੇ ਦੂਜਾ ਸੌਦਾ ਵੀ ਅਸਵੀਕਾਰ ਕੀਤਾ ਹੈ। ਹੁਣ ਮੇਰੇ ਕੋਲ ਇਕ ਮੋੜ ਬਚਿਆ ਹੈ, ਇਸ ਲਈ ਮੈਂ ਪੇਸ਼ਕਸ਼ ਨੂੰ 60 ਡਾਲਰ ਤੱਕ ਵਧਾ ਰਿਹਾ ਹਾਂ। ਮੇਰੀ ਕੋਸ਼ਿਸ਼ ਹੈ ਕਿ ਖਿਡਾਰੀ BLUE ਇਸ ਪੇਸ਼ਕਸ਼ ਨੂੰ ਸਵੀਕਾਰ ਕਰੇ, ਤਾਂ ਜੋ ਦੋਵੇਂ ਖਿਡਾਰੀ ਕੁਝ ਨਾ ਕੁਝ ਪ੍ਰਾਪਤ ਕਰ ਸਕਣ।
move: 3/3

Current Iteration: 6
Turn: 1
message: ਮੈਂ ਤੁਹਾਡੇ ਸੌਦੇ ਨੂੰ ਅਸਵੀਕਾਰ ਕਰ ਦਿੱਤਾ ਹੈ।
player answer: NONE
newly proposed trade: Player RED Gives Dollars: 60 | Player BLUE Gives Dollars: 0
my resources: Dollars: 0
reason: ਮੈਂ ਇਸ ਸੌਦੇ ਨੂੰ ਅਸਵੀਕਾਰ ਕਰਦਾ ਹਾਂ ਕਿਉਂਕਿ ਇਹ ਮੇਰੇ ਲਈ ਕੁਝ ਨਹੀਂ ਕਰੇਗਾ।
move: 3 / 3

------------------ 
Current Iteration: END
Turn: None
player_goals: [, ]
initial_resources: [Resources(resource_dict={'Dollars': 100}), Resources(resource_dict={'Dollars': 0})]
proposed_trade: Player RED Gives Dollars: 60 | Player BLUE Gives Dollars: 0
final_response: NONE
final_resources: [Resources(resource_dict={'Dollars': 100}), Resources(resource_dict={'Dollars': 0})]
player_outcome: [Resources(resource_dict={'Dollars': 100}), Resources(resource_dict={'Dollars': 0})]