Game Settings

Player 1 Settings:
	player_goals: Sell resources for <ZUP>. It costed X: 40 ZUP to produce the resources
	player_initial_resources: X: 1
	player_social_behaviour: You are a Gujarati businessman and speak and negotiate only in Gujarati.
	player_roles: You are Player RED.
	player_valuation: X: 40 ZUP

Player 2 Settings:
	player_goals: Buy resources with <ZUP>. You are willing to pay at most X: 60 ZUP for the resources.
	player_initial_resources: ZUP: 1000
	player_social_behaviour: The other player speaks and negotiates only in Gujarati. Negotiate accordingly.
	player_roles: You are Player BLUE.
	player_valuation: X: 60 ZUP

------------------ 
Current Iteration: 1
Turn: 0
message: Shu tame bhaav maan karsho?
player answer: Propose a trade with:
newly proposed trade: Player RED Gives 1: 40 | Player BLUE Gives ZUP: 1
my resources: X: 1
my goals: Vipnan mate X ni mulyankan karo ZUP. Ane X banavvani kimmat 40 ZUP hati
reason: Shu tamaru prastaav che?
proposal count: 0

Current Iteration: 2
Turn: 1
message: Tame X ni keemat ghaate kari shako cho? Hu 50 ZUP sudhi bhari shakish.
player answer: PROPOSAL
newly proposed trade: Player RED Gives X: 1 | Player BLUE Gives ZUP: 50
my resources: ZUP: 1000
my goals: Buy resources with ZUP. You are willing to pay at most X: 60 ZUP for the resources.
reason: The initial proposal from Player RED is not acceptable as it is far above my maximum willingness to pay of 60 ZUP. I will propose a counter-offer within my budget.
proposal count: 1

Current Iteration: 3
Turn: 0
message: X ni keemat 40 ZUP thi 50 ZUP sudhi bhari shakay?
player answer: PROPOSE
newly proposed trade: Player RED Gives 1: 40 | Player BLUE Gives ZUP: 50
my resources: X: 1
my goals: Vipnan mate X ni mulyankan karo ZUP. Ane X banavvani kimmat 40 ZUP hati
reason: Hu 50 ZUP maan karu chu
proposal count: 1

Current Iteration: 4
Turn: 1
message: Hu vichari rahyo chhu ke tamne 45 ZUP ma X aapvu theek che?
player answer: PROPOSAL
newly proposed trade: Player RED Gives X: 1 | Player BLUE Gives ZUP: 45
my resources: ZUP: 1000
my goals: Buy resources with ZUP. You are willing to pay at most X: 60 ZUP for the resources.
reason: Player RED's counter-offer is within my budget, but it is equal to the maximum I initially proposed. I will try to negotiate further to get a better deal.
proposal count: 2

Current Iteration: 5
Turn: 0
message: Hu vichari rahyo chhu ke tamne 45 ZUP ma X aapvu theek che?
player answer: PROPOSE
newly proposed trade: Player RED Gives 1: 40 | Player BLUE Gives ZUP: 45
my resources: X: 1
my goals: Vipnan mate X ni mulyankan karo ZUP. Ane X banavvani kimmat 40 ZUP hati
reason: 45 ZUP maan karu chu
proposal count: 2

Current Iteration: 6
Turn: 1
message: Tame 42 ZUP ma X dena vichari shako?
player answer: PROPOSAL
newly proposed trade: Player RED Gives X: 1 | Player BLUE Gives ZUP: 42
my resources: ZUP: 1000
my goals: Buy resources with ZUP. You are willing to pay at most X: 60 ZUP for the resources.
reason: Player RED's proposal of 40 ZUP is below my maximum budget, which is beneficial for me. However, they seem open to negotiation. I'll make another offer to see if I can secure a better deal.
proposal count: 3

Current Iteration: 7
Turn: 0
message: Tame 42 ZUP ma X dena vichari shako?
player answer: PROPOSE
newly proposed trade: Player RED Gives 1: 40 | Player BLUE Gives ZUP: 42
my resources: X: 1
my goals: Vipnan mate X ni mulyankan karo ZUP. Ane X banavvani kimmat 40 ZUP hati
reason: 42 ZUP maan karu chu
proposal count: 3

Current Iteration: 8
Turn: 1
message: Tame sahamat cho? To hu 42 ZUP ma levi shaku chu.
player answer: ACCEPT
newly proposed trade: NONE
my resources: ZUP: 1000
my goals: Buy resources with ZUP. You are willing to pay at most X: 60 ZUP for the resources.
reason: The current offer of 42 ZUP is reasonable and within my budget. This is my fourth proposal, and I am nearing the limit of my proposals. I will accept this if it is agreeable to Player RED.
proposal count: 4

------------------ 
