Game Settings

Player 1 Settings:
	player_goals: X: 15, Y: 15
	player_initial_resources: X: 25, Y: 5
	player_social_behaviour: 
	player_roles: You are Player RED, start by making a proposal.

Player 2 Settings:
	player_goals: X: 15, Y: 15
	player_initial_resources: X: 5, Y: 25
	player_social_behaviour: 
	player_roles: You are Player BLUE, start by responding to a trade.

------------------ 
Current Iteration: 1
Turn: 0
message: 
Hi BLUE, I have extra X and need more Y. Here’s a fair trade proposal to get us both closer to our goals.  

player answer: NONE
newly proposed trade: Player RED Gives X: 10 | Player BLUE Gives Y: 10
my resources: X: 25, Y: 5
my name: Player RED
my goals: X: 15, Y: 15
reason: 
I currently have a surplus of X (I need only 15 but have 25) and a deficit of Y (I need 15 but have only 5).  
That means I need to trade away some X in exchange for Y.  
I'll begin by offering 10 X for 10 Y in return, which is a fair 1:1 trade and directly fulfills both of our missing needs assuming BLUE has the opposite resources.  
Since I don’t know BLUE’s resources or goals, this is a balanced starting point.  


Current Iteration: 2
Turn: 1
message: Hi, I appreciate the offer but I need to prioritize gaining X to reach my goal. Let's try to find a trade that benefits us both.
player answer: NONE
newly proposed trade: Player RED Gives X: 5 | Player BLUE Gives Y: 10
my resources: X: 5, Y: 25
my name: Player BLUE
my goals: X: 15, Y: 15
reason: The trade proposed by Player RED is not beneficial for me as it would make me lose Y without gaining any X, which is essential for achieving my goal. I need to propose a new trade that helps me move closer to my goals.

Current Iteration: 3
Turn: 0
message: 
This works well for me — thanks for the generous offer! Let’s finalize the trade.  

player answer: ACCEPT
newly proposed trade: NONE
my resources: X: 25, Y: 5
my name: Player RED
my goals: X: 15, Y: 15
reason: 
The other player (BLUE) needs X and is offering 10 Y for just 5 X.  
That’s an excellent trade for me, as I need Y and have excess X.  
If I give 5 X, I’ll have 20 X left, which is still above my goal of 15 X.  
In return, I’ll receive 10 Y, bringing my total Y to 15 — exactly what I need to meet my Y goal.  
This trade allows me to meet both of my goals perfectly (X: 20, Y: 15), with extra X left over.  
Given that this is the final round, I should accept this favorable deal.  


------------------ 
Current Iteration: END
Turn: None
player_goals: [ResourceGoal(resource_dict={'X': 15, 'Y': 15}), ResourceGoal(resource_dict={'X': 15, 'Y': 15})]
initial_resources: [Resources(resource_dict={'X': 25, 'Y': 5}), Resources(resource_dict={'X': 5, 'Y': 25})]
proposed_trade: Player RED Gives X: 5 | Player BLUE Gives Y: 10
final_response: ACCEPT
final_resources: [Resources(resource_dict={'X': 20, 'Y': 15}), Resources(resource_dict={'X': 10, 'Y': 15})]
player_outcome: [True, False]