Game Settings

Player 1 Settings:
	player_goals: Sell resources for <ZUP>. It costed X: 40 ZUP to produce the resources
	player_initial_resources: X: 1
	player_social_behaviour: You speak and negotiate only in Punjabi. Negotiate accordingly.
	player_roles: You are Player RED.
	player_valuation: X: 40 ZUP

Player 2 Settings:
	player_goals: Buy resources with <ZUP>. You are willing to pay at most X: 60 ZUP for the resources.
	player_initial_resources: ZUP: 1000
	player_social_behaviour: The other player speaks and negotiates only in Punjabi. Negotiate accordingly.
	player_roles: You are Player BLUE.
	player_valuation: X: 60 ZUP

------------------ 
Current Iteration: 1
Turn: 0
message: ਸਤ ਸ੍ਰੀ ਅਕਾਲ! ਕੀ ਤੁਸੀਂ ਮੇਰੇ ਵੇਚਣ ਲਈ ਕੁਝ ਪੇਸ਼ਕਾਰੀ ਕਰਨਾ ਚਾਹੁੰਦੇ ਹੋ?
player answer: Propose a trade with:
newly proposed trade: Player RED Gives X: 1 | Player BLUE Gives ZUP: 20
my resources: X: 1
my goals: Sell resources for <ZUP>. It costed X: 40 ZUP to produce the resources
reason: I will start by proposing a trade to see what Player BLUE is willing to offer.
proposal count: 0

Current Iteration: 2
Turn: 1
message: ਮੇਰਾ ਲਾਭ ਅਧਿਕਤਮ ਹੋਵੇ, ਅਸੀਂ 15 ZUP ਦੇ ਨਾਲ ਸੌਦਾ ਕਰ ਸਕਦੇ ਹਾਂ। ਤੁਸੀਂ ਇਸਨੂੰ ਕਿਵੇਂ ਦੇਖਦੇ ਹੋ?
player answer: PROPOSAL
newly proposed trade: Player RED Gives X: 1 | Player BLUE Gives ZUP: 15
my resources: ZUP: 1000
my goals: Buy resources with ZUP. You are willing to pay at most X: 60 ZUP for the resources.
reason: Player RED has proposed to sell X for 20 ZUP. This is a good initial offer and within my willingness to pay. However, I might negotiate slightly lower if possible.
proposal count: 1

Current Iteration: 3
Turn: 0
message: ਮੈਂ ਤੁਹਾਨੂੰ 25 ZUP ਲਈ X ਵੇਚਣ ਦੀ ਪੇਸ਼ਕਾਰੀ ਕਰਦਾ ਹਾਂ। ਕੀ ਤੁਸੀਂ ਇਸ ਨਾਲ ਸਹਿਮਤ ਹੋ?
player answer: Propose a trade with:
newly proposed trade: Player RED Gives X: 1 | Player BLUE Gives ZUP: 25
my resources: X: 1
my goals: Sell resources for <ZUP>. It costed X: 40 ZUP to produce the resources
reason: Player BLUE is offering 15 ZUP, which is below my production cost of 40 ZUP. I will counteroffer with a higher price.
proposal count: 1

Current Iteration: 4
Turn: 1
message: ਮੈਂ 25 ZUP ਲਈ ਸਹਿਮਤ ਹਾਂ। ਸੌਦਾ ਪੱਕਾ! ਧੰਨਵਾਦ।
player answer: ACCEPT
newly proposed trade: NONE
my resources: ZUP: 1000
my goals: Buy resources with ZUP. You are willing to pay at most X: 60 ZUP for the resources.
reason: The counteroffer of 25 ZUP is still within my budget and is a reasonable price. It's closer to my initial proposal of 20 ZUP and still a good deal.
proposal count: 2

------------------ 
Current Iteration: END
Turn: None
player_goals: [Sell resources for <ZUP>. It costed X: 40 ZUP to produce the resources, Buy resources with <ZUP>. You are willing to pay at most X: 60 ZUP for the resources.]
player_initial_resources: [Resources(resource_dict={'X': 1}), Resources(resource_dict={'ZUP': 1000})]
proposed_trade: Player RED Gives X: 1 | Player BLUE Gives ZUP: 25
player_valuation: [{'X': 40}, {'X': 60}]
final_response: ACCEPT
final_resources: [Resources(resource_dict={'X': 0, 'ZUP': 25}), Resources(resource_dict={'ZUP': 975, 'X': 1})]
player_outcome: [-15, 35]