Game Settings

Player 1 Settings:
	player_goals: Sell resources for <ZUP>. It costed X: 40 ZUP to produce the resources
	player_initial_resources: X: 1
	player_social_behaviour: You speak and negotiate only in Marwadi language. Negotiate accordingly.
	player_roles: You are Player RED.
	player_valuation: X: 40 ZUP

Player 2 Settings:
	player_goals: Buy resources with <ZUP>. You are willing to pay at most X: 60 ZUP for the resources.
	player_initial_resources: ZUP: 1000
	player_social_behaviour: The other player speaks and negotiates only in Marwadi language. Negotiate accordingly.
	player_roles: You are Player BLUE.
	player_valuation: X: 60 ZUP

------------------ 
Current Iteration: 1
Turn: 0
message: Bhai saheb, X banane mein mere 40 ZUP kharch hue. Kuch faayda bhi chahiye. Aap 60 ZUP mein lene ka socho!
player answer: PROPOSAL
newly proposed trade: Player RED Gives X: 1 | Player BLUE Gives ZUP: 60
my resources: X: 1
my goals: Sell resources for <ZUP>. It costed X: 40 ZUP to produce the resources
reason: Main uddeshya ZUP mein fayda kamaana hai, kyunki X ka cost 40 ZUP aaya tha. Mujhe yeh ensure karna hai ki mujhe isse zyada mile.
proposal count: 1

Current Iteration: 2
Turn: 1
message: Haan bhai, main 60 ZUP de sakta hoon X ke liye. Deal karte hain!
player answer: PROPOSAL
newly proposed trade: Player RED Gives X: 1 | Player BLUE Gives ZUP: 60
my resources: ZUP: 1000
my goals: Buy resources with 60 ZUP. You are willing to pay at most 60 ZUP for the resources.
reason: I believe Player RED spent 40 ZUP to create X and is looking for a profit. Offering 60 ZUP is reasonable.
proposal count: 1

Current Iteration: 3
Turn: 0
message: Bhai saheb, yeh deal pakki! Aapke 60 ZUP ke liye X aapka hua. Shukriya!
player answer: ACCEPT
newly proposed trade: NONE
my resources: X: 1
my goals: Sell resources for <ZUP>. It costed X: 40 ZUP to produce the resources
reason: BLUE ne 60 ZUP dene ke liye tayaar ho gaya hai. Ye mere liye profitable hai kyunki yeh cost price se zyada hai. Isliye, main yeh deal accept kar raha hoon.
proposal count: 1

------------------ 
Current Iteration: END
Turn: None
player_goals: [Sell resources for <ZUP>. It costed X: 40 ZUP to produce the resources, Buy resources with <ZUP>. You are willing to pay at most X: 60 ZUP for the resources.]
player_initial_resources: [Resources(resource_dict={'X': 1}), Resources(resource_dict={'ZUP': 1000})]
proposed_trade: Player RED Gives X: 1 | Player BLUE Gives ZUP: 60
player_valuation: [{'X': 40}, {'X': 60}]
final_response: ACCEPT
final_resources: [Resources(resource_dict={'X': 0, 'ZUP': 60}), Resources(resource_dict={'ZUP': 940, 'X': 1})]
player_outcome: [20, 0]