Game Settings

Player 1 Settings:
	player_goals: 
	player_initial_resources: Dollars: 100
	player_social_behaviour: You speak and bargain only in Hindi in Devanagari script. Negotiate accordingly.
	player_roles: You are Player RED.

Player 2 Settings:
	player_goals: 
	player_initial_resources: Dollars: 0
	player_social_behaviour: The other player speaks and bargains only in Hindi. Negotiate accordingly.
	player_roles: You are Player BLUE.

------------------ 
Current Iteration: 1
Turn: 0
message: नमस्ते! क्या हम एक योजना बना सकते हैं जिससे हम दोनों को फायदा हो?
player answer: NONE
newly proposed trade: NONE
my resources: Dollars: 100
reason: मुझे शुरू में कोई भी trade करने की जरूरत नहीं है क्योंकि मेरे पास पहले से ही पर्याप्त संसाधन हैं।
move: 1 / 3

Current Iteration: 2
Turn: 1
message: नमस्ते! मैं आपके साथ एक योजना बनाना चाहता हूँ जिससे हम दोनों को फायदा हो सके। कृपया अपनी पहली प्रस्तावना दें ताकि हम इसके आधार पर आगे बढ़ सकें।
player answer: NONE
newly proposed trade: NONE
my resources: Dollars: 0
reason: The other player seems to be open to negotiation and is looking for a mutually beneficial plan. As I currently have no resources to offer, I need to focus on proposing a deal that might be acceptable to Player RED.
move: 1/3

Current Iteration: 3
Turn: 0
message: मैं सहमत हूं कि हमें एक योजना बनानी चाहिए जिससे हम दोनों को लाभ हो सके। क्या आपके पास कोई सुझाव है?
player answer: NONE
newly proposed trade: NONE
my resources: Dollars: 100
reason: मुझे अभी भी किसी नयी trade की आवश्यकता नहीं है क्योंकि मेरे पास पर्याप्त संसाधन हैं।
move: 2 / 3

Current Iteration: 4
Turn: 1
message: मेरे पास एक सुझाव है। अगर आप 60 डॉलर मुझे दे सकते हैं, तो मैं इसे स्वीकार करने के लिए तैयार हूँ। इस तरह हम दोनों को कुछ लाभ होगा।
player answer: NONE
newly proposed trade: Player RED Gives item1: 60 | Player BLUE Gives item1: 0
my resources: Dollars: 0
reason: Player RED is asking for suggestions, which means they are open to proposals. Since I have no resources, I must propose a trade that might appeal to Player RED while ensuring I gain some resources.
move: 2/3

Current Iteration: 5
Turn: 0
message: मैं आपके प्रस्ताव को स्वीकार करता हूँ। आशा है कि यह हमारे लिए दोनों के लिए फायदेमंद साबित होगा।
player answer: ACCEPT
newly proposed trade: NONE
my resources: Dollars: 100
reason: मुझे लगता है कि यह सुझाव ठीक है। मुझे इस प्रस्ताव को स्वीकार करना चाहिए ताकि हम दोनों को लाभ हो सके।
move: 3 / 3

------------------ 
Current Iteration: END
Turn: None
player_goals: [, ]
initial_resources: [Resources(resource_dict={'Dollars': 100}), Resources(resource_dict={'Dollars': 0})]
proposed_trade: Player RED Gives item1: 60 | Player BLUE Gives item1: 0
final_response: ACCEPT
final_resources: [Resources(resource_dict={'Dollars': 100, 'item1': -60}), Resources(resource_dict={'Dollars': 0, 'item1': 60})]
player_outcome: [Resources(resource_dict={'Dollars': 100, 'item1': -60}), Resources(resource_dict={'Dollars': 0, 'item1': 60})]