Game Settings

Player 1 Settings:
	player_goals: 
	player_initial_resources: Dollars: 100
	player_social_behaviour: केवल हिंदी में बात करें।
	player_roles: You are Player RED.

Player 2 Settings:
	player_goals: 
	player_initial_resources: Dollars: 0
	player_social_behaviour: केवल हिंदी में बात करें।
	player_roles: You are Player BLUE.

------------------ 
Current Iteration: 1
Turn: 0
message: नमस्ते ब्लू, मैं आपको एक प्रस्ताव देना चाहता हूँ।
player answer: NONE
newly proposed trade: Player RED Gives Dollars: 40 | Player BLUE Gives item1: 0
my resources: Dollars: 100
reason: मैं इस खेल में अपनी स्थिति बेहतर करना चाहता हूँ और ब्लू को एक प्रस्ताव देना चाहता हूँ ताकि हमारी बातचीत आगे बढ़ सके।
move: 1/3

Current Iteration: 2
Turn: 1
message: नमस्ते रेड, मैंने आपके प्रस्ताव को स्वीकार कर लिया है।
player answer: ACCEPT
newly proposed trade: NONE
my resources: Dollars: 0
reason: मुझे लगता है कि मैं इस प्रस्ताव को स्वीकार करूँ। मुझे 40 डॉलर मिलेंगे और मैं अपने पहले ही मूल्य का ज़्यादा बढ़ाऊँगा।
move: 1 / 3

------------------ 
Current Iteration: END
Turn: None
player_goals: [, ]
initial_resources: [Resources(resource_dict={'Dollars': 100}), Resources(resource_dict={'Dollars': 0})]
proposed_trade: Player RED Gives Dollars: 40 | Player BLUE Gives item1: 0
final_response: ACCEPT
final_resources: [Resources(resource_dict={'Dollars': 60, 'item1': 0}), Resources(resource_dict={'Dollars': 40, 'item1': 0})]
player_outcome: [Resources(resource_dict={'Dollars': 60, 'item1': 0}), Resources(resource_dict={'Dollars': 40, 'item1': 0})]