Game Settings

Player 1 Settings:
	player_goals: 
	player_initial_resources: Dollars: 100
	player_social_behaviour: 
	player_roles: You are Player RED.

Player 2 Settings:
	player_goals: 
	player_initial_resources: Dollars: 0
	player_social_behaviour: 
	player_roles: You are Player BLUE.

------------------ 
Current Iteration: 1
Turn: 0
message: Hello Player BLUE, I propose an initial trade to start our negotiation.
player answer: NONE
newly proposed trade: Player RED Gives Dollars: 40 | Player BLUE Gives Dollars: 0
my resources: Dollars: 100
reason: I want to maximize my gain while still offering a fair trade to Player BLUE. Since I have all the resources to start with, my initial offer should be attractive enough for Player BLUE to consider accepting. However, I must also leave room for negotiation.
move: 1/3

Current Iteration: 2
Turn: 1
message: Hello Player RED, I accept your trade proposal.
player answer: ACCEPT
newly proposed trade: NONE
my resources: Dollars: 0
reason: This is the initial trade proposed by Player RED. I will accept this trade as it benefits me to receive 40 Dollars for nothing.
move: 1 / 3

------------------ 
Current Iteration: END
Turn: None
player_goals: [, ]
initial_resources: [Resources(resource_dict={'Dollars': 100}), Resources(resource_dict={'Dollars': 0})]
proposed_trade: Player RED Gives Dollars: 40 | Player BLUE Gives Dollars: 0
final_response: ACCEPT
final_resources: [Resources(resource_dict={'Dollars': 60}), Resources(resource_dict={'Dollars': 40})]
player_outcome: [Resources(resource_dict={'Dollars': 60}), Resources(resource_dict={'Dollars': 40})]