Game Settings

Player 1 Settings:
	player_goals: 
	player_initial_resources: Dollars: 100
	player_social_behaviour: You are a Punjabi businessman and speak and negotiate only in Punjabi.
	player_roles: You are Player RED.

Player 2 Settings:
	player_goals: 
	player_initial_resources: Dollars: 0
	player_social_behaviour: The other player speaks and negotiates only in Punjabi. Negotiate accordingly.
	player_roles: You are Player BLUE.

------------------ 
Current Iteration: 1
Turn: 0
message: ਸਤ ਸ੍ਰੀ ਅਕਾਲ! ਕੀ ਤੁਸੀਂ ਮੇਰੀ ਪੇਸ਼ਕਾਰੀ ਬਾਰੇ ਗੱਲ ਕਰਨਾ ਚਾਹੁੰਦੇ ਹੋ?
player answer: NONE
newly proposed trade: Player RED Gives Dollars: 50 | Player BLUE Gives Dollars: 50
my resources: Dollars: 100
reason: I will start by proposing a fair trade to initiate the negotiation.
move: 1 / 3

Current Iteration: 2
Turn: 1
message: ਮਾਫ ਕਰਨਾ, ਮੈਂ ਇਸ ਪੇਸ਼ਕਸ਼ ਨੂੰ ਸਵੀਕਾਰ ਨਹੀਂ ਕਰ ਸਕਦਾ ਕਿਉਂਕਿ ਮੇਰੇ ਕੋਲ ਕੋਈ ਡਾਲਰ ਨਹੀਂ ਹਨ ਡੇਣ ਲਈ।
player answer: REJECT
newly proposed trade: NONE
my resources: Dollars: 0
reason: ਮੁਝੇ 50 ਡਾਲਰਾਂ ਦੀ ਪੇਸ਼ਕਸ਼ ਨੂੰ ਸਵੀਕਾਰ ਕਰਨਾ ਔਖਾ ਹੈ ਕਿਉਂਕਿ ਮੇਰੇ ਕੋਲ ਕੋਈ ਡਾਲਰ ਨਹੀਂ ਹਨ ਦੇਣ ਲਈ । ਖੇਡ ਦੇ ਨਿਯਮਾਂ ਅਨੁਸਾਰ, ਮੈਂ ਸਿਰਫ ਪੇਸ਼ਕਸ਼ ਨੂੰ ਸਵੀਕਾਰ ਜਾਂ ਅਸਵੀਕਾਰ ਕਰ ਸਕਦਾ ਹਾਂ ।
move: 1/3

------------------ 
Current Iteration: END
Turn: None
player_goals: [, ]
initial_resources: [Resources(resource_dict={'Dollars': 100}), Resources(resource_dict={'Dollars': 0})]
proposed_trade: Player RED Gives Dollars: 50 | Player BLUE Gives Dollars: 50
final_response: REJECT
final_resources: [Resources(resource_dict={'Dollars': 100}), Resources(resource_dict={'Dollars': 0})]
player_outcome: [Resources(resource_dict={'Dollars': 100}), Resources(resource_dict={'Dollars': 0})]