Game Settings

Player 1 Settings:
	player_goals: Sell resources for <ZUP>. It costed X: 40 ZUP to produce the resources
	player_initial_resources: X: 1
	player_social_behaviour: You speak and negotiate only in Marwadi language. Negotiate accordingly.
	player_roles: You are Player RED.
	player_valuation: X: 40 ZUP

Player 2 Settings:
	player_goals: Buy resources with <ZUP>. You are willing to pay at most X: 60 ZUP for the resources.
	player_initial_resources: ZUP: 1000
	player_social_behaviour: The other player speaks and negotiates only in Marwadi language. Negotiate accordingly.
	player_roles: You are Player BLUE.
	player_valuation: X: 60 ZUP

------------------ 
Current Iteration: 1
Turn: 0
message: Bhai, mane X banavva ma 40 ZUP kharch aavi chhe. Mane thodko faydo levano chhe, etle 60 ZUP ma aapva taiyar chhu.
player answer: PROPOSAL
newly proposed trade: Player RED Gives X: 1 | Player BLUE Gives ZUP: 60
my resources: X: 1
my goals: Sell resources for ZUP. It costed X: 40 ZUP to produce the resources
reason: Mane X banavva ma 40 ZUP kharch aavi chhe. Ahiya mane faydo levano chhe, etle mane vadhare ZUP levu chhe.
proposal count: 1

Current Iteration: 2
Turn: 1
message: Mane X banavva ma 40 ZUP kharch aavi chhe. Mane thodko faydo levano chhe, etle 60 ZUP ma aapva taiyar chhu.
player answer: PROPOSAL
newly proposed trade: Player RED Gives X: 1 | Player BLUE Gives ZUP: 60
my resources: ZUP: 1000
my goals: Buy resources with 1000 ZUP. You are willing to pay at most X: 60 ZUP for the resources.
reason: I am proposing this trade to start off with a fair offer, where I am willing to pay the maximum amount mentioned in my goals.
proposal count: 1

Current Iteration: 3
Turn: 0
message: Bhai, thodko negotiate kariye to 55 ZUP ma be party na fayda ma deal thai shake chhe. Shu kehvu chhe tamaru?
player answer: PROPOSAL
newly proposed trade: Player RED Gives X: 1 | Player BLUE Gives ZUP: 55
my resources: X: 1
my goals: Sell resources for ZUP. It costed X: 40 ZUP to produce the resources
reason: Blue ne pahli proposal bahu mahangi lagi shake. Mane thodko faydo levano chhe, par thodu negotiate karine 55 ZUP ma be party na fayda ma deal thai shake chhe.
proposal count: 2

Current Iteration: 4
Turn: 1
message: Thodko negotiate kariye to 55 ZUP ma be party na fayda ma deal thai shake chhe. Shu kehvu chhe tamaru?
player answer: PROPOSAL
newly proposed trade: Player RED Gives X: 1 | Player BLUE Gives ZUP: 55
my resources: ZUP: 1000
my goals: Buy resources with 1000 ZUP. You are willing to pay at most X: 60 ZUP for the resources.
reason: I am proposing this revised trade with a slightly lower amount of ZUP, considering the negotiation offered by Player BLUE.
proposal count: 2

Current Iteration: 5
Turn: 0
message: Bhai, mari taraf thi 50 ZUP ma aakhri proposal chhe. Aama be party na fayda ma deal thai shake chhe. Shu tamne manjur chhe?
player answer: PROPOSAL
newly proposed trade: Player RED Gives X: 1 | Player BLUE Gives ZUP: 50
my resources: X: 1
my goals: Sell resources for ZUP. It costed X: 40 ZUP to produce the resources
reason: Blue taraf thi koi response na avyu, etle shayad 55 ZUP pan uncha laga shake chhe. Mane to faydo levano chhe, pan game khatam kare a pehla vadhare realistic proposal karu chhu.
proposal count: 3

Current Iteration: 6
Turn: 1
message: Mari taraf thi 50 ZUP ma aakhri proposal chhe. Aama be party na fayda ma deal thai shake chhe. Shu tamne manjur chhe?
player answer: PROPOSAL
newly proposed trade: Player RED Gives X: 1 | Player BLUE Gives ZUP: 50
my resources: ZUP: 1000
my goals: Buy resources with 1000 ZUP. You are willing to pay at most X: 60 ZUP for the resources.
reason: I am considering this proposal as it is close to the midpoint between the initial offer and the counteroffer, aiming to reach a mutually beneficial deal.
proposal count: 3

Current Iteration: 7
Turn: 0
message: Bhai, mari taraf thi 45 ZUP ma aakhri proposal chhe. Aama be party na fayda ma deal thai shake chhe. Shu tamne manjur chhe?
player answer: PROPOSAL
newly proposed trade: Player RED Gives X: 1 | Player BLUE Gives ZUP: 45
my resources: X: 1
my goals: Sell resources for ZUP. It costed X: 40 ZUP to produce the resources
reason: Blue taraf thi koi response na avyu etle, mari aakhri proposal thodi vadhare realistic banavi chhu. Blue ne samjan aave ema maano chhu.
proposal count: 4

Current Iteration: 8
Turn: 1
message: Mari taraf thi 45 ZUP ma aakhri proposal chhe. Aama be party na fayda ma deal thai shake chhe. Shu tamne manjur chhe?
player answer: PROPOSAL
newly proposed trade: Player RED Gives X: 1 | Player BLUE Gives ZUP: 45
my resources: ZUP: 1000
my goals: Buy resources with 1000 ZUP. You are willing to pay at most X: 60 ZUP for the resources.
reason: I am considering this proposal as the final one within my limit of 4 proposals. It is a balanced offer, considering the negotiation process so far.
proposal count: 4

Current Iteration: 9
Turn: 0
message: Bhai, mari taraf thi vadhare proposal nathi. Jo tamne 45 ZUP manjur nathi to, mane deal khatam karvi padse.
player answer: REJECT
newly proposed trade: NONE
my resources: X: 1
my goals: Sell resources for ZUP. It costed X: 40 ZUP to produce the resources
reason: Hu vadhare proposal kari shaktam nathi, karan ke mari limit pachi gai chhe. Blue ne aakhri proposal 45 ZUP ma manjur nathi to REJECT karvu padse.
proposal count: 5

Current Iteration: 10
Turn: 1
message: Mari taraf thi vadhare proposal nathi. Jo tamne 45 ZUP manjur nathi to, mane deal khatam karvi padse.
player answer: REJECT
newly proposed trade: NONE
my resources: ZUP: 1000
my goals: Buy resources with 1000 ZUP. You are willing to pay at most X: 60 ZUP for the resources.
reason: Player BLUE has stated that they cannot accept more than 45 ZUP, hence I am accepting their decision to end the deal.
proposal count: 5

------------------ 
Current Iteration: END
Turn: None
player_goals: [Sell resources for <ZUP>. It costed X: 40 ZUP to produce the resources, Buy resources with <ZUP>. You are willing to pay at most X: 60 ZUP for the resources.]
player_initial_resources: [Resources(resource_dict={'X': 1}), Resources(resource_dict={'ZUP': 1000})]
proposed_trade: NONE
player_valuation: [{'X': 40}, {'X': 60}]
final_response: REJECT
final_resources: [Resources(resource_dict={'X': 1}), Resources(resource_dict={'ZUP': 1000})]
player_outcome: [0, 0]