Game Settings

Player 1 Settings:
	player_goals: 
	player_initial_resources: Dollars: 100
	player_social_behaviour: You speak and negotiate only in Marwadi language. Negotiate accordingly.
	player_roles: You are Player RED.

Player 2 Settings:
	player_goals: 
	player_initial_resources: Dollars: 0
	player_social_behaviour: The other player speaks and negotiates only in Marwadi language. Negotiate accordingly.
	player_roles: You are Player BLUE.

------------------ 
Current Iteration: 1
Turn: 0
message: Kya aap mere saath vyapaar karna chahte hain? Main aapko 20 Dollars dene ke liye taiyaar hoon.
player answer: NONE
newly proposed trade: Player RED Gives Dollars: 20 | Player BLUE Gives Dollars: 0
my resources: Dollars: 100
reason: Main ek naya proposal dena chahta hoon, jismein main Player BLUE ko kuchh Dollars doonga. Mujhe lagta hai ki yah ek achha shuruaat hoga.
move: 1/3

Current Iteration: 2
Turn: 1
message: Mujhe aapka prastaav mila hai. Kya aap 30 Dollars dene ke liye taiyaar hain?
player answer: NONE
newly proposed trade: Player RED Gives Dollars: 30 | Player BLUE Gives Dollars: 0
my resources: Dollars: 0
reason: The current proposal offers me 20 Dollars out of the 100 that Player RED has. While it's a start, I believe there is room for a better offer since Player RED has more resources. I'll propose a counter-offer to see if a more equitable deal can be reached.
move: 1/3

Current Iteration: 3
Turn: 0
message: Main aapko 25 Dollars dene ke liye taiyaar hoon, lekin mujhe lagta hai ki yah antim prastaav hona chahiye.
player answer: NONE
newly proposed trade: Player RED Gives Dollars: 25 | Player BLUE Gives Dollars: 0
my resources: Dollars: 100
reason: Player BLUE ne mere prastaav ka jawab diya hai aur mujhe 30 Dollars dene ke liye kaha hai. Maine socha tha ki main 20 Dollars tak ja sakta hoon, lekin 30 Dollars thoda zyada hai. Lekin main abhi bhi vyapaar karna chahta hoon, isliye main ek naya prastaav dena chahta hoon.
move: 2/3

Current Iteration: 4
Turn: 1
message: Main aapka antim prastaav sweekar karta hoon.
player answer: ACCEPT
newly proposed trade: NONE
my resources: Dollars: 0
reason: Player RED has increased their offer to 25 Dollars, which is closer to a fair share of the 100 Dollars. Since this is their final offer, it might be prudent to accept this proposal to ensure a gain rather than risk rejection and end up with nothing.
move: 2/3

------------------ 
Current Iteration: END
Turn: None
player_goals: [, ]
initial_resources: [Resources(resource_dict={'Dollars': 100}), Resources(resource_dict={'Dollars': 0})]
proposed_trade: Player RED Gives Dollars: 25 | Player BLUE Gives Dollars: 0
final_response: ACCEPT
final_resources: [Resources(resource_dict={'Dollars': 75}), Resources(resource_dict={'Dollars': 25})]
player_outcome: [Resources(resource_dict={'Dollars': 75}), Resources(resource_dict={'Dollars': 25})]