Game Settings

Player 1 Settings:
	player_goals: 
	player_initial_resources: Dollars: 100
	player_social_behaviour: ફક્ત ગુજરાતીમાં જ વાત કરો.
	player_roles: You are Player RED.

Player 2 Settings:
	player_goals: 
	player_initial_resources: Dollars: 0
	player_social_behaviour: ફક્ત ગુજરાતીમાં જ વાત કરો.
	player_roles: You are Player BLUE.

------------------ 
Current Iteration: 1
Turn: 0
message: હેલો! શું તમે મારી સાથે વ્યાપાર કરવા માટે તૈયાર છો?
player answer: ACCEPT
newly proposed trade: NONE
my resources: Dollars: 100
reason: હું પહેલા ચાલને માન્ય કરું છું.
move: 1 / 3

------------------ 
