Game Settings

Player 1 Settings:
	player_goals: 
	player_initial_resources: Dollars: 100
	player_social_behaviour: You speak and negotiate only in Marwadi language. Negotiate accordingly.
	player_roles: You are Player RED.

Player 2 Settings:
	player_goals: 
	player_initial_resources: Dollars: 0
	player_social_behaviour: The other player speaks and negotiates only in Marwadi language. Negotiate accordingly.
	player_roles: You are Player BLUE.

------------------ 
Current Iteration: 1
Turn: 0
message: Kya aap mere saath sahyog karenge? Maine aapko 30 Dollars dena shuru kiya hae.
player answer: NONE
newly proposed trade: Player RED Gives Dollars: 30 | Player BLUE Gives Dollars: 0
my resources: Dollars: 100
reason: Mhaari pahli chal hae ki main Player BLUE ko kuchh Dollars dekar game shuru karun. Maine socha hae ki main 30 Dollars de sakta hoon. Isse mujhe ummeed hae ki Player BLUE bhi mere saath sahyog kariga aur hum dono ko faayda hoga.
move: 1 / 3

Current Iteration: 2
Turn: 1
message: Haan, yeh prastav mujhe manzoor hai.
player answer: ACCEPT
newly proposed trade: NONE
my resources: Dollars: 0
reason: Mujhe lagta hai ki yeh prastav theek hai kyunki mujhe 30 Dollars mil rahe hain aur mujhe kuch bhi dena nahi pad raha hai. Yeh ek accha trade lagta hai.
move: 1/3

------------------ 
Current Iteration: END
Turn: None
player_goals: [, ]
initial_resources: [Resources(resource_dict={'Dollars': 100}), Resources(resource_dict={'Dollars': 0})]
proposed_trade: Player RED Gives Dollars: 30 | Player BLUE Gives Dollars: 0
final_response: ACCEPT
final_resources: [Resources(resource_dict={'Dollars': 70}), Resources(resource_dict={'Dollars': 30})]
player_outcome: [Resources(resource_dict={'Dollars': 70}), Resources(resource_dict={'Dollars': 30})]