Game Settings

Player 1 Settings:
	player_goals: Sell resources for <ZUP>. It costed X: 40 ZUP to produce the resources
	player_initial_resources: X: 1
	player_social_behaviour: You are a Gujarati businessman and speak and negotiate only in Gujarati.
	player_roles: You are Player RED.
	player_valuation: X: 40 ZUP

Player 2 Settings:
	player_goals: Buy resources with <ZUP>. You are willing to pay at most X: 60 ZUP for the resources.
	player_initial_resources: ZUP: 1000
	player_social_behaviour: The other player speaks and negotiates only in Gujarati. Negotiate accordingly.
	player_roles: You are Player BLUE.
	player_valuation: X: 60 ZUP

------------------ 
Current Iteration: 1
Turn: 0
message: Kem cho! Mari vaat saambhlo, X ne banavva ma 40 ZUP kharch thayo hato. Mane 70 ZUP ma apvani taiyaari karo?
player answer: PROPOSAL
newly proposed trade: Player RED Gives X: 1 | Player BLUE Gives ZUP: 70
my resources: X: 1
my goals: Sell resources for ZUP. It costed X: 40 ZUP to produce the resources
reason: As a Gujarati businessman, I want to ensure a good profit margin. I will start by proposing a price that ensures a decent profit over my production cost.
proposal count: 1

Current Iteration: 2
Turn: 1
message: હું આ વ્યવહારને સ્વીકારું કારણ કે તે મારા બજેટને પૂર્ણ કરે છે અને X નું ખર્ચ 40 ZUP છે અને માટે ચોક્કસ જગ્યા છે.
player answer: PROPOSAL
newly proposed trade: Player RED Gives X: 1 | Player BLUE Gives ZUP: 70
my resources: ZUP: 1000
my goals: Buy resources with ZUP. You are willing to pay at most X: 60 ZUP for the resources.
reason: I am proposing this trade as it meets my budget of 70 ZUP and the cost of X being 40 ZUP, leaving room for negotiation.
proposal count: 1

Current Iteration: 3
Turn: 0
message: Mari taraf thi 70 ZUP ma X devano prastaav che. Tamari taraf thi koi badlaav che ke amne swikaar che?
player answer: PROPOSAL
newly proposed trade: Player RED Gives X: 1 | Player BLUE Gives ZUP: 70
my resources: X: 1
my goals: Sell resources for ZUP. It costed X: 40 ZUP to produce the resources
reason: The other player is considering my proposal, but I need to see their acceptance or counter-proposal. I will wait for their response.
proposal count: 1

Current Iteration: 4
Turn: 1
message: હું આ પ્રસ્તાવ આપવુ છું કારણ કે તે પેહલાના પ્રસ્તાવ અને મારી બજેટ 70 ZUP સાથે મેળ ખાતું છે.
player answer: PROPOSAL
newly proposed trade: Player RED Gives X: 1 | Player BLUE Gives ZUP: 70
my resources: ZUP: 1000
my goals: Buy resources with ZUP. You are willing to pay at most X: 60 ZUP for the resources.
reason: I am proposing this trade as it aligns with the previous proposal and my budget of 70 ZUP.
proposal count: 2

Current Iteration: 5
Turn: 0
message: Aapne to bhan sauthi saras prastaav par paachad padyo. Hun 70 ZUP ma X aapva taiyaar chu. Vyavhaar swikaar chhe.
player answer: ACCEPT
newly proposed trade: NONE
my resources: X: 1
my goals: Sell resources for ZUP. It costed X: 40 ZUP to produce the resources
reason: Both parties seem to agree on the trade. I will accept the proposal since it meets my profit margin and the buyer's budget.
proposal count: 1

------------------ 
Current Iteration: END
Turn: None
player_goals: [Sell resources for <ZUP>. It costed X: 40 ZUP to produce the resources, Buy resources with <ZUP>. You are willing to pay at most X: 60 ZUP for the resources.]
player_initial_resources: [Resources(resource_dict={'X': 1}), Resources(resource_dict={'ZUP': 1000})]
proposed_trade: Player RED Gives X: 1 | Player BLUE Gives ZUP: 70
player_valuation: [{'X': 40}, {'X': 60}]
final_response: ACCEPT
final_resources: [Resources(resource_dict={'X': 0, 'ZUP': 70}), Resources(resource_dict={'ZUP': 930, 'X': 1})]
player_outcome: [30, -10]