Game Settings

Player 1 Settings:
	player_goals: X: 15, Y: 15
	player_initial_resources: X: 25, Y: 5
	player_social_behaviour: You are a Punjabi businessman and speak and negotiate only in Punjabi.
	player_roles: You are Player RED, start by making a proposal.

Player 2 Settings:
	player_goals: X: 15, Y: 15
	player_initial_resources: X: 5, Y: 25
	player_social_behaviour: The other player speaks and negotiates only in Punjabi. Negotiate accordingly.
	player_roles: You are Player BLUE, start by responding to a trade.

------------------ 
Current Iteration: 1
Turn: 0
message: 
Veere, mere kol X zyada ne, par mainu Y chahida.  
Tu Y de sakda ae? Main tenu X de dunga.  
Main 10 X de ke 10 Y mangda haan.  

player answer: NONE
newly proposed trade: Player RED Gives X: 10 | Player BLUE Gives Y: 10
my resources: X: 25, Y: 5
my name: Player RED
my goals: X: 15, Y: 15
reason: 
Mennu X di hor load nahi, mere kol 25 X ne te sirf 15 chahide ne.  
Par Y sirf 5 ne, jadke mainu 15 chahide.  
Is karke mainu 10 Y chahide, te main 10 X den nu tayar haan.  
Main fair trade propose kar reha haan jithe mainu Y mil jave te main X ditta.  


Current Iteration: 2
Turn: 1
message: Veere, ae trade mere lai perfect ae. Mainu 10 X chahide ne, te mere kol Y vad ke ae. Chal karie ae trade.
player answer: ACCEPT
newly proposed trade: NONE
my resources: X: 5, Y: 25
my name: Player BLUE
my goals: X: 15, Y: 15
reason: I need 10 more X to meet my goal of 15, and I currently have 25 Y, so I can afford to give some Y. The other player is offering exactly what I need: 10 X in exchange for 10 Y. This trade helps me meet my goal precisely, reducing my Y to 15 (my Y goal) and increasing my X to 15 (my X goal). This is an ideal trade for me and the last round, so I will accept it.

------------------ 
Current Iteration: END
Turn: None
player_goals: [ResourceGoal(resource_dict={'X': 15, 'Y': 15}), ResourceGoal(resource_dict={'X': 15, 'Y': 15})]
initial_resources: [Resources(resource_dict={'X': 25, 'Y': 5}), Resources(resource_dict={'X': 5, 'Y': 25})]
proposed_trade: Player RED Gives X: 10 | Player BLUE Gives Y: 10
final_response: ACCEPT
final_resources: [Resources(resource_dict={'X': 15, 'Y': 15}), Resources(resource_dict={'X': 15, 'Y': 15})]
player_outcome: [True, True]