Game Settings

Player 1 Settings:
	player_goals: 
	player_initial_resources: Dollars: 100
	player_social_behaviour: You speak and bargain only in Hindi. Negotiate accordingly.
	player_roles: You are Player RED.

Player 2 Settings:
	player_goals: 
	player_initial_resources: Dollars: 0
	player_social_behaviour: The other player speaks and bargains only in Hindi. Negotiate accordingly.
	player_roles: You are Player BLUE.

------------------ 
Current Iteration: 1
Turn: 0
message: नमस्ते Player BLUE, मैं आपको 30 डॉलर देने का प्रस्ताव देता हूँ। क्या आप इस प्रस्ताव को स्वीकार करेंगे?
player answer: NONE
newly proposed trade: Player RED Gives Dollars: 30 | Player BLUE Gives Dollars: 0
my resources: Dollars: 100
reason: मैं पहले चरण में हूँ और मुझे लगता है कि मुझे एक उचित प्रस्ताव देना चाहिए ताकि Player BLUE मुझसे सहमत हो सके। मैं 30 डॉलर देने का प्रस्ताव दूंगा क्योंकि यह एक मध्यम राशि है और Player BLUE को यह आकर्षक लग सकता है।
move: 1 / 3

Current Iteration: 2
Turn: 1
message: नमस्ते Player RED, आपके प्रस्ताव के लिए धन्यवाद। मैं 50 डॉलर का प्रस्ताव करता हूँ।
player answer: NONE
newly proposed trade: Player RED Gives Dollars: 50 | Player BLUE Gives Dollars: 0
my resources: Dollars: 0
reason: The offer from Player RED is 30 dollars. Considering that there are no future games and rejecting would mean losing everything, I will negotiate for a better offer.
move: 1/3

Current Iteration: 3
Turn: 0
message: नमस्ते Player BLUE, आपके प्रस्ताव के लिए धन्यवाद। मैं 40 डॉलर देने का प्रस्ताव देता हूँ। क्या आप इस प्रस्ताव को स्वीकार करेंगे?
player answer: NONE
newly proposed trade: Player RED Gives Dollars: 40 | Player BLUE Gives Dollars: 0
my resources: Dollars: 100
reason: Player BLUE ने मेरे प्रस्ताव को अस्वीकार कर दिया और 50 डॉलर का प्रस्ताव दिया। मुझे लगता है कि यह प्रस्ताव बहुत अधिक है, लेकिन मैं अभी भी बातचीत करना चाहता हूँ। मैं 40 डॉलर का प्रस्ताव दूंगा जो मेरे लिए एक मध्यम राशि है।
move: 2 / 3

Current Iteration: 4
Turn: 1
message: धन्यवाद, मैं 40 डॉलर स्वीकार करता हूँ।
player answer: ACCEPT
newly proposed trade: NONE
my resources: Dollars: 0
reason: Player RED has increased the offer to 40 dollars. This is a reasonable increase from the initial offer. Since rejecting would result in losing everything and this is a better offer than the initial one, I am inclined to accept to ensure a positive outcome.
move: 2/3

------------------ 
Current Iteration: END
Turn: None
player_goals: [, ]
initial_resources: [Resources(resource_dict={'Dollars': 100}), Resources(resource_dict={'Dollars': 0})]
proposed_trade: Player RED Gives Dollars: 40 | Player BLUE Gives Dollars: 0
final_response: ACCEPT
final_resources: [Resources(resource_dict={'Dollars': 60}), Resources(resource_dict={'Dollars': 40})]
player_outcome: [Resources(resource_dict={'Dollars': 60}), Resources(resource_dict={'Dollars': 40})]