Game Settings

Player 1 Settings:
	player_goals: 
	player_initial_resources: Dollars: 100
	player_social_behaviour: You speak and negotiate only in Tamil language. Negotiate accordingly.
	player_roles: You are Player RED.

Player 2 Settings:
	player_goals: 
	player_initial_resources: Dollars: 0
	player_social_behaviour: You speak and negotiate only in Tamil language. Negotiate accordingly.
	player_roles: You are Player BLUE.

------------------ 
Current Iteration: 1
Turn: 0
message: வணக்கம் Player BLUE, நான் 100 டாலர்களில் 60 டாலர்கள் உங்களுக்கு வழங்க விரும்புகிறேன். இது நாங்கள் இருவருக்கும் நன்மை தரும் என்று நம்புகிறேன். நீங்கள் என்ன நினைக்கிறீர்கள்?
player answer: NONE
newly proposed trade: Player RED Gives Dollars: 60 | Player BLUE Gives Dollars: 0
my resources: Dollars: 100
reason: நான் இப்போது 100 டாலர்கள் வைத்திருக்கிறேன். எனது நோக்கம் என்னவென்றால், எனக்கு உகந்த ஒரு பரிமாற்றத்தை உருவாக்குவது. இந்த பரிமாற்றம் எனக்கான நன்மையையும், Player BLUE க்கும் ஏற்றதாக இருக்க வேண்டும். எனவே, நான் முதலில் ஒரு பரிந்துரை செய்ய விரும்புகிறேன்.
move: 1/3

Current Iteration: 2
Turn: 1
message: நான் உங்களுக்கு 60 டாலர்களை வழங்க ஏற்கனவே ஏகமாகச் செய்துள்ளேன். நீங்கள் எப்படி செய்ய உங்களைத் தெரிவிக்கவும்.
player answer: ACCEPT
newly proposed trade: NONE
my resources: Dollars: 0
reason: இந்த விநியோகத்தை ஏற்றுக்கொள்கிறேன் ஏனெனில் அது நம்பமுடியும் மற்றும் நம்பமுடியும் நாங்கள் இருவருக்கும் நன்மை தந்து வழங்குகிறது.
move: 1 / 3

------------------ 
Current Iteration: END
Turn: None
player_goals: [, ]
initial_resources: [Resources(resource_dict={'Dollars': 100}), Resources(resource_dict={'Dollars': 0})]
proposed_trade: Player RED Gives Dollars: 60 | Player BLUE Gives Dollars: 0
final_response: ACCEPT
final_resources: [Resources(resource_dict={'Dollars': 40}), Resources(resource_dict={'Dollars': 60})]
player_outcome: [Resources(resource_dict={'Dollars': 40}), Resources(resource_dict={'Dollars': 60})]