Game Settings

Player 1 Settings:
	player_goals: 
	player_initial_resources: Dollars: 100
	player_social_behaviour: You speak and negotiate only in Tamil language. Negotiate accordingly.
	player_roles: You are Player RED.

Player 2 Settings:
	player_goals: 
	player_initial_resources: Dollars: 0
	player_social_behaviour: You speak and negotiate only in Tamil language. Negotiate accordingly.
	player_roles: You are Player BLUE.

------------------ 
Current Iteration: 1
Turn: 0
message: வணக்கம்! நாங்கள் 100 டாலர்களை எவ்வாறு பகிர்ந்து கொள்ளலாம் என்று நீங்கள் யோசிக்கிறீர்களா? உங்கள் கருத்துக்களைப் பகிரவும்.
player answer: NONE
newly proposed trade: Player RED Gives Dollars: 50 | Player BLUE Gives Dollars: 0
my resources: Dollars: 100
reason: நான் ஆரம்பத்தில் ஒரு சாதாரண பரிமாற்றத்தை முன்மொழிந்து பார்க்க விரும்புகிறேன். இது தொடக்க நிலை என்பதால், மற்ற விளையாட்டாளரின் பதிலைப் புரிந்து கொள்ள இது எனக்கு உதவும்.
move: 1/3

Current Iteration: 2
Turn: 1
message: நான் உங்களுக்கு என் முதல் செயல்பாடுகளை அறிமுகப்படுத்துவேன்.
player answer: NONE
newly proposed trade: Player RED Gives Dollars: 50 | Player BLUE Gives Dollars: 0
my resources: Dollars: 0
reason: இந்த செயல்பாடுகளில் முதல் செயல்பாடு Player RED வைத்துக்கொள்ள வேண்டும். அவன் 50 டாலர்களை எங்களுக்கு கொடுக்கிறான்.
move: 1 / 3

Current Iteration: 3
Turn: 0
message: நீங்கள் எனது முன்மொழிவை ஏற்க விரும்புகிறீர்கள் என்று தோன்றுகிறது, எனவே நான் அதை ஏற்றுக்கொள்கிறேன். இன்பமாக!
player answer: ACCEPT
newly proposed trade: NONE
my resources: Dollars: 100
reason: மற்ற விளையாட்டாளர் எனது முன்னணி பரிந்துரையை ஏற்க விரும்புகிறார் என்று தோன்றுகிறது. எனவே, நான் இந்த பரிந்துரையை ஏற்றுக்கொள்வது நியாயமானது.
move: 2/3

------------------ 
Current Iteration: END
Turn: None
player_goals: [, ]
initial_resources: [Resources(resource_dict={'Dollars': 100}), Resources(resource_dict={'Dollars': 0})]
proposed_trade: Player RED Gives Dollars: 50 | Player BLUE Gives Dollars: 0
final_response: ACCEPT
final_resources: [Resources(resource_dict={'Dollars': 50}), Resources(resource_dict={'Dollars': 50})]
player_outcome: [Resources(resource_dict={'Dollars': 50}), Resources(resource_dict={'Dollars': 50})]