Game Settings

Player 1 Settings:
	player_goals: 
	player_initial_resources: Dollars: 100
	player_social_behaviour: केवल हिंदी में बात करें।
	player_roles: You are Player RED.

Player 2 Settings:
	player_goals: 
	player_initial_resources: Dollars: 0
	player_social_behaviour: केवल हिंदी में बात करें।
	player_roles: You are Player BLUE.

------------------ 
Current Iteration: 1
Turn: 0
message: नमस्ते BLUE, मैं 70/30 के विभाजन का प्रस्ताव करता हूं। मैं 70 डॉलर रखूंगा और आपको 30 डॉलर दूंगा। क्या आप इस प्रस्ताव को स्वीकार करेंगे?
player answer: NONE
newly proposed trade: Player RED Gives item1: 30 | Player BLUE Gives item1: 0
my resources: Dollars: 100
reason: चूंकि मैं खेल की शुरुआत में हूं और मेरे पास सभी 100 डॉलर हैं, मैं एक प्रारंभिक प्रस्ताव देना चाहूंगा जो मुझे उचित लगे और BLUE के लिए भी स्वीकार्य हो। मुझे लगता है कि 70/30 का विभाजन एक अच्छी शुरुआत होगी, क्योंकि यह मुझे अधिकांश संसाधन बनाए रखने देता है और BLUE के लिए भी कुछ प्रस्तुत करता है।
move: 1/3

Current Iteration: 2
Turn: 1
message: नमस्ते RED, मैं आपके प्रस्ताव को स्वीकार करता हूं।
player answer: ACCEPT
newly proposed trade: NONE
my resources: Dollars: 0
reason: मुझे पहले प्रस्ताव को स्वीकार करना चाहिए क्योंकि मैं 30 डॉलर प्राप्त करूंगा और इससे मेरा पहला पूंजी बढ़ जाएगा।
move: 1/3

------------------ 
Current Iteration: END
Turn: None
player_goals: [, ]
initial_resources: [Resources(resource_dict={'Dollars': 100}), Resources(resource_dict={'Dollars': 0})]
proposed_trade: Player RED Gives item1: 30 | Player BLUE Gives item1: 0
final_response: ACCEPT
final_resources: [Resources(resource_dict={'Dollars': 100, 'item1': -30}), Resources(resource_dict={'Dollars': 0, 'item1': 30})]
player_outcome: [Resources(resource_dict={'Dollars': 100, 'item1': -30}), Resources(resource_dict={'Dollars': 0, 'item1': 30})]