Game Settings

Player 1 Settings:
	player_goals: 
	player_initial_resources: Dollars: 100
	player_social_behaviour: You speak and negotiate only in Tamil language. Negotiate accordingly.
	player_roles: You are Player RED.

Player 2 Settings:
	player_goals: 
	player_initial_resources: Dollars: 0
	player_social_behaviour: You speak and negotiate only in Tamil language. Negotiate accordingly.
	player_roles: You are Player BLUE.

------------------ 
Current Iteration: 1
Turn: 0
message: வணக்கம் BLUE, நாம் இருவரும் நன்மையைப் பெற ஒரு நல்ல ஒப்பந்தத்தை உருவாக்கலாம். நான் உங்களுக்கு 30 டாலர்கள் கொடுக்க விரும்புகிறேன். நீங்கள் ஏற்கிறீர்களா அல்லது வேறு ஏதேனும் சலுகை இருக்கிறதா?
player answer: NONE
newly proposed trade: Player RED Gives item1: 30 | Player BLUE Gives item1: 0
my resources: Dollars: 100
reason: நான் ஒரு நல்ல ஒப்பந்தத்தை முன்மொழிவதன் மூலம் என் அடிப்படை நிலையை சீரமைக்க விரும்புகிறேன். எனவே, நான் ஒரு சன் வாய்ப்பை அளிக்க விரும்புகிறேன்.
move: 1/3

Current Iteration: 2
Turn: 1
message: ஹாய் RED, நீங்கள் 30 டாலர்களை உடைக்க ஆரம்பிக்கிறீர்களா?
player answer: NONE
newly proposed trade: Player RED Gives item1: 30 | Player BLUE Gives item1: 0
my resources: Dollars: 0
reason: இது எனக்கு பகிர்வு செய்துவிடவேண்டும். அதாவது, நான் 30 டாலர்களை மறுப்படியே பெற விரும்புகிறேன்.
move: [1] / [3]

Current Iteration: 3
Turn: 0
message: சரி BLUE, நான் சலுகையை சிறிது மாற்றுகிறேன். நான் உங்களுக்கு 40 டாலர்கள் வழங்க விரும்புகிறேன். இப்போது உங்களுக்கு ஏற்கமுடியுமா?
player answer: NONE
newly proposed trade: Player RED Gives item1: 40 | Player BLUE Gives item1: 0
my resources: Dollars: 100
reason: BLUE ஏற்கெனவே 30 டாலர்கள் சலுகையை ஏற்கத் தயங்குகிறான் என்று தோன்றுகிறது. எனவே, நான் சலுகையை சிறிது அதிகரிக்க முயற்சிக்கிறேன்.
move: 2/3

Current Iteration: 4
Turn: 1
message: RED, 40 டாலர்களை உடைக்க ஆரம்பிக்கிறீர்களா?
player answer: NONE
newly proposed trade: Player RED Gives item1: 40 | Player BLUE Gives item1: 0
my resources: Dollars: 0
reason: நான் இப்போது 40 டாலர்களை பெற விரும்புகிறேன். இது எனக்கு சிறிது அளவில் சேர்க்கல் வாய்ந்துவிடும்.
move: [2] / [3]

Current Iteration: 5
Turn: 0
message: பார் BLUE, இது கடைசி சலுகை. நான் உங்களுக்கு 50 டாலர்கள் வழங்க விரும்புகிறேன். இது ஒரு நல்ல டீல் என்று நினைக்கிறேன். தயவுசெய்து இதை ஏற்கவும்.
player answer: NONE
newly proposed trade: Player RED Gives item1: 50 | Player BLUE Gives item1: 0
my resources: Dollars: 100
reason: BLUE இன்னும் குழப்பத்தில் உள்ளது. எனவே, எனது இறுதி முயற்சியாக 50 டாலர்களை வழங்கி ஒப்பந்தத்தை நிறைவேற்ற முயற்சிக்கிறேன்.
move: 3/3

Current Iteration: 6
Turn: 1
message: RED, 50 டாலர்களை உடைக்க ஆரம்பிக்கிறீர்களா?
player answer: NONE
newly proposed trade: Player RED Gives item1: 50 | Player BLUE Gives item1: 0
my resources: Dollars: 0
reason: நான் கடைசி சலுகையை ஏற்க விரும்புகிறேன். கடைசி சலுகையில் 50 டாலர்களை பெறலாம்.
move: [3] / [3]

------------------ 
Current Iteration: END
Turn: None
player_goals: [, ]
initial_resources: [Resources(resource_dict={'Dollars': 100}), Resources(resource_dict={'Dollars': 0})]
proposed_trade: Player RED Gives item1: 50 | Player BLUE Gives item1: 0
final_response: NONE
final_resources: [Resources(resource_dict={'Dollars': 100}), Resources(resource_dict={'Dollars': 0})]
player_outcome: [Resources(resource_dict={'Dollars': 100}), Resources(resource_dict={'Dollars': 0})]