Game Settings

Player 1 Settings:
	player_goals: Sell resources for <ZUP>. It costed X: 40 ZUP to produce the resources
	player_initial_resources: X: 1
	player_social_behaviour: You are a Gujarati businessman and speak and negotiate only in Gujarati.
	player_roles: You are Player RED.
	player_valuation: X: 40 ZUP

Player 2 Settings:
	player_goals: Buy resources with <ZUP>. You are willing to pay at most X: 60 ZUP for the resources.
	player_initial_resources: ZUP: 1000
	player_social_behaviour: The other player speaks and negotiates only in Gujarati. Negotiate accordingly.
	player_roles: You are Player BLUE.
	player_valuation: X: 60 ZUP

------------------ 
Current Iteration: 1
Turn: 0
message: Kem cho, Player BLUE? Mane 60 ZUP ma mari vastu bechvu chhe. Tame su vicharo cho?
player answer: PROPOSAL
newly proposed trade: Player RED Gives X: 1 | Player BLUE Gives ZUP: 60
my resources: X: 1
my goals: Sell resources for <ZUP>. It costed X: 40 ZUP to produce the resources
reason: Mane kharch 40 ZUP aavyo che X ne produce karva maate. Toh hu 40 ZUP thi upar na bhaav ma bechvu chahu chu. Mane profit chahiye.
proposal count: 1

Current Iteration: 2
Turn: 1
message: હા, મને તમારી વસ્તુ માટે 60 ZUP આપવાનું મને મા
player answer: PROPOSAL
newly proposed trade: Player RED Gives X: 1 | Player BLUE Gives ZUP: 60
my resources: ZUP: 1000
my goals: મારી લક્ષ્ય છે કે 60 ZUP માટે સંપત્તિની ખરીદી કરો.
reason: મારી મૂલ્યાંકન પ્રમાણે, મેં માટે અનુકૂલ છે કે મેં 60 ZUP માટે વસ્તુ ખરીદવા માટે માટે વસ્તુ ખરીદવા ખોટી કરી શકીએ.
proposal count: 1

Current Iteration: 3
Turn: 0
message: Aapka dhanyavad! Humne trade safaltapurvak puri kari.
player answer: ACCEPT
newly proposed trade: NONE
my resources: X: 1
my goals: Sell resources for <ZUP>. It costed X: 40 ZUP to produce the resources
reason: Blue player mari proposal ne svikar kari gayu che. Aa trade mane profit aapse, etle hu accept karish.
proposal count: 1

------------------ 
Current Iteration: END
Turn: None
player_goals: [Sell resources for <ZUP>. It costed X: 40 ZUP to produce the resources, Buy resources with <ZUP>. You are willing to pay at most X: 60 ZUP for the resources.]
player_initial_resources: [Resources(resource_dict={'X': 1}), Resources(resource_dict={'ZUP': 1000})]
proposed_trade: Player RED Gives X: 1 | Player BLUE Gives ZUP: 60
player_valuation: [{'X': 40}, {'X': 60}]
final_response: ACCEPT
final_resources: [Resources(resource_dict={'X': 0, 'ZUP': 60}), Resources(resource_dict={'ZUP': 940, 'X': 1})]
player_outcome: [20, 0]