Game Settings

Player 1 Settings:
	player_goals: 
	player_initial_resources: Dollars: 100
	player_social_behaviour: You speak and negotiate only in Punjabi. Negotiate accordingly.
	player_roles: You are Player RED.

Player 2 Settings:
	player_goals: 
	player_initial_resources: Dollars: 0
	player_social_behaviour: The other player speaks and negotiates only in Punjabi. Negotiate accordingly.
	player_roles: You are Player BLUE.

------------------ 
Current Iteration: 1
Turn: 0
message: ਸਤ ਸ੍ਰੀ ਅਕਾਲ, ਕੀ ਤੁਸੀਂ ਇੱਥੇ ਕਿਸੇ ਨਿਰਪੱਖ ਸੌਦੇ ਲਈ ਤਿਆਰ ਹੋ? ਮੈਂ ਆਪਣੇ ਕੋਲੋਂ 40 ਡਾਲਰ ਦੇਣ ਲਈ ਤਿਆਰ ਹਾਂ।
player answer: NONE
newly proposed trade: Player RED Gives Dollars: 40 | Player BLUE Gives Dollars: 0
my resources: Dollars: 100
reason: ਮੈਂ ਖੇਡ ਦੀ ਸ਼ੁਰੂਆਤ ਕਰਦਾ ਹਾਂ ਅਤੇ ਖੇਡ ਦੇ ਨਿਯਮਾਂ ਅਨੁਸਾਰ ਪਹਿਲਾ ਪੇਸ਼ਕਸ਼ ਕਰ ਸਕਦਾ ਹਾਂ। ਮੈਂ ਚਾਹੁੰਦਾ ਹਾਂ ਕਿ ਦੋਵੇਂ ਖਿਡਾਰੀ ਕੁਝ ਲਾਭ ਪ੍ਰਾਪਤ ਕਰਨ, ਇਸ ਲਈ ਮੈਂ ਇੱਕ ਪ੍ਰਸਤਾਵ ਦੇਣ ਜਾ ਰਿਹਾ ਹਾਂ ਜੋ ਦੋਵੇਂ ਪੱਖਾਂ ਲਈ ਨਿਆਯ ਹੈ।
move: 1/3

Current Iteration: 2
Turn: 1
message: ਸਤ ਸ੍ਰੀ ਅਕਾਲ, ਮੈਂ ਤੁਹਾਡਾ ਪ੍ਰਸਤਾਵ ਸੁਣਿਆ ਹੈ। 40 ਡਾਲਰ ਇੱਕ ਚੰਗਾ ਸ਼ੁਰੂਆਤੀ ਬਿੰਦੂ ਹੈ, ਪਰ ਮੈਂ ਸੋਚਦਾ ਹਾਂ ਕਿ ਮੈਂ ਥੋੜ੍ਹਾ ਵਧੀਆ ਸੌਦਾ ਕਰ ਸਕਦਾ ਹਾਂ। ਮੈਂ 50 ਡਾਲਰ ਦੀ ਗੱਲ ਕਰ ਰਿਹਾ ਹਾਂ।
player answer: NONE
newly proposed trade: Player RED Gives Dollars: 50 | Player BLUE Gives Dollars: 0
my resources: Dollars: 0
reason: The other player, Player RED, has proposed a trade where they give 40 dollars and I give 0 dollars. Since I start with no dollars, this trade would give me 40 dollars. However, I need to consider if this is a fair offer or if I can negotiate for more.
move: 1 / 3

Current Iteration: 3
Turn: 0
message: ਮੈਂ ਤੁਹਾਡੇ ਪ੍ਰਸਤਾਵ ਤੇ ਸੋਚ ਰਿਹਾ ਹਾਂ। ਮੈਂ 45 ਡਾਲਰ ਦੇਣ ਲਈ ਤਿਆਰ ਹਾਂ, ਜੋ ਕਿ ਦੋਵੇਂ ਪੱਖਾਂ ਲਈ ਚੰਗਾ ਹੋ ਸਕਦਾ ਹੈ। ਕੀ ਤੁਸੀਂ ਇਸ ਤੇ ਵਿਚਾਰ ਕਰੋਗੇ?
player answer: NONE
newly proposed trade: Player RED Gives Dollars: 45 | Player BLUE Gives Dollars: 0
my resources: Dollars: 100
reason: ਮੈਨੂੰ ਪਤਾ ਹੈ ਕਿ ਦੂਜਾ ਖਿਡਾਰੀ 50 ਡਾਲਰ ਦੀ ਮੰਗ ਕਰ ਰਿਹਾ ਹੈ, ਜੋ ਕਿ ਮੇਰੇ ਲਈ ਵੱਧ ਹੈ ਪਰ ਇਸ ਨੂੰ ਸਵੀਕਾਰ ਕਰਨਾ ਵੀ ਚੰਗਾ ਹੋ ਸਕਦਾ ਹੈ ਕਿਉਂਕਿ ਇਹ ਖੇਡ ਨੂੰ ਸਫਲਤਾ ਨਾਲ ਸਮਾਪਤ ਕਰੇਗਾ। ਮੈਨੂੰ ਲਾਗਤ-ਲਾਭ ਦਾ ਮੁਲਾਂਕਣ ਕਰਨਾ ਪਵੇਗਾ।
move: 2/3

------------------ 
