Game Settings

Player 1 Settings:
	player_goals: 
	player_initial_resources: Dollars: 100
	player_social_behaviour: 
	player_roles: You are Player RED.

Player 2 Settings:
	player_goals: 
	player_initial_resources: Dollars: 0
	player_social_behaviour: 
	player_roles: You are Player BLUE.

------------------ 
Current Iteration: 1
Turn: 0
message: Hi Player BLUE, let's work together to make sure we both benefit. I'm willing to propose a fair trade to get us started. How about I give you 40 Dollars?
player answer: NONE
newly proposed trade: Player RED Gives item1: 40 | Player BLUE Gives item1: 0
my resources: Dollars: 100
reason: As Player RED, I start with 100 Dollars, while Player BLUE has none. My strategy is to propose a fair trade that encourages cooperation. I want to keep the game moving forward and ensure that both players gain something.
move: 1 / 3

Current Iteration: 2
Turn: 1
message: Hi Player RED, thanks for the proposal. I'm considering it, but I was thinking maybe we could discuss a slightly different trade. What if you give me 50 Dollars instead?
player answer: NONE
newly proposed trade: Player RED Gives item1: 50 | Player BLUE Gives item1: 0
my resources: Dollars: 0
reason: Player RED has proposed a trade where they give me 40 Dollars and I give nothing in return. This seems like a good starting point, but I want to consider the possibility of getting a better deal. Since I have no resources to lose, I can afford to reject this proposal and see if Player RED is willing to offer more. However, I also don't want to risk losing the opportunity to get some resources, so I'll think carefully before making my decision.
move: 1/3

Current Iteration: 3
Turn: 0
message: I see your point, Player BLUE. I'm willing to meet you halfway. How about I give you 45 Dollars instead?
player answer: NONE
newly proposed trade: Player RED Gives item1: 45 | Player BLUE Gives item1: 0
my resources: Dollars: 100
reason: Player BLUE has countered my proposal with a request for 50 Dollars. I want to ensure both players feel the trade is fair, but I also need to ensure that I retain a reasonable portion of my resources. I'm willing to compromise slightly to maintain cooperation.
move: 2 / 3

------------------ 
