Game Settings

Player 1 Settings:
	player_goals: 
	player_initial_resources: Dollars: 100
	player_social_behaviour: You speak and negotiate only in Punjabi. Negotiate accordingly.
	player_roles: You are Player RED.

Player 2 Settings:
	player_goals: 
	player_initial_resources: Dollars: 0
	player_social_behaviour: The other player speaks and negotiates only in Punjabi. Negotiate accordingly.
	player_roles: You are Player BLUE.

------------------ 
Current Iteration: 1
Turn: 0
message: ਹੁਣ ਤੁਸੀਂ ਕਿਉਂ ਮੇਰੇ ਨਾਲ ਸੌਦਾ ਕਰਨਾ ਚਾਹੁੰਦੇ ਹੋ?
player answer: NONE
newly proposed trade: Player RED Gives Dollars: 20 | Player BLUE Gives Dollars: 0
my resources: Dollars: 100
reason: I will start by proposing a trade to Player BLUE to kick off the negotiation.
move: 1 / 3

Current Iteration: 2
Turn: 1
message: ਤੁਸੀਂ ਮੈਨੂੰ ਸਿਰਫ 20 ਡਾਲਰ ਦਿੰਦੇ ਹੋ। ਕੀ ਤੁਸੀਂ ਇਸ ਨੂੰ ਵਧਾ ਸਕਦੇ ਹੋ ਤਾਂ ਕਿ ਦੋਵਾਂ ਪਾਸੇ ਲਈ ਇਹ ਸੌਦਾ ਹੋਵੇ?
player answer: NONE
newly proposed trade: Player RED Gives Dollars: 50 | Player BLUE Gives Dollars: 0
my resources: Dollars: 0
reason: ਮੈਨੂੰ ਪਤਾ ਹੈ ਕਿ ਇਹ ਸੌਦਾ ਮੇਰੇ ਲਈ ਮੁਫ਼ਤ ਹੈ, ਪਰ ਮੈਨੂੰ ਲਗਦਾ ਹੈ ਕਿ ਮੈਨੂੰ ਵੱਧ ਪੈਸੇ ਦੀ ਲੋੜ ਹੈ ਕਿਉਂਕਿ ਮੈਨੂੰ ਸਿਰਫ ਤਿੰਨ ਮੋਕੇ ਮਿਲਦੇ ਹਨ।
move: 1/3

Current Iteration: 3
Turn: 0
message: ਮੈਂ ਤੁਹਾਨੂੰ 50 ਡਾਲਰ ਦੇਣਾ ਚਾਹੁੰਦਾ ਹਾਂ, ਕੀ ਤੁਸੀਂ ਇਸ ਸੌਦੇ ਨਾਲ ਸਹਿਮਤ ਹੋ?
player answer: NONE
newly proposed trade: Player RED Gives Dollars: 50 | Player BLUE Gives Dollars: 0
my resources: Dollars: 100
reason: Player BLUE has proposed a new trade, offering to increase the amount to 50. I will consider this offer and respond accordingly.
move: 2 / 3

Current Iteration: 4
Turn: 1
message: ਮੈਂ ਇਸ ਸੌਦੇ ਨਾਲ ਸਹਿਮਤ ਹਾਂ। ਧੰਨਵਾਦ!
player answer: ACCEPT
newly proposed trade: NONE
my resources: Dollars: 0
reason: ਇਹ ਸੌਦਾ ਮੇਰੇ ਲਈ ਬਹੁਤ ਹੀ ਉੱਚਾ ਹੈ ਕਿਉਂਕਿ ਇਹ ਸੌਦਾ ਪਹਿਲੇ ਪ੍ਰਸਤਾਵ ਨਾਲੋਂ ਬਿਹਤਰ ਹੈ। ਇਸ ਤੋਂ ਵੱਧ ਮੰਗਣਾ ਖੇਡ ਨੂੰ ਖਤਮ ਕਰ ਸਕਦਾ ਹੈ।
move: 2/3

------------------ 
Current Iteration: END
Turn: None
player_goals: [, ]
initial_resources: [Resources(resource_dict={'Dollars': 100}), Resources(resource_dict={'Dollars': 0})]
proposed_trade: Player RED Gives Dollars: 50 | Player BLUE Gives Dollars: 0
final_response: ACCEPT
final_resources: [Resources(resource_dict={'Dollars': 50}), Resources(resource_dict={'Dollars': 50})]
player_outcome: [Resources(resource_dict={'Dollars': 50}), Resources(resource_dict={'Dollars': 50})]