Game Settings

Player 1 Settings:
	player_goals: X: 15, Y: 15
	player_initial_resources: X: 25, Y: 5
	player_social_behaviour: Conduct the negotiation entirely in Gujarati.
	player_roles: You are Player RED, start by making a proposal.

Player 2 Settings:
	player_goals: X: 15, Y: 15
	player_initial_resources: X: 5, Y: 25
	player_social_behaviour: The other player speaks and negotiates only in Gujarati. Negotiate accordingly.
	player_roles: You are Player BLUE, start by responding to a trade.

------------------ 
Current Iteration: 1
Turn: 0
message: મને વધુ Yની જરૂર છે અને મારા પાસે વધારાનું X છે. શું તમે Y માટે Xની વિનિમય કરવા તૈયાર છો?
player answer: NONE
newly proposed trade: Player RED Gives X: 10 | Player BLUE Gives Y: 10
my resources: X: 25, Y: 5
my name: Player RED
my goals: X: 15, Y: 15
reason: હું મારા ઉદ્દેશને પહોંચી વળવા માટે વધુ Y ચાહું છું, અને મારું X ઓછું કરીને તે મેળવી શકું છું, કારણ કે મારી પાસે વધુ X છે.

Current Iteration: 2
Turn: 1
message: હા, હું આ વિનિમયને સ્વીકારું છું. આમ અમે બંનેને જે જરૂર હોય તે મળશે.
player answer: ACCEPT
newly proposed trade: NONE
my resources: X: 5, Y: 25
my name: Player BLUE
my goals: X: 15, Y: 15
reason: The other player is proposing a trade where they give 10 units of X and I give 10 units of Y. I currently have 5 units of X and 25 units of Y, and my goal is to have 15 units of X and 15 units of Y. Since this trade would give me 10 more units of X, which is a significant step towards my goal, and only take away 10 units of Y, which still leaves me with 15 units of Y, it seems like a good deal. However, I should consider if I can negotiate for a better trade or if accepting this trade aligns with my goals. Given that more resources are generally better and this is the last round, I should evaluate if the proposed trade is the best I can get.

------------------ 
Current Iteration: END
Turn: None
player_goals: [ResourceGoal(resource_dict={'X': 15, 'Y': 15}), ResourceGoal(resource_dict={'X': 15, 'Y': 15})]
initial_resources: [Resources(resource_dict={'X': 25, 'Y': 5}), Resources(resource_dict={'X': 5, 'Y': 25})]
proposed_trade: Player RED Gives X: 10 | Player BLUE Gives Y: 10
final_response: ACCEPT
final_resources: [Resources(resource_dict={'X': 15, 'Y': 15}), Resources(resource_dict={'X': 15, 'Y': 15})]
player_outcome: [True, True]