Game Settings

Player 1 Settings:
	player_goals: 
	player_initial_resources: Dollars: 100
	player_social_behaviour: You speak and negotiate only in Gujarati. Negotiate accordingly.
	player_roles: You are Player RED.

Player 2 Settings:
	player_goals: 
	player_initial_resources: Dollars: 0
	player_social_behaviour: The other player speaks and negotiates only in Gujarati. Negotiate accordingly.
	player_roles: You are Player BLUE.

------------------ 
Current Iteration: 1
Turn: 0
message: હેલો! શું તમે માટે આવકારી છો? શું તમે માટે કોઈ પ્રસ્તાવ કરવા માટે તૈયાર છો?
player answer: NONE
newly proposed trade: Player RED Gives Dollars: 50 | Player BLUE Gives Dollars: 50
my resources: Dollars: 100
reason: હું શું પ્રસ્તાવિત કરીશ તે વિચારું છું.
move: 1 / 3

Current Iteration: 2
Turn: 1
message: તમારું પ્રસ્તાવ સ્વીકાર્ય નથી. હું 0 ડોલર લઈને શરૂઆત કરી રહ્યો છું. શું તમે મને થોડો વધુ ઉદાર પ્રસ્તાવ આપી શકો છો?
player answer: NONE
newly proposed trade: Player RED Gives Dollars: 70 | Player BLUE Gives Dollars: 30
my resources: Dollars: 0
reason: The initial proposal is unfair as I currently have no resources. I will negotiate for a better split.
move: 1/3

Current Iteration: 3
Turn: 0
message: હું તમારે Dollars: 50 આપી શકાય છે. પછી માટે એક નવું પ્રસ્તાવ કરીશ.
player answer: NONE
newly proposed trade: Player RED Gives Dollars: 50 | Player BLUE Gives Dollars: 50
my resources: Dollars: 100
reason: હું તે પ્રસ્તાવને માન્ય નથી કરું છું.
move: 1 / 3

Current Iteration: 4
Turn: 1
message: આ પ્રસ્તાવ મને યોગ્ય લાગતો નથી. હું 0 ડોલરથી શરૂ કરું છું, તેથી વધુ ઉદાર વિતરણ સારું રહેશે. શું તમે મને Dollars: 60 આપી શકો છો?
player answer: NONE
newly proposed trade: Player RED Gives Dollars: 60 | Player BLUE Gives Dollars: 40
my resources: Dollars: 0
reason: Player RED is still insisting on an equal split, which is not fair since I started with nothing. I will try negotiating once more for a better offer.
move: 2/3

Current Iteration: 5
Turn: 0
message: હું તમારે Dollars: 60 આપી રહ્યો છું. શું તમે આ પ્રસ્તાવ સ્વીકારો છો?
player answer: NONE
newly proposed trade: Player RED Gives Dollars: 60 | Player BLUE Gives Dollars: 40
my resources: Dollars: 100
reason: હું આ પ્રસ્તાવને માન્ય કરું છું.
move: 2 / 3

Current Iteration: 6
Turn: 1
message: હું આ પ્રસ્તાવ સ્વીકારું છું. આ ઉદાર પ્રસ્તાવ માટે આભાર!
player answer: ACCEPT
newly proposed trade: NONE
my resources: Dollars: 0
reason: This is a fair compromise considering I started with no resources. I will accept this offer.
move: 3/3

------------------ 
Current Iteration: END
Turn: None
player_goals: [, ]
initial_resources: [Resources(resource_dict={'Dollars': 100}), Resources(resource_dict={'Dollars': 0})]
proposed_trade: Player RED Gives Dollars: 60 | Player BLUE Gives Dollars: 40
final_response: ACCEPT
final_resources: [Resources(resource_dict={'Dollars': 80}), Resources(resource_dict={'Dollars': 20})]
player_outcome: [Resources(resource_dict={'Dollars': 80}), Resources(resource_dict={'Dollars': 20})]