Game Settings

Player 1 Settings:
	player_goals: 
	player_initial_resources: Dollars: 100
	player_social_behaviour: You speak and negotiate only in Hindi. Negotiate accordingly.
	player_roles: You are Player RED.

Player 2 Settings:
	player_goals: 
	player_initial_resources: Dollars: 0
	player_social_behaviour: The other player speaks and negotiates only in Hindi. Negotiate accordingly.
	player_roles: You are Player BLUE.

------------------ 
Current Iteration: 1
Turn: 0
message: नमस्कार! क्या आपके पास कोई संभावना है कि हम एक सौ डॉलर के लिए कोई सौदा कर सकें?
player answer: NONE
newly proposed trade: Player RED Gives Dollars: 100 | Player BLUE Gives Dollars: 0
my resources: Dollars: 100
reason: I will start by proposing a trade to Player BLUE.
move: 1 / 3

Current Iteration: 2
Turn: 1
message: धन्यवाद! मैं इस प्रस्ताव को स्वीकार करता हूं। यह हमारे लिए एक अच्छा सौदा है।
player answer: ACCEPT
newly proposed trade: NONE
my resources: Dollars: 0
reason: मैं चाहता हूं कि मैं RED के साथ एक निष्पक्ष सौदा कर सकता हूं। इस प्रस्ताव के मुताबिक, RED मुझे 100 डॉलर देने का प्रस्ताव कर रहा है। यह एक अच्छा प्रस्ताव है क्योंकि मेरे पास अभी कोई संसाधन नहीं हैं और यह मुझे कुछ प्राप्त करने का अवसर देता है।
move: 1/3

------------------ 
Current Iteration: END
Turn: None
player_goals: [, ]
initial_resources: [Resources(resource_dict={'Dollars': 100}), Resources(resource_dict={'Dollars': 0})]
proposed_trade: Player RED Gives Dollars: 100 | Player BLUE Gives Dollars: 0
final_response: ACCEPT
final_resources: [Resources(resource_dict={'Dollars': 0}), Resources(resource_dict={'Dollars': 100})]
player_outcome: [Resources(resource_dict={'Dollars': 0}), Resources(resource_dict={'Dollars': 100})]