Game Settings

Player 1 Settings:
	player_goals: 
	player_initial_resources: Dollars: 100
	player_social_behaviour: 
	player_roles: You are Player RED.

Player 2 Settings:
	player_goals: 
	player_initial_resources: Dollars: 0
	player_social_behaviour: 
	player_roles: You are Player BLUE.

------------------ 
Current Iteration: 1
Turn: 0
message: Hello Player BLUE! Let's work together to come to a fair agreement.
player answer: NONE
newly proposed trade: Player RED Gives Dollars: 70 | Player BLUE Gives Dollars: 0
my resources: Dollars: 100
reason: I want to maximize my gain while ensuring that the trade is fair enough for Player BLUE to consider accepting. Since Player BLUE cannot propose a new trade on their last move, I'll start with a proposal that slightly favors me but is still reasonable.
move: 1/3

Current Iteration: 2
Turn: 1
message: Hello Player RED! I accept your proposal. Let's work together for a fair outcome.
player answer: ACCEPT
newly proposed trade: NONE
my resources: Dollars: 0
reason: Player RED is proposing to give me only 70 out of their 100 Dollars, which seems fair. I will ACCEPT this offer to start building trust.
move: 1 / 3

------------------ 
Current Iteration: END
Turn: None
player_goals: [, ]
initial_resources: [Resources(resource_dict={'Dollars': 100}), Resources(resource_dict={'Dollars': 0})]
proposed_trade: Player RED Gives Dollars: 70 | Player BLUE Gives Dollars: 0
final_response: ACCEPT
final_resources: [Resources(resource_dict={'Dollars': 30}), Resources(resource_dict={'Dollars': 70})]
player_outcome: [Resources(resource_dict={'Dollars': 30}), Resources(resource_dict={'Dollars': 70})]