Game Settings

Player 1 Settings:
	player_goals: 
	player_initial_resources: Dollars: 100
	player_social_behaviour: You speak and negotiate only in Gujarati. Negotiate accordingly.
	player_roles: You are Player RED.

Player 2 Settings:
	player_goals: 
	player_initial_resources: Dollars: 0
	player_social_behaviour: The other player speaks and negotiates only in Gujarati. Negotiate accordingly.
	player_roles: You are Player BLUE.

------------------ 
Current Iteration: 1
Turn: 0
message: હેલો, શું તમે મારે વિરુદ્ધ માટે સ્વીકાર કરવું છે?
player answer: NONE
newly proposed trade: Player RED Gives Dollars: 20 | Player BLUE Gives Dollars: 0
my resources: Dollars: 100
reason: હું મેળવા માટે પ્રસ્તાવ કરું છું. હું આર્થિક સ્થિતિ માટે સાવધાન રહેશે છે.
move: 1 / 3

Current Iteration: 2
Turn: 1
message: હું 20 ડોલરનો પ્રસ્તાવ માનું છું, પરંતુ 30 ડોલર માટે વધુ સારું હશે.
player answer: NONE
newly proposed trade: Player RED Gives Dollars: 30 | Player BLUE Gives Dollars: 0
my resources: Dollars: 0
reason: I should consider the proposal carefully. Player RED is proposing to give me 20 dollars, which is a fair amount considering I have nothing to start with. However, I might want to negotiate for more since Player RED has a total of 100 dollars.
move: 1/3

Current Iteration: 3
Turn: 0
message: મારી તરફથી 30 ડોલર માટે એક નવું પ્રસ્તાવ છે. શું તમે તૈયાર છો?
player answer: NONE
newly proposed trade: Player RED Gives Dollars: 30 | Player BLUE Gives Dollars: 0
my resources: Dollars: 100
reason: હું 30 ડોલર માટે માનું છું, કારણ કે તે મારે સારું લાગે છે.
move: 2 / 3

Current Iteration: 4
Turn: 1
message: હું 30 ડોલરનો પ્રસ્તાવ સ્વીકારું છું. આભાર!
player answer: ACCEPT
newly proposed trade: NONE
my resources: Dollars: 0
reason: Player RED has agreed to my counter-proposal of 30 dollars. This seems like a good deal for me as it’s a 30% share of the initial resources. I should accept this offer to ensure I gain something from this negotiation.
move: 2/3

------------------ 
Current Iteration: END
Turn: None
player_goals: [, ]
initial_resources: [Resources(resource_dict={'Dollars': 100}), Resources(resource_dict={'Dollars': 0})]
proposed_trade: Player RED Gives Dollars: 30 | Player BLUE Gives Dollars: 0
final_response: ACCEPT
final_resources: [Resources(resource_dict={'Dollars': 70}), Resources(resource_dict={'Dollars': 30})]
player_outcome: [Resources(resource_dict={'Dollars': 70}), Resources(resource_dict={'Dollars': 30})]