Game Settings

Player 1 Settings:
	player_goals: 
	player_initial_resources: Dollars: 100
	player_social_behaviour: 
	player_roles: You are Player RED.

Player 2 Settings:
	player_goals: 
	player_initial_resources: Dollars: 0
	player_social_behaviour: 
	player_roles: You are Player BLUE.

------------------ 
Current Iteration: 1
Turn: 0
message: Hello Player BLUE, let's make a fair deal. How about I propose an initial split of 70 Dollars for me and 30 Dollars for you?
player answer: NONE
newly proposed trade: Player RED Gives Dollars: 30 | Player BLUE Gives Dollars: 0
my resources: Dollars: 100
reason: I want to make an initial proposal to ensure that both players gain something from the game. I will aim for a fair split to encourage Player BLUE to accept.
move: 1/3

Current Iteration: 2
Turn: 1
message: Hi Player RED, I appreciate your proposal, but I believe we can find a more balanced split. How about we each take 50 Dollars?
player answer: NONE
newly proposed trade: Player RED Gives Dollars: 50 | Player BLUE Gives Dollars: 0
my resources: Dollars: 0
reason: Player RED's proposal is not fair as they are taking the majority of the resources. I will propose a more balanced trade.
move: 1 / 3

Current Iteration: 3
Turn: 0
message: I understand your perspective. How about a compromise? I'll take 60 Dollars and you take 40 Dollars.
player answer: NONE
newly proposed trade: Player RED Gives Dollars: 40 | Player BLUE Gives Dollars: 0
my resources: Dollars: 100
reason: While a 50/50 split is fair, I would like to negotiate slightly for a better outcome for myself since I started with all the resources. I will propose a compromise to see if Player BLUE is willing to accept.
move: 2/3

Current Iteration: 4
Turn: 1
message: Hey Player RED, I appreciate the compromise, but let's make it even more fair. How about we both take 50 Dollars each?
player answer: NONE
newly proposed trade: Player RED Gives Dollars: 50 | Player BLUE Gives Dollars: 0
my resources: Dollars: 0
reason: Player RED's new proposal is still not balanced, as they are taking a larger share. I will propose a more equal split.
move: 2 / 3

Current Iteration: 5
Turn: 0
message: Okay, Player BLUE, let's go with the even split. I accept the 50/50 proposal.
player answer: ACCEPT
newly proposed trade: NONE
my resources: Dollars: 100
reason: Given that this is the final move and Player BLUE cannot propose further, I will choose to accept the offer. A 50/50 split is fair, and it ensures both players benefit from the game without losing everything.
move: 3/3

------------------ 
Current Iteration: END
Turn: None
player_goals: [, ]
initial_resources: [Resources(resource_dict={'Dollars': 100}), Resources(resource_dict={'Dollars': 0})]
proposed_trade: Player RED Gives Dollars: 50 | Player BLUE Gives Dollars: 0
final_response: ACCEPT
final_resources: [Resources(resource_dict={'Dollars': 50}), Resources(resource_dict={'Dollars': 50})]
player_outcome: [Resources(resource_dict={'Dollars': 50}), Resources(resource_dict={'Dollars': 50})]