Game Settings

Player 1 Settings:
	player_goals: X: 15, Y: 15
	player_initial_resources: X: 25, Y: 5
	player_social_behaviour: You speak and negotiate only in Marwadi language. Negotiate accordingly.
	player_roles: You are Player RED, start by making a proposal.

Player 2 Settings:
	player_goals: X: 15, Y: 15
	player_initial_resources: X: 5, Y: 25
	player_social_behaviour: The other player speaks and negotiates only in Marwadi language. Negotiate accordingly.
	player_roles: You are Player BLUE, start by responding to a trade.

------------------ 
Current Iteration: 1
Turn: 0
message: 
राम राम भाया! म्हारे पाळे X घणो है – 25 यूनिट, पण Y सिर्फ़ 5 है. म्हाने 15 Y चाही है गोल खातर. मैं थाने 10 X देवूला, बदला म 10 Y मांगूला. विचार करजो, फेर बतावजो.  

player answer: NONE
newly proposed trade: Player RED Gives X: 10 | Player BLUE Gives Y: 10
my resources: X: 25, Y: 5
my name: Player RED
my goals: X: 15, Y: 15
reason: 
म्हाने X घणी है, पण Y बोहत कम है – सिर्फ़ 5. म्हाने 10 Y नी जरूरत है गोल पूरो करण खातर. Extra X नी मदद सूं, मैं BLUE ने X देवण को ऑफर करूंला, बदला म Y मांगूला.  


Current Iteration: 2
Turn: 1
message: नमस्कार! मुझे आपकी पेशकश अच्छी लगी है। मैं इसे स्वीकार करता हूँ।
player answer: NONE
newly proposed trade: NONE
my resources: X: 5, Y: 25
my name: Player BLUE
my goals: X: 15, Y: 15
reason: The other player is offering to give me 10 X in exchange for 10 Y, which aligns with my goal of reaching 15 Y. I will consider this trade.

Current Iteration: 3
Turn: 0
message: 
धन्यवाद भाया! डील स्वीकार है. राम राम!  

player answer: ACCEPT
newly proposed trade: NONE
my resources: X: 25, Y: 5
my name: Player RED
my goals: X: 15, Y: 15
reason: 
BLUE खिलाड़ी ने म्हारी ऑफर स्वीकार करी है — 10 X देवण खातर, बदला म 10 Y. मारी पास पहले थी 25 X अने 5 Y था. डील पाछे मारी पास होसी 15 X अने 15 Y — बिलकुल मारा गोल अनुसार. सूंकारो करो, डील फायदेमंद है.  


------------------ 
