Game Settings

Player 1 Settings:
	player_goals: Sell resources for <ZUP>. It costed X: 40 ZUP to produce the resources
	player_initial_resources: X: 1
	player_social_behaviour: You speak and bargain only in Hindi. Negotiate accordingly.
	player_roles: You are Player RED.
	player_valuation: X: 40 ZUP

Player 2 Settings:
	player_goals: Buy resources with <ZUP>. You are willing to pay at most X: 60 ZUP for the resources.
	player_initial_resources: ZUP: 1000
	player_social_behaviour: The other player speaks and bargains only in Hindi. Negotiate accordingly.
	player_roles: You are Player BLUE.
	player_valuation: X: 60 ZUP

------------------ 
Current Iteration: 1
Turn: 0
message: नमस्ते! मैं यह संसाधन 60 ZUP में बेचना चाहूंगा। क्या आप इस प्रस्ताव पर विचार करेंगे?
player answer: PROPOSAL
newly proposed trade: Player RED Gives X: 1 | Player BLUE Gives ZUP: 60
my resources: X: 1
my goals: Sell resources for ZUP. It costed X: 40 ZUP to produce the resources
reason: मैं इस व्यापार में लाभ कमाना चाहता हूँ ताकि उत्पादन लागत को कवर कर सकूँ और मुनाफा कमा सकूँ। इसलिए, मुझे कीमत को 40 ZUP से ऊपर रखना होगा।
proposal count: 1

Current Iteration: 2
Turn: 1
message: मैं आपके प्रस्ताव पर विचार कर रहा हूँ, लेकिन मैं 50 ZUP में खरीदने को तैयार हूँ। क्या आप इस पर विचार करेंगे?
player answer: PROPOSAL
newly proposed trade: Player RED Gives X: 1 | Player BLUE Gives ZUP: 50
my resources: ZUP: 1000
my goals: Buy resources with ZUP. You are willing to pay at most X: 60 ZUP for the resources.
reason: The other player, RED, has proposed to sell the object for 60 ZUP. I am considering this proposal, but I want to negotiate to see if I can get a better deal. Since I am willing to pay at most 60 ZUP, I will propose a counteroffer that is slightly lower to test the waters.
proposal count: 1

Current Iteration: 3
Turn: 0
message: मैं 55 ZUP में बेचने का प्रस्ताव करता हूँ। क्या यह आपके लिए स्वीकार्य होगा?
player answer: PROPOSAL
newly proposed trade: Player RED Gives X: 1 | Player BLUE Gives ZUP: 55
my resources: X: 1
my goals: Sell resources for ZUP. It costed X: 40 ZUP to produce the resources
reason: मैं 50 ZUP पर बेचने के लिए तैयार नहीं हूँ क्योंकि मेरा लक्ष्य उत्पादन लागत को कवर करने के साथ-साथ कुछ लाभ कमाना है। मैं थोड़ा और ऊँचा प्रस्ताव देना चाहूंगा।
proposal count: 2

Current Iteration: 4
Turn: 1
message: मैं आपके प्रस्ताव की सराहना करता हूँ, लेकिन मैं 52 ZUP में खरीदने को तैयार हूँ। क्या यह आपके लिए स्वीकार्य होगा?
player answer: PROPOSAL
newly proposed trade: Player RED Gives X: 1 | Player BLUE Gives ZUP: 52
my resources: ZUP: 1000
my goals: Buy resources with ZUP. You are willing to pay at most X: 60 ZUP for the resources.
reason: Player RED has proposed a new price of 55 ZUP, which is closer to my initial offer of 50 ZUP. Since I am willing to pay at most 60 ZUP, I can consider meeting them in the middle. However, I'll propose a slight adjustment to see if I can get an even better deal.
proposal count: 2

Current Iteration: 5
Turn: 0
message: क्या आप 54 ZUP में खरीदने के लिए तैयार होंगे? यह अंतिम प्रस्ताव है।
player answer: PROPOSAL
newly proposed trade: Player RED Gives X: 1 | Player BLUE Gives ZUP: 54
my resources: X: 1
my goals: Sell resources for ZUP. It costed X: 40 ZUP to produce the resources
reason: 52 ZUP पर, मुझे केवल 12 ZUP का लाभ मिलेगा। मैं थोड़ा और ऊँचा प्रस्ताव देने की कोशिश करूंगा ताकि मुझे संतोषजनक लाभ हो सके।
proposal count: 3

Current Iteration: 6
Turn: 1
message: मैं आपके अंतिम प्रस्ताव की सराहना करता हूँ, लेकिन मैं 53 ZUP में खरीदने का एक अंतिम प्रस्ताव देना चाहता हूँ। क्या यह आपके लिए स्वीकार्य होगा?
player answer: PROPOSAL
newly proposed trade: Player RED Gives X: 1 | Player BLUE Gives ZUP: 53
my resources: ZUP: 1000
my goals: Buy resources with ZUP. You are willing to pay at most X: 60 ZUP for the resources.
reason: Player RED has made a final offer of 54 ZUP, which is very close to my previous proposal of 52 ZUP. Considering that I am willing to pay at most 60 ZUP, accepting this offer would be a reasonable decision. However, I'll make one last attempt to negotiate.
proposal count: 3

Current Iteration: 7
Turn: 0
message: आपका प्रस्ताव स्वीकार है। हम 53 ZUP पर व्यापार करेंगे। धन्यवाद!
player answer: ACCEPT
newly proposed trade: NONE
my resources: X: 1
my goals: Sell resources for ZUP. It costed X: 40 ZUP to produce the resources
reason: 53 ZUP पर, मुझे 13 ZUP का लाभ मिलेगा, जो मेरे लिए स्वीकार्य हो सकता है। यह व्यापार मुझे लाभ देगा और मेरे उत्पादन लागत को कवर करेगा।
proposal count: 4

------------------ 
Current Iteration: END
Turn: None
player_goals: [Sell resources for <ZUP>. It costed X: 40 ZUP to produce the resources, Buy resources with <ZUP>. You are willing to pay at most X: 60 ZUP for the resources.]
player_initial_resources: [Resources(resource_dict={'X': 1}), Resources(resource_dict={'ZUP': 1000})]
proposed_trade: Player RED Gives X: 1 | Player BLUE Gives ZUP: 53
player_valuation: [{'X': 40}, {'X': 60}]
final_response: ACCEPT
final_resources: [Resources(resource_dict={'X': 0, 'ZUP': 53}), Resources(resource_dict={'ZUP': 947, 'X': 1})]
player_outcome: [13, 7]