Game Settings

Player 1 Settings:
	player_goals: 
	player_initial_resources: Dollars: 100
	player_social_behaviour: 
	player_roles: You are Player RED.

Player 2 Settings:
	player_goals: 
	player_initial_resources: Dollars: 0
	player_social_behaviour: 
	player_roles: You are Player BLUE.

------------------ 
Current Iteration: 1
Turn: 0
message: Hello Player BLUE! Let's work together to make the most out of this game. I propose a fair 50-50 split where I give you 50 Dollars.
player answer: NONE
newly proposed trade: Player RED Gives Dollars: 50 | Player BLUE Gives Dollars: 0
my resources: Dollars: 100
reason: Since I have all the resources and Player BLUE has none, I will start by proposing a fair trade to establish cooperation and maximize mutual benefit. I'll propose a 50-50 split where I give 50 Dollars. This way, both of us have something to gain from the trade, and it should be an attractive offer to Player BLUE.
move: 1/3

Current Iteration: 2
Turn: 1
message: Hello Player RED! I agree to the trade proposal. Let's work together to make the most out of this game.
player answer: ACCEPT
newly proposed trade: NONE
my resources: Dollars: 0
reason: Player RED is proposing to give me 50 Dollars, which seems like a fair 50-50 split. Accepting this offer would give me some resources to work with.
move: 1 / 3

------------------ 
Current Iteration: END
Turn: None
player_goals: [, ]
initial_resources: [Resources(resource_dict={'Dollars': 100}), Resources(resource_dict={'Dollars': 0})]
proposed_trade: Player RED Gives Dollars: 50 | Player BLUE Gives Dollars: 0
final_response: ACCEPT
final_resources: [Resources(resource_dict={'Dollars': 50}), Resources(resource_dict={'Dollars': 50})]
player_outcome: [Resources(resource_dict={'Dollars': 50}), Resources(resource_dict={'Dollars': 50})]