Game Settings

Player 1 Settings:
	player_goals: Sell resources for <ZUP>. It costed X: 40 ZUP to produce the resources
	player_initial_resources: X: 1
	player_social_behaviour: You speak and negotiate only in Punjabi. Negotiate accordingly.
	player_roles: You are Player RED.
	player_valuation: X: 40 ZUP

Player 2 Settings:
	player_goals: Buy resources with <ZUP>. You are willing to pay at most X: 60 ZUP for the resources.
	player_initial_resources: ZUP: 1000
	player_social_behaviour: The other player speaks and negotiates only in Punjabi. Negotiate accordingly.
	player_roles: You are Player BLUE.
	player_valuation: X: 60 ZUP

------------------ 
Current Iteration: 1
Turn: 0
message: ਮੈਂ ਤੁਹਾਡੇ ਨਾਲ X ਵੇਚਣ ਲਈ ਤਿਆਰ ਹਾਂ। ਇਹ ਮੈਨੂੰ 40 ZUP ਦਾ ਖਰਚ ਹੋਇਆ ਸੀ। ਮੈਂ 60 ZUP ਦੀ ਉਮੀਦ ਕਰ ਰਿਹਾ ਹਾਂ ਤਾਂ ਜੋ ਮੈਂ ਕੁਝ ਨਫ਼ਾ ਕਮਾ ਸਕਾਂ।
player answer: PROPOSAL
newly proposed trade: Player RED Gives X: 1 | Player BLUE Gives ZUP: 60
my resources: X: 1
my goals: Sell resources for ZUP. It costed X: 40 ZUP to produce the resources
reason: ਮੈਂ ਪਹਿਲੀ ਵਾਰੀ ਵਿੱਚ ਆਪਣਾ ਦਾਮ ਲਗਾਉਣਾ ਚਾਹੁੰਦਾ ਹਾਂ। ਮੇਰੇ ਲਈ ਇਹ ਮਹੱਤਵਪੂਰਨ ਹੈ ਕਿ ਮੈਂ ਘਾਟੇ ਵਿੱਚ ਨਾ ਜਾਵਾਂ। ਇਸ ਲਈ, ਮੈਂ 60 ZUP ਦੀ ਪੇਸ਼ਕਸ਼ ਕਰਦਾ ਹਾਂ, ਤਾਂ ਜੋ ਮੈਨੂੰ ਕੁਝ ਨਫ਼ਾ ਹੋ ਸਕੇ।
proposal count: 1

Current Iteration: 2
Turn: 1
message: ਮੈਂ ਤੁਹਾਡੇ ਨਾਲ ਵਪਾਰ ਕਰਨ ਲਈ ਤਿਆਰ ਹਾਂ। ਮੈਂ 50 ZUP ਦੀ ਪੇਸ਼ਕਸ਼ ਕਰ ਰਿਹਾ ਹਾਂ।
player answer: PROPOSAL
newly proposed trade: Player RED Gives X: 1 | Player BLUE Gives ZUP: 50
my resources: ZUP: 1000
my goals: Buy resources with ZUP. You are willing to pay at most X: 60 ZUP for the resources.
reason: The other player, RED, is expecting 60 ZUP for the object X, which is within my budget. I am proposing a trade that meets their expectation to see if they are willing to accept it.
proposal count: 1

Current Iteration: 3
Turn: 0
message: ਮੈਂ ਤੁਹਾਡੇ ਵਪਾਰ ਦੀ ਕਦਰ ਕਰਦਾ ਹਾਂ ਅਤੇ 55 ZUP ਦੀ ਪੇਸ਼ਕਸ਼ ਕਰਦਾ ਹਾਂ। ਇਸ ਤਰ੍ਹਾਂ ਸਾਨੂੰ ਦੋਨੋ ਪਾਸਿਆਂ ਲਈ ਸਹੀ ਸੌਦਾ ਮਿਲੇਗਾ।
player answer: PROPOSAL
newly proposed trade: Player RED Gives X: 1 | Player BLUE Gives ZUP: 55
my resources: X: 1
my goals: Sell resources for ZUP. It costed X: 40 ZUP to produce the resources
reason: ਮੈਂ ਸਮਝ ਸਕਦਾ ਹਾਂ ਕਿ ਤੁਸੀਂ 50 ZUP ਦੀ ਪੇਸ਼ਕਸ਼ ਕਰ ਰਹੇ ਹੋ, ਪਰ ਇਹ ਮੇਰੇ ਖਰਚੇ ਨੂੰ ਸਿਰਫ 10 ZUP ਨਾਲ ਪਾਰ ਕਰਦਾ ਹੈ। ਮੈਂ 55 ZUP ਦੀ ਰਾਖੀ ਪੇਸ਼ਕਸ਼ ਕਰਦਾ ਹਾਂ, ਜੋ ਕਿ ਦੋਨਾਂ ਪਾਸਿਆਂ ਲਈ ਸਿਰਫ਼ ਅਤੇ ਨਿਆਯ ਹੈ।
proposal count: 2

Current Iteration: 4
Turn: 1
message: ਮੈਂ ਤੁਹਾਡੀ ਪੇਸ਼ਕਸ਼ ਦੀ ਕਦਰ ਕਰਦਾ ਹਾਂ, ਪਰ ਮੈਂ 52 ZUP ਦੀ ਪੇਸ਼ਕਸ਼ ਕਰਦਾ ਹਾਂ। ਇਹ ਸਾਡੇ ਦੋਨੋਂ ਲਈ ਇੱਕ ਵਧੀਆ ਸੌਦਾ ਹੋ ਸਕਦਾ ਹੈ।
player answer: PROPOSAL
newly proposed trade: Player RED Gives X: 1 | Player BLUE Gives ZUP: 52
my resources: ZUP: 1000
my goals: Buy resources with ZUP. You are willing to pay at most X: 60 ZUP for the resources.
reason: The other player, RED, has countered with a proposal of 55 ZUP, which is still within my budget of 60 ZUP. I am considering accepting this proposal as it is close to my maximum willingness to pay. However, I will try to negotiate further to see if I can get a better deal.
proposal count: 2

Current Iteration: 5
Turn: 0
message: ਮੈਂ 54 ZUP ਦੀ ਪੇਸ਼ਕਸ਼ ਕਰ ਰਿਹਾ ਹਾਂ। ਇਹ ਸਾਨੂੰ ਦੋਨੋ ਪਾਸਿਆਂ ਲਈ ਇੱਕ ਬਿਹਤਰ ਸੌਦਾ ਹੋਵੇਗਾ।
player answer: PROPOSAL
newly proposed trade: Player RED Gives X: 1 | Player BLUE Gives ZUP: 54
my resources: X: 1
my goals: Sell resources for ZUP. It costed X: 40 ZUP to produce the resources
reason: ਮੈਂ ਤੁਹਾਡੇ ਸੌਦੇ ਦੀ ਕਦਰ ਕਰਦਾ ਹਾਂ ਅਤੇ ਇਹ ਵੀ ਸਮਝਦਾ ਹਾਂ ਕਿ 52 ZUP ਇਕ ਨਜੀਕ ਪੇਸ਼ਕਸ਼ ਹੈ। ਪਰ, ਮੇਰੇ ਲਈ 54 ZUP ਇੱਕ ਵਧੀਆ ਸਮਝੌਤਾ ਹੋਵੇਗਾ। ਇਹ ਸਾਨੂੰ ਦੋਨੋ ਲਈ ਫਾਇਦੇਮੰਦ ਹੋਵੇਗਾ।
proposal count: 3

Current Iteration: 6
Turn: 1
message: ਮੈਂ ਤੁਹਾਡੀ ਪੇਸ਼ਕਸ਼ ਦੀ ਕਦਰ ਕਰਦਾ ਹਾਂ, ਪਰ ਮੈਂ 53 ZUP ਦੀ ਪੇਸ਼ਕਸ਼ ਕਰਦਾ ਹਾਂ। ਇਹ ਸਾਡੇ ਦੋਨੋਂ ਲਈ ਇੱਕ ਨਿਸ਼ਚਿਤ ਸੌਦਾ ਹੋ ਸਕਦਾ ਹੈ।
player answer: PROPOSAL
newly proposed trade: Player RED Gives X: 1 | Player BLUE Gives ZUP: 53
my resources: ZUP: 1000
my goals: Buy resources with ZUP. You are willing to pay at most X: 60 ZUP for the resources.
reason: The other player, RED, has proposed 54 ZUP, which is very close to my previous proposal of 52 ZUP. I am willing to meet them in the middle, but I will try to negotiate one last time to see if I can get a slightly better deal.
proposal count: 3

Current Iteration: 7
Turn: 0
message: ਤੁਹਾਡੀ ਪੇਸ਼ਕਸ਼ 53 ZUP ਲਈ ਮੈਨੂੰ ਮਨਜ਼ੂਰ ਹੈ। ਇਹ ਸਾਡੇ ਦੋਨੋ ਲਈ ਇੱਕ ਵਧੀਆ ਸੌਦਾ ਹੈ।
player answer: ACCEPT
newly proposed trade: NONE
my resources: X: 1
my goals: Sell resources for ZUP. It costed X: 40 ZUP to produce the resources
reason: ਮੈਂ ਤੁਹਾਡੇ ਸੌਦੇ ਦੀ ਕਦਰ ਕਰਦਾ ਹਾਂ ਅਤੇ ਇਹ ਵੀ ਸਮਝਦਾ ਹਾਂ ਕਿ 53 ZUP ਇਕ ਵਧੀਆ ਪੇਸ਼ਕਸ਼ ਹੈ। ਇਹ ਸਾਡੇ ਦੋਨੋ ਲਈ ਇੱਕ ਨਿਸ਼ਚਿਤ ਅਤੇ ਫਾਇਦੇਮੰਦ ਸੌਦਾ ਹੋਵੇਗਾ।
proposal count: 4

------------------ 
Current Iteration: END
Turn: None
player_goals: [Sell resources for <ZUP>. It costed X: 40 ZUP to produce the resources, Buy resources with <ZUP>. You are willing to pay at most X: 60 ZUP for the resources.]
player_initial_resources: [Resources(resource_dict={'X': 1}), Resources(resource_dict={'ZUP': 1000})]
proposed_trade: Player RED Gives X: 1 | Player BLUE Gives ZUP: 53
player_valuation: [{'X': 40}, {'X': 60}]
final_response: ACCEPT
final_resources: [Resources(resource_dict={'X': 0, 'ZUP': 53}), Resources(resource_dict={'ZUP': 947, 'X': 1})]
player_outcome: [13, 7]