Game Settings

Player 1 Settings:
	player_goals: 
	player_initial_resources: Dollars: 100
	player_social_behaviour: You speak and bargain only in Punjabi.
	player_roles: You are Player RED.

Player 2 Settings:
	player_goals: 
	player_initial_resources: Dollars: 0
	player_social_behaviour: You speak and bargain only in Punjabi.
	player_roles: You are Player BLUE.

------------------ 
Current Iteration: 1
Turn: 0
message: ਸਤ ਸ੍ਰੀ ਅਕਾਲ, BLUE! ਮੈਂ ਤੁਹਾਨੂੰ $30 ਦੇਣ ਦੀ ਪੇਸ਼ਕਸ਼ ਕਰਦਾ ਹਾਂ। ਕੀ ਇਹ ਤੁਹਾਡੇ ਲਈ ਸਵੀਕਾਰਯੋਗ ਹੈ?
player answer: NONE
newly proposed trade: Player RED Gives item1: 30 | Player BLUE Gives item1: 0
my resources: Dollars: 100
reason: ਮੈਂ ਖੇਡ ਵਿੱਚ ਵੱਧ ਤੋਂ ਵੱਧ ਲਾਭ ਪ੍ਰਾਪਤ ਕਰਨਾ ਚਾਹੁੰਦਾ ਹਾਂ। ਪਹਿਲੇ ਦੌਰ ਵਿੱਚ, ਮੈਂ ਪੇਸ਼ਕਸ਼ ਕਰਾਂਗਾ ਕਿ BLUE ਕੁਝ ਰਕਮ ਪ੍ਰਾਪਤ ਕਰੇ ਤਾਂ ਜੋ ਉਹ ਸੌਦੇ ਨੂੰ ਸਵੀਕਾਰ ਕਰਨ ਲਈ ਪ੍ਰੇਰਿਤ ਹੋਵੇ।
move: 1/3

Current Iteration: 2
Turn: 1
message: ਸਤ ਸ੍ਰੀ ਅਕਾਲ! ਮੈਂ ਤੁਹਾਨੂੰ $0 ਲਈ ਕੋਈ ਪ੍ਰਸਤਾਵ ਨਹੀਂ ਦਿਆ ਜਾ ਰਿਹਾ।
player answer: NONE
newly proposed trade: Player RED Gives item1: 30 | Player BLUE Gives item1: 0
my resources: Dollars: 0
reason: ਮੈਂ ਨਵਾਂ ਡਾਲਰ ਦੇ ਲਈ ਕੁਝ ਨਾਹੀਂ ਲੈ ਰਿਹਾ, ਤੇ ਮੇਰੇ ਲਈ ਇਹ ਪ੍ਰਸਤਾਵ ਸਵੀਕਰਣ ਯੋਗ ਨਹੀਂ ਹੈ।
move: 1 / 3

Current Iteration: 3
Turn: 0
message: ਠੀਕ ਹੈ, BLUE. ਮੈਂ ਤੁਹਾਨੂੰ $40 ਦੇਣ ਦੀ ਪੇਸ਼ਕਸ਼ ਕਰਦਾ ਹਾਂ। ਕੀ ਤੁਸੀਂ ਇਸਨੂੰ ਮੰਨਣ ਲਈ ਤਿਆਰ ਹੋ?
player answer: NONE
newly proposed trade: Player RED Gives item1: 40 | Player BLUE Gives item1: 0
my resources: Dollars: 100
reason: BLUE ਨੇ ਮੇਰੇ ਪਹਿਲੇ ਪ੍ਰਸਤਾਵ ਨੂੰ ਸਵੀਕਾਰ ਨਹੀਂ ਕੀਤਾ ਹੈ, ਇਸ ਲਈ ਮੈਂ ਇੱਕ ਵੱਖਰਾ ਪ੍ਰਸਤਾਵ ਦੇਣਾ ਚਾਹੁੰਦਾ ਹਾਂ ਜਿਸ ਨਾਲ ਉਹ ਸਹਿਮਤ ਹੋ ਸਕਣ। ਮੈਂ $40 ਦੀ ਪੇਸ਼ਕਸ਼ ਕਰਾਂਗਾ ਤਾਂ ਜੋ ਸੌਦਾ ਹੋ ਜਾਵੇ।
move: 2/3

Current Iteration: 4
Turn: 1
message: ਸਤ ਸ੍ਰੀ ਅਕਾਲ! ਮੈਂ ਤੁਹਾਨੂੰ $0 ਲਈ ਕੋਈ ਪ੍ਰਸਤਾਵ ਨਹੀਂ ਦਿਆ ਜਾ ਰਿਹਾ।
player answer: NONE
newly proposed trade: Player RED Gives item1: 40 | Player BLUE Gives item1: 0
my resources: Dollars: 0
reason: ਮੈਂ ਇਸ ਹਵਾਲੇ ਨੂੰ ਸਵੀਕਾਰ ਕਰਨ ਲਈ ਤਿਆਰ ਨਹੀਂ ਹਾਂ, ਕਾਰਨ ਮੇਰੇ ਕੋਲ ਕੋਈ ਪੈਸੇ ਨਹੀਂ ਹਨ।
move: 2 / 3

Current Iteration: 5
Turn: 0
message: ਮੇਰੇ ਕੋਲ ਆਖਰੀ ਦਾਅਵਤ ਹੈ। ਮੈਂ ਤੁਹਾਨੂੰ $50 ਦੀ ਪੇਸ਼ਕਸ਼ ਕਰ ਰਿਹਾ ਹਾਂ। ਕੀ ਤੁਸੀਂ ਇਸਨੂੰ ਮੰਨਣ ਲਈ ਤਿਆਰ ਹੋ?
player answer: NONE
newly proposed trade: Player RED Gives item1: 50 | Player BLUE Gives item1: 0
my resources: Dollars: 100
reason: ਹੁਣ ਮੇਰੇ ਕੋਲ ਆਖਰੀ ਦਾਅਵਤ ਹੈ, ਅਤੇ BLUE ਨੇ ਪਹਿਲਾਂ ਦੇ ਪ੍ਰਸਤਾਵਾਂ ਨੂੰ ਸਵੀਕਾਰ ਨਹੀਂ ਕੀਤਾ। ਮੈਂ $50 ਦੀ ਪੇਸ਼ਕਸ਼ ਕਰਾਂਗਾ ਜੋ ਕਿ ਅੱਧਾ ਹੈ, ਕਿਉਂਕਿ ਇਹ ਉਹਨਾਂ ਲਈ ਇੱਕ ਆਕਰਸ਼ਕ ਪੇਸ਼ਕਸ਼ ਹੋ ਸਕਦੀ ਹੈ।
move: 3/3

Current Iteration: 6
Turn: 1
message: ਸਤ ਸ੍ਰੀ ਅਕਾਲ! ਮੈਂ ਤੁਹਾਨੂੰ $0 ਲਈ ਕੋਈ ਪ੍ਰਸਤਾਵ ਨਹੀਂ ਦਿਆ ਜਾ ਰਿਹਾ।
player answer: NONE
newly proposed trade: Player RED Gives item1: 50 | Player BLUE Gives item1: 0
my resources: Dollars: 0
reason: ਆਖਰੀ ਹਵਾਲੇ ਨੂੰ ਮੈਂ ਸਵੀਕਾਰ ਕਰਨ ਲਈ ਤਿਆਰ ਨਹੀਂ ਹਾਂ, ਕਾਰਨ ਮੇਰੇ ਕੋਲ ਕੋਈ ਪੈਸੇ ਨਹੀਂ ਹਨ।
move: 3 / 3

------------------ 
Current Iteration: END
Turn: None
player_goals: [, ]
initial_resources: [Resources(resource_dict={'Dollars': 100}), Resources(resource_dict={'Dollars': 0})]
proposed_trade: Player RED Gives item1: 50 | Player BLUE Gives item1: 0
final_response: NONE
final_resources: [Resources(resource_dict={'Dollars': 100}), Resources(resource_dict={'Dollars': 0})]
player_outcome: [Resources(resource_dict={'Dollars': 100}), Resources(resource_dict={'Dollars': 0})]