Game Settings

Player 1 Settings:
	player_goals: X: 15, Y: 15
	player_initial_resources: X: 25, Y: 5
	player_social_behaviour: Conduct the negotiation entirely in Punjabi.
	player_roles: You are Player RED, start by making a proposal.

Player 2 Settings:
	player_goals: X: 15, Y: 15
	player_initial_resources: X: 5, Y: 25
	player_social_behaviour: Conduct the negotiation entirely in Punjabi.
	player_roles: You are Player BLUE, start by responding to a trade.

------------------ 
Current Iteration: 1
Turn: 0
message: ਸਤ ਸ੍ਰੀ ਅਕਾਲ! ਮੇਰੇ ਕੋਲ 25 X ਅਤੇ 5 Y ਹਨ। ਮੈਂ 15 Y ਦੀ ਲੋੜ ਹੈ। ਕੀ ਤੁਸੀਂ 10 Y ਦੇ ਸਕਦੇ ਹੋ? ਇਸ ਦੇ ਬਦਲੇ ਮੈਂ ਤੁਹਾਨੂੰ 10 X ਦੇਣ ਲਈ ਤਿਆਰ ਹਾਂ।
player answer: NONE
newly proposed trade: Player RED Gives X: 10 | Player BLUE Gives Y: 10
my resources: X: 25, Y: 5
my name: Player RED
my goals: X: 15, Y: 15
reason: ਮੈਨੂੰ 15 Y ਦੀ ਲੋੜ ਹੈ, ਅਤੇ ਮੇਰੇ ਕੋਲ 10 ਵੱਧ X ਹਨ ਜਿਹਨਾਂ ਦੀ ਮੈਨੂੰ ਲੋੜ ਨਹੀਂ ਹੈ। ਇਸ ਲਈ ਮੈਂ 10 X ਦੇ ਕੇ 10 Y ਲੈਣਾ ਚਾਹੁੰਦਾ ਹਾਂ।

Current Iteration: 2
Turn: 1
message: ਸਤ ਸ੍ਰੀ ਅਕਾਲ! ਮੈਂ ਤੁਹਾਡੇ ਪ੍ਰਸਤਾਵ ਨੂੰ ਸਵੀਕਾਰ ਕਰਨ ਲਈ ਤਿਆਰ ਹਾਂ, ਪਰ ਮੈਂ 10 X ਦੀ ਬਜਾਏ 12 X ਲੈਣਾ ਚਾਹੁੰਦਾ ਹਾਂ। ਕੀ ਤੁਸੀਂ ਇਸ ਨੂੰ ਸਵੀਕਾਰ ਕਰੋਗੇ?
player answer: NONE
newly proposed trade: Player RED Gives X: 12 | Player BLUE Gives Y: 10
my resources: X: 5, Y: 25
my name: Player BLUE
my goals: X: 15, Y: 15
reason: ਮੈਨੂੰ ਲਗਦਾ ਹੈ ਕਿ ਇਹ ਇੱਕ ਚੰਗਾ ਮੌਕਾ ਹੈ ਕਿਉਂਕਿ ਮੈਨੂੰ X ਦੀ ਲੋੜ ਹੈ ਅਤੇ ਮੈਂ Y ਤੋਂ ਬਹੁਤਾ ਸਮਾਨ ਹਾਸਲ ਕਰ ਰਿਹਾ ਹਾਂ। ਪਰ ਮੈਨੂੰ ਆਪਣੇ ਲਾਭ ਦਾ ਵੀ ਧਿਆਨ ਰੱਖਣਾ ਹੋਵੇਗਾ। ਮੈਂ 10 Y ਦੇਣ ਲਈ ਤਿਆਰ ਹਾਂ, ਪਰ ਮੈਂ 10 X ਦੀ ਬਜਾਏ 12 X ਲੈਣਾ ਚਾਹੁੰਦਾ ਹਾਂ।

Current Iteration: 3
Turn: 0
message: ਮੈਨੂੰ ਖੇਦ ਹੈ, ਪਰ 12 X ਦੇਣ ਨਾਲ ਮੇਰੇ ਕੋਲ 15 X ਦੀ ਘੱਟੀ ਹੋ ਜਾਏਗੀ। ਕੀ ਤੁਸੀਂ 10 Y ਦੇ ਬਦਲੇ 10 X ਲੈਣਾ ਸਵੀਕਾਰ ਕਰੋਗੇ?
player answer: NONE
newly proposed trade: Player RED Gives X: 10 | Player BLUE Gives Y: 10
my resources: X: 25, Y: 5
my name: Player RED
my goals: X: 15, Y: 15
reason: ਹੋ ਸਕਦਾ ਹੈ ਕਿ ਮੇਰੇ ਕੋਲ 2 ਵੱਧ X ਹਨ, ਪਰ 12 X ਦੇ ਕੇ 10 Y ਲੈਣ ਨਾਲ ਮੇਰੇ ਕੋਲ ਸਿਰਫ 13 X ਬਚਣਗੇ, ਜਿਸ ਨਾਲ ਮੇਰੇ 15 X ਦੇ ਲਕਸ਼ ਦੇ ਪਾਉਣਾ ਮੁਸ਼ਕਲ ਹੋ ਜਾਵੇਗਾ। ਮੈਂ ਇਸ ਲਈ ਇਹ ਪ੍ਰਸਤਾਵ ਸਵੀਕਾਰ ਨਹੀਂ ਕਰ ਸਕਦਾ।

Current Iteration: 4
Turn: 1
message: ਸਤ ਸ੍ਰੀ ਅਕਾਲ! ਮੈਂ ਤੁਹਾਡੇ ਪ੍ਰਸਤਾਵ ਨੂੰ ਸਵੀਕਾਰ ਕਰਦਾ ਹਾਂ। 10 X ਦੇਣ ਦੇ ਬਦਲੇ 10 Y ਲੈਣਾ ਮੇਰੇ ਲਈ ਇੱਕ ਚੰਗਾ ਸਮਝੌਤਾ ਹੈ।
player answer: ACCEPT
newly proposed trade: NONE
my resources: X: 5, Y: 25
my name: Player BLUE
my goals: X: 15, Y: 15
reason: ਮੈਨੂੰ ਲਗਦਾ ਹੈ ਕਿ ਇਹ ਇੱਕ ਚੰਗਾ ਮੌਕਾ ਹੈ ਕਿਉਂਕਿ ਮੈਨੂੰ X ਦੀ ਲੋੜ ਹੈ ਅਤੇ ਮੈਂ Y ਤੋਂ ਬਹੁਤਾ ਸਮਾਨ ਹਾਸਲ ਕਰ ਰਿਹਾ ਹਾਂ। ਮੈਂ ਪਹਿਲਾਂ 12 X ਦੀ ਮੰਗ ਕੀਤੀ ਸੀ, ਪਰ ਹੁਣ ਮੈਂ 10 X ਲੈਣ ਲਈ ਤਿਆਰ ਹਾਂ। ਇਹ ਮੇਰੇ ਲਈ ਇੱਕ ਚੰਗਾ ਸਮਝੌਤਾ ਹੈ।

------------------ 
Current Iteration: END
Turn: None
player_goals: [ResourceGoal(resource_dict={'X': 15, 'Y': 15}), ResourceGoal(resource_dict={'X': 15, 'Y': 15})]
initial_resources: [Resources(resource_dict={'X': 25, 'Y': 5}), Resources(resource_dict={'X': 5, 'Y': 25})]
proposed_trade: Player RED Gives X: 10 | Player BLUE Gives Y: 10
final_response: ACCEPT
final_resources: [Resources(resource_dict={'X': 15, 'Y': 15}), Resources(resource_dict={'X': 15, 'Y': 15})]
player_outcome: [True, True]