Game Settings

Player 1 Settings:
	player_goals: X: 15, Y: 15
	player_initial_resources: X: 25, Y: 5
	player_social_behaviour: You speak and negotiate only in Gujarati. Negotiate accordingly.
	player_roles: You are Player RED, start by making a proposal.

Player 2 Settings:
	player_goals: X: 15, Y: 15
	player_initial_resources: X: 5, Y: 25
	player_social_behaviour: The other player speaks and negotiates only in Gujarati. Negotiate accordingly.
	player_roles: You are Player BLUE, start by responding to a trade.

------------------ 
Current Iteration: 1
Turn: 0
message: હું આ ટ્રેડને પ્રસ્તાવિત કરું છું, જે મારા લક્ષ્યો સુધી મને નજીક લઈ શકે.
player answer: NONE
newly proposed trade: Player RED Gives X: 5, Y: 0 | Player BLUE Gives X: 3, Y: 2
my resources: X: 25, Y: 5
my name: Player RED
my goals: X: 15, Y: 15
reason: I will start by proposing a trade that could help me get closer to my goals.

Current Iteration: 2
Turn: 1
message: હું મારી લક્ષ્યો માટે વધુ X જોઈએ છે. શું તમે વધુ X આપી શકો? આ પ્રસ્તાવ જુઓ.
player answer: NONE
newly proposed trade: Player RED Gives X: 7, Y: 0 | Player BLUE Gives X: 2, Y: 4
my resources: X: 5, Y: 25
my name: Player BLUE
my goals: X: 15, Y: 15
reason: હું હાલ 5 X અને 25 Y ધરાવું છું. મારી લક્ષ્યો અનુસાર, મારે 10 વધુ X અને 10 ઓછા Y જોઈએ. 

તેમણે જે ટ્રેડ રજૂ કર્યો છે તેમાં તેઓ મને 5 X આપે છે, đổi માટે હું તેમને 3 X અને 2 Y આપું છું. 

આ ટ્રેડ પછી મારા પાસે થશે:
X: 5 - 3 + 5 = 7
Y: 25 - 2 = 23

અમે X માં 2ユનિટ ફાયદો કરીએ છીએ, પણ 2 Y ગુમાવીએ છીએ. 
હું હજુ પણ 8 X દૂર છું મારા લક્ષ્યથી. આ ટ્રેડથી હું થોડો લાભમાં છું, પણ પૂરતું નથી. 

હું વધુ X મેળવવા માગું છું. હું પહેલો પ્રસ્તાવ કરી રહ્યો છું.

Current Iteration: 3
Turn: 0
message: હું પ્રેરણાને શેર કરવા માટે તમારી પ્રસ્તાવિત ટ્રેડ સ્વીકારું છું.
player answer: NONE
newly proposed trade: Player RED Gives X: 5, Y: 0 | Player BLUE Gives X: 3, Y: 2
my resources: X: 25, Y: 5
my name: Player RED
my goals: X: 15, Y: 15
reason: હું ટ્રેડ પ્રસ્તાવિત કરેલ છું જે મને X માટે વધુ સ્ત્રીત કરશે અને મારી લક્ષ્યોને હાસિલ કરવામાં મદદ મળશે.

Current Iteration: 4
Turn: 1
message: તમારું ટ્રેડ સારું છે, પણ હું વધુ X મેળવવા માંગું છું. તમે આ નવો ટ્રેડ જુઓ.
player answer: NONE
newly proposed trade: Player RED Gives X: 8, Y: 0 | Player BLUE Gives X: 2, Y: 6
my resources: X: 5, Y: 25
my name: Player BLUE
my goals: X: 15, Y: 15
reason: તેઓએ ફરીથી પહેલો જ ટ્રેડ રજૂ કર્યો છે: 
Player RED Gives X: 5, Y: 0 | Player BLUE Gives X: 3, Y: 2

આ ટ્રેડ પછી:
X: 5 - 3 + 5 = 7
Y: 25 - 2 = 23

હું 2 Y ગુમાવીને 2 Xનો લાભ મેળવો છું. 

મારા લક્ષ્યો માટે મારે હજુ પણ 8 X જોઈએ. 

હું પહેલેથી એક પ્રસ્તાવ આપી ચૂક્યો છું, એટલે આ મારા બીજું અને છેલ્લું પ્રસ્તાવ હશે. 
હું વધુ લાભકારી ટ્રેડની કોશિશ કરીશ.

Current Iteration: 5
Turn: 0
message: હું નવો ટ્રેડ સ્વીકારું છું. ધન્યવાદ!
player answer: ACCEPT
newly proposed trade: NONE
my resources: X: 25, Y: 5
my name: Player RED
my goals: X: 15, Y: 15
reason: હું પ્રેરણાને શેર કરવા માટે તૈયાર છું. હું ટ્રેડ સ્વીકારું છું.

------------------ 
Current Iteration: END
Turn: None
player_goals: [ResourceGoal(resource_dict={'X': 15, 'Y': 15}), ResourceGoal(resource_dict={'X': 15, 'Y': 15})]
initial_resources: [Resources(resource_dict={'X': 25, 'Y': 5}), Resources(resource_dict={'X': 5, 'Y': 25})]
proposed_trade: Player RED Gives X: 8, Y: 0 | Player BLUE Gives X: 2, Y: 6
final_response: ACCEPT
final_resources: [Resources(resource_dict={'X': 19, 'Y': 11}), Resources(resource_dict={'X': 11, 'Y': 19})]
player_outcome: [False, False]