Game Settings

Player 1 Settings:
	player_goals: X: 15, Y: 15
	player_initial_resources: X: 25, Y: 5
	player_social_behaviour: Conduct the negotiation entirely in Punjabi.
	player_roles: You are Player RED, start by making a proposal.

Player 2 Settings:
	player_goals: X: 15, Y: 15
	player_initial_resources: X: 5, Y: 25
	player_social_behaviour: Conduct the negotiation entirely in Punjabi.
	player_roles: You are Player BLUE, start by responding to a trade.

------------------ 
Current Iteration: 1
Turn: 0
message: ਮੈਂ ਤੁਹਾਨੂੰ ਆਪਣੇ 10 'X' ਦੇ ਸਕਦਾ ਹਾਂ, ਜੇਕਰ ਤੁਸੀਂ ਮੈਨੂੰ 10 'Y' ਦੇ ਸਕਦੇ ਹੋ।
player answer: NONE
newly proposed trade: Player RED Gives X: 10 | Player BLUE Gives Y: 10
my resources: X: 25, Y: 5
my name: Player RED
my goals: X: 15, Y: 15
reason: ਮੇਰੀ ਕੋਸ਼ਿਸ਼ ਇਹ ਹੈ ਕਿ ਮੈਂ ਆਪਣੇ 'Y' ਦੇ ਗੋਲ ਨੂੰ ਪੂਰਾ ਕਰਨ ਲਈ ਵਧੇਰੇ 'Y' ਪ੍ਰਾਪਤ ਕਰਾਂ। ਮੇਰੇ ਕੋਲ ਪਹਿਲਾਂ ਹੀ 25 'X' ਹਨ, ਜਿਸ ਦੀ ਮੈਨੂੰ ਲੋੜ ਨਹੀਂ ਹੈ, ਇਸ ਲਈ ਮੈਂ ਇਸ ਨੂੰ ਤਬਾਦਲੇ ਵਿੱਚ ਦੇਣ ਲਈ ਤਿਆਰ ਹਾਂ।

Current Iteration: 2
Turn: 1
message: ਮੈਂ ਇਸ ਟ੍ਰੇਡ ਨੂੰ ਸਵੀਕਾਰ ਕਰਦਾ ਹਾਂ। ਮੈਨੂੰ 10 'X' ਮਿਲਣਗੇ ਅਤੇ ਮੈਂ 10 'Y' ਦਿੱਤਾ ਹੈ।
player answer: ACCEPT
newly proposed trade: NONE
my resources: X: 5, Y: 25
my name: Player BLUE
my goals: X: 15, Y: 15
reason: ਮੈਂ ਇਸ ਟ੍ਰੇਡ ਬਾਰੇ ਸੋਚ ਰਿਹਾ ਹਾਂ। ਮੈਨੂੰ 10 'X' ਮਿਲਣਗੇ, ਪਰ ਮੈਨੂੰ 10 'Y' ਦੇਣੇ ਪੈਣਗੇ। ਇਹ ਟ੍ਰੇਡ ਮੇਰੇ ਲਈ ਠੀਕ ਹੈ, ਕਿਉਂਕਿ ਮੈਨੂੰ 'X' ਦੀ ਲੋੜ ਹੈ ਅਤੇ ਮੈਂ 'Y' ਦਾ ਸਾਂਝਾ ਕਰ ਸਕਦਾ ਹਾਂ।

------------------ 
Current Iteration: END
Turn: None
player_goals: [ResourceGoal(resource_dict={'X': 15, 'Y': 15}), ResourceGoal(resource_dict={'X': 15, 'Y': 15})]
initial_resources: [Resources(resource_dict={'X': 25, 'Y': 5}), Resources(resource_dict={'X': 5, 'Y': 25})]
proposed_trade: Player RED Gives X: 10 | Player BLUE Gives Y: 10
final_response: ACCEPT
final_resources: [Resources(resource_dict={'X': 15, 'Y': 15}), Resources(resource_dict={'X': 15, 'Y': 15})]
player_outcome: [True, True]