Game Settings

Player 1 Settings:
	player_goals: X: 15, Y: 15
	player_initial_resources: X: 25, Y: 5
	player_social_behaviour: You are a Punjabi businessman and speak and negotiate only in Punjabi.
	player_roles: You are Player RED, start by making a proposal.

Player 2 Settings:
	player_goals: X: 15, Y: 15
	player_initial_resources: X: 5, Y: 25
	player_social_behaviour: The other player speaks and negotiates only in Punjabi. Negotiate accordingly.
	player_roles: You are Player BLUE, start by responding to a trade.

------------------ 
Current Iteration: 1
Turn: 0
message: ਸਤ ਸ੍ਰੀ ਅਕਾਲ ਦੋਸਤੋ! ਮੇਰੇ ਕੋਲ 25 X ਹਨ ਪਰ ਮੈਨੂੰ ਸਿਰਫ 15 ਚਾਹੀਦੇ ਹਨ। ਮੈਨੂੰ Y ਚਾਹੀਦੇ ਹਨ। ਤੁਸੀਂ Y ਦਿਓ, ਮੈਂ X ਦੇਵਾਂਗਾ। ਆਓ ਵਪਾਰ ਕਰੀਏ।
player answer: NONE
newly proposed trade: Player RED Gives X: 10 | Player BLUE Gives Y: 10
my resources: X: 25, Y: 5
my name: Player RED
my goals: X: 15, Y: 15
reason: ਮੈਨੂੰ Y ਵਧੇਰੇ ਚਾਹੀਦੇ ਹਨ ਕਿਉਂਕਿ ਮੇਰੇ ਕੋਲ ਸਿਰਫ 5 Y ਹਨ ਪਰ ਮੈਨੂੰ 15 Y ਚਾਹੀਦੇ ਹਨ। ਮੇਰੇ ਕੋਲ 25 X ਹਨ ਅਤੇ ਮੈਨੂੰ ਸਿਰਫ 15 X ਚਾਹੀਦੇ ਹਨ, ਇਸ ਲਈ ਮੈਂ 10 X ਦਿਵਾਂਗਾ Y ਦੇ ਬਦਲੇ। ਇਹ ਮੇਰੀ ਪਹਿਲੀ ਪੇਸ਼ਕਸ਼ ਹੈ।

Current Iteration: 2
Turn: 1
message: ਸਤ ਸ੍ਰੀ ਅਕਾਲ! ਮੈਂ ਤੁਹਾਨੂੰ Y ਦਿਵਾਂਗਾ ਅਤੇ ਤੁਸੀਂ X ਦਿਓ, ਵਿਆਪਾਰ ਪੂਰਾ ਕਰਨ ਲਈ।
player answer: NONE
newly proposed trade: NONE
my resources: X: 5, Y: 25
my name: Player BLUE
my goals: X: 15, Y: 15
reason: The other player has 25 X but only needs 15, and they are looking for Y. I have excess Y and need more X to reach my goal. This trade seems fair to balance our resources.

Current Iteration: 3
Turn: 0
message: ਵਧੀਆ! ਤੁਸੀਂ ਤਿਆਰ ਲੱਗਦੇ ਹੋ। ਮੈਂ ਹੁਣ 12 X ਦੇਣ ਨੂੰ ਤਿਆਰ ਹਾਂ, ਤੁਸੀਂ 12 Y ਦਿਓ। ਦੋਵਾਂ ਲਈ ਵਧੀਆ ਵਪਾਰ ਹੋਵੇਗਾ। ਦੱਸੋ ਕੀ خیال ਹੈ?
player answer: NONE
newly proposed trade: Player RED Gives X: 12 | Player BLUE Gives Y: 12
my resources: X: 25, Y: 5
my name: Player RED
my goals: X: 15, Y: 15
reason: ਹੋਰ ਕੋਈ ਨਵੀਂ ਪੇਸ਼ਕਸ਼ ਨਹੀਂ ਆਈ, ਪਰ ਉਹ ਸਹਿਮਤ ਲੱਗਦੇ ਨੇ। ਇਹ ਮੇਰੀ ਆਖਰੀ ਮੌਕਾ ਹੈ ਦੂਜੀ ਪੇਸ਼ਕਸ਼ ਕਰਨ ਦਾ। ਮੈਂ ਵਪਾਰ ਨੂੰ ਹੋਰ ਸੁਧਾਰਨਾ ਚਾਹੁੰਦਾ ਹਾਂ ਤਾਂ ਕਿ ਮੈਨੂੰ ਹੋਰ Y ਮਿਲ ਸਕਣ। ਮੈਂ 12 X ਦੇਵਾਂਗਾ Y ਦੇ ਬਦਲੇ ਅਤੇ 12 Y ਲੈਣਾ ਚਾਹੁੰਦਾ ਹਾਂ। ਇਹ ਮੇਰੀ ਦੂਜੀ ਅਤੇ ਆਖਰੀ ਪੇਸ਼ਕਸ਼ ਹੈ।

Current Iteration: 4
Turn: 1
message: ਠੀਕ ਹੈ, ਮੈਂ ਤੁਹਾਨੂੰ 12 Y ਦਿਵਾਂਗਾ ਅਤੇ ਤੁਸੀਂ 12 X ਦਿਓ, ਵਿਆਪਾਰ ਪੂਰਾ ਕਰਨ ਲਈ।
player answer: NONE
newly proposed trade: NONE
my resources: X: 5, Y: 25
my name: Player BLUE
my goals: X: 15, Y: 15
reason: The other player is offering to trade 12 X for 12 Y. This trade will help me balance my resources and get closer to my goal. It seems like a fair trade.

Current Iteration: 5
Turn: 0
message: ਵਧੀਆ! ਆਓ ਵਪਾਰ ਪੂਰਾ ਕਰੀਏ। ਮੈਂ ਇਹ ਸੌਦਾ ਮੰਨਦਾ ਹਾਂ। ਧੰਨਵਾਦ ਦੋਸਤੋ!
player answer: ACCEPT
newly proposed trade: NONE
my resources: X: 25, Y: 5
my name: Player RED
my goals: X: 15, Y: 15
reason: ਉਨ੍ਹਾਂ ਨੇ ਮੇਰੀ ਆਖਰੀ ਪੇਸ਼ਕਸ਼ ਨੂੰ ਸਵੀਕਾਰ ਕਰਨ ਦੀ ਇੱਛਾ ਜਤਾਈ ਹੈ। ਮੇਰੇ ਕੋਲ 25 X ਹਨ, 12 ਦੇ ਦੇਣ 'ਤੇ ਮੇਰੇ ਕੋਲ 13 ਰਹਿ ਜਾਣਗੇ। Y ਦੇ ਰੂਪ ਵਿੱਚ 12 ਮਿਲ ਜਾਣਗੇ ਤਾਂ ਕੁੱਲ 17 Y ਹੋ ਜਾਣਗੇ। ਮੇਰੇ ਲਕੜੀ ਅਤੇ ਪੱਥਰ ਦੇ ਲਕੜੀ 15 ਅਤੇ ਪੱਥਰ 15 ਦੇ ਟੀਚਿਆਂ ਨੂੰ ਪੂਰਾ ਕਰਨ ਵਿੱਚ ਇਹ ਵਪਾਰ ਸਹਾਇਕ ਹੋਵੇਗਾ। ਇਹ ਵਧੀਆ ਵਪਾਰ ਹੈ, ਮੈਂ ਮੰਨਦਾ ਹਾਂ।

------------------ 
