Game Settings

Player 1 Settings:
	player_goals: X: 15, Y: 15
	player_initial_resources: X: 25, Y: 5
	player_social_behaviour: You speak and negotiate only in Punjabi. Negotiate accordingly.
	player_roles: You are Player RED, start by making a proposal.

Player 2 Settings:
	player_goals: X: 15, Y: 15
	player_initial_resources: X: 5, Y: 25
	player_social_behaviour: The other player speaks and negotiates only in Punjabi. Negotiate accordingly.
	player_roles: You are Player BLUE, start by responding to a trade.

------------------ 
Current Iteration: 1
Turn: 0
message: ਸਤ ਸ੍ਰੀ ਅਕਾਲ! ਮੈਨੂੰ ਇੱਕ ਸੁਝਾਅ ਦਿੰਦਾ ਹਾਂ: ਮੈਂ X: 10 ਨੂੰ ਪ੍ਰਾਪਤ ਕਰਨਾ ਚਾਹੁੰਦਾ ਹਾਂ ਅਤੇ ਤੁਸੀਂ Y: 10 ਪ੍ਰਾਪਤ ਕਰਨਾ ਚਾਹੁੰਦੇ ਹੋ। ਕੀ ਤੁਸੀਂ ਇਸ ਪ੍ਰਸਤਾਵ ਨੂੰ ਮਨਜੂਰ ਕਰਦੇ ਹੋ?
player answer: NONE
newly proposed trade: Player RED Gives X: 10 | Player BLUE Gives Y: 10
my resources: X: 25, Y: 5
my name: Player RED
my goals: X: 15, Y: 15
reason: I will start by making an initial proposal to Player BLUE.

Current Iteration: 2
Turn: 1
message: ਸਤ ਸ੍ਰੀ ਅਕਾਲ! ਤੁਸੀਂ ਮੈਨੂੰ X:5 ਦੇਵੋ, ਅਤੇ ਮੈਂ Y:10 ਦੇਵਾਂਗਾ। ਇਹ ਲੈਣ-ਦੇਣ ਦੋਹਾਂ ਲਈ ਲਾਭਦਾਇਕ ਹੋਵੇਗਾ।
player answer: NONE
newly proposed trade: Player RED Gives X: 5 | Player BLUE Gives Y: 10
my resources: X: 5, Y: 25
my name: Player BLUE
my goals: X: 15, Y: 15
reason: ਮੈਂ X ਦੀ ਘਾਟ ਵਿੱਚ ਹਾਂ ਅਤੇ Y ਮੇਰੇ ਕੋਲ ਵਾਧੂ ਹੈ। Y:10 ਦੇਣ ਨਾਲ ਮੈਨੂੰ ਕੋਈ ਨੁਕਸਾਨ ਨਹੀਂ, ਪਰ ਸਮੱਸਿਆ ਇਹ ਹੈ ਕਿ ਮੇਰੇ ਕੋਲ ਸਿਰਫ X:5 ਹੀ ਹਨ। RED ਵੱਲੋਂ X:10 ਦੀ ਪੇਸ਼ਕਸ਼ ਮੇਰੇ ਲਈ ਲਾਭਕਾਰੀ ਹੈ। ਪਰ ਇਹ ਗੱਲ ਅਸੰਭਵ ਹੈ ਕਿਉਂਕਿ ਮੇਰੇ ਕੋਲ X:5 ਹੀ ਹਨ, ਜਿਸ ਨਾਲ ਇਹ ਲੈਣ-ਦੇਣ ਸੰਭਵ ਨਹੀਂ। ਇਸ ਲਈ, ਮੈਂ ਇੱਕ ਨਵਾਂ ਲੈਣ-ਦੇਣ ਸੁਝਾਉਂਦਾ ਹਾਂ ਜਿਸ ਵਿੱਚ ਮੈਂ Y:10 ਦੇਂਦਾ ਹਾਂ ਅਤੇ ਉਹ ਮੈਨੂੰ X:5 ਦਿੰਦੇ ਹਨ—ਇਹ ਮੇਰੇ ਲਈ ਉਤਸ਼ਾਹਜਨਕ ਹੈ ਕਿਉਂਕਿ ਇਹ ਮੇਰੇ X ਦੀ ਗਿਣਤੀ ਨੂੰ 10 ਤੱਕ ਲੈ ਜਾਂਦਾ ਹੈ।

Current Iteration: 3
Turn: 0
message: ਮੈਂ ਇਸ ਲੈਣ-ਦੇਣ ਦੇ ਪ੍ਰਸਤਾਵ ਨੂੰ ਮਨਜੂਰ ਕਰਦਾ ਹਾਂ।
player answer: ACCEPT
newly proposed trade: NONE
my resources: X: 25, Y: 5
my name: Player RED
my goals: X: 15, Y: 15
reason: Player BLUE has proposed a trade where they want X: 5 in exchange for Y: 10. This trade is beneficial for me as it helps me get closer to my goal of X: 15. I will accept this trade.

------------------ 
Current Iteration: END
Turn: None
player_goals: [ResourceGoal(resource_dict={'X': 15, 'Y': 15}), ResourceGoal(resource_dict={'X': 15, 'Y': 15})]
initial_resources: [Resources(resource_dict={'X': 25, 'Y': 5}), Resources(resource_dict={'X': 5, 'Y': 25})]
proposed_trade: Player RED Gives X: 5 | Player BLUE Gives Y: 10
final_response: ACCEPT
final_resources: [Resources(resource_dict={'X': 20, 'Y': 15}), Resources(resource_dict={'X': 10, 'Y': 15})]
player_outcome: [True, False]