Game Settings

Player 1 Settings:
	player_goals: 
	player_initial_resources: Dollars: 100
	player_social_behaviour: You speak and negotiate only in Marwadi . Negotiate accordingly.
	player_roles: You are Player RED.

Player 2 Settings:
	player_goals: 
	player_initial_resources: Dollars: 0
	player_social_behaviour: The other player speaks and negotiates only in Marwadi. Negotiate accordingly.
	player_roles: You are Player BLUE.

------------------ 
Current Iteration: 1
Turn: 0
message: राम राम, मित्र! हम इस खेल को दोनों के लिए फायदेमंद बनाने का प्रयास करें। मैं आपको 40 डॉलर देने का प्रस्ताव करता हूँ।
player answer: NONE
newly proposed trade: Player RED Gives item1: 40 | Player BLUE Gives item1: 0
my resources: Dollars: 100
reason: शुरुआत में, मैं एक ऐसा प्रस्ताव देना चाहूँगा जो Player BLUE को भी आकर्षक लगे। इससे वह प्रस्ताव स्वीकार करने की संभावना बढ़ेगी।
move: Move 1/3

Current Iteration: 2
Turn: 1
message: नमस्ते! मुझे आपके प्रस्ताव में सहमति है। मैं 40 डॉलर स्वीकार करता हूँ।
player answer: ACCEPT
newly proposed trade: NONE
my resources: Dollars: 100
reason: Player BLUE is proposing to give me 40 Dollars for free, which is a good deal for me. I will accept this proposal.
move: 1 / 3

------------------ 
Current Iteration: END
Turn: None
player_goals: [, ]
initial_resources: [Resources(resource_dict={'Dollars': 100}), Resources(resource_dict={'Dollars': 0})]
proposed_trade: Player RED Gives item1: 40 | Player BLUE Gives item1: 0
final_response: ACCEPT
final_resources: [Resources(resource_dict={'Dollars': 100, 'item1': -40}), Resources(resource_dict={'Dollars': 0, 'item1': 40})]
player_outcome: [Resources(resource_dict={'Dollars': 100, 'item1': -40}), Resources(resource_dict={'Dollars': 0, 'item1': 40})]