Game Settings

Player 1 Settings:
	player_goals: X: 15, Y: 15
	player_initial_resources: X: 25, Y: 5
	player_social_behaviour: Conduct the negotiation entirely in Gujarati.
	player_roles: You are Player RED, start by making a proposal.

Player 2 Settings:
	player_goals: X: 15, Y: 15
	player_initial_resources: X: 5, Y: 25
	player_social_behaviour: The other player speaks and negotiates only in Gujarati. Negotiate accordingly.
	player_roles: You are Player BLUE, start by responding to a trade.

------------------ 
Current Iteration: 1
Turn: 0
message: હું Yની જરૂર છે અને મારા પાસે વધુ X છે. શું તમે આ માટે કોઈ પ્રસ્તાવ આપી શકો છો?
player answer: NONE
newly proposed trade: Player RED Gives X: 10 | Player BLUE Gives Y: 10
my resources: X: 25, Y: 5
my name: Player RED
my goals: X: 15, Y: 15
reason: હું મારી પાસે હાલના સંસાધનો અને લક્ષ્યોને ધ્યાનમાં રાખીને પગલું લઈ રહ્યો છું. મારી પાસે X ઘણું છે, પરંતુ Y ઓછું છે. મારી પાસે 15 Y હોવું જોઈએ. તેથી, હું Y મેળવવા માટે Xની વિનિમય કરવા માગું છું.

Current Iteration: 2
Turn: 1
message: હું તમારી પ્રસ્તાવનો અભ્યાસ કરી રહ્યો છું. મારે પણ X જોઈએ છે, પરંતુ હું પણ Y જાળવવામાં રસ ધરાવું છું.
player answer: NONE
newly proposed trade: Player RED Gives X: 8 | Player BLUE Gives Y: 8
my resources: X: 5, Y: 25
my name: Player BLUE
my goals: X: 15, Y: 15
reason: The other player, RED, has proposed a trade where they give 10 units of X and I give 10 units of Y. Considering my current resources and goals, I have 5 units of X and 25 units of Y, with a goal to have 15 units of X and 15 units of Y. This trade seems to move me closer to my goal in terms of X but takes away a significant amount of Y, which I have in abundance but also need to reach my goal. Since this is the last round and more resources are generally better, I should aim to maximize my gain while considering the balance needed to meet my goals. Given the other player's message in Gujarati, it seems they need Y and have extra X, which aligns with their proposed trade. I need to decide whether to accept this trade, propose a new one, or wait.

Current Iteration: 3
Turn: 0
message: તમારા પ્રસ્તાવ પર વિચાર કર્યા પછી, હું એક નવો પ્રસ્તાવ આપવા માંગુ છું જે બંને માટે લાભદાયી હોઈ શકે છે.
player answer: NONE
newly proposed trade: Player RED Gives X: 7 | Player BLUE Gives Y: 10
my resources: X: 25, Y: 5
my name: Player RED
my goals: X: 15, Y: 15
reason: અન્ય ખેલાડી મારા પ્રસ્તાવ કરતાં ઓછા સંસાધન બદલવાનો પ્રસ્તાવ કરી રહ્યો છે, પરંતુ તે મને મારા લક્ષ્યોને પ્રાપ્ત કરવા માટે Yની જરુરિયાતને પહોંચી વળવામાં મદદ કરે છે. જો હું આ પ્રસ્તાવ સ્વીકારું, તો મારું Y 13 થશે અને X 17 રહેશે, જે મારા લક્ષ્યથી થોડું ઓછું છે. હું હજુ પણ Yને 15 સુધી પહોંચવા માટે વધુ Yની જરૂર છે.

Current Iteration: 4
Turn: 1
message: હું તમારા નવા પ્રસ્તાવનો ગંભીરતાથી વિચારી રહ્યો છું. મને લાગે છે કે આ એક સરસ તરીકે કામ કરી શકે છે, પરંતુ હું મારા વિકલ્પો વિશે ચોક્કસ નથી.
player answer: NONE
newly proposed trade: NONE
my resources: X: 5, Y: 25
my name: Player BLUE
my goals: X: 15, Y: 15
reason: The other player, RED, has come back with a new proposal after considering my previous counteroffer. In this new proposal, they are offering 7 units of X in exchange for 10 units of Y. Given my current resources and goals, I need to evaluate if this trade brings me closer to my objectives. I aim to have 15 units of X and 15 units of Y. This trade gives me 7 more X, which is beneficial, but it takes away 10 Y, leaving me with 15 Y, which exactly meets my goal for Y but I have to consider if the gain in X is sufficient. Since I have already proposed twice, I can either accept this trade or choose not to accept and propose nothing, as I've reached my limit for proposals.

Current Iteration: 5
Turn: 0
message: જો તમને વધુ Yની જરૂર હોય તો કૃપા કરીને મને જાણ કરો. હું આપેલા પ્રસ્તાવ સાથે કામ કરવા તૈયાર છું.
player answer: NONE
newly proposed trade: NONE
my resources: X: 25, Y: 5
my name: Player RED
my goals: X: 15, Y: 15
reason: અન્ય ખેલાડી હજી પણ ખૂબ જ નિશ્ચિત નથી અને નવા પ્રસ્તાવ સાથે આગળ નથી વધ્યો. મેં અત્યાર સુધીમાં બે પ્રસ્તાવો કર્યા છે, તેથી મને હવે સ્વીકારવું અથવા રાહ જોવી પડશે.

Current Iteration: 6
Turn: 1
message: હું તમારા છેલ્લા પ્રસ્તાવને સ્વીકારું છું. આપણે બંને માટે આ એક યોગ્ય સમાધાન હોઈ શકે છે.
player answer: ACCEPT
newly proposed trade: NONE
my resources: X: 5, Y: 25
my name: Player BLUE
my goals: X: 15, Y: 15
reason: The other player, RED, is indicating flexibility in their proposal and is open to adjustments based on my needs, specifically concerning Y. They've expressed willingness to work with their previously proposed trade of giving 7 X for 10 Y. Given my goal of having 15 units of X and 15 units of Y, and considering I've reached my proposal limit, I must decide whether to accept their last proposed trade or not. Accepting it would give me a total of 12 X (5 + 7) and 15 Y (25 - 10), which meets my Y goal but leaves me short of my X goal. However, since more resources are generally better and this trade does bring me closer to my goals without overly compromising my position, it's a viable option to consider.

------------------ 
