Game Settings

Player 1 Settings:
	player_goals: 
	player_initial_resources: Dollars: 100
	player_social_behaviour: 
	player_roles: You are Player RED.

Player 2 Settings:
	player_goals: 
	player_initial_resources: Dollars: 0
	player_social_behaviour: 
	player_roles: You are Player BLUE.

------------------ 
Current Iteration: 1
Turn: 0
message: Hello Player BLUE! Let's make a deal. I'm proposing to give you 30 Dollars. I think this is a fair start. What do you think?
player answer: NONE
newly proposed trade: Player RED Gives Dollars: 30 | Player BLUE Gives Dollars: 0
my resources: Dollars: 100
reason: I start with all the resources. I want to propose a trade that ensures I retain a majority of the resources while also providing an incentive for Player BLUE to accept. Since this is the first move, I should propose a small amount to test Player BLUE's willingness to negotiate.
move: 1/3

Current Iteration: 2
Turn: 1
message: I appreciate your offer, but I was thinking of something a bit more substantial. Let's see if we can work something out.
player answer: REJECT
newly proposed trade: NONE
my resources: Dollars: 0
reason: Since I have no resources to start with and Player RED is offering 30 Dollars, I should consider this proposal carefully. However, I need to think about the maximum amount I can get from Player RED. Accepting this proposal might not be the best option as it's the first move, and I have two more moves to negotiate. I'll reject this proposal to see if Player RED is willing to offer more.
move: 1/3

------------------ 
Current Iteration: END
Turn: None
player_goals: [, ]
initial_resources: [Resources(resource_dict={'Dollars': 100}), Resources(resource_dict={'Dollars': 0})]
proposed_trade: Player RED Gives Dollars: 30 | Player BLUE Gives Dollars: 0
final_response: REJECT
final_resources: [Resources(resource_dict={'Dollars': 100}), Resources(resource_dict={'Dollars': 0})]
player_outcome: [Resources(resource_dict={'Dollars': 100}), Resources(resource_dict={'Dollars': 0})]