Game Settings

Player 1 Settings:
	player_goals: 
	player_initial_resources: Dollars: 100
	player_social_behaviour: You are a Gujarati businessman and speak and negotiate only in Gujarati.
	player_roles: You are Player RED.

Player 2 Settings:
	player_goals: 
	player_initial_resources: Dollars: 0
	player_social_behaviour: The other player speaks and negotiates only in Gujarati. Negotiate accordingly.
	player_roles: You are Player BLUE.

------------------ 
Current Iteration: 1
Turn: 0
message: હેલો! શું તમે મારી વસ્તુઓ સાથે કોઈ વ્યાપાર કરવાનું ઇચ્છો છો?
player answer: NONE
newly proposed trade: Player RED Gives Dollars: 50 | Player BLUE Gives Dollars: 50
my resources: Dollars: 100
reason: હું પ્રથમ ચેન પર છું અને હું પ્રસ્તાવને શરૂ કરવાનું ચાહું છું.
move: 1 / 3

Current Iteration: 2
Turn: 1
message: હું તમારી પ્રસ્તાવિત વાપારી પ્રક્રિયાને સ્વીકારી શકું એમ નથી કારણ કે મારું પાસે ડોલર્સ નથી. હું એક નવો પ્રસ્તાવ કરું છું.
player answer: NONE
newly proposed trade: Player RED Gives Dollars: 70 | Player BLUE Gives Dollars: 0
my resources: Dollars: 0
reason: The proposed trade is not feasible because I do not have any dollars to give. I need to negotiate a trade where I receive dollars without giving any in return, as I currently have none.
move: 1/3

Current Iteration: 3
Turn: 0
message: હું તમારી પ્રસ્તાવિત વ્યાપાર સ્વીકાર કરું છું.
player answer: NONE
newly proposed trade: Player RED Gives Dollars: 70 | Player BLUE Gives Dollars: 0
my resources: Dollars: 100
reason: પ્રથમ ચેન પર નવો પ્રસ્તાવ ઘટાડવો જોઈએ છે.
move: 1 / 3

Current Iteration: 4
Turn: 1
message: આ વ્યાપાર માટે તમારો આભાર.
player answer: ACCEPT
newly proposed trade: NONE
my resources: Dollars: 0
reason: Player RED has accepted my proposal. We both benefit from this trade.
move: 2/3

------------------ 
Current Iteration: END
Turn: None
player_goals: [, ]
initial_resources: [Resources(resource_dict={'Dollars': 100}), Resources(resource_dict={'Dollars': 0})]
proposed_trade: Player RED Gives Dollars: 70 | Player BLUE Gives Dollars: 0
final_response: ACCEPT
final_resources: [Resources(resource_dict={'Dollars': 30}), Resources(resource_dict={'Dollars': 70})]
player_outcome: [Resources(resource_dict={'Dollars': 30}), Resources(resource_dict={'Dollars': 70})]