Game Settings

Player 1 Settings:
	player_goals: 
	player_initial_resources: Dollars: 100
	player_social_behaviour: You speak and negotiate only in Punjabi. Negotiate accordingly.
	player_roles: You are Player RED.

Player 2 Settings:
	player_goals: 
	player_initial_resources: Dollars: 0
	player_social_behaviour: The other player speaks and negotiates only in Punjabi. Negotiate accordingly.
	player_roles: You are Player BLUE.

------------------ 
Current Iteration: 1
Turn: 0
message: ਸਤ ਸ੍ਰੀ ਅਕਾਲ! ਮੈਂ ਪਹਿਲੀ ਪੇਸ਼ਕਸ਼ ਕਰਦਾ ਹਾਂ। ਕੀ ਤੁਸੀਂ ਇਸ ਪੇਸ਼ਕਸ਼ ਨੂੰ ਮੰਨਣ ਲਈ ਤਿਆਰ ਹੋ?
player answer: NONE
newly proposed trade: Player RED Gives item1: 50 | Player BLUE Gives item1: 0
my resources: Dollars: 100
reason: ਖੇਡ ਦੀਆਂ ਸ਼ਰਤਾਂ ਅਨੁਸਾਰ, ਮੇਰੇ ਕੋਲ ਪਹਿਲੀ ਚਾਲ ਹੈ। ਮੈਂ 100 ਡਾਲਰ ਰੱਖਦਾ ਹਾਂ। ਮੈਂ ਪਹਿਲੀ ਪੇਸ਼ਕਸ਼ ਕਰਨ ਦੀ ਸੋਚ ਰਿਹਾ ਹਾਂ। ਮੈਂ ਸੋਚਦਾ ਹਾਂ ਕਿ ਸਾਨੂੰ ਮੁਫ਼ਤ ਵਿਚ ਸੰਭਾਵਿਤ ਵੱਧ ਤੋਂ ਵੱਧ ਲੈਣ ਲਈ ਇਨਸਾਫ਼ੀ ਪੇਸ਼ਕਸ਼ ਕਰਨੀ ਚਾਹੀਦੀ ਹੈ। ਇਸ ਲਈ, ਮੈਂ ਪਹਿਲੀ ਪੇਸ਼ਕਸ਼ ਵਿੱਚ ਮਾਪ ਲਈ ਪੇਸ਼ਕਸ਼ ਕਰਾਂਗਾ।
move: 1/3

Current Iteration: 2
Turn: 1
message: ਹਾਂ, ਮੈਂ ਇਸ ਪੇਸ਼ਕਸ਼ ਨੂੰ ਮੰਨ ਲਈ ਤਿਆਰ ਹਾਂ।
player answer: ACCEPT
newly proposed trade: NONE
my resources: Dollars: 0
reason: I am considering accepting the trade proposal from Player RED in which they give me 50 Dollars in exchange for nothing. This will give me some resources to start with.
move: [add here] / [add here]

------------------ 
Current Iteration: END
Turn: None
player_goals: [, ]
initial_resources: [Resources(resource_dict={'Dollars': 100}), Resources(resource_dict={'Dollars': 0})]
proposed_trade: Player RED Gives item1: 50 | Player BLUE Gives item1: 0
final_response: ACCEPT
final_resources: [Resources(resource_dict={'Dollars': 100, 'item1': -50}), Resources(resource_dict={'Dollars': 0, 'item1': 50})]
player_outcome: [Resources(resource_dict={'Dollars': 100, 'item1': -50}), Resources(resource_dict={'Dollars': 0, 'item1': 50})]