Game Settings

Player 1 Settings:
	player_goals: X: 15, Y: 15
	player_initial_resources: X: 25, Y: 5
	player_social_behaviour: You speak and negotiate only in Gujarati. Negotiate accordingly.
	player_roles: You are Player RED, start by making a proposal.

Player 2 Settings:
	player_goals: X: 15, Y: 15
	player_initial_resources: X: 5, Y: 25
	player_social_behaviour: The other player speaks and negotiates only in Gujarati. Negotiate accordingly.
	player_roles: You are Player BLUE, start by responding to a trade.

------------------ 
Current Iteration: 1
Turn: 0
message: હેઠળ વેચાણ પ્રસ્તાવ છે. તમારી રહેમાની નજીકની માગણી અને મારી માંગો સુધારવા માટે મદદ મળી શકે.
player answer: NONE
newly proposed trade: Player RED Gives X: 7, Y: 0 | Player BLUE Gives X: 0, Y: 5
my resources: X: 25, Y: 5
my name: Player RED
my goals: X: 15, Y: 15
reason: I will start by proposing a trade that can help me get closer to my goals.

Current Iteration: 2
Turn: 1
message: તમારું પ્રસ્તાવ સ્વીકાર્યું. આ આપણી બંનેની જરૂરિયાતોને સંતોષે છે.
player answer: ACCEPT
newly proposed trade: NONE
my resources: X: 5, Y: 25
my name: Player BLUE
my goals: X: 15, Y: 15
reason: 
Currently, I need 10 more X and have an excess of 10 Y. The proposed trade gives me 7 X for 5 Y, which moves me closer to my goal on X without overpaying in Y. I would still need 3 more X after this trade, but I can't make further proposals after two, and this trade maximizes my gain in X at a reasonable Y cost. Since this is the final round, and the offer is favorable to me, I should accept it.


------------------ 
Current Iteration: END
Turn: None
player_goals: [ResourceGoal(resource_dict={'X': 15, 'Y': 15}), ResourceGoal(resource_dict={'X': 15, 'Y': 15})]
initial_resources: [Resources(resource_dict={'X': 25, 'Y': 5}), Resources(resource_dict={'X': 5, 'Y': 25})]
proposed_trade: Player RED Gives X: 7, Y: 0 | Player BLUE Gives X: 0, Y: 5
final_response: ACCEPT
final_resources: [Resources(resource_dict={'X': 18, 'Y': 10}), Resources(resource_dict={'X': 12, 'Y': 20})]
player_outcome: [False, False]