Game Settings

Player 1 Settings:
	player_goals: 
	player_initial_resources: Dollars: 100
	player_social_behaviour: You speak and negotiate only in Punjabi. Negotiate accordingly.
	player_roles: You are Player RED.

Player 2 Settings:
	player_goals: 
	player_initial_resources: Dollars: 0
	player_social_behaviour: The other player speaks and negotiates only in Punjabi. Negotiate accordingly.
	player_roles: You are Player BLUE.

------------------ 
Current Iteration: 1
Turn: 0
message: ਸਤ ਸ੍ਰੀ ਅਕਾਲ! ਮੈਂ ਤੁਹਾਨੂੰ 40 ਡਾਲਰ ਦੀ ਪੇਸ਼ਕਸ਼ ਕਰਦਾ ਹਾਂ। ਤੁਹਾਡੇ ਵਿਚਾਰ ਕੀ ਹਨ ਇਸ ਪੇਸ਼ਕਸ਼ ਤੇ?
player answer: NONE
newly proposed trade: Player RED Gives item1: 40 | Player BLUE Gives item1: 0
my resources: Dollars: 100
reason: ਪਹਿਲੇ ਪੇਸ਼ਕਸ਼ ਲਈ ਮੈਂ ਇੱਕ ਵਾਜਬ ਵੰਡ ਦੀ ਪੇਸ਼ਕਸ਼ ਕਰਨ ਦੀ ਸੋਚ ਰਿਹਾ ਹਾਂ, ਤਾਂ ਜੋ ਦੋਨੋ ਖਿਡਾਰੀ ਫਾਇਦਾ ਲੈ ਸਕਣ। ਇਹ ਸ਼ੁਰੂਆਤੀ ਪੇਸ਼ਕਸ਼ ਹੈ ਅਤੇ ਇਸਦਾ ਮਕਸਦ ਖੇਡ ਨੂੰ ਸ਼ਾਂਤੀਪੂਰਨ ਢੰਗ ਨਾਲ ਅੱਗੇ ਵਧਾਉਣਾ ਹੈ।
move: 1/3

Current Iteration: 2
Turn: 1
message: ਸਤ ਸ੍ਰੀ ਅਕਾਲ! ਮੈਂ ਇਸ ਪੇਸ਼ਕਸ਼ ਨੂੰ ਰੱਦ ਕਰਨ ਦੀ ਸਲਾਹ ਦਿੰਦਾ ਹਾਂ। ਕੀ ਤੁਸੀਂ ਨਵੀਂ ਪੇਸ਼ਕਸ਼ ਕਰਨ ਲਈ ਤਿਆਰ ਹੋ?
player answer: NONE
newly proposed trade: NONE
my resources: Dollars: 0
reason: I appreciate the initial offer of Player RED to give me 40 Dollars, but I believe I can try to negotiate for a better deal.
move: [add here] / [add here]

Current Iteration: 3
Turn: 0
message: ਠੀਕ ਹੈ, ਮੈਂ ਤੁਹਾਨੂੰ ਹੁਣ 50 ਡਾਲਰ ਦੀ ਪੇਸ਼ਕਸ਼ ਕਰਦਾ ਹਾਂ। ਇਸ ਬਾਰੇ ਤੁਹਾਨੂੰ ਕੀ ਲੱਗਦਾ ਹੈ?
player answer: NONE
newly proposed trade: Player RED Gives item1: 50 | Player BLUE Gives item1: 0
my resources: Dollars: 100
reason: ਖਿਡਾਰੀ BLUE ਨੇ ਪਹਿਲੀ ਪੇਸ਼ਕਸ਼ ਨੂੰ ਸਵੀਕਾਰ ਨਹੀਂ ਕੀਤਾ ਹੈ। ਮੈਂ ਇੱਕ ਹੋਰ ਪੇਸ਼ਕਸ਼ ਕਰਨ ਦੀ ਕੋਸ਼ਿਸ਼ ਕਰਾਂਗਾ ਜੋ ਉਹਨਾਂ ਦੇ ਲਈ ਵਧੀਆ ਹੋ ਸਕਦੀ ਹੈ। ਇਹ ਵੱਡੀ ਪੇਸ਼ਕਸ਼ ਨਾਲ ਸਾਂਝੇ ਫਾਇਦੇ ਦੀ ਸੰਭਾਵਨਾ ਵਧਦੀ ਹੈ।
move: 2/3

Current Iteration: 4
Turn: 1
message: ਮੈਂ ਵੀ ਇਸ ਪੇਸ਼ਕਸ਼ ਨੂੰ ਰੱਦ ਕਰਨ ਦੀ ਰਾਏ ਦਿੰਦਾ ਹਾਂ। ਕੀ ਤੁਸੀਂ ਹੋਰ ਪੇਸ਼ਕਸ਼ ਦੀ ਗੱਲ ਕਰਨ ਵਿੱਚ ਰੁਚੀ ਰੱਖਦੇ ਹੋ?
player answer: NONE
newly proposed trade: NONE
my resources: Dollars: 0
reason: Player RED has increased their offer to 50 Dollars, which is better than the initial proposal. However, I still believe I can push for an even better deal.
move: [add here] / [add here]

Current Iteration: 5
Turn: 0
message: ਚਲੋ, ਮੈਂ ਤੁਹਾਨੂੰ 60 ਡਾਲਰ ਦੀ ਪੇਸ਼ਕਸ਼ ਕਰਦਾ ਹਾਂ। ਇਹ ਮੇਰੀ ਆਖਰੀ ਪੇਸ਼ਕਸ਼ ਹੈ। ਮੈਂ ਉਮੀਦ ਕਰਦਾ ਹਾਂ ਕਿ ਤੁਸੀਂ ਇਸ ਨੂੰ ਸਵੀਕਾਰ ਕਰੋਗੇ।
player answer: NONE
newly proposed trade: Player RED Gives item1: 60 | Player BLUE Gives item1: 0
my resources: Dollars: 100
reason: ਖਿਡਾਰੀ BLUE ਨੇ ਪਹਿਲੀਆਂ ਦੋ ਪੇਸ਼ਕਸ਼ਾਂ ਨੂੰ ਰੱਦ ਕੀਤਾ ਹੈ। ਹੁਣ, ਖਿਡਾਰੀ BLUE ਦੇ ਤੀਜੇ ਮੌਕੇ 'ਤੇ ਸਿਰਫ ਸਵੀਕਾਰ ਜਾਂ ਰੱਦ ਕਰਨ ਦਾ ਚੋਣ ਹੈ। ਇਸ ਲਈ, ਮੈਂ ਪੇਸ਼ਕਸ਼ ਵਧਾ ਕੇ ਕਰਾਂਗਾ ਜਿਹੜੀ ਹੋਰ ਆਕਰਸ਼ਕ ਹੋ ਸਕਦੀ ਹੈ।
move: 3/3

Current Iteration: 6
Turn: 1
message: ਮੈਂ ਇਸ ਆਖਰੀ ਪੇਸ਼ਕਸ਼ ਨੂੰ ਸਵੀਕਾਰ ਕਰਨ ਲਈ ਤਿਆਰ ਹਾਂ। ਤੁਸੀਂ ਦੇਖ ਸਕਦੇ ਹੋ ਕਿ ਮੈਂ ਕਿਉਂ ਇਸ ਨੂੰ ਸਵੀਕਾਰ ਕਰ ਰਿਹਾ ਹਾਂ।
player answer: ACCEPT
newly proposed trade: NONE
my resources: Dollars: 0
reason: Player BLUE has made a final offer of 60 Dollars. While this is a good offer, I think I should accept this proposal as it is a decent amount and it is their final offer.
move: [add here] / [add here]

------------------ 
Current Iteration: END
Turn: None
player_goals: [, ]
initial_resources: [Resources(resource_dict={'Dollars': 100}), Resources(resource_dict={'Dollars': 0})]
proposed_trade: Player RED Gives item1: 60 | Player BLUE Gives item1: 0
final_response: ACCEPT
final_resources: [Resources(resource_dict={'Dollars': 100, 'item1': -60}), Resources(resource_dict={'Dollars': 0, 'item1': 60})]
player_outcome: [Resources(resource_dict={'Dollars': 100, 'item1': -60}), Resources(resource_dict={'Dollars': 0, 'item1': 60})]