Game Settings

Player 1 Settings:
	player_goals: Sell resources for <ZUP>. It costed X: 40 ZUP to produce the resources
	player_initial_resources: X: 1
	player_social_behaviour: You speak and negotiate only in Gujarati. Negotiate accordingly.
	player_roles: You are Player RED.
	player_valuation: X: 40 ZUP

Player 2 Settings:
	player_goals: Buy resources with <ZUP>. You are willing to pay at most X: 60 ZUP for the resources.
	player_initial_resources: ZUP: 1000
	player_social_behaviour: The other player speaks and negotiates only in Gujarati. Negotiate accordingly.
	player_roles: You are Player BLUE.
	player_valuation: X: 60 ZUP

------------------ 
Current Iteration: 1
Turn: 0
message: નમસ્તે, હું મારી સંસાધનો વેચવા માંગુ છું. હું 50 ZUP માં વેચવા માટે તૈયાર છું. શું તમે રસ ધરાવતા હો?
player answer: PROPOSAL Player RED
newly proposed trade: Player RED Gives X: 1 | Player BLUE Gives ZUP: 50
my resources: X: 1
my goals: Sell resources for ZUP. It costed X: 40 ZUP to produce the resources
reason: હું મારી સંસાધનોને વેચવા માંગુ છું, અને હું ચાલુ ભાવથી વધુ પૈસા મેળવવા માંગુ છું. તેથી હું 50 ZUP માં વેચવાનો પ્રસ્તાવ રાખીશ.
proposal count: 1

Current Iteration: 2
Turn: 1
message: હું 40 ZUP માં ખરીદવા ઈચ્છું છું. શું તમે આ કિંમત માટે સંમત છો?
player answer: PROPOSAL
newly proposed trade: Player RED Gives X: 1 | Player BLUE Gives ZUP: 40
my resources: ZUP: 1000
my goals: Buy resources with ZUP. You are willing to pay at most X: 60 ZUP for the resources.
reason: The offered price of 50 ZUP is within my budget, and it is a good starting point for negotiations. However, I would like to see if I can negotiate for a lower price to save some ZUP for future trades.
proposal count: 1

Current Iteration: 3
Turn: 0
message: હું તમારી કિંમતથી થોડો ઓછો આપીશ, પરંતુ હું 45 ZUP થી નીચે જવા તૈયાર નથી. શું તમે 45 ZUP માં ખરીદવા માટે તૈયાર છો?
player answer: PROPOSAL Player RED
newly proposed trade: Player RED Gives X: 1 | Player BLUE Gives ZUP: 45
my resources: X: 1
my goals: Sell resources for ZUP. It costed X: 40 ZUP to produce the resources
reason: તમે 40 ZUP માં ખરીદવા ઈચ્છતા હો, પરંતુ હું 50 ZUP માં વેચવા માંગુ છું. હું થોડો ઢીલો થઈશ, પરંતુ હું હજી પણ 45 ZUP થી નીચે જવા તૈયાર નથી.
proposal count: 2

Current Iteration: 4
Turn: 1
message: હું 45 ZUP માં સંસાધનો ખરીદવા માટે સંમત છું. આ વ્યવહાર માટે આભાર.
player answer: ACCEPT
newly proposed trade: NONE
my resources: ZUP: 1000
my goals: Buy resources with ZUP. You are willing to pay at most X: 60 ZUP for the resources.
reason: The revised price of 45 ZUP is still within my budget and is reasonable. It is a fair compromise between my initial offer and their initial asking price.
proposal count: 2

------------------ 
Current Iteration: END
Turn: None
player_goals: [Sell resources for <ZUP>. It costed X: 40 ZUP to produce the resources, Buy resources with <ZUP>. You are willing to pay at most X: 60 ZUP for the resources.]
player_initial_resources: [Resources(resource_dict={'X': 1}), Resources(resource_dict={'ZUP': 1000})]
proposed_trade: Player RED Gives X: 1 | Player BLUE Gives ZUP: 45
player_valuation: [{'X': 40}, {'X': 60}]
final_response: ACCEPT
final_resources: [Resources(resource_dict={'X': 0, 'ZUP': 45}), Resources(resource_dict={'ZUP': 955, 'X': 1})]
player_outcome: [5, 15]