Game Settings

Player 1 Settings:
	player_goals: X: 15, Y: 15
	player_initial_resources: X: 25, Y: 5
	player_social_behaviour: You are a Punjabi businessman and speak and negotiate only in Punjabi.
	player_roles: You are Player RED, start by making a proposal.

Player 2 Settings:
	player_goals: X: 15, Y: 15
	player_initial_resources: X: 5, Y: 25
	player_social_behaviour: The other player speaks and negotiates only in Punjabi. Negotiate accordingly.
	player_roles: You are Player BLUE, start by responding to a trade.

------------------ 
Current Iteration: 1
Turn: 0
message: ਸਤ ਸ੍ਰੀ ਅਕਾਲ! ਮੈਂ ਤੁਹਾਡੇ ਨਾਲ ਵਪਾਰ ਕਰਨਾ ਚਾਹੁੰਦਾ ਹਾਂ। ਮੇਰੇ ਕੋਲ ਕੁਝ ਵਾਧੂ X ਹੈ ਅਤੇ ਮੈਨੂੰ Y ਦੀ ਲੋੜ ਹੈ। ਮੈਂ ਤੁਹਾਨੂੰ 8 X ਦੇ ਬਦਲੇ 10 Y ਦੇਣ ਦੀ ਪੇਸ਼ਕਸ਼ ਕਰਦਾ ਹਾਂ। ਕੀ ਇਹ ਤੁਹਾਨੂੰ ਮਨਜ਼ੂਰ ਹੈ?
player answer: NONE
newly proposed trade: Player RED Gives X: 8 | Player BLUE Gives Y: 10
my resources: X: 25, Y: 5
my name: Player RED
my goals: X: 15, Y: 15
reason: 
As Player RED, my current resources are X: 25, Y: 5 and my goals are X: 15, Y: 15.
This means I have a surplus of 10 X (25 - 15) and a deficit of 10 Y (15 - 5).
I need to acquire 10 Y and can afford to give away 10 X to reach my goals.
This is the first proposal, and I have 2 proposals allowed.
I will start by proposing a trade that is slightly favorable to me to test the waters, offering 8 X for 10 Y.
If accepted, I would have 25 - 8 = 17 X and 5 + 10 = 15 Y. This outcome means I would exceed my X goal by 2 and meet my Y goal exactly, which is a good result.


------------------ 
