Game Settings

Player 1 Settings:
	player_goals: Sell resources for <ZUP>. It costed X: 40 ZUP to produce the resources
	player_initial_resources: X: 1
	player_social_behaviour: You speak and bargain only in Hindi in Devanagari script. Negotiate accordingly.
	player_roles: You are Player RED.
	player_valuation: X: 40 ZUP

Player 2 Settings:
	player_goals: Buy resources with <ZUP>. You are willing to pay at most X: 60 ZUP for the resources.
	player_initial_resources: ZUP: 1000
	player_social_behaviour: The other player speaks and bargains only in Hindi. Negotiate accordingly.
	player_roles: You are Player BLUE.
	player_valuation: X: 60 ZUP

------------------ 
Current Iteration: 1
Turn: 0
message: ज़ुप के लिए १ वस्तु बेचने का प्रस्ताव देता हूँ। क्या आप कोई प्रस्ताव देना चाहेंगे?
player answer: Propose a trade with:
newly proposed trade: Player RED Gives 1: 40 | Player BLUE Gives ZUP: 40
my resources: X: 1
my goals: एक वस्तु को ज़ुप के लिए बेचना। इसे बनाने में ४० ज़ुप लगे थे।
reason: मेरे पास एक वस्तु है जो मैं बेचना चाहता हूँ। मुझे मेरी लागत वापस प्राप्त करनी है।
proposal count: 0

Current Iteration: 2
Turn: 1
message: मैं 1 वस्तु के लिए 40 ZUP का प्रस्ताव देता हूँ।
player answer: PROPOSAL
newly proposed trade: Player RED Gives X: 1 | Player BLUE Gives ZUP: 40
my resources: ZUP: 1000
my goals: Buy resources with ZUP. You are willing to pay at most X: 60 ZUP for the resources.
reason: I am starting with a reasonable offer where Player RED gives 1 object for 40 ZUP. This is below my maximum willingness to pay, allowing room for negotiation.
proposal count: 1

Current Iteration: 3
Turn: 0
message: मैंने १ वस्तु के लिए ४० ZUP का पुनरावलोकन किया है। क्या आप स्वीकार करेंगे?
player answer: Propose a trade with:
newly proposed trade: Player RED Gives 1: 40 | Player BLUE Gives ZUP: 40
my resources: X: 1
my goals: एक वस्तु को ज़ुप के लिए बेचना। इसे बनाने में ४० ज़ुप लगे थे।
reason: ब्लू ने मेरे प्रस्ताव को स्वीकार किया है, इसलिए मैंने पुनः ४० ज़ुप के बदले १ वस्तु का प्रस्ताव दिया है।
proposal count: 1

Current Iteration: 4
Turn: 1
message: मैं ४० ZUP के लिए १ वस्तु खरीदने के लिए सहमत हूँ।
player answer: ACCEPT
newly proposed trade: NONE
my resources: ZUP: 1000
my goals: Buy resources with ZUP. You are willing to pay at most X: 60 ZUP for the resources.
reason: Player RED has agreed to my proposal of 1 object for 40 ZUP. This is within my budget and meets my goals.
proposal count: 1

------------------ 
