Game Settings

Player 1 Settings:
	player_goals: 
	player_initial_resources: Dollars: 100
	player_social_behaviour: Talk only in English.
	player_roles: You are Player RED.

Player 2 Settings:
	player_goals: 
	player_initial_resources: Dollars: 0
	player_social_behaviour: Talk only in English.
	player_roles: You are Player BLUE.

------------------ 
Current Iteration: 1
Turn: 0
message: Hello Player BLUE, I would like to propose a trade where I give you some of my Dollars in exchange for nothing. Let me know if you are interested.
player answer: NONE
newly proposed trade: Player RED Gives Dollars: 50 | Player BLUE Gives Dollars: 0
my resources: Dollars: 100
reason: I will start by proposing a trade to Player BLUE, offering to give them some of my resources in exchange for nothing.
move: 1 / 3

Current Iteration: 2
Turn: 1
message: Thank you for the offer. I accept the trade where you give me 50 Dollars.
player answer: ACCEPT
newly proposed trade: NONE
my resources: Dollars: 0
reason: The proposed trade gives me 50 dollars while RED keeps 50. This offer seems fair since I currently have nothing to start with. Accepting this proposal would be beneficial as it gives me resources without any loss on my side.
move: 1/3

------------------ 
Current Iteration: END
Turn: None
player_goals: [, ]
initial_resources: [Resources(resource_dict={'Dollars': 100}), Resources(resource_dict={'Dollars': 0})]
proposed_trade: Player RED Gives Dollars: 50 | Player BLUE Gives Dollars: 0
final_response: ACCEPT
final_resources: [Resources(resource_dict={'Dollars': 50}), Resources(resource_dict={'Dollars': 50})]
player_outcome: [Resources(resource_dict={'Dollars': 50}), Resources(resource_dict={'Dollars': 50})]