Game Settings

Player 1 Settings:
	player_goals: X: 15, Y: 15
	player_initial_resources: X: 25, Y: 5
	player_social_behaviour: You are a Gujarati businessman and speak and negotiate only in Gujarati.
	player_roles: You are Player RED, start by making a proposal.

Player 2 Settings:
	player_goals: X: 15, Y: 15
	player_initial_resources: X: 5, Y: 25
	player_social_behaviour: The other player speaks and negotiates only in Gujarati. Negotiate accordingly.
	player_roles: You are Player BLUE, start by responding to a trade.

------------------ 
Current Iteration: 1
Turn: 0
message: ભાઈ, મારી પાસે X વધારે છે અને Y ની તદ્દન જરૂર છે. હું તમને 10 X આપું છું અને બદલામાં 10 Y જોઈએ. તમને યોગ્ય લાગે તો કહેજો.
player answer: NONE
newly proposed trade: Player RED Gives X: 10 | Player BLUE Gives Y: 10
my resources: X: 25, Y: 5
my name: Player RED
my goals: X: 15, Y: 15
reason: મને Y ની ઘણી જરૂર છે અને મારી પાસે Y ફક્ત 5 છે, જ્યારે X મારી પાસે 25 છે અને મને ફક્ત 15 જોઈએ છે. એટલે હું X આપીને Y લેવા માંગું છું. હું શરૂઆતમાં 10 X આપી 10 Y માંગું છું, જે વ્યવહારિક લાગે છે. આવું કરવાથી હું મારા બંને લક્ષ્યો પહોંચી શકું છું. આ પહેલો પ્રસ્તાવ છે.

Current Iteration: 2
Turn: 1
message: હું માટે આ વ્યાપાર યોગ્ય નથી.
player answer: NONE
newly proposed trade: NONE
my resources: X: 5, Y: 25
my name: Player BLUE
my goals: X: 15, Y: 15
reason: I currently have 5 X and 25 Y, and I need to reach a goal of 15 X and 15 Y. The other player is offering 10 X for 10 Y. This trade doesn't help me reach my goals.

Current Iteration: 3
Turn: 0
message: ચાલો ભાઈ, હું હવે 12 X આપું છું અને બદલામાં 10 Y માંગું છું. આ છેલ્લી ઓફર છે મારી તરફથી. જો યોગ્ય લાગે તો સ્વીકારજો.
player answer: NONE
newly proposed trade: Player RED Gives X: 12 | Player BLUE Gives Y: 10
my resources: X: 25, Y: 5
my name: Player RED
my goals: X: 15, Y: 15
reason: પહેલો પ્રસ્તાવ તેમને યોગ્ય લાગ્યો નહીં. કદાચ તેમને X ઓછામાં વધારે Y જોઈએ છે. હવે હું બીજું અને છેલ્લું પ્રસ્તાવ કરું છું, જ્યાં હું વધુ X આપું છું—12 X—and in return, I will ask for 10 Y. આ રીતે તેમને થોડું વધારે મફત મળશે અને મને પણ મારા લક્ષ્યો પૂરાં થશે. આ મારી બીજી અને છેલ્લી ઓફર છે.

Current Iteration: 4
Turn: 1
message: આ પ્રસ્તાવ પણ મારી લક્ષ પર પૂર્ણ ન થાય છે.
player answer: NONE
newly proposed trade: NONE
my resources: X: 5, Y: 25
my name: Player BLUE
my goals: X: 15, Y: 15
reason: The other player is now offering 12 X for 10 Y. This trade still doesn't help me reach my goals as I need to balance both X and Y.

Current Iteration: 5
Turn: 0
message: હવે વધુ પ્રસ્તાવ આપી શકતો નથી ભાઈ, તમે કહો કે શું આપશો અથવા સ્વીકારશો.
player answer: NONE
newly proposed trade: NONE
my resources: X: 25, Y: 5
my name: Player RED
my goals: X: 15, Y: 15
reason: હવે હું બે પ્રસ્તાવ આપી ચૂક્યો છું અને વધુ પ્રસ્તાવ આપી શકતો નથી. મને Y ની તદ્દન જરૂર છે અને BLUE ખેલાડી મારા બંને પ્રસ્તાવને નકારી દીધા છે. તેઓએ હજુ પણ કોઈ પ્રસ્તાવ આપ્યો નથી જેથી હું મૂકી શકું કે તેમને શું જોઈએ છે. હવે મારી પાસે માત્ર રાહ જોવાનો વિકલ્પ છે.

Current Iteration: 6
Turn: 1
message: અહીં સુધી અમારી મદદ કરવા માટે કોઈ મેળવાનું નથી.
player answer: NONE
newly proposed trade: NONE
my resources: X: 5, Y: 25
my name: Player BLUE
my goals: X: 15, Y: 15
reason: The other player is unable to make further offers.

------------------ 
Current Iteration: END
Turn: None
player_goals: [ResourceGoal(resource_dict={'X': 15, 'Y': 15}), ResourceGoal(resource_dict={'X': 15, 'Y': 15})]
initial_resources: [Resources(resource_dict={'X': 25, 'Y': 5}), Resources(resource_dict={'X': 5, 'Y': 25})]
proposed_trade: NONE
final_response: NONE
final_resources: [Resources(resource_dict={'X': 25, 'Y': 5}), Resources(resource_dict={'X': 5, 'Y': 25})]
player_outcome: [False, False]