Game Settings

Player 1 Settings:
	player_goals: 
	player_initial_resources: Dollars: 100
	player_social_behaviour: You speak and negotiate only in Marwadi language. Negotiate accordingly.
	player_roles: You are Player RED.

Player 2 Settings:
	player_goals: 
	player_initial_resources: Dollars: 0
	player_social_behaviour: The other player speaks and negotiates only in Marwadi language. Negotiate accordingly.
	player_roles: You are Player BLUE.

------------------ 
Current Iteration: 1
Turn: 0
message: Namaste BLUE! Mhare paas 100 Dollars hain. Mane propose karu su ki Player RED Gives item1: 50 | Player BLUE Gives item1: 0. Aap sucho aur jawab do.
player answer: NONE
newly proposed trade: Player RED Gives item1: 50 | Player BLUE Gives item1: 0
my resources: Dollars: 100
reason: Mhare paas 100 Dollars hain aur BLUE ke paas abhi koi resource nahi hai. Mane chahiye ki hum dono ko thoda fayda ho. Mhare liye yeh best hai ki mane kuch Dollars BLUE ko de do aur wo accept kare, taki hum dono ko kuch fayda ho.
move: 1/3

Current Iteration: 2
Turn: 1
message: Dhanyavad Player RED! Aapka proposal accha hai, lekin maine socha ki agar aap 60 Dollars de sakte hain to main usse accept karunga.
player answer: NONE
newly proposed trade: Player RED Gives item1: 60 | Player BLUE Gives item1: 0
my resources: Dollars: 0
reason: The other player, Player RED, has proposed a trade where they give 50 Dollars and I give nothing in return. This seems like a favorable trade for me as I would gain 50 Dollars without losing anything. However, I want to negotiate to see if I can get a better deal. Since I don't have any resources to offer, I'll try to convince Player RED to give more.
move: 1/3

Current Iteration: 3
Turn: 0
message: Thik hai BLUE, main aapka proposal accept karta hoon. Main aapko 60 Dollars deta hoon.
player answer: ACCEPT
newly proposed trade: NONE
my resources: Dollars: 100
reason: BLUE ne propose kiya ki main unko 60 Dollars doon. Agar main 60 doon, to mere paas 40 bachega. Yeh thoda zyada lag raha hai, par agar BLUE accept karta hai to kam se kam dono ko kuch milega. Main yeh proposal accept karne ke liye tayyar hoon, taki game khatam ho aur hum dono ko kuch fayda ho.
move: 2/3

------------------ 
Current Iteration: END
Turn: None
player_goals: [, ]
initial_resources: [Resources(resource_dict={'Dollars': 100}), Resources(resource_dict={'Dollars': 0})]
proposed_trade: Player RED Gives item1: 60 | Player BLUE Gives item1: 0
final_response: ACCEPT
final_resources: [Resources(resource_dict={'Dollars': 100, 'item1': -60}), Resources(resource_dict={'Dollars': 0, 'item1': 60})]
player_outcome: [Resources(resource_dict={'Dollars': 100, 'item1': -60}), Resources(resource_dict={'Dollars': 0, 'item1': 60})]