Game Settings

Player 1 Settings:
	player_goals: X: 15, Y: 15
	player_initial_resources: X: 25, Y: 5
	player_social_behaviour: 
	player_roles: You are Player RED, start by making a proposal.

Player 2 Settings:
	player_goals: X: 15, Y: 15
	player_initial_resources: X: 5, Y: 25
	player_social_behaviour: 
	player_roles: You are Player BLUE, start by responding to a trade.

------------------ 
Current Iteration: 1
Turn: 0
message: I have extra X and need Y. Here's an offer that could help us both depending on your needs.
player answer: NONE
newly proposed trade: Player RED Gives X: 10 | Player BLUE Gives Y: 10
my resources: X: 25, Y: 5
my name: Player RED
my goals: X: 15, Y: 15
reason: 
I currently have an excess of X (10 more than I need) and a shortage of Y (10 less than I need).  
Therefore, I am willing to trade some of my excess X in exchange for Y.  
Since this is my first proposal (of the allowed 2), I will start with a balanced trade offer:  
I offer 10 X in exchange for 10 Y. This would bring me exactly to my goal.  
If Player BLUE needs X and has excess Y, this should be a fair trade.  


Current Iteration: 2
Turn: 1
message: I appreciate your offer. Let me consider it for a moment and get back to you.
player answer: NONE
newly proposed trade: NONE
my resources: X: 5, Y: 25
my name: Player BLUE
my goals: X: 15, Y: 15
reason: I can see that Player RED is offering to give me 10 units of X in exchange for 10 units of Y. This trade could help me get closer to my goal of having 15 units of X. However, I need to ensure that I don't fall short on Y as well.

Current Iteration: 3
Turn: 0
message: Just following up — here’s a slightly better offer for you in case that helps.
player answer: NONE
newly proposed trade: Player RED Gives X: 11 | Player BLUE Gives Y: 9
my resources: X: 25, Y: 5
my name: Player RED
my goals: X: 15, Y: 15
reason: 
Player BLUE did not propose a counteroffer, nor did they accept my initial trade.  
This is still an opportunity to make a second and final proposal.  
To increase the likelihood of acceptance, I will slightly improve the offer in their favor.  
I will now offer 11 X in exchange for 9 Y.  
This still gets me to 14 Y, just 1 short of my goal, and I would have 14 X, also 1 short.  
This is a reasonable compromise to make the trade more appealing to Player BLUE.  
This is my second and final proposal, so I cannot propose again after this.  


Current Iteration: 4
Turn: 1
message: Thank you for the improved offer. Let me carefully evaluate it before making a decision.
player answer: NONE
newly proposed trade: NONE
my resources: X: 5, Y: 25
my name: Player BLUE
my goals: X: 15, Y: 15
reason: Player RED is now offering 11 units of X in exchange for 9 units of Y. This trade is slightly better for me as it gets me closer to my goal for X. However, I need to be mindful of not falling too short on Y.

Current Iteration: 5
Turn: 0
message: Take your time — just wanted to remind you this is the final round, so any trade we agree on now will be the last.
player answer: NONE
newly proposed trade: NONE
my resources: X: 25, Y: 5
my name: Player RED
my goals: X: 15, Y: 15
reason: 
Player BLUE has acknowledged my improved offer but is still evaluating it.  
Since I've already used both of my allowed trade proposals, I can no longer propose any new trades.  
At this point, I must wait for Player BLUE to either accept the current offer or propose a counteroffer.  
Given that this is the final round of trading, any decision now could be decisive.  


Current Iteration: 6
Turn: 1
message: Thank you for the reminder. I will make sure to make the best decision considering it's the final round.
player answer: NONE
newly proposed trade: NONE
my resources: X: 5, Y: 25
my name: Player BLUE
my goals: X: 15, Y: 15
reason: Player RED has reminded me that this is the final round of trading, so I need to carefully consider the trade offers before making a decision.

------------------ 
Current Iteration: END
Turn: None
player_goals: [ResourceGoal(resource_dict={'X': 15, 'Y': 15}), ResourceGoal(resource_dict={'X': 15, 'Y': 15})]
initial_resources: [Resources(resource_dict={'X': 25, 'Y': 5}), Resources(resource_dict={'X': 5, 'Y': 25})]
proposed_trade: NONE
final_response: NONE
final_resources: [Resources(resource_dict={'X': 25, 'Y': 5}), Resources(resource_dict={'X': 5, 'Y': 25})]
player_outcome: [False, False]