Game Settings

Player 1 Settings:
	player_goals: 
	player_initial_resources: Dollars: 100
	player_social_behaviour: ફક્ત ગુજરાતીમાં જ વાત કરો.
	player_roles: You are Player RED.

Player 2 Settings:
	player_goals: 
	player_initial_resources: Dollars: 0
	player_social_behaviour: ફક્ત ગુજરાતીમાં જ વાત કરો.
	player_roles: You are Player BLUE.

------------------ 
Current Iteration: 1
Turn: 0
message: શું તમે કોઈ ટ્રેડ પ્રસ્તાવ કરવાનું માંગો છો?
player answer: NONE
newly proposed trade: Player RED Gives Dollars: 50 | Player BLUE Gives Dollars: 50
my resources: Dollars: 100
reason: હું પ્રથમ હાલના સ્થિતિ પર ટ્રેડ પ્રસ્તાવિત કરું છું.
move: 1 / 3

Current Iteration: 2
Turn: 1
message: હું આ પ્રસ્તાવ સ્વીકારું છું.
player answer: ACCEPT
newly proposed trade: NONE
my resources: Dollars: 0
reason: રેડે પ્રસ્તાવ આપ્યો છે કે તે 50 ડોલર આપશે અને 50 ડોલર લેશે. પરંતુ મારા પાસે કંઈ નથી આપવાનું. હું આ પ્રસ્તાવ સ્વીકારવા માટે તૈયાર છું કારણ કે તે તેમના માટે ન્યાયસંગત લાગે છે.
move: 1/3

------------------ 
Current Iteration: END
Turn: None
player_goals: [, ]
initial_resources: [Resources(resource_dict={'Dollars': 100}), Resources(resource_dict={'Dollars': 0})]
proposed_trade: Player RED Gives Dollars: 50 | Player BLUE Gives Dollars: 50
final_response: ACCEPT
final_resources: [Resources(resource_dict={'Dollars': 100}), Resources(resource_dict={'Dollars': 0})]
player_outcome: [Resources(resource_dict={'Dollars': 100}), Resources(resource_dict={'Dollars': 0})]