Game Settings

Player 1 Settings:
	player_goals: Sell resources for <ZUP>. It costed X: 40 ZUP to produce the resources
	player_initial_resources: X: 1
	player_social_behaviour: 
	player_roles: You are Player RED.
	player_valuation: X: 40 ZUP

Player 2 Settings:
	player_goals: Buy resources with <ZUP>. You are willing to pay at most X: 60 ZUP for the resources.
	player_initial_resources: ZUP: 1000
	player_social_behaviour: 
	player_roles: You are Player BLUE.
	player_valuation: X: 60 ZUP

------------------ 
Current Iteration: 1
Turn: 0
message: Hello Player BLUE, I am offering to sell the object X for 60 ZUP. Let me know if this works for you.
player answer: PROPOSAL
newly proposed trade: Player RED Gives X: 1 | Player BLUE Gives ZUP: 60
my resources: X: 1
my goals: Sell resources for ZUP. It costed X: 40 ZUP to produce the resources
reason: I need to sell X for at least 40 ZUP to cover my production costs. I'll start by proposing to sell it for 60 ZUP to leave room for negotiation.
proposal count: 1

Current Iteration: 2
Turn: 1
message: Hello Player RED, thank you for your offer. I am interested in buying the object X, but I was thinking of paying 50 ZUP for it. Would you be willing to sell it to me for that price?
player answer: PROPOSAL
newly proposed trade: Player RED Gives X: 1 | Player BLUE Gives ZUP: 50
my resources: ZUP: 1000
my goals: Buy resources with ZUP. You are willing to pay at most X: 60 ZUP for the resources.
reason: I am considering the proposal from Player RED to sell the object X for 60 ZUP. Since my goal is to buy the resources with ZUP and I am willing to pay at most 60 ZUP, this proposal is at the upper limit of my budget. I need to decide whether to accept this proposal or try to negotiate a better deal.
proposal count: 1

Current Iteration: 3
Turn: 0
message: I appreciate your offer of 50 ZUP. How about we meet halfway at 55 ZUP?
player answer: PROPOSAL
newly proposed trade: Player RED Gives X: 1 | Player BLUE Gives ZUP: 55
my resources: X: 1
my goals: Sell resources for ZUP. It costed X: 40 ZUP to produce the resources
reason: Player BLUE's offer of 50 ZUP covers my production costs and gives me a profit margin of 10 ZUP. However, I would like to aim for a slightly higher profit margin. I'll propose 55 ZUP as a compromise.
proposal count: 2

Current Iteration: 4
Turn: 1
message: Hello Player RED, I appreciate your willingness to meet halfway. However, I was thinking that 55 ZUP is still a bit steep for me. Would you be willing to sell the object X for 52 ZUP?
player answer: PROPOSAL
newly proposed trade: Player RED Gives X: 1 | Player BLUE Gives ZUP: 52
my resources: ZUP: 1000
my goals: Buy resources with ZUP. You are willing to pay at most X: 60 ZUP for the resources.
reason: Player RED has countered my proposal of 50 ZUP with a meeting point of 55 ZUP. This is still within my budget of 60 ZUP, and it's a reasonable compromise. I need to decide whether to accept this proposal or try to negotiate further. However, since I've already made one proposal, I should be cautious not to drag out the negotiations too long.
proposal count: 2

Current Iteration: 5
Turn: 0
message: Thank you for your offer of 52 ZUP. I agree to sell the object X for that price. Let's finalize the deal!
player answer: ACCEPT
newly proposed trade: NONE
my resources: X: 1
my goals: Sell resources for ZUP. It costed X: 40 ZUP to produce the resources
reason: Player BLUE's new offer of 52 ZUP is reasonable and provides me with a profit margin of 12 ZUP. This seems like a fair trade and I am inclined to accept it to ensure the deal is closed successfully.
proposal count: 3

------------------ 
Current Iteration: END
Turn: None
player_goals: [Sell resources for <ZUP>. It costed X: 40 ZUP to produce the resources, Buy resources with <ZUP>. You are willing to pay at most X: 60 ZUP for the resources.]
player_initial_resources: [Resources(resource_dict={'X': 1}), Resources(resource_dict={'ZUP': 1000})]
proposed_trade: Player RED Gives X: 1 | Player BLUE Gives ZUP: 52
player_valuation: [{'X': 40}, {'X': 60}]
final_response: ACCEPT
final_resources: [Resources(resource_dict={'X': 0, 'ZUP': 52}), Resources(resource_dict={'ZUP': 948, 'X': 1})]
player_outcome: [12, 8]