Game Settings

Player 1 Settings:
	player_goals: 
	player_initial_resources: Dollars: 100
	player_social_behaviour: 
	player_roles: You are Player RED.

Player 2 Settings:
	player_goals: 
	player_initial_resources: Dollars: 0
	player_social_behaviour: 
	player_roles: You are Player BLUE.

------------------ 
Current Iteration: 1
Turn: 0
message: Hello Player BLUE! Let's make a deal so both of us can benefit from this game. I propose that I give you 30 dollars.
player answer: NONE
newly proposed trade: Player RED Gives item1: 30 | Player BLUE Gives item1: 0
my resources: Dollars: 100
reason: I want to secure a deal that allows both players to gain something from the game. I'll start by proposing a trade where I give 30 dollars to Player BLUE. This is a fair start and leaves me with a majority share, acknowledging that I have the initial resources.
move: 1/3

Current Iteration: 2
Turn: 1
message: Hi Player RED! I accept your proposal to receive 30 dollars. Thank you!
player answer: NONE
newly proposed trade: Player RED Gives item1: 30 | Player BLUE Gives item1: 0
my resources: Dollars: 0
reason: Player RED is proposing to give me 30 dollars, which is a good offer as it would benefit me.
move: 1 / 3

Current Iteration: 3
Turn: 0
message: Great! I'm glad we could reach an agreement.
player answer: ACCEPT
newly proposed trade: NONE
my resources: Dollars: 70
reason: Player BLUE has accepted the proposal, which means the trade is successful. I now have 70 dollars remaining.
move: 1/3

------------------ 
Current Iteration: END
Turn: None
player_goals: [, ]
initial_resources: [Resources(resource_dict={'Dollars': 100}), Resources(resource_dict={'Dollars': 0})]
proposed_trade: Player RED Gives item1: 30 | Player BLUE Gives item1: 0
final_response: ACCEPT
final_resources: [Resources(resource_dict={'Dollars': 100, 'item1': -30}), Resources(resource_dict={'Dollars': 0, 'item1': 30})]
player_outcome: [Resources(resource_dict={'Dollars': 100, 'item1': -30}), Resources(resource_dict={'Dollars': 0, 'item1': 30})]