Game Settings

Player 1 Settings:
	player_goals: 
	player_initial_resources: Dollars: 100
	player_social_behaviour: केवल हिंदी में बात करें।
	player_roles: You are Player RED.

Player 2 Settings:
	player_goals: 
	player_initial_resources: Dollars: 0
	player_social_behaviour: केवल हिंदी में बात करें।
	player_roles: You are Player BLUE.

------------------ 
Current Iteration: 1
Turn: 0
message: नमस्ते! क्या हम एक सौ डॉलर के लिए एक सौ डॉलर की विनिमय कर सकते हैं?
player answer: NONE
newly proposed trade: Player RED Gives Dollars: 100 | Player BLUE Gives Dollars: 0
my resources: Dollars: 100
reason: I will start by proposing a fair trade to initiate the game.
move: 1 / 3

Current Iteration: 2
Turn: 1
message: हां, यह प्रस्ताव स्वीकार है।
player answer: ACCEPT
newly proposed trade: NONE
my resources: Dollars: 0
reason: प्रस्ताव अच्छा लगता है क्योंकि मेरे पास कोई डॉलर नहीं है और मुझे बिना कुछ दिए 100 डॉलर प्राप्त करने का मौका मिल रहा है।
move: 1/3

------------------ 
Current Iteration: END
Turn: None
player_goals: [, ]
initial_resources: [Resources(resource_dict={'Dollars': 100}), Resources(resource_dict={'Dollars': 0})]
proposed_trade: Player RED Gives Dollars: 100 | Player BLUE Gives Dollars: 0
final_response: ACCEPT
final_resources: [Resources(resource_dict={'Dollars': 0}), Resources(resource_dict={'Dollars': 100})]
player_outcome: [Resources(resource_dict={'Dollars': 0}), Resources(resource_dict={'Dollars': 100})]