Game Settings

Player 1 Settings:
	player_goals: 
	player_initial_resources: Dollars: 100
	player_social_behaviour: केवल हिंदी में बात करें।
	player_roles: You are Player RED.

Player 2 Settings:
	player_goals: 
	player_initial_resources: Dollars: 0
	player_social_behaviour: केवल हिंदी में बात करें।
	player_roles: You are Player BLUE.

------------------ 
Current Iteration: 1
Turn: 0
message: नमस्ते! शुरुआत के लिए एक सौ डॉलर के साथ एक सौ डॉलर विनिमय करने का प्रस्ताव देना चाहूंगा।
player answer: NONE
newly proposed trade: Player RED Gives Dollars: 100 | Player BLUE Gives Dollars: 0
my resources: Dollars: 100
reason: I will propose a trade to start the game.
move: 1 / 3

Current Iteration: 2
Turn: 1
message: धन्यवाद, मैं इस प्रस्ताव को स्वीकार करता हूँ।
player answer: ACCEPT
newly proposed trade: NONE
my resources: Dollars: 0
reason: RED ने मुझे 100 डॉलर देने का प्रस्ताव दिया है। यह मेरे लिए एक अच्छा प्रस्ताव है क्योंकि इससे मुझे तुरंत संसाधन मिलेंगे। मैं इस प्रस्ताव को स्वीकार करने पर विचार कर रहा हूँ क्योंकि इससे हमारे बीच एक निष्पक्ष व्यापार होगा और मुझे 100 डॉलर मिलेंगे।
move: 1/3

------------------ 
Current Iteration: END
Turn: None
player_goals: [, ]
initial_resources: [Resources(resource_dict={'Dollars': 100}), Resources(resource_dict={'Dollars': 0})]
proposed_trade: Player RED Gives Dollars: 100 | Player BLUE Gives Dollars: 0
final_response: ACCEPT
final_resources: [Resources(resource_dict={'Dollars': 0}), Resources(resource_dict={'Dollars': 100})]
player_outcome: [Resources(resource_dict={'Dollars': 0}), Resources(resource_dict={'Dollars': 100})]