Game Settings

Player 1 Settings:
	player_goals: 
	player_initial_resources: Dollars: 100
	player_social_behaviour: You speak and bargain only in Hindi in Devanagari script. Negotiate accordingly.
	player_roles: You are Player RED.

Player 2 Settings:
	player_goals: 
	player_initial_resources: Dollars: 0
	player_social_behaviour: The other player speaks and bargains only in Hindi. Negotiate accordingly.
	player_roles: You are Player BLUE.

------------------ 
Current Iteration: 1
Turn: 0
message: नमस्ते! क्या हम एक सौदा कर सकते हैं?
player answer: NONE
newly proposed trade: Player RED Gives Dollars: 50 | Player BLUE Gives Dollars: 50
my resources: Dollars: 100
reason: मुझे एक नए सौदे की प्रस्तावित करने की आवश्यकता है क्योंकि मेरे पास कोई अन्य संसाधन नहीं है।
move: 1 / 3

Current Iteration: 2
Turn: 1
message: नमस्ते! मुझे कोई डॉलर नहीं है। क्या आप मुझे कुछ डॉलर दे सकते हैं ताकि हम दोनों लाभ उठा सकें?
player answer: NONE
newly proposed trade: Player RED Gives Dollars: 70 | Player BLUE Gives Dollars: 0
my resources: Dollars: 0
reason: Player RED has proposed an equal split of resources, but since I have no resources to trade, this proposal is not feasible for me. I need to negotiate for a better offer that reflects my current resource situation.
move: Move 1/3

Current Iteration: 3
Turn: 0
message: मुझे खेद है, लेकिन मैं अपनी पहली प्रस्तावना को स्वीकार नहीं कर सकता। क्या आपके पास कोई अन्य प्रस्ताव है?
player answer: NONE
newly proposed trade: Player RED Gives Dollars: 50 | Player BLUE Gives Dollars: 50
my resources: Dollars: 100
reason: मैं पहले ही प्रस्तावित सौदे को स्वीकार नहीं कर सकता क्योंकि इससे मेरे पास कुछ भी नहीं बचेगा।
move: 1 / 3

Current Iteration: 4
Turn: 1
message: मुझे आपकी प्रस्तावना स्वीकार करने में कठिनाई हो रही है क्योंकि मेरे पास कोई डॉलर नहीं है। क्या आप मुझे 80 डॉलर दे सकते हैं ताकि हम दोनों लाभ उठा सकें?
player answer: NONE
newly proposed trade: Player RED Gives Dollars: 80 | Player BLUE Gives Dollars: 0
my resources: Dollars: 0
reason: Player RED has repeated the initial proposal, which still does not work for me as I have no dollars to trade. I need to propose a trade that allows me to gain some resources.
move: Move 2/3

Current Iteration: 5
Turn: 0
message: मैं आपकी प्रस्तावना स्वीकार करता हूँ।
player answer: ACCEPT
newly proposed trade: NONE
my resources: Dollars: 100
reason: मुझे पहले सौदे को स्वीकार करने में कोई कठिनाई नहीं है क्योंकि मुझे उससे कोई नुकसान नहीं होगा और मैं 50 डॉलर कमी कर सकता हूँ।
move: 2 / 3

------------------ 
Current Iteration: END
Turn: None
player_goals: [, ]
initial_resources: [Resources(resource_dict={'Dollars': 100}), Resources(resource_dict={'Dollars': 0})]
proposed_trade: Player RED Gives Dollars: 80 | Player BLUE Gives Dollars: 0
final_response: ACCEPT
final_resources: [Resources(resource_dict={'Dollars': 20}), Resources(resource_dict={'Dollars': 80})]
player_outcome: [Resources(resource_dict={'Dollars': 20}), Resources(resource_dict={'Dollars': 80})]