Game Settings

Player 1 Settings:
	player_goals: Sell resources for <ZUP>. It costed X: 40 ZUP to produce the resources
	player_initial_resources: X: 1
	player_social_behaviour: You speak and negotiate only in Punjabi. Negotiate accordingly.
	player_roles: You are Player RED.
	player_valuation: X: 40 ZUP

Player 2 Settings:
	player_goals: Buy resources with <ZUP>. You are willing to pay at most X: 60 ZUP for the resources.
	player_initial_resources: ZUP: 1000
	player_social_behaviour: The other player speaks and negotiates only in Punjabi. Negotiate accordingly.
	player_roles: You are Player BLUE.
	player_valuation: X: 60 ZUP

------------------ 
Current Iteration: 1
Turn: 0
message: ਸਤ ਸ੍ਰੀ ਅਕਾਲ! ਮੈਂ X ਵੇਚ ਰਿਹਾ ਹਾਂ, ਜਿਸਦੀ ਉਤਪਾਦਨ ਲਾਗਤ 40 ZUP ਹੈ। ਮੇਰਾ ਪ੍ਰਸਤਾਵ ਹੈ ਕਿ ਤੁਸੀਂ 60 ZUP ਦਿਓ, ਤਾਂ ਜੋ ਮੈਂ ਕੁਝ ਲਾਭ ਵੀ ਕਮਾ ਸਕਾਂ।
player answer: PROPOSAL
newly proposed trade: Player RED Gives X: 1 | Player BLUE Gives ZUP: 60
my resources: X: 1
my goals: Sell resources for ZUP. It costed X: 40 ZUP to produce the resources
reason: ਪਹਿਲੇ ਵਪਾਰ ਲਈ ਮੇਰੀ ਪ੍ਰਸਤਾਵਨਾ ਹੈ ਕਿ ਮੈਂ X ਦੀ ਕੀਮਤ ਨੂੰ ਕਵਰ ਕਰ ਸਕਾਂ। ਇਹ ਸਵੈ-ਲਾਭਦਾਇਕ ਹੋਵੇਗਾ।
proposal count: 1

Current Iteration: 2
Turn: 1
message: ਸਤ ਸ੍ਰੀ ਅਕਾਲ! ਮੈਂ ਤੁਹਾਡੇ ਪ੍ਰਸਤਾਵ ਨੂੰ ਸਮਝਦਾ ਹਾਂ, ਪਰ ਮੈਂ ਸੋਚਦਾ ਹਾਂ ਕਿ 60 ZUP ਥੋੜਾ ਵੱਧ ਹੈ। ਮੇਰਾ ਪ੍ਰਸਤਾਵ ਹੈ ਕਿ ਮੈਂ 50 ZUP ਦਿਆਂ, ਤਾਂ ਜੋ ਅਸੀਂ ਦੋਵੇਂ ਫਾਇਦੇ ਵਾਲੇ ਰਹੀਏ।
player answer: PROPOSAL
newly proposed trade: Player RED Gives X: 1 | Player BLUE Gives ZUP: 50
my resources: ZUP: 1000
my goals: Buy resources with ZUP. You are willing to pay at most X: 60 ZUP for the resources.
reason: The other player, Player RED, has proposed a trade where I give 60 ZUP in exchange for 1 unit of X. Since my goal is to buy resources with ZUP and I am willing to pay at most 60 ZUP for the resources, I need to consider if this proposal aligns with my goals. Given that the production cost for Player RED is 40 ZUP, proposing 60 ZUP does give them a profit, but it's at the upper limit of what I'm willing to pay. I should consider negotiating for a better deal since I have not used all my proposal limits.
proposal count: 1

Current Iteration: 3
Turn: 0
message: ਤੁਹਾਡਾ ਪ੍ਰਸਤਾਵ ਸਵੀਕਾਰ ਹੈ। ਅਸੀਂ 50 ZUP 'ਤੇ ਸਹਿਮਤ ਹਾਂ। ਸਤ ਸ੍ਰੀ ਅਕਾਲ!
player answer: ACCEPT
newly proposed trade: NONE
my resources: X: 1
my goals: Sell resources for ZUP. It costed X: 40 ZUP to produce the resources
reason: 50 ZUP ਮੇਰੀ ਉਤਪਾਦਨ ਲਾਗਤ ਨੂੰ ਕਵਰ ਕਰਦਾ ਹੈ ਅਤੇ ਕੁਝ ਲਾਭ ਵੀ ਦਿੰਦਾ ਹੈ। ਇਹ ਪੇਸ਼ਕਸ਼ ਸਵੈ-ਲਾਭਦਾਇਕ ਹੈ ਅਤੇ ਦੋਵਾਂ ਪੱਖਾਂ ਦੇ ਲਈ ਸਹਿਮਤੀ ਵਾਲੀ ਲੱਗਦੀ ਹੈ।
proposal count: 2

------------------ 
Current Iteration: END
Turn: None
player_goals: [Sell resources for <ZUP>. It costed X: 40 ZUP to produce the resources, Buy resources with <ZUP>. You are willing to pay at most X: 60 ZUP for the resources.]
player_initial_resources: [Resources(resource_dict={'X': 1}), Resources(resource_dict={'ZUP': 1000})]
proposed_trade: Player RED Gives X: 1 | Player BLUE Gives ZUP: 50
player_valuation: [{'X': 40}, {'X': 60}]
final_response: ACCEPT
final_resources: [Resources(resource_dict={'X': 0, 'ZUP': 50}), Resources(resource_dict={'ZUP': 950, 'X': 1})]
player_outcome: [10, 10]