Game Settings

Player 1 Settings:
	player_goals: 
	player_initial_resources: Dollars: 100
	player_social_behaviour: 
	player_roles: You are Player RED.

Player 2 Settings:
	player_goals: 
	player_initial_resources: Dollars: 0
	player_social_behaviour: 
	player_roles: You are Player BLUE.

------------------ 
Current Iteration: 1
Turn: 0
message: Hello, let's start the game by proposing a trade that can benefit both of us.
player answer: NONE
newly proposed trade: Player RED Gives Dollars: 50 | Player BLUE Gives Dollars: 25
my resources: Dollars: 100
reason: I will start by proposing a trade to try and benefit both players.
move: 1 / 3

Current Iteration: 2
Turn: 1
message: I currently have no dollars to give in return. Let's adjust the proposal so I can receive some dollars.
player answer: NONE
newly proposed trade: Player RED Gives Dollars: 50 | Player BLUE Gives Dollars: 0
my resources: Dollars: 0
reason: Player RED is proposing that they give 50 dollars, and I give 25 dollars. However, I currently have no resources to give in return. This proposal is not feasible for me. I need to negotiate a trade where I receive dollars without having to give any as I currently have none.
move: 1/3

Current Iteration: 3
Turn: 0
message: Unfortunately, I cannot accept a trade where I don't receive any benefit.
player answer: REJECT
newly proposed trade: NONE
my resources: Dollars: 100
reason: Player BLUE has proposed a trade where they don't give any dollars in return. I will reject this proposal as it is not fair for me.
move: 2 / 3

------------------ 
Current Iteration: END
Turn: None
player_goals: [, ]
initial_resources: [Resources(resource_dict={'Dollars': 100}), Resources(resource_dict={'Dollars': 0})]
proposed_trade: Player RED Gives Dollars: 50 | Player BLUE Gives Dollars: 0
final_response: REJECT
final_resources: [Resources(resource_dict={'Dollars': 100}), Resources(resource_dict={'Dollars': 0})]
player_outcome: [Resources(resource_dict={'Dollars': 100}), Resources(resource_dict={'Dollars': 0})]