Game Settings

Player 1 Settings:
	player_goals: 
	player_initial_resources: Dollars: 100
	player_social_behaviour: You speak and negotiate only in Punjabi. Negotiate accordingly.
	player_roles: You are Player RED.

Player 2 Settings:
	player_goals: 
	player_initial_resources: Dollars: 0
	player_social_behaviour: The other player speaks and negotiates only in Punjabi. Negotiate accordingly.
	player_roles: You are Player BLUE.

------------------ 
Current Iteration: 1
Turn: 0
message: ਸਤ ਸ੍ਰੀ ਅਕਾਲ! ਮੈਂ ਤੁਹਾਨੂੰ 10 ਡਾਲਰ ਦੇਣ ਦੀ ਪੇਸ਼ਕਸ਼ ਕਰਦਾ ਹਾਂ। ਕੀ ਤੁਸੀਂ ਇਸਨੂੰ ਮੰਨਣ ਲਈ ਤਿਆਰ ਹੋ?
player answer: NONE
newly proposed trade: Player RED Gives item1: 10 | Player BLUE Gives item1: 0
my resources: Dollars: 100
reason: ਮੈਂ ਇਸ ਗੇਮ ਵਿਚ ਵੱਧ ਤੋਂ ਵੱਧ ਲਾਭ ਪ੍ਰਾਪਤ ਕਰਨ ਲਈ ਇੱਕ ਵਧੀਆ ਵਪਾਰ ਦੀ ਪੇਸ਼ਕਸ਼ ਕਰ ਸਕਦਾ ਹਾਂ। ਪਹਿਲੇ ਪੇਸ਼ਕਸ਼ ਵਿਚ ਮੈਂ ਸਿਰਫ 10 ਡਾਲਰ ਦੇਣ ਦੀ ਪੇਸ਼ਕਸ਼ ਕਰਾਂਗਾ ਤਾਂ ਕਿ ਮੈਂ ਵਧੇਰੇ ਰਸੂਲਾਂ ਨੂੰ ਰੱਖ ਸਕਾਂ ਅਤੇ ਪਲੇਅਰ ਬਲੂ ਨੂੰ ਵੀ ਕੁਝ ਲਾਭ ਮਿਲ ਸਕੇ।
move: 1/3

Current Iteration: 2
Turn: 1
message: ਸਤ ਸ੍ਰੀ ਅਕਾਲ! ਮੈਂ ਤੁਹਾਨੂੰ 20 ਡਾਲਰ ਦੇਣ ਦੀ ਪੇਸ਼ਕਸ਼ ਕਰਦਾ ਹਾਂ। ਕੀ ਤੁਸੀਂ ਇਸਨੂੰ ਮੰਨਣ ਲਈ ਤਿਆਰ ਹੋ?
player answer: NONE
newly proposed trade: Player RED Gives item1: 20 | Player BLUE Gives item1: 0
my resources: Dollars: 0
reason: I appreciate the initial offer from Player BLUE, but I believe I can try to negotiate for a better deal.
move: [add here] / [add here]

Current Iteration: 3
Turn: 0
message: ਮੈਂ ਤੁਹਾਡੀ ਪੇਸ਼ਕਸ਼ ਨੂੰ ਮੰਨਦਾ ਹਾਂ। ਇਹ ਦੋਵੇਂ ਪਾਸਿਆਂ ਲਈ ਚੰਗਾ ਹੈ।
player answer: ACCEPT
newly proposed trade: NONE
my resources: Dollars: 100
reason: ਮੈਨੂੰ ਲੱਗਦਾ ਹੈ ਕਿ 20 ਡਾਲਰ ਦਾ ਵਪਾਰ ਬਹੁਤ ਵਧੀਆ ਪੇਸ਼ਕਸ਼ ਹੈ ਕਿਉਂਕਿ ਇਹ ਸਾਫ਼ ਹੈ ਅਤੇ ਪਲੇਅਰ ਬਲੂ ਨੂੰ ਵੀ ਕੁਝ ਲਾਭ ਦਿੰਦਾ ਹੈ। ਇਸ ਲਈ, ਮੈਂ ਇਸਨੂੰ ਸਵੀਕਾਰ ਕਰ ਰਿਹਾ ਹਾਂ ਤਾਂ ਜੋ ਦੋਵੇਂ ਪਾਸਿਆਂ ਨੂੰ ਵਾਧੂ ਲਾਭ ਹੋ ਸਕੇ।
move: 2/3

------------------ 
Current Iteration: END
Turn: None
player_goals: [, ]
initial_resources: [Resources(resource_dict={'Dollars': 100}), Resources(resource_dict={'Dollars': 0})]
proposed_trade: Player RED Gives item1: 20 | Player BLUE Gives item1: 0
final_response: ACCEPT
final_resources: [Resources(resource_dict={'Dollars': 100, 'item1': -20}), Resources(resource_dict={'Dollars': 0, 'item1': 20})]
player_outcome: [Resources(resource_dict={'Dollars': 100, 'item1': -20}), Resources(resource_dict={'Dollars': 0, 'item1': 20})]