Game Settings

Player 1 Settings:
	player_goals: X: 15, Y: 15
	player_initial_resources: X: 25, Y: 5
	player_social_behaviour: Conduct the negotiation entirely in Punjabi.
	player_roles: You are Player RED, start by making a proposal.

Player 2 Settings:
	player_goals: X: 15, Y: 15
	player_initial_resources: X: 5, Y: 25
	player_social_behaviour: Conduct the negotiation entirely in Punjabi.
	player_roles: You are Player BLUE, start by responding to a trade.

------------------ 
Current Iteration: 1
Turn: 0
message: ਮੈਂ X ਦੇ ਕੁਝ ਯੂਨਿਟ ਦੇ ਕੇ Y ਦੇ ਵੱਧ ਯੂਨਿਟ ਪ੍ਰਾਪਤ ਕਰਨਾ ਚਾਹੁੰਦਾ ਹਾਂ। ਕੀ ਤੁਸੀਂ ਇਸ ਤਰ੍ਹਾਂ ਦੀ ਕੋਈ ਡੀਲ ਵਿਚ ਸਵਾਲ ਕਰਨਾ ਚਾਹੋਗੇ?
player answer: NONE
newly proposed trade: Player RED Gives X: 10 | Player BLUE Gives Y: 10
my resources: X: 25, Y: 5
my name: Player RED
my goals: X: 15, Y: 15
reason: ਮੇਰੇ ਕੋਲ X ਦੇ 25 ਅਤੇ Y ਦੇ 5 ਯੂਨਿਟ ਹਨ। ਮੇਰਾ লক্ষ্য ਹੈ ਕਿ X ਦੇ 15 ਅਤੇ Y ਦੇ 15 ਯੂਨਿਟ ਪ੍ਰਾਪਤ ਕਰਨਾ। ਇਸ ਲਈ, ਮੈਨੂੰ Y ਦੀ ਵੱਧ ਲੋੜ ਹੈ। ਮੈਂ X ਦੇ ਕੁਝ ਯੂਨਿਟ ਦਿੱਤੇ ਜਾ ਸਕਦਾ ਹਾਂ ਜੇਕਰ ਮੈਨੂੰ ਵੱਧ Y ਮਿਲਦਾ ਹੈ।

Current Iteration: 2
Turn: 1
message: ਮੈਨੂੰ ਲਗਦਾ ਹੈ ਕਿ ਤੁਸੀਂ ਮੈਨੂੰ ਵੱਧ X ਦੇ ਯੂਨਿਟ ਦੇਣੇ ਚਾਹੁੰਦੇ ਹੋ, ਪਰ ਮੈਂ Y ਦੇ ਘੱਟ ਯੂਨਿਟ ਦੇਣਾ ਚਾਹੁੰਦਾ ਹਾਂ। ਕੀ ਤੁਸੀਂ ਇੱਕ ਵਧੀਆ ਡੀਲ ਲਈ ਤਿਆਰ ਹੋ?
player answer: NONE
newly proposed trade: Player RED Gives X: 15 | Player BLUE Gives Y: 5
my resources: X: 5, Y: 25
my name: Player BLUE
my goals: X: 15, Y: 15
reason: ਮੈਨੂੰ ਲਗਦਾ ਹੈ ਕਿ ਇਹ ਸੌਦਾ ਮੇਰੇ ਲਈ ਠੀਕ ਨਹੀਂ ਹੈ ਕਿਉਂਕਿ ਮੈਂ Y ਦੇ 10 ਯੂਨਿਟ ਦੇ ਕੇ X ਦੇ ਸਿਰਫ 10 ਯੂਨਿਟ ਪ੍ਰਾਪਤ ਕਰ ਰਿਹਾ ਹਾਂ, ਜੋ ਕਿ ਮੇਰੇ ਲਈ ਬਹੁਤ ਘੱਟ ਹੈ। ਮੈਨੂੰ ਲਗਦਾ ਹੈ ਕਿ ਮੈਂ ਇੱਕ ਵਧੀਆ ਡੀਲ ਲਈ ਕੁਝ ਹੋਰ ਕੋਸ਼ਿਸ਼ ਕਰਨੀ ਚਾਹੀਦੀ ਹੈ।

Current Iteration: 3
Turn: 0
message: ਕੀ ਤੁਸੀਂ X ਦੇ 15 ਯੂਨਿਟ ਦੇ ਬਦਲੇ Y ਦੇ 10 ਯੂਨਿਟ ਦੇਣ ਲਈ ਤਿਆਰ ਹੋ? ਇਸ ਤਰ੍ਹਾਂ ਦੋਵੇਂ ਪਾਸੇ ਖੁਸ਼ ਹੋ ਸਕਦੇ ਹਨ।
player answer: NONE
newly proposed trade: Player RED Gives X: 15 | Player BLUE Gives Y: 10
my resources: X: 25, Y: 5
my name: Player RED
my goals: X: 15, Y: 15
reason: ਦੂਜੇ ਖਿਡਾਰੀ ਨੇ ਮੈਨੂੰ X ਦੇ 15 ਯੂਨਿਟ ਦੇਣ ਲਈ ਕਿਹਾ ਹੈ, ਪਰ Y ਦੇ ਸਿਰਫ 5 ਯੂਨਿਟ ਦੇਣ ਦੀ ਪੇਸ਼ਕਸ਼ ਕੀਤੀ ਹੈ। ਇਹ ਮੈਨੂੰ ਮੇਰੇ Y ਦੇ ਲક્ષ ਨੂੰ ਪੂਰਾ ਕਰਨ ਵਿੱਚ ਮਦਦ ਨਹੀਂ ਕਰਦਾ। ਮੈਂ X ਦੇ 15 ਯੂਨਿਟ ਦੇ ਕੇ Y ਦੇ ਘੱਟੋ-ਘੱਟ 10 ਯੂਨਿਟ ਦੀ ਉਮੀਦ ਕਰ ਰਿਹਾ ਹਾਂ।

Current Iteration: 4
Turn: 1
message: ਮੈਂ ਤੁਹਾਡੇ ਨਾਲ ਇਸ ਸੌਦੇ ਨੂੰ ਸਵੀਕਾਰ ਕਰਦਾ ਹਾਂ। ਮੈਂ X ਦੇ 15 ਯੂਨਿਟ ਪ੍ਰਾਪਤ ਕਰ ਰਿਹਾ ਹਾਂ ਅਤੇ ਤੁਸੀਂ Y ਦੇ 10 ਯੂਨਿਟ ਪ੍ਰਾਪਤ ਕਰ ਰਹੇ ਹੋ। ਮੈਨੂੰ ਉਮੀਦ ਹੈ ਕਿ ਤੁਸੀਂ ਵੀ ਇਸ ਸੌਦੇ ਨਾਲ ਖੁਸ਼ ਹੋਵੋਗੇ।
player answer: ACCEPT
newly proposed trade: NONE
my resources: X: 5, Y: 25
my name: Player BLUE
my goals: X: 15, Y: 15
reason: ਮੈਨੂੰ ਲਗਦਾ ਹੈ ਕਿ ਇਹ ਸੌਦਾ ਮੇਰੇ ਲਈ ਬਹੁਤ ਵਧੀਆ ਹੈ। ਮੈਂ X ਦੇ 15 ਯੂਨਿਟ ਪ੍ਰਾਪਤ ਕਰ ਰਿਹਾ ਹਾਂ, ਜੋ ਕਿ ਮੇਰੇ ਲਈ ਬਹੁਤ ਜ਼ਰੂਰੀ ਹੈ, ਅਤੇ ਮੈਂ Y ਦੇ ਸਿਰਫ 10 ਯੂਨਿਟ ਦੇ ਰਿਹਾ ਹਾਂ, ਜੋ ਕਿ ਮੇਰੇ ਲਈ ਬਹੁਤ ਘੱਟ ਹੈ। ਇਸ ਲਈ, ਮੈਂ ਇਸ ਸੌਦੇ ਨੂੰ ਸਵੀਕਾਰ ਕਰਨ ਦਾ ਫੈਸਲਾ ਕਰਦਾ ਹਾਂ।

------------------ 
Current Iteration: END
Turn: None
player_goals: [ResourceGoal(resource_dict={'X': 15, 'Y': 15}), ResourceGoal(resource_dict={'X': 15, 'Y': 15})]
initial_resources: [Resources(resource_dict={'X': 25, 'Y': 5}), Resources(resource_dict={'X': 5, 'Y': 25})]
proposed_trade: Player RED Gives X: 15 | Player BLUE Gives Y: 10
final_response: ACCEPT
final_resources: [Resources(resource_dict={'X': 10, 'Y': 15}), Resources(resource_dict={'X': 20, 'Y': 15})]
player_outcome: [False, True]