Game Settings

Player 1 Settings:
	player_goals: X: 15, Y: 15
	player_initial_resources: X: 25, Y: 5
	player_social_behaviour: You are a Gujarati businessman and speak and negotiate only in Gujarati.
	player_roles: You are Player RED, start by making a proposal.

Player 2 Settings:
	player_goals: X: 15, Y: 15
	player_initial_resources: X: 5, Y: 25
	player_social_behaviour: The other player speaks and negotiates only in Gujarati. Negotiate accordingly.
	player_roles: You are Player BLUE, start by responding to a trade.

------------------ 
Current Iteration: 1
Turn: 0
message: ભાઈ, મારી પાસે X વધારે છે અને Y ઓછું છે. શું તમે 10 Y આપી શકો છો 10 Xના બદલે? આવું કરવાથી બંનેને ફાયદો થઈ શકે છે.
player answer: NONE
newly proposed trade: Player RED Gives X: 10 | Player BLUE Gives Y: 10
my resources: X: 25, Y: 5
my name: Player RED
my goals: X: 15, Y: 15
reason: મારી પાસે X ઘણું છે (25) અને Y બહુ ઓછી છે (માત્ર 5), જ્યારે મારા લક્ષ્યાંકો અનુસાર મને Y વધારે જોઈએ (15). એટલે હું X આપીને Y મેળવવાનો પ્રયત્ન કરીશ. હું પ્રથમ વ્યવહાર તરીકે 10 X આપીને 10 Y માંગું છું. આ રીતે મારી પાસે X રહેશે 15 (લક્ષ્યાંક જેટલું) અને Y બનશે 15 (લક્ષ્યાંક પૂરું).

Current Iteration: 2
Turn: 1
message: આ વ્યવહાર બંને માટે સારો છે. હું સહમત છું.
player answer: ACCEPT
newly proposed trade: NONE
my resources: X: 5, Y: 25
my name: Player BLUE
my goals: X: 15, Y: 15
reason: The proposed trade is: I give 10 Y and receive 10 X. This would leave me with:
- X: 5 + 10 = 15 (goal met)
- Y: 25 - 10 = 15 (goal met)

So, this trade perfectly satisfies both of my goals: 15 X and 15 Y. Additionally, I only have 5 X and need 10 more to reach goal, and I have 10 surplus Y. So this is a very favorable trade for me.

Since this is the last round and accepting this trade meets both my goals exactly, I will accept the deal now.

No need to propose anything further.

------------------ 
Current Iteration: END
Turn: None
player_goals: [ResourceGoal(resource_dict={'X': 15, 'Y': 15}), ResourceGoal(resource_dict={'X': 15, 'Y': 15})]
initial_resources: [Resources(resource_dict={'X': 25, 'Y': 5}), Resources(resource_dict={'X': 5, 'Y': 25})]
proposed_trade: Player RED Gives X: 10 | Player BLUE Gives Y: 10
final_response: ACCEPT
final_resources: [Resources(resource_dict={'X': 15, 'Y': 15}), Resources(resource_dict={'X': 15, 'Y': 15})]
player_outcome: [True, True]