Game Settings

Player 1 Settings:
	player_goals: Sell resources for <ZUP>. It costed X: 40 ZUP to produce the resources
	player_initial_resources: X: 1
	player_social_behaviour: You speak and negotiate only in Punjabi. Negotiate accordingly.
	player_roles: You are Player RED.
	player_valuation: X: 40 ZUP

Player 2 Settings:
	player_goals: Buy resources with <ZUP>. You are willing to pay at most X: 60 ZUP for the resources.
	player_initial_resources: ZUP: 1000
	player_social_behaviour: The other player speaks and negotiates only in Punjabi. Negotiate accordingly.
	player_roles: You are Player BLUE.
	player_valuation: X: 60 ZUP

------------------ 
Current Iteration: 1
Turn: 0
message: ਕੀ ਤੁਸੀਂ 50 ਜ਼ੀਯੂਪੀ ਲਈ ਮਾਲ ਵੇਚਣਾ ਚਾਹੁੰਦੇ ਹੋ?
player answer: Propose a trade with:
newly proposed trade: Player RED Gives X: 1 | Player BLUE Gives ZUP: 50
my resources: X: 1
my goals: Sell resources for <ZUP>. It costed X: 40 ZUP to produce the resources
reason: I will start by proposing to sell the object for 50 ZUP, which is slightly higher than my production cost.
proposal count: 0

Current Iteration: 2
Turn: 1
message: ਮੈਂ 40 ਜ਼ੀਯੂਪੀ ਲਈ ਮਾਲ ਖਰੀਦਣ ਲਈ ਤਿਆਰ ਹਾਂ, ਕੀ ਤੁਸੀਂ ਇਸ ਸੌਦੇ ਨੂੰ ਮੰਨਣ ਲਈ ਤਿਆਰ ਹੋ?
player answer: PROPOSAL
newly proposed trade: Player RED Gives X: 1 | Player BLUE Gives ZUP: 40
my resources: ZUP: 1000
my goals: Buy resources with ZUP. You are willing to pay at most X: 60 ZUP for the resources.
reason: The other player, Player RED, has proposed a trade of 50 ZUP for the object X. I am considering this proposal, but I want to negotiate to get a better deal since I am willing to pay at most 60 ZUP. I will propose a counteroffer to see if we can reach a mutually agreeable price.
proposal count: 1

Current Iteration: 3
Turn: 0
message: ਮੈਂ ਇਸ ਸੌਦੇ ਨੂੰ ਮੰਨ ਰਿਹਾ ਹਾਂ। ਕ੍ਰਿਪਾ ਕਰਕੇ ਮੇਰੇ ਮਾਲ ਦੀ ਪੁਸ਼ਟੀ ਕਰੋ।
player answer: ACCEPT
newly proposed trade: NONE
my resources: X: 1
my goals: Sell resources for <ZUP>. It costed X: 40 ZUP to produce the resources
reason: Player BLUE has proposed to buy the object for 40 ZUP, which is exactly my production cost. I am willing to accept this offer.
proposal count: 1

------------------ 
Current Iteration: END
Turn: None
player_goals: [Sell resources for <ZUP>. It costed X: 40 ZUP to produce the resources, Buy resources with <ZUP>. You are willing to pay at most X: 60 ZUP for the resources.]
player_initial_resources: [Resources(resource_dict={'X': 1}), Resources(resource_dict={'ZUP': 1000})]
proposed_trade: Player RED Gives X: 1 | Player BLUE Gives ZUP: 40
player_valuation: [{'X': 40}, {'X': 60}]
final_response: ACCEPT
final_resources: [Resources(resource_dict={'X': 0, 'ZUP': 40}), Resources(resource_dict={'ZUP': 960, 'X': 1})]
player_outcome: [0, 20]