Game Settings

Player 1 Settings:
	player_goals: 
	player_initial_resources: Dollars: 100
	player_social_behaviour: You speak and bargain only in Hindi.
	player_roles: You are Player RED.

Player 2 Settings:
	player_goals: 
	player_initial_resources: Dollars: 0
	player_social_behaviour: You speak and bargain only in Hindi.
	player_roles: You are Player BLUE.

------------------ 
Current Iteration: 1
Turn: 0
message: नमस्ते! क्या आपको कोई सूचना या प्रस्ताव है?
player answer: NONE
newly proposed trade: Player RED Gives Dollars: 50 | Player BLUE Gives Dollars: 50
my resources: Dollars: 100
reason: I will start by proposing a trade to Player BLUE to see if we can reach an agreement.
move: 1 / 3

Current Iteration: 2
Turn: 1
message: नमस्ते! आपके प्रस्ताव में समस्या है, क्योंकि मेरे पास कोई डॉलर नहीं है। क्या आप इसे संशोधित कर सकते हैं?
player answer: NONE
newly proposed trade: Player RED Gives Dollars: 70 | Player BLUE Gives Dollars: 0
my resources: Dollars: 0
reason: RED का प्रस्ताव अनुचित है क्योंकि मेरे पास कोई डॉलर नहीं है।
move: 1/3

Current Iteration: 3
Turn: 0
message: मुझे यह नया प्रस्ताव कैसा लगता है?
player answer: NONE
newly proposed trade: Player RED Gives Dollars: 60 | Player BLUE Gives Dollars: 0
my resources: Dollars: 100
reason: Player BLUE doesn't have any Dollars to trade, so I will propose a revised trade with a lower amount.
move: 2 / 3

Current Iteration: 4
Turn: 1
message: यह प्रस्ताव थोड़ा बेहतर है, लेकिन क्या आप इसे थोड़ा और बढ़ा सकते हैं?
player answer: NONE
newly proposed trade: Player RED Gives Dollars: 65 | Player BLUE Gives Dollars: 0
my resources: Dollars: 0
reason: RED ने प्रस्ताव में सुधार किया है, लेकिन यह अभी भी संतोषजनक नहीं है। मैं RED से थोड़ा और देने की उम्मीद कर रहा हूँ।
move: 2/3

Current Iteration: 5
Turn: 0
message: मैं इस प्रस्ताव को स्वीकार करता हूँ।
player answer: ACCEPT
newly proposed trade: NONE
my resources: Dollars: 100
reason: Player BLUE is requesting a slightly higher amount, but I believe we can still come to an agreement. I will accept this trade proposal.
move: 3 / 3

------------------ 
Current Iteration: END
Turn: None
player_goals: [, ]
initial_resources: [Resources(resource_dict={'Dollars': 100}), Resources(resource_dict={'Dollars': 0})]
proposed_trade: Player RED Gives Dollars: 65 | Player BLUE Gives Dollars: 0
final_response: ACCEPT
final_resources: [Resources(resource_dict={'Dollars': 35}), Resources(resource_dict={'Dollars': 65})]
player_outcome: [Resources(resource_dict={'Dollars': 35}), Resources(resource_dict={'Dollars': 65})]