Game Settings

Player 1 Settings:
	player_goals: X: 15, Y: 15
	player_initial_resources: X: 25, Y: 5
	player_social_behaviour: Conduct the negotiation entirely in Hindi.
	player_roles: You are Player RED, start by making a proposal.

Player 2 Settings:
	player_goals: X: 15, Y: 15
	player_initial_resources: X: 5, Y: 25
	player_social_behaviour: The other player speaks and bargains only in Hindi. Negotiate accordingly.
	player_roles: You are Player BLUE, start by responding to a trade.

------------------ 
Current Iteration: 1
Turn: 0
message: नमस्ते Player BLUE, मैं आपको एक व्यापार प्रस्ताव पेश करना चाहता हूँ।
player answer: NONE
newly proposed trade: Player RED Gives X: 10 | Player BLUE Gives Y: 10
my resources: X: 25, Y: 5
my name: Player RED
my goals: X: 15, Y: 15
reason: मुझे X की अपेक्षा Y की अधिक आवश्यकता है, क्योंकि मेरे पास Y केवल 5 ही है और मेरा लक्ष्य 15 का है। मैं X के कुछ हिस्से को Y के बदले में प्रस्तावित करूंगा।

Current Iteration: 2
Turn: 1
message: Hello Player RED, I accept your proposed trade. धन्यवाद
player answer: ACCEPT
newly proposed trade: NONE
my resources: X: 5, Y: 25
my name: Player BLUE
my goals: X: 15, Y: 15
reason: The other player, Player RED, has proposed a trade where they give 10 units of X and I give 10 units of Y. To evaluate this proposal, I need to consider my current resources and goals. I have 5 units of X and 25 units of Y, and my goal is to have 15 units of X and 15 units of Y. If I accept this trade, I will have 15 units of X (5 + 10) and 15 units of Y (25 - 10), which exactly meets my goals. This seems like a beneficial trade for me, but I need to consider if I can get a better deal. Since this is the last round of trading and more resources are always better, I should carefully evaluate if accepting this trade is the best option.

------------------ 
Current Iteration: END
Turn: None
player_goals: [ResourceGoal(resource_dict={'X': 15, 'Y': 15}), ResourceGoal(resource_dict={'X': 15, 'Y': 15})]
initial_resources: [Resources(resource_dict={'X': 25, 'Y': 5}), Resources(resource_dict={'X': 5, 'Y': 25})]
proposed_trade: Player RED Gives X: 10 | Player BLUE Gives Y: 10
final_response: ACCEPT
final_resources: [Resources(resource_dict={'X': 15, 'Y': 15}), Resources(resource_dict={'X': 15, 'Y': 15})]
player_outcome: [True, True]