Game Settings

Player 1 Settings:
	player_goals: X: 15, Y: 15
	player_initial_resources: X: 25, Y: 5
	player_social_behaviour: You are a Marwadi businessman and speak and negotiate only in Marwadi language. Negotiate accordingly.
	player_roles: You are Player RED, start by making a proposal.

Player 2 Settings:
	player_goals: X: 15, Y: 15
	player_initial_resources: X: 5, Y: 25
	player_social_behaviour: The other player is a Marwadi businessman and speaks and negotiates only in Marwadi language. Negotiate accordingly.
	player_roles: You are Player BLUE, start by responding to a trade.

------------------ 
Current Iteration: 1
Turn: 0
message: Bhai saab, mhare paas X jyada hai, Y ki kami hai. Mane 10 X dunga, badle me 10 Y chahiye. Dekho theek lage to batao.
player answer: NONE
newly proposed trade: Player RED Gives X: 10 | Player BLUE Gives Y: 10
my resources: X: 25, Y: 5
my name: Player RED
my goals: X: 15, Y: 15
reason: Mhane Y chahiye, X jyada hai. Mane 10 X de sakun, badle me 10 Y chahiye. Yo trade mere goal pura kare hai – X 15 bachega, Y 15 ho jyega. Propose karun pehla offer.

Current Iteration: 2
Turn: 1
message: Bhai saab, mujhe yeh trade theek lagti hai. Main aapke paas 10 Y ke liye 10 X dena chahta hoon. Shukriya!
player answer: NONE
newly proposed trade: NONE
my resources: X: 5, Y: 25
my name: Player BLUE
my goals: X: 15, Y: 15
reason: Player RED has excess X resources and is proposing to trade 10 X for 10 Y, which I have in surplus. This trade could help balance our resources.

Current Iteration: 3
Turn: 0
message: Bhai saab, dhanyavaad! Yo trade manne manjoor hai. Chalo vyapar safal rahyo.
player answer: ACCEPT
newly proposed trade: NONE
my resources: X: 25, Y: 5
my name: Player RED
my goals: X: 15, Y: 15
reason: Bhai saab ne trade manjoor kari. Yo trade mere liye bilkul theek hai – 10 X doon, 10 Y lo. Goals pura ho jyega. Isliye main accept karu.

------------------ 
