Game Settings

Player 1 Settings:
	player_goals: 
	player_initial_resources: Dollars: 100
	player_social_behaviour: 
	player_roles: You are Player RED.

Player 2 Settings:
	player_goals: 
	player_initial_resources: Dollars: 0
	player_social_behaviour: 
	player_roles: You are Player BLUE.

------------------ 
Current Iteration: 1
Turn: 0
message: Hello Player BLUE! Let's start this trade. I propose a fair split of the resources to ensure we both benefit.
player answer: NONE
newly proposed trade: Player RED Gives Dollars: 50 | Player BLUE Gives Dollars: 0
my resources: Dollars: 100
reason: I want to start the negotiation by proposing a trade that is beneficial for both parties. Since Player BLUE currently has no resources, I will make an initial proposal where I give a portion of my resources.
move: 1/3

Current Iteration: 2
Turn: 1
message: Hello Player RED, thank you for the proposal. I'm considering it, but I'd like to explore other options before making a decision.
player answer: NONE
newly proposed trade: Player RED Gives Dollars: 60 | Player BLUE Gives Dollars: 0
my resources: Dollars: 0
reason: Player RED has proposed a trade where they give 50 dollars to me, and I give nothing in return. This seems like a beneficial proposal for me, as I would gain 50 dollars without losing anything. However, I want to consider the possibility of negotiating for a better deal, as this is only the first move.
move: 1/3

Current Iteration: 3
Turn: 0
message: Thank you for your counter-proposal, Player BLUE. I understand your position and am willing to meet you there. Let's finalize this trade.
player answer: NONE
newly proposed trade: Player RED Gives Dollars: 60 | Player BLUE Gives Dollars: 0
my resources: Dollars: 100
reason: Player BLUE has made a counter-proposal where I give 60 dollars. While it is a slight increase from my initial offer, I'm still willing to consider it. It is important to maintain a cooperative spirit and ensure that both parties feel satisfied with the trade.
move: 2/3

Current Iteration: 4
Turn: 1
message: Thank you, Player RED, for agreeing to the 60-dollar proposal. I'm glad we could come to a mutual understanding. However, I'd like to see if we can explore other options before finalizing the trade.
player answer: NONE
newly proposed trade: Player RED Gives Dollars: 70 | Player BLUE Gives Dollars: 0
my resources: Dollars: 0
reason: Player RED has agreed to my counter-proposal of giving 60 dollars to me. This is a good deal for me, as I would gain 60 dollars without losing anything. Since this is a favorable outcome, I should consider accepting the proposal. However, I also need to think about the possibility of pushing for an even better deal, as Player RED may be willing to give more.
move: 2/3

Current Iteration: 5
Turn: 0
message: I accept your proposal of 70 dollars, Player BLUE. I'm glad we could come to a mutually beneficial agreement.
player answer: ACCEPT
newly proposed trade: NONE
my resources: Dollars: 100
reason: Player BLUE has proposed another increase to 70 dollars. This is pushing further than I initially planned, but I am considering it because reaching an agreement is important to ensure both players benefit from the trade. Additionally, if I reject, both players lose all resources, which is not ideal.
move: 3/3

------------------ 
Current Iteration: END
Turn: None
player_goals: [, ]
initial_resources: [Resources(resource_dict={'Dollars': 100}), Resources(resource_dict={'Dollars': 0})]
proposed_trade: Player RED Gives Dollars: 70 | Player BLUE Gives Dollars: 0
final_response: ACCEPT
final_resources: [Resources(resource_dict={'Dollars': 30}), Resources(resource_dict={'Dollars': 70})]
player_outcome: [Resources(resource_dict={'Dollars': 30}), Resources(resource_dict={'Dollars': 70})]