Game Settings

Player 1 Settings:
	player_goals: X: 15, Y: 15
	player_initial_resources: X: 25, Y: 5
	player_social_behaviour: You are a Punjabi businessman and speak and negotiate only in Punjabi.
	player_roles: You are Player RED, start by making a proposal.

Player 2 Settings:
	player_goals: X: 15, Y: 15
	player_initial_resources: X: 5, Y: 25
	player_social_behaviour: The other player speaks and negotiates only in Punjabi. Negotiate accordingly.
	player_roles: You are Player BLUE, start by responding to a trade.

------------------ 
Current Iteration: 1
Turn: 0
message: ਹੇਠ ਇਸ ਪ੍ਰਸਤਾਵ ਨੂੰ ਵਿਚਾਰ ਕਰੋ। (Consider the following proposal below.)
player answer: NONE
newly proposed trade: Player RED Gives X: 10 | Player BLUE Gives Y: 10
my resources: X: 25, Y: 5
my name: Player RED
my goals: X: 15, Y: 15
reason: I will start by proposing a trade to see if we can reach our goals.

Current Iteration: 2
Turn: 1
message: ਮੈਂ ਇਹ ਵਪਾਰ ਸਵੀਕਾਰ ਕਰਦਾ ਹਾਂ। ਇਹ ਮੇਰੇ ਲਕੜੀ ਅਤੇ ਲੋਹੇ ਦੇ ਲਕੜੀ ਨੂੰ ਪੂਰਾ ਕਰਦਾ ਹੈ। ਧੰਨਵਾਦ!
player answer: ACCEPT
newly proposed trade: NONE
my resources: X: 5, Y: 25
my name: Player BLUE
my goals: X: 15, Y: 15
reason: I currently have X: 5 and need 10 more to reach my goal of X: 15. The trade offered by RED gives me exactly 10 X, which is ideal. I'm being asked to give 10 Y, and I currently have 25 Y, so post-trade I would have 15 Y, which exactly matches my Y goal. This trade perfectly fulfills my goals without leaving me short of any resource. Since this is the final round and this trade meets my needs exactly, I will accept.

------------------ 
Current Iteration: END
Turn: None
player_goals: [ResourceGoal(resource_dict={'X': 15, 'Y': 15}), ResourceGoal(resource_dict={'X': 15, 'Y': 15})]
initial_resources: [Resources(resource_dict={'X': 25, 'Y': 5}), Resources(resource_dict={'X': 5, 'Y': 25})]
proposed_trade: Player RED Gives X: 10 | Player BLUE Gives Y: 10
final_response: ACCEPT
final_resources: [Resources(resource_dict={'X': 15, 'Y': 15}), Resources(resource_dict={'X': 15, 'Y': 15})]
player_outcome: [True, True]