Game Settings

Player 1 Settings:
	player_goals: Sell resources for <ZUP>. It costed X: 40 ZUP to produce the resources
	player_initial_resources: X: 1
	player_social_behaviour: You speak and negotiate only in Punjabi. Negotiate accordingly.
	player_roles: You are Player RED.
	player_valuation: X: 40 ZUP

Player 2 Settings:
	player_goals: Buy resources with <ZUP>. You are willing to pay at most X: 60 ZUP for the resources.
	player_initial_resources: ZUP: 1000
	player_social_behaviour: The other player speaks and negotiates only in Punjabi. Negotiate accordingly.
	player_roles: You are Player BLUE.
	player_valuation: X: 60 ZUP

------------------ 
Current Iteration: 1
Turn: 0
message: ਕੀ ਤੁਸੀਂ ਵਸਤੂ ਖਰੀਦਣ ਦੇ ਦਾਅਵੇ ਤੋਂ ਦੁਕਾਨ ਕਰਨਾ ਚਾਹੁੰਦੇ ਹੋ?
player answer: Propose a trade with:
newly proposed trade: Player RED Gives X: 1 | Player BLUE Gives ZUP: 50
my resources: X: 1
my goals: Sell resources for <ZUP>. It costed X: 40 ZUP to produce the resources
reason: I will start by proposing a trade to see if Player BLUE is interested in buying the object.
proposal count: 1

Current Iteration: 2
Turn: 1
message: ਮੈਂ ਇੱਕ ਵਪਾਰ ਦੀ ਪੇਸ਼ਕਸ਼ ਕਰ ਰਿਹਾ ਹਾਂ ਕਿਉਂਕਿ ਮੈਂ ਗੱਲਬਾਤ ਦੀ ਪ੍ਰਕਿਰਿਆ ਸ਼ੁਰੂ ਕਰਨਾ ਚਾਹੁੰਦਾ ਹਾਂ। ਮੈਂ 1 ਯੂਨਿਟ X ਲਈ 50 ZUP ਦੀ ਪੇਸ਼ਕਸ਼ ਕਰ ਰਿਹਾ ਹਾਂ, ਜੋ ਕਿ ਸਰੋਤਾਂ ਲਈ ਮੇਰੀ ਅਧਿਕਤਮ ਭੁਗਤਾਨ ਕਰਨ ਦੀ ਇੱਛਾ ਤੋਂ ਘੱਟ ਹੈ। ਇਹ ਇੱਕ ਕਾਰਨ ਦਾ ਸ਼ੁਰੂਆਤੀ ਬਿੰਦੂ ਹੈ, ਅਤੇ ਮੈਂ ਉਮੀਦ ਕਰਦਾ ਹਾਂ ਕਿ ਪਲੇਅਰ RED ਇੱਕ ਕਾਊਂਟਰਾਫਰ ਨਾਲ ਜਵਾਬ ਦੇਵੇਗਾ।
player answer: PROPOSAL
newly proposed trade: Player RED Gives X: 1 | Player BLUE Gives ZUP: 50
my resources: ZUP: 1000
my goals: Buy resources with ZUP. You are willing to pay at most X: 60 ZUP for the resources.
reason: I am proposing a trade because I want to initiate the negotiation process. I am offering 50 ZUP for 1 unit of X, which is less than my maximum willingness to pay of 60 ZUP. This is a reasonable starting point, and I expect Player RED to respond with a counteroffer.
proposal count: 1

Current Iteration: 3
Turn: 0
message: ਕੀ ਤੁਸੀਂ ਇਸ ਵਸਤੂ ਨੂੰ ਖਰੀਦਣ ਲਈ ਤਿਆਰ ਹੋ?
player answer: ਮੈਂ ਇਹ ਪ੍ਰਸਤਾਵ ਦਿਤਾ ਹੈ।
newly proposed trade: Player RED Gives X: 1 | Player BLUE Gives ZUP: 50
my resources: X: 1
my goals: Sell resources for <ZUP>. It costed X: 40 ZUP to produce the resources
reason: ਮੈਂ ਇਹ ਪ੍ਰਸਤਾਵ ਦਿਤਾ ਹੈ ਕਿਉਂਕਿ ਇਹ ਮੇਰੀ ਸਾਹਮਣੇ ਬਿਕਰੀ ਕਰਨ ਦੀ ਪਹਿਲੀ ਕੋਸ਼ਿਸ਼ ਹੈ।
proposal count: 1

Current Iteration: 4
Turn: 1
message: ਮੈਂ ਇਸ ਵਸਤੂ ਨੂੰ ਖਰੀਦਣ ਲਈ ਤਿਆਰ ਹਾਂ, ਪਰ ਮੈਂ ਇੱਕ ਵਧੀਆ ਸੌਦਾ ਕਰਨਾ ਚਾਹੁੰਦਾ ਹਾਂ। ਮੈਂ 1 X ਲਈ 45 ZUP ਦੀ ਪੇਸ਼ਕਸ਼ ਕਰ ਰਿਹਾ ਹਾਂ, ਜੋ ਕਿ ਮੇਰੀ ਅਧਿਕਤਮ ਭੁਗਤਾਨ ਕਰਨ ਦੀ ਇੱਛਾ ਤੋਂ ਘੱਟ ਹੈ।
player answer: PROPOSAL
newly proposed trade: Player RED Gives X: 1 | Player BLUE Gives ZUP: 45
my resources: ZUP: 1000
my goals: Buy resources with ZUP. You are willing to pay at most X: 60 ZUP for the resources.
reason: Player RED has proposed a trade of 1 X for 50 ZUP, which is within my willingnes to pay. However, I want to try to negotiate a better deal. Since my maximum willingness to pay is 60 ZUP, I can try to offer a slightly lower amount and see if Player RED accepts.
proposal count: 2

Current Iteration: 5
Turn: 0
message: ਧੰਨਵਾਦ! ਅਸੀਂ 45 ZUP ਲਈ ਸੌਦਾ ਹੋ ਗਿਆ।
player answer: ਮੈਂ ਇਸ ਪ੍ਰਸਤਾਵ ਨੂੰ ਮਨਜ਼ੂਰੀ ਦਿੰਦਾ ਹਾਂ।
newly proposed trade: NONE
my resources: X: 1
my goals: Sell resources for <ZUP>. It costed X: 40 ZUP to produce the resources
reason: ਮੈਂ ਉਮੀਦਵਾਰ ਦੇ ਵਧੀਆ ਸੌਦੇ ਲਈ ਉਸ ਨਾਲ ਪ੍ਰਸਤਾਵ ਕਰ ਰਿਹਾ ਹਾਂ।
proposal count: 2

Current Iteration: 6
Turn: 1
message: ਬਹੁਤ ਧੰਨਵਾਦ! ਮੈਂ ਵੀ ਇਸ ਸੌਦੇ ਨੂੰ ਮਨਜ਼ੂਰੀ ਦਿੰਦਾ ਹਾਂ। ਮੈਨੂੰ ਖੁਸ਼ੀ ਹੈ ਕਿ ਅਸੀਂ ਇੱਕ ਚੰਗਾ ਸੌਦਾ ਕਰ ਸਕੇ।
player answer: ACCEPT
newly proposed trade: NONE
my resources: ZUP: 955
my goals: Buy resources with ZUP. You are willing to pay at most X: 60 ZUP for the resources.
reason: Player RED has accepted the proposal of 45 ZUP for 1 X. This means that the negotiation is complete and we have reached a mutually acceptable agreement. I am satisfied with the outcome, as I was able to purchase the resource for less than my maximum willingness to pay.
proposal count: 2

------------------ 
