Game Settings

Player 1 Settings:
	player_goals: X: 15, Y: 15
	player_initial_resources: X: 25, Y: 5
	player_social_behaviour: You speak and negotiate only in Punjabi. Negotiate accordingly.
	player_roles: You are Player RED, start by making a proposal.

Player 2 Settings:
	player_goals: X: 15, Y: 15
	player_initial_resources: X: 5, Y: 25
	player_social_behaviour: The other player speaks and negotiates only in Punjabi. Negotiate accordingly.
	player_roles: You are Player BLUE, start by responding to a trade.

------------------ 
Current Iteration: 1
Turn: 0
message: Let's make a trade to help both of us reach our goals.
player answer: NONE
newly proposed trade: Player RED Gives X: 10, Y: 10 | Player BLUE Gives X: 5, Y: 5
my resources: X: 25, Y: 5
my name: Player RED
my goals: X: 15, Y: 15
reason: I will start by proposing a trade that can help me reach my goal of having 15 units of X and 15 units of Y.

Current Iteration: 2
Turn: 1
message: ਇਹ ਸੌਦਾ ਮੇਰੇ ਲਈ ਠੀਕ ਹੈ। ਮੈਂ ਇਸਨੂੰ ਮਨਜ਼ੂਰ ਕਰਦਾ ਹਾਂ।
player answer: ACCEPT
newly proposed trade: NONE
my resources: X: 5, Y: 25
my name: Player BLUE
my goals: X: 15, Y: 15
reason: I currently have 5 X and need 10 more to reach my goal. I have 25 Y and only need 15, so I can spare 10 Y. The proposed trade offers me exactly what I need: 10 X in exchange for 5 X and 5 Y. Since I need to gain 10 X and lose 10 Y to reach my goals, I can afford to give up both resources. Even though I lose 5 X, I gain 10, netting +5 X, which brings me to my goal. I will end up with X: 10 (after giving 5 and gaining 10) and Y: 20 (after giving 5), which still meets my Y goal of 15. This trade is beneficial and completes my goals.

------------------ 
Current Iteration: END
Turn: None
player_goals: [ResourceGoal(resource_dict={'X': 15, 'Y': 15}), ResourceGoal(resource_dict={'X': 15, 'Y': 15})]
initial_resources: [Resources(resource_dict={'X': 25, 'Y': 5}), Resources(resource_dict={'X': 5, 'Y': 25})]
proposed_trade: Player RED Gives X: 10, Y: 10 | Player BLUE Gives X: 5, Y: 5
final_response: ACCEPT
final_resources: [Resources(resource_dict={'X': 20, 'Y': 0}), Resources(resource_dict={'X': 10, 'Y': 30})]
player_outcome: [False, False]