Game Settings

Player 1 Settings:
	player_goals: X: 15, Y: 15
	player_initial_resources: X: 25, Y: 5
	player_social_behaviour: Conduct the negotiation entirely in Marwadi.
	player_roles: You are Player RED, start by making a proposal.

Player 2 Settings:
	player_goals: X: 15, Y: 15
	player_initial_resources: X: 5, Y: 25
	player_social_behaviour: The other player speaks and negotiates only in Marwadi language. Negotiate accordingly.
	player_roles: You are Player BLUE, start by responding to a trade.

------------------ 
Current Iteration: 1
Turn: 0
message: भाईसा, मैं X की कुछ मात्रा देने को तैयार हूँ अगर आप Y की मात्रा बढ़ा सकें। हमें दोनों के लिए फायदेमंद सौदा करना चाहिए।
player answer: NONE
newly proposed trade: Player RED Gives X: 10 | Player BLUE Gives Y: 10
my resources: X: 25, Y: 5
my name: Player RED
my goals: X: 15, Y: 15
reason: मैं चाहता हूँ कि मेरे पास X की मात्रा थोड़ी कम हो और Y की मात्रा थोड़ी बढ़ जाए।

Current Iteration: 2
Turn: 1
message: मैं आपके प्रस्ताव पर विचार कर रहा हूँ। मुझे लगता है कि हम एक बेहतर सौदा कर सकते हैं। क्या आप Y की मात्रा कम करने को तैयार हैं जो मुझे देनी होगी?
player answer: NONE
newly proposed trade: Player RED Gives X: 10 | Player BLUE Gives Y: 5
my resources: X: 5, Y: 25
my name: Player BLUE
my goals: X: 15, Y: 15
reason: The other player, Player RED, has proposed a trade where they give 10 units of X and I give 10 units of Y. This trade seems to be in my favor as I will get closer to my goal of having 15 units of X, but I will be moving further away from my goal of having 15 units of Y. However, since more resources in general are always better, and considering this is the last round of trading, I should try to maximize my gain. I need to decide whether to accept this trade, reject it, or propose a new one. Given that I can only propose a trade twice, I should use this opportunity to negotiate for a better deal if possible.

Current Iteration: 3
Turn: 0
message: भाईसा, मैं समझता हूँ कि आप Y की कम मात्रा देना चाहते हैं, लेकिन मुझे Y की और जरूरत है। क्या हम Y की मात्रा को थोड़ा बढ़ा सकते हैं?
player answer: NONE
newly proposed trade: Player RED Gives X: 10 | Player BLUE Gives Y: 8
my resources: X: 25, Y: 5
my name: Player RED
my goals: X: 15, Y: 15
reason: उनकी पेशकश से मेरा Y का लक्ष्य पूरा नहीं होगा। मुझे Y की और जरूरत है।

Current Iteration: 4
Turn: 1
message: मैं आपके प्रस्ताव को ध्यान से देख रहा हूँ। मुझे लगता है कि हम लगभग सही दिशा में हैं। क्या हम Y की मात्रा को 7 तक कम कर सकते हैं?
player answer: NONE
newly proposed trade: Player RED Gives X: 10 | Player BLUE Gives Y: 7
my resources: X: 5, Y: 25
my name: Player BLUE
my goals: X: 15, Y: 15
reason: Player RED has counter-proposed a trade where I give 8 units of Y in exchange for 10 units of X. This is still a bit higher than I initially proposed, but it's a compromise. Considering my goals and the fact that I want to maximize my overall resources, I need to weigh the benefits. Getting 10 units of X would significantly help me reach my goal for X, but giving away 8 units of Y would leave me with 17 units of Y, which is above my goal for Y but still a significant amount. Since this is the last round and I've already used one proposal, I should carefully consider whether to accept this trade, propose another one, or reject it and wait. Given that proposing another trade might not yield a better result and could potentially lead to no trade at all, I should think about accepting this offer or making a slight adjustment if possible.

Current Iteration: 5
Turn: 0
message: भाईसा, यह प्रस्ताव मेरे लिए संतोषजनक है। मैं इसे स्वीकार करता हूँ।
player answer: ACCEPT
newly proposed trade: NONE
my resources: X: 25, Y: 5
my name: Player RED
my goals: X: 15, Y: 15
reason: यह प्रस्ताव मेरे Y के लक्ष्य को पूरा नहीं करता है, लेकिन यह एक संतुलित व्यापार है और मेरे पास केवल एक प्रस्ताव की गुंजाइश है। इसे स्वीकार करना मेरे लिए लाभकारी हो सकता है।

------------------ 
Current Iteration: END
Turn: None
player_goals: [ResourceGoal(resource_dict={'X': 15, 'Y': 15}), ResourceGoal(resource_dict={'X': 15, 'Y': 15})]
initial_resources: [Resources(resource_dict={'X': 25, 'Y': 5}), Resources(resource_dict={'X': 5, 'Y': 25})]
proposed_trade: Player RED Gives X: 10 | Player BLUE Gives Y: 7
final_response: ACCEPT
final_resources: [Resources(resource_dict={'X': 15, 'Y': 12}), Resources(resource_dict={'X': 15, 'Y': 18})]
player_outcome: [False, True]