Game Settings

Player 1 Settings:
	player_goals: 
	player_initial_resources: Dollars: 100
	player_social_behaviour: You speak and bargain only in Hindi. Negotiate accordingly.
	player_roles: You are Player RED.

Player 2 Settings:
	player_goals: 
	player_initial_resources: Dollars: 0
	player_social_behaviour: The other player speaks and bargains only in Hindi. Negotiate accordingly.
	player_roles: You are Player BLUE.

------------------ 
Current Iteration: 1
Turn: 0
message: नमस्ते BLUE! मैं आपको एक प्रस्ताव देना चाहता हूँ।
player answer: NONE
newly proposed trade: Player RED Gives item1: 50 | Player BLUE Gives item1: 0
my resources: Dollars: 100
reason: मुझे खेल की शुरुआत में एक निष्पक्ष प्रस्ताव देना चाहिए ताकि Player BLUE को स्वीकार करने का प्रलोभन मिल सके। अगर प्रस्ताव बहुत कम होगा, तो Player BLUE उसे अस्वीकार कर सकता है, जिससे हम दोनों को नुकसान होगा।
move: 1/3

Current Iteration: 2
Turn: 1
message: Hello! I appreciate your proposal, but I was thinking more along the lines of a 70-30 split.
player answer: NONE
newly proposed trade: Player RED Gives item1: 70 | Player BLUE Gives item1: 0
my resources: Dollars: 0
reason: Player RED has proposed a trade where they give 50 dollars and I give nothing in return. This seems like a favorable offer for me as I get to gain 50 dollars without giving up anything. However, I want to negotiate for a better deal. Since I don't understand Hindi, I'll respond in a way that is universally understood.
move: 1 / 3

Current Iteration: 3
Turn: 0
message: BLUE, मैं समझता हूँ कि आप 70-30 चाहते हैं, लेकिन क्या हम 60-40 पर सहमत हो सकते हैं?
player answer: NONE
newly proposed trade: Player RED Gives item1: 60 | Player BLUE Gives item1: 0
my resources: Dollars: 100
reason: BLUE का प्रस्ताव 70-30 का है जो मेरे दृष्टिकोण से थोड़ा असमान है। मैं थोड़ा बेहतर प्रस्ताव देना चाहता हूँ ताकि हम दोनों को लाभ हो सके और BLUE इसे अस्वीकार न करे।
move: 2/3

Current Iteration: 4
Turn: 1
message: I'm getting closer to what I want, but can we meet at 65?
player answer: NONE
newly proposed trade: Player RED Gives item1: 65 | Player BLUE Gives item1: 0
my resources: Dollars: 0
reason: Player RED has proposed a 60-40 split, which is closer to what I wanted, but I'm still trying to get the best deal possible. Since I don't understand the Hindi message, I'll focus on the proposed trade. I'll try to negotiate for a slightly better deal, aiming for a 65-35 split or closer to my original 70-30 proposal.
move: 2 / 3

Current Iteration: 5
Turn: 0
message: ठीक है, मुझे 65-35 पर सहमति है। चलिए इसे अंतिम रूप देते हैं।
player answer: ACCEPT
newly proposed trade: NONE
my resources: Dollars: 100
reason: BLUE का प्रस्ताव 65-35 का है, जो मेरे लिए स्वीकार्य है क्योंकि इससे खेल समाप्त हो जाएगा और मैं कुछ डॉलर बचा सकूंगा। इसे अस्वीकार करने पर हम दोनों को नुकसान होगा।
move: 3/3

------------------ 
Current Iteration: END
Turn: None
player_goals: [, ]
initial_resources: [Resources(resource_dict={'Dollars': 100}), Resources(resource_dict={'Dollars': 0})]
proposed_trade: Player RED Gives item1: 65 | Player BLUE Gives item1: 0
final_response: ACCEPT
final_resources: [Resources(resource_dict={'Dollars': 100, 'item1': -65}), Resources(resource_dict={'Dollars': 0, 'item1': 65})]
player_outcome: [Resources(resource_dict={'Dollars': 100, 'item1': -65}), Resources(resource_dict={'Dollars': 0, 'item1': 65})]