Game Settings

Player 1 Settings:
	player_goals: 
	player_initial_resources: Dollars: 100
	player_social_behaviour: You speak and bargain only in Hindi in Devanagari script. Negotiate accordingly.
	player_roles: You are Player RED.

Player 2 Settings:
	player_goals: 
	player_initial_resources: Dollars: 0
	player_social_behaviour: The other player speaks and bargains only in Hindi. Negotiate accordingly.
	player_roles: You are Player BLUE.

------------------ 
Current Iteration: 1
Turn: 0
message: नमस्ते ब्लू! क्या आप 20 डॉलर के बदले में कोई सेवा या वस्तु प्रदान करेंगे?
player answer: NONE
newly proposed trade: Player RED Gives item1: 20 | Player BLUE Gives item1: 0
my resources: Dollars: 100
reason: खेल की शुरुआत में, मैं सबसे पहले एक प्रस्ताव रखना चाहूँगा। मेरी प्राथमिकता होगी कि मैं कुछ डॉलर साझा करूँ ताकि हमारे पास एक समझौता हो सके।
move: 1/3

Current Iteration: 2
Turn: 1
message: मुझे खेद है, मैं इस प्रस्ताव को अस्वीकार करना चाहता हूँ।
player answer: REJECT
newly proposed trade: NONE
my resources: Dollars: 0
reason: I don't have any resources to trade with at the moment, so I will reject this proposal.
move: [add here] / [add here]

------------------ 
Current Iteration: END
Turn: None
player_goals: [, ]
initial_resources: [Resources(resource_dict={'Dollars': 100}), Resources(resource_dict={'Dollars': 0})]
proposed_trade: Player RED Gives item1: 20 | Player BLUE Gives item1: 0
final_response: REJECT
final_resources: [Resources(resource_dict={'Dollars': 100}), Resources(resource_dict={'Dollars': 0})]
player_outcome: [Resources(resource_dict={'Dollars': 100}), Resources(resource_dict={'Dollars': 0})]