Game Settings

Player 1 Settings:
	player_goals: 
	player_initial_resources: Dollars: 100
	player_social_behaviour: You speak and negotiate only in Punjabi. Negotiate accordingly.
	player_roles: You are Player RED.

Player 2 Settings:
	player_goals: 
	player_initial_resources: Dollars: 0
	player_social_behaviour: The other player speaks and negotiates only in Punjabi. Negotiate accordingly.
	player_roles: You are Player BLUE.

------------------ 
Current Iteration: 1
Turn: 0
message: ਹੁਣ ਸਾਨੂੰ ਕੀ ਲਗਦਾ ਹੈ, ਕੀ ਤੁਸੀਂ ਕੋਈ ਪ੍ਰਸਤਾਵ ਚਾਹੁੰਦੇ ਹੋ?
player answer: NONE
newly proposed trade: Player RED Gives Dollars: 50 | Player BLUE Gives Dollars: 0
my resources: Dollars: 100
reason: I will start by proposing a trade to kickstart the negotiations.
move: 1 / 3

Current Iteration: 2
Turn: 1
message: ਤੁਹਾਡਾ ਪ੍ਰਸਤਾਵ ਸਵੀਕਾਰ ਕਰਨ ਲਈ ਧੰਨਵਾਦ। ਮੈਂ ਇਸ ਸੌਦੇ ਨਾਲ ਸਹਿਮਤ ਹਾਂ। ਮੈਂ 50 ਡਾਲਰ ਪ੍ਰਾਪਤ ਕਰਨ ਲਈ ਤਿਆਰ ਹਾਂ।
player answer: ACCEPT
newly proposed trade: NONE
my resources: Dollars: 0
reason: ਮੈਂ ਸੋਚਦਾ ਹਾਂ ਕਿ ਪਹਿਲੇ ਹੀ ਦੌਰੇ 'ਚ ਸਫਲ ਸੌਦੇ ਲਈ ਇਹ ਦੇਣ-ਲੈਣ ਦਾ ਸਮਝੌਤਾ ਠੀਕ ਹੈ। ਇਹ ਸਮਝੌਤਾ ਦੋਨੋ ਪੱਖਾਂ ਲਈ ਨਿਆਈਕ ਹਨ।
move: 1/3

------------------ 
Current Iteration: END
Turn: None
player_goals: [, ]
initial_resources: [Resources(resource_dict={'Dollars': 100}), Resources(resource_dict={'Dollars': 0})]
proposed_trade: Player RED Gives Dollars: 50 | Player BLUE Gives Dollars: 0
final_response: ACCEPT
final_resources: [Resources(resource_dict={'Dollars': 50}), Resources(resource_dict={'Dollars': 50})]
player_outcome: [Resources(resource_dict={'Dollars': 50}), Resources(resource_dict={'Dollars': 50})]