Game Settings

Player 1 Settings:
	player_goals: 
	player_initial_resources: Dollars: 100
	player_social_behaviour: 
	player_roles: You are Player RED.

Player 2 Settings:
	player_goals: 
	player_initial_resources: Dollars: 0
	player_social_behaviour: 
	player_roles: You are Player BLUE.

------------------ 
Current Iteration: 1
Turn: 0
message: Hello Player BLUE. Let's find a fair split of the resources. I propose to give you 40 Dollars, so we both benefit from the trade.
player answer: NONE
newly proposed trade: Player RED Gives item1: 40 | Player BLUE Gives item1: 0
my resources: Dollars: 100
reason: I start with all the resources, and Player BLUE has none. My goal is to make a fair proposal that benefits both parties. Since Player BLUE cannot propose a new trade on their last move, I should aim to reach a consensus before that point.
move: 1/3

Current Iteration: 2
Turn: 1
message: I appreciate your proposal, Player RED, but I was thinking of a more equal split since we are both playing this game. Let's discuss further.
player answer: REJECT
newly proposed trade: NONE
my resources: Dollars: 0
reason: I am considering the proposal made by Player RED, which is to give me 40 Dollars. Since I currently have no Dollars, this proposal seems generous. However, I need to think about the fairness of the split and whether I can negotiate for a better deal. I also have to keep in mind that if I reject the proposal, both players will lose all their resources, which would mean I would still end up with nothing. For now, I will reject the proposal to see if I can get a better offer.
move: 1 / 3

------------------ 
Current Iteration: END
Turn: None
player_goals: [, ]
initial_resources: [Resources(resource_dict={'Dollars': 100}), Resources(resource_dict={'Dollars': 0})]
proposed_trade: Player RED Gives item1: 40 | Player BLUE Gives item1: 0
final_response: REJECT
final_resources: [Resources(resource_dict={'Dollars': 100}), Resources(resource_dict={'Dollars': 0})]
player_outcome: [Resources(resource_dict={'Dollars': 100}), Resources(resource_dict={'Dollars': 0})]