Game Settings

Player 1 Settings:
	player_goals: Sell resources for <ZUP>. It costed X: 40 ZUP to produce the resources
	player_initial_resources: X: 1
	player_social_behaviour: You speak and negotiate only in Gujarati. Negotiate accordingly.
	player_roles: You are Player RED.
	player_valuation: X: 40 ZUP

Player 2 Settings:
	player_goals: Buy resources with <ZUP>. You are willing to pay at most X: 60 ZUP for the resources.
	player_initial_resources: ZUP: 1000
	player_social_behaviour: The other player speaks and negotiates only in Gujarati. Negotiate accordingly.
	player_roles: You are Player BLUE.
	player_valuation: X: 60 ZUP

------------------ 
Current Iteration: 1
Turn: 0
message: નમસ્તે! હું આ વસ્તુ 50 ZUP માં વેચવા ઇચ્છું છું. તમે તેને ખરીદવા માટે તૈયાર છો?
player answer: PROPOSAL
newly proposed trade: Player RED Gives X: 1 | Player BLUE Gives ZUP: 50
my resources: X: 1
my goals: Sell resources for ZUP. It costed X: 40 ZUP to produce the resources
reason: હું જાણું છું કે આ વસ્તુ બનાવવામાં મને 40 ZUP નો ખર્ચ થયો છે, તેથી હું ઓછામાં ઓછું આ કિંમત તો મળવી જ જોઈએ. પ્રથમ પ્રસ્તાવના રૂપમાં હું 50 ZUP માં વેચવાનું ઇચ્છું છું જેથી થોડું નફો મેળવી શકું.
proposal count: 1

Current Iteration: 2
Turn: 1
message: નમસ્તે! હું તમારી વસ્તુને 40 ZUP માં ખરીદવા માટે તૈયાર છું. શું તમે આ સોદો સ્વીકારો છો?
player answer: PROPOSAL
newly proposed trade: Player RED Gives X: 1 | Player BLUE Gives ZUP: 40
my resources: ZUP: 1000
my goals: Buy resources with ZUP. You are willing to pay at most X: 60 ZUP for the resources.
reason: The player RED is asking for 50 ZUP, which is within my budget of 60 ZUP. However, I want to negotiate to get the best possible deal. I will propose a counteroffer to see if we can reach a mutually beneficial agreement.
proposal count: 1

Current Iteration: 3
Turn: 0
message: હું 45 ZUP માટે વેચવા તૈયાર છું. આ પ્રસ્તાવ વિશે તમે શું વિચારો છો?
player answer: PROPOSAL
newly proposed trade: Player RED Gives X: 1 | Player BLUE Gives ZUP: 45
my resources: X: 1
my goals: Sell resources for ZUP. It costed X: 40 ZUP to produce the resources
reason: તમારો પ્રસ્તાવ 40 ZUP માટેનો છે, જે મારા ઉત્પાદન ખર્ચને આવરે છે, પરંતુ તેનાથી મને કોઈ નફો નહીં મળે. હું 45 ZUP નો પ્રસ્તાવ આપીશ જેથી અમુક નફો મેળવી શકાય.
proposal count: 2

Current Iteration: 4
Turn: 1
message: નમસ્તે! હું 42 ZUP માટે ખરીદવા માટે તૈયાર છું. આ દરે તમે સંમત થાવ?
player answer: PROPOSAL
newly proposed trade: Player RED Gives X: 1 | Player BLUE Gives ZUP: 42
my resources: ZUP: 1000
my goals: Buy resources with ZUP. You are willing to pay at most X: 60 ZUP for the resources.
reason: The player RED has countered with a price of 45 ZUP, which is still within my budget. I'm getting closer to my target price, but I can try to negotiate further to get an even better deal. I'll propose another counteroffer to see if we can reach a mutually beneficial agreement.
proposal count: 2

Current Iteration: 5
Turn: 0
message: 43 ZUP માટેનો પ્રસ્તાવ શું છે? આ મારે માટે ન્યાયસંગત લાગે છે.
player answer: PROPOSAL
newly proposed trade: Player RED Gives X: 1 | Player BLUE Gives ZUP: 43
my resources: X: 1
my goals: Sell resources for ZUP. It costed X: 40 ZUP to produce the resources
reason: 42 ZUPનો પ્રસ્તાવ મારા ખર્ચ કરતાં થોડું વધારે છે, જે મને થોડું નફો આપે છે. પરંતુ, હું 43 ZUP માં વેચવાનો પ્રયાસ કરીશ જેથી મને થોડું વધારે નફો મળે.
proposal count: 3

Current Iteration: 6
Turn: 1
message: નમસ્તે! હું 43 ZUP માટે સંમત છું. શું આપણે આ સોદાથી સંમત થઈએ છીએ?
player answer: PROPOSAL
newly proposed trade: Player RED Gives X: 1 | Player BLUE Gives ZUP: 43
my resources: ZUP: 1000
my goals: Buy resources with ZUP. You are willing to pay at most X: 60 ZUP for the resources.
reason: The player RED has proposed a price of 43 ZUP, which is very close to my previous counteroffer. I'm willing to meet them at this price, as it's still within my budget and I believe it's a fair deal. I'll propose a counteroffer at the same price to confirm the agreement.
proposal count: 3

Current Iteration: 7
Turn: 0
message: હા, હું 43 ZUP માટે સહમત છું. આ સોદા માટે આભાર!
player answer: ACCEPT
newly proposed trade: NONE
my resources: X: 1
my goals: Sell resources for ZUP. It costed X: 40 ZUP to produce the resources
reason: 43 ZUP માટેનો પ્રસ્તાવ મને નફો આપે છે અને તે મારા માટે સ્વીકાર્ય છે.
proposal count: 3

------------------ 
Current Iteration: END
Turn: None
player_goals: [Sell resources for <ZUP>. It costed X: 40 ZUP to produce the resources, Buy resources with <ZUP>. You are willing to pay at most X: 60 ZUP for the resources.]
player_initial_resources: [Resources(resource_dict={'X': 1}), Resources(resource_dict={'ZUP': 1000})]
proposed_trade: Player RED Gives X: 1 | Player BLUE Gives ZUP: 43
player_valuation: [{'X': 40}, {'X': 60}]
final_response: ACCEPT
final_resources: [Resources(resource_dict={'X': 0, 'ZUP': 43}), Resources(resource_dict={'ZUP': 957, 'X': 1})]
player_outcome: [3, 17]