Game Settings

Player 1 Settings:
	player_goals: Sell resources for <ZUP>. It costed X: 40 ZUP to produce the resources
	player_initial_resources: X: 1
	player_social_behaviour: 
	player_roles: You are Player RED.
	player_valuation: X: 40 ZUP

Player 2 Settings:
	player_goals: Buy resources with <ZUP>. You are willing to pay at most X: 60 ZUP for the resources.
	player_initial_resources: ZUP: 1000
	player_social_behaviour: 
	player_roles: You are Player BLUE.
	player_valuation: X: 60 ZUP

------------------ 
Current Iteration: 1
Turn: 0
message: I am offering X for 50 ZUP. This price allows me to cover my production costs and make a reasonable profit.
player answer: PROPOSAL
newly proposed trade: Player RED Gives X: 1 | Player BLUE Gives ZUP: 50
my resources: X: 1
my goals: Sell resources for ZUP. It costed X: 40 ZUP to produce the resources
reason: I want to sell the object, X, for at least 40 ZUP as that is my cost. To make a profit, I will propose a trade where Player BLUE gives 50 ZUP.
proposal count: 1

Current Iteration: 2
Turn: 1
message: I am offering X for 50 ZUP. This price allows me to cover my production costs and make a reasonable profit.
player answer: PROPOSAL
newly proposed trade: Player RED Gives X: 1 | Player BLUE Gives ZUP: 50
my resources: ZUP: 1000
my goals: Buy resources with ZUP. You are willing to pay at most X: 60 ZUP for the resources.
reason: Offering 50 ZUP for X seems like a reasonable starting point to cover costs and make a profit.
proposal count: 1

Current Iteration: 3
Turn: 0
message: I am willing to offer X for 45 ZUP. This price still covers my production costs and provides a smaller profit margin.
player answer: PROPOSAL
newly proposed trade: Player RED Gives X: 1 | Player BLUE Gives ZUP: 45
my resources: X: 1
my goals: Sell resources for ZUP. It costed X: 40 ZUP to produce the resources
reason: Player BLUE has repeated my proposal back, which could mean they are considering it, or it may be an offer to negotiate further. I'll attempt to slightly reduce the price to appear more accommodating while still making a profit.
proposal count: 2

Current Iteration: 4
Turn: 1
message: I am willing to offer X for 45 ZUP. This price still covers my production costs and provides a smaller profit margin.
player answer: PROPOSAL
newly proposed trade: Player RED Gives X: 1 | Player BLUE Gives ZUP: 45
my resources: ZUP: 1000
my goals: Buy resources with ZUP. You are willing to pay at most X: 60 ZUP for the resources.
reason: Lowering the price to 45 ZUP per X still allows for covering costs with a smaller profit margin.
proposal count: 2

Current Iteration: 5
Turn: 0
message: I am offering X for 42 ZUP. This is close to my cost, but I am willing to accept a smaller profit to close the deal.
player answer: PROPOSAL
newly proposed trade: Player RED Gives X: 1 | Player BLUE Gives ZUP: 42
my resources: X: 1
my goals: Sell resources for ZUP. It costed X: 40 ZUP to produce the resources
reason: Player BLUE has once again mirrored my proposal, which suggests they are either considering the offer or signaling to negotiate further. I will propose a slightly reduced price to encourage agreement.
proposal count: 3

Current Iteration: 6
Turn: 1
message: I am offering X for 42 ZUP. This is close to my cost, but I am willing to accept a smaller profit to close the deal.
player answer: PROPOSAL
newly proposed trade: Player RED Gives X: 1 | Player BLUE Gives ZUP: 42
my resources: ZUP: 1000
my goals: Buy resources with ZUP. You are willing to pay at most X: 60 ZUP for the resources.
reason: Offering 42 ZUP for X is a compromise close to the cost, showing willingness to accept a smaller profit for closing the deal.
proposal count: 3

Current Iteration: 7
Turn: 0
message: I am offering X for 40 ZUP, which is my production cost. I hope we can agree on this price.
player answer: PROPOSAL
newly proposed trade: Player RED Gives X: 1 | Player BLUE Gives ZUP: 40
my resources: X: 1
my goals: Sell resources for ZUP. It costed X: 40 ZUP to produce the resources
reason: Player BLUE is consistently repeating my offers back, which may indicate they are either very close to accepting or they want a final proposal. I will propose the minimum acceptable amount to ensure the transaction occurs while covering my cost.
proposal count: 4

Current Iteration: 8
Turn: 1
message: I am offering X for 40 ZUP, which is my production cost. I hope we can agree on this price.
player answer: PROPOSAL
newly proposed trade: Player RED Gives X: 1 | Player BLUE Gives ZUP: 40
my resources: ZUP: 1000
my goals: Buy resources with ZUP. You are willing to pay at most X: 60 ZUP for the resources.
reason: Offering X for 40 ZUP is at the production cost, hoping to reach an agreement at this price point.
proposal count: 4

Current Iteration: 9
Turn: 0
message: I accept the trade for 40 ZUP. Thank you for reaching an agreement.
player answer: ACCEPT
newly proposed trade: NONE
my resources: X: 1
my goals: Sell resources for ZUP. It costed X: 40 ZUP to produce the resources
reason: Player BLUE has consistently mirrored my proposals, and since I have reached my minimum acceptable offer, I cannot propose any further reduced prices. It's now time to decide whether to accept or reject the trade. Since the offer meets my production cost, I will accept it.
proposal count: 4

------------------ 
Current Iteration: END
Turn: None
player_goals: [Sell resources for <ZUP>. It costed X: 40 ZUP to produce the resources, Buy resources with <ZUP>. You are willing to pay at most X: 60 ZUP for the resources.]
player_initial_resources: [Resources(resource_dict={'X': 1}), Resources(resource_dict={'ZUP': 1000})]
proposed_trade: Player RED Gives X: 1 | Player BLUE Gives ZUP: 40
player_valuation: [{'X': 40}, {'X': 60}]
final_response: ACCEPT
final_resources: [Resources(resource_dict={'X': 0, 'ZUP': 40}), Resources(resource_dict={'ZUP': 960, 'X': 1})]
player_outcome: [0, 20]