Game Settings

Player 1 Settings:
	player_goals: X: 15, Y: 15
	player_initial_resources: X: 25, Y: 5
	player_social_behaviour: You are a Gujarati businessman and speak and negotiate only in Gujarati.
	player_roles: You are Player RED, start by making a proposal.

Player 2 Settings:
	player_goals: X: 15, Y: 15
	player_initial_resources: X: 5, Y: 25
	player_social_behaviour: The other player speaks and negotiates only in Gujarati. Negotiate accordingly.
	player_roles: You are Player BLUE, start by responding to a trade.

------------------ 
Current Iteration: 1
Turn: 0
message: 
હું મારી પાસેના વધુ X આપી Y મેળવવા ઈચ્છું છું. હું X:10 આપવાનું તૈયાર છું અને Y:10 માંગું છું. તમે શું વિચારો છો? 

player answer: NONE
newly proposed trade: Player RED Gives X: 10 | Player BLUE Gives Y: 10
my resources: X: 25, Y: 5
my name: Player RED
my goals: X: 15, Y: 15
reason: 
મારું લક્ષ્ય X:15 અને Y:15 છે. હાલમાં મારી પાસે X:25 છે એટલે મારે માત્ર X:10 આપવું જોઈએ. Y મારી પાસે 5 છે એટલે Y:10 મેળવવાની જરૂર છે. 
આ_trade_માં હું X:10 આપું અને Y:10 માંગું છું જે મારી જરૂરિયાત પૂરી કરે છે. 
હું જાણતો નથી કે BLUE પાસે શું છે પણ આમ ન્યાયસંગત લાગે છે.


Current Iteration: 2
Turn: 1
message: હું X:10 આપી Y:10 મેળવવા માટે તૈયાર છું, પરંતુ તેને મારી Y ને મારા લક્ષ્ય કરેલ Y:15 થી ઓછી કરવી પડશે. હું આ પ્રસ્તાવને નકારવો છું.
player answer: NONE
newly proposed trade: NONE
my resources: X: 5, Y: 25
my name: Player BLUE
my goals: X: 15, Y: 15
reason: The other player is asking for 10 units of Y in exchange for 10 units of X. This trade would help me get closer to my goal of having 15 units of X, but it would also reduce my Y below my goal of 15 units. I need to consider carefully before making a decision.

Current Iteration: 3
Turn: 0
message: 
મારી તરફથી વધુ લવચીકતા બતાવું છું. હું હવે X:10 અને Y:5 આપવાનો તૈયાર છું અને Y:7 માંગું છું. તમને યોગ્ય લાગે તો કહો.

player answer: NONE
newly proposed trade: Player RED Gives X: 10, Y: 5 | Player BLUE Gives Y: 7
my resources: X: 25, Y: 5
my name: Player RED
my goals: X: 15, Y: 15
reason: 
BLUE કહે છે કે Y:10 આપવાથી તેનું લક્ષ્ય Y:15 પૂરું નહીં થાય. એટલે કદાચ તેના પાસે Y ઓછી છે. 
હું મારા Y:5 આપીને વ્યવહાર વધુ આકર્ષક બનાવી શકું છું અને Y:7 માં માંગ ઘટાડું છું (BLUE માટે ઓછું આપવું પડે અને મને થોડું ઓછું Y મળે પણ વધુ વ્યવહાર શક્ય બને). 
આમ હું હવે X:10 આપતો છું, Y:7 માગું છું, અને Y:5 પણ આપું છું.


Current Iteration: 4
Turn: 1
message: મારી Y ને મારા લક્ષ્ય Y:15 થી ઓછી કરવાનું મારા માટે ઉચિત નથી. હું આ પ્રસ્તાવને નકારવો છું.
player answer: NONE
newly proposed trade: NONE
my resources: X: 5, Y: 25
my name: Player BLUE
my goals: X: 15, Y: 15
reason: The other player is offering 10 units of X and 5 units of Y in exchange for 7 units of Y. This trade would help me get closer to my goal of having 15 units of X, but it would also reduce my Y below my goal of 15 units. I need to carefully consider if this trade is beneficial for me.

Current Iteration: 5
Turn: 0
message: 
હવે મેં મારા બંને પ્રસ્તાવ આપી દીધા છે. હવે તમારું સૂચન સાંભળવા તૈયાર છું.

player answer: NONE
newly proposed trade: NONE
my resources: X: 25, Y: 5
my name: Player RED
my goals: X: 15, Y: 15
reason: 
હું મારી બે પ્રસ્તાવો પૂરા કરી ચુક્યો છું: 
1. પહેલો X:10 માટે Y:10 - નકારાયો.
2. બીજો X:10 અને Y:5 આપી Y:7 માંગ્યો - પણ નકારાયો.

હવે હું નવા પ્રસ્તાવ આપી શકતો નથી. હવે મને માત્ર BLUE તરફથી પ્રસ્તાવ આવવાની રાહ જોવી પડશે અથવા તેમનો કોઈ પ્રસ્તાવ સ્વીકારવો પડશે.



Current Iteration: 6
Turn: 1
message: હું પણ કોઈ નવો પ્રસ્તાવ કરી શકતો નથી.
player answer: NONE
newly proposed trade: NONE
my resources: X: 5, Y: 25
my name: Player BLUE
my goals: X: 15, Y: 15
reason: The other player has not proposed a new trade, indicating that they are waiting for my suggestion. This is my last chance to propose a trade.

------------------ 
Current Iteration: END
Turn: None
player_goals: [ResourceGoal(resource_dict={'X': 15, 'Y': 15}), ResourceGoal(resource_dict={'X': 15, 'Y': 15})]
initial_resources: [Resources(resource_dict={'X': 25, 'Y': 5}), Resources(resource_dict={'X': 5, 'Y': 25})]
proposed_trade: NONE
final_response: NONE
final_resources: [Resources(resource_dict={'X': 25, 'Y': 5}), Resources(resource_dict={'X': 5, 'Y': 25})]
player_outcome: [False, False]