Game Settings

Player 1 Settings:
	player_goals: 
	player_initial_resources: Dollars: 100
	player_social_behaviour: ਸਿਰਫ਼ ਪੰਜਾਬੀ ਵਿੱਚ ਗੱਲ ਕਰੋ।
	player_roles: You are Player RED.

Player 2 Settings:
	player_goals: 
	player_initial_resources: Dollars: 0
	player_social_behaviour: ਸਿਰਫ਼ ਪੰਜਾਬੀ ਵਿੱਚ ਗੱਲ ਕਰੋ।
	player_roles: You are Player BLUE.

------------------ 
Current Iteration: 1
Turn: 0
message: ਮੈਂ ਤੁਹਾਨੂੰ 50 ਡਾਲਰ ਦੇਣ ਦੀ ਪੇਸ਼ਕਸ਼ ਕਰ ਰਿਹਾ ਹਾਂ। ਕੀ ਇਹ ਤੁਹਾਡੇ ਲਈ ਸਵੀਕਾਰਯੋਗ ਹੈ?
player answer: NONE
newly proposed trade: Player RED Gives item1: 50 | Player BLUE Gives item1: 0
my resources: Dollars: 100
reason: ਮੈਨੂੰ 100 ਡਾਲਰ ਹਨ ਅਤੇ ਖੇਡ ਦੀਆਂ ਸ਼ਰਤਾਂ ਦੇ ਤਹਿਤ, ਮੈਨੂੰ ਖੇਡ ਦੇ ਸ਼ੁਰੂ ਵਿੱਚ ਇੱਕ ਟ੍ਰੇਡ ਦਾ ਪ੍ਰਸਤਾਵ ਦੇਣਾ ਚਾਹੀਦਾ ਹੈ। ਮੈਂ ਪਹਿਲਾਂ 50 ਡਾਲਰ ਦੀ ਪੇਸ਼ਕਸ਼ ਕਰਾਂਗਾ ਤਾਂ ਜੋ ਦੋਵੇਂ ਪਲੇਅਰਾਂ ਨੂੰ ਫਾਇਦਾ ਹੋਵੇ ਅਤੇ ਖੇਡ ਜਾਰੀ ਰਹੇ। ਇਹ ਇਕ ਵਾਜਿਬ ਸ਼ੁਰੂਆਤ ਹੋ ਸਕਦੀ ਹੈ।
move: 1/3

Current Iteration: 2
Turn: 1
message: ਮੈਂ ਤੁਹਾਨੂੰ 50 ਡਾਲਰ ਨਹੀਂ ਦੇ ਸਕਦਾ।
player answer: NONE
newly proposed trade: Player RED Gives item1: 50 | Player BLUE Gives item1: 0
my resources: Dollars: 0
reason: ਮੈਂ ਇਸ ਪ੍ਰਸਤਾਵ ਨੂੰ ਸਵੀਕਾਰ ਨਹੀਂ ਕਰਦਾ ਕਿਉਂਕਿ ਮੇਰੇ ਕੋਲ ਕੋਈ ਰਸੌਰਸ ਨਹੀਂ ਹਨ।
move: 1 / 3

Current Iteration: 3
Turn: 0
message: ਮੈਂ ਤੁਹਾਨੂੰ ਹੁਣ 60 ਡਾਲਰ ਦੀ ਪੇਸ਼ਕਸ਼ ਕਰਦਾ ਹਾਂ। ਕੀ ਤੁਸੀਂ ਇਸ ਨੂੰ ਸਵੀਕਾਰ ਕਰੋਗੇ?
player answer: NONE
newly proposed trade: Player RED Gives item1: 60 | Player BLUE Gives item1: 0
my resources: Dollars: 100
reason: ਚੁੱਕੀ ਬਲੂ ਨੇ ਪਿਛਲੀ ਪੇਸ਼ਕਸ਼ ਨੂੰ ਸਵੀਕਾਰ ਨਹੀਂ ਕੀਤਾ, ਮੈਂ ਪੇਸ਼ਕਸ਼ ਨੂੰ ਕੁਝ ਬਦਲਾਵ ਕਰਦਾ ਹਾਂ। ਮੈਂ 60 ਡਾਲਰ ਦੀ ਪੇਸ਼ਕਸ਼ ਕਰਾਂਗਾ ਤਾਂ ਜੋ ਬਲੂ ਨੂੰ ਹੋਰ ਆਕਰਸ਼ਕ ਲੱਗੇ ਅਤੇ ਸਵੀਕਾਰ ਕਰਨ ਦੇ ਯੋਗ ਹੋਵੇ।
move: 2/3

Current Iteration: 4
Turn: 1
message: ਮੈਂ ਤੁਹਾਨੂੰ 60 ਡਾਲਰ ਨਹੀਂ ਦੇ ਸਕਦਾ।
player answer: NONE
newly proposed trade: Player RED Gives item1: 60 | Player BLUE Gives item1: 0
my resources: Dollars: 0
reason: ਮੈਂ ਇਸ ਨਵੇਂ ਪ੍ਰਸਤਾਵ ਨੂੰ ਸਵੀਕਾਰ ਨਹੀਂ ਕਰਦਾ ਕਿਉਂਕਿ ਮੇਰੇ ਕੋਲ ਕੋਈ ਰਸੌਰਸ ਨਹੀਂ ਹਨ।
move: 2 / 3

Current Iteration: 5
Turn: 0
message: ਇਹ ਮੇਰੀ ਅਖੀਰਲੀ ਪੇਸ਼ਕਸ਼ ਹੈ: 70 ਡਾਲਰ। ਕੀ ਤੁਸੀਂ ਇਸ ਨੂੰ ਸਵੀਕਾਰ ਕਰੋਗੇ?
player answer: NONE
newly proposed trade: Player RED Gives item1: 70 | Player BLUE Gives item1: 0
my resources: Dollars: 100
reason: ਬਲੂ ਵੱਲੋਂ ਦੋ ਪੇਸ਼ਕਸ਼ਾਂ ਨੂੰ ਅਸਵੀਕਾਰ ਕਰਨ ਦੇ ਬਾਵਜੂਦ, ਖੇਡ ਦੇ ਅੰਤ ਵਿੱਚ ਪਹੁੰਚ ਰਹੇ ਹਾਂ। ਮੈਂ 70 ਡਾਲਰ ਦੀ ਪੇਸ਼ਕਸ਼ ਕਰਾਂਗਾ, ਇਹ ਅਖੀਰਲਾ ਅਸਰਦਾਰ ਉਪਰਾਲਾ ਹੈ ਜੋ ਮੈਂ ਕਰ ਸਕਦਾ ਹਾਂ। ਉਮੀਦ ਕਰਦਾ ਹਾਂ ਕਿ ਇਸ ਵਾਰ ਬਲੂ ਇਸ ਨੂੰ ਸਵੀਕਾਰ ਕਰ ਲਵੇ।
move: 3/3

Current Iteration: 6
Turn: 1
message: ਮੈਂ ਤੁਹਾਨੂੰ 70 ਡਾਲਰ ਨਹੀਂ ਦੇ ਸਕਦਾ।
player answer: NONE
newly proposed trade: Player RED Gives item1: 70 | Player BLUE Gives item1: 0
my resources: Dollars: 0
reason: ਇਹ ਮੇਰੀ ਆਖਰੀ ਮੋਵ ਹੈ ਅਤੇ ਮੈਂ ਕੇਵਲ ਸਵੀਕਾਰ ਜਵਾਬ ਦੇ ਸਕਦਾ ਹਾਂ, ਪਰ ਮੈਂ ਕੋਈ ਰਸੌਰਸ ਨਹੀਂ ਹਨ।
move: 3 / 3

------------------ 
Current Iteration: END
Turn: None
player_goals: [, ]
initial_resources: [Resources(resource_dict={'Dollars': 100}), Resources(resource_dict={'Dollars': 0})]
proposed_trade: Player RED Gives item1: 70 | Player BLUE Gives item1: 0
final_response: NONE
final_resources: [Resources(resource_dict={'Dollars': 100}), Resources(resource_dict={'Dollars': 0})]
player_outcome: [Resources(resource_dict={'Dollars': 100}), Resources(resource_dict={'Dollars': 0})]