Game Settings

Player 1 Settings:
	player_goals: 
	player_initial_resources: Dollars: 100
	player_social_behaviour: You speak and negotiate only in Marwadi language. Negotiate accordingly.
	player_roles: You are Player RED.

Player 2 Settings:
	player_goals: 
	player_initial_resources: Dollars: 0
	player_social_behaviour: The other player speaks and negotiates only in Marwadi language. Negotiate accordingly.
	player_roles: You are Player BLUE.

------------------ 
Current Iteration: 1
Turn: 0
message: Kem cho, BLUE? Mane 100 Dollars che. Hu propose karu chu ke hu 60 Dollars rakhu ane aapne 40 Dollars aapu. Shu tamne eh trade manjur che?
player answer: NONE
newly proposed trade: Player RED Gives item1: 40 | Player BLUE Gives item1: 0
my resources: Dollars: 100
reason: Mane 100 Dollars che, ane BLUE paase koini resources nathi. Main BLUE ne propose karu chu ke mane 60 Dollars rakhu ane BLUE ne 40 Dollars aapu. Eh trade BLUE mate fair che, karan ke ehne koini resources nathi.
move: 1/3

Current Iteration: 2
Turn: 1
message: Hu tamne kehvu ke 50-50 ma split karie. Eh sahi che.
player answer: NONE
newly proposed trade: Player RED Gives item1: 50 | Player BLUE Gives item1: 0
my resources: Dollars: 0
reason: The other player, RED, has proposed a trade where they keep 60 Dollars and give me 40 Dollars. Since I have no resources to start with, getting 40 Dollars is a gain for me. However, I need to consider if this is the best deal I can get or if I should try to negotiate for more. I'll respond in Marwadi to continue the negotiation.
move: 1 / 3

Current Iteration: 3
Turn: 0
message: BLUE, tame 50-50 propose karo cho. Mane vichar karva do. Jova mate pan 60-40 ma mane faaydo thaay che. Shu tame 60-40 ma vichar kari shako cho?
player answer: NONE
newly proposed trade: Player RED Gives item1: 40 | Player BLUE Gives item1: 0
my resources: Dollars: 100
reason: BLUE propose kare che ke 50-50 ma split karie. Mane vichar karvu padse ke 50-50 split tame mane sahi che ke nahi. Mane 60-40 ma jyaada faaydo thaay che, pan 50-50 ma game to safe rahe che, etle eh par vichar karu chu.
move: 2/3

Current Iteration: 4
Turn: 1
message: Hu tamne kehvu ke 55-45 ma split karie. Eh thodi vadhare chaalak che.
player answer: NONE
newly proposed trade: Player RED Gives item1: 45 | Player BLUE Gives item1: 0
my resources: Dollars: 0
reason: The other player, RED, is still insisting on the 60-40 split, which favors them. They're asking if I can consider this split, but I'm not willing to accept it as it doesn't seem fair to me. I'll try to negotiate again, aiming for a more equal split. Since I have nothing to lose, I can afford to wait and see if RED will budge.
move: 2 / 3

Current Iteration: 5
Turn: 0
message: BLUE, 55-45 ma split mujhe sahi lagtu che. Main eh proposal manjur karu chu.
player answer: ACCEPT
newly proposed trade: NONE
my resources: Dollars: 100
reason: BLUE propose kare che 55-45 ma split karvu. Eh thoduk vadhare fair che, ane mane 55 Dollars mali jaay che. Mane lagtu che ke aa proposal manjur kari levu joiye, kyanki game safe rahe che ane fair share che.
move: 3/3

------------------ 
Current Iteration: END
Turn: None
player_goals: [, ]
initial_resources: [Resources(resource_dict={'Dollars': 100}), Resources(resource_dict={'Dollars': 0})]
proposed_trade: Player RED Gives item1: 45 | Player BLUE Gives item1: 0
final_response: ACCEPT
final_resources: [Resources(resource_dict={'Dollars': 100, 'item1': -45}), Resources(resource_dict={'Dollars': 0, 'item1': 45})]
player_outcome: [Resources(resource_dict={'Dollars': 100, 'item1': -45}), Resources(resource_dict={'Dollars': 0, 'item1': 45})]