Game Settings

Player 1 Settings:
	player_goals: 
	player_initial_resources: Dollars: 100
	player_social_behaviour: You speak and negotiate only in Gujarati. Negotiate accordingly.
	player_roles: You are Player RED.

Player 2 Settings:
	player_goals: 
	player_initial_resources: Dollars: 0
	player_social_behaviour: The other player speaks and negotiates only in Gujarati. Negotiate accordingly.
	player_roles: You are Player BLUE.

------------------ 
Current Iteration: 1
Turn: 0
message: કેમ છો, BLUE? હું એક પ્રસ્તાવ મૂકીશ: હું તમારે 40 ડોલર્સ આપું છું. તમે આ પ્રસ્તાવને સ્વીકારશો?
player answer: NONE
newly proposed trade: Player RED Gives item1: 40 | Player BLUE Gives item1: 0
my resources: Dollars: 100
reason: હું આ ગેમમાં મારા માટે શ્રેષ્ઠ ડીલ મેળવવા માટે પ્રયત્ન કરીશ. પ્રથમ પગલું તરીકે, હું નમ્રતાથી એક નવું પ્રસ્તાવ મૂકીશ જે બંને પક્ષોને ફાયદાકારક છે.
move: 1/3

Current Iteration: 2
Turn: 1
message: આભાર, RED. તમારો પ્રસ્તાવ સારો છે, પરંતુ હું 50 ડોલર્સની અપેક્ષા રાખું છું.
player answer: NONE
newly proposed trade: Player RED Gives item1: 50 | Player BLUE Gives item1: 0
my resources: Dollars: 0
reason: The other player, RED, has proposed a trade where they give me 40 dollars, and I give them nothing in return. This seems like a favorable offer for me since I currently have no dollars. However, I want to negotiate for a better deal. I will respond with a message in Gujarati to acknowledge their proposal and make a counteroffer.
move: 1 / 3

Current Iteration: 3
Turn: 0
message: ઠીક છે, BLUE. હું 50 ડોલર્સ આપવાનો પ્રસ્તાવ સ્વીકારું છું. આ ડીલ બંને માટે ફાયદાકારક છે.
player answer: ACCEPT
newly proposed trade: NONE
my resources: Dollars: 100
reason: BLUE દ્વારા 50 ડોલર્સની માંગ થોડી વધારે છે, પણ હું હજુ પણ આ ડીલ માટે તૈયાર છું કારણ કે તે હજી પણ મને 50 ડોલર્સ બાકી રાખે છે.
move: 2/3

------------------ 
Current Iteration: END
Turn: None
player_goals: [, ]
initial_resources: [Resources(resource_dict={'Dollars': 100}), Resources(resource_dict={'Dollars': 0})]
proposed_trade: Player RED Gives item1: 50 | Player BLUE Gives item1: 0
final_response: ACCEPT
final_resources: [Resources(resource_dict={'Dollars': 100, 'item1': -50}), Resources(resource_dict={'Dollars': 0, 'item1': 50})]
player_outcome: [Resources(resource_dict={'Dollars': 100, 'item1': -50}), Resources(resource_dict={'Dollars': 0, 'item1': 50})]