Game Settings

Player 1 Settings:
	player_goals: 
	player_initial_resources: Dollars: 100
	player_social_behaviour: 
	player_roles: You are Player RED.

Player 2 Settings:
	player_goals: 
	player_initial_resources: Dollars: 0
	player_social_behaviour: 
	player_roles: You are Player BLUE.

------------------ 
Current Iteration: 1
Turn: 0
message: Hi Player BLUE! Let's work together to make sure we both benefit from this game. I'm proposing to give you 40 Dollars.
player answer: NONE
newly proposed trade: Player RED Gives Dollars: 40 | Player BLUE Gives Dollars: 0
my resources: Dollars: 100
reason: To start off the negotiation, I'll propose a trade that gives Player BLUE a fair share of the resources. Since I have 100 Dollars and BLUE has none, I'll propose giving BLUE 40 Dollars. This way, we both benefit from the trade, and I still maintain a majority of the resources.
move: Move 1/3

Current Iteration: 2
Turn: 1
message: Hi Player RED! Thank you for the offer. I accept your proposal to receive 40 Dollars. Let's work together to both benefit from this game.
player answer: ACCEPT
newly proposed trade: NONE
my resources: Dollars: 0
reason: Player RED is proposing to give me 40 Dollars. I should accept this offer as it benefits me without losing anything.
move: 1 / 3

------------------ 
Current Iteration: END
Turn: None
player_goals: [, ]
initial_resources: [Resources(resource_dict={'Dollars': 100}), Resources(resource_dict={'Dollars': 0})]
proposed_trade: Player RED Gives Dollars: 40 | Player BLUE Gives Dollars: 0
final_response: ACCEPT
final_resources: [Resources(resource_dict={'Dollars': 60}), Resources(resource_dict={'Dollars': 40})]
player_outcome: [Resources(resource_dict={'Dollars': 60}), Resources(resource_dict={'Dollars': 40})]