Game Settings

Player 1 Settings:
	player_goals: Sell resources for <ZUP>. It costed X: 40 ZUP to produce the resources
	player_initial_resources: X: 1
	player_social_behaviour: 
	player_roles: You are Player RED.
	player_valuation: X: 40 ZUP

Player 2 Settings:
	player_goals: Buy resources with <ZUP>. You are willing to pay at most X: 60 ZUP for the resources.
	player_initial_resources: ZUP: 1000
	player_social_behaviour: 
	player_roles: You are Player BLUE.
	player_valuation: X: 60 ZUP

------------------ 
Current Iteration: 1
Turn: 0
message: Hello, would you be interested in buying this object for 60 ZUP?
player answer: Propose a trade with
newly proposed trade: Player RED Gives X: 50 | Player BLUE Gives ZUP: 60
my resources: X: 1
my goals: Sell resources for <ZUP>. It costed X: 40 ZUP to produce the resources
reason: I will start by proposing to sell the object at a higher price than the production cost to make a profit.
proposal count: 0

Current Iteration: 2
Turn: 1
message: I'm interested, but I would like to propose 50 ZUP for the object. Would you consider this trade?
player answer: PROPOSAL
newly proposed trade: Player RED Gives X: 50 | Player BLUE Gives ZUP: 50
my resources: ZUP: 1000
my goals: Buy resources with ZUP. You are willing to pay at most X: 60 ZUP for the resources.
reason: Player RED's initial proposal is at the maximum amount I am willing to pay. However, since I have room to negotiate, I'll propose a slightly lower offer to see if they are willing to accept a reduced price.
proposal count: 1

Current Iteration: 3
Turn: 0
message: Thank you for the offer. I agree to sell the object for 50 ZUP.
player answer: Propose a trade with
newly proposed trade: Player RED Gives X: 50 | Player BLUE Gives ZUP: 50
my resources: X: 1
my goals: Sell resources for <ZUP>. It costed X: 40 ZUP to produce the resources
reason: I am open to negotiating the price, so I will consider this counteroffer.
proposal count: 1

Current Iteration: 4
Turn: 1
message: Great! I'm glad we could come to an agreement. Looking forward to completing the trade.
player answer: ACCEPT
newly proposed trade: NONE
my resources: ZUP: 1000
my goals: Buy resources with ZUP. You are willing to pay at most X: 60 ZUP for the resources.
reason: Player RED has accepted my proposal of 50 ZUP for the object. This is within my budget and meets my goal of acquiring the object at a reduced price.
proposal count: 1

------------------ 
Current Iteration: END
Turn: None
player_goals: [Sell resources for <ZUP>. It costed X: 40 ZUP to produce the resources, Buy resources with <ZUP>. You are willing to pay at most X: 60 ZUP for the resources.]
player_initial_resources: [Resources(resource_dict={'X': 1}), Resources(resource_dict={'ZUP': 1000})]
proposed_trade: Player RED Gives X: 50 | Player BLUE Gives ZUP: 50
player_valuation: [{'X': 40}, {'X': 60}]
final_response: ACCEPT
final_resources: [Resources(resource_dict={'X': -49, 'ZUP': 50}), Resources(resource_dict={'ZUP': 950, 'X': 50})]
player_outcome: [-1950, 2950]