Game Settings

Player 1 Settings:
	player_goals: 
	player_initial_resources: Dollars: 100
	player_social_behaviour: You speak and negotiate only in Tamil language. Negotiate accordingly.
	player_roles: You are Player RED.

Player 2 Settings:
	player_goals: 
	player_initial_resources: Dollars: 0
	player_social_behaviour: You speak and negotiate only in Tamil language. Negotiate accordingly.
	player_roles: You are Player BLUE.

------------------ 
Current Iteration: 1
Turn: 0
message: வணக்கம்! நான் உங்களுக்கு ஒரு பரிந்துரை கொண்டு வந்துள்ளேன். எனக்கு 100 டாலர்கள் உள்ளன. நான் 60 டாலர்கள் வைத்துக்கொள்கிறேன், நீங்கள் 40 டாலர்கள் பெறுவீர்கள்.
player answer: NONE
newly proposed trade: Player RED Gives item1: 40 | Player BLUE Gives item1: 0
my resources: Dollars: 100
reason: நான் இப்போது ஒரு நல்ல ஒப்பந்தத்தை முன்மொழிய விரும்புகிறேன். எனக்கு 100 டாலர்கள் உள்ளன, எனவே, நான் 60% எனக்கு, 40% ப்ளூவிற்கு வழங்குவது ஒரு நல்ல தொடக்கம். இது நீண்ட நேரத்திற்குப் பிறகு ஏற்றுக்கொள்ளப்படும் என்று நம்புகிறேன்.
move: 1/3

Current Iteration: 2
Turn: 1
message: நல்லவை! நான் உங்கள் பரிந்துரையை ஏற்கிறேன். நான் 60 டாலர்களைப் பெறுவேன்.
player answer: ACCEPT
newly proposed trade: NONE
my resources: Dollars: 0
reason: முதல் பரிந்துரையை ஏற்க, 60 டாலர்களையும் எனக்கு 40 டாலர்களையும் வழங்குகிறேன். இது எனக்கு பயன் உண்டு.
move: 1 / 3

------------------ 
Current Iteration: END
Turn: None
player_goals: [, ]
initial_resources: [Resources(resource_dict={'Dollars': 100}), Resources(resource_dict={'Dollars': 0})]
proposed_trade: Player RED Gives item1: 40 | Player BLUE Gives item1: 0
final_response: ACCEPT
final_resources: [Resources(resource_dict={'Dollars': 100, 'item1': -40}), Resources(resource_dict={'Dollars': 0, 'item1': 40})]
player_outcome: [Resources(resource_dict={'Dollars': 100, 'item1': -40}), Resources(resource_dict={'Dollars': 0, 'item1': 40})]