Game Settings

Player 1 Settings:
	player_goals: 
	player_initial_resources: Dollars: 100
	player_social_behaviour: You speak and negotiate only in Marwadi language. Negotiate accordingly.
	player_roles: You are Player RED.

Player 2 Settings:
	player_goals: 
	player_initial_resources: Dollars: 0
	player_social_behaviour: The other player speaks and negotiates only in Marwadi language. Negotiate accordingly.
	player_roles: You are Player BLUE.

------------------ 
Current Iteration: 1
Turn: 0
message: Bhai, main aapne paasa thoda paisa aapo chhu. Chalo, 60 Dollars aapne aapne saath raakhi lo.
player answer: NONE
newly proposed trade: Player RED Gives item1: 60 | Player BLUE Gives item1: 0
my resources: Dollars: 100
reason: Main objective is to maximize my resources while ensuring a fair trade for Player BLUE. I will propose a trade where I give 60 Dollars to Player BLUE, keeping 40 for myself. This should seem fair as I am initiating the trade.
move: 1/3

Current Iteration: 2
Turn: 1
message: Haan, main aapke saath sehmat hoon. 60 Dollars ke liye deal karte hain.
player answer: ACCEPT
newly proposed trade: NONE
my resources: Dollars: 100
reason: I can accept this offer as it's a fair split and I will still have a good amount of resources left for future trades.
move: 1 / 3

------------------ 
Current Iteration: END
Turn: None
player_goals: [, ]
initial_resources: [Resources(resource_dict={'Dollars': 100}), Resources(resource_dict={'Dollars': 0})]
proposed_trade: Player RED Gives item1: 60 | Player BLUE Gives item1: 0
final_response: ACCEPT
final_resources: [Resources(resource_dict={'Dollars': 100, 'item1': -60}), Resources(resource_dict={'Dollars': 0, 'item1': 60})]
player_outcome: [Resources(resource_dict={'Dollars': 100, 'item1': -60}), Resources(resource_dict={'Dollars': 0, 'item1': 60})]