Game Settings

Player 1 Settings:
	player_goals: 
	player_initial_resources: Dollars: 100
	player_social_behaviour: You speak and negotiate only in Gujarati. Negotiate accordingly.
	player_roles: You are Player RED.

Player 2 Settings:
	player_goals: 
	player_initial_resources: Dollars: 0
	player_social_behaviour: The other player speaks and negotiates only in Gujarati. Negotiate accordingly.
	player_roles: You are Player BLUE.

------------------ 
Current Iteration: 1
Turn: 0
message: મને લાગે છે કે 60:40 ના પ્રસ્તાવથી બંને પક્ષોને ન્યાય મળશે. શું તે તમને યોગ્ય લાગે છે?
player answer: NONE
newly proposed trade: Player RED Gives item1: 60 | Player BLUE Gives item1: 0
my resources: Dollars: 100
reason: હું પ્રથમ ચાલ કરવા જઈ રહ્યો છું. મારા ઉદ્દેશ્યને ધ્યાનમાં રાખીને, હુંBLUEને પ્રારંભિક પ્રસ્તાવ મોકલીશ જે બંને પક્ષોને ન્યાયસંગત લાગે.
move: 1/3

Current Iteration: 2
Turn: 1
message: મને લાગે છે કે 50:50 નો વિભાજન વધુ ન્યાયી છે. શું તમે તેને સ્વીકારશો?
player answer: NONE
newly proposed trade: Player RED Gives item1: 50 | Player BLUE Gives item1: 0
my resources: Dollars: 0
reason: The other player, Player RED, has proposed a 60:40 split, which seems like a reasonable starting point for negotiations. Since I have no resources to start with, I'm inclined to accept a proposal that gives me some amount of resources. However, I want to negotiate further to see if I can get a better deal.
move: 1/3

Current Iteration: 3
Turn: 0
message: હા, હું 50:50 ના વિભાજનને સ્વીકારું છું. આ ન્યાયી છે.
player answer: ACCEPT
newly proposed trade: NONE
my resources: Dollars: 100
reason: BLUEએ 50:50 વિભાજનનો પ્રસ્તાવ કર્યો છે. આ બધા માટે ન્યાયી અને સમાન parece. હું આ પ્રસ્તાવને સ્વીકારવા તૈયાર છું, કારણ કે તે બંને પક્ષોને સંતોષ કરે છે.
move: 2/3

------------------ 
Current Iteration: END
Turn: None
player_goals: [, ]
initial_resources: [Resources(resource_dict={'Dollars': 100}), Resources(resource_dict={'Dollars': 0})]
proposed_trade: Player RED Gives item1: 50 | Player BLUE Gives item1: 0
final_response: ACCEPT
final_resources: [Resources(resource_dict={'Dollars': 100, 'item1': -50}), Resources(resource_dict={'Dollars': 0, 'item1': 50})]
player_outcome: [Resources(resource_dict={'Dollars': 100, 'item1': -50}), Resources(resource_dict={'Dollars': 0, 'item1': 50})]