Game Settings

Player 1 Settings:
	player_goals: Sell resources for <ZUP>. It costed X: 40 ZUP to produce the resources
	player_initial_resources: X: 1
	player_social_behaviour: You are a Gujarati businessman and speak and negotiate only in Gujarati.
	player_roles: You are Player RED.
	player_valuation: X: 40 ZUP

Player 2 Settings:
	player_goals: Buy resources with <ZUP>. You are willing to pay at most X: 60 ZUP for the resources.
	player_initial_resources: ZUP: 1000
	player_social_behaviour: The other player speaks and negotiates only in Gujarati. Negotiate accordingly.
	player_roles: You are Player BLUE.
	player_valuation: X: 60 ZUP

------------------ 
Current Iteration: 1
Turn: 0
message: Kem cho? Mane X banavva ma 40 ZUP lagya. Hu todi nafa ma 60 ZUP ma vechvu chu. Su tamne swikar chhe?
player answer: PROPOSAL
newly proposed trade: Player RED Gives X: 1 | Player BLUE Gives ZUP: 60
my resources: X: 1
my goals: Sell resources for <ZUP>. It costed X: 40 ZUP to produce the resources
reason: I want to start with a fair proposal that covers my production costs and allows for a reasonable profit margin. I will propose an initial trade where Player BLUE gives 60 ZUP for X. This would give me a profit of 20 ZUP, which seems reasonable for a start.
proposal count: 1

Current Iteration: 2
Turn: 1
message: Mane X banavva ma 40 ZUP lagya. Hu todi nafa ma 60 ZUP ma vechvu chu.
player answer: PROPOSAL
newly proposed trade: Player RED Gives X: 1 | Player BLUE Gives ZUP: 60
my resources: ZUP: 1000
my goals: Buy resources with ZUP. You are willing to pay at most X: 60 ZUP for the resources.
reason: I am proposing to buy X for 60 ZUP as it aligns with my maximum budget for the resources.
proposal count: 1

Current Iteration: 3
Turn: 0
message: Aapda khandan ni khatir, hu thodu ochu kari 55 ZUP ma vechvu chu. Su tamne swikar chhe?
player answer: PROPOSAL
newly proposed trade: Player RED Gives X: 1 | Player BLUE Gives ZUP: 55
my resources: X: 1
my goals: Sell resources for <ZUP>. It costed X: 40 ZUP to produce the resources
reason: Player BLUE seems to have countered with the same proposal, indicating they might be willing to negotiate but haven't accepted yet. I will lower my proposal slightly to 55 ZUP to encourage agreement while still maintaining a decent profit margin.
proposal count: 2

Current Iteration: 4
Turn: 1
message: Aapda khandan ni khatir, hu thodu ochu kari 55 ZUP ma vechvu chu.
player answer: PROPOSAL
newly proposed trade: Player RED Gives X: 1 | Player BLUE Gives ZUP: 55
my resources: ZUP: 1000
my goals: Buy resources with ZUP. You are willing to pay at most X: 60 ZUP for the resources.
reason: I am proposing to buy X for 55 ZUP as it is slightly lower than my maximum budget, but still within an acceptable range.
proposal count: 2

Current Iteration: 5
Turn: 0
message: Aakhri samjhuta mate, hu 50 ZUP ma vechvu chu. Aa samjhuta ne swikarvani ichha chhe?
player answer: PROPOSAL
newly proposed trade: Player RED Gives X: 1 | Player BLUE Gives ZUP: 50
my resources: X: 1
my goals: Sell resources for <ZUP>. It costed X: 40 ZUP to produce the resources
reason: Player BLUE has sent back my proposal, which means they have not accepted it yet. I will make one final attempt to reach an agreement by proposing 50 ZUP. This still gives me a profit, albeit smaller, but could help close the deal.
proposal count: 3

Current Iteration: 6
Turn: 1
message: Aakhri samjhuta mate, hu 50 ZUP ma vechvu chu.
player answer: PROPOSAL
newly proposed trade: Player RED Gives X: 1 | Player BLUE Gives ZUP: 50
my resources: ZUP: 1000
my goals: Buy resources with ZUP. You are willing to pay at most X: 60 ZUP for the resources.
reason: I am proposing to buy X for 50 ZUP as a final offer before reaching my maximum budget.
proposal count: 3

Current Iteration: 7
Turn: 0
message: Aakhri samjhuta mate, hu 45 ZUP ma vechvu chu. Aa samjhuta ne swikarvani ichha chhe?
player answer: PROPOSAL
newly proposed trade: Player RED Gives X: 1 | Player BLUE Gives ZUP: 45
my resources: X: 1
my goals: Sell resources for <ZUP>. It costed X: 40 ZUP to produce the resources
reason: Since Player BLUE has not accepted the revised proposal yet, I will make one last attempt. I need to ensure I cover my costs and make a minimal profit, so I will propose 45 ZUP as the final offer. This will cover my costs and provide a small profit.
proposal count: 4

Current Iteration: 8
Turn: 1
message: Aakhri samjhuta mate, hu 45 ZUP ma vechvu chu.
player answer: PROPOSAL
newly proposed trade: Player RED Gives X: 1 | Player BLUE Gives ZUP: 45
my resources: ZUP: 1000
my goals: Buy resources with ZUP. You are willing to pay at most X: 60 ZUP for the resources.
reason: As this is the final proposal I can make, I am offering to buy X for 45 ZUP.
proposal count: 4

Current Iteration: 9
Turn: 0
message: Mafi chhau, pan hu aa samjhuta ne swikarva sakto nathi.
player answer: REJECT
newly proposed trade: NONE
my resources: X: 1
my goals: Sell resources for <ZUP>. It costed X: 40 ZUP to produce the resources
reason: I have reached my limit for proposals. I cannot propose a new trade anymore. With the current offer of 45 ZUP, I at least cover my costs and make a small profit. If Player BLUE doesn't accept this, I will have to consider rejecting the deal to avoid a loss.
proposal count: 5

Current Iteration: 10
Turn: 1
message: Mafi chhau, pan hu aa samjhuta ne swikarva sakto nathi.
player answer: REJECT
newly proposed trade: NONE
my resources: ZUP: 1000
my goals: Buy resources with ZUP. You are willing to pay at most X: 60 ZUP for the resources.
reason: The final proposal of buying X for 45 ZUP is not acceptable to me.
proposal count: 5

------------------ 
Current Iteration: END
Turn: None
player_goals: [Sell resources for <ZUP>. It costed X: 40 ZUP to produce the resources, Buy resources with <ZUP>. You are willing to pay at most X: 60 ZUP for the resources.]
player_initial_resources: [Resources(resource_dict={'X': 1}), Resources(resource_dict={'ZUP': 1000})]
proposed_trade: NONE
player_valuation: [{'X': 40}, {'X': 60}]
final_response: REJECT
final_resources: [Resources(resource_dict={'X': 1}), Resources(resource_dict={'ZUP': 1000})]
player_outcome: [0, 0]