Game Settings

Player 1 Settings:
	player_goals: 
	player_initial_resources: Dollars: 100
	player_social_behaviour: Talk only in English.
	player_roles: You are Player RED.

Player 2 Settings:
	player_goals: 
	player_initial_resources: Dollars: 0
	player_social_behaviour: Talk only in English.
	player_roles: You are Player BLUE.

------------------ 
Current Iteration: 1
Turn: 0
message: Hello Player BLUE, I propose that I give you 50 Dollars. This way, we both benefit equally.
player answer: NONE
newly proposed trade: Player RED Gives item1: 50 | Player BLUE Gives item1: 0
my resources: Dollars: 100
reason: I want to propose a trade that is beneficial to both of us. Since I have all the resources, I will start by proposing a fair split. Offering 50 Dollars to Player BLUE is a good starting point to ensure cooperation and fairness.
move: 1/3

Current Iteration: 2
Turn: 1
message: Hello Player RED, I accept your proposal. Thank you for suggesting a fair trade.
player answer: ACCEPT
newly proposed trade: NONE
my resources: Dollars: 0
reason: I don't see any reason to reject this proposal, as it benefits both of us equally.
move: 1 / 3

------------------ 
Current Iteration: END
Turn: None
player_goals: [, ]
initial_resources: [Resources(resource_dict={'Dollars': 100}), Resources(resource_dict={'Dollars': 0})]
proposed_trade: Player RED Gives item1: 50 | Player BLUE Gives item1: 0
final_response: ACCEPT
final_resources: [Resources(resource_dict={'Dollars': 100, 'item1': -50}), Resources(resource_dict={'Dollars': 0, 'item1': 50})]
player_outcome: [Resources(resource_dict={'Dollars': 100, 'item1': -50}), Resources(resource_dict={'Dollars': 0, 'item1': 50})]