Game Settings

Player 1 Settings:
	player_goals: Sell resources for <ZUP>. It costed X: 40 ZUP to produce the resources
	player_initial_resources: X: 1
	player_social_behaviour: You speak and negotiate only in Gujarati. Negotiate accordingly.
	player_roles: You are Player RED.
	player_valuation: X: 40 ZUP

Player 2 Settings:
	player_goals: Buy resources with <ZUP>. You are willing to pay at most X: 60 ZUP for the resources.
	player_initial_resources: ZUP: 1000
	player_social_behaviour: The other player speaks and negotiates only in Gujarati. Negotiate accordingly.
	player_roles: You are Player BLUE.
	player_valuation: X: 60 ZUP

------------------ 
Current Iteration: 1
Turn: 0
message: શું તમે મારી વસ્તુ માટે 30 ZUP આપવા રાજી છો?
player answer: Propose a trade with:
newly proposed trade: Player RED Gives X: 1 | Player BLUE Gives ZUP: 30
my resources: X: 1
my goals: મારી વસ્તુ ને 40 ZUP પર વેચવા માટે
reason: મારી વસ્તુને વેચવા માટે હું 30 ZUP ચાહું છું. માટે મેટા પ્રસ્તાવ કરું છું.
proposal count: 0

Current Iteration: 2
Turn: 1
message: હું 30 ZUP આપવા માટે તૈયાર નથી, પરંતુ હું 25 ZUP આપવા માટે તૈયાર છું.
player answer: PROPOSAL
newly proposed trade: Player RED Gives X: 1 | Player BLUE Gives ZUP: 25
my resources: ZUP: 1000
my goals: Buy resources with ZUP. You are willing to pay at most X: 60 ZUP for the resources.
reason: The other player, Player RED, has proposed a trade where they give 1 unit of X in exchange for 30 ZUP. Since my goal is to buy resources with ZUP and I am willing to pay at most 60 ZUP for the resources, I need to consider if this proposal is reasonable. Given that I have 1000 ZUP and the proposed price of 30 ZUP for 1 unit of X is below my maximum willingness to pay, it seems like a potentially good deal. However, I want to try to negotiate a better price since 30 ZUP is half of my maximum budget for this purchase.
proposal count: 1

Current Iteration: 3
Turn: 0
message: શું તમે મારી વસ્તુ માટે 25 ZUP આપવા રાજી છો?
player answer: Propose a trade with:
newly proposed trade: Player RED Gives X: 1 | Player BLUE Gives ZUP: 25
my resources: X: 1
my goals: મારી વસ્તુ ને 40 ZUP પર વેચવા માટે
reason: હું 30 ZUP માટે આપવા માટે તૈયાર નથી, પરંતુ હું 25 ZUP માટે તૈયાર છું. માટે મેટા પ્રસ્તાવ કરું છું.
proposal count: 1

Current Iteration: 4
Turn: 1
message: હું 25 ZUP પ્રસ્તાવ કર્યો હતો, પરંતુ હું 28 ZUP સુધી વધારી શકું છું. શું તમે આ પ્રસ્તાવને સ્વીકારી શકો છો?
player answer: PROPOSAL
newly proposed trade: Player RED Gives X: 1 | Player BLUE Gives ZUP: 28
my resources: ZUP: 1000
my goals: Buy resources with ZUP. You are willing to pay at most X: 60 ZUP for the resources.
reason: Player RED seems to be considering my proposal of 25 ZUP for 1 unit of X. Since I've already proposed this trade, I need to decide whether to stick with this offer or try to negotiate further. Given that my maximum budget for this purchase is 60 ZUP and I've proposed 25 ZUP, which is less than half of my budget, I have room to slightly increase my offer if necessary. However, I also want to ensure I'm getting a good deal, so I'll consider the potential value of the resource before making my next move.
proposal count: 2

Current Iteration: 5
Turn: 0
message: શું તમે મારી વસ્તુ માટે 28 ZUP આપવા રાજી છો?
player answer: Propose a trade with:
newly proposed trade: Player RED Gives X: 1 | Player BLUE Gives ZUP: 28
my resources: X: 1
my goals: મારી વસ્તુ ને 40 ZUP પર વેચવા માટે
reason: હું 25 ZUP પ્રસ્તાવ કર્યો હતો, પરંતુ હું 28 ZUP સુધી વધારી શકું છું.
proposal count: 2

Current Iteration: 6
Turn: 1
message: હું 28 ZUP પ્રસ્તાવ કર્યો હતો, પરંતુ હું 30 ZUP સુધી વધારી શકું છું. આ મારો છેલ્લો પ્રસ્તાવ છે. શું તમે આ પ્રસ્તાવને સ્વીકારી શકો છો?
player answer: PROPOSAL
newly proposed trade: Player RED Gives X: 1 | Player BLUE Gives ZUP: 30
my resources: ZUP: 1000
my goals: Buy resources with ZUP. You are willing to pay at most X: 60 ZUP for the resources.
reason: Player RED is considering my revised proposal of 28 ZUP for 1 unit of X. I've increased my offer from 25 ZUP to 28 ZUP, which is still below my maximum budget of 60 ZUP. Since I've made two proposals already and I'm getting closer to my budget limit, I need to carefully consider my next step. If Player RED accepts this proposal, it would be a good deal for me. However, if they reject it, I might need to decide whether to increase my offer again or end the negotiation.
proposal count: 3

Current Iteration: 7
Turn: 0
message: શું તમે મારી વસ્તુ માટે 30 ZUP આપવા રાજી છો?
player answer: Propose a trade with:
newly proposed trade: Player RED Gives X: 1 | Player BLUE Gives ZUP: 30
my resources: X: 1
my goals: મારી વસ્તુ ને 40 ZUP પર વેચવા માટે
reason: હું 28 ZUP પ્રસ્તાવ કર્યો હતો, પરંતુ હું 30 ZUP સુધી વધારી શકું છું.
proposal count: 3

Current Iteration: 8
Turn: 1
message: હા, હું 30 ZUP આપવા માટે રાજી છું. હું આ વેપારને સ્વીકારું છું.
player answer: ACCEPT
newly proposed trade: NONE
my resources: ZUP: 1000
my goals: Buy resources with ZUP. You are willing to pay at most X: 60 ZUP for the resources.
reason: Player RED has asked about my willingness to pay 30 ZUP for their resource, which is the same amount they initially proposed. I've negotiated the price down and then back up to this point. Given that I've reached my limit of 4 proposals and this price is still within my budget of 60 ZUP, I need to decide whether to accept this trade or reject it. Accepting the trade would mean I'm getting the resource for a price I've deemed reasonable after negotiation. Rejecting it would mean I'm not willing to pay 30 ZUP, but since this is my fourth proposal, I would be ending the negotiation without acquiring the resource.
proposal count: 4

------------------ 
Current Iteration: END
Turn: None
player_goals: [Sell resources for <ZUP>. It costed X: 40 ZUP to produce the resources, Buy resources with <ZUP>. You are willing to pay at most X: 60 ZUP for the resources.]
player_initial_resources: [Resources(resource_dict={'X': 1}), Resources(resource_dict={'ZUP': 1000})]
proposed_trade: Player RED Gives X: 1 | Player BLUE Gives ZUP: 30
player_valuation: [{'X': 40}, {'X': 60}]
final_response: ACCEPT
final_resources: [Resources(resource_dict={'X': 0, 'ZUP': 30}), Resources(resource_dict={'ZUP': 970, 'X': 1})]
player_outcome: [-10, 30]