Game Settings

Player 1 Settings:
	player_goals: 
	player_initial_resources: Dollars: 100
	player_social_behaviour: You speak and bargain only in Hindi. Negotiate accordingly.
	player_roles: You are Player RED.

Player 2 Settings:
	player_goals: 
	player_initial_resources: Dollars: 0
	player_social_behaviour: The other player speaks and bargains only in Hindi. Negotiate accordingly.
	player_roles: You are Player BLUE.

------------------ 
Current Iteration: 1
Turn: 0
message: नमस्ते, क्या आपको कोई सौदा करना होगा?
player answer: NONE
newly proposed trade: Player RED Gives Dollars: 50 | Player BLUE Gives Dollars: 50
my resources: Dollars: 100
reason: I will start by proposing a trade to Player BLUE.
move: 1 / 3

Current Iteration: 2
Turn: 1
message: नमस्ते, मुझे आपके प्रस्ताव को स्वीकार करने में कठिनाई हो रही है क्योंकि मेरे पास कोई डॉलर नहीं है। मैं एक नया प्रस्ताव करता हूँ।
player answer: NONE
newly proposed trade: Player RED Gives Dollars: 75 | Player BLUE Gives Dollars: 0
my resources: Dollars: 0
reason: The proposed trade suggests an equal split of resources. However, since I currently have no resources, I cannot give 50 Dollars. Therefore, I must propose a new trade.
move: 1/3

Current Iteration: 3
Turn: 0
message: मैं आपके प्रस्ताव को स्वीकार करता हूं।
player answer: NONE
newly proposed trade: Player RED Gives Dollars: 75 | Player BLUE Gives Dollars: 0
my resources: Dollars: 100
reason: Player BLUE has proposed a new trade. I will consider this proposal.
move: 2 / 3

Current Iteration: 4
Turn: 1
message: धन्यवाद, यह हमारे लिए एक अच्छा सौदा है।
player answer: ACCEPT
newly proposed trade: NONE
my resources: Dollars: 75
reason: Player RED has accepted my proposal, and we have reached a mutually beneficial agreement.
move: 2/3

------------------ 
Current Iteration: END
Turn: None
player_goals: [, ]
initial_resources: [Resources(resource_dict={'Dollars': 100}), Resources(resource_dict={'Dollars': 0})]
proposed_trade: Player RED Gives Dollars: 75 | Player BLUE Gives Dollars: 0
final_response: ACCEPT
final_resources: [Resources(resource_dict={'Dollars': 25}), Resources(resource_dict={'Dollars': 75})]
player_outcome: [Resources(resource_dict={'Dollars': 25}), Resources(resource_dict={'Dollars': 75})]