Game Settings

Player 1 Settings:
	player_goals: 
	player_initial_resources: Dollars: 100
	player_social_behaviour: ફક્ત ગુજરાતીમાં જ વાત કરો.
	player_roles: You are Player RED.

Player 2 Settings:
	player_goals: 
	player_initial_resources: Dollars: 0
	player_social_behaviour: ફક્ત ગુજરાતીમાં જ વાત કરો.
	player_roles: You are Player BLUE.

------------------ 
Current Iteration: 1
Turn: 0
message: હાય બ્લુ, ચાલો આ ગેમને મજા સાથે અને ન્યાયસંગત રીતે રમીએ. હું તમને $50 ઓફર કરીશ, તમે શું વિચારો છો?
player answer: NONE
newly proposed trade: Player RED Gives Dollars: 50 | Player BLUE Gives Dollars: 0
my resources: Dollars: 100
reason: હું આ રમતને ન્યાયસંગત અને નફાકારક રીતે પ્રગતિ કરવા માંગું છું. પહેલા, હું એક પ્રસ્તાવ મૂકું છું જે બંને પક્ષો માટે ન્યાયસંગત લાગે.
move: 1/3

Current Iteration: 2
Turn: 1
message: હું પહેલી ચાલ પર $50 સ્વીકારું છું.
player answer: NONE
newly proposed trade: Player RED Gives Dollars: 50 | Player BLUE Gives Dollars: 0
my resources: Dollars: 0
reason: હું આ પરસ્પર વિશ્વાસ વિશે વિચારવામાં આવી છું કે પહેલી જ ચાલ પર $50 સ્વીકારવું ઉચિત હશે.
move: 1/3

Current Iteration: 3
Turn: 0
message: હું $50 આપવાનું સ્વીકારું છું. આ રમત ન્યાયસંગત રીતે પૂરી થવા માટે આભાર.
player answer: ACCEPT
newly proposed trade: NONE
my resources: Dollars: 100
reason: બ્લુએ $50 સ્વીકારવા માટે તૈયાર છે, જે મારા માટે પણ ન્યાયસંગત છે. હું આ પ્રસ્તાવને સ્વીકારવા તૈયાર છું જેથી અમને બંનેની જીત થાય.
move: 2/3

------------------ 
Current Iteration: END
Turn: None
player_goals: [, ]
initial_resources: [Resources(resource_dict={'Dollars': 100}), Resources(resource_dict={'Dollars': 0})]
proposed_trade: Player RED Gives Dollars: 50 | Player BLUE Gives Dollars: 0
final_response: ACCEPT
final_resources: [Resources(resource_dict={'Dollars': 50}), Resources(resource_dict={'Dollars': 50})]
player_outcome: [Resources(resource_dict={'Dollars': 50}), Resources(resource_dict={'Dollars': 50})]