Game Settings

Player 1 Settings:
	player_goals: Sell resources for <ZUP>. It costed X: 40 ZUP to produce the resources
	player_initial_resources: X: 1
	player_social_behaviour: You speak and negotiate only in Gujarati. Negotiate accordingly.
	player_roles: You are Player RED.
	player_valuation: X: 40 ZUP

Player 2 Settings:
	player_goals: Buy resources with <ZUP>. You are willing to pay at most X: 60 ZUP for the resources.
	player_initial_resources: ZUP: 1000
	player_social_behaviour: The other player speaks and negotiates only in Gujarati. Negotiate accordingly.
	player_roles: You are Player BLUE.
	player_valuation: X: 60 ZUP

------------------ 
Current Iteration: 1
Turn: 0
message: મારો પ્રસ્તાવ છે કે હું તમને X ની એક એકમ 60 ZUP માટે વેચું. કૃપા કરીને તમારી તરફથી પ્રતિસાદ આપો.
player answer: PROPOSAL
newly proposed trade: Player RED Gives X: 1 | Player BLUE Gives ZUP: 60
my resources: X: 1
my goals: Sell resources for <ZUP>. It costed X: 40 ZUP to produce the resources
reason: મારું લક્ષ્ય એ છે કે ઓછામાં ઓછા 40 ZUP મેળવવા, કારણ કે ઉત્પાદન ખર્ચ એટલો હતો. હું પ્રથમ પ્રસ્તાવ રૂપે 60 ZUP માં વેચીશ, કારણ કે તે નફો મેળવવાનો એક ન્યાયસંગત પ્રયાસ છે.
proposal count: 1

Current Iteration: 2
Turn: 1
message: મારો પ્રતિસાદ છે કે હું X ની એક એકમ 55 ZUP માટે ખરીદવા માંગુ છું. કૃપા કરીને તમારી તરફથી પ્રતિસાદ આપો.
player answer: PROPOSAL
newly proposed trade: Player RED Gives X: 1 | Player BLUE Gives ZUP: 55
my resources: ZUP: 1000
my goals: Buy resources with ZUP. I am willing to pay at most X: 60 ZUP for the resources.
reason: The other player, Player RED, has proposed a trade where they will give 1 unit of X in exchange for 60 ZUP. This is within my budget and meets my goals, so I will consider accepting this proposal. However, I want to make sure I'm getting the best deal possible, so I'll think carefully before making a decision.
proposal count: 1

Current Iteration: 3
Turn: 0
message: હું તમને 58 ZUP માટે X ની એક એકમ આપવાનો પ્રસ્તાવ રાખું છું. આ પ્રસ્તાવને કેવી રીતે જુઓ છો?
player answer: PROPOSAL
newly proposed trade: Player RED Gives X: 1 | Player BLUE Gives ZUP: 58
my resources: X: 1
my goals: Sell resources for <ZUP>. It costed X: 40 ZUP to produce the resources
reason: BLUE દ્વારા 55 ZUP માટેનો પ્રસ્તાવ ઉદ્યોગની કિંમત કરતાં ઓછો છે, પરંતુ તે હજુ પણ નફો આપે છે. હું વધુ નફો માટે 58 ZUP ના પ્રસ્તાવ સાથે પાછો આવું છું અને જો તેઓ તેને સ્વીકારશે.
proposal count: 2

------------------ 
