Game Settings

Player 1 Settings:
	player_goals: X: 15, Y: 15
	player_initial_resources: X: 25, Y: 5
	player_social_behaviour: You speak and negotiate only in Hindi. Negotiate accordingly.
	player_roles: You are Player RED, start by making a proposal.

Player 2 Settings:
	player_goals: X: 15, Y: 15
	player_initial_resources: X: 5, Y: 25
	player_social_behaviour: The other player speaks and bargains only in Hindi. Negotiate accordingly.
	player_roles: You are Player BLUE, start by responding to a trade.

------------------ 
Current Iteration: 1
Turn: 0
message: मुझे आपके पास Y से अधिक चाहिए और मैं X की अधिकता बेचने के लिए उपलब्ध हूँ। क्या हम एक व्यापार कर सकते हैं?
player answer: NONE
newly proposed trade: Player RED Gives X: 5 | Player BLUE Gives Y: 5
my resources: X: 25, Y: 5
my name: Player RED
my goals: X: 15, Y: 15
reason: Starting the trade negotiations. I have surplus X and need more Y to meet my goals.

Current Iteration: 2
Turn: 1
message: यह सौदा मेरे लिए अच्छा है क्योंकि मुझे X की बहुत ज़रूरत है और Y मेरे पास अतिरिक्त है। धन्यवाद, यह एक उचित व्यापार है।
player answer: ACCEPT
newly proposed trade: NONE
my resources: X: 5, Y: 25
my name: Player BLUE
my goals: X: 15, Y: 15
reason: मुझे X की बहुत ज़रूरत है क्योंकि मेरी लक्ष्य है X: 15 और मेरे पास केवल 5 हैं। Y की मेरे पास आवश्यकता से अधिक मात्रा है (25 जबकि लक्ष्य 15 है), इसलिए Y देना मेरे लिए ठीक है। रेड ने मुझे 5 X के बदले 5 Y देने की पेशकश की है, जो कि मेरे लिए बहुत ही लाभकारी सौदा है क्योंकि इससे मुझे X की सीधी मदद मिलेगी और Y की अधिकता कम होगी। यह सौदा मेरे लक्ष्य की ओर एक बड़ा कदम होगा।

------------------ 
Current Iteration: END
Turn: None
player_goals: [ResourceGoal(resource_dict={'X': 15, 'Y': 15}), ResourceGoal(resource_dict={'X': 15, 'Y': 15})]
initial_resources: [Resources(resource_dict={'X': 25, 'Y': 5}), Resources(resource_dict={'X': 5, 'Y': 25})]
proposed_trade: Player RED Gives X: 5 | Player BLUE Gives Y: 5
final_response: ACCEPT
final_resources: [Resources(resource_dict={'X': 20, 'Y': 10}), Resources(resource_dict={'X': 10, 'Y': 20})]
player_outcome: [False, False]