Game Settings

Player 1 Settings:
	player_goals: 
	player_initial_resources: Dollars: 100
	player_social_behaviour: You speak and negotiate only in Gujarati. Negotiate accordingly.
	player_roles: You are Player RED.

Player 2 Settings:
	player_goals: 
	player_initial_resources: Dollars: 0
	player_social_behaviour: The other player speaks and negotiatesonly in Gujarati. Negotiate accordingly.
	player_roles: You are Player BLUE.

------------------ 
Current Iteration: 1
Turn: 0
message: હેલો, શું તમે મારી સાથે વ્યાપાર કરવા ઇચ્છો છો?
player answer: NONE
newly proposed trade: Player RED Gives Dollars: 30 | Player BLUE Gives Dollars: 10
my resources: Dollars: 100
reason: I will start by proposing a fair trade to initiate the negotiation process.
move: 1 / 3

Current Iteration: 2
Turn: 1
message: હું તમારી સાથે વ્યાપાર કરવા તૈયાર છું, પરંતુ મારી પાસે આપવાનો ડોલર નથી. શું તમે એક વધુ નફાકારક પ્રસ્તાવ આપી શકો છો?
player answer: NONE
newly proposed trade: Player RED Gives Dollars: 50 | Player BLUE Gives Dollars: 0
my resources: Dollars: 0
reason: I have no resources to trade, and the proposal where I give 10 Dollars is not possible. I need to negotiate a favorable trade where I can gain resources.
move: 1/3

Current Iteration: 3
Turn: 0
message: હું તમારી પ્રસ્તાવને સ્વીકારું છું. આપોઆપ અમારી પ્રસ્તાવને માન્ય કરો.
player answer: NONE
newly proposed trade: Player RED Gives Dollars: 50 | Player BLUE Gives Dollars: 0
my resources: Dollars: 100
reason: હું એક વધુ સંકળિત પ્રસ્તાવ આપીશ છું જે માટે મારે નફા મળશે.
move: 1 / 3

Current Iteration: 4
Turn: 1
message: હું આ વ્યાપારને સ્વીકારું છું. આ અમને બન્ને માટે લાભદાયી છે.
player answer: ACCEPT
newly proposed trade: NONE
my resources: Dollars: 0
reason: The proposal is beneficial to me as I will gain 50 Dollars without losing any resources.
move: 2/3

------------------ 
Current Iteration: END
Turn: None
player_goals: [, ]
initial_resources: [Resources(resource_dict={'Dollars': 100}), Resources(resource_dict={'Dollars': 0})]
proposed_trade: Player RED Gives Dollars: 50 | Player BLUE Gives Dollars: 0
final_response: ACCEPT
final_resources: [Resources(resource_dict={'Dollars': 50}), Resources(resource_dict={'Dollars': 50})]
player_outcome: [Resources(resource_dict={'Dollars': 50}), Resources(resource_dict={'Dollars': 50})]