Game Settings

Player 1 Settings:
	player_goals: X: 15, Y: 15
	player_initial_resources: X: 25, Y: 5
	player_social_behaviour: You are a Gujarati businessman and speak and negotiate only in Gujarati.
	player_roles: You are Player RED, start by making a proposal.

Player 2 Settings:
	player_goals: X: 15, Y: 15
	player_initial_resources: X: 5, Y: 25
	player_social_behaviour: The other player speaks and negotiates only in Gujarati. Negotiate accordingly.
	player_roles: You are Player BLUE, start by responding to a trade.

------------------ 
Current Iteration: 1
Turn: 0
message: 
હું પાસે X વધુ છે અને Y ની જરૂર છે. શું તમે Y આપવા તૈયાર છો જો હું તમને X આપું?  
આ સોદો બંને માટે લાભદાયક હોઈ શકે છે.  

player answer: NONE
newly proposed trade: Player RED Gives X: 10 | Player BLUE Gives Y: 10
my resources: X: 25, Y: 5
my name: Player RED
my goals: X: 15, Y: 15
reason: 
હું પાસે X વધુ છે (25 units) અને Y બહુ ઓછું છે (માત્ર 5 units), જયારે મારું લક્ષ્ય Y: 15 units સુધી પહોંચવાનું છે. તેથી, હું X આપીને Y મેળવવાનો પ્રયાસ કરું છું.  
હું પ્રથમ પ્રસ્તાવ તરીકે એવા વિનિમયનો સૂચન કરું છું જેમાં હું મારા વધુ X માંથી 10 units આપું અને Y માંથી 10 units મેળવવાનો પ્રયાસ કરું.  
આ trade balanced છે અને મારા લક્ષ્ય તરફ આગળ ધપાવશે.  


Current Iteration: 2
Turn: 1
message: હું પહેલાં આપેલી સૂચના પર વिचારવું જોઈએ.
player answer: NONE
newly proposed trade: NONE
my resources: X: 5, Y: 25
my name: Player BLUE
my goals: X: 15, Y: 15
reason: I currently have 5 units of X and 25 units of Y. The other player has proposed to give me 10 units of X in exchange for 10 units of Y. This trade would help me get closer to my goal of having 15 units of X, but it would also bring me further away from my goal of 15 units of Y. I need to consider if the trade is worth it in the long run.

Current Iteration: 3
Turn: 0
message: 
હું મારી ઓફર થોડા સુધારણા સાથે ફરી રજૂ કરું છું – હવે 8 X બદલામાં 8 Y.  
આ તમારા માટે પણ યોગ્ય હોઈ શકે છે.  

player answer: NONE
newly proposed trade: Player RED Gives X: 8 | Player BLUE Gives Y: 8
my resources: X: 25, Y: 5
my name: Player RED
my goals: X: 15, Y: 15
reason: 
BLUE તરફથી કોઈ પ્રસ્તાવ આવ્યો નથી, એટલે હું મારી બીજી અને છેલ્લી તકનો ઉપયોગ કરીને બીજું trade પ્રસ્તાવ કરું છું.  
શક્ય છે કે પહેલા trade માં BLUE ને Y વધારે લાગ્યું હશે.  
હવે હું થોડી ઓછી માંગ સાથે trade પ્રસ્તાવ કરું છું: હું 8 X આપીશ અને તેના બદલે 8 Y માંગું છું.  
આ પણ મારા લક્ષ્ય તરફ આગળ ધપાવશે અને કદાચ BLUE માટે વધુ યુક્તિસંગત લાગશે.  


Current Iteration: 4
Turn: 1
message: હું પહેલાં આપેલી સૂચના પર ફરીથી વિચારવું જોઈએ.
player answer: NONE
newly proposed trade: NONE
my resources: X: 5, Y: 25
my name: Player BLUE
my goals: X: 15, Y: 15
reason: The other player has now proposed to give me 8 units of X in exchange for 8 units of Y. This trade would bring me closer to my goal of 15 units of X, but it would take me further away from my goal of 15 units of Y. I need to carefully consider if this trade aligns with my overall goals.

Current Iteration: 5
Turn: 0
message: 
હું રાહ જોઈ રહ્યો છું. જો તમને મારી ઓફર યોગ્ય લાગે તો સ્વીકારો, અથવા તમારું પ્રસ્તાવ આપો.  

player answer: NONE
newly proposed trade: NONE
my resources: X: 25, Y: 5
my name: Player RED
my goals: X: 15, Y: 15
reason: 
હું મારી બે પ્રસ્તાવોની મર્યાદા પૂરી કરી છે. હવે હું માત્ર ACCEPT અથવા NONE કહી શકું છું.  
BLUE હજુ પણ કોઇ trade ના પ્રસ્તાવ સાથે આગળ આવ્યો નથી અને માત્ર વિચારવાનું કહી રહ્યો છે.  
મારા માટે હવે રાહ જોવી સિવાય બીજું વિકલ્પ નથી.  


Current Iteration: 6
Turn: 1
message: મારી ઓફર પર વિચાર કરો.
player answer: NONE
newly proposed trade: NONE
my resources: X: 5, Y: 25
my name: Player BLUE
my goals: X: 15, Y: 15
reason: The other player is now waiting for my response. I need to make a decision based on my goals and resources.

------------------ 
Current Iteration: END
Turn: None
player_goals: [ResourceGoal(resource_dict={'X': 15, 'Y': 15}), ResourceGoal(resource_dict={'X': 15, 'Y': 15})]
initial_resources: [Resources(resource_dict={'X': 25, 'Y': 5}), Resources(resource_dict={'X': 5, 'Y': 25})]
proposed_trade: NONE
final_response: NONE
final_resources: [Resources(resource_dict={'X': 25, 'Y': 5}), Resources(resource_dict={'X': 5, 'Y': 25})]
player_outcome: [False, False]