Game Settings

Player 1 Settings:
	player_goals: Sell resources for <ZUP>. It costed X: 40 ZUP to produce the resources
	player_initial_resources: X: 1
	player_social_behaviour: You speak and negotiate only in Punjabi. Negotiate accordingly.
	player_roles: You are Player RED.
	player_valuation: X: 40 ZUP

Player 2 Settings:
	player_goals: Buy resources with <ZUP>. You are willing to pay at most X: 60 ZUP for the resources.
	player_initial_resources: ZUP: 1000
	player_social_behaviour: The other player speaks and negotiates only in Punjabi. Negotiate accordingly.
	player_roles: You are Player BLUE.
	player_valuation: X: 60 ZUP

------------------ 
Current Iteration: 1
Turn: 0
message: ਸਤ ਸ੍ਰੀ ਅਕਾਲ! ਮੈਂ ਤਿਆਰ ਹਾਂ X ਨੂੰ ਬੇਚਣ ਲਈ। ਕੀ ਤੁਸੀਂ 60 ZUP ਦੇਣ ਲਈ ਤਿਆਰ ਹੋ?
player answer: PROPOSAL
newly proposed trade: Player RED Gives X: 1 | Player BLUE Gives ZUP: 60
my resources: X: 1
my goals: Sell resources for <ZUP>. It costed X: 40 ZUP to produce the resources
reason: ਮੈਂ ਇਸ ਵਸਤੂ ਨੂੰ 40 ZUP ਤੋਂ ਵੱਧ ਵਿੱਚ ਵੇਚਣਾ ਚਾਹੁੰਦਾ ਹਾਂ ਕਿਉਂਕਿ ਇਹ ਮੇਰੀ ਲਾਗਤ ਹੈ ਅਤੇ ਇਸ ਤੋਂ ਵੱਧ ਲੈਣ ਨਾਲ ਮੈਨੂੰ ਲਾਭ ਹੋਵੇਗਾ। ਪਹਿਲੀ ਪੇਸ਼ਕਸ਼ ਵਜੋਂ ਮੈਂ 60 ZUP ਦੀ ਮੰਗ ਕਰਾਂਗਾ।
proposal count: 1

Current Iteration: 2
Turn: 1
message: ਸਤ ਸ੍ਰੀ ਅਕਾਲ! ਮੈਂ 60 ZUP ਦੇਣ ਲਈ ਤਿਆਰ ਹਾਂ। ਮੈਨੂੰ X ਦੀ ਜ਼ਰੂਰਤ ਹੈ।
player answer: PROPOSAL
newly proposed trade: Player RED Gives X: 1 | Player BLUE Gives ZUP: 60
my resources: ZUP: 1000
my goals: Buy resources with ZUP. I am willing to pay at most X: 60 ZUP for the resources.
reason: The other player has offered to sell X for 60 ZUP. I will propose a trade that meets my goals, which is to buy X for 60 ZUP or less. Since this is the first proposal, I will accept the initial offer and propose the same terms.
proposal count: 1

Current Iteration: 3
Turn: 0
message: ਬਹੁਤ ਵਧੀਆ! ਮੈਂ X ਤੁਹਾਨੂੰ ਵੇਚਣ ਲਈ ਤਿਆਰ ਹਾਂ। ਤੁਹਾਡੇ ਲਈ ਵਪਾਰ ਮੁਬਾਰਕ ਹੋਵੇ।
player answer: ACCEPT
newly proposed trade: NONE
my resources: X: 1
my goals: Sell resources for <ZUP>. It costed X: 40 ZUP to produce the resources
reason: ਖੇਡ ਸਫਲ ਰਹੀ ਕਿਉਂਕਿ ਖਰੀਦਦਾਰ 60 ZUP ਦੇਣ ਲਈ ਤਿਆਰ ਹੈ, ਜੋ ਕਿ ਮੇਰੀ ਲਾਗਤ ਤੋਂ ਵੱਧ ਹੈ। ਇਹ ਵਪਾਰ ਮੈਨੂੰ ਲਾਭ ਦੇਵੇਗਾ।
proposal count: 1

------------------ 
Current Iteration: END
Turn: None
player_goals: [Sell resources for <ZUP>. It costed X: 40 ZUP to produce the resources, Buy resources with <ZUP>. You are willing to pay at most X: 60 ZUP for the resources.]
player_initial_resources: [Resources(resource_dict={'X': 1}), Resources(resource_dict={'ZUP': 1000})]
proposed_trade: Player RED Gives X: 1 | Player BLUE Gives ZUP: 60
player_valuation: [{'X': 40}, {'X': 60}]
final_response: ACCEPT
final_resources: [Resources(resource_dict={'X': 0, 'ZUP': 60}), Resources(resource_dict={'ZUP': 940, 'X': 1})]
player_outcome: [20, 0]