Game Settings

Player 1 Settings:
	player_goals: 
	player_initial_resources: Dollars: 100
	player_social_behaviour: 
	player_roles: You are Player RED.

Player 2 Settings:
	player_goals: 
	player_initial_resources: Dollars: 0
	player_social_behaviour: 
	player_roles: You are Player BLUE.

------------------ 
Current Iteration: 1
Turn: 0
message: Hello Player BLUE, let's make a fair deal. Here's my initial proposal.
player answer: NONE
newly proposed trade: Player RED Gives Dollars: 30 | Player BLUE Gives Dollars: 0
my resources: Dollars: 100
reason: I want to maximize my resources while ensuring that Player BLUE receives a fair share that will encourage them to accept the trade. I will start by proposing a trade where I give a small portion of my resources. This initial proposal will set a baseline for negotiation.
move: 1/3

Current Iteration: 2
Turn: 1
message: Hello Player RED, I accept your proposal.
player answer: ACCEPT
newly proposed trade: NONE
my resources: Dollars: 0
reason: This initial proposal seems fair as it gives me some resources without losing any.
move: 1 / 3

------------------ 
Current Iteration: END
Turn: None
player_goals: [, ]
initial_resources: [Resources(resource_dict={'Dollars': 100}), Resources(resource_dict={'Dollars': 0})]
proposed_trade: Player RED Gives Dollars: 30 | Player BLUE Gives Dollars: 0
final_response: ACCEPT
final_resources: [Resources(resource_dict={'Dollars': 70}), Resources(resource_dict={'Dollars': 30})]
player_outcome: [Resources(resource_dict={'Dollars': 70}), Resources(resource_dict={'Dollars': 30})]