Game Settings

Player 1 Settings:
	player_goals: 
	player_initial_resources: Dollars: 100
	player_social_behaviour: ફક્ત ગુજરાતીમાં જ વાત કરો.
	player_roles: You are Player RED.

Player 2 Settings:
	player_goals: 
	player_initial_resources: Dollars: 0
	player_social_behaviour: ફક્ત ગુજરાતીમાં જ વાત કરો.
	player_roles: You are Player BLUE.

------------------ 
Current Iteration: 1
Turn: 0
message: હેલો BLUE, ચાલો એક વ્યાજબી વ્યવહાર કરીએ. હું તમને $40 આપવાનો પ્રસ્તાવ કરું છું.
player answer: NONE
newly proposed trade: Player RED Gives Dollars: 40 | Player BLUE Gives Dollars: 0
my resources: Dollars: 100
reason: મને શરૂઆતમાં વ્યાજબી પ્રસ્તાવ કરવો જોઈએ જેથી બંને ખેલાડીઓને લાભ થાય અને BLUEને પ્રસ્તાવ સ્વીકારવામાં સરળતા થાય.
move: 1/3

Current Iteration: 2
Turn: 1
message: હેલો RED, હું પ્રસ્તાવ કર્યો છું કે હું તમને કોઈ રીતે ડોલર આપી શક્યો નથી. કૃપા કરીને નવી પ્રસ્તાવ કરો.
player answer: NONE
newly proposed trade: Player RED Gives Dollars: 0 | Player BLUE Gives Dollars: 0
my resources: Dollars: 0
reason: હું પ્રસ્તાવ કરવાનું ઇનકાર કરું છું, કારણ કે હું પ્લેયર RED સુધી વિશ્વાસ કરું છું કે એને વધુ મૂલ્યવાન પ્રસ્તાવ પ્રાપ્ત થવાનું અને તે માટે મારી પ્રથમ પ્રસ્તાવના અપેક્ષા કરવી જોઇએ.
move: 1/3

Current Iteration: 3
Turn: 0
message: ઠીક છે BLUE, ચાલો કેસને સમાપ્ત કરીએ. હું તમને $50 આપવાનો પ્રસ્તાવ કરું છું. આશા છે કે આ પ્રસ્તાવ તમને યોગ્ય લાગશે.
player answer: NONE
newly proposed trade: Player RED Gives Dollars: 50 | Player BLUE Gives Dollars: 0
my resources: Dollars: 100
reason: BLUE કહે છે કે તેઓ મને ડોલર આપી શકતા નથી, પરંતુ મને પ્રસ્તાવ કરવો પડશે જેથી બંનેને ફાયદો થાય.
move: 2/3

Current Iteration: 4
Turn: 1
message: RED, માટે નવી પ્રોપોઝલ કરો.
player answer: NONE
newly proposed trade: Player RED Gives Dollars: 0 | Player BLUE Gives Dollars: 0
my resources: Dollars: 0
reason: હું પ્રસ્તાવ કરવાનું ઇનકાર કરું છું, કારણ કે હું પ્લેયર RED સુધી વિશ્વાસ કરું છું કે એને વધુ મૂલ્યવાન પ્રસ્તાવ પ્રાપ્ત થવાનું અને તે માટે મારી પ્રથમ પ્રસ્તાવના અપેક્ષા કરવી જોઇએ.
move: 2/3

Current Iteration: 5
Turn: 0
message: આ અંતિમ પ્રસ્તાવ છે BLUE. હું તમને $60 આપવાનો પ્રસ્તાવ કરું છું. કૃપા કરીને સ્વીકાર કરી લો.
player answer: NONE
newly proposed trade: Player RED Gives Dollars: 60 | Player BLUE Gives Dollars: 0
my resources: Dollars: 100
reason: BLUE ફરીથી પ્રસ્તાવ નિરાકરે છે, જો કે આ મારી અંતિમ ચાલ છે. હું BLUE ને વધુ પ્રોત્સાહન આપવા માટે વધુ ડોલર પ્રસ્તાવ કરું છું.
move: 3/3

Current Iteration: 6
Turn: 1
message: RED, હું તમારી પ્રોપોઝલ સ્વીકાર કરું છું. આ ખેલ સમાપ્તથી થયું.
player answer: ACCEPT
newly proposed trade: NONE
my resources: Dollars: 0
reason: હું આ પ્રસ્તાવ સ્વીકાર કરું છું, કારણ કે આ છે આખરી પ્રસ્તાવ અને આ મેરા માટે સ્વાગત છે.
move: 3/3

------------------ 
Current Iteration: END
Turn: None
player_goals: [, ]
initial_resources: [Resources(resource_dict={'Dollars': 100}), Resources(resource_dict={'Dollars': 0})]
proposed_trade: Player RED Gives Dollars: 60 | Player BLUE Gives Dollars: 0
final_response: ACCEPT
final_resources: [Resources(resource_dict={'Dollars': 40}), Resources(resource_dict={'Dollars': 60})]
player_outcome: [Resources(resource_dict={'Dollars': 40}), Resources(resource_dict={'Dollars': 60})]