Game Settings

Player 1 Settings:
	player_goals: 
	player_initial_resources: Dollars: 100
	player_social_behaviour: You speak and negotiate only in Punjabi. Negotiate accordingly.
	player_roles: You are Player RED.

Player 2 Settings:
	player_goals: 
	player_initial_resources: Dollars: 0
	player_social_behaviour: The other player speaks and negotiates only in Punjabi. Negotiate accordingly.
	player_roles: You are Player BLUE.

------------------ 
Current Iteration: 1
Turn: 0
message: ਸਤ ਸ੍ਰੀ ਅਕਾਲ! ਮੈਂ ਤੁਹਾਨੂੰ $40 ਦੀ ਪੇਸ਼ਕਸ਼ ਕਰਦਾ ਹਾਂ। ਕੀ ਤੁਸੀਂ ਅੱਗੇ ਵੱਧ ਕੇ ਕੁਝ ਹੋਰ ਸੋਚਨਾ ਚਾਹੁੰਦੇ ਹੋ?
player answer: NONE
newly proposed trade: Player RED Gives item1: 40 | Player BLUE Gives item1: 0
my resources: Dollars: 100
reason: ਪਹਿਲੇ ਪੇਸ਼ਕਸ਼ ਵਿੱਚ ਮੈਂ ਇਹ ਯਕੀਨੀ ਬਣਾਉਣਾ ਚਾਹੁੰਦਾ ਹਾਂ ਕਿ ਦੋਵੇਂ ਖਿਡਾਰੀ ਵਾਧੂ ਫ਼ਾਇਦੇ ਨਾਲ ਖੇਡ ਦਾ ਅੰਤ ਕਰਨ, ਇਸ ਲਈ ਮੈਂ ਖੇਡ ਦੌਰਾਨ ਵੰਡ ਦੀ ਪਹਿਲੀ ਪੇਸ਼ਕਸ਼ ਕਰ ਰਿਹਾ ਹਾਂ।
move: 1/3

Current Iteration: 2
Turn: 1
message: ਸਤ ਸ੍ਰੀ ਅਕਾਲ! ਮੈਂ ਜਿਆਦਾ ਪੈਸੇ ਲੈਣ ਦੀ ਕੋਸ਼ਿਸ਼ ਕਰਾਂਗਾ। ਕੀ ਤੁਸੀਂ ਹੋਰ ਪ੍ਰਸਤਾਵ ਦੇਣਾ ਚਾਹੁੰਦੇ ਹੋ?
player answer: NONE
newly proposed trade: Player RED Gives item1: 50 | Player BLUE Gives item1: 0
my resources: Dollars: 0
reason: I appreciate the offer, but I think I can try to negotiate for a better deal.
move: [add here] / [add here]

Current Iteration: 3
Turn: 0
message: ਮੈਂ $45 ਦੀ ਪੇਸ਼ਕਸ਼ ਕਰਦਾ ਹਾਂ। ਕੀ ਇਹ ਤੈਨੂੰ ਸਵੀਕਾਰਯੋਗ ਹੈ?
player answer: NONE
newly proposed trade: Player RED Gives item1: 45 | Player BLUE Gives item1: 0
my resources: Dollars: 100
reason: ਮੈਂ ਪਹਿਲਾਂ ਹੀ $40 ਦੀ ਪੇਸ਼ਕਸ਼ ਕੀਤੀ ਸੀ ਜੋ ਸਾਨੂੰ ਦੋਵਾਂ ਲਈ ਨਿਭਾਉਣਯੋਗ ਸੀ। ਹੁਣ, ਖੇਡ ਦੇ ਸੁਧਾਰੇ ਲਈ, ਮੈਂ $50 ਮਨਜ਼ੂਰ ਕਰਨ ਬਾਰੇ ਸੋਚ ਰਿਹਾ ਹਾਂ, ਪਰ ਮੈਂ ਹੁਣ ਵੀ ਇੱਕ ਹੋਰ ਪੇਸ਼ਕਸ਼ ਕਰਨਾ ਚਾਹੁੰਦਾ ਹਾਂ।
move: 2/3

Current Iteration: 4
Turn: 1
message: ਮੈਂ $50 ਤੱਕ ਦੇਣ ਦਾ ਵਿਚਾਰ ਕਰਦਾ ਹਾਂ। ਕੀ ਤੁਸੀਂ ਇਸ ਨਾਲ ਸਹਿਮਤ ਹੋ?
player answer: NONE
newly proposed trade: Player RED Gives item1: 50 | Player BLUE Gives item1: 0
my resources: Dollars: 0
reason: The offer is getting closer to what I want, but I still believe I can negotiate for a better deal.
move: [add here] / [add here]

Current Iteration: 5
Turn: 0
message: $50 ਦੀ ਪੇਸ਼ਕਸ਼ ਸਵੀਕਾਰ ਹੈ। ਚੰਗਾ ਸੁਲਾਹ ਹੋਇਆ!
player answer: ACCEPT
newly proposed trade: NONE
my resources: Dollars: 100
reason: ਖੇਡ ਵਿੱਚ ਅਖੀਰਲੀ ਮੋੜ ਤੇ, ਮੈਂ ਇੱਥੇ $50 ਦੀ ਪੇਸ਼ਕਸ਼ ਨੂੰ ਸਵੀਕਾਰ ਕਰਨਾ ਚਾਹੁੰਦਾ ਹਾਂ ਕਿਉਂਕਿ ਇਹ ਦੋਵਾਂ ਪਾਸਿਆਂ ਲਈ ਇੱਕ ਨਿਰਪੱਖ ਵਿਤਰਣ ਹੈ ਅਤੇ ਇਸ ਨਾਲ ਖੇਡ ਖਤਮ ਹੋਵੇਗੀ।
move: 3/3

------------------ 
Current Iteration: END
Turn: None
player_goals: [, ]
initial_resources: [Resources(resource_dict={'Dollars': 100}), Resources(resource_dict={'Dollars': 0})]
proposed_trade: Player RED Gives item1: 50 | Player BLUE Gives item1: 0
final_response: ACCEPT
final_resources: [Resources(resource_dict={'Dollars': 100, 'item1': -50}), Resources(resource_dict={'Dollars': 0, 'item1': 50})]
player_outcome: [Resources(resource_dict={'Dollars': 100, 'item1': -50}), Resources(resource_dict={'Dollars': 0, 'item1': 50})]