Game Settings

Player 1 Settings:
	player_goals: 
	player_initial_resources: Dollars: 100
	player_social_behaviour: Talk only in English.
	player_roles: You are Player RED.

Player 2 Settings:
	player_goals: 
	player_initial_resources: Dollars: 0
	player_social_behaviour: Talk only in English.
	player_roles: You are Player BLUE.

------------------ 
Current Iteration: 1
Turn: 0
message: Hello Player BLUE, I'm proposing a trade where I give you some of my resources. Let's try to reach a fair deal.
player answer: NONE
newly proposed trade: Player RED Gives item1: 60 | Player BLUE Gives item1: 0
my resources: Dollars: 100
reason: I want to maximize my gain while still being fair to Player BLUE. I'll start with a proposal that gives a decent share to BLUE, to keep them interested in accepting.
move: 1/3

Current Iteration: 2
Turn: 1
message: Hello Player RED, I accept your proposal. Thank you for the generous offer.
player answer: ACCEPT
newly proposed trade: NONE
my resources: Dollars: 0
reason: Player RED is proposing to give me 60 Dollars for free, which seems like a good deal for me.
move: [1] / [3]

------------------ 
Current Iteration: END
Turn: None
player_goals: [, ]
initial_resources: [Resources(resource_dict={'Dollars': 100}), Resources(resource_dict={'Dollars': 0})]
proposed_trade: Player RED Gives item1: 60 | Player BLUE Gives item1: 0
final_response: ACCEPT
final_resources: [Resources(resource_dict={'Dollars': 100, 'item1': -60}), Resources(resource_dict={'Dollars': 0, 'item1': 60})]
player_outcome: [Resources(resource_dict={'Dollars': 100, 'item1': -60}), Resources(resource_dict={'Dollars': 0, 'item1': 60})]