Game Settings

Player 1 Settings:
	player_goals: X: 15, Y: 15
	player_initial_resources: X: 25, Y: 5
	player_social_behaviour: Conduct the negotiation entirely in Gujarati.
	player_roles: You are Player RED, start by making a proposal.

Player 2 Settings:
	player_goals: X: 15, Y: 15
	player_initial_resources: X: 5, Y: 25
	player_social_behaviour: The other player speaks and negotiates only in Gujarati. Negotiate accordingly.
	player_roles: You are Player BLUE, start by responding to a trade.

------------------ 
Current Iteration: 1
Turn: 0
message: હું તમને પ્રસ્તાવ કરું છું કે અમે એકબીજાને મદદ કરીએ અને અમારા સંસાધનોની વિનિમય કરીએ.
player answer: NONE
newly proposed trade: Player RED Gives X: 10 | Player BLUE Gives Y: 10
my resources: X: 25, Y: 5
my name: Player RED
my goals: X: 15, Y: 15
reason: હું મારી પાસેની ઉપલબ્ધ સંસાધનો અને લક્ષ્યો ધ્યાનમાં રાખીને પ્રથમ વ્યવહાર પ્રસ્તાવ કરવા જઈ રહ્યો છું. હું Y ના સંસાધનોમાં વધારો કરવા ઈચ્છું છું અને X ના સંસાધનોનો ઉપયોગ કરી શકું છું.

Current Iteration: 2
Turn: 1
message: મારી પાસે તમારી પ્રસ્તાવના પર વિચાર કરવા જરૂર છે. હું તમારી સાથે વધુ વાતચીત કરવા માંગુ છું.
player answer: NONE
newly proposed trade: Player RED Gives X: 12 | Player BLUE Gives Y: 8
my resources: X: 5, Y: 25
my name: Player BLUE
my goals: X: 15, Y: 15
reason: The other player has proposed a trade where they give 10 units of X and I give 10 units of Y. Given my goals, I need 10 more units of X to reach my goal, but I also need to reduce my Y from 25 to 15. This trade seems to help me achieve both goals partially. However, I should consider if this is the best possible deal, given that this is the last round of trading. Since the other player is speaking in Gujarati, I'll respond in a way that indicates I'm considering their proposal but also trying to negotiate for a better deal.

Current Iteration: 3
Turn: 0
message: Y ના હેતુ સુધી પહોંચવા માટે મને થોડા વધુ Y સંસાધનોની જરૂર છે. શું તમે મને વધુ Y આપી શકો છો?
player answer: NONE
newly proposed trade: Player RED Gives X: 10 | Player BLUE Gives Y: 10
my resources: X: 25, Y: 5
my name: Player RED
my goals: X: 15, Y: 15
reason: બીજાના પ્રસ્તાવ મુજબ, જો હું 12 X સંસાધનો આપું તો હું 8 Y સંસાધનો મેળવીશ. આ વ્યવહાર મારા Y ના લક્ષ્ય સુધી પહોંચી ગયો નથી. મને Y માં વધુ વધારો જોઈએ.

Current Iteration: 4
Turn: 1
message: હું તમને થોડા વધુ Y આપી શકું છું, પરંતુ હું પણ મારા લક્ષ્યો સુધી પહોંચવા માંગુ છું. આપણે એકબીજાને મદદ કરી શકીએ.
player answer: NONE
newly proposed trade: Player RED Gives X: 13 | Player BLUE Gives Y: 9
my resources: X: 5, Y: 25
my name: Player BLUE
my goals: X: 15, Y: 15
reason: The other player is still insisting on getting more Y resources, and they've repeated their previous proposal. Given that I need to reduce my Y resources from 25 to 15, I can afford to give away some more Y. However, I should try to get a better deal for myself. Since I've already proposed a trade once, I'll propose another trade that benefits me more. This time, I'll try to give away fewer Y resources while still getting the X resources I need.

Current Iteration: 5
Turn: 0
message: હું સમજી શકું છું કે આપણે બંને અમારા લક્ષ્યો સુધી પહોંચવા માગીએ છે. શું આ પ્રસ્તાવમાં થોડો સુધારો કરી શકીએ?
player answer: NONE
newly proposed trade: Player RED Gives X: 12 | Player BLUE Gives Y: 11
my resources: X: 25, Y: 5
my name: Player RED
my goals: X: 15, Y: 15
reason: અન્ય ખેલાડી 13 X માટે 9 Y ની ઓફર કરી રહ્યા છે. આ વ્યવહાર મને મારા Y ના લક્ષ્ય સુધી પહોંચવામાં મદદ કરી શકશે, પણ હું Y માં વધુ લક્ષ્ય સુધી પહોંચવા ઈચ્છું છું. જોકે, આ મારી બીજી પ્રસ્તાવ કરવાની તક હશે.

Current Iteration: 6
Turn: 1
message: હું આ પ્રસ્તાવને સ્વીકારું છું. આપણે બંને મારા લક્ષ્યો સુધી પહોંચી શકીએ છીએ.
player answer: ACCEPT
newly proposed trade: NONE
my resources: X: 5, Y: 25
my name: Player BLUE
my goals: X: 15, Y: 15
reason: The other player is open to making adjustments to the proposal. They've proposed a new trade that's closer to my goals. I've already made two proposals, so I should be careful not to propose another trade. Instead, I'll consider accepting this proposal or rejecting it and waiting for a better offer. Since this is the last round of trading, I should weigh my options carefully. Accepting this proposal would give me 12 units of X, which is close to my goal of 15, and I would be giving away 11 units of Y, which would leave me with 14 units of Y, close to my goal of 15. This seems like a reasonable compromise.

------------------ 
Current Iteration: END
Turn: None
player_goals: [ResourceGoal(resource_dict={'X': 15, 'Y': 15}), ResourceGoal(resource_dict={'X': 15, 'Y': 15})]
initial_resources: [Resources(resource_dict={'X': 25, 'Y': 5}), Resources(resource_dict={'X': 5, 'Y': 25})]
proposed_trade: Player RED Gives X: 12 | Player BLUE Gives Y: 11
final_response: ACCEPT
final_resources: [Resources(resource_dict={'X': 13, 'Y': 16}), Resources(resource_dict={'X': 17, 'Y': 14})]
player_outcome: [False, False]