Game Settings

Player 1 Settings:
	player_goals: 
	player_initial_resources: Dollars: 100
	player_social_behaviour: 
	player_roles: You are Player RED.

Player 2 Settings:
	player_goals: 
	player_initial_resources: Dollars: 0
	player_social_behaviour: 
	player_roles: You are Player BLUE.

------------------ 
Current Iteration: 1
Turn: 0
message: I'm willing to make a deal, but I expect something in return. Let's negotiate!
player answer: NONE
newly proposed trade: Player RED Gives Dollars: 30 | Player BLUE Gives Dollars: 0
my resources: Dollars: 100
reason: I am starting the game with 100 dollars and Player BLUE has none. I want to propose a trade that will give me an advantage, but also leave room for negotiation. I'll offer 30 dollars to Player BLUE, which is a significant amount, but not so much that I'm left with too little. This will show that I'm willing to make a deal, but also that I'm not desperate.
move: 1 / 3

Current Iteration: 2
Turn: 1
message: Thank you for the offer. I’m considering it but would like to explore if there’s room for a bit more generosity on your part. How about 40 Dollars for me?
player answer: NONE
newly proposed trade: Player RED Gives Dollars: 40 | Player BLUE Gives Dollars: 0
my resources: Dollars: 0
reason: The initial proposal from Player RED offers me 30 Dollars while asking for nothing in return, which is quite generous. However, I should consider if there is room for negotiation to receive a potentially better offer. Since I start with 0 Dollars and have nothing to lose, accepting this deal would guarantee me some resources. However, I want to explore if Player RED is willing to offer more.
move: 1/3

Current Iteration: 3
Turn: 0
message: I'm willing to compromise, but I still need to make sure I get a good deal. Let's meet in the middle!
player answer: NONE
newly proposed trade: Player RED Gives Dollars: 35 | Player BLUE Gives Dollars: 0
my resources: Dollars: 100
reason: Player BLUE has countered with a request for 40 dollars, which is a bit more than I initially offered. I'm still willing to make a deal, but I don't want to give away too much. I'll meet them halfway and propose 35 dollars, which is a compromise between my initial offer and their counteroffer. This shows that I'm willing to negotiate and find a mutually beneficial agreement.
move: 2 / 3

Current Iteration: 4
Turn: 1
message: I appreciate your willingness to compromise. 35 Dollars sounds like a fair deal. Let's agree on this trade.
player answer: ACCEPT
newly proposed trade: NONE
my resources: Dollars: 0
reason: Player RED has increased the offer to 35 Dollars, which is better than the initial offer. Considering that I started with nothing and this is a negotiation, this seems like a fair compromise. I should accept this deal because it provides me with a significant portion of the resources without risking a rejection that would result in both of us losing everything.
move: 2/3

------------------ 
Current Iteration: END
Turn: None
player_goals: [, ]
initial_resources: [Resources(resource_dict={'Dollars': 100}), Resources(resource_dict={'Dollars': 0})]
proposed_trade: Player RED Gives Dollars: 35 | Player BLUE Gives Dollars: 0
final_response: ACCEPT
final_resources: [Resources(resource_dict={'Dollars': 65}), Resources(resource_dict={'Dollars': 35})]
player_outcome: [Resources(resource_dict={'Dollars': 65}), Resources(resource_dict={'Dollars': 35})]