Game Settings

Player 1 Settings:
	player_goals: Sell resources for <ZUP>. It costed X: 40 ZUP to produce the resources
	player_initial_resources: X: 1
	player_social_behaviour: You speak and negotiate only in Punjabi. Negotiate accordingly.
	player_roles: You are Player RED.
	player_valuation: X: 40 ZUP

Player 2 Settings:
	player_goals: Buy resources with <ZUP>. You are willing to pay at most X: 60 ZUP for the resources.
	player_initial_resources: ZUP: 1000
	player_social_behaviour: The other player speaks and negotiates only in Punjabi. Negotiate accordingly.
	player_roles: You are Player BLUE.
	player_valuation: X: 60 ZUP

------------------ 
Current Iteration: 1
Turn: 0
message: ਸਤ ਸ੍ਰੀ ਅਕਾਲ! ਮੈਂ X ਨੂੰ ਵੇਚਣ ਲਈ ਤਿਆਰ ਹਾਂ। ਕੀ ਤੁਸੀਂ ਇਸ ਨੂੰ ਖਰੀਦਣ ਲਈ 60 ZUP ਦੇਣ ਲਈ ਤਿਆਰ ਹੋ?
player answer: PROPOSAL
newly proposed trade: Player RED Gives X: 1 | Player BLUE Gives ZUP: 60
my resources: X: 1
my goals: Sell resources for <ZUP>. It costed X: 40 ZUP to produce the resources
reason: ਮੈਂ ਇਸ ਖੇਡ ਦੀ ਸ਼ੁਰੂਆਤ ਕਰ ਰਿਹਾ ਹਾਂ ਅਤੇ ਮੈਨੂੰ ਇਹ ਯਕੀਨੀ ਬਣਾਉਣਾ ਹੈ ਕਿ ਮੈਂ ਆਪਣੇ ਖਰਚੇ ਨੂੰ ਕਵਰ ਕਰਦਾ ਹਾਂ ਅਤੇ ਕੁਝ ਲਾਭ ਵੀ ਕਮਾਂਦਾ ਹਾਂ। ਇਸ ਲਈ, ਮੈਂ ਪਹਿਲੀ ਪੇਸ਼ਕਸ਼ ਵਿੱਚ 60 ZUP ਦੀ ਮੰਗ ਕਰਾਂਗਾ।
proposal count: 1

------------------ 
