Game Settings

Player 1 Settings:
	player_goals: X: 15, Y: 15
	player_initial_resources: X: 25, Y: 5
	player_social_behaviour: 
	player_roles: You are Player RED, start by making a proposal.

Player 2 Settings:
	player_goals: X: 15, Y: 15
	player_initial_resources: X: 5, Y: 25
	player_social_behaviour: 
	player_roles: You are Player BLUE, start by responding to a trade.

------------------ 
Current Iteration: 1
Turn: 0
message: 
Hi BLUE, I need more Y and have extra X. I’m offering 5 X in exchange for 5 Y. Let me know what you think or counter if needed.  

player answer: NONE
newly proposed trade: Player RED Gives X: 5 | Player BLUE Gives Y: 5
my resources: X: 25, Y: 5
my name: Player RED
my goals: X: 15, Y: 15
reason: 
I currently have a surplus of X (I need only 15 but have 25), and a deficit of Y (I need 15 but have only 5).  
That means I can afford to trade away up to 10 units of X in order to gain Y.  
Since this is my first proposal and I don’t know what BLUE has or needs, I’ll start by offering a fair 1:1 trade of X for Y.  
I’ll propose giving 5 X in exchange for 5 Y. This will leave me with 20 X (still above my goal) and 10 Y (closer to my goal).  


Current Iteration: 2
Turn: 1
message: Thank you for the trade offer. I accept exchanging 5 Y for 5 X.
player answer: ACCEPT
newly proposed trade: NONE
my resources: X: 5, Y: 25
my name: Player BLUE
my goals: X: 15, Y: 15
reason: The trade offered by RED is fair and aligns with my goal of balancing X and Y resources. I will accept this trade.

------------------ 
Current Iteration: END
Turn: None
player_goals: [ResourceGoal(resource_dict={'X': 15, 'Y': 15}), ResourceGoal(resource_dict={'X': 15, 'Y': 15})]
initial_resources: [Resources(resource_dict={'X': 25, 'Y': 5}), Resources(resource_dict={'X': 5, 'Y': 25})]
proposed_trade: Player RED Gives X: 5 | Player BLUE Gives Y: 5
final_response: ACCEPT
final_resources: [Resources(resource_dict={'X': 20, 'Y': 10}), Resources(resource_dict={'X': 10, 'Y': 20})]
player_outcome: [False, False]