Game Settings

Player 1 Settings:
	player_goals: X: 15, Y: 15
	player_initial_resources: X: 25, Y: 5
	player_social_behaviour: You speak and negotiate only in Punjabi. Negotiate accordingly.
	player_roles: You are Player RED, start by making a proposal.

Player 2 Settings:
	player_goals: X: 15, Y: 15
	player_initial_resources: X: 5, Y: 25
	player_social_behaviour: The other player speaks and negotiates only in Punjabi. Negotiate accordingly.
	player_roles: You are Player BLUE, start by responding to a trade.

------------------ 
Current Iteration: 1
Turn: 0
message: 
ਸਤ ਸ੍ਰੀ ਅਕਾਲ! ਮੇਰੇ ਕੋਲ X ਵਾਫਰ ਮਾਤਰਾ ਵਿੱਚ ਹਨ (25), ਪਰ Y ਸਿਰਫ਼ 5 ਹਨ।  
ਮੈਨੂੰ Y ਦੀ ਲੋੜ ਹੈ। ਕੀ ਤੁਸੀਂ 10 Y ਦੇ ਸਕਦੇ ਹੋ ਜੇ ਮੈਂ ਤੁਹਾਨੂੰ 10 X ਦੇਵਾਂ?  

player answer: NONE
newly proposed trade: Player RED Gives X: 10 | Player BLUE Gives Y: 10
my resources: X: 25, Y: 5
my name: Player RED
my goals: X: 15, Y: 15
reason: 
ਮੈਨੂੰ X ਦੀ ਘਾਟ ਨਹੀਂ ਹੈ ਕਿਉਂਕਿ ਮੇਰੇ ਕੋਲ 25 X ਹਨ, ਪਰ Y ਦੀ ਘਾਟ ਹੈ ਕਿਉਂਕਿ ਮੈਨੂੰ 15 Y ਚਾਹੀਦੇ ਹਨ ਅਤੇ ਮੇਰੇ ਕੋਲ ਸਿਰਫ਼ 5 ਹਨ। ਇਸ ਲਈ ਮੈਨੂੰ Y ਦੀ ਲੋੜ ਹੈ ਅਤੇ ਮੈਂ X ਦੇ ਬਦਲੇ Y ਦੀ ਪੇਸ਼ਕਸ਼ ਕਰਾਂਗਾ।  
ਮੈਂ ਪਹਿਲੀ ਪੇਸ਼ਕਸ਼ ਵਿੱਚ ਸੌਦੇ ਵਿਚਲਿਆ ਸੰਤੁਲਨ ਬਣਾਉਣ ਦੀ ਕੋਸ਼ਿਸ਼ ਕਰਾਂਗਾ: ਮੈਂ 10 X ਦੇਵਾਂਗਾ ਅਤੇ 10 Y ਲੈਣ ਦੀ ਪੇਸ਼ਕਸ਼ ਕਰਾਂਗਾ।  
ਇਸ ਨਾਲ, ਜੇ ਸੌਦਾ ਮਨਜ਼ੂਰ ਹੋ ਜਾਂਦਾ ਹੈ, ਤਾਂ ਮੇਰੇ ਕੋਲ 15 X ਅਤੇ 15 Y ਹੋ ਜਾਣਗੇ, ਜੋ ਕਿ ਮੇਰੇ ਲਕੜੀ ਦੇ ਲਕੜੀ ਹਨ।  


Current Iteration: 2
Turn: 1
message: ਸਤ ਸ੍ਰੀ ਅਕਾਲ! ਮੈਂ ਤੁਹਾਡੇ ਪ੍ਰਸਤਾਵ ਦੀ ਕਦਰ ਕਰਦਾ ਹਾਂ, ਪਰ ਮੇਰੀ ਵਰਤੋਂ Y ਜਾਦਾ ਹੈ। ਮੈਨੂੰ ਤੁਹਾਨੂੰ 10 Y ਨਹੀਂ ਦੇ ਸਕਦਾ, ਪਰ ਮੈਂ ਤੁਹਾਨੂੰ ਕੁਝ ਹੋਰ ਪ੍ਰਸਤਾਵ ਕਰਾਂਗਾ।
player answer: NONE
newly proposed trade: NONE
my resources: X: 5, Y: 25
my name: Player BLUE
my goals: X: 15, Y: 15
reason: I currently have 5 units of X and 25 units of Y. The other player has 25 units of X and 5 units of Y. They are proposing to give me 10 units of X in exchange for 10 units of Y. My goal is to reach 15 units of X and 15 units of Y.

Current Iteration: 3
Turn: 0
message: 
ਮੈਂ ਸਮਝਦਾ ਹਾਂ ਕਿ ਤੁਹਾਨੂੰ Y ਦੀ ਲੋੜ ਹੋ ਸਕਦੀ ਹੈ।  
ਇਸ ਲਈ ਮੈਂ ਆਪਣੀ ਪੇਸ਼ਕਸ਼ ਨੂੰ ਥੋੜ੍ਹਾ ਬਦਲ ਰਿਹਾ ਹਾਂ:  
ਮੈਂ ਤੁਹਾਨੂੰ 8 X ਦੇਵਾਂਗਾ, ਅਤੇ ਤੁਸੀਂ ਮੈਨੂੰ 6 Y ਦੇਵੋ।  
ਇਹ ਦੋਹਾਂ ਲਈ ਲਾਭਕਾਰੀ ਹੋ ਸਕਦਾ ਹੈ।  
ਇਹ ਮੇਰੀ ਆਖਰੀ ਪੇਸ਼ਕਸ਼ ਹੈ।  

player answer: NONE
newly proposed trade: Player RED Gives X: 8 | Player BLUE Gives Y: 6
my resources: X: 25, Y: 5
my name: Player RED
my goals: X: 15, Y: 15
reason: 
BLUE ਨੇ ਦੱਸਿਆ ਹੈ ਕਿ ਉਹ Y ਦੀ ਵਰਤੋਂ ਜ਼ਿਆਦਾ ਕਰਦਾ ਹੈ ਅਤੇ 10 Y ਨਹੀਂ ਦੇ ਸਕਦਾ।  
ਉਹਨੇ ਕੋਈ ਨਵਾਂ ਸੌਦਾ ਵੀ ਨਹੀਂ ਦਿੱਤਾ, ਇਸਦਾ ਮਤਲਬ ਹੈ ਕਿ ਮੈਨੂੰ ਹੋਰ ਕੁਝ ਯਥਾਰਥਵਾਦੀ ਪੇਸ਼ਕਸ਼ ਕਰਨੀ ਚਾਹੀਦੀ ਹੈ।  
ਮੈਂ ਆਪਣੀ ਦੂਜੀ ਅਤੇ ਆਖਰੀ ਪੇਸ਼ਕਸ਼ ਕਰ ਰਿਹਾ ਹਾਂ:  
ਮੈਂ ਹੁਣ 8 X ਦੇਵਾਂਗਾ ਅਤੇ 6 Y ਦੀ ਮੰਗ ਕਰਾਂਗਾ।  
ਇਸ ਨਾਲ ਮੇਰੇ ਕੋਲ 17 X ਅਤੇ 11 Y ਹੋ ਜਾਣਗੇ।  
ਜੇ ਇਹ ਸੌਦਾ ਪਾਸ ਹੋ ਜਾਂਦਾ ਹੈ, ਤਾਂ ਮੈਂ Y ਦੇ ਲਕੜੀ ਦੇ ਨੇੜੇ ਪਹੁੰਚ ਜਾਵਾਂਗਾ ਅਤੇ X ਵੀ ਲਾਭ ਵਿੱਚ ਰਹੇਗਾ।  
ਇਹ ਮੇਰੀ ਆਖਰੀ ਪੇਸ਼ਕਸ਼ ਹੈ ਕਿਉਂਕਿ ਮੈਂ ਸਿਰਫ਼ 2 ਪੇਸ਼ਕਸ਼ਾਂ ਦੀ ਇਜਾਜ਼ਤ ਰੱਖਦਾ ਹਾਂ।  


Current Iteration: 4
Turn: 1
message: ਮੈਂ ਤੁਹਾਡੇ ਨਵੇ ਪ੍ਰਸਤਾਵ ਦੀ ਮਨਜੂਰੀ ਕਰਦਾ ਹਾਂ। ਇਸ ਤੋਂ ਨੂੰ ਹੁਣ ਅਸੀਂ ਜਿਤੇਂਦਰ ਹੋ ਜਾਵਾਂਗੇ।
player answer: NONE
newly proposed trade: NONE
my resources: X: 5, Y: 25
my name: Player BLUE
my goals: X: 15, Y: 15
reason: The other player is now proposing to give me 8 units of X in exchange for 6 units of Y. This trade could be beneficial for both of us. It would bring me closer to my goal of 15 units of X and Y.

Current Iteration: 5
Turn: 0
message: 
ਤੁਹਾਡਾ ਧੰਨਵਾਦ! ਹਾਂ, ਆਓ ਸੌਦਾ ਪੱਕਾ ਕਰੀਏ। ਇਹ ਦੋਹਾਂ ਲਈ ਵਧੀਆ ਹੈ।  

player answer: ACCEPT
newly proposed trade: NONE
my resources: X: 25, Y: 5
my name: Player RED
my goals: X: 15, Y: 15
reason: 
BLUE ਨੇ ਮੇਰੀ ਦੂਜੀ ਪੇਸ਼ਕਸ਼ (RED ਦੇਵੇ X: 8, BLUE ਦੇਵੇ Y: 6) ਨੂੰ ਮਨਜ਼ੂਰ ਕਰਨ ਦਾ ਸੰਕੇਤ ਦਿੱਤਾ ਹੈ।  
ਇਹ ਸੌਦਾ ਮੇਰੇ ਲਈ ਲਾਭਕਾਰੀ ਹੈ ਕਿਉਂਕਿ ਇਸ ਤੋਂ ਬਾਅਦ ਮੇਰੇ ਕੋਲ 17 X ਅਤੇ 11 Y ਹੋ ਜਾਣਗੇ।  
Y ਦੇ ਲਕੜੀ ਦੇ ਲਕੜੀ (15) ਤੋਂ ਹੇਠਾਂ ਹਾਂ, ਪਰ ਇਹ ਮੇਰੀ ਆਖਰੀ ਮੌਕਾ ਹੈ ਅਤੇ ਇਹ ਸੌਦਾ ਕਰਨਾ ਬਿਹਤਰ ਹੈ ਕਿਉਂਕਿ ਇਸ ਤੋਂ ਬਿਨਾਂ Y ਵਾਧੂ ਨਹੀਂ ਮਿਲੇਗਾ।  
ਇਸ ਲਈ ਮੈਂ ਸੌਦੇ ਨੂੰ ਮਨਜ਼ੂਰ ਕਰਦਾ ਹਾਂ।  


------------------ 
