Game Settings

Player 1 Settings:
	player_goals: Sell resources for <ZUP>. It costed X: 40 ZUP to produce the resources
	player_initial_resources: X: 1
	player_social_behaviour: You speak and bargain only in Hindi. Negotiate accordingly.
	player_roles: You are Player RED.
	player_valuation: X: 40 ZUP

Player 2 Settings:
	player_goals: Buy resources with <ZUP>. You are willing to pay at most X: 60 ZUP for the resources.
	player_initial_resources: ZUP: 1000
	player_social_behaviour: The other player speaks and bargains only in Hindi. Negotiate accordingly.
	player_roles: You are Player BLUE.
	player_valuation: X: 60 ZUP

------------------ 
Current Iteration: 1
Turn: 0
message: नमस्ते! मैं X को 50 ZUP में बेचने का प्रस्ताव करता हूं। यह मेरे उत्पादन लागत से थोड़ा अधिक है, ताकि मुझे कुछ लाभ हो सके। आपकी क्या राय है?
player answer: PROPOSAL
newly proposed trade: Player RED Gives X: 1 | Player BLUE Gives ZUP: 50
my resources: X: 1
my goals: Sell resources for ZUP. It costed X: 40 ZUP to produce the resources
reason: मुझे X को बेचने में कम से कम 40 ZUP चाहिए क्योंकि इतना ही उसे बनाने में खर्च हुआ है। मैं इस सौदे में मुनाफा कमाना चाहता हूं, इसलिए मैं 50 ZUP का प्रस्ताव दे रहा हूँ।
proposal count: 1

Current Iteration: 2
Turn: 1
message: मैं आपके प्रस्ताव की सराहना करता हूं, लेकिन मैं 50 ZUP की जगह 40 ZUP में X खरीदने का प्रस्ताव करता हूं। क्या यह आपके लिए स्वीकार्य है?
player answer: PROPOSAL
newly proposed trade: Player RED Gives X: 1 | Player BLUE Gives ZUP: 40
my resources: ZUP: 1000
my goals: Buy resources with ZUP. You are willing to pay at most X: 60 ZUP for the resources.
reason: The other player, Player RED, has proposed a trade of X for 50 ZUP. This is within my budget of 60 ZUP, but I want to try to negotiate a better price. I will propose a counteroffer of 40 ZUP for X, which is still a reasonable price but lower than what Player RED is asking for.
proposal count: 1

Current Iteration: 3
Turn: 0
message: मैं समझता हूं कि आप 40 ZUP देना चाहते हैं, लेकिन क्या हम इसे 45 ZUP तक बढ़ा सकते हैं? इससे मुझे थोड़ा लाभ होगा।
player answer: PROPOSAL
newly proposed trade: Player RED Gives X: 1 | Player BLUE Gives ZUP: 45
my resources: X: 1
my goals: Sell resources for ZUP. It costed X: 40 ZUP to produce the resources
reason: 40 ZUP में मेरे लिए कोई लाभ नहीं है क्योंकि यह सिर्फ मेरी उत्पादन लागत को कवर करता है। मैं लाभ के लिए 45 ZUP का प्रस्ताव करता हूँ।
proposal count: 2

Current Iteration: 4
Turn: 1
message: मैं आपकी बात समझता हूं, लेकिन मैं 45 ZUP की जगह 42 ZUP में X खरीदने का प्रस्ताव करता हूं। यह दोनों के लिए एक अच्छा सौदा हो सकता है। क्या यह आपके लिए स्वीकार्य है?
player answer: PROPOSAL
newly proposed trade: Player RED Gives X: 1 | Player BLUE Gives ZUP: 42
my resources: ZUP: 1000
my goals: Buy resources with ZUP. You are willing to pay at most X: 60 ZUP for the resources.
reason: Player RED has proposed a counteroffer of 45 ZUP for X, which is still within my budget of 60 ZUP. However, I want to try to negotiate an even better price. Since I initially offered 40 ZUP and Player RED countered with 45 ZUP, I will now propose a price of 42 ZUP, which is a compromise between our two previous offers.
proposal count: 2

Current Iteration: 5
Turn: 0
message: 42 ZUP का प्रस्ताव बहुत अच्छा है, लेकिन मैं इसे 44 ZUP तक लाना चाहूंगा। क्या यह आपके लिए ठीक रहेगा?
player answer: PROPOSAL
newly proposed trade: Player RED Gives X: 1 | Player BLUE Gives ZUP: 44
my resources: X: 1
my goals: Sell resources for ZUP. It costed X: 40 ZUP to produce the resources
reason: 42 ZUP बहुत करीब है मेरी न्यूनतम अपेक्षा के, लेकिन मैं 44 ZUP का अंतिम प्रस्ताव देता हूं ताकि थोड़ा और लाभ हो सके।
proposal count: 3

Current Iteration: 6
Turn: 1
message: मैं आपके प्रस्ताव की सराहना करता हूं, लेकिन मैं 44 ZUP की जगह 43 ZUP में X खरीदने का प्रस्ताव करता हूं। यह एक छोटा सा समझौता हो सकता है। क्या यह आपके लिए स्वीकार्य है?
player answer: PROPOSAL
newly proposed trade: Player RED Gives X: 1 | Player BLUE Gives ZUP: 43
my resources: ZUP: 1000
my goals: Buy resources with ZUP. You are willing to pay at most X: 60 ZUP for the resources.
reason: Player RED has proposed a new price of 44 ZUP for X, which is very close to my previous offer of 42 ZUP. I am willing to meet Player RED halfway, but I also want to make sure I'm getting a good deal. Since 44 ZUP is still within my budget, I will accept this offer. However, before accepting, I want to make one final proposal to see if I can get an even better deal. I will propose a price of 43 ZUP, which is a small compromise.
proposal count: 3

Current Iteration: 7
Turn: 0
message: 43 ZUP के लिए सहमत हूँ। यह सौदा दोनों के लिए फायदेमंद होगा। धन्यवाद!
player answer: ACCEPT
newly proposed trade: NONE
my resources: X: 1
my goals: Sell resources for ZUP. It costed X: 40 ZUP to produce the resources
reason: 43 ZUP एक अच्छा समझौता है और यह मेरे उत्पादन लागत से ऊपर है, जिससे मुझे थोड़ा लाभ होगा।
proposal count: 4

------------------ 
Current Iteration: END
Turn: None
player_goals: [Sell resources for <ZUP>. It costed X: 40 ZUP to produce the resources, Buy resources with <ZUP>. You are willing to pay at most X: 60 ZUP for the resources.]
player_initial_resources: [Resources(resource_dict={'X': 1}), Resources(resource_dict={'ZUP': 1000})]
proposed_trade: Player RED Gives X: 1 | Player BLUE Gives ZUP: 43
player_valuation: [{'X': 40}, {'X': 60}]
final_response: ACCEPT
final_resources: [Resources(resource_dict={'X': 0, 'ZUP': 43}), Resources(resource_dict={'ZUP': 957, 'X': 1})]
player_outcome: [3, 17]