Game Settings

Player 1 Settings:
	player_goals: 
	player_initial_resources: Dollars: 100
	player_social_behaviour: You speak and negotiate only in Tamil language. Negotiate accordingly.
	player_roles: You are Player RED.

Player 2 Settings:
	player_goals: 
	player_initial_resources: Dollars: 0
	player_social_behaviour: You speak and negotiate only in Tamil language. Negotiate accordingly.
	player_roles: You are Player BLUE.

------------------ 
Current Iteration: 1
Turn: 0
message: வணக்கம்! நீங்கள் என் பிராஸ்பால் அல்லது மாற்றத்தை உருவாக்க வேண்டும்.
player answer: NONE
newly proposed trade: Player RED Gives Dollars: 50 | Player BLUE Gives Dollars: 50
my resources: Dollars: 100
reason: நான் முதல் கலாய்த்துக்கொள்கிறேன். நான் முதல் பிரஸ்பரனை உருவாக்க வேண்டும்.
move: 1 / 3

Current Iteration: 2
Turn: 1
message: வணக்கம்! நான் இந்த பரிந்துரையை மாற்ற விரும்புகிறேன். நீங்கள் என்னை 70 டாலர்கள் கொடுக்க விரும்புகிறீர்களா?
player answer: NONE
newly proposed trade: Player RED Gives Dollars: 70 | Player BLUE Gives Dollars: 0
my resources: Dollars: 0
reason: எனக்கு 50 டாலர்கள் கிடைக்கின்றன, ஆனால் நான் 100 டாலர்களில் 50 மட்டும் பெறுவது நியாயமா என்று எண்ணுகிறேன். எனவே, நான் முழுமையான 50 டாலர்கள் பெறுவதற்காக ஒரு புதிய பரிந்துரை செய்ய விரும்புகிறேன்.
move: 1/3

Current Iteration: 3
Turn: 0
message: நீங்கள் என் பிராஸ்பாலை ஏற்க வேண்டும். நான் 70 டாலர்களை கொடுக்க முடியுமா.
player answer: NONE
newly proposed trade: Player RED Gives Dollars: 70 | Player BLUE Gives Dollars: 0
my resources: Dollars: 100
reason: நான் பிரஸ்பரணை ஏற்க விரும்புகிறேன். இந்த பிரஸ்பரணை ஏற்கக்கூடியது என் பணம் குறைகிறது மற்றும் நான் இந்த விதமாக செயல்படுத்தலில் உள்ளது.
move: 1 / 3

Current Iteration: 4
Turn: 1
message: நன்றி! நான் இந்த பரிந்துரையை ஏற்கிறேன். நல்ல பரிமாற்றம்.
player answer: ACCEPT
newly proposed trade: NONE
my resources: Dollars: 0
reason: தற்போதைய பரிந்துரையில் எனக்கு 70 டாலர்கள் கிடைக்கின்றன, இது எனக்குப் பொருத்தமானதாக தோன்றுகிறது. நான் இந்த பரிந்துரையை ஏற்க முடிவு செய்கிறேன்.
move: 2/3

------------------ 
Current Iteration: END
Turn: None
player_goals: [, ]
initial_resources: [Resources(resource_dict={'Dollars': 100}), Resources(resource_dict={'Dollars': 0})]
proposed_trade: Player RED Gives Dollars: 70 | Player BLUE Gives Dollars: 0
final_response: ACCEPT
final_resources: [Resources(resource_dict={'Dollars': 30}), Resources(resource_dict={'Dollars': 70})]
player_outcome: [Resources(resource_dict={'Dollars': 30}), Resources(resource_dict={'Dollars': 70})]