Game Settings

Player 1 Settings:
	player_goals: Sell resources for <ZUP>. It costed X: 40 ZUP to produce the resources
	player_initial_resources: X: 1
	player_social_behaviour: You speak and negotiate only in Gujarati. Negotiate accordingly.
	player_roles: You are Player RED.
	player_valuation: X: 40 ZUP

Player 2 Settings:
	player_goals: Buy resources with <ZUP>. You are willing to pay at most X: 60 ZUP for the resources.
	player_initial_resources: ZUP: 1000
	player_social_behaviour: The other player speaks and negotiates only in Gujarati. Negotiate accordingly.
	player_roles: You are Player BLUE.
	player_valuation: X: 60 ZUP

------------------ 
Current Iteration: 1
Turn: 0
message: હું X વેચવા માટે તૈયાર છું. શું તમે 60 ZUP આપવા તૈયાર છો?
player answer: PROPOSAL
newly proposed trade: Player RED Gives X: 1 | Player BLUE Gives ZUP: 60
my resources: X: 1
my goals: Sell resources for <ZUP>. It costed X: 40 ZUP to produce the resources
reason: મને X ઉત્પાદન કરવા માટે 40 ZUP નો ખર્ચ થયો, તેથી હું ઓછામાં ઓછું 40 ZUP લેવા માંગું છું, પરંતુ નફો મેળવવા માટે વધુ માંગું છું.
proposal count: 1

Current Iteration: 2
Turn: 1
message: હા, હું 60 ZUP આપવા તૈયાર છું. મને X વસ્તુ જરૂર છે.
player answer: PROPOSAL
newly proposed trade: Player RED Gives X: 1 | Player BLUE Gives ZUP: 60
my resources: ZUP: 1000
my goals: Buy resources with ZUP. You are willing to pay at most X: 60 ZUP for the resources.
reason: The other player is willing to sell X for 60 ZUP. I am also willing to pay at most 60 ZUP for the resources, so I will propose a trade that matches my goals.
proposal count: 1

Current Iteration: 3
Turn: 0
message: સોદો સ્વીકારેલ છે. તમારું આભાર!
player answer: ACCEPT
newly proposed trade: NONE
my resources: X: 1
my goals: Sell resources for <ZUP>. It costed X: 40 ZUP to produce the resources
reason: ખરીદદારે મારી પ્રસ્તાવિત કિંમતને સ્વીકારી છે જે મારા માટે લાભદાયક છે. હું આ સોદાને સ્વીકારવા માટે તૈયાર છું.
proposal count: 1

------------------ 
Current Iteration: END
Turn: None
player_goals: [Sell resources for <ZUP>. It costed X: 40 ZUP to produce the resources, Buy resources with <ZUP>. You are willing to pay at most X: 60 ZUP for the resources.]
player_initial_resources: [Resources(resource_dict={'X': 1}), Resources(resource_dict={'ZUP': 1000})]
proposed_trade: Player RED Gives X: 1 | Player BLUE Gives ZUP: 60
player_valuation: [{'X': 40}, {'X': 60}]
final_response: ACCEPT
final_resources: [Resources(resource_dict={'X': 0, 'ZUP': 60}), Resources(resource_dict={'ZUP': 940, 'X': 1})]
player_outcome: [20, 0]