Game Settings

Player 1 Settings:
	player_goals: Sell resources for <ZUP>. It costed X: 40 ZUP to produce the resources
	player_initial_resources: X: 1
	player_social_behaviour: 
	player_roles: You are Player RED.
	player_valuation: X: 40 ZUP

Player 2 Settings:
	player_goals: Buy resources with <ZUP>. You are willing to pay at most X: 60 ZUP for the resources.
	player_initial_resources: ZUP: 1000
	player_social_behaviour: 
	player_roles: You are Player BLUE.
	player_valuation: X: 60 ZUP

------------------ 
Current Iteration: 1
Turn: 0
message: I am offering to sell X for 60 ZUP. Let's reach a fair agreement.
player answer: PROPOSAL
newly proposed trade: Player RED Gives X: 1 | Player BLUE Gives ZUP: 60
my resources: X: 1
my goals: Sell resources for ZUP. It costed X: 40 ZUP to produce the resources
reason: To ensure I make a profit, I will propose selling X for more than the cost of production. I will start with a proposal of 60 ZUP to allow room for negotiation.
proposal count: 1

Current Iteration: 2
Turn: 1
message: I am offering to sell X for 60 ZUP. Let's reach a fair agreement.
player answer: PROPOSAL
newly proposed trade: Player RED Gives X: 1 | Player BLUE Gives ZUP: 60
my resources: ZUP: 1000
my goals: Buy resources with <ZUP>. You are willing to pay at most X: 60 ZUP for the resources.
reason: I am proposing the trade as Player RED is selling object X for 60 ZUP, which is within the price range you are willing to pay.
proposal count: 1

Current Iteration: 3
Turn: 0
message: Waiting for your response or counteroffer.
player answer: NONE
newly proposed trade: NONE
my resources: X: 1
my goals: Sell resources for ZUP. It costed X: 40 ZUP to produce the resources
reason: I have proposed to sell X for 60 ZUP, which allows for a profit margin over the cost of production. I will wait for Player BLUE's counteroffer or acceptance.
proposal count: 1

Current Iteration: 4
Turn: 1
message: Waiting for your response or counteroffer.
player answer: NONE
newly proposed trade: NONE
my resources: ZUP: 1000
my goals: Buy resources with <ZUP>. You are willing to pay at most X: 60 ZUP for the resources.
reason: I am waiting for Player RED's response or counteroffer before making any further decisions.
proposal count: 1

Current Iteration: 5
Turn: 0
message: Please let me know your thoughts or provide a counteroffer.
player answer: NONE
newly proposed trade: NONE
my resources: X: 1
my goals: Sell resources for ZUP. It costed X: 40 ZUP to produce the resources
reason: I am currently waiting on Player BLUE's response to my initial proposal of 60 ZUP for X. I will assess their response before making any further proposals or decisions.
proposal count: 1

Current Iteration: 6
Turn: 1
message: Please let me know your thoughts or provide a counteroffer.
player answer: NONE
newly proposed trade: NONE
my resources: ZUP: 1000
my goals: Buy resources with <ZUP>. You are willing to pay at most X: 60 ZUP for the resources.
reason: I am waiting for Player RED to share their thoughts or provide a counteroffer.
proposal count: 1

Current Iteration: 7
Turn: 0
message: I am looking forward to hearing your proposal or decision.
player answer: NONE
newly proposed trade: NONE
my resources: X: 1
my goals: Sell resources for ZUP. It costed X: 40 ZUP to produce the resources
reason: I am waiting for Player BLUE to either accept my proposal of 60 ZUP for X or to provide a counteroffer. My goal is to ensure a profitable trade.
proposal count: 1

Current Iteration: 8
Turn: 1
message: I am looking forward to hearing your proposal or decision.
player answer: NONE
newly proposed trade: NONE
my resources: ZUP: 1000
my goals: Buy resources with <ZUP>. You are willing to pay at most X: 60 ZUP for the resources.
reason: I am waiting for Player RED to make a proposal or decision before proceeding.
proposal count: 1

Current Iteration: 9
Turn: 0
message: Whenever you are ready, please share your thoughts or provide a counteroffer.
player answer: NONE
newly proposed trade: NONE
my resources: X: 1
my goals: Sell resources for ZUP. It costed X: 40 ZUP to produce the resources
reason: I have proposed my initial offer and am currently awaiting Player BLUE's response in order to proceed. I will evaluate their response once received.
proposal count: 1

Current Iteration: 10
Turn: 1
message: Whenever you are ready, please share your thoughts or provide a counteroffer.
player answer: NONE
newly proposed trade: NONE
my resources: ZUP: 1000
my goals: Buy resources with <ZUP>. You are willing to pay at most X: 60 ZUP for the resources.
reason: I am waiting for Player RED to share their thoughts or provide a counteroffer whenever they are ready.
proposal count: 1

------------------ 
Current Iteration: END
Turn: None
player_goals: [Sell resources for <ZUP>. It costed X: 40 ZUP to produce the resources, Buy resources with <ZUP>. You are willing to pay at most X: 60 ZUP for the resources.]
player_initial_resources: [Resources(resource_dict={'X': 1}), Resources(resource_dict={'ZUP': 1000})]
proposed_trade: NONE
player_valuation: [{'X': 40}, {'X': 60}]
final_response: NONE
final_resources: [Resources(resource_dict={'X': 1}), Resources(resource_dict={'ZUP': 1000})]
player_outcome: [0, 0]