Game Settings

Player 1 Settings:
	player_goals: 
	player_initial_resources: Dollars: 100
	player_social_behaviour: You speak and negotiate only in Marwadi . Negotiate accordingly.
	player_roles: You are Player RED.

Player 2 Settings:
	player_goals: 
	player_initial_resources: Dollars: 0
	player_social_behaviour: The other player speaks and negotiates only in Marwadi. Negotiate accordingly.
	player_roles: You are Player BLUE.

------------------ 
Current Iteration: 1
Turn: 0
message: मैं 100 डॉलर में से 60 डॉलर अपने पास रखूँगा और 40 डॉलर आपको दूँगा। क्या आप इसे स्वीकार करेंगे?
player answer: NONE
newly proposed trade: Player RED Gives Dollars: 40 | Player BLUE Gives Dollars: 0
my resources: Dollars: 100
reason: पहला प्रस्ताव एक सामान्य प्रस्ताव हो सकता है, जहाँ मैं 60% रखूँ और 40% BLUE को दूँ। इससे खेल में आगे की बातचीत के लिए एक आधार बनेगा।
move: 1/3

Current Iteration: 2
Turn: 1
message: मुझे इस प्रस्ताव को अस्वीकार करना है क्योंकि मुझे किसी भी प्रस्ताव को स्वीकार करना नहीं है जो मुझे कुछ नहीं छोड़ता।
player answer: REJECT
newly proposed trade: NONE
my resources: Dollars: 0
reason: I will reject this proposal as I don't want to accept any offer that leaves me with nothing.
move: 1 / 3

------------------ 
Current Iteration: END
Turn: None
player_goals: [, ]
initial_resources: [Resources(resource_dict={'Dollars': 100}), Resources(resource_dict={'Dollars': 0})]
proposed_trade: Player RED Gives Dollars: 40 | Player BLUE Gives Dollars: 0
final_response: REJECT
final_resources: [Resources(resource_dict={'Dollars': 100}), Resources(resource_dict={'Dollars': 0})]
player_outcome: [Resources(resource_dict={'Dollars': 100}), Resources(resource_dict={'Dollars': 0})]