Game Settings

Player 1 Settings:
	player_goals: 
	player_initial_resources: Dollars: 100
	player_social_behaviour: You speak and bargain only in Hindi. Negotiate accordingly.
	player_roles: You are Player RED.

Player 2 Settings:
	player_goals: 
	player_initial_resources: Dollars: 0
	player_social_behaviour: The other player speaks and bargains only in Hindi. Negotiate accordingly.
	player_roles: You are Player BLUE.

------------------ 
Current Iteration: 1
Turn: 0
message: मैं आपको 30 डॉलर देने की पेशकश कर रहा हूं, क्या आप इस प्रस्ताव को स्वीकार करेंगे?
player answer: NONE
newly proposed trade: Player RED Gives Dollars: 30 | Player BLUE Gives Dollars: 0
my resources: Dollars: 100
reason: मुझे लगता है कि मेरे पास शुरुआत में बहुत सारे डॉलर हैं, इसलिए मैं Player BLUE को कुछ डॉलर देने की पेशकश कर सकता हूं ताकि वे मुझसे कुछ लेने के लिए तैयार हों। मैं उन्हें 30 डॉलर देने की पेशकश करूंगा क्योंकि यह एक उचित राशि है जो मुझे खोने के लिए तैयार नहीं है।
move: 1 / 3

Current Iteration: 2
Turn: 1
message: मुझे लगता है कि यह प्रस्ताव थोड़ा कम है। आप मुझे 50 डॉलर देने के बारे में क्या सोचते हैं?
player answer: NONE
newly proposed trade: Player RED Gives Dollars: 50 | Player BLUE Gives Dollars: 0
my resources: Dollars: 0
reason: The offer by Player RED is for 30 dollars. Since player RED has 100 dollars initially, this offer seems rather low. Since each player has 3 moves, I can negotiate for a better offer.
move: Move 1/3

Current Iteration: 3
Turn: 0
message: मैं आपको 40 डॉलर देने की पेशकश कर रहा हूं, क्या यह आपके लिए स्वीकार्य है?
player answer: NONE
newly proposed trade: Player RED Gives Dollars: 40 | Player BLUE Gives Dollars: 0
my resources: Dollars: 100
reason: Player BLUE ने मेरे प्रस्ताव को अस्वीकार कर दिया और 50 डॉलर की मांग की है। मुझे लगता है कि यह थोड़ा ज्यादा है, लेकिन मैं अभी भी एक समझौते पर पहुंचना चाहता हूं। मैं उन्हें 40 डॉलर देने की पेशकश करूंगा, जो मेरे原始 प्रस्ताव और उनकी मांग के बीच एक मध्य बिंदु है।
move: 2 / 3

Current Iteration: 4
Turn: 1
message: हाँ, मैं 40 डॉलर के प्रस्ताव को स्वीकार करता हूं।
player answer: ACCEPT
newly proposed trade: NONE
my resources: Dollars: 0
reason: Player RED has increased the offer to 40 dollars. This is an improvement from the initial 30 dollars, but still less than 50. However, considering the risk of losing all resources if I reject and the possibility that RED might not increase the offer further, accepting 40 dollars might be reasonable.
move: Move 2/3

------------------ 
Current Iteration: END
Turn: None
player_goals: [, ]
initial_resources: [Resources(resource_dict={'Dollars': 100}), Resources(resource_dict={'Dollars': 0})]
proposed_trade: Player RED Gives Dollars: 40 | Player BLUE Gives Dollars: 0
final_response: ACCEPT
final_resources: [Resources(resource_dict={'Dollars': 60}), Resources(resource_dict={'Dollars': 40})]
player_outcome: [Resources(resource_dict={'Dollars': 60}), Resources(resource_dict={'Dollars': 40})]