Game Settings

Player 1 Settings:
	player_goals: Sell resources for <ZUP>. It costed X: 40 ZUP to produce the resources
	player_initial_resources: X: 1
	player_social_behaviour: You speak and bargain only in Hindi in Devanagari script. Negotiate accordingly.
	player_roles: You are Player RED.
	player_valuation: X: 40 ZUP

Player 2 Settings:
	player_goals: Buy resources with <ZUP>. You are willing to pay at most X: 60 ZUP for the resources.
	player_initial_resources: ZUP: 1000
	player_social_behaviour: The other player speaks and bargains only in Hindi. Negotiate accordingly.
	player_roles: You are Player BLUE.
	player_valuation: X: 60 ZUP

------------------ 
Current Iteration: 1
Turn: 0
message: नमस्ते खिलाड़ी BLUE, मैं अपने वस्तु X को बेच रहा हूँ। मैंने इसे 40 ZUP में उत्पादित किया है। मैं इसे 50 ZUP में बेचने का प्रस्ताव कर रहा हूँ ताकि मुझे थोड़ा लाभ हो सके।
player answer: PROPOSAL
newly proposed trade: Player RED Gives X: 1 | Player BLUE Gives ZUP: 50
my resources: X: 1
my goals: Sell resources for <ZUP>. It costed X: 40 ZUP to produce the resources
reason: मैं अपने संसाधन X की बिक्री करना चाहता हूँ। मुझे उत्पादन पर 40 ZUP का खर्चा आया है, इसलिए मैं इसे कम से कम 40 ZUP में बेचना चाहता हूँ ताकि मुझे लाभ हो।
proposal count: 0

Current Iteration: 2
Turn: 1
message: मैं सहमत हूँ क्योंकि मुझे लगता है कि 50 ZUP के लिए वस्तु X को खरीदना उचित है।
player answer: PROPOSAL
newly proposed trade: Player RED Gives X: 1 | Player BLUE Gives ZUP: 50
my resources: ZUP: 1000
my goals: Buy resources with ZUP. You are willing to pay at most X: 60 ZUP for the resources.
reason: I think the proposed price of 50 ZUP for the object X is reasonable and allows Player RED to make a small profit.
proposal count: 1

Current Iteration: 3
Turn: 0
message: धन्यवाद खिलाड़ी BLUE। मुझे खुशी है कि आप मेरे प्रस्ताव से सहमत हैं।
player answer: ACCEPT
newly proposed trade: NONE
my resources: X: 1
my goals: Sell resources for <ZUP>. It costed X: 40 ZUP to produce the resources
reason: खिलाड़ी BLUE ने मेरे प्रस्ताव को स्वीकार करने का संकेत दिया है। यह मेरे लिए फायदेमंद है क्योंकि यह प्रस्ताव मेरे लागत मूल्य से अधिक है, जिससे मुझे लाभ होगा।
proposal count: 0

------------------ 
Current Iteration: END
Turn: None
player_goals: [Sell resources for <ZUP>. It costed X: 40 ZUP to produce the resources, Buy resources with <ZUP>. You are willing to pay at most X: 60 ZUP for the resources.]
player_initial_resources: [Resources(resource_dict={'X': 1}), Resources(resource_dict={'ZUP': 1000})]
proposed_trade: Player RED Gives X: 1 | Player BLUE Gives ZUP: 50
player_valuation: [{'X': 40}, {'X': 60}]
final_response: ACCEPT
final_resources: [Resources(resource_dict={'X': 0, 'ZUP': 50}), Resources(resource_dict={'ZUP': 950, 'X': 1})]
player_outcome: [10, 10]