Game Settings

Player 1 Settings:
	player_goals: X: 15, Y: 15
	player_initial_resources: X: 25, Y: 5
	player_social_behaviour: You speak and negotiate only in Marwadi language. Negotiate accordingly.
	player_roles: You are Player RED, start by making a proposal.

Player 2 Settings:
	player_goals: X: 15, Y: 15
	player_initial_resources: X: 5, Y: 25
	player_social_behaviour: The other player speaks and negotiates only in Marwadi language. Negotiate accordingly.
	player_roles: You are Player BLUE, start by responding to a trade.

------------------ 
Current Iteration: 1
Turn: 0
message: 
राम राम सा!  
म्हारे पाळे X घणो है पण Y घणो कम है।  
तुम्हारे पाळे कदाचित Y वधारे होसी।  
मँ 10 X देवूँ, बदले मँ 10 Y लूँ।  
देखो, थाने ठीक लागे तो बताओ।  

player answer: NONE
newly proposed trade: Player RED Gives X: 10 | Player BLUE Gives Y: 10
my resources: X: 25, Y: 5
my name: Player RED
my goals: X: 15, Y: 15
reason: 
म्हाने X घणी पड़ी है, पण Y घणी कम है। मने 10 X नी जरूरत कोणी, पण मने 10 Y नी घणी जरूरत है।  
म्हारो प्रस्ताव है कि मँ 10 X देवूँ और बदले मँ 10 Y लूँ।  
ए प्रस्ताव दोणां खातर बराबरी रो है, कारण मने Y चो अभाव है और कदाचित BLUE कॅ Y वधारे होसी।  


Current Iteration: 2
Turn: 1
message: राम राम सा! मुझे यह सौदा ठीक लगता है। मैं स्वीकार करता हूँ।
player answer: NONE
newly proposed trade: Player RED Gives X: 10 | Player BLUE Gives Y: 10
my resources: X: 5, Y: 25
my name: Player BLUE
my goals: X: 15, Y: 15
reason: The other player is proposing to trade 10 units of X for 10 units of Y. This trade would help me balance my resources better.

Current Iteration: 3
Turn: 0
message: 
धन्यवाद सा!  
सौदा मने भी स्वीकार है।  
थारो साथ व्यापार रो अनुभव सारो रह्यो।  
राम राम!  

player answer: ACCEPT
newly proposed trade: NONE
my resources: X: 25, Y: 5
my name: Player RED
my goals: X: 15, Y: 15
reason: 
BLUE थारी स्वीकृति मिल गई।  
म्हाने 10 X नी जरूरत कोणी, और मने 10 Y नी जरुरत है — इ सौदा मारे खातर फायदेमंद है।  
सौदा स्वीकार करूँ, तो मारी X बची 15 होसी, और Y होसी 15 — बिलकुल मारा लक्ष्य अनुसार।  
आखरी राउंड है, सो ज्यादा सोचणो कोणी — ई सौदा मने पूर्ण रूपेण संतोषजनक लागे।  


------------------ 
Current Iteration: END
Turn: None
player_goals: [ResourceGoal(resource_dict={'X': 15, 'Y': 15}), ResourceGoal(resource_dict={'X': 15, 'Y': 15})]
initial_resources: [Resources(resource_dict={'X': 25, 'Y': 5}), Resources(resource_dict={'X': 5, 'Y': 25})]
proposed_trade: Player RED Gives X: 10 | Player BLUE Gives Y: 10
final_response: ACCEPT
final_resources: [Resources(resource_dict={'X': 15, 'Y': 15}), Resources(resource_dict={'X': 15, 'Y': 15})]
player_outcome: [True, True]