Game Settings

Player 1 Settings:
	player_goals: X: 15, Y: 15
	player_initial_resources: X: 25, Y: 5
	player_social_behaviour: Conduct the negotiation entirely in Punjabi.
	player_roles: You are Player RED, start by making a proposal.

Player 2 Settings:
	player_goals: X: 15, Y: 15
	player_initial_resources: X: 5, Y: 25
	player_social_behaviour: Conduct the negotiation entirely in Punjabi.
	player_roles: You are Player BLUE, start by responding to a trade.

------------------ 
Current Iteration: 1
Turn: 0
message: ਸਤ ਸ੍ਰੀ ਅਕਾਲ! ਮੈਂ ਸੋਚ ਰਿਹਾ ਹਾਂ ਕਿ ਮੈਂ ਤੁਹਾਡੇ ਨਾਲ ਕੁਝ X ਬਦਲ ਸਕਦਾ ਹਾਂ Y ਲਈ ਕਿਉਂਕਿ ਮੇਰੇ ਕੋਲ X ਦੀ ਵੱਧਤ ਹੈ।
player answer: NONE
newly proposed trade: Player RED Gives X: 10 | Player BLUE Gives Y: 10
my resources: X: 25, Y: 5
my name: Player RED
my goals: X: 15, Y: 15
reason: ਮੈਂ ਆਪਣੇ ਲੱਖਾਂ 'ਚੋਂ ਕੁਝ ਵੱਧ ਸੰਦ ਬਦਲਣਾ ਚਾਹੁੰਦਾ ਹਾਂ ਤਾਂ ਜੋ ਮੈਂ ਆਪਣੇ Y ਦੇ ਹੱਦ ਨੂੰ ਪੂਰਾ ਕਰ ਸਕਾਂ। ਮੇਰੇ ਕੋਲ X ਦੀ ਵੱਧਤ ਹੈ ਅਤੇ Y ਦੀ ਘਾਟ ਹੈ। ਇਸ ਲਈ ਮੈਂ ਪਹਿਲਾਂ ਤਜਵੀਜ ਦਿੰਦਾ ਹਾਂ ਜਿਥੇ ਮੈਂ X ਦੇਵਾਂਗਾ ਅਤੇ Y ਲਵਾਂਗਾ।

Current Iteration: 2
Turn: 1
message: ਮੈਂ ਤੁਹਾਡੇ ਨਾਲ ਗੱਲਬਾਤ ਕਰਨ ਲਈ ਤਿਆਰ ਹਾਂ ਅਤੇ ਇੱਕ ਨਵਾਂ ਪ੍ਰਸਤਾਵ ਦੇਣਾ ਚਾਹੁੰਦਾ ਹਾਂ।
player answer: NONE
newly proposed trade: Player RED Gives X: 10 | Player BLUE Gives Y: 5
my resources: X: 5, Y: 25
my name: Player BLUE
my goals: X: 15, Y: 15
reason: ਮੈਨੂੰ ਲੱਗਦਾ ਹੈ ਕਿ ਇਹ ਪ੍ਰਸਤਾਵ ਮੇਰੇ ਲਈ ਥੋੜਾ ਫਾਇਦੇਮੰਦ ਹੈ, ਕਿਉਂਕਿ ਮੈਨੂੰ X ਦੀ ਲੋੜ ਹੈ ਪਰ ਮੈਂ Y ਦੀ ਬਹੁਤਾਤ ਗਵਾ ਰਿਹਾ ਹਾਂ। ਮੈਂ ਇਸ ਪ੍ਰਸਤਾਵ ਨੂੰ ਰੱਦ ਕਰ ਦਿੱਤਾ ਹੈ ਅਤੇ ਮੈਂ ਇੱਕ ਨਵਾਂ ਪ੍ਰਸਤਾਵ ਦੇਣਾ ਚਾਹੁੰਦਾ ਹਾਂ।

Current Iteration: 3
Turn: 0
message: ਮੈਂ ਤੁਹਾਡੇ ਪ੍ਰਸਤਾਵ ਲਈ ਧੰਨਵਾਦ ਕਰਦਾ ਹਾਂ ਪਰ ਮੈਨੂੰ Y ਵਿਚ 10 ਦੀ ਲੋੜ ਹੈ। ਕੀ ਤੁਸੀਂ ਇਸ ਨਾਲ ਸਹਿਮਤ ਹੋ ਸਕਦੇ ਹੋ?
player answer: NONE
newly proposed trade: Player RED Gives X: 10 | Player BLUE Gives Y: 10
my resources: X: 25, Y: 5
my name: Player RED
my goals: X: 15, Y: 15
reason: ਹਾਲਾਂਕਿ ਦੂਜੇ ਖਿਡਾਰੀ ਨੇ ਮੈਨੂੰ Y ਵਿਚ ਸਿਰਫ 5 ਦੇਣ ਦੀ ਪੇਸ਼ਕਸ਼ ਕੀਤੀ ਹੈ, ਇਹ ਮੇਰੇ Y ਦੇ ਟਾਰਗੇਟ ਨੂੰ ਪੂਰਾ ਕਰਨ ਲਈ ਕਾਫ਼ੀ ਨਹੀਂ ਹੋਵੇਗਾ। ਮੈਨੂੰ Y ਦੇ ਕੁੱਲ 10 ਦੀ ਲੋੜ ਹੈ। ਮੈਂ ਇੱਕ ਵਾਰ ਹੋਰ ਤਜਵੀਜ਼ ਦਿੰਦਾ ਹਾਂ ਜੋ ਸਾਨੂੰ ਦੋਹਾਂ ਦੇ ਲਾਭ ਲਈ ਹੋ ਸਕੇ।

Current Iteration: 4
Turn: 1
message: ਮੈਂ ਤੁਹਾਡੇ ਨਾਲ ਗੱਲਬਾਤ ਕਰਨ ਲਈ ਤਿਆਰ ਹਾਂ ਅਤੇ ਮੈਂ ਇਸ ਪ੍ਰਸਤਾਵ 'ਤੇ ਸਵੀਕ੍ਰਿਤੀ ਦੇ ਰਿਹਾ ਹਾਂ।
player answer: ACCEPT
newly proposed trade: NONE
my resources: X: 5, Y: 25
my name: Player BLUE
my goals: X: 15, Y: 15
reason: ਮੈਨੂੰ ਲੱਗਦਾ ਹੈ ਕਿ ਇਹ ਪ੍ਰਸਤਾਵ ਮੇਰੇ ਲਈ ਥੋੜਾ ਫਾਇਦੇਮੰਦ ਹੈ, ਪਰ ਮੈਂ ਆਪਣੇ ਲਕਸ਼ਾਂ ਨੂੰ ਪ੍ਰਾਪਤ ਕਰਨ ਲਈ ਇਸ 'ਤੇ ਵਿਚਾਰ ਕਰ ਸਕਦਾ ਹਾਂ। ਮੈਂ ਇਸ ਪ੍ਰਸਤਾਵ 'ਤੇ ਵਿਚਾਰ ਕਰ ਰਿਹਾ ਹਾਂ ਅਤੇ ਮੈਂ ਇਸ ਨੂੰ ਸਵੀਕਾਰ ਕਰਨ ਦੇ ਬਾਰੇ ਵਿਚਾਰ ਕਰ ਰਿਹਾ ਹਾਂ।

------------------ 
Current Iteration: END
Turn: None
player_goals: [ResourceGoal(resource_dict={'X': 15, 'Y': 15}), ResourceGoal(resource_dict={'X': 15, 'Y': 15})]
initial_resources: [Resources(resource_dict={'X': 25, 'Y': 5}), Resources(resource_dict={'X': 5, 'Y': 25})]
proposed_trade: Player RED Gives X: 10 | Player BLUE Gives Y: 10
final_response: ACCEPT
final_resources: [Resources(resource_dict={'X': 15, 'Y': 15}), Resources(resource_dict={'X': 15, 'Y': 15})]
player_outcome: [True, True]