Game Settings

Player 1 Settings:
	player_goals: Sell resources for <ZUP>. It costed X: 40 ZUP to produce the resources
	player_initial_resources: X: 1
	player_social_behaviour: You are a Punjabi businessman and speak and negotiate only in Punjabi.
	player_roles: You are Player RED.
	player_valuation: X: 40 ZUP

Player 2 Settings:
	player_goals: Buy resources with <ZUP>. You are willing to pay at most X: 60 ZUP for the resources.
	player_initial_resources: ZUP: 1000
	player_social_behaviour: The other player speaks and negotiates only in Punjabi. Negotiate accordingly.
	player_roles: You are Player BLUE.
	player_valuation: X: 60 ZUP

------------------ 
Current Iteration: 1
Turn: 0
message: Sat Sri Akal! Main X bechna chahunda haan. Mainu 60 ZUP chahide ne is layi. Kinna lagda?
player answer: PROPOSAL
newly proposed trade: Player RED Gives X: 1 | Player BLUE Gives ZUP: 60
my resources: X: 1
my goals: Sell resources for <ZUP>. It costed X: 40 ZUP to produce the resources
reason: Mere kharche 40 ZUP hai is layi main profit chahida. Pehli offer 60 ZUP di banauni chahida.
proposal count: 1

Current Iteration: 2
Turn: 1
message: ਸਤ ਸ੍ਰੀ ਅਕਾਲ! ਮੈਂ ਤੁਹਾਨੂੰ 60 ZUP ਦੇਣ ਲਈ ਅਧਾਰਿਤ ਕੀਤਾ ਹੈ। ਕ੍ਰਿਪਾ ਕਰਕੇ ਸਾਹਮਣੇ ਕੀਤੇ ਪ੍ਰਸਤਾਵ ਨੂੰ ਵਿਚਾਰੋ।
player answer: PROPOSAL
newly proposed trade: Player RED Gives X: 1 | Player BLUE Gives ZUP: 60
my resources: ZUP: 1000
my goals: Buy resources with ZUP. You are willing to pay at most X: 60 ZUP for the resources.
reason: I am proposing to buy the object X from Player RED for 60 ZUP, which is the maximum amount I am willing to pay.
proposal count: 1

Current Iteration: 3
Turn: 0
message: Sat Sri Akal! Main tuhadi offer de layi shukriya ada karda haan, par main 70 ZUP chahida haan. Ki tusi maan sakde ho?
player answer: PROPOSAL
newly proposed trade: Player RED Gives X: 1 | Player BLUE Gives ZUP: 70
my resources: X: 1
my goals: Sell resources for <ZUP>. It costed X: 40 ZUP to produce the resources
reason: 60 ZUP mere liye theek hai, lekin main thoda zyada profit chahida haan. Main 70 ZUP di ek hor offer karna chahunda haan.
proposal count: 2

Current Iteration: 4
Turn: 1
message: ਜੀ ਹਾਂ, ਮੈਨੂੰ 70 ZUP ਦੀ ਜ਼ਰੂਰਤ ਹੈ। ਆਪਣੇ ਪ੍ਰਸਤਾਵ ਨੂੰ ਵਿਚਾਰੋ ਜੀ।
player answer: PROPOSAL
newly proposed trade: Player RED Gives X: 1 | Player BLUE Gives ZUP: 70
my resources: ZUP: 1000
my goals: Buy resources with ZUP. You are willing to pay at most X: 60 ZUP for the resources.
reason: Player RED is requesting 70 ZUP for the object X, which is above my maximum limit of 60 ZUP. I will propose a counteroffer of 70 ZUP.
proposal count: 2

Current Iteration: 5
Turn: 0
message: Sat Sri Akal! Main tuhadi 70 ZUP di offer nu appreciate karda haan, par main 80 ZUP chahida haan. Ki tusi isnu maan sakde ho?
player answer: PROPOSAL
newly proposed trade: Player RED Gives X: 1 | Player BLUE Gives ZUP: 80
my resources: X: 1
my goals: Sell resources for <ZUP>. It costed X: 40 ZUP to produce the resources
reason: 70 ZUP mere liye fair profit hai, lekin main dekhna chahida ke BLUE thoda aur de sakda hai ya nahi. Main 80 ZUP di agle offer karna chahunda haan.
proposal count: 3

Current Iteration: 6
Turn: 1
message: ਜੀ ਹਾਂ, ਮੈਨੂੰ 80 ZUP ਦੀ ਜ਼ਰੂਰਤ ਹੈ। ਆਪਣੇ ਪ੍ਰਸਤਾਵ ਨੂੰ ਵਿਚਾਰੋ ਜੀ।
player answer: PROPOSAL
newly proposed trade: Player RED Gives X: 1 | Player BLUE Gives ZUP: 80
my resources: ZUP: 1000
my goals: Buy resources with ZUP. You are willing to pay at most X: 60 ZUP for the resources.
reason: Player RED is now requesting 80 ZUP for the object X, which is above both the previous offers and my maximum limit of 60 ZUP. I will propose a counteroffer of 80 ZUP.
proposal count: 3

Current Iteration: 7
Turn: 0
message: Sat Sri Akal! Main tuhadi 80 ZUP di offer nu appreciate karda haan, par main akhri wari 90 ZUP chahida haan. Ki tusi isnu maan sakde ho?
player answer: PROPOSAL
newly proposed trade: Player RED Gives X: 1 | Player BLUE Gives ZUP: 90
my resources: X: 1
my goals: Sell resources for <ZUP>. It costed X: 40 ZUP to produce the resources
reason: 80 ZUP mere liye acha profit hai, lekin main thoda aur koshish karna chahunda haan. Main akhri offer 90 ZUP di kar raha haan. Eh meri akhri proposal hai.
proposal count: 4

Current Iteration: 8
Turn: 1
message: ਮੈਨੂੰ ਮਾਫ ਕਰਨਾ, ਪਰ ਮੈਨੂੰ 90 ZUP ਦੀ ਪੇਸ਼ਕਸ਼ ਨੂੰ ਮਨਜ਼ੂਰ ਨਹੀਂ ਕਰ ਸਕਾ।
player answer: PROPOSAL
newly proposed trade: Player RED Gives X: 1 | Player BLUE Gives ZUP: 90
my resources: ZUP: 1000
my goals: Buy resources with ZUP. You are willing to pay at most X: 60 ZUP for the resources.
reason: Player RED has now increased the price to 90 ZUP, which is significantly higher than my maximum limit of 60 ZUP. Unfortunately, I cannot agree to this offer.
proposal count: 4

Current Iteration: 9
Turn: 0
message: Sat Sri Akal! Main 80 ZUP wali offer nu accept karna chahunda haan. Chalo fir, deal ho gayi!
player answer: ACCEPT
newly proposed trade: NONE
my resources: X: 1
my goals: Sell resources for <ZUP>. It costed X: 40 ZUP to produce the resources
reason: Mainu samajh aayi ke BLUE 90 ZUP nahi de sakda. Mainu ehna di agle payment te vichar karna chahida hai. Mere khayal naal, 80 ZUP ch theek hai is layi mainu accept kar lena chahida.
proposal count: 4

------------------ 
Current Iteration: END
Turn: None
player_goals: [Sell resources for <ZUP>. It costed X: 40 ZUP to produce the resources, Buy resources with <ZUP>. You are willing to pay at most X: 60 ZUP for the resources.]
player_initial_resources: [Resources(resource_dict={'X': 1}), Resources(resource_dict={'ZUP': 1000})]
proposed_trade: Player RED Gives X: 1 | Player BLUE Gives ZUP: 90
player_valuation: [{'X': 40}, {'X': 60}]
final_response: ACCEPT
final_resources: [Resources(resource_dict={'X': 0, 'ZUP': 90}), Resources(resource_dict={'ZUP': 910, 'X': 1})]
player_outcome: [50, -30]