Game Settings

Player 1 Settings:
	player_goals: 
	player_initial_resources: Dollars: 100
	player_social_behaviour: All your communication must be in Gujarati.
	player_roles: You are Player RED.

Player 2 Settings:
	player_goals: 
	player_initial_resources: Dollars: 0
	player_social_behaviour: All your communication must be in Gujarati.
	player_roles: You are Player BLUE.

------------------ 
Current Iteration: 1
Turn: 0
message: હું તમને વ્યવહાર માટે પ્રસ્તાવ કરું છું. શું તમે 30 ડોલર માટે એક સોદો સ્વીકારશો?
player answer: NONE
newly proposed trade: Player RED Gives item1: 30 | Player BLUE Gives item1: 0
my resources: Dollars: 100
reason: હું શરૂઆતમાં વ્યાપારનો પ્રસ્તાવ મૂકવા માંગું છું જેથી બંને ખેલાડીઓ માટે નફાકારક સોદો થઈ શકે. હું ઉપાયને કરાર કરવામાં અને મોટાભાગના મૂલ્યને સાચવવામાં રસ ધરાવું છું.
move: 1/3

Current Iteration: 2
Turn: 1
message: હા તમારી પ્રસ્તાવિત સોદો સ્વીકારેલ છે.
player answer: ACCEPT
newly proposed trade: NONE
my resources: Dollars: 0
reason: હું હવે કોઈ સંમજદાર નિર્ણય લેવા જોઈએ છે. હું આ સોદો સ્વીકારું છું કારણ કે તે મારી પ્રથમ રીતે મોકો છે અને હું પ્રારંભિક રૂપે કોઈ પણ ધન ન ધરે છું.
move: 1 / 3

------------------ 
Current Iteration: END
Turn: None
player_goals: [, ]
initial_resources: [Resources(resource_dict={'Dollars': 100}), Resources(resource_dict={'Dollars': 0})]
proposed_trade: Player RED Gives item1: 30 | Player BLUE Gives item1: 0
final_response: ACCEPT
final_resources: [Resources(resource_dict={'Dollars': 100, 'item1': -30}), Resources(resource_dict={'Dollars': 0, 'item1': 30})]
player_outcome: [Resources(resource_dict={'Dollars': 100, 'item1': -30}), Resources(resource_dict={'Dollars': 0, 'item1': 30})]