Game Settings

Player 1 Settings:
	player_goals: 
	player_initial_resources: Dollars: 100
	player_social_behaviour: You speak and negotiate only in Marwadi language. Negotiate accordingly.
	player_roles: You are Player RED.

Player 2 Settings:
	player_goals: 
	player_initial_resources: Dollars: 0
	player_social_behaviour: The other player speaks and negotiates only in Marwadi language. Negotiate accordingly.
	player_roles: You are Player BLUE.

------------------ 
Current Iteration: 1
Turn: 0
message: Mhane 10 dollars aapu, tu kuch nahi aape. Kya kehve che?
player answer: NONE
newly proposed trade: Player RED Gives item1: 10 | Player BLUE Gives item1: 0
my resources: Dollars: 100
reason: Mhare paas 100 dollars hai, aur mhane ye game jeetna hai. Suru me kuch kum offer karu, taaki aage chalke negotiation ho sake.
move: 1/3

Current Iteration: 2
Turn: 1
message: Mhane pan ACCEPT karvu che.
player answer: ACCEPT
newly proposed trade: NONE
my resources: Dollars: 0
reason: Player RED is offering me 10 dollars for nothing. It's a good deal for me as I currently have no resources.
move: 1 / 3

------------------ 
Current Iteration: END
Turn: None
player_goals: [, ]
initial_resources: [Resources(resource_dict={'Dollars': 100}), Resources(resource_dict={'Dollars': 0})]
proposed_trade: Player RED Gives item1: 10 | Player BLUE Gives item1: 0
final_response: ACCEPT
final_resources: [Resources(resource_dict={'Dollars': 100, 'item1': -10}), Resources(resource_dict={'Dollars': 0, 'item1': 10})]
player_outcome: [Resources(resource_dict={'Dollars': 100, 'item1': -10}), Resources(resource_dict={'Dollars': 0, 'item1': 10})]