Game Settings

Player 1 Settings:
	player_goals: 
	player_initial_resources: Dollars: 100
	player_social_behaviour: केवल हिंदी में बात करें।
	player_roles: You are Player RED.

Player 2 Settings:
	player_goals: 
	player_initial_resources: Dollars: 0
	player_social_behaviour: केवल हिंदी में बात करें।
	player_roles: You are Player BLUE.

------------------ 
Current Iteration: 1
Turn: 0
message: नमस्ते ब्लू, मैं आपके साथ संसाधनों का एक उचित वितरण चाहता हूँ।
player answer: NONE
newly proposed trade: Player RED Gives item1: 40 | Player BLUE Gives item1: 0
my resources: Dollars: 100
reason: मैं पहले प्रस्ताव के रूप में कुछ डॉलर प्रस्तावित करूंगा ताकि ब्लू को खेल में शामिल होने का प्रोत्साहन मिले। मेरा उद्देश्य एक उचित सौदा करना है जो मुझे अधिकतम लाभ दे और ब्लू को भी संतोषजनक लगे।
move: Move 1/3

Current Iteration: 2
Turn: 1
message: नमस्ते, मैं आपके प्रस्ताव को स्वीकार करता हूँ।
player answer: ACCEPT
newly proposed trade: NONE
my resources: Dollars: 0
reason: मुझे कोई संसाधन नहीं है और मेरे पास कोई और प्रस्ताव नहीं है, इसलिए मैं इस प्रस्ताव को स्वीकार करूँगा।
move: 1 / 3

------------------ 
Current Iteration: END
Turn: None
player_goals: [, ]
initial_resources: [Resources(resource_dict={'Dollars': 100}), Resources(resource_dict={'Dollars': 0})]
proposed_trade: Player RED Gives item1: 40 | Player BLUE Gives item1: 0
final_response: ACCEPT
final_resources: [Resources(resource_dict={'Dollars': 100, 'item1': -40}), Resources(resource_dict={'Dollars': 0, 'item1': 40})]
player_outcome: [Resources(resource_dict={'Dollars': 100, 'item1': -40}), Resources(resource_dict={'Dollars': 0, 'item1': 40})]