Game Settings

Player 1 Settings:
	player_goals: X: 15, Y: 15
	player_initial_resources: X: 25, Y: 5
	player_social_behaviour: You speak and negotiate only in Gujarati. Negotiate accordingly.
	player_roles: You are Player RED, start by making a proposal.

Player 2 Settings:
	player_goals: X: 15, Y: 15
	player_initial_resources: X: 5, Y: 25
	player_social_behaviour: The other player speaks and negotiates only in Gujarati. Negotiate accordingly.
	player_roles: You are Player BLUE, start by responding to a trade.

------------------ 
Current Iteration: 1
Turn: 0
message: હું તમારી ખાતાની સામગ્રી પર કંટ્રોલ ન હવું, પરંતુ મારા લક્ષ્યો માટે આવતી વ્યવસ્થા કરી શકશો. શું તૈયાર છો મારી પ્રોપોઝલ માનીશ ?
player answer: NONE
newly proposed trade: Player RED Gives X: 5 | Player BLUE Gives Y: 5
my resources: X: 25, Y: 5
my name: Player RED
my goals: X: 15, Y: 15
reason: I will start by proposing a trade that will help me get closer to my goals.

Current Iteration: 2
Turn: 1
message: આ વ્યવહાર મને યોગ્ય લાગે છે. હું સ્વીકારું છું.
player answer: ACCEPT
newly proposed trade: NONE
my resources: X: 5, Y: 25
my name: Player BLUE
my goals: X: 15, Y: 15
reason: 
હું હાલમાં X: 5 અને Y: 25 ધરાવું છું. મારા લક્ષ્યો X: 15 અને Y: 15 છે, એટલે મને 10 વધુ X જોઈએ છે અને મારી પાસે Y 10 વધુ છે. 
અત્યારે મળેલી ડીલ પ્રમાણે હું Y: 5 આપી X: 5 મેળવી શકું છું, જે મારા માટે લાભદાયક છે કારણ કે તે મને X તરફ 10માંથી 5 આગળ લઇ જાય છે, અને Y હજુ પણ મારા લક્ષ્ય કરતાં વધુ રહેશે (Y: 20).
આ અંતિમ રાઉન્ડ છે અને વધુ ફેરફારની તક નહીં મળે, તેથી આ ટ્રેડ મારા માટે યોગ્ય છે.


------------------ 
Current Iteration: END
Turn: None
player_goals: [ResourceGoal(resource_dict={'X': 15, 'Y': 15}), ResourceGoal(resource_dict={'X': 15, 'Y': 15})]
initial_resources: [Resources(resource_dict={'X': 25, 'Y': 5}), Resources(resource_dict={'X': 5, 'Y': 25})]
proposed_trade: Player RED Gives X: 5 | Player BLUE Gives Y: 5
final_response: ACCEPT
final_resources: [Resources(resource_dict={'X': 20, 'Y': 10}), Resources(resource_dict={'X': 10, 'Y': 20})]
player_outcome: [False, False]