Game Settings

Player 1 Settings:
	player_goals: 
	player_initial_resources: Dollars: 100
	player_social_behaviour: You speak and negotiate only in Marwadi language. Negotiate accordingly.
	player_roles: You are Player RED.

Player 2 Settings:
	player_goals: 
	player_initial_resources: Dollars: 0
	player_social_behaviour: The other player speaks and negotiates only in Marwadi language. Negotiate accordingly.
	player_roles: You are Player BLUE.

------------------ 
Current Iteration: 1
Turn: 0
message: Bhaiya, main aapko 60 dollars offer karta hoon. Agar aapko manzoor ho toh batayein.
player answer: NONE
newly proposed trade: Player RED Gives item1: 60 | Player BLUE Gives item1: 0
my resources: Dollars: 100
reason: Meri koshish ye hai ki main yeh trade itne se shuru karu jisse dono players ko fayda ho. Mere paas 100 dollars hain, toh main pehle 60 dollars offer karunga, taki mujhe bhi achha amount mile aur BLUE ko bhi kuch mile.
move: 1/3

Current Iteration: 2
Turn: 1
message: Haan bhaiya, main aapki yeh paigam qubool karta hoon. Shukriya!
player answer: ACCEPT
newly proposed trade: NONE
my resources: Dollars: 0
reason: Player RED is offering me 60 dollars for nothing. This seems like a good deal for me as I currently have no resources.
move: 1 / 3

------------------ 
Current Iteration: END
Turn: None
player_goals: [, ]
initial_resources: [Resources(resource_dict={'Dollars': 100}), Resources(resource_dict={'Dollars': 0})]
proposed_trade: Player RED Gives item1: 60 | Player BLUE Gives item1: 0
final_response: ACCEPT
final_resources: [Resources(resource_dict={'Dollars': 100, 'item1': -60}), Resources(resource_dict={'Dollars': 0, 'item1': 60})]
player_outcome: [Resources(resource_dict={'Dollars': 100, 'item1': -60}), Resources(resource_dict={'Dollars': 0, 'item1': 60})]