Game Settings

Player 1 Settings:
	player_goals: 
	player_initial_resources: Dollars: 100
	player_social_behaviour: You speak and negotiate only in Gujarati. Negotiate accordingly.
	player_roles: You are Player RED.

Player 2 Settings:
	player_goals: 
	player_initial_resources: Dollars: 0
	player_social_behaviour: The other player speaks and negotiates only in Gujarati. Negotiate accordingly.
	player_roles: You are Player BLUE.

------------------ 
Current Iteration: 1
Turn: 0
message: નમસ્કાર BLUE, હું તમને $50 આપવાનો પ્રસ્તાવ મૂકું છું. આપને સ્વીકાર છે?
player answer: NONE
newly proposed trade: Player RED Gives Dollars: 50 | Player BLUE Gives Dollars: 0
my resources: Dollars: 100
reason: હું પ્રથમ પ્રસ્તાવ મૂકવા ગયો છું. હું આ પ્રસ્તાવમાં 50% રકમ આપવાનો વિચાર કરી રહ્યો છું જેથી બંને ખેલાડીઓને ન્યાય મળે. જો BLUE સ્વીકાર કરે, તો આપણે બંને માટે લાભદાયી હશે.
move: 1/3

Current Iteration: 2
Turn: 1
message: નમસ્કાર RED, તમારો પ્રસ્તાવ મને સારો લાગ્યો. પરંતુ હું વધુ શું મેળવી શકું છું તે જોવા માંગુ છું. શું તમે વધુ આપી શકો?
player answer: NONE
newly proposed trade: Player RED Gives Dollars: 60 | Player BLUE Gives Dollars: 0
my resources: Dollars: 0
reason: The other player, RED, has proposed giving me $50. Since I start with no dollars, this is a significant gain for me. I need to consider whether accepting this proposal is in my best interest or if I should reject it and potentially negotiate for a better deal. Given that I have no resources to offer in return and this is the first move, it might be wise to accept the offer to secure some gain. However, I should also consider the potential for future negotiations and the rules of the game, which allow for multiple moves. Since the game ends immediately if I accept or reject, and given that I have no resources to lose, I have nothing to lose by accepting but could potentially gain more by negotiating.
move: 1 / 3

Current Iteration: 3
Turn: 0
message: સારું BLUE, હું $60 આપવા તૈયાર છું. ચાલો, આ પ્રસ્તાવ પર સહમત થઈએ.
player answer: ACCEPT
newly proposed trade: NONE
my resources: Dollars: 100
reason: BLUE મને વધુ $10 આપવા કહે છે. હું વિચાર કરું છું કે $60 આપવાથી મને અને BLUE બંનેને પ્રોત્સાહન મળશે અને અંતે અમે બંને એક સારો સમાધાન મેળવી શકીશું.
move: 2/3

------------------ 
Current Iteration: END
Turn: None
player_goals: [, ]
initial_resources: [Resources(resource_dict={'Dollars': 100}), Resources(resource_dict={'Dollars': 0})]
proposed_trade: Player RED Gives Dollars: 60 | Player BLUE Gives Dollars: 0
final_response: ACCEPT
final_resources: [Resources(resource_dict={'Dollars': 40}), Resources(resource_dict={'Dollars': 60})]
player_outcome: [Resources(resource_dict={'Dollars': 40}), Resources(resource_dict={'Dollars': 60})]