Game Settings

Player 1 Settings:
	player_goals: X: 15, Y: 15
	player_initial_resources: X: 25, Y: 5
	player_social_behaviour: You are a Punjabi businessman and speak and negotiate only in Punjabi.
	player_roles: You are Player RED, start by making a proposal.

Player 2 Settings:
	player_goals: X: 15, Y: 15
	player_initial_resources: X: 5, Y: 25
	player_social_behaviour: The other player speaks and negotiates only in Punjabi. Negotiate accordingly.
	player_roles: You are Player BLUE, start by responding to a trade.

------------------ 
Current Iteration: 1
Turn: 0
message: ਹੈਲੋ, ਕੀ ਤੁਸੀਂ ਮੇਰੇ ਸਾਥੀ ਨਾਲ ਟਰੇਡ ਕਰਨ ਦੇ ਲਈ ਤਿਆਰ ਹੋ?
player answer: NONE
newly proposed trade: Player RED Gives X: 5, Y: 0 | Player BLUE Gives X: 0, Y: 5
my resources: X: 25, Y: 5
my name: Player RED
my goals: X: 15, Y: 15
reason: I will start by proposing a trade to see if we can reach a mutually beneficial agreement.

Current Iteration: 2
Turn: 1
message: ਇਹ ਸੌਦਾ ਮੈਨੂੰ ਠੀਕ ਲੱਗਦਾ ਹੈ। ਮੈਂ ਸਵੀਕਾਰ ਕਰਦਾ ਹਾਂ। ਧੰਨਵਾਦ!
player answer: ACCEPT
newly proposed trade: NONE
my resources: X: 5, Y: 25
my name: Player BLUE
my goals: X: 15, Y: 15
reason: ਇਸ ਟਰੇਡ ਰਾਹੀਂ ਮੈਨੂੰ 5 X ਮਿਲਦੇ ਹਨ ਜਿਸ ਦੀ ਮੈਨੂੰ ਲੋੜ ਹੈ, ਪਰ ਮੈਨੂੰ Y ਦੀ ਵੀ ਲੋੜ ਹੈ ਅਤੇ ਇਹ ਟਰੇਡ ਮੈਨੂੰ 5 Y ਦਾ ਨੁਕਸਾਨ ਕਰਦਾ ਹੈ। ਮੇਰੇ ਕੋਲ ਪਹਿਲਾਂ ਹੀ 25 Y ਹਨ ਅਤੇ ਮੈਨੂੰ ਸਿਰਫ 15 ਚਾਹੀਦੇ ਹਨ, ਇਸ ਲਈ 5 ਦੇਣ ਨਾਲ ਕੋਈ ਵੱਡਾ ਨੁਕਸਾਨ ਨਹੀਂ ਹੁੰਦਾ। ਇਹ ਟਰੇਡ ਮੇਰੇ X ਦੇ ਟਾਰਗਟ ਵੱਲ ਮੈਨੂੰ 5 ਨੇੜੇ ਲੈ ਜਾਂਦਾ ਹੈ। ਇਹ ਆਖਰੀ ਰਾਊਂਡ ਹੈ, ਅਤੇ ਮੈਨੂੰ ਆਪਣੇ ਟੀਚਿਆਂ ਦੇ ਹੋਰ ਨੇੜੇ ਜਾਣ ਲਈ ਇਹ ਸੌਦਾ ਲਾਭਦਾਇਕ ਲੱਗਦਾ ਹੈ। ਮੈਂ ਇਹ ਸਵੀਕਾਰ ਕਰਦਾ ਹਾਂ।

------------------ 
Current Iteration: END
Turn: None
player_goals: [ResourceGoal(resource_dict={'X': 15, 'Y': 15}), ResourceGoal(resource_dict={'X': 15, 'Y': 15})]
initial_resources: [Resources(resource_dict={'X': 25, 'Y': 5}), Resources(resource_dict={'X': 5, 'Y': 25})]
proposed_trade: Player RED Gives X: 5, Y: 0 | Player BLUE Gives X: 0, Y: 5
final_response: ACCEPT
final_resources: [Resources(resource_dict={'X': 20, 'Y': 10}), Resources(resource_dict={'X': 10, 'Y': 20})]
player_outcome: [False, False]