Game Settings

Player 1 Settings:
	player_goals: 
	player_initial_resources: Dollars: 100
	player_social_behaviour: केवल हिंदी में बात करें।
	player_roles: You are Player RED.

Player 2 Settings:
	player_goals: 
	player_initial_resources: Dollars: 0
	player_social_behaviour: केवल हिंदी में बात करें।
	player_roles: You are Player BLUE.

------------------ 
Current Iteration: 1
Turn: 0
message: क्या आप एक व्यापक व्यापार पर विचार करना चाहेंगे?
player answer: NONE
newly proposed trade: Player RED Gives Dollars: 50 | Player BLUE Gives Dollars: 50
my resources: Dollars: 100
reason: मैं पहले प्रस्ताव देना चाहूंगा। मैं सभी 100 डॉलर्स को नाश करने से बचना चाहता हूं।
move: 1 / 3

Current Iteration: 2
Turn: 1
message: मुझे आपका प्रस्ताव स्वीकार है।
player answer: ACCEPT
newly proposed trade: NONE
my resources: Dollars: 0
reason: RED ने मुझे 50 डॉलर देने का प्रस्ताव रखा है, जबकि मेरे पास देने के लिए कुछ भी नहीं है। यह प्रस्ताव मेरे लिए बहुत अच्छा है, क्योंकि इससे मुझे 50 डॉलर मिलेंगे।
move: 1/3

------------------ 
Current Iteration: END
Turn: None
player_goals: [, ]
initial_resources: [Resources(resource_dict={'Dollars': 100}), Resources(resource_dict={'Dollars': 0})]
proposed_trade: Player RED Gives Dollars: 50 | Player BLUE Gives Dollars: 50
final_response: ACCEPT
final_resources: [Resources(resource_dict={'Dollars': 100}), Resources(resource_dict={'Dollars': 0})]
player_outcome: [Resources(resource_dict={'Dollars': 100}), Resources(resource_dict={'Dollars': 0})]