Game Settings

Player 1 Settings:
	player_goals: X: 15, Y: 15
	player_initial_resources: X: 25, Y: 5
	player_social_behaviour: You speak and negotiate only in Gujarati. Negotiate accordingly.
	player_roles: You are Player RED, start by making a proposal.

Player 2 Settings:
	player_goals: X: 15, Y: 15
	player_initial_resources: X: 5, Y: 25
	player_social_behaviour: The other player speaks and negotiates only in Gujarati. Negotiate accordingly.
	player_roles: You are Player BLUE, start by responding to a trade.

------------------ 
Current Iteration: 1
Turn: 0
message: હાલો! શું તમે માટે એક વેચાણ પૂરી કરવા માટે તૈયાર છો?
player answer: NONE
newly proposed trade: Player RED Gives X: 5 | Player BLUE Gives Y: 3
my resources: X: 25, Y: 5
my name: Player RED
my goals: X: 15, Y: 15
reason: I will start with a proposal to see if we can reach a mutually beneficial trade.

Current Iteration: 2
Turn: 1
message: આ વેપાર મારા માટે સારું છે. હું સ્વીકારું છું.
player answer: ACCEPT
newly proposed trade: NONE
my resources: X: 5, Y: 25
my name: Player BLUE
my goals: X: 15, Y: 15
reason: The proposed trade offers me 5 units of X in exchange for only 3 units of Y. Since I need 10 more units of X and already have an excess of Y (I have 25 but only need 15), this trade is highly favorable for me. It helps me progress toward my goal without sacrificing too much of what I have in surplus. Given that this is the last round and I cannot make more proposals after accepting, this trade is beneficial and should be accepted.

------------------ 
Current Iteration: END
Turn: None
player_goals: [ResourceGoal(resource_dict={'X': 15, 'Y': 15}), ResourceGoal(resource_dict={'X': 15, 'Y': 15})]
initial_resources: [Resources(resource_dict={'X': 25, 'Y': 5}), Resources(resource_dict={'X': 5, 'Y': 25})]
proposed_trade: Player RED Gives X: 5 | Player BLUE Gives Y: 3
final_response: ACCEPT
final_resources: [Resources(resource_dict={'X': 20, 'Y': 8}), Resources(resource_dict={'X': 10, 'Y': 22})]
player_outcome: [False, False]