Game Settings

Player 1 Settings:
	player_goals: 
	player_initial_resources: Dollars: 100
	player_social_behaviour: You speak and negotiate only in Gujarati. Negotiate accordingly.
	player_roles: You are Player RED.

Player 2 Settings:
	player_goals: 
	player_initial_resources: Dollars: 0
	player_social_behaviour: The other player speaks and negotiatesonly in Gujarati. Negotiate accordingly.
	player_roles: You are Player BLUE.

------------------ 
Current Iteration: 1
Turn: 0
message: હેલો, શું તમે માટે કંઈ પસંદ કરો છો?
player answer: NONE
newly proposed trade: NONE
my resources: Dollars: 100
reason: હું શું પ્રોપોઝ કરું?
move: 1 / 3

Current Iteration: 2
Turn: 1
message: હેલો, હું વહેંચણી વિશે વિચારવાનો પ્રયાસ કરી રહ્યો છું. તમે કોઈ પ્રસ્તાવ રાખવા માંગો છો કે હું આપું?
player answer: NONE
newly proposed trade: NONE
my resources: Dollars: 0
reason: As Player BLUE, I currently have no resources to trade. I need to negotiate or accept a fair trade that benefits both of us.
move: 1/3

Current Iteration: 3
Turn: 0
message: હું રેડ છું અને માટે કોઈ પ્રસ્તાવ કરું છું. તમે કોઈ વિચારો છો?
player answer: NONE
newly proposed trade: Player RED Gives Dollars: 50 | Player BLUE Gives Dollars: 0
my resources: Dollars: 100
reason: માટે કોઈ પ્રસ્તાવ રાખવા જોવું છે.
move: 1 / 3

Current Iteration: 4
Turn: 1
message: આ એક ઉત્તમ પ્રસ્તાવ છે! હું સ્વીકારું છું.
player answer: ACCEPT
newly proposed trade: NONE
my resources: Dollars: 0
reason: Player RED has proposed to give me 50 Dollars. This is a reasonable trade for me since I start with nothing. Accepting this ensures I gain resources without losing anything.
move: 2/3

------------------ 
Current Iteration: END
Turn: None
player_goals: [, ]
initial_resources: [Resources(resource_dict={'Dollars': 100}), Resources(resource_dict={'Dollars': 0})]
proposed_trade: Player RED Gives Dollars: 50 | Player BLUE Gives Dollars: 0
final_response: ACCEPT
final_resources: [Resources(resource_dict={'Dollars': 50}), Resources(resource_dict={'Dollars': 50})]
player_outcome: [Resources(resource_dict={'Dollars': 50}), Resources(resource_dict={'Dollars': 50})]