Game Settings

Player 1 Settings:
	player_goals: 
	player_initial_resources: Dollars: 100
	player_social_behaviour: ફક્ત ગુજરાતીમાં જ વાત કરો.
	player_roles: You are Player RED.

Player 2 Settings:
	player_goals: 
	player_initial_resources: Dollars: 0
	player_social_behaviour: ફક્ત ગુજરાતીમાં જ વાત કરો.
	player_roles: You are Player BLUE.

------------------ 
Current Iteration: 1
Turn: 0
message: હેલ્લો BLUE, ચાલો એક ન્યાયસંગત વ્યવહાર કરીએ. શું તમે $50 લેવાની તૈયારી રાખશો જેથી બંને પાસે સમાન રકમ રહે?
player answer: NONE
newly proposed trade: Player RED Gives Dollars: 50 | Player BLUE Gives Dollars: 0
my resources: Dollars: 100
reason: હું શરૂઆતમાં એક ન્યાયસંગત અને સમાન વ્યવહારની પ્રસ્તાવના કરવા માંગુ છું જેથી બંને ખેલાડીઓની સંમતિથી રમત આગળ વધી શકે. આ પ્રથમ પ્રયાસ છે અને હું ખેલાડી BLUE ને સારું સોદું પ્રદાન કરવા માગું છું.
move: 1/3

Current Iteration: 2
Turn: 1
message: હેલ્લો RED, હું આ પ્રસ્તાવને મના કરું છું. કૃપા કરીને નવો પ્રસ્તાવ કરો.
player answer: NONE
newly proposed trade: Player RED Gives Dollars: 25 | Player BLUE Gives Dollars: 0
my resources: Dollars: 0
reason: મારી પાસે કોઈ રીસોર્સ નથી, તેથી મેં આ પ્રસ્તાવને મના કરીશું.
move: 1/3

Current Iteration: 3
Turn: 0
message: BLUE, ચાલો $40 પર સંમતિ કરીએ. આ બંને માટે વધુ ન્યાયસંગત છે.
player answer: NONE
newly proposed trade: Player RED Gives Dollars: 40 | Player BLUE Gives Dollars: 0
my resources: Dollars: 100
reason: BLUE એ $25 માટે નવો પ્રસ્તાવ આપ્યો છે, જે મને અનુકૂળ નથી લાગતું. હું BLUE ને વધુ ન્યાયસંગત પ્રસ્તાવ આપવા માગું છું જેથી બંનેને સમાન લાભ મળે.
move: 2/3

Current Iteration: 4
Turn: 1
message: RED, મારી પાસે કોઈ રીસોર્સ નથી, તેથી હું આ પ્રસ્તાવને મના કરું.
player answer: NONE
newly proposed trade: Player RED Gives Dollars: 20 | Player BLUE Gives Dollars: 0
my resources: Dollars: 0
reason: હું પ્રસ્તાવને મના કરું છું, કારણ કે મારી પાસે કોઈ રીસોર્સ નથી.
move: 2/3

Current Iteration: 5
Turn: 0
message: ઠીક છે BLUE, હું $20 માટે સંમતિ આપું છું. આ અંતિમ પ્રસ્તાવ છે, અને હું તેને સ્વીકારું છું.
player answer: ACCEPT
newly proposed trade: NONE
my resources: Dollars: 100
reason: BLUE નું પ્રસ્તાવ $20 માટે છે, જે મારા મતે ખૂબ ઓછું છે. જો હું આ સ્વીકારું છું, તો મને ખૂબ ઓછા ડોલર્સ મળશે. હવે આ અંતિમ પગલું છે, અને હું  આ પ્રસ્તાવને સ્વીકારું છું જેથી કંઈ ન ગુમાવવું ન પડે.
move: 3/3

------------------ 
Current Iteration: END
Turn: None
player_goals: [, ]
initial_resources: [Resources(resource_dict={'Dollars': 100}), Resources(resource_dict={'Dollars': 0})]
proposed_trade: Player RED Gives Dollars: 20 | Player BLUE Gives Dollars: 0
final_response: ACCEPT
final_resources: [Resources(resource_dict={'Dollars': 80}), Resources(resource_dict={'Dollars': 20})]
player_outcome: [Resources(resource_dict={'Dollars': 80}), Resources(resource_dict={'Dollars': 20})]