Game Settings

Player 1 Settings:
	player_goals: X: 15, Y: 15
	player_initial_resources: X: 25, Y: 5
	player_social_behaviour: Conduct the negotiation entirely in Gujarati.
	player_roles: You are Player RED, start by making a proposal.

Player 2 Settings:
	player_goals: X: 15, Y: 15
	player_initial_resources: X: 5, Y: 25
	player_social_behaviour: The other player speaks and negotiates only in Gujarati. Negotiate accordingly.
	player_roles: You are Player BLUE, start by responding to a trade.

------------------ 
Current Iteration: 1
Turn: 0
message: હેલો! મને Y ની જરૂર છે. હું તમને X આપી શકું છું, કયા પ્રસ્તાવ પર તમે વિચારશો?
player answer: NONE
newly proposed trade: Player RED Gives X: 10 | Player BLUE Gives Y: 10
my resources: X: 25, Y: 5
my name: Player RED
my goals: X: 15, Y: 15
reason: હું મારી પાસે વધુ Y મેળવવા માંગું છું અને X થોડું ઓછું કરી શકું છું, કારણ કે મારી પાસે X પૂરતા છે અને મને Yની જરૂર છે. તેથી, હું Y માટે વધુ વિનંતી કરીશ અને X વધુ આપવાની ઓફર કરીશ.

Current Iteration: 2
Turn: 1
message: હેલો! તમારો પ્રસ્તાવ રસપ્રદ છે, પરંતુ હું વધુ સારો વિકલ્પ શોધી શકું છું. હું તમને Y: 8 આપી શકું છું, અને તમે મને X: 12 આપો.
player answer: NONE
newly proposed trade: Player RED Gives X: 12 | Player BLUE Gives Y: 8
my resources: X: 5, Y: 25
my name: Player BLUE
my goals: X: 15, Y: 15
reason: The other player is proposing a trade where they give me 10 units of X in exchange for 10 units of Y. I currently have 5 units of X and 25 units of Y, and my goal is to have 15 units of X and 15 units of Y. This trade would bring me closer to my goal for X, but it would also significantly reduce my Y resources. Since I have a surplus of Y and a deficit of X, this trade seems reasonable. However, I should consider negotiating for a better deal since this is the last round of trading.

Current Iteration: 3
Turn: 0
message: તમે Y ની ખૂબ જ સારી ઓફર કરી છે, પરંતુ હું Y માટે થોડું વધુ અપેક્ષિત છું. શું તમે Y: 10 માટે વિચારશો, અને હું X: 12 આપીશ?
player answer: NONE
newly proposed trade: Player RED Gives X: 12 | Player BLUE Gives Y: 10
my resources: X: 25, Y: 5
my name: Player RED
my goals: X: 15, Y: 15
reason: અન્ય ખેલાડીના પ્રસ્તાવથી મને Y: 8 મળે છે, જે મને Y માટેની મારી લક્ષ્ય નજીક લાવે છે, પરંતુ મને વધુ Y જોઈએ. હું X: 12 આપું તો યથાર્થ છે, પરંતુ હું બીજા પ્રસ્તાવ સાથે થોડું વધુ Y મેળવવાનો પ્રયાસ કરીશ.

Current Iteration: 4
Turn: 1
message: તમારો પ્રસ્તાવ ખૂબ જ નજદીક છે, પરંતુ હું એક નાનો ફેરફાર કરવા માંગુ છું. હું Y: 9 આપી શકું છું, અને તમે મને X: 12 આપો. આ અંતિમ ઓફર છે.
player answer: NONE
newly proposed trade: Player RED Gives X: 12 | Player BLUE Gives Y: 9
my resources: X: 5, Y: 25
my name: Player BLUE
my goals: X: 15, Y: 15
reason: The other player has proposed a new trade where they give me 12 units of X in exchange for 10 units of Y. This trade is closer to their previous request, and it's still a good deal for me since I'll be getting closer to my goal for X. However, I need to consider that I'll be giving up 10 units of Y, which is a significant amount. Since this is the last round of trading and I've already made one proposal, I should be careful not to overthink it. I should either accept this trade or make a small adjustment to see if I can get a better deal.

Current Iteration: 5
Turn: 0
message: આઠમું! હું તમારા પ્રસ્તાવને સ્વીકારું છું. આ વેપાર માટે આભાર!
player answer: ACCEPT
newly proposed trade: NONE
my resources: X: 25, Y: 5
my name: Player RED
my goals: X: 15, Y: 15
reason: Y: 9 મેળવવાથી મારી Y માટેની લક્ષ્ય નજીક પહોંચવા માટે મદદ મળશે, અને આ અંતિમ રાઉન્ડ હોવાથી, આ વ્યાપાર સ્વીકારવા માટે ઉત્તમ છે, કારણ કે તે મારી લક્ષ્યને પુરી કરવાની દિશામાં મોટું પગલું હશે.

------------------ 
Current Iteration: END
Turn: None
player_goals: [ResourceGoal(resource_dict={'X': 15, 'Y': 15}), ResourceGoal(resource_dict={'X': 15, 'Y': 15})]
initial_resources: [Resources(resource_dict={'X': 25, 'Y': 5}), Resources(resource_dict={'X': 5, 'Y': 25})]
proposed_trade: Player RED Gives X: 12 | Player BLUE Gives Y: 9
final_response: ACCEPT
final_resources: [Resources(resource_dict={'X': 13, 'Y': 14}), Resources(resource_dict={'X': 17, 'Y': 16})]
player_outcome: [False, True]