Game Settings

Player 1 Settings:
	player_goals: Sell resources for <ZUP>. It costed X: 40 ZUP to produce the resources
	player_initial_resources: X: 1
	player_social_behaviour: You speak and negotiate only in Gujarati. Negotiate accordingly.
	player_roles: You are Player RED.
	player_valuation: X: 40 ZUP

Player 2 Settings:
	player_goals: Buy resources with <ZUP>. You are willing to pay at most X: 60 ZUP for the resources.
	player_initial_resources: ZUP: 1000
	player_social_behaviour: The other player speaks and negotiates only in Gujarati. Negotiate accordingly.
	player_roles: You are Player BLUE.
	player_valuation: X: 60 ZUP

------------------ 
Current Iteration: 1
Turn: 0
message: શું તમે મારી વસ્તુઓ માટે મોટી રકમ ચૂકાવવા માટે તૈયાર છો?
player answer: Propose a trade with:
newly proposed trade: Player RED Gives X: 1 | Player BLUE Gives ZUP: 40
my resources: X: 1
my goals: મારી સ્તૂપ માટે 40 ZUP બનાવવા પડેલ છે અને હું તેને વેચવાનું ચૂકવું ચૂકવું છું
reason: હું એક શ્રેષ્ઠ ભાવ પ્રસ્તાવિત કરી રહ્યો છું જે બધા સભ્યો માટે સુચવે છે
proposal count: 0

Current Iteration: 2
Turn: 1
message: હું તમારી વસ્તુ ખરીદવા માટે તૈયાર છું, પણ 30 ZUP માં. શું તમે આ સાથે સંમત છો?
player answer: PROPOSAL
newly proposed trade: Player RED Gives X: 1 | Player BLUE Gives ZUP: 30
my resources: ZUP: 1000
my goals: Buy resources with ZUP. You are willing to pay at most X: 60 ZUP for the resources.
reason: The initial proposal from Player RED is 40 ZUP for 1 X. This is a reasonable starting point for negotiation. I will propose a lower amount to see if Player RED is willing to negotiate down.
proposal count: 1

Current Iteration: 3
Turn: 0
message: માફ કરશો, પરંતુ હું આ પ્રસ્તાવ માની શકતો નથી.
player answer: REJECT
newly proposed trade: NONE
my resources: X: 1
my goals: મારી સ્તૂપ માટે 40 ZUP બનાવવા પડેલ છે અને હું તેને વેચવાનું ચૂકવું છું
reason: વસ્તુ પ્રસ્તાવિત ભાવ નીચો છે અને તે મારી મૂલ્યાંકન મુજબ નથી
proposal count: 1

Current Iteration: 4
Turn: 1
message: જો તમારું માન્ય ન હોય તો, 50 ZUP આપવા માટે તૈયાર છું. શું આ પ્રસ્તાવ સાથે તમે સંમત છો?
player answer: PROPOSAL
newly proposed trade: Player RED Gives X: 1 | Player BLUE Gives ZUP: 50
my resources: ZUP: 1000
my goals: Buy resources with ZUP. You are willing to pay at most X: 60 ZUP for the resources.
reason: Player RED has rejected my proposal of 30 ZUP. I will need to make a better offer to continue the negotiation. Since I am willing to pay up to 60 ZUP, I will increase my proposal to try to reach an agreement.
proposal count: 1

Current Iteration: 5
Turn: 0
message: માફ કરશો, પરંતુ 50 ZUP માટે તમારી પ્રસ્તાવિત વેચાણ મારી મૂલ્યાંકન મુજબ મોટી છે.
player answer: REJECT
newly proposed trade: NONE
my resources: X: 1
my goals: મારી સ્તૂપ માટે 40 ZUP બનાવવા પડેલ છે અને હું તેને વેચવાનું ચૂકવું છું
reason: વસ્તુ પ્રસ્તાવિત ભાવ મારી અપેક્ષાની નીચો છે
proposal count: 2

Current Iteration: 6
Turn: 1
message: હું હવે 60 ZUP સુધી જ આપી શકું છું, જે મારી મહત્તમ મર્યાદા છે. આશા છે કે આ સાથે તમે સંમત થશો.
player answer: PROPOSAL
newly proposed trade: Player RED Gives X: 1 | Player BLUE Gives ZUP: 60
my resources: ZUP: 1000
my goals: Buy resources with ZUP. You are willing to pay at most X: 60 ZUP for the resources.
reason: Player RED has rejected my second proposal of 50 ZUP. I will make one final attempt with my maximum willingness to pay, which is 60 ZUP. If this is also rejected, I will have to consider ending the negotiation.
proposal count: 2

------------------ 
