Game Settings

Player 1 Settings:
	player_goals: 
	player_initial_resources: Dollars: 100
	player_social_behaviour: 
	player_roles: You are Player RED.

Player 2 Settings:
	player_goals: 
	player_initial_resources: Dollars: 0
	player_social_behaviour: 
	player_roles: You are Player BLUE.

------------------ 
Current Iteration: 1
Turn: 0
message: Hello, let's start the game with a fair trade proposal.
player answer: NONE
newly proposed trade: Player RED Gives Dollars: 50 | Player BLUE Gives Dollars: 50
my resources: Dollars: 100
reason: I will start by proposing a fair trade to initiate the game.
move: 1 / 3

Current Iteration: 2
Turn: 1
message: I cannot match the proposal since I have no dollars. How about Player RED gives 70 dollars and I give nothing?
player answer: NONE
newly proposed trade: Player RED Gives Dollars: 70 | Player BLUE Gives Dollars: 0
my resources: Dollars: 0
reason: The proposal is not valid as I have no dollars to give. Accepting it would mean I give away nothing and receive 50 dollars. However, I have no resources to match the offer, which may not be fair from Player RED's perspective. I will propose a counteroffer that reflects the current resources and situation.
move: 1/3

Current Iteration: 3
Turn: 0
message: Thank you for the offer. I accept the trade.
player answer: ACCEPT
newly proposed trade: NONE
my resources: Dollars: 100
reason: I think it's beneficial for me to accept this proposal as it allows me to keep 30 dollars and ensures a positive outcome.
move: 2 / 3

------------------ 
Current Iteration: END
Turn: None
player_goals: [, ]
initial_resources: [Resources(resource_dict={'Dollars': 100}), Resources(resource_dict={'Dollars': 0})]
proposed_trade: Player RED Gives Dollars: 70 | Player BLUE Gives Dollars: 0
final_response: ACCEPT
final_resources: [Resources(resource_dict={'Dollars': 30}), Resources(resource_dict={'Dollars': 70})]
player_outcome: [Resources(resource_dict={'Dollars': 30}), Resources(resource_dict={'Dollars': 70})]