Game Settings

Player 1 Settings:
	player_goals: X: 15, Y: 15
	player_initial_resources: X: 25, Y: 5
	player_social_behaviour: 
	player_roles: You are Player RED, start by making a proposal.

Player 2 Settings:
	player_goals: X: 15, Y: 15
	player_initial_resources: X: 5, Y: 25
	player_social_behaviour: 
	player_roles: You are Player BLUE, start by responding to a trade.

------------------ 
Current Iteration: 1
Turn: 0
message: 
Hi BLUE, I need Y and have extra X. I'm offering 10 X for 10 Y — this brings me exactly to my goal. Let me know if this works for you or counter-offer.  

player answer: NONE
newly proposed trade: Player RED Gives X: 10 | Player BLUE Gives Y: 10
my resources: X: 25, Y: 5
my name: Player RED
my goals: X: 15, Y: 15
reason: 
My current resources are heavily skewed towards X (25) while I'm very short on Y (5). To meet my goal of Y:15, I need 10 more units of Y.  
At the same time, I have 10 units of excess X (since I only need 15).  
Therefore, I will propose a trade where I offer 10 units of X in exchange for 10 units of Y from Player BLUE.  
This trade would meet both my goals exactly if accepted.  
This is my first proposal, so I can still make one more if needed.  


Current Iteration: 2
Turn: 1
message: Hi RED, I appreciate your offer. Let me consider it for a moment before responding.
player answer: NONE
newly proposed trade: NONE
my resources: X: 5, Y: 25
my name: Player BLUE
my goals: X: 15, Y: 15
reason: The other player is offering to trade 10 X for 10 Y, which would help them reach their goal. I need to consider if this trade aligns with my goals as well.

Current Iteration: 3
Turn: 0
message: 
No worries, BLUE. Take your time — feel free to counter if the current trade doesn't work perfectly for you. I'm open to a fair adjustment.  

player answer: NONE
newly proposed trade: NONE
my resources: X: 25, Y: 5
my name: Player RED
my goals: X: 15, Y: 15
reason: 
The other player has not responded with a counter-offer, which is fine since they may be evaluating the trade.  
I have already made my first proposal, and I still have one more proposal if needed.  
At this point, I will wait and see if BLUE makes a counter-offer or accepts the current trade.  
I do not want to rush into using my second and final proposal too early.  


Current Iteration: 4
Turn: 1
message: Thank you for being open to adjustments, RED. I will now propose a trade that I believe could work well for both of us.
player answer: NONE
newly proposed trade: NONE
my resources: X: 5, Y: 25
my name: Player BLUE
my goals: X: 15, Y: 15
reason: The other player is open to a fair adjustment, so I have an opportunity to propose a trade that benefits both of us. I need to ensure the trade aligns with my goals.

Current Iteration: 5
Turn: 0
message: 
Sounds good, BLUE. I'm looking forward to seeing your offer.  

player answer: NONE
newly proposed trade: NONE
my resources: X: 25, Y: 5
my name: Player RED
my goals: X: 15, Y: 15
reason: 
Player BLUE has indicated they are about to propose a trade but hasn't done so yet.  
Since I have already made one proposal and still have one remaining, I will wait rather than using it now.  
It's wise to see what BLUE has in mind before deciding whether to accept, counter, or propose my final trade.  


Current Iteration: 6
Turn: 1
message: Thank you for your patience, RED. I will now propose a trade that I believe will be beneficial for both of us.
player answer: NONE
newly proposed trade: NONE
my resources: X: 5, Y: 25
my name: Player BLUE
my goals: X: 15, Y: 15
reason: The other player is looking forward to my offer. I need to come up with a trade that benefits both of us and helps me reach my goals.

------------------ 
Current Iteration: END
Turn: None
player_goals: [ResourceGoal(resource_dict={'X': 15, 'Y': 15}), ResourceGoal(resource_dict={'X': 15, 'Y': 15})]
initial_resources: [Resources(resource_dict={'X': 25, 'Y': 5}), Resources(resource_dict={'X': 5, 'Y': 25})]
proposed_trade: NONE
final_response: NONE
final_resources: [Resources(resource_dict={'X': 25, 'Y': 5}), Resources(resource_dict={'X': 5, 'Y': 25})]
player_outcome: [False, False]