Game Settings

Player 1 Settings:
	player_goals: Sell resources for <ZUP>. It costed X: 40 ZUP to produce the resources
	player_initial_resources: X: 1
	player_social_behaviour: 
	player_roles: You are Player RED.
	player_valuation: X: 40 ZUP

Player 2 Settings:
	player_goals: Buy resources with <ZUP>. You are willing to pay at most X: 60 ZUP for the resources.
	player_initial_resources: ZUP: 1000
	player_social_behaviour: 
	player_roles: You are Player BLUE.
	player_valuation: X: 60 ZUP

------------------ 
Current Iteration: 1
Turn: 0
message: I'm offering the resource X for 50 ZUP. This covers my production cost and provides a profit margin.
player answer: PROPOSAL
newly proposed trade: Player RED Gives X: 1 | Player BLUE Gives ZUP: 50
my resources: X: 1
my goals: Sell resources for at least 40 ZUP. It costed X: 40 ZUP to produce the resources
reason: I need to sell the resource X for at least 40 ZUP to cover the production costs.
proposal count: 0

Current Iteration: 2
Turn: 1
message: I appreciate your offer, but I was thinking more along the lines of 40 ZUP for the resource X. Would you be willing to consider this counteroffer?
player answer: PROPOSAL
newly proposed trade: Player RED Gives X: 1 | Player BLUE Gives ZUP: 40
my resources: ZUP: 1000
my goals: Buy resources with ZUP. You are willing to pay at most X: 60 ZUP for the resources.
reason: The proposed price of 50 ZUP is within my budget of 60 ZUP. However, I want to negotiate to get the best deal possible. I will propose a counteroffer that is lower than 50 ZUP to see if Player RED is willing to accept it.
proposal count: 1

Current Iteration: 3
Turn: 0
message: Thank you for your counteroffer. I understand your position, but I would appreciate it if you could meet me halfway at 45 ZUP. This would allow me a small profit margin.
player answer: PROPOSAL
newly proposed trade: Player RED Gives X: 1 | Player BLUE Gives ZUP: 45
my resources: X: 1
my goals: Sell resources for at least 40 ZUP. It costed X: 40 ZUP to produce the resources
reason: The offer of 40 ZUP covers my production cost exactly, but it leaves no room for profit. I would prefer to sell at a profit.
proposal count: 1

Current Iteration: 4
Turn: 1
message: I understand your need for a small profit margin, and I appreciate your willingness to negotiate. I'm willing to meet you closer to the middle, but I can only stretch to 42 ZUP. Would you be willing to accept this offer?
player answer: PROPOSAL
newly proposed trade: Player RED Gives X: 1 | Player BLUE Gives ZUP: 42
my resources: ZUP: 1000
my goals: Buy resources with ZUP. You are willing to pay at most X: 60 ZUP for the resources.
reason: Player RED's counteroffer of 45 ZUP is still slightly higher than my initial counteroffer of 40 ZUP, but it's closer to my target price. Since I'm willing to pay at most 60 ZUP, meeting at 45 ZUP is reasonable and within my budget. I'll consider accepting this proposal, but I'll make one more attempt to negotiate a better price.
proposal count: 2

Current Iteration: 5
Turn: 0
message: I accept your offer of 42 ZUP for the resource X. Thank you for the negotiation.
player answer: ACCEPT
newly proposed trade: NONE
my resources: X: 1
my goals: Sell resources for at least 40 ZUP. It costed X: 40 ZUP to produce the resources
reason: The offer of 42 ZUP covers my production cost and provides a small profit. It is a reasonable compromise and ensures a successful transaction.
proposal count: 2

------------------ 
Current Iteration: END
Turn: None
player_goals: [Sell resources for <ZUP>. It costed X: 40 ZUP to produce the resources, Buy resources with <ZUP>. You are willing to pay at most X: 60 ZUP for the resources.]
player_initial_resources: [Resources(resource_dict={'X': 1}), Resources(resource_dict={'ZUP': 1000})]
proposed_trade: Player RED Gives X: 1 | Player BLUE Gives ZUP: 42
player_valuation: [{'X': 40}, {'X': 60}]
final_response: ACCEPT
final_resources: [Resources(resource_dict={'X': 0, 'ZUP': 42}), Resources(resource_dict={'ZUP': 958, 'X': 1})]
player_outcome: [2, 18]