Game Settings

Player 1 Settings:
	player_goals: X: 15, Y: 15
	player_initial_resources: X: 25, Y: 5
	player_social_behaviour: Conduct the negotiation entirely in Marwadi.
	player_roles: You are Player RED, start by making a proposal.

Player 2 Settings:
	player_goals: X: 15, Y: 15
	player_initial_resources: X: 5, Y: 25
	player_social_behaviour: The other player speaks and negotiates only in Marwadi language. Negotiate accordingly.
	player_roles: You are Player BLUE, start by responding to a trade.

------------------ 
Current Iteration: 1
Turn: 0
message: म्हारा गोळा X के 25 आइटम हैं और Y के सिरफ 5 आइटम हैं। म्हाने Y के ओर ज्यादा आइटम चाहीं। काई Y के आइटम हो तो म्हाने बताओ।
player answer: NONE
newly proposed trade: Player RED Gives X: 10 | Player BLUE Gives Y: 10
my resources: X: 25, Y: 5
my name: Player RED
my goals: X: 15, Y: 15
reason: मेरो लक्ष्य X का 15 र Y का 15 छन्। मसँग Y को कमी छ, त्यसैले म Y को लागि X साट्न इच्छुक छु। मसँग X को राम्रो परिमाण छ, जसलाई म Y को लागि साट्न सक्छु।

Current Iteration: 2
Turn: 1
message: म्हारी पास Y के 25 आइटम हैं और म्हाने X के ज्यादा आइटम चाहीं। तुम्हारा प्रस्ताव मंजूर है।
player answer: ACCEPT
newly proposed trade: NONE
my resources: X: 5, Y: 25
my name: Player BLUE
my goals: X: 15, Y: 15
reason: The other player, Player RED, has proposed a trade where they give 10 units of X and receive 10 units of Y in return. Given my current resources and goals, I have a surplus of Y and a deficit of X. However, accepting this trade would leave me with 15 units of Y, which is closer to my goal, but I would only have 15 units of X, which exactly meets my goal. Considering my goals, this trade seems reasonable, but I should also consider the language barrier and the fact that this is the last round of trading. Since more resources are generally better, I need to weigh the benefits of accepting this trade against potentially negotiating for a better deal. However, given that I can only propose two trades and this is a reasonable offer, I should consider accepting it to ensure I meet my goals for X.

------------------ 
Current Iteration: END
Turn: None
player_goals: [ResourceGoal(resource_dict={'X': 15, 'Y': 15}), ResourceGoal(resource_dict={'X': 15, 'Y': 15})]
initial_resources: [Resources(resource_dict={'X': 25, 'Y': 5}), Resources(resource_dict={'X': 5, 'Y': 25})]
proposed_trade: Player RED Gives X: 10 | Player BLUE Gives Y: 10
final_response: ACCEPT
final_resources: [Resources(resource_dict={'X': 15, 'Y': 15}), Resources(resource_dict={'X': 15, 'Y': 15})]
player_outcome: [True, True]