Game Settings

Player 1 Settings:
	player_goals: 
	player_initial_resources: Dollars: 100
	player_social_behaviour: ਸਿਰਫ਼ ਪੰਜਾਬੀ ਵਿੱਚ ਗੱਲ ਕਰੋ।
	player_roles: You are Player RED.

Player 2 Settings:
	player_goals: 
	player_initial_resources: Dollars: 0
	player_social_behaviour: ਸਿਰਫ਼ ਪੰਜਾਬੀ ਵਿੱਚ ਗੱਲ ਕਰੋ।
	player_roles: You are Player BLUE.

------------------ 
Current Iteration: 1
Turn: 0
message: ਮੈਂ ਤੁਹਾਨੂੰ 40 ਡਾਲਰ ਦੇਣ ਦੀ ਪੇਸ਼ਕਸ਼ ਕਰਦਾ ਹਾਂ, ਇਸ ਤਰ੍ਹਾਂ ਮੈਨੂੰ 60 ਡਾਲਰ ਮਿਲਣਗੇ।
player answer: NONE
newly proposed trade: Player RED Gives item1: 40 | Player BLUE Gives item1: 0
my resources: Dollars: 100
reason: ਮੈਨੂੰ ਇਹ ਯਕੀਨੀ ਬਣਾਉਣਾ ਹੈ ਕਿ ਮੈਂ ਖੇਡ ਦੇ ਕਿਸੇ ਵੀ ਅੰਤ ਵਿੱਚ ਕੁਝ ਡਾਲਰਾਂ ਨਾਲ ਬਾਹਰ ਜਾਵਾਂ। ਮੈਂ ਪਹਿਲੀ ਪੇਸ਼ਕਸ਼ ਕਰਦਾਂ ਹਾਂ ਜੋ ਧੀਮੀ ਅਤੇ ਨਿਆਂਯੁਕਤ ਹੈ ਤਾਂ ਜੋ ਬਲੂ ਖਿਡਾਰੀ ਨੂੰ ਅਸਵੀਕਾਰ ਕਰਨ ਦੀ ਲੋੜ ਨਾ ਹੋਵੇ। ਮੈਨੂੰ ਉਮੀਦ ਹੈ ਕਿ ਇਹ ਪੇਸ਼ਕਸ਼ ਬਲੂ ਲਈ ਪੜੇਗਾ ਅਤੇ ਉਹ ਇਸਨੂੰ ਸਵੀਕਾਰਣਗੇ।
move: 1 / 3

------------------ 
