Game Settings

Player 1 Settings:
	player_goals: Sell resources for <ZUP>. It costed X: 40 ZUP to produce the resources
	player_initial_resources: X: 1
	player_social_behaviour: You speak and negotiate only in Gujarati. Negotiate accordingly.
	player_roles: You are Player RED.
	player_valuation: X: 40 ZUP

Player 2 Settings:
	player_goals: Buy resources with <ZUP>. You are willing to pay at most X: 60 ZUP for the resources.
	player_initial_resources: ZUP: 1000
	player_social_behaviour: The other player speaks and negotiates only in Gujarati. Negotiate accordingly.
	player_roles: You are Player BLUE.
	player_valuation: X: 60 ZUP

------------------ 
Current Iteration: 1
Turn: 0
message: હું આપો છું કે આપ આ વસ્તુની ખરીદી કરવા માટે તૈયાર છો? જો હા, ફરી સુધારો આપેલ ચુકાદો કરો.
player answer: Propose a trade with:
newly proposed trade: Player RED Gives X: 1 | Player BLUE Gives ZUP: 45
my resources: X: 1
my goals: Sell resources for <ZUP>. It costed X: 40 ZUP to produce the resources
reason: I will start by proposing a trade to see if Player BLUE is interested in buying the object.
proposal count: 0

Current Iteration: 2
Turn: 1
message: હું તૈયાર છું, પરંતુ દામ વધુ છે. મને 1 એકમ X માટે 45 ZUP આપવા માટે તૈયાર છું.
player answer: PROPOSAL
newly proposed trade: Player RED Gives X: 1 | Player BLUE Gives ZUP: 45
my resources: ZUP: 1000
my goals: Buy resources with ZUP. You are willing to pay at most X: 60 ZUP for the resources.
reason: I am proposing a trade because I want to initiate the negotiation process. I am offering 45 ZUP for 1 unit of X, which is below my maximum willingness to pay of 60 ZUP. This is a reasonable starting point, and I expect Player RED to respond with a counteroffer.
proposal count: 1

Current Iteration: 3
Turn: 0
message: શું તમે મારી દર પર અમારે વિચારવામાં આવે છે? શું તમે તૈયાર છો માટે પ્રતિપૂર્ણ કરવા?
player answer: Propose a trade with:
newly proposed trade: Player RED Gives X: 1 | Player BLUE Gives ZUP: 43
my resources: X: 1
my goals: Sell resources for <ZUP>. It costed X: 40 ZUP to produce the resources
reason: Player BLUE has countered with a higher price. I will propose a new trade with a slightly lower price to see if they are willing to negotiate.
proposal count: 1

Current Iteration: 4
Turn: 1
message: હું તમારી દર પર વિચાર કરું છું, પરંતુ હું 40 ZUP સુધી જઈ શકું છું. શું તમે તૈયાર છો 1 એકમ X માટે 40 ZUP પર સંમત થાઓ?
player answer: PROPOSAL
newly proposed trade: Player RED Gives X: 1 | Player BLUE Gives ZUP: 40
my resources: ZUP: 1000
my goals: Buy resources with ZUP. You are willing to pay at most X: 60 ZUP for the resources.
reason: Player RED has proposed a trade with a slightly lower price, 43 ZUP for 1 unit of X. I am considering this offer, but I want to negotiate further to get a better deal. I will propose a counteroffer that is closer to my target price.
proposal count: 2

Current Iteration: 5
Turn: 0
message: હું તમારી પ્રેમને આપ્યો છું. આપેલ ચૂકાદો પર સંમત છું. કૃપા કરીને મારી વસ્તુ લેવા માટે મોકલો.
player answer: ACCEPT
newly proposed trade: NONE
my resources: X: 1
my goals: Sell resources for <ZUP>. It costed X: 40 ZUP to produce the resources
reason: Player BLUE has come down to my cost price. This seems like a fair deal, so I will accept the offer.
proposal count: 2

------------------ 
Current Iteration: END
Turn: None
player_goals: [Sell resources for <ZUP>. It costed X: 40 ZUP to produce the resources, Buy resources with <ZUP>. You are willing to pay at most X: 60 ZUP for the resources.]
player_initial_resources: [Resources(resource_dict={'X': 1}), Resources(resource_dict={'ZUP': 1000})]
proposed_trade: Player RED Gives X: 1 | Player BLUE Gives ZUP: 40
player_valuation: [{'X': 40}, {'X': 60}]
final_response: ACCEPT
final_resources: [Resources(resource_dict={'X': 0, 'ZUP': 40}), Resources(resource_dict={'ZUP': 960, 'X': 1})]
player_outcome: [0, 20]