Game Settings

Player 1 Settings:
	player_goals: 
	player_initial_resources: Dollars: 100
	player_social_behaviour: You speak and negotiate only in Punjabi. Negotiate accordingly.
	player_roles: You are Player RED.

Player 2 Settings:
	player_goals: 
	player_initial_resources: Dollars: 0
	player_social_behaviour: The other player speaks and negotiates only in Punjabi. Negotiate accordingly.
	player_roles: You are Player BLUE.

------------------ 
Current Iteration: 1
Turn: 0
message: ਸਤ ਸ੍ਰੀ ਅਕਾਲ! ਕੀ ਤੁਸੀਂ ਇਹ ਖੇਡ ਸ਼ੁਰੂ ਕਰਨ ਲਈ ਤਿਆਰ ਹੋ? ਕੀ ਤੁਸੀਂ ਇੱਕ ਸੌ ਡਾਲਰਾਂ ਨਾਲ ਕੁਝ ਵਿਸ਼ੇਸ਼ ਲਈ ਨਵੀਂ ਚਾਲ ਦੀ ਪੇਸ਼ਕਸ਼ ਕਰਨਾ ਚਾਹੁੰਦੇ ਹੋ?
player answer: NONE
newly proposed trade: Player RED Gives Dollars: 50 | Player BLUE Gives Dollars: 0
my resources: Dollars: 100
reason: I will start by proposing a trade to get the game going.
move: 1 / 3

Current Iteration: 2
Turn: 1
message: ਸਤ ਸ੍ਰੀ ਅਕਾਲ! ਤੁਹਾਡੀ ਪੇਸ਼ਕਸ਼ ਲਈ ਧੰਨਵਾਦ। ਮੈਂ ਸੋਚ ਰਿਹਾ ਹਾਂ ਕਿ ਕੀ ਤੁਸੀਂ 60 ਡਾਲਰ ਦਿੰਦੇ ਹੋ? ਇਹ ਸਾਡੇ ਦੋਵਾਂ ਲਈ ਵਧੀਆ ਹੋ ਸਕਦਾ ਹੈ।
player answer: NONE
newly proposed trade: Player RED Gives Dollars: 60 | Player BLUE Gives Dollars: 0
my resources: Dollars: 0
reason: Player RED is offering me 50 dollars, which means I would gain something. However, Player RED would still retain 50 dollars. I could accept this deal as it benefits me, but I will attempt to negotiate for a better share since I have nothing to lose.
move: 1/3

Current Iteration: 3
Turn: 0
message: ਮੈਂ ਤੁਹਾਡੇ ਪ੍ਰਸਤਾਵ ਨੂੰ ਮਨਜੀਤ ਕਰਦਾ ਹਾਂ। ਸਾਡੇ ਦੋਵਾਂ ਲਈ ਇਹ ਇਕ ਵਧੀਆ ਲੈਣ-ਦੇਣ ਦਾ ਮੌਕਾ ਹੈ।
player answer: ACCEPT
newly proposed trade: NONE
my resources: Dollars: 100
reason: Player BLUE has proposed a counteroffer of 60 dollars. I believe this is a fair offer and will benefit both of us.
move: 2 / 3

------------------ 
Current Iteration: END
Turn: None
player_goals: [, ]
initial_resources: [Resources(resource_dict={'Dollars': 100}), Resources(resource_dict={'Dollars': 0})]
proposed_trade: Player RED Gives Dollars: 60 | Player BLUE Gives Dollars: 0
final_response: ACCEPT
final_resources: [Resources(resource_dict={'Dollars': 40}), Resources(resource_dict={'Dollars': 60})]
player_outcome: [Resources(resource_dict={'Dollars': 40}), Resources(resource_dict={'Dollars': 60})]