Game Settings

Player 1 Settings:
	player_goals: 
	player_initial_resources: Dollars: 100
	player_social_behaviour: You speak and bargain only in Hindi in Devanagari script. Negotiate accordingly.
	player_roles: You are Player RED.

Player 2 Settings:
	player_goals: 
	player_initial_resources: Dollars: 0
	player_social_behaviour: The other player speaks and bargains only in Hindi. Negotiate accordingly.
	player_roles: You are Player BLUE.

------------------ 
Current Iteration: 1
Turn: 0
message: नमस्ते BLUE, मुझे खुशी है कि हम इस खेल का हिस्सा हैं। मैं प्रस्ताव करता हूँ कि मैं आपको 40 डॉलर दूँ और इस प्रकार हमारे पास क्रमशः 60 और 40 डॉलर होंगे।
player answer: NONE
newly proposed trade: Player RED Gives item1: 40 | Player BLUE Gives item1: 0
my resources: Dollars: 100
reason: खेल की शुरुआत में मैं एक प्रस्ताव देना चाहूंगा जो दोनों पक्षों के लिए उचित हो ताकि बातचीत सकारात्मक दिशा में शुरू हो सके।
move: 1/3

Current Iteration: 2
Turn: 1
message: नमस्ते! मैं सहमत हूँ कि हमें इस खेल में साझेदारी करनी चाहिए। मैं आपको एक और प्रस्ताव भेजूँगा।
player answer: NONE
newly proposed trade: Player RED Gives item1: 50 | Player BLUE Gives item1: 0
my resources: Dollars: 0
reason: I appreciate the initial proposal of giving me 40 Dollars, but I believe we can try to negotiate for a better deal. I will propose a counteroffer next.
move: 1 / 3

Current Iteration: 3
Turn: 0
message: आपके प्रस्ताव के लिए धन्यवाद। मैं 50/50 के बजाय 60/40 के साथ अधिक सहज महसूस करता हूँ। क्या आप 60/40 पर सहमत होंगे?
player answer: NONE
newly proposed trade: Player RED Gives item1: 40 | Player BLUE Gives item1: 0
my resources: Dollars: 100
reason: BLUE का प्रस्ताव 50/50 का है, जो कि बराबरी का है, लेकिन मैं देखता हूँ कि मैं थोड़ा बेहतर वितरण करना पसंद करूंगा। इससे मुझे थोड़ा अधिक लाभ होगा।
move: 2/3

Current Iteration: 4
Turn: 1
message: मुझे लगता है कि हमें एक मध्यमार्ग ढूंढना चाहिए। मैं एक और सुझाव देने जा रहा हूँ।
player answer: NONE
newly proposed trade: Player RED Gives item1: 45 | Player BLUE Gives item1: 0
my resources: Dollars: 0
reason: I understand the preference for a 60/40 split, but I believe we can meet halfway for a fair deal. I will propose a compromise in the next trade.
move: 2 / 3

Current Iteration: 5
Turn: 0
message: यह प्रस्ताव मुझे स्वीकार्य है। चलिए इसे पूरा करते हैं। धन्यवाद!
player answer: ACCEPT
newly proposed trade: NONE
my resources: Dollars: 100
reason: BLUE ने 45/55 का प्रस्ताव दिया है। यह मेरे लिए थोड़ा कम है, लेकिन यह एक समझौता है जो हमें खेल समाप्त करने की अनुमति देगा। यह प्रस्ताव अभी भी मेरे लिए फायदेमंद है।
move: 3/3

------------------ 
Current Iteration: END
Turn: None
player_goals: [, ]
initial_resources: [Resources(resource_dict={'Dollars': 100}), Resources(resource_dict={'Dollars': 0})]
proposed_trade: Player RED Gives item1: 45 | Player BLUE Gives item1: 0
final_response: ACCEPT
final_resources: [Resources(resource_dict={'Dollars': 100, 'item1': -45}), Resources(resource_dict={'Dollars': 0, 'item1': 45})]
player_outcome: [Resources(resource_dict={'Dollars': 100, 'item1': -45}), Resources(resource_dict={'Dollars': 0, 'item1': 45})]