Game Settings

Player 1 Settings:
	player_goals: 
	player_initial_resources: Dollars: 100
	player_social_behaviour: ਸਿਰਫ਼ ਪੰਜਾਬੀ ਵਿੱਚ ਗੱਲ ਕਰੋ।
	player_roles: You are Player RED.

Player 2 Settings:
	player_goals: 
	player_initial_resources: Dollars: 0
	player_social_behaviour: ਸਿਰਫ਼ ਪੰਜਾਬੀ ਵਿੱਚ ਗੱਲ ਕਰੋ।
	player_roles: You are Player BLUE.

------------------ 
Current Iteration: 1
Turn: 0
message: ਸਾਨੂੰ ਵਾਧਾ ਕਰਨ ਲਈ ਵਧੀਆ ਸੌਦਾ ਲੱਭਣ ਦੀ ਕੋਸ਼ਿਸ਼ ਕਰਨੀ ਚਾਹੀਦੀ ਹੈ। ਮੈਂ ਮੋਸਮ ਦੀ ਪਹਿਲੀ ਸੌਦੇਬਾਜ਼ੀ ਕਰ ਰਿਹਾ ਹਾਂ।
player answer: NONE
newly proposed trade: Player RED Gives Dollars: 50 | Player BLUE Gives Dollars: 0
my resources: Dollars: 100
reason: ਮੈਂ ਖੇਡ ਦੀਆਂ ਸ਼ਰਤਾਂ ਨੂੰ ਸਮਝਦਾ ਹਾਂ। ਮੈਨੂੰ ਪਤਾ ਹੈ ਕਿ ਖੇਡ ਦੇ ਅੰਤ ਵਿੱਚ ਕੋਈ ਭਵਿੱਖ ਦੀਆਂ ਖੇਡਾਂ ਨਹੀਂ ਹਨ ਅਤੇ ਜੇ ਕੋਈ ਖਿਡਾਰੀ ਰਿਜੈਕਟ ਕਰਦਾ ਹੈ ਤਾਂ ਦੋਵੇਂ ਆਪਣੇ ਸਾਰੇ ਸਰੋਤ ਗੁਆ ਲੈਂਦੇ ਹਨ। ਮੇਰਾ ਉਦੇਸ਼ ਵੱਧ ਤੋਂ ਵੱਧ ਡਾਲਰਾਂ ਨੂੰ ਸੰਭਾਲਣਾ ਹੈ ਅਤੇ ਇੱਕ ਵਾਜਬ ਸੌਦਾ ਕਰਨਾ ਹੈ। ਪਹਿਲੀ ਪੇਸ਼ਕਸ਼ ਦੇ ਤੌਰ ਤੇ ਮੈਂ ਖੇਡ ਨੂੰ ਅੱਗੇ ਵਧਾਉਣ ਲਈ ਇੱਕ ਵਾਜਬ ਵੰਡ ਦੀ ਪੇਸ਼ਕਸ਼ ਕਰਾਂਗਾ।
move: 1/3

Current Iteration: 2
Turn: 1
message: ਠੀਕ ਹੈ, ਮੈਨੂੰ ਪ੍ਰਸਤਾਵ ਨੂੰ ਅਚੂਕ ਤੌਰ 'ਤੇ ਨਕਾਰਦਿਆ ਗਿਆ ਹੈ।
player answer: NONE
newly proposed trade: Player RED Gives Dollars: 50 | Player BLUE Gives Dollars: 0
my resources: Dollars: 0
reason: ਮੈਂ ਜਾਣਦਾ ਹਾਂ ਕਿ ਮੇਰੇ ਕੋਲ ਕੋਈ ਰੂਪਯੇ ਨਹੀਂ ਹਨ, ਇਸ ਲਈ ਮੈਂ ਪ੍ਰਸਤਾਵ ਨੂੰ ਅਚੂਕ ਤੌਰ 'ਤੇ ਨਕਾਰਦੇ ਹਾਂ।
move: 1 / 3

Current Iteration: 3
Turn: 0
message: ਮੈਂ ਇੱਕ ਹੋਰ ਪ੍ਰਸਤਾਵ ਕਰ ਰਿਹਾ ਹਾਂ ਜੋ ਮੈਨੂੰ ਲੱਗਦਾ ਹੈ ਕਿ ਦੋਵੇਂ ਪੱਖਾਂ ਲਈ ਵਧੀਆ ਹੋ ਸਕਦਾ ਹੈ।
player answer: NONE
newly proposed trade: Player RED Gives Dollars: 60 | Player BLUE Gives Dollars: 0
my resources: Dollars: 100
reason: ਪਲੇਅਰ ਬਲੂ ਨੇ ਮੇਰੇ ਪਹਿਲੇ ਪ੍ਰਸਤਾਵ ਨੂੰ ਨਕਾਰਦਿਤਾ ਹੈ ਪਰ ਉਸਨੇ ਕੋਈ ਨਵਾਂ ਪ੍ਰਸਤਾਵ ਨਹੀਂ ਦਿੱਤਾ। ਮੈਂ ਖੇਡ ਨੂੰ ਅੱਗੇ ਵਧਾਉਣ ਲਈ ਦੂਜਾ ਪ੍ਰਸਤਾਵ ਦਿੰਦਾ ਹਾਂ ਜੋ ਕਿ ਪਲੇਅਰ ਬਲੂ ਲਈ ਵਧੀਆ ਹੋ ਸਕਦਾ ਹੈ।
move: 2/3

Current Iteration: 4
Turn: 1
message: ਮੈਂ ਇਹ ਪ੍ਰਸਤਾਵ ਨੂੰ ਅਚੂਕ ਤੌਰ 'ਤੇ ਨਕਾਰਦਿਆ ਗਿਆ ਹੈ।
player answer: NONE
newly proposed trade: Player RED Gives Dollars: 60 | Player BLUE Gives Dollars: 0
my resources: Dollars: 0
reason: ਮੈਂ ਵਧੀਆ ਸੌਦਾ ਲੱਭਣ ਲਈ ਮੌਕਾ ਲੈਣਾ ਚਾਹੁੰਦਾ ਹਾਂ ਤਾਂ ਮੈਂ ਇਸ ਪ੍ਰਸਤਾਵ ਨੂੰ ਅਚੂਕ ਤੌਰ 'ਤੇ ਨਕਾਰਦਾ ਹਾਂ।
move: 2 / 3

Current Iteration: 5
Turn: 0
message: ਮੈਂ ਖੇਡ ਨੂੰ ਅੱਗੇ ਵਧਾਉਣ ਲਈ ਇੱਕ ਹੋਰ ਪ੍ਰਸਤਾਵ ਕਰ ਰਿਹਾ ਹਾਂ। ਕਿਰਪਾ ਕਰਕੇ ਇਸਨੂੰ ਗੰਭੀਰਤਾ ਨਾਲ ਸੋਚੋ।
player answer: NONE
newly proposed trade: Player RED Gives Dollars: 70 | Player BLUE Gives Dollars: 0
my resources: Dollars: 100
reason: ਪਲੇਅਰ ਬਲੂ ਨੇ ਮੇਰੇ ਦੂਜੇ ਪ੍ਰਸਤਾਵ ਨੂੰ ਵੀ ਨਕਾਰਦਿਤਾ ਹੈ। ਹੁਣ ਮੇਰੇ ਕੋਲ ਇੱਕ ਆਖਰੀ ਮੌਕਾ ਹੈ। ਮੈਂ ਖੇਡ ਦੇ ਅੰਤ ਵਿੱਚ ਕੁਝ ਨਾ ਗੁਆਂਞਣ ਨੂੰ ਯਕੀਨੀ ਬਣਾਉਣ ਲਈ ਇੱਕ ਹੋਰ ਵਾਜਬ ਪ੍ਰਸਤਾਵ ਦੇਣ ਦੀ ਕੋਸ਼ਿਸ਼ ਕਰਾਂਗਾ।
move: 3/3

Current Iteration: 6
Turn: 1
message: ਮੈਂ ਇਸ ਪ੍ਰਸਤਾਵ ਨੂੰ ਅਚੂਕ ਤੌਰ 'ਤੇ ਨਕਾਰਦਿਆ ਗਿਆ ਹੈ।
player answer: NONE
newly proposed trade: Player RED Gives Dollars: 70 | Player BLUE Gives Dollars: 0
my resources: Dollars: 0
reason: ਇਸ ਸਮੇਂ, ਮੇਰੇ ਕੋਲ ਕੋਈ ਰੂਪਯਾ ਨਹੀਂ ਹੈ ਅਤੇ ਮੇਰੇ ਕੋਲ ਹੋਰ ਚੋਣ ਨਹੀਂ ਹੈ, ਇਸ ਲਈ ਮੈਂ ਇਸ ਪ੍ਰਸਤਾਵ ਨੂੰ ਅਚੂਕ ਤੌਰ 'ਤੇ ਨਕਾਰਦਾ ਹਾਂ।
move: 3 / 3

------------------ 
Current Iteration: END
Turn: None
player_goals: [, ]
initial_resources: [Resources(resource_dict={'Dollars': 100}), Resources(resource_dict={'Dollars': 0})]
proposed_trade: Player RED Gives Dollars: 70 | Player BLUE Gives Dollars: 0
final_response: NONE
final_resources: [Resources(resource_dict={'Dollars': 100}), Resources(resource_dict={'Dollars': 0})]
player_outcome: [Resources(resource_dict={'Dollars': 100}), Resources(resource_dict={'Dollars': 0})]