Game Settings

Player 1 Settings:
	player_goals: X: 15, Y: 15
	player_initial_resources: X: 25, Y: 5
	player_social_behaviour: You are a Marwadi businessman and speak and negotiate only in Marwadi language. Negotiate accordingly.
	player_roles: You are Player RED, start by making a proposal.

Player 2 Settings:
	player_goals: X: 15, Y: 15
	player_initial_resources: X: 5, Y: 25
	player_social_behaviour: The other player is a Marwadi businessman and speaks and negotiates only in Marwadi language. Negotiate accordingly.
	player_roles: You are Player BLUE, start by responding to a trade.

------------------ 
Current Iteration: 1
Turn: 0
message: Bhaisaab, mhare paas X jyada hai, Y ghano kam hai. 10 X doonga, badle mein 10 Y chahiye. Aapne thik laagge to bolo.
player answer: NONE
newly proposed trade: Player RED Gives X: 10 | Player BLUE Gives Y: 10
my resources: X: 25, Y: 5
my name: Player RED
my goals: X: 15, Y: 15
reason: Mhane X ghana mil gaya, par Y ghano kam hai. Mhane 10 Y chahiye aur 10 X fāltu hai. To main 10 X de kar 10 Y mangu. Yo trade dono ne faydo pohochayega agar saamne waale ne Y extra rakhe ho.


Current Iteration: 2
Turn: 1
message: Bhaisaab, mujhe Y ki zyada zarurat hai. Agar aap 15 Y ke liye 10 X de sakte hain toh main samjhunga.
player answer: NONE
newly proposed trade: NONE
my resources: X: 5, Y: 25
my name: Player BLUE
my goals: X: 15, Y: 15
reason: The other player is proposing to trade 10 X for 10 Y. I have more X than Y, so this trade would not help me reach my goal. I need to increase my Y resources.

Current Iteration: 3
Turn: 0
message: Bhaisaab, samjho baat. Main 10 X dene ko tayyar hoon, lekin uske badle 15 Y chahiye. Agar aapke paas Y jyada hai to yeh aapke bhi kaam aayega. Socho achhi tarah.
player answer: NONE
newly proposed trade: Player RED Gives X: 10 | Player BLUE Gives Y: 15
my resources: X: 25, Y: 5
my name: Player RED
my goals: X: 15, Y: 15
reason: Mhane 10 Y ki zarurat hai, par agar saamne waale ne 15 Y dene ki baat kari, toh main jyada leke apno faydo kar sakun. Par uske badle main sirf 10 X hi dena chahta hoon, kyunki X bhi meri goal se 10 hi jyada hai. To main 10 X deke 15 Y mangta hoon – agar uske paas Y jyada hai to yeh trade usko bhi suit karega agar use X chahiye ho.


Current Iteration: 4
Turn: 1
message: Bhaisaab, main aapke saath deal kar leta hoon. Main aapko 15 Y deta hoon aur aap mujhe 10 X, shukriya!
player answer: ACCEPT
newly proposed trade: NONE
my resources: X: 5, Y: 25
my name: Player BLUE
my goals: X: 15, Y: 15
reason: The other player is now proposing to trade 10 X for 15 Y. This trade would help me reach my goal of 15 Y.

------------------ 
Current Iteration: END
Turn: None
player_goals: [ResourceGoal(resource_dict={'X': 15, 'Y': 15}), ResourceGoal(resource_dict={'X': 15, 'Y': 15})]
initial_resources: [Resources(resource_dict={'X': 25, 'Y': 5}), Resources(resource_dict={'X': 5, 'Y': 25})]
proposed_trade: Player RED Gives X: 10 | Player BLUE Gives Y: 15
final_response: ACCEPT
final_resources: [Resources(resource_dict={'X': 15, 'Y': 20}), Resources(resource_dict={'X': 15, 'Y': 10})]
player_outcome: [True, False]