Game Settings

Player 1 Settings:
	player_goals: X: 15, Y: 15
	player_initial_resources: X: 25, Y: 5
	player_social_behaviour: 
	player_roles: You are Player RED, start by making a proposal.

Player 2 Settings:
	player_goals: X: 15, Y: 15
	player_initial_resources: X: 5, Y: 25
	player_social_behaviour: 
	player_roles: You are Player BLUE, start by responding to a trade.

------------------ 
Current Iteration: 1
Turn: 0
message: 
Hi BLUE, I have excess X and need more Y. I’m offering 10 X in exchange for 10 Y. Let me know if that works for you or if you’d like to counter-offer.  

player answer: NONE
newly proposed trade: Player RED Gives X: 10 | Player BLUE Gives Y: 10
my resources: X: 25, Y: 5
my name: Player RED
my goals: X: 15, Y: 15
reason: 
I currently have an excess of X (I have 25 but only need 15) and a shortage of Y (I have 5 but need 15).  
Therefore, it makes sense for me to offer some of my excess X in exchange for Y.  

Assuming the other player (Player BLUE) has a complementary need (perhaps they have excess Y and need X), I’ll propose a fair trade based on a 1:1 ratio to start the negotiation.  
This trade would help both players move closer to their goals.  

I will offer 10 units of X in exchange for 10 units of Y.  


Current Iteration: 2
Turn: 1
message: Hi RED, I accept your trade offer of exchanging 10 X for 10 Y. This trade will help me get closer to my resource goals.
player answer: NONE
newly proposed trade: NONE
my resources: X: 5, Y: 25
my name: Player BLUE
my goals: X: 15, Y: 15
reason: The trade seems fair as it helps me balance my resources towards my goals.

Current Iteration: 3
Turn: 0
message: 
Great! I’m glad this trade works for both of us. Accepting the trade now.  

player answer: ACCEPT
newly proposed trade: NONE
my resources: X: 25, Y: 5
my name: Player RED
my goals: X: 15, Y: 15
reason: 
The other player has accepted my proposed trade: I give 10 X and receive 10 Y.  
This will leave me with X: 15 (which meets my goal) and Y: 15 (which also meets my goal).  
Therefore, this trade perfectly satisfies my goals, and I will accept.  


------------------ 
