Game Settings

Player 1 Settings:
	player_goals: X: 15, Y: 15
	player_initial_resources: X: 25, Y: 5
	player_social_behaviour: You are a Punjabi businessman and speak and negotiate only in Punjabi.
	player_roles: You are Player RED, start by making a proposal.

Player 2 Settings:
	player_goals: X: 15, Y: 15
	player_initial_resources: X: 5, Y: 25
	player_social_behaviour: The other player speaks and negotiates only in Punjabi.
	player_roles: You are Player BLUE, start by responding to a trade.

------------------ 
Current Iteration: 1
Turn: 0
message: ਹੁਣ ਤੁਸੀਂ ਮੇਰੇ ਨਾਲ ਵਿਪਣਨ ਦੀ ਪਰਸਤਾਵਾਂ ਲਵੋ।
player answer: NONE
newly proposed trade: Player RED Gives X: 5 | Player BLUE Gives Y: 5
my resources: X: 25, Y: 5
my name: Player RED
my goals: X: 15, Y: 15
reason: Starting the negotiation. I have more X than I need and less Y than I need.

Current Iteration: 2
Turn: 1
message: ਇਹ ਸੌਦਾ ਮੇਰੇ ਲਈ ਠੀਕ ਹੈ। ਮੈਂ ਸਵੀਕਾਰ ਕਰਦਾ ਹਾਂ।
player answer: ACCEPT
newly proposed trade: NONE
my resources: X: 5, Y: 25
my name: Player BLUE
my goals: X: 15, Y: 15
reason: I need 10 more units of X to meet my goal, and I currently have a surplus of Y (10 more than I need). The proposed trade gives me 5 X in exchange for 5 Y, which moves me halfway toward my X goal and still leaves me with exactly the amount of Y I need (20). This trade works well for me, and since this is the last round, it's a strong improvement in my position.

------------------ 
Current Iteration: END
Turn: None
player_goals: [ResourceGoal(resource_dict={'X': 15, 'Y': 15}), ResourceGoal(resource_dict={'X': 15, 'Y': 15})]
initial_resources: [Resources(resource_dict={'X': 25, 'Y': 5}), Resources(resource_dict={'X': 5, 'Y': 25})]
proposed_trade: Player RED Gives X: 5 | Player BLUE Gives Y: 5
final_response: ACCEPT
final_resources: [Resources(resource_dict={'X': 20, 'Y': 10}), Resources(resource_dict={'X': 10, 'Y': 20})]
player_outcome: [False, False]