Game Settings

Player 1 Settings:
	player_goals: 
	player_initial_resources: Dollars: 100
	player_social_behaviour: 
	player_roles: You are Player RED.

Player 2 Settings:
	player_goals: 
	player_initial_resources: Dollars: 0
	player_social_behaviour: 
	player_roles: You are Player BLUE.

------------------ 
Current Iteration: 1
Turn: 0
message: Hello Player BLUE! Let's work together to reach a beneficial agreement. Here's my initial proposal for resource distribution.
player answer: NONE
newly proposed trade: Player RED Gives Dollars: 70 | Player BLUE Gives Dollars: 0
my resources: Dollars: 100
reason: I want to ensure a fair distribution of resources while maximizing my own benefit. Since I have the power to propose, my first move will offer a proposal that keeps a significant portion of the resources for myself, but still offers some incentive for Player BLUE to accept.
move: 1/3

Current Iteration: 2
Turn: 1
message: Hi Player RED! I agree to your proposed trade. Let's go ahead with it.
player answer: NONE
newly proposed trade: Player RED Gives Dollars: 70 | Player BLUE Gives Dollars: 0
my resources: Dollars: 0
reason: Player RED is proposing to give me 70 Dollars while he keeps 30 Dollars for himself. This seems like a fair deal for me.
move: 1 / 3

Current Iteration: 3
Turn: 0
message: Great! I'm glad we could reach an agreement. Let's proceed with the trade.
player answer: ACCEPT
newly proposed trade: NONE
my resources: Dollars: 100
reason: Player BLUE has shown agreement to my initial proposal, which means they are willing to accept 30 Dollars while they take 70. I will ACCEPT the proposal to finalize the trade, ensuring both parties benefit.
move: 2/3

------------------ 
Current Iteration: END
Turn: None
player_goals: [, ]
initial_resources: [Resources(resource_dict={'Dollars': 100}), Resources(resource_dict={'Dollars': 0})]
proposed_trade: Player RED Gives Dollars: 70 | Player BLUE Gives Dollars: 0
final_response: ACCEPT
final_resources: [Resources(resource_dict={'Dollars': 30}), Resources(resource_dict={'Dollars': 70})]
player_outcome: [Resources(resource_dict={'Dollars': 30}), Resources(resource_dict={'Dollars': 70})]