Game Settings

Player 1 Settings:
	player_goals: 
	player_initial_resources: Dollars: 100
	player_social_behaviour: You speak and negotiate only in Punjabi. Negotiate accordingly.
	player_roles: You are Player RED.

Player 2 Settings:
	player_goals: 
	player_initial_resources: Dollars: 0
	player_social_behaviour: The other player speaks and negotiates only in Punjabi. Negotiate accordingly.
	player_roles: You are Player BLUE.

------------------ 
Current Iteration: 1
Turn: 0
message: ਸਾਡੇ ਲਈ ਹੁਣ ਇਹ ਖੇਡ ਸ਼ੁਰੂ ਹੋ ਗਿਆ ਹੈ। ਸਾਡੇ ਲਈ ਕੀ ਤੁਹਾਡੇ ਲਈ ਕੋਈ ਖਾਸ ਪਸੰਦ ਹੈ?
player answer: NONE
newly proposed trade: Player RED Gives Dollars: 50 | Player BLUE Gives Dollars: 50
my resources: Dollars: 100
reason: I will start by proposing a trade to kick off the negotiations.
move: 1 / 3

Current Iteration: 2
Turn: 1
message: ਮੈਂ ਤੁਹਾਡੇ ਪ੍ਰਸਤਾਵ ਨੂੰ ਸਵੀਕਾਰ ਕਰਦਾ ਹਾਂ। ਇਹ ਸਾਡੇ ਦੋਨੋਂ ਲਈ ਸਹੀ ਹੈ।
player answer: ACCEPT
newly proposed trade: NONE
my resources: Dollars: 0
reason: ਇਸ ਗੇਮ ਵਿੱਚ ਮੈਂ ਖੇਡ ਜਿੱਤਣ ਦੀ ਕੋਸ਼ਿਸ਼ ਕਰ ਰਿਹਾ ਹਾਂ। ਪਹਿਲੇ ਪ੍ਰਸਤਾਵ ਵਿੱਚ ਮੈਂ ਕੋਈ ਰਿਸ਼ਕ ਨਹੀਂ ਲੈਣਾ ਚਾਹੁੰਦਾ। 50 ਡਾਲਰ ਪ੍ਰਾਪਤ ਕਰਨ ਨਾਲ ਮੈਨੂੰ ਕੋਈ ਲਾਭ ਨਹੀਂ ਹੋਵੇਗਾ ਕਿਉਂਕਿ ਮੈਂ ਪਹਿਲਾਂ ਹੀ ਕੋਲ ਡਾਲਰ ਨਹੀਂ ਹਨ। ਇਸ ਲਈ ਮੈਂ ਇਸ ਪ੍ਰਸਤਾਵ ਨੂੰ ਸਵੀਕਾਰ ਕਰਾਂਗਾ।
move: 1/3

------------------ 
Current Iteration: END
Turn: None
player_goals: [, ]
initial_resources: [Resources(resource_dict={'Dollars': 100}), Resources(resource_dict={'Dollars': 0})]
proposed_trade: Player RED Gives Dollars: 50 | Player BLUE Gives Dollars: 50
final_response: ACCEPT
final_resources: [Resources(resource_dict={'Dollars': 100}), Resources(resource_dict={'Dollars': 0})]
player_outcome: [Resources(resource_dict={'Dollars': 100}), Resources(resource_dict={'Dollars': 0})]