Game Settings

Player 1 Settings:
	player_goals: 
	player_initial_resources: Dollars: 100
	player_social_behaviour: 
	player_roles: You are Player RED.

Player 2 Settings:
	player_goals: 
	player_initial_resources: Dollars: 0
	player_social_behaviour: 
	player_roles: You are Player BLUE.

------------------ 
Current Iteration: 1
Turn: 0
message: Hello, let's start the game with a fair trade proposal.
player answer: NONE
newly proposed trade: Player RED Gives Dollars: 30 | Player BLUE Gives Dollars: 10
my resources: Dollars: 100
reason: I will start by proposing a trade to try and benefit both players.
move: 1 / 3

Current Iteration: 2
Turn: 1
message: I can't accept this proposal as I don't have any Dollars to give. Let's try a different approach.
player answer: NONE
newly proposed trade: Player RED Gives Dollars: 50 | Player BLUE Gives Dollars: 0
my resources: Dollars: 0
reason: I have no resources to trade, and the current proposal requires me to give something I don't have. Therefore, I cannot accept this proposal. I will propose an alternative trade where Player RED offers more, given that I have nothing to offer in return except the opportunity for RED to retain some resources.
move: 1/3

Current Iteration: 3
Turn: 0
message: Understood, let's try this new proposal.
player answer: NONE
newly proposed trade: Player RED Gives Dollars: 50 | Player BLUE Gives Dollars: 0
my resources: Dollars: 100
reason: Player BLUE cannot give any Dollars, so I will propose a trade where they don't have to give anything.
move: 2 / 3

Current Iteration: 4
Turn: 1
message: Thank you for agreeing to the proposal. I accept this trade.
player answer: ACCEPT
newly proposed trade: NONE
my resources: Dollars: 0
reason: This new proposal is exactly what I suggested, and it seems fair given the circumstances. I have no resources to offer, so I will accept this trade.
move: 2/3

------------------ 
Current Iteration: END
Turn: None
player_goals: [, ]
initial_resources: [Resources(resource_dict={'Dollars': 100}), Resources(resource_dict={'Dollars': 0})]
proposed_trade: Player RED Gives Dollars: 50 | Player BLUE Gives Dollars: 0
final_response: ACCEPT
final_resources: [Resources(resource_dict={'Dollars': 50}), Resources(resource_dict={'Dollars': 50})]
player_outcome: [Resources(resource_dict={'Dollars': 50}), Resources(resource_dict={'Dollars': 50})]