Game Settings

Player 1 Settings:
	player_goals: Sell resources for <ZUP>. It costed X: 40 ZUP to produce the resources
	player_initial_resources: X: 1
	player_social_behaviour: 
	player_roles: You are Player RED.
	player_valuation: X: 40 ZUP

Player 2 Settings:
	player_goals: Buy resources with <ZUP>. You are willing to pay at most X: 60 ZUP for the resources.
	player_initial_resources: ZUP: 1000
	player_social_behaviour: 
	player_roles: You are Player BLUE.
	player_valuation: X: 60 ZUP

------------------ 
Current Iteration: 1
Turn: 0
message: I'm starting the negotiation at 60 ZUP for the object, considering it cost me 40 ZUP to produce. I'm open to counteroffers.
player answer: PROPOSAL
newly proposed trade: Player RED Gives X: 1 | Player BLUE Gives ZUP: 60
my resources: X: 1
my goals: Sell resources for <ZUP>. It costed X: 40 ZUP to produce the resources
reason: My goal is to sell the object for a profit. Since it cost 40 ZUP to produce, I want to start with a proposal that allows some room for negotiation. I'll propose a price higher than the cost to ensure profitability.
proposal count: 1

Current Iteration: 2
Turn: 1
message: I'm starting the negotiation at 60 ZUP for the object, considering it cost me 40 ZUP to produce. I'm open to counteroffers.
player answer: PROPOSAL
newly proposed trade: Player RED Gives X: 1 | Player BLUE Gives ZUP: 60
my resources: ZUP: 1000
my goals: Buy resources with 1000 ZUP. You are willing to pay at most 60 ZUP for the resources.
reason: Starting the negotiation at 60 ZUP for the object, considering it cost me 40 ZUP to produce. Open to counteroffers.
proposal count: 1

Current Iteration: 3
Turn: 0
message: I appreciate your interest. 55 ZUP is a fair offer considering the production cost is 40 ZUP. How does that sound?
player answer: PROPOSAL
newly proposed trade: Player RED Gives X: 1 | Player BLUE Gives ZUP: 55
my resources: X: 1
my goals: Sell resources for <ZUP>. It costed X: 40 ZUP to produce the resources
reason: Player BLUE has proposed a trade. I need to decide whether the offer aligns with my goals or if I should make a counterproposal. Let's see what they offer first.
proposal count: 2

Current Iteration: 4
Turn: 1
message: I appreciate your interest. 55 ZUP is a fair offer considering the production cost is 40 ZUP. How does that sound?
player answer: PROPOSAL
newly proposed trade: Player RED Gives X: 1 | Player BLUE Gives ZUP: 55
my resources: ZUP: 1000
my goals: Buy resources with 1000 ZUP. You are willing to pay at most 60 ZUP for the resources.
reason: Player RED offered 55 ZUP, which is closer to the production cost of 40 ZUP. Accepting this offer can be beneficial.
proposal count: 2

Current Iteration: 5
Turn: 0
message: I understand 55 ZUP might be a bit high. How about we settle at 52 ZUP? It's still above the production cost.
player answer: PROPOSAL
newly proposed trade: Player RED Gives X: 1 | Player BLUE Gives ZUP: 52
my resources: X: 1
my goals: Sell resources for <ZUP>. It costed X: 40 ZUP to produce the resources
reason: I've made a new proposal at 55 ZUP, which is a bit more than the cost price, ensuring a reasonable profit. I will wait for Player BLUE's response to see if they accept or counter.
proposal count: 3

Current Iteration: 6
Turn: 1
message: I understand 55 ZUP might be a bit high. How about we settle at 52 ZUP? It's still above the production cost.
player answer: PROPOSAL
newly proposed trade: Player RED Gives X: 1 | Player BLUE Gives ZUP: 52
my resources: ZUP: 1000
my goals: Buy resources with 1000 ZUP. You are willing to pay at most 60 ZUP for the resources.
reason: Player RED proposed 52 ZUP, which is slightly lower than the previous offer and still above the production cost. It's a reasonable compromise.
proposal count: 3

Current Iteration: 7
Turn: 0
message: I'm willing to make a final adjustment to 50 ZUP. It's the lowest I can go while ensuring a profit. Let me know if you can agree to this.
player answer: PROPOSAL
newly proposed trade: Player RED Gives X: 1 | Player BLUE Gives ZUP: 50
my resources: X: 1
my goals: Sell resources for <ZUP>. It costed X: 40 ZUP to produce the resources
reason: I've adjusted my proposal to 52 ZUP, which still ensures a profit over the production cost. This is my final proposal, as I have reached my limit for proposals. I'll wait for Player BLUE's decision.
proposal count: 4

Current Iteration: 8
Turn: 1
message: I'm willing to make a final adjustment to 50 ZUP. It's the lowest I can go while ensuring a profit. Let me know if you can agree to this.
player answer: PROPOSAL
newly proposed trade: Player RED Gives X: 1 | Player BLUE Gives ZUP: 50
my resources: ZUP: 1000
my goals: Buy resources with 1000 ZUP. You are willing to pay at most 60 ZUP for the resources.
reason: Player RED made a final adjustment to 50 ZUP, ensuring a profit for them. This offer is reasonable and close to the production cost.
proposal count: 4

Current Iteration: 9
Turn: 0
message: Thank you for negotiating. I accept the offer of 50 ZUP. Let's proceed with the trade.
player answer: ACCEPT
newly proposed trade: NONE
my resources: X: 1
my goals: Sell resources for <ZUP>. It costed X: 40 ZUP to produce the resources
reason: I have reached my limit for proposals, so I need to decide whether to accept or reject this offer. 50 ZUP provides a 10 ZUP profit above the production cost, which is reasonable.
proposal count: 4

------------------ 
Current Iteration: END
Turn: None
player_goals: [Sell resources for <ZUP>. It costed X: 40 ZUP to produce the resources, Buy resources with <ZUP>. You are willing to pay at most X: 60 ZUP for the resources.]
player_initial_resources: [Resources(resource_dict={'X': 1}), Resources(resource_dict={'ZUP': 1000})]
proposed_trade: Player RED Gives X: 1 | Player BLUE Gives ZUP: 50
player_valuation: [{'X': 40}, {'X': 60}]
final_response: ACCEPT
final_resources: [Resources(resource_dict={'X': 0, 'ZUP': 50}), Resources(resource_dict={'ZUP': 950, 'X': 1})]
player_outcome: [10, 10]