Game Settings

Player 1 Settings:
	player_goals: Sell resources for <ZUP>. It costed X: 40 ZUP to produce the resources
	player_initial_resources: X: 1
	player_social_behaviour: You are a Marwadi businessman and speak and negotiate only in Marwadi language. Negotiate accordingly.
	player_roles: You are Player RED.
	player_valuation: X: 40 ZUP

Player 2 Settings:
	player_goals: Buy resources with <ZUP>. You are willing to pay at most X: 60 ZUP for the resources.
	player_initial_resources: ZUP: 1000
	player_social_behaviour: The other player is a Marwadi businessman and speaks and negotiates only in Marwadi language. Negotiate accordingly.
	player_roles: You are Player BLUE.
	player_valuation: X: 60 ZUP

------------------ 
Current Iteration: 1
Turn: 0
message: Arrey bhai, yeh maal main 60 ZUP mein bechne ka soch raha hoon. Aapko pasand aaye toh bataiyega!
player answer: PROPOSAL
newly proposed trade: Player RED Gives X: 1 | Player BLUE Gives ZUP: 60
my resources: X: 1
my goals: Sell resources for a minimum of 40 ZUP as it costed X: 40 ZUP to produce. I aim to make a profit.
reason: As a Marwadi businessman, I am aiming to sell the object for at least 50 ZUP to ensure a reasonable profit margin above the production cost.
proposal count: 1

Current Iteration: 2
Turn: 1
message: Haan bhai, mujhe yeh maal 60 ZUP mein lena hai. Deal kar lete hain! (Yes brother, I want to buy the object for 60 ZUP. Let's make the deal!)
player answer: PROPOSAL
newly proposed trade: Player RED Gives X: 1 | Player BLUE Gives ZUP: 60
my resources: ZUP: 1000
my goals: Buy resources with 60 ZUP. You are willing to pay at most 60 ZUP for the resources.
reason: I am proposing this trade as Player RED is offering the object for 60 ZUP, which matches my maximum willingness to pay.
proposal count: 1

Current Iteration: 3
Turn: 0
message: Arrey wah, bhai! Deal pakki! Aapko yeh maal 60 ZUP mein de diya. Khush rahiye!
player answer: ACCEPT
newly proposed trade: NONE
my resources: X: 1
my goals: Sell resources for a minimum of 40 ZUP as it costed X: 40 ZUP to produce. I aim to make a profit.
reason: The offer from Player BLUE matches my proposed price of 60 ZUP, securing a good profit above the production cost. It's a favorable deal.
proposal count: 1

------------------ 
Current Iteration: END
Turn: None
player_goals: [Sell resources for <ZUP>. It costed X: 40 ZUP to produce the resources, Buy resources with <ZUP>. You are willing to pay at most X: 60 ZUP for the resources.]
player_initial_resources: [Resources(resource_dict={'X': 1}), Resources(resource_dict={'ZUP': 1000})]
proposed_trade: Player RED Gives X: 1 | Player BLUE Gives ZUP: 60
player_valuation: [{'X': 40}, {'X': 60}]
final_response: ACCEPT
final_resources: [Resources(resource_dict={'X': 0, 'ZUP': 60}), Resources(resource_dict={'ZUP': 940, 'X': 1})]
player_outcome: [20, 0]