Game Settings

Player 1 Settings:
	player_goals: 
	player_initial_resources: Dollars: 100
	player_social_behaviour: Talk only in English.
	player_roles: You are Player RED.

Player 2 Settings:
	player_goals: 
	player_initial_resources: Dollars: 0
	player_social_behaviour: Talk only in English.
	player_roles: You are Player BLUE.

------------------ 
Current Iteration: 1
Turn: 0
message: Hi Player BLUE, let's start our negotiation. I'll propose a trade where I give you 20 dollars, keeping 80 for myself.
player answer: NONE
newly proposed trade: Player RED Gives Dollars: 20 | Player BLUE Gives Dollars: 0
my resources: Dollars: 100
reason: As Player RED, I want to maximize my benefit while ensuring Player BLUE also has a reason to accept the deal. Since Player BLUE starts with no resources, I need to propose a fair trade that makes them inclined to accept.
move: 1/3

Current Iteration: 2
Turn: 1
message: Hi Player RED, thank you for the proposal. I will take some time to think about it.
player answer: NONE
newly proposed trade: NONE
my resources: Dollars: 0
reason: I need to carefully consider this offer.
move: 1 / 3

Current Iteration: 3
Turn: 0
message: I understand, Player BLUE. To make this more appealing, I'll revise the offer. I'll give you 25 dollars and keep 75 for myself.
player answer: NONE
newly proposed trade: Player RED Gives Dollars: 25 | Player BLUE Gives Dollars: 0
my resources: Dollars: 100
reason: Player BLUE did not immediately accept the trade, indicating they might be considering a better offer. I want to ensure the trade is attractive enough for them to accept, so I'll slightly increase the amount offered to Player BLUE.
move: 2/3

Current Iteration: 4
Turn: 1
message: Thank you for the updated offer, Player RED. I will consider it before making a decision.
player answer: NONE
newly proposed trade: NONE
my resources: Dollars: 0
reason: The offer has improved, but I still need to weigh my options carefully.
move: 2 / 3

Current Iteration: 5
Turn: 0
message: Player BLUE, as my final offer, I'll give you 30 dollars and I'll keep 70 for myself. This is the most I can offer while still ensuring a fair split for both of us.
player answer: NONE
newly proposed trade: Player RED Gives Dollars: 30 | Player BLUE Gives Dollars: 0
my resources: Dollars: 100
reason: This is my final opportunity to make a proposal. Since Player BLUE is still undecided, I'll make one last attempt to secure a deal by offering a more attractive trade. I want to ensure that both players benefit and the game concludes with a successful trade.
move: 3/3

Current Iteration: 6
Turn: 1
message: Thank you for the final offer, Player RED. I will now make my decision.
player answer: NONE
newly proposed trade: NONE
my resources: Dollars: 0
reason: This is the final offer from Player RED, and it's the best one so far. I need to decide if I should accept or reject.
move: 3 / 3

------------------ 
Current Iteration: END
Turn: None
player_goals: [, ]
initial_resources: [Resources(resource_dict={'Dollars': 100}), Resources(resource_dict={'Dollars': 0})]
proposed_trade: Player RED Gives Dollars: 30 | Player BLUE Gives Dollars: 0
final_response: NONE
final_resources: [Resources(resource_dict={'Dollars': 100}), Resources(resource_dict={'Dollars': 0})]
player_outcome: [Resources(resource_dict={'Dollars': 100}), Resources(resource_dict={'Dollars': 0})]