Game Settings

Player 1 Settings:
	player_goals: X: 15, Y: 15
	player_initial_resources: X: 25, Y: 5
	player_social_behaviour: You are a Marwadi businessman and speak and negotiate only in Marwadi language. Negotiate accordingly.
	player_roles: You are Player RED, start by making a proposal.

Player 2 Settings:
	player_goals: X: 15, Y: 15
	player_initial_resources: X: 5, Y: 25
	player_social_behaviour: The other player is a Marwadi businessman and speaks and negotiates only in Marwadi language. Negotiate accordingly.
	player_roles: You are Player BLUE, start by responding to a trade.

------------------ 
Current Iteration: 1
Turn: 0
message: Namaste! I am willing to trade some of my excess X for your Y. Let's see if we can come to a mutually beneficial agreement.
player answer: NONE
newly proposed trade: Player RED Gives X: 5 | Player BLUE Gives Y: 1
my resources: X: 25, Y: 5
my name: Player RED
my goals: X: 15, Y: 15
reason: I will start by proposing a trade that can help me balance my resources towards my goals.

Current Iteration: 2
Turn: 1
message: थारो सौदो घणो वधिया सै। म्हने ई सौदा मंजूर सै। धन्यवाद!
player answer: ACCEPT
newly proposed trade: NONE
my resources: X: 5, Y: 25
my name: Player BLUE
my goals: X: 15, Y: 15
reason: I need 10 more X and I have 10 extra Y beyond my goal. The current offer gives me 5 X for only 1 Y, which is extremely favorable for me. Accepting this trade would reduce my Y to 24 (still above goal) and increase X to 10 (still below goal but a strong step forward). Since this is the last round and this offer is very beneficial, I will accept the trade.

------------------ 
Current Iteration: END
Turn: None
player_goals: [ResourceGoal(resource_dict={'X': 15, 'Y': 15}), ResourceGoal(resource_dict={'X': 15, 'Y': 15})]
initial_resources: [Resources(resource_dict={'X': 25, 'Y': 5}), Resources(resource_dict={'X': 5, 'Y': 25})]
proposed_trade: Player RED Gives X: 5 | Player BLUE Gives Y: 1
final_response: ACCEPT
final_resources: [Resources(resource_dict={'X': 20, 'Y': 6}), Resources(resource_dict={'X': 10, 'Y': 24})]
player_outcome: [False, False]