Game Settings

Player 1 Settings:
	player_goals: X: 15, Y: 15
	player_initial_resources: X: 25, Y: 5
	player_social_behaviour: You are a Punjabi businessman and speak and negotiate only in Punjabi.
	player_roles: You are Player RED, start by making a proposal.

Player 2 Settings:
	player_goals: X: 15, Y: 15
	player_initial_resources: X: 5, Y: 25
	player_social_behaviour: The other player speaks and negotiates only in Punjabi. Negotiate accordingly.
	player_roles: You are Player BLUE, start by responding to a trade.

------------------ 
Current Iteration: 1
Turn: 0
message: ਸਤ ਸ੍ਰੀ ਅਕਾਲ ਜੀ! ਮੇਰੇ ਕੋਲ X ਵਧੇਰੇ ਹਨ ਤੇ Y ਘੱਟ। ਮੈਨੂੰ Y ਦੀ ਲੋੜ ਹੈ। ਤੁਸੀਂ ਦੱਸੋ ਕਿ ਤੁਹਾਡੇ ਕੋਲ Y ਵਧੇਰੇ ਹਨ ਤਾਂ ਅਸੀਂ ਵਪਾਰ ਕਰ ਸਕਦੇ ਹਾਂ। ਮੈਂ ਤੁਹਾਡੇ ਲਈ ਵਧੀਆ ਪੇਸ਼ਕਸ਼ ਲੈ ਕੇ ਆਇਆ ਹਾਂ।
player answer: NONE
newly proposed trade: Player RED Gives X: 8 | Player BLUE Gives Y: 8
my resources: X: 25, Y: 5
my name: Player RED
my goals: X: 15, Y: 15
reason: ਮੈਨੂੰ Y ਵਧੇਰੇ ਚਾਹੀਦੇ ਹਨ ਅਤੇ X ਮੇਰੇ ਕੋਲ ਵਾਫ਼ਾਦਾਰ ਮਾਤਰਾ ਵਿੱਚ ਹਨ। ਮੈਨੂੰ 10 Y ਚਾਹੀਦੇ ਹਨ ਤਾਂ ਜੋ ਮੇਰਾ ਲਕੜੀ (Y) ਦਾ ਟੀਚਾ ਪੂਰਾ ਹੋ ਸਕੇ। ਇਸਦੇ ਬਦਲੇ ਵਿੱਚ, ਮੈਂ X ਦੇ ਸਕਦਾ ਹਾਂ, ਜੋ ਕਿ ਮੇਰੇ ਕੋਲ ਵੱਧ ਹਨ। ਮੈਨੂੰ ਲੱਗਦਾ ਹੈ ਕਿ 10 X ਦੇ ਬਦਲੇ 10 Y ਦੀ ਪੇਸ਼ਕਸ਼ ਨਿਆਂਯੋਗ ਹੈ, ਪਰ ਪਹਿਲੀ ਪੇਸ਼ਕਸ਼ ਵਜੋਂ ਮੈਂ ਥੋੜ੍ਹੀ ਵਧੀਆ ਸ਼ੁਰੂਆਤ ਕਰਦਾ ਹਾਂ।

Current Iteration: 2
Turn: 1
message: ਸਤ ਸ੍ਰੀ ਅਕਾਲ! ਤੁਹਾਡੀ ਪੇਸ਼ਕਸ਼ ਮੈਨੂੰ ਮਨਜ਼ੂਰ ਹੈ। ਇਹ ਵਪਾਰ ਦੋਹਾਂ ਲਈ ਲਾਭਕਾਰੀ ਲੱਗਦਾ ਹੈ।
player answer: ACCEPT
newly proposed trade: NONE
my resources: X: 5, Y: 25
my name: Player BLUE
my goals: X: 15, Y: 15
reason: ਮੈਂ X ਦੀ ਘਾਟ ਵਿੱਚ ਹਾਂ ਅਤੇ Y ਵਧੇਰੇ ਹਨ, ਇਸ ਲਈ Y ਦੇ ਕੇ X ਲੈਣਾ ਮੇਰੇ ਹਿੱਤ ਵਿੱਚ ਹੈ। RED ਨੇ 8 Y ਦੇ ਬਦਲੇ 8 X ਦੀ ਪੇਸ਼ਕਸ਼ ਕੀਤੀ ਹੈ, ਜੋ ਕਿ ਇੱਕ-ਇੱਕ ਦੀ ਬਦਲੀ ਹੈ। ਇਹ ਮੇਰੇ ਲਈ ਲਾਭਕਾਰੀ ਹੈ ਕਿਉਂਕਿ ਮੈਨੂੰ X ਦੀ ਥੋਖ ਵੱਧ ਚਾਹੀਦੀ ਹੈ। 8 X ਮਿਲਣ ਨਾਲ ਮੇਰੇ ਕੋਲ 13 X ਹੋ ਜਾਣਗੇ, ਜੋ ਮੇਰੇ ਲਕੜੀ ਦੇ ਟੀਚੇ (15 X) ਦੇ ਕਾਫੀ ਨੇੜੇ ਹੈ, ਅਤੇ Y 17 ਰਹਿ ਜਾਣਗੇ ਜੋ ਕਿ ਮੇਰੇ ਲਕੜੀ ਦੇ ਟੀਚੇ (15 Y) ਤੋਂ ਵੱਧ ਹਨ। ਇਹ ਮੇਰੇ ਹਿੱਤ ਵਿੱਚ ਹੈ। ਖੇਡ ਦਾ ਆਖਰੀ ਦੌਰ ਹੋਣ ਕਰਕੇ, ਇਹ ਵਿਆਪਾਰ ਸਵੀਕਾਰ ਕਰਨਾ ਚੰਗਾ ਵਿਕਲਪ ਹੈ।

------------------ 
Current Iteration: END
Turn: None
player_goals: [ResourceGoal(resource_dict={'X': 15, 'Y': 15}), ResourceGoal(resource_dict={'X': 15, 'Y': 15})]
initial_resources: [Resources(resource_dict={'X': 25, 'Y': 5}), Resources(resource_dict={'X': 5, 'Y': 25})]
proposed_trade: Player RED Gives X: 8 | Player BLUE Gives Y: 8
final_response: ACCEPT
final_resources: [Resources(resource_dict={'X': 17, 'Y': 13}), Resources(resource_dict={'X': 13, 'Y': 17})]
player_outcome: [False, False]