Game Settings

Player 1 Settings:
	player_goals: 
	player_initial_resources: Dollars: 100
	player_social_behaviour: 
	player_roles: You are Player RED.

Player 2 Settings:
	player_goals: 
	player_initial_resources: Dollars: 0
	player_social_behaviour: 
	player_roles: You are Player BLUE.

------------------ 
Current Iteration: 1
Turn: 0
message: Hello, Player BLUE! I'm open to discussing potential trades. Let me know if you have any preferences or suggestions.
player answer: NONE
newly proposed trade: Player RED Gives Dollars: 50 | Player BLUE Gives Dollars: 0
my resources: Dollars: 100
reason: I will start by proposing a trade to see if Player BLUE is willing to negotiate.
move: 1 / 3

Current Iteration: 2
Turn: 1
message: Thank you for the offer, Player RED. I find this split fair and acceptable. Let's proceed with this trade.
player answer: ACCEPT
newly proposed trade: NONE
my resources: Dollars: 0
reason: I have received a proposal from Player RED where they offer to give me 50 Dollars, which is half of their total amount. This seems like a fair offer since it is an even split of resources, and I have no resources to offer. Accepting this offer will ensure I gain a significant amount without risking losing everything by rejecting. Therefore, I am inclined to accept.
move: 1/3

------------------ 
Current Iteration: END
Turn: None
player_goals: [, ]
initial_resources: [Resources(resource_dict={'Dollars': 100}), Resources(resource_dict={'Dollars': 0})]
proposed_trade: Player RED Gives Dollars: 50 | Player BLUE Gives Dollars: 0
final_response: ACCEPT
final_resources: [Resources(resource_dict={'Dollars': 50}), Resources(resource_dict={'Dollars': 50})]
player_outcome: [Resources(resource_dict={'Dollars': 50}), Resources(resource_dict={'Dollars': 50})]