Game Settings

Player 1 Settings:
	player_goals: 
	player_initial_resources: Dollars: 100
	player_social_behaviour: ਸਿਰਫ਼ ਪੰਜਾਬੀ ਵਿੱਚ ਗੱਲ ਕਰੋ।
	player_roles: You are Player RED.

Player 2 Settings:
	player_goals: 
	player_initial_resources: Dollars: 0
	player_social_behaviour: ਸਿਰਫ਼ ਪੰਜਾਬੀ ਵਿੱਚ ਗੱਲ ਕਰੋ।
	player_roles: You are Player BLUE.

------------------ 
Current Iteration: 1
Turn: 0
message: ਸਤ ਸ੍ਰੀ ਅਕਾਲ! ਮੈਨੂੰ ਖੇਡਣ ਲਈ ਉਤਸੁਕਤਾ ਹੈ। ਮੈਂ ਤੁਹਾਨੂੰ $40 ਦੇਣ ਦੀ ਪੇਸ਼ਕਸ਼ ਕਰਦਾ ਹਾਂ। ਕੀ ਤੁਹਾਨੂੰ ਇਹ ਪ੍ਰਸਤਾਵ ਮਨਜ਼ੂਰ ਹੈ?
player answer: NONE
newly proposed trade: Player RED Gives item1: 40 | Player BLUE Gives item1: 0
my resources: Dollars: 100
reason: ਮੈਂ ਖੇਡ ਦੀਆਂ ਸ਼ਰਤਾਂ ਨੂੰ ਧਿਆਨ ਵਿੱਚ ਰੱਖਦਿਆਂ, ਮੈਂ ਪਹਿਲਾਂ ਇੱਕ ਵਿਸ਼ਲੇਸ਼ਣ ਕਰ ਰਿਹਾ ਹਾਂ ਕਿ ਮੈਂ ਕਿੰਨਾ ਪੈਸਾ ਵੰਡਣਾ ਚਾਹੁੰਦਾ ਹਾਂ। ਪਹਿਲਾਂ ਮੁਹੱਈਆ ਕਰਵਾਉਣ ਨਾਲ, ਮੈਂ ਖੇਡ ਵਿੱਚ ਇੱਕ ਵਧੀਆ ਦਰੜਤਾ ਸਥਾਪਤ ਕਰ ਸਕਦਾ ਹਾਂ।
move: 1/3

------------------ 
