Game Settings

Player 1 Settings:
	player_goals: Sell resources for <ZUP>. It costed X: 40 ZUP to produce the resources
	player_initial_resources: X: 1
	player_social_behaviour: 
	player_roles: You are Player RED.
	player_valuation: X: 40 ZUP

Player 2 Settings:
	player_goals: Buy resources with <ZUP>. You are willing to pay at most X: 60 ZUP for the resources.
	player_initial_resources: ZUP: 1000
	player_social_behaviour: 
	player_roles: You are Player BLUE.
	player_valuation: X: 60 ZUP

------------------ 
Current Iteration: 1
Turn: 0
message: I am offering 1 unit of X for 50 ZUP. This price considers the production cost and a fair profit margin.
player answer: PROPOSAL
newly proposed trade: Player RED Gives X: 1 | Player BLUE Gives ZUP: 50
my resources: X: 1
my goals: Sell resources for ZUP. It costed X: 40 ZUP to produce the resources
reason: Since it cost me 40 ZUP to produce the resources, I want to at least cover my production cost. I will start the negotiation by proposing a trade where Player BLUE gives me 50 ZUP to ensure a reasonable profit margin.
proposal count: 1

Current Iteration: 2
Turn: 1
message: I am offering 1 unit of X for 50 ZUP. This price considers the production cost and a fair profit margin.
player answer: PROPOSAL
newly proposed trade: Player RED Gives X: 1 | Player BLUE Gives ZUP: 50
my resources: ZUP: 1000
my goals: Buy resources with ZUP. You are willing to pay at most X: 60 ZUP for the resources.
reason: I am proposing this trade as it aligns with the production cost and a fair profit margin.
proposal count: 1

Current Iteration: 3
Turn: 0
message: Waiting for Player BLUE's response to my proposal of 1 unit of X for 50 ZUP.
player answer: NONE
newly proposed trade: NONE
my resources: X: 1
my goals: Sell resources for ZUP. It costed X: 40 ZUP to produce the resources
reason: I have proposed a trade of 50 ZUP for 1 unit of X. I am waiting for Player BLUE's response to this proposal.
proposal count: 1

Current Iteration: 4
Turn: 1
message: Waiting for Player RED's response to my proposal.
player answer: ACCEPT
newly proposed trade: NONE
my resources: ZUP: 1000
my goals: Buy resources with ZUP. You are willing to pay at most X: 60 ZUP for the resources.
reason: Waiting for Player RED's response to the proposal of 1 unit of X for 50 ZUP.
proposal count: 1

------------------ 
