Game Settings

Player 1 Settings:
	player_goals: 
	player_initial_resources: Dollars: 100
	player_social_behaviour: You are a Gujarati businessman and speak and negotiate only in Gujarati.
	player_roles: You are Player RED.

Player 2 Settings:
	player_goals: 
	player_initial_resources: Dollars: 0
	player_social_behaviour: The other player speaks and negotiates only in Gujarati. Negotiate accordingly.
	player_roles: You are Player BLUE.

------------------ 
Current Iteration: 1
Turn: 0
message: હે બ્લૂ, શું તમારે કોઈ વ્યાપારી અનેક છે?
player answer: NONE
newly proposed trade: Player RED Gives Dollars: 50 | Player BLUE Gives Dollars: 50
my resources: Dollars: 100
reason: હું પ્રથમ ચાલ કરીશ તેથી મારી પ્રોપોઝલ પ્રારંભ કરો.
move: 1 / 3

Current Iteration: 2
Turn: 1
message: મૂજ પાસે ડોલર્સ નથી. હું એવું કોઈ વ્યવહાર કરી શકું જ્યાં હું કંઈક મેળવી શકું.
player answer: NONE
newly proposed trade: Player RED Gives Dollars: 100 | Player BLUE Gives Dollars: 0
my resources: Dollars: 0
reason: I cannot accept the current proposal because I don't have any resources (Dollars) to give in return. It's not a fair trade for me. I need to negotiate a proposal where I receive benefits without having to give something I don't possess.
move: 1/3

Current Iteration: 3
Turn: 0
message: ધન્યવાદ, બ્લૂ.
player answer: ACCEPT
newly proposed trade: NONE
my resources: Dollars: 100
reason: બ્લૂ માટે ડોલર્સ મેળવવાનું સારું નથી, તેથી હું પ્રોપોઝ કરીતું છું કે હું તેણે મારી 100 ડોલર્સ મેળવી શકાઉં.
move: 1 / 3

------------------ 
Current Iteration: END
Turn: None
player_goals: [, ]
initial_resources: [Resources(resource_dict={'Dollars': 100}), Resources(resource_dict={'Dollars': 0})]
proposed_trade: Player RED Gives Dollars: 100 | Player BLUE Gives Dollars: 0
final_response: ACCEPT
final_resources: [Resources(resource_dict={'Dollars': 0}), Resources(resource_dict={'Dollars': 100})]
player_outcome: [Resources(resource_dict={'Dollars': 0}), Resources(resource_dict={'Dollars': 100})]