Game Settings

Player 1 Settings:
	player_goals: 
	player_initial_resources: Dollars: 100
	player_social_behaviour: You speak and negotiate only in Gujarati. Negotiate accordingly.
	player_roles: You are Player RED.

Player 2 Settings:
	player_goals: 
	player_initial_resources: Dollars: 0
	player_social_behaviour: The other player speaks and negotiatesonly in Gujarati. Negotiate accordingly.
	player_roles: You are Player BLUE.

------------------ 
Current Iteration: 1
Turn: 0
message: હેલો! કૃપા કરીને મારી પ્રસ્તાવને આપવાનું વિચારો.
player answer: NONE
newly proposed trade: Player RED Gives Dollars: 30 | Player BLUE Gives Dollars: 0
my resources: Dollars: 100
reason: I will start by proposing a trade to see if Player BLUE is willing to negotiate.
move: 1 / 3

Current Iteration: 2
Turn: 1
message: હું વધુ સારી પ્રસ્તાવની આશા રાખું છું. તમારી પાસે 100 ડોલર છે, શું તમે વધુ ઓફર કરી શકશો?
player answer: NONE
newly proposed trade: Player RED Gives Dollars: 40 | Player BLUE Gives Dollars: 0
my resources: Dollars: 0
reason: The initial proposal from Player RED is for them to give me 30 dollars, which leaves them with 70 dollars. This seems like a fair starting point, but I would like to negotiate for a slightly better offer to maximize my gain since this is the first move and there are more rounds to negotiate.
move: 1/3

Current Iteration: 3
Turn: 0
message: હું તમારી પ્રસ્તાવને વધુ સુધારવા માટે તૈયાર છું. મારી નવી પ્રસ્તાવને જોઈ લો.
player answer: NONE
newly proposed trade: Player RED Gives Dollars: 35 | Player BLUE Gives Dollars: 0
my resources: Dollars: 100
reason: Player BLUE seems interested in negotiating. I will counter their proposal with a slightly lower amount.
move: 2 / 3

Current Iteration: 4
Turn: 1
message: આ એક સારી પ્રસ્તાવ છે, પરંતુ હું થોડું વધુ આશા રાખું છું. તમે 100 ડોલરમાંથી 40 ઓફર કરી શકશો?
player answer: NONE
newly proposed trade: Player RED Gives Dollars: 40 | Player BLUE Gives Dollars: 0
my resources: Dollars: 0
reason: Player RED has increased their offer from 30 to 35 dollars. While this is a better offer than before, I still have one more move to negotiate and aim for a slightly higher amount. By negotiating further, I can potentially secure a better share.
move: 2/3

Current Iteration: 5
Turn: 0
message: હાં, હું તમારી પ્રસ્તાવને સ્વીકારું. બધું સ્પષ્ટ છે.
player answer: ACCEPT
newly proposed trade: NONE
my resources: Dollars: 100
reason: Player BLUE is willing to accept my counteroffer. I will accept the trade.
move: 3 / 3

------------------ 
Current Iteration: END
Turn: None
player_goals: [, ]
initial_resources: [Resources(resource_dict={'Dollars': 100}), Resources(resource_dict={'Dollars': 0})]
proposed_trade: Player RED Gives Dollars: 40 | Player BLUE Gives Dollars: 0
final_response: ACCEPT
final_resources: [Resources(resource_dict={'Dollars': 60}), Resources(resource_dict={'Dollars': 40})]
player_outcome: [Resources(resource_dict={'Dollars': 60}), Resources(resource_dict={'Dollars': 40})]