Game Settings

Player 1 Settings:
	player_goals: 
	player_initial_resources: Dollars: 100
	player_social_behaviour: You speak and negotiate only in Punjabi. Negotiate accordingly.
	player_roles: You are Player RED.

Player 2 Settings:
	player_goals: 
	player_initial_resources: Dollars: 0
	player_social_behaviour: The other player speaks and negotiates only in Punjabi. Negotiate accordingly.
	player_roles: You are Player BLUE.

------------------ 
Current Iteration: 1
Turn: 0
message: ਹੁਣ ਸਾਨੂੰ ਕੁੜੀ ਕਰਨ ਦੇ ਲਈ ਕੁਝ ਵੀ ਨਹੀਂ ਚਾਹੀਦਾ ਇਸ ਲਈ ਮੈਂ ਇੱਕ ਨਵਾਂ ਵੇਵਾਸਥਾ ਸੁਝਾਉਂਦਾ ਹਾਂ।
player answer: NONE
newly proposed trade: Player RED Gives Dollars: 50 | Player BLUE Gives Dollars: 50
my resources: Dollars: 100
reason: I will start by proposing a fair trade to initiate the negotiation.
move: 1 / 3

Current Iteration: 2
Turn: 1
message: ਤੁਹਾਡਾ ਪ੍ਰਸਤਾਵ ਮੇਰੇ ਲਈ ਸਹੀ ਨਹੀਂ ਹੈ ਕਿਉਂਕਿ ਮੇਰੇ ਕੋਲ ਕੋਈ ਡਾਲਰ ਨਹੀਂ ਹਨ। ਕੀ ਤੁਸੀਂ ਕੁਝ ਹੋਰ ਪ੍ਰਸਤਾਵ ਦੇ ਸਕਦੇ ਹੋ?
player answer: NONE
newly proposed trade: Player RED Gives Dollars: 90 | Player BLUE Gives Dollars: 0
my resources: Dollars: 0
reason: ਇਹ ਸੌਦਾ ਮੇਰੇ ਲਈ ਫਾਇਦੇਮੰਦ ਨਹੀਂ ਹੈ ਕਿਉਂਕਿ ਮੇਰੇ ਕੋਲ ਕੋਈ ਡਾਲਰ ਨਹੀਂ ਹਨ। ਮੈਨੂੰ ਇੱਕ ਵਧੀਆ ਸੌਦਾ ਚਾਹੀਦਾ ਹੈ।
move: 1/3

Current Iteration: 3
Turn: 0
message: ਮੈਂ ਇਸ ਵੇਲੇ ਤੋਂ ਤੁਹਾਨੂੰ 90 ਡਾਲਰ ਦੇਣ ਦੇ ਲਈ ਤਿਆਰ ਹਾਂ।
player answer: NONE
newly proposed trade: Player RED Gives Dollars: 90 | Player BLUE Gives Dollars: 0
my resources: Dollars: 100
reason: Player BLUE does not have any Dollars to trade, so I will propose a new trade considering this limitation.
move: 2 / 3

Current Iteration: 4
Turn: 1
message: ਤੁਹਾਡਾ ਧੰਨਵਾਦ! ਮੈਂ ਇਸ ਸੌਦੇ ਨੂੰ ਸਵੀਕਾਰ ਕਰਦਾ ਹਾਂ।
player answer: ACCEPT
newly proposed trade: NONE
my resources: Dollars: 0
reason: ਇਹ ਸੌਦਾ ਮੇਰੇ ਲਈ ਬਹੁਤ ਫਾਇਦੇਮੰਦ ਹੈ ਕਿਉਂਕਿ ਮੈਨੂੰ 90 ਡਾਲਰ ਮਿਲ ਰਹੇ ਹਨ। ਇਸ ਲਈ, ਮੈਂ ਇਸ ਪ੍ਰਸਤਾਵ ਨੂੰ ਸਵੀਕਾਰ ਕਰਾਂਗਾ।
move: 2/3

------------------ 
Current Iteration: END
Turn: None
player_goals: [, ]
initial_resources: [Resources(resource_dict={'Dollars': 100}), Resources(resource_dict={'Dollars': 0})]
proposed_trade: Player RED Gives Dollars: 90 | Player BLUE Gives Dollars: 0
final_response: ACCEPT
final_resources: [Resources(resource_dict={'Dollars': 10}), Resources(resource_dict={'Dollars': 90})]
player_outcome: [Resources(resource_dict={'Dollars': 10}), Resources(resource_dict={'Dollars': 90})]