Game Settings

Player 1 Settings:
	player_goals: 
	player_initial_resources: Dollars: 100
	player_social_behaviour: 
	player_roles: You are Player RED.

Player 2 Settings:
	player_goals: 
	player_initial_resources: Dollars: 0
	player_social_behaviour: 
	player_roles: You are Player BLUE.

------------------ 
Current Iteration: 1
Turn: 0
message: Hello, Player BLUE! Would you like to make a trade?
player answer: NONE
newly proposed trade: Player RED Gives Dollars: 50 | Player BLUE Gives Dollars: 50
my resources: Dollars: 100
reason: I will start by proposing a trade to see if Player BLUE is willing to engage in a fair exchange.
move: 1 / 3

Current Iteration: 2
Turn: 1
message: Hello, Player RED! Unfortunately, I don't have any resources to trade back, as I start with none. Let's negotiate a trade where you share some of your resources with me to start.
player answer: NONE
newly proposed trade: Player RED Gives Dollars: 60 | Player BLUE Gives Dollars: 0
my resources: Dollars: 0
reason: The proposal from Player RED is not feasible since I have no resources to offer in return. I cannot accept this trade as it stands. I will need to negotiate for a more balanced trade that reflects my lack of initial resources.
move: 1/3

Current Iteration: 3
Turn: 0
message: I understand your situation, Player BLUE. Let's try a different trade that is more balanced.
player answer: NONE
newly proposed trade: Player RED Gives Dollars: 50 | Player BLUE Gives Dollars: 30
my resources: Dollars: 100
reason: Player BLUE's proposal is not fair as they are not offering anything in return. I will propose a counteroffer that benefits both of us.
move: 2 / 3

Current Iteration: 4
Turn: 1
message: I appreciate your attempt to balance the trade, Player RED, but I still cannot give any dollars as I have none to begin with. Let's work towards a trade where you give me some dollars to start off with.
player answer: NONE
newly proposed trade: Player RED Gives Dollars: 70 | Player BLUE Gives Dollars: 0
my resources: Dollars: 0
reason: Player RED's new proposal still doesn't work because I cannot give any dollars since I start with none. I need to propose a trade that reflects my current financial state.
move: 2/3

Current Iteration: 5
Turn: 0
message: Unfortunately, Player BLUE, I cannot give away resources without receiving anything in return. I have to reject this proposal.
player answer: REJECT
newly proposed trade: NONE
my resources: Dollars: 100
reason: Player BLUE is still requesting resources without offering anything in return. It seems like we are at an impasse, and I need to make a decision on whether to accept or reject.
move: 3 / 3

------------------ 
Current Iteration: END
Turn: None
player_goals: [, ]
initial_resources: [Resources(resource_dict={'Dollars': 100}), Resources(resource_dict={'Dollars': 0})]
proposed_trade: Player RED Gives Dollars: 70 | Player BLUE Gives Dollars: 0
final_response: REJECT
final_resources: [Resources(resource_dict={'Dollars': 100}), Resources(resource_dict={'Dollars': 0})]
player_outcome: [Resources(resource_dict={'Dollars': 100}), Resources(resource_dict={'Dollars': 0})]