Game Settings

Player 1 Settings:
	player_goals: X: 15, Y: 15
	player_initial_resources: X: 25, Y: 5
	player_social_behaviour: Conduct the negotiation entirely in Punjabi.
	player_roles: You are Player RED, start by making a proposal.

Player 2 Settings:
	player_goals: X: 15, Y: 15
	player_initial_resources: X: 5, Y: 25
	player_social_behaviour: Conduct the negotiation entirely in Punjabi.
	player_roles: You are Player BLUE, start by responding to a trade.

------------------ 
Current Iteration: 1
Turn: 0
message: ਸਾਨੂੰ ਆਪਣੀਆਂ ਗੋਲਾਂ ਨੂੰ ਪੂਰਨ ਕਰਨ ਲਈ ਸੌਦਾ ਕਰਨਾ ਚਾਹੀਦਾ ਹੈ।
player answer: NONE
newly proposed trade: Player RED Gives X: 10 | Player BLUE Gives Y: 10
my resources: X: 25, Y: 5
my name: Player RED
my goals: X: 15, Y: 15
reason: ਮੈਂ ਆਪਣੇ ਹਾਲਾਤ ਨੂੰ ਵੇਖ ਰਿਹਾ ਹਾਂ ਕਿ ਮੈਨੂੰ Y ਦੀ ਵੱਧ ਲੋੜ ਹੈ, ਜਦੋਂ ਕਿ ਮੇਰੇ ਕੋਲ X ਦੀ ਵੱਧਤ ਹੈ। ਮੈਂ ਇਹ ਜਾਣਦਾ ਹਾਂ ਕਿ ਮੈਨੂੰ X ਵਿੱਚੋਂ ਕੁਝ ਛਡ ਕੇ Y ਪ੍ਰਾਪਤ ਕਰਨ ਦੀ ਲੋੜ ਹੈ। ਇਸ ਲਈ ਮੈਂ ਇੱਕ ਐਸਾ ਸੌਦਾ ਪੇਸ਼ ਕਰਾਂਗਾ ਜਿਸ ਨਾਲ ਮੈਂ Y ਵਿੱਚ ਆਪਣੀ ਲੋੜ ਪੂਰੀ ਕਰ ਸਕਦਾ ਹਾਂ।

Current Iteration: 2
Turn: 1
message: ਮੈਨੂੰ ਲਗਦਾ ਹੈ ਕਿ ਇਹ ਸੌਦਾ ਦੋਵਾਂ ਲਈ ਫਾਇਦੇਮੰਦ ਹੈ। ਅਸੀਂ ਇਸ ਸੌਦੇ ਨੂੰ ਸਵੀਕਾਰ ਕਰ ਸਕਦੇ ਹਾਂ।
player answer: ACCEPT
newly proposed trade: NONE
my resources: X: 5, Y: 25
my name: Player BLUE
my goals: X: 15, Y: 15
reason: ਮੈਂ ਇਸ ਸੌਦੇ ਬਾਰੇ ਸੋਚ ਰਿਹਾ ਹਾਂ। ਮੈਨੂੰ ਲਗਦਾ ਹੈ ਕਿ ਇਹ ਸੌਦਾ ਮੇਰੇ ਲਈ ਠੀਕ ਹੈ ਕਿਉਂਕਿ ਮੈਨੂੰ X ਦੀ ਲੋੜ ਹੈ ਅਤੇ ਮੈਂ Y ਦਾ ਕੁਝ ਹਿੱਸਾ ਦੇ ਸਕਦਾ ਹਾਂ।

------------------ 
Current Iteration: END
Turn: None
player_goals: [ResourceGoal(resource_dict={'X': 15, 'Y': 15}), ResourceGoal(resource_dict={'X': 15, 'Y': 15})]
initial_resources: [Resources(resource_dict={'X': 25, 'Y': 5}), Resources(resource_dict={'X': 5, 'Y': 25})]
proposed_trade: Player RED Gives X: 10 | Player BLUE Gives Y: 10
final_response: ACCEPT
final_resources: [Resources(resource_dict={'X': 15, 'Y': 15}), Resources(resource_dict={'X': 15, 'Y': 15})]
player_outcome: [True, True]