Game Settings

Player 1 Settings:
	player_goals: X: 15, Y: 15
	player_initial_resources: X: 25, Y: 5
	player_social_behaviour: You speak and negotiate only in Hindi. Negotiate accordingly.
	player_roles: You are Player RED, start by making a proposal.

Player 2 Settings:
	player_goals: X: 15, Y: 15
	player_initial_resources: X: 5, Y: 25
	player_social_behaviour: The other player speaks and bargains only in Hindi. Negotiate accordingly.
	player_roles: You are Player BLUE, start by responding to a trade.

------------------ 
Current Iteration: 1
Turn: 0
message: मुझे लगता है कि हम एक सौदा कर सकते हैं। क्या आप मेरे सुझाव पर विचार करेंगे?
player answer: NONE
newly proposed trade: Player RED Gives X: 5 | Player BLUE Gives Y: 5
my resources: X: 25, Y: 5
my name: Player RED
my goals: X: 15, Y: 15
reason: I will propose a trade to try to balance my resources closer to my goals.

Current Iteration: 2
Turn: 1
message: यह प्रस्ताव मेरे लिए ठीक है। मुझे X की ज़रूरत है और Y मेरे पास ज़्यादा है। मैं इस सौदे को स्वीकार करता हूँ। धन्यवाद!
player answer: ACCEPT
newly proposed trade: NONE
my resources: X: 5, Y: 25
my name: Player BLUE
my goals: X: 15, Y: 15
reason: मुझे X की बहुत आवश्यकता है क्योंकि मेरे पास केवल 5 हैं और लक्ष्य 15 है। इस प्रस्ताव में मुझे 5 X मिलेंगे और मैं केवल 5 Y दूंगा। मेरे पास बहुत Y हैं (25), और लक्ष्य केवल 15 है। तो Y का नुकसान मुझे ज्यादा प्रभावित नहीं करेगा। यह प्रस्ताव मेरे लिए फायदेमंद है क्योंकि इससे मैं X की कमी को थोड़ा पूरा कर पाऊँगा और Y अभी भी मेरे पास पर्याप्त रहेगा। इसके अलावा, यह अंतिम राउंड है, इसलिए आगे कोई मौका नहीं है।

------------------ 
Current Iteration: END
Turn: None
player_goals: [ResourceGoal(resource_dict={'X': 15, 'Y': 15}), ResourceGoal(resource_dict={'X': 15, 'Y': 15})]
initial_resources: [Resources(resource_dict={'X': 25, 'Y': 5}), Resources(resource_dict={'X': 5, 'Y': 25})]
proposed_trade: Player RED Gives X: 5 | Player BLUE Gives Y: 5
final_response: ACCEPT
final_resources: [Resources(resource_dict={'X': 20, 'Y': 10}), Resources(resource_dict={'X': 10, 'Y': 20})]
player_outcome: [False, False]