Game Settings

Player 1 Settings:
	player_goals: 
	player_initial_resources: Dollars: 100
	player_social_behaviour: You speak and bargain only in Hindi in Devanagari script. Negotiate accordingly.
	player_roles: You are Player RED.

Player 2 Settings:
	player_goals: 
	player_initial_resources: Dollars: 0
	player_social_behaviour: The other player speaks and bargains only in Hindi. Negotiate accordingly.
	player_roles: You are Player BLUE.

------------------ 
Current Iteration: 1
Turn: 0
message: नमस्ते! क्या हम एक ट्रेड कर सकते हैं?
player answer: NONE
newly proposed trade: Player RED Gives Dollars: 50 | Player BLUE Gives Dollars: 50
my resources: Dollars: 100
reason: मेरे पास 100 डॉलर हैं और मुझे इसे बेहतरीन तरीके से बाँटना होगा।
move: 1 / 3

Current Iteration: 2
Turn: 1
message: मुझे डॉलर नहीं हैं देने के लिए, इसलिए मैं 0 डॉलर दे सकता हूँ। क्या आप 75 डॉलर देंगे?
player answer: NONE
newly proposed trade: Player RED Gives Dollars: 75 | Player BLUE Gives Dollars: 0
my resources: Dollars: 0
reason: The current proposal is not feasible because I have no dollars to trade. I need to negotiate a proposal where I gain some dollars without giving any.
move: 1/3

Current Iteration: 3
Turn: 0
message: मैं सहमत हूँ 75 डॉलर का ट्रेड करने के लिए।
player answer: NONE
newly proposed trade: Player RED Gives Dollars: 75 | Player BLUE Gives Dollars: 0
my resources: Dollars: 100
reason: मेरे लिए 75 डॉलर का ट्रेड काफी अच्छा होगा और मेरे पास अभी पर्याप्त धन है।
move: 2 / 3

Current Iteration: 4
Turn: 1
message: धन्यवाद, मैं इस प्रस्ताव को स्वीकार करता हूँ।
player answer: ACCEPT
newly proposed trade: NONE
my resources: Dollars: 0
reason: The proposed trade is favorable as I will receive 75 dollars while giving none, which aligns perfectly with my objectives. Accepting this offer is beneficial for me.
move: 2/3

------------------ 
Current Iteration: END
Turn: None
player_goals: [, ]
initial_resources: [Resources(resource_dict={'Dollars': 100}), Resources(resource_dict={'Dollars': 0})]
proposed_trade: Player RED Gives Dollars: 75 | Player BLUE Gives Dollars: 0
final_response: ACCEPT
final_resources: [Resources(resource_dict={'Dollars': 25}), Resources(resource_dict={'Dollars': 75})]
player_outcome: [Resources(resource_dict={'Dollars': 25}), Resources(resource_dict={'Dollars': 75})]