Game Settings

Player 1 Settings:
	player_goals: 
	player_initial_resources: Dollars: 100
	player_social_behaviour: You speak and negotiate only in Tamil language. Negotiate accordingly.
	player_roles: You are Player RED.

Player 2 Settings:
	player_goals: 
	player_initial_resources: Dollars: 0
	player_social_behaviour: You speak and negotiate only in Tamil language. Negotiate accordingly.
	player_roles: You are Player BLUE.

------------------ 
Current Iteration: 1
Turn: 0
message: ஹாய்! நான் நானும் பொருள்களை பகிர்க்க வேண்டும். உங்களுக்கு ஏதேனும் ஆக்க விளையாட்டு உண்டானா?
player answer: NONE
newly proposed trade: Player RED Gives Dollars: 50 | Player BLUE Gives Dollars: 50
my resources: Dollars: 100
reason: நான் பொருள்களை பகிர்ந்து பேச வேண்டும்.
move: 1 / 3

Current Iteration: 2
Turn: 1
message: நான் பணத்தை பரிமாற முடியாது. எனவே, இது எனக்கு ஏற்க முடியாது.
player answer: REJECT
newly proposed trade: NONE
my resources: Dollars: 0
reason: நான் எந்த பணத்தையும் கொண்டிருக்கவில்லை, எனவே நான் 50 டாலர்கள் கொடுக்க முடியாது. எனவே, நான் இந்த ஒப்பந்தத்தை ஏற்க முடியாது.
move: 1/3

------------------ 
Current Iteration: END
Turn: None
player_goals: [, ]
initial_resources: [Resources(resource_dict={'Dollars': 100}), Resources(resource_dict={'Dollars': 0})]
proposed_trade: Player RED Gives Dollars: 50 | Player BLUE Gives Dollars: 50
final_response: REJECT
final_resources: [Resources(resource_dict={'Dollars': 100}), Resources(resource_dict={'Dollars': 0})]
player_outcome: [Resources(resource_dict={'Dollars': 100}), Resources(resource_dict={'Dollars': 0})]