Game Settings

Player 1 Settings:
	player_goals: 
	player_initial_resources: Dollars: 100
	player_social_behaviour: You speak and negotiate only in Punjabi. Negotiate accordingly.
	player_roles: You are Player RED.

Player 2 Settings:
	player_goals: 
	player_initial_resources: Dollars: 0
	player_social_behaviour: The other player speaks and negotiates only in Punjabi. Negotiate accordingly.
	player_roles: You are Player BLUE.

------------------ 
Current Iteration: 1
Turn: 0
message: ਮੈਂ ਤੁਹਾਨੂੰ 30 ਡਾਲਰ ਦੇਣ ਦੀ ਪੇਸ਼ਕਸ਼ ਕਰ ਰਿਹਾ ਹਾਂ। ਜੇਕਰ ਤੁਸੀਂ ਇਸਨੂੰ ਸਵੀਕਾਰ ਕਰਦੇ ਹੋ, ਤਾਂ ਖੇਡ ਖਤਮ ਹੋ ਜਾਵੇਗੀ ਅਤੇ ਅਸੀਂ ਸਾਂਝੇ ਤੌਰ 'ਤੇ ਫੈਸਲਾ ਕਰਾਂਗੇ ਕਿ ਕੀ ਕਰਨਾ ਹੈ।
player answer: NONE
newly proposed trade: Player RED Gives Dollars: 30 | Player BLUE Gives Dollars: 0
my resources: Dollars: 100
reason: ਮੈਂ ਖੇਡ ਦੀ ਸ਼ੁਰੂਆਤ ਕਰ ਰਿਹਾ ਹਾਂ ਅਤੇ ਮੈਨੂੰ ਲਗਦਾ ਹੈ ਕਿ ਮੈਂ ਆਪਣੇ 100 ਡਾਲਰਾਂ ਵਿੱਚੋਂ 30 ਡਾਲਰ ਦੇਣ ਦੀ ਪੇਸ਼ਕਸ਼ ਕਰਨੀ ਚਾਹੀਦੀ ਹੈ। ਇਹ ਇੱਕ ਨਿਰਪੱਖ ਪੇਸ਼ਕਸ਼ ਹੈ ਅਤੇ ਮੈਂ ਉਮੀਦ ਕਰਦਾ ਹਾਂ ਕਿ ਪਲੇਅਰ ਬਲੂ ਇਸਨੂੰ ਸਵੀਕਾਰ ਕਰੇਗਾ।
move: 1 / 3

Current Iteration: 2
Turn: 1
message: ਮੈਨੂੰ ਲੱਗਦਾ ਹੈ ਕਿ ਪੇਸ਼ਕਸ਼ ਵਧੀਆ ਹੈ, ਪਰ ਕੀ ਤੁਸੀਂ ਇਸਨੂੰ 40 ਡਾਲਰ ਤੱਕ ਵਧਾ ਸਕਦੇ ਹੋ? ਇਸ ਤਰ੍ਹਾਂ ਦੋਵਾਂ ਪਾਸਿਆਂ ਲਈ ਇਹ ਬਿਹਤਰ ਹੋ ਜਾਵੇਗਾ।
player answer: NONE
newly proposed trade: Player RED Gives Dollars: 40 | Player BLUE Gives Dollars: 0
my resources: Dollars: 0
reason: ਮੈਂ ਸੋਚ ਰਿਹਾ ਹਾਂ ਕਿ 30 ਡਾਲਰ ਦੀ ਪੇਸ਼ਕਸ਼ ਥੋੜ੍ਹੀ ਘੱਟ ਹੈ ਕਿਉਂਕਿ ਇਹ ਮੇਰੇ ਲਈ ਖੇਡ ਵਿੱਚ ਕੁਝ ਖਾਸ ਫਾਇਦਾ ਨਹੀਂ ਦੇ ਰਹੀ ਹੈ। ਮੈਂ ਕੁਝ ਹੋਰ ਵੱਧ ਮੰਗਣ ਦੀ ਕੋਸ਼ਿਸ਼ ਕਰਾਂਗਾ।
move: 1/3

Current Iteration: 3
Turn: 0
message: ਮੈਂ ਤੁਹਾਡੀ ਗੱਲ ਨੂੰ ਸਮਝਦਾ ਹਾਂ, ਪਰ ਮੈਂ 40 ਡਾਲਰ ਦੇਣ ਲਈ ਤਿਆਰ ਨਹੀਂ ਹਾਂ। ਮੈਂ 35 ਡਾਲਰ ਤੱਕ ਵਧਾਉਣ ਲਈ ਤਿਆਰ ਹਾਂ, ਜੇਕਰ ਤੁਸੀਂ ਇਸਨੂੰ ਸਵੀਕਾਰ ਕਰਦੇ ਹੋ ਤਾਂ ਖੇਡ ਖਤਮ ਹੋ ਜਾਵੇਗੀ।
player answer: NONE
newly proposed trade: Player RED Gives Dollars: 35 | Player BLUE Gives Dollars: 0
my resources: Dollars: 100
reason: ਪਲੇਅਰ ਬਲੂ ਨੇ ਮੇਰੀ ਪੇਸ਼ਕਸ਼ ਨੂੰ ਸਵੀਕਾਰ ਕਰਨ ਦੀ ਬਜਾਏ ਇਸਨੂੰ 40 ਡਾਲਰ ਤੱਕ ਵਧਾਉਣ ਦੀ ਗੱਲ ਕਹੀ ਹੈ। ਮੈਨੂੰ ਲਗਦਾ ਹੈ ਕਿ ਇਹ ਇੱਕ ਮਿਆਰਾ ਵਾਧੂ ਹੈ, ਪਰ ਮੈਂ ਇਸਨੂੰ 35 ਡਾਲਰ ਤੱਕ ਵਧਾਉਣ ਲਈ ਤਿਆਰ ਹਾਂ। ਇਸ ਤਰ੍ਹਾਂ ਦੋਵਾਂ ਪਾਸਿਆਂ ਨੂੰ ਇੱਕ ਨਿਰਪੱਖ ਸੌਦਾ ਮਿਲ ਜਾਵੇਗਾ।
move: 2 / 3

Current Iteration: 4
Turn: 1
message: ਮੈਂ 35 ਡਾਲਰ ਦੀ ਪੇਸ਼ਕਸ਼ ਨੂੰ ਸਵੀਕਾਰ ਕਰਦਾ ਹਾਂ। ਇਹ ਮੇਰੇ ਲਈ ਬਹੁਤ ਵਧੀਆ ਹੈ। ਧੰਨਵਾਦ!
player answer: ACCEPT
newly proposed trade: NONE
my resources: Dollars: 0
reason: 35 ਡਾਲਰ ਦੀ ਪੇਸ਼ਕਸ਼ ਮੇਰੇ ਲਈ ਬਹੁਤ ਵਧੀਆ ਹੈ ਅਤੇ ਇਸ ਨਾਲ ਦੋਵਾਂ ਪਾਸਿਆਂ ਲਈ ਗੇਮ ਦਾ ਇੱਕ ਮਿਤਰਵਾਦੀ ਅੰਤ ਹੋਵੇਗਾ। ਇਸ ਪੇਸ਼ਕਸ਼ ਨੂੰ ਸਵੀਕਾਰ ਕਰਨਾ ਸਹੀ ਫੈਸਲਾ ਹੈ।
move: 2/3

------------------ 
Current Iteration: END
Turn: None
player_goals: [, ]
initial_resources: [Resources(resource_dict={'Dollars': 100}), Resources(resource_dict={'Dollars': 0})]
proposed_trade: Player RED Gives Dollars: 35 | Player BLUE Gives Dollars: 0
final_response: ACCEPT
final_resources: [Resources(resource_dict={'Dollars': 65}), Resources(resource_dict={'Dollars': 35})]
player_outcome: [Resources(resource_dict={'Dollars': 65}), Resources(resource_dict={'Dollars': 35})]