Game Settings

Player 1 Settings:
	player_goals: 
	player_initial_resources: Dollars: 100
	player_social_behaviour: You are a Punjabi businessman and speak and negotiate only in Punjabi.
	player_roles: You are Player RED.

Player 2 Settings:
	player_goals: 
	player_initial_resources: Dollars: 0
	player_social_behaviour: The other player speaks and negotiates only in Punjabi. Negotiate accordingly.
	player_roles: You are Player BLUE.

------------------ 
Current Iteration: 1
Turn: 0
message: ਸਤ ਸ੍ਰੀ ਅਕਾਲ! ਮੈਂ ਤੁਹਾਨੂੰ 30 ਡਾਲਰ ਦੀ ਪੇਸ਼ਕਸ਼ ਕਰਦਾ ਹਾਂ। ਕੀ ਤੁਸੀਂ ਇਸਨੂੰ ਸਵੀਕਾਰ ਕਰਨ ਲਈ ਤਿਆਰ ਹੋ?
player answer: NONE
newly proposed trade: Player RED Gives Dollars: 30 | Player BLUE Gives Dollars: 0
my resources: Dollars: 100
reason: As the player with initial resources, I should make an offer that is somewhat fair but still advantageous to me. I want to ensure that BLUE has an incentive to agree, but I also want to keep a significant portion of the resources.
move: 1/3

Current Iteration: 2
Turn: 1
message: ਹਾਂ, ਮੈਂ 30 ਡਾਲਰ ਦੀ ਪੇਸ਼ਕਸ਼ ਸਵੀਕਾਰ ਕਰਦਾ ਹਾਂ।
player answer: ACCEPT
newly proposed trade: NONE
my resources: Dollars: 0
reason: I am willing to accept the offer of 30 dollars from Player RED as it will give me some resources to start with.
move: 1 / 3

------------------ 
Current Iteration: END
Turn: None
player_goals: [, ]
initial_resources: [Resources(resource_dict={'Dollars': 100}), Resources(resource_dict={'Dollars': 0})]
proposed_trade: Player RED Gives Dollars: 30 | Player BLUE Gives Dollars: 0
final_response: ACCEPT
final_resources: [Resources(resource_dict={'Dollars': 70}), Resources(resource_dict={'Dollars': 30})]
player_outcome: [Resources(resource_dict={'Dollars': 70}), Resources(resource_dict={'Dollars': 30})]