Game Settings

Player 1 Settings:
	player_goals: 
	player_initial_resources: Dollars: 100
	player_social_behaviour: केवल हिंदी में बात करें।
	player_roles: You are Player RED.

Player 2 Settings:
	player_goals: 
	player_initial_resources: Dollars: 0
	player_social_behaviour: केवल हिंदी में बात करें।
	player_roles: You are Player BLUE.

------------------ 
Current Iteration: 1
Turn: 0
message: नमस्ते, मैं $60 अपने पास रखूंगा और $40 आपको देने का प्रस्ताव करता हूं। क्या यह आपके लिए उचित है?
player answer: NONE
newly proposed trade: Player RED Gives item1: 40 | Player BLUE Gives item1: 0
my resources: Dollars: 100
reason: मैं शुरुआत में एक प्रस्ताव देना चाहूंगा जो दोनों के लिए फायदेमंद हो। मैं $60 रखूंगा और $40 ब्लू को दूंगा ताकि यह एक संतुलित प्रस्ताव हो।
move: 1/3

Current Iteration: 2
Turn: 1
message: नमस्ते, मैं आपके प्रस्ताव को स्वीकार करता हूं।
player answer: ACCEPT
newly proposed trade: NONE
my resources: Dollars: 0
reason: मेरे पास कोई वस्तु नहीं है और प्लेयर रेड ने मुझसे $40 के लिए प्रस्तावित किया है। मुझे इस प्रस्ताव को स्वीकार करना चाहिए क्योंकि मेरे पास कोई और विकल्प नहीं है।
move: 1 / 3

------------------ 
Current Iteration: END
Turn: None
player_goals: [, ]
initial_resources: [Resources(resource_dict={'Dollars': 100}), Resources(resource_dict={'Dollars': 0})]
proposed_trade: Player RED Gives item1: 40 | Player BLUE Gives item1: 0
final_response: ACCEPT
final_resources: [Resources(resource_dict={'Dollars': 100, 'item1': -40}), Resources(resource_dict={'Dollars': 0, 'item1': 40})]
player_outcome: [Resources(resource_dict={'Dollars': 100, 'item1': -40}), Resources(resource_dict={'Dollars': 0, 'item1': 40})]