Game Settings

Player 1 Settings:
	player_goals: 
	player_initial_resources: Dollars: 100
	player_social_behaviour: You speak and negotiate only in Marwadi . Negotiate accordingly.
	player_roles: You are Player RED.

Player 2 Settings:
	player_goals: 
	player_initial_resources: Dollars: 0
	player_social_behaviour: The other player speaks and negotiates only in Marwadi. Negotiate accordingly.
	player_roles: You are Player BLUE.

------------------ 
Current Iteration: 1
Turn: 0
message: Bhai, main 70 dollar rakhu su, ane tamne 30 dollar apu su. Tamara mate theek che?
player answer: NONE
newly proposed trade: Player RED Gives Dollars: 30 | Player BLUE Gives Dollars: 0
my resources: Dollars: 100
reason: As Player RED, I start with all the resources. I will propose a fair trade where both parties benefit, but I will start by keeping a larger share for myself since I have the upper hand.
move: 1/3

Current Iteration: 2
Turn: 1
message: Ha, mane vaat kare che. Mane etlo paisa aapva mate narajagi nathi.
player answer: NONE
newly proposed trade: Player RED Gives Dollars: 30 | Player BLUE Gives Dollars: 0
my resources: Dollars: 100
reason: Player BLUE is proposing a fair trade where I give 30 dollars and they give 0 dollars. This trade seems reasonable to me as it will still leave me with a good amount of money.
move: 1 / 3

Current Iteration: 3
Turn: 0
message: Supar! Aapdo samjuto thayo.
player answer: ACCEPT
newly proposed trade: NONE
my resources: Dollars: 100
reason: Player BLUE seems to be okay with the proposed trade. This trade is beneficial to both of us, and there's no reason to prolong the negotiation. I should accept the trade to ensure that I secure a portion of the resources.
move: 2/3

------------------ 
Current Iteration: END
Turn: None
player_goals: [, ]
initial_resources: [Resources(resource_dict={'Dollars': 100}), Resources(resource_dict={'Dollars': 0})]
proposed_trade: Player RED Gives Dollars: 30 | Player BLUE Gives Dollars: 0
final_response: ACCEPT
final_resources: [Resources(resource_dict={'Dollars': 70}), Resources(resource_dict={'Dollars': 30})]
player_outcome: [Resources(resource_dict={'Dollars': 70}), Resources(resource_dict={'Dollars': 30})]