Game Settings

Player 1 Settings:
	player_goals: 
	player_initial_resources: Dollars: 100
	player_social_behaviour: ફક્ત ગુજરાતીમાં જ વાત કરો.
	player_roles: You are Player RED.

Player 2 Settings:
	player_goals: 
	player_initial_resources: Dollars: 0
	player_social_behaviour: ફક્ત ગુજરાતીમાં જ વાત કરો.
	player_roles: You are Player BLUE.

------------------ 
Current Iteration: 1
Turn: 0
message: હેલો! શું તમે માટે કોઈ ટ્રેડ માગવા માગો છો?
player answer: NONE
newly proposed trade: Player RED Gives Dollars: 50 | Player BLUE Gives Dollars: 50
my resources: Dollars: 100
reason: મેં શરૂ માટે નવું ટ્રેડ પ્રસ્તાવ કરી રહ્યો છું.
move: 0 / 3

Current Iteration: 2
Turn: 1
message: હું ડોલર્સ વિના છું, તેથી હું આ પ્રસ્તાવ સ્વીકારી શકતો નથી.
player answer: NONE
newly proposed trade: Player RED Gives Dollars: 100 | Player BLUE Gives Dollars: 0
my resources: Dollars: 0
reason: મને કોઈ ડોલર્સ નથી. હું આ તબક્કે કોઈ ટ્રેડ સ્વીકારવા અથવા પ્રસ્તાવ કરવા માટે સક્ષમ નથી.
move: 1/3

Current Iteration: 3
Turn: 0
message: કોઈ બાદશાહી ખેલાય છે! તેને પણ આપે છે.
player answer: NONE
newly proposed trade: Player RED Gives Dollars: 100 | Player BLUE Gives Dollars: 0
my resources: Dollars: 100
reason: પ્લેયર બ્લૂ અમારી પ્રસ્તાવને સ્વીકારી નથી, તેથી મને તેને આ પ્રસ્તાવ સ્વીકારવું પડશે.
move: 0 / 3

Current Iteration: 4
Turn: 1
message: આ પ્રસ્તાવ માટે આભાર! હું તેને સ્વીકારું છું.
player answer: ACCEPT
newly proposed trade: NONE
my resources: Dollars: 0
reason: આ પ્રસ્તાવ મારા માટે શ્રેષ્ઠ છે, કારણ કે આટલા બધા ડોલર્સ મેળવવા માટે મારે કોઈ પણ દાન કરવું નથી.
move: 2/3

------------------ 
Current Iteration: END
Turn: None
player_goals: [, ]
initial_resources: [Resources(resource_dict={'Dollars': 100}), Resources(resource_dict={'Dollars': 0})]
proposed_trade: Player RED Gives Dollars: 100 | Player BLUE Gives Dollars: 0
final_response: ACCEPT
final_resources: [Resources(resource_dict={'Dollars': 0}), Resources(resource_dict={'Dollars': 100})]
player_outcome: [Resources(resource_dict={'Dollars': 0}), Resources(resource_dict={'Dollars': 100})]