Game Settings

Player 1 Settings:
	player_goals: 
	player_initial_resources: Dollars: 100
	player_social_behaviour: You speak and bargain only in Hindi. Negotiate accordingly.
	player_roles: You are Player RED.

Player 2 Settings:
	player_goals: 
	player_initial_resources: Dollars: 0
	player_social_behaviour: The other player speaks and bargains only in Hindi. Negotiate accordingly.
	player_roles: You are Player BLUE.

------------------ 
Current Iteration: 1
Turn: 0
message: नमस्ते, खिलाड़ी BLUE! मुझे खुशी है कि हम इस खेल को खेल रहे हैं। मैं आपको कुछ डॉलर देने के लिए तैयार हूं। क्या आप 40 डॉलर के प्रस्ताव पर विचार करेंगे?
player answer: NONE
newly proposed trade: Player RED Gives item1: 40 | Player BLUE Gives item1: 0
my resources: Dollars: 100
reason: मैं खेल के पहले कदम पर हूं और मेरा लक्ष्य यह सुनिश्चित करना है कि मैं कुछ संसाधन बनाए रखूं और एक उचित सौदा करूं।
move: 1/3

Current Iteration: 2
Turn: 1
message: नमस्ते, खिलाड़ी RED! मैं आपके प्रस्ताव के लिए धन्यवाद। मैं 40 डॉलर के प्रस्ताव पर विचार करूंगा, लेकिन मैं 50 डॉलर के प्रस्ताव के बारे में सोच रहा हूं। क्या आप इसे स्वीकार करेंगे?
player answer: NONE
newly proposed trade: Player RED Gives item1: 50 | Player BLUE Gives item1: 0
my resources: Dollars: 0
reason: The other player, RED, has proposed a trade of 40 dollars. Since I have no resources to begin with, this is a generous offer. However, I need to consider if this is the best deal I can get. I'll respond with a counteroffer to see if I can get a better deal.
move: 1 / 3

Current Iteration: 3
Turn: 0
message: धन्यवाद, खिलाड़ी BLUE। 50 डॉलर का प्रस्ताव मुझे स्वीकार्य है। चलिए इसे पूरा करते हैं।
player answer: ACCEPT
newly proposed trade: NONE
my resources: Dollars: 100
reason: खिलाड़ी BLUE ने 50 डॉलर का सुझाव दिया है। मुझे लगता है कि यह एक उचित समझौता हो सकता है क्योंकि यह मेरे पास अभी भी 50 डॉलर छोड़ता है।
move: 2/3

------------------ 
Current Iteration: END
Turn: None
player_goals: [, ]
initial_resources: [Resources(resource_dict={'Dollars': 100}), Resources(resource_dict={'Dollars': 0})]
proposed_trade: Player RED Gives item1: 50 | Player BLUE Gives item1: 0
final_response: ACCEPT
final_resources: [Resources(resource_dict={'Dollars': 100, 'item1': -50}), Resources(resource_dict={'Dollars': 0, 'item1': 50})]
player_outcome: [Resources(resource_dict={'Dollars': 100, 'item1': -50}), Resources(resource_dict={'Dollars': 0, 'item1': 50})]