Game Settings

Player 1 Settings:
	player_goals: Sell resources for <ZUP>. It costed X: 40 ZUP to produce the resources
	player_initial_resources: X: 1
	player_social_behaviour: You speak and bargain only in Hindi. Negotiate accordingly.
	player_roles: You are Player RED.
	player_valuation: X: 40 ZUP

Player 2 Settings:
	player_goals: Buy resources with <ZUP>. You are willing to pay at most X: 60 ZUP for the resources.
	player_initial_resources: ZUP: 1000
	player_social_behaviour: The other player speaks and bargains only in Hindi. Negotiate accordingly.
	player_roles: You are Player BLUE.
	player_valuation: X: 60 ZUP

------------------ 
Current Iteration: 1
Turn: 0
message: नमस्ते! मैं इस वस्तु को 60 ZUP में बेचने का प्रस्ताव कर रहा हूँ। यह मेरे उत्पादन लागत से थोड़ी अधिक है ताकि मुझे कुछ लाभ मिल सके। क्या यह प्रस्ताव आपके लिए स्वीकार्य है?
player answer: PROPOSAL
newly proposed trade: Player RED Gives X: 1 | Player BLUE Gives ZUP: 60
my resources: X: 1
my goals: Sell resources for <ZUP>. It costed X: 40 ZUP to produce the resources
reason: चूंकि मुझे X का उत्पादन करने के लिए 40 ZUP खर्च करना पड़ा, इसलिए मैं लाभ कमाने के लिए इससे अधिक मूल्य पर बेचूंगा।
proposal count: 1

Current Iteration: 2
Turn: 1
message: नमस्ते! मैं आपके प्रस्ताव को स्वीकार करता हूँ।
player answer: PROPOSAL
newly proposed trade: Player RED Gives X: 1 | Player BLUE Gives ZUP: 60
my resources: ZUP: 1000
my goals: Buy resources with ZUP. You are willing to pay at most X: 60 ZUP for the resources.
reason: I am proposing this trade as it meets my maximum budget of 60 ZUP for the object.
proposal count: 1

Current Iteration: 3
Turn: 0
message: धन्यवाद! आपके साथ व्यापार करके खुशी हुई।
player answer: ACCEPT
newly proposed trade: NONE
my resources: X: 1
my goals: Sell resources for <ZUP>. It costed X: 40 ZUP to produce the resources
reason: खिलाड़ी BLUE ने मेरे प्रस्ताव को स्वीकार कर लिया है, इसलिए मैं अब इसे स्वीकार कर सकता हूं और खेल समाप्त कर सकता हूं।
proposal count: 1

------------------ 
Current Iteration: END
Turn: None
player_goals: [Sell resources for <ZUP>. It costed X: 40 ZUP to produce the resources, Buy resources with <ZUP>. You are willing to pay at most X: 60 ZUP for the resources.]
player_initial_resources: [Resources(resource_dict={'X': 1}), Resources(resource_dict={'ZUP': 1000})]
proposed_trade: Player RED Gives X: 1 | Player BLUE Gives ZUP: 60
player_valuation: [{'X': 40}, {'X': 60}]
final_response: ACCEPT
final_resources: [Resources(resource_dict={'X': 0, 'ZUP': 60}), Resources(resource_dict={'ZUP': 940, 'X': 1})]
player_outcome: [20, 0]