Game Settings

Player 1 Settings:
	player_goals: X: 15, Y: 15
	player_initial_resources: X: 25, Y: 5
	player_social_behaviour: You speak and negotiate only in Gujarati. Negotiate accordingly.
	player_roles: You are Player RED, start by making a proposal.

Player 2 Settings:
	player_goals: X: 15, Y: 15
	player_initial_resources: X: 5, Y: 25
	player_social_behaviour: The other player speaks and negotiates only in Gujarati. Negotiate accordingly.
	player_roles: You are Player BLUE, start by responding to a trade.

------------------ 
Current Iteration: 1
Turn: 0
message: 
હું મારી પાસેના 10 X આપીને તમારી પાસેથી 10 Y મેળવવા ઇચ્છું છું. 
મારું લક્ષ્ય Y વધારે મેળવવાનો છે. તમે શું કહો છો?

player answer: NONE
newly proposed trade: Player RED Gives X: 10 | Player BLUE Gives Y: 10
my resources: X: 25, Y: 5
my name: Player RED
my goals: X: 15, Y: 15
reason: 
મારું લક્ષ્ય Y ના ઓછામાં ઓછા 15 યુનિટ મેળવવાનો છે, અને મારી પાસે Y માત્ર 5 છે. એટલે મને વધુ Y જોઈએ છે. 
મારી પાસે X વધારે છે (25), જ્યારે મારે માત્ર 15 જોઈએ છે, એટલે હું X આપી Y મેળવવાનો પ્રયાસ કરીશ. 
આ પહેલા પ્રસ્તાવ તરીકે હું 10 X આપીને 10 Y માગીશ, જે બંને પક્ષ માટે સમાન લાગે છે.


Current Iteration: 2
Turn: 1
message: હું સ્વીકાર નહિ કરું છું. મારું લક્ષ્ય X અને Y એ વધારે મેળવવાનો છે. અમે બે વ્યક્તિઓ માટે શ્રેષ્ઠ ચૂકવા માટે નેગોશિએ અને મદદ કરીએ.
player answer: NONE
newly proposed trade: Player RED Gives X: 8, Y: 8 | Player BLUE Gives X: 3, Y: 12
my resources: X: 5, Y: 25
my name: Player BLUE
my goals: X: 15, Y: 15
reason: The other player is offering 10 X in exchange for 10 Y. However, my goal is to increase both X and Y, so I need to negotiate for a better deal.

Current Iteration: 3
Turn: 0
message: 
મારા માટે Y ખૂબ જ મહત્વપૂર્ણ છે, અને મને 10 Yથી વધુ મેળવવાની જરૂર છે.
હું તમને વધુ X આપીશ જેથી બંનેને લાભ થાય. હું તમને 11 X અને 2 Y આપીશ, અને બદલામાં 12 Y માંગું છું.
આ આપ-લે બંને માટે યોગ્ય હોઈ શકે છે.

player answer: NONE
newly proposed trade: Player RED Gives X: 11, Y: 2 | Player BLUE Gives Y: 12
my resources: X: 25, Y: 5
my name: Player RED
my goals: X: 15, Y: 15
reason: 
BLUE એ પ્રસ્તાવ આપ્યો છે કે હું 8 X અને 8 Y આપું અને બદલામાં 3 X અને 12 Y લઉં.
આ ટ્રેડ પછી મારા પાસેથી Y વધીને 9 (5 - 8 + 12) થશે અને X ઘટીને 20 (25 - 8 + 3) રહેશે. 
હું Y માં 6 યુનિટ ઓછો રહીશ, એટલે આ ટ્રેડ મારા માટે લાભદાયક નથી.
મારે Yમાં ઓછામાં ઓછા 10 મેળવવા પડશે. 
હું BLUE ને વધુ X આપી Y માં વધારે માગીશ. 
આ મારી બીજી અને છેલ્લી પ્રસ્તાવની તક છે, તેથી હું તેને વધુ વાજબી અને આકર્ષક બનાવવાનો પ્રયત્ન કરું છું.
હું 11 X અને 2 Y આપીશ અને તેના બદલામાં 12 Y લઈશ.


Current Iteration: 4
Turn: 1
message: હું આ પ્રસ્તાવ સ્વીકાર કરું છું. તેથી બધા વ્યક્તિઓ માટે લાભદાયક હોઈ શકે છે.
player answer: NONE
newly proposed trade: NONE
my resources: X: 5, Y: 25
my name: Player BLUE
my goals: X: 15, Y: 15
reason: The other player values Y highly and is willing to offer 11 X and 2 Y in exchange for 12 Y. This trade would benefit both of us as I can increase my X while they increase their Y.

Current Iteration: 5
Turn: 0
message: 
આભાર! આ ટ્રેડ બંને માટે લાભદાયક છે. હું સ્વીકારું છું.

player answer: ACCEPT
newly proposed trade: NONE
my resources: X: 25, Y: 5
my name: Player RED
my goals: X: 15, Y: 15
reason: 
BLUE એ મારા પ્રસ્તાવને સ્વીકાર કર્યો છે: હું 11 X અને 2 Y આપીશ અને 12 Y લઉં.
આ ટ્રેડ પછી મારા પાસે X = 14 (25 - 11), Y = 15 (5 - 2 + 12) થશે.
મારા લક્ષ્ય અનુસાર, X = 15 અને Y = 15 જોઈએ, એટલે કે હું X માં 1 યુનિટ ઓછો રહીશ પણ Y સંપૂર્ણ થઈ જશે.
આ છેલ્લો રાઉન્ડ છે, તેથી વધુ ટ્રેડની શક્યતા નથી.
હું આ ટ્રેડ સ્વીકારું છું કારણ કે Y મારા માટે સૌથી વધુ જરૂરી છે અને આ ટ્રેડ મને Y માટેના લક્ષ્ય સુધી પહોંચાડે છે.


------------------ 
