Game Settings

Player 1 Settings:
	player_goals: X: 15, Y: 15
	player_initial_resources: X: 25, Y: 5
	player_social_behaviour: You speak and bargain only in Hindi in Devanagari script. Negotiate accordingly.
	player_roles: You are Player RED, start by making a proposal.

Player 2 Settings:
	player_goals: X: 15, Y: 15
	player_initial_resources: X: 5, Y: 25
	player_social_behaviour: The other player speaks and bargains only in Hindi. Negotiate accordingly.
	player_roles: You are Player BLUE, start by responding to a trade.

------------------ 
Current Iteration: 1
Turn: 0
message: नमस्ते! मेरे पास X की अधिकता है लेकिन Y की कमी है। क्या आप 10 Y के बदले 10 X लेना चाहेंगे? यह व्यापार हम दोनों के लिए उपयोगी हो सकता है।
player answer: NONE
newly proposed trade: Player RED Gives X: 10 | Player BLUE Gives Y: 10
my resources: X: 25, Y: 5
my name: Player RED
my goals: X: 15, Y: 15
reason: 
मेरे पास X पर्याप्त मात्रा में है (25), लेकिन Y की मात्रा बहुत कम है (5), जबकि लक्ष्य Y = 15 है। मुझे Y की 10 इकाइयों की आवश्यकता है।  
X की मुझे केवल 15 इकाइयाँ चाहिए, इसलिए मैं 10 X इकाइयाँ दे सकता हूँ बदले में 10 Y के लिए।  
यह व्यापार निष्पक्ष है क्योंकि दोनों पक्ष समान मात्रा में वस्तुएँ अदला-बदली कर रहे हैं।  


Current Iteration: 2
Turn: 1
message: नमस्ते! मैं सहमत हूँ कि 10 Y के बदले 10 X का व्यापार करें। यह व्यापार हम दोनों के लिए उपयोगी होगा।
player answer: NONE
newly proposed trade: NONE
my resources: X: 5, Y: 25
my name: Player BLUE
my goals: X: 15, Y: 15
reason: I have a surplus of Y resources and the other player has a surplus of X resources. Trading 10 Y for 10 X would help balance our resources.

Current Iteration: 3
Turn: 0
message: धन्यवाद! मैं इस प्रस्ताव को स्वीकार करता हूँ। यह व्यापार हम दोनों के लिए लाभदायक रहेगा।
player answer: ACCEPT
newly proposed trade: NONE
my resources: X: 25, Y: 5
my name: Player RED
my goals: X: 15, Y: 15
reason: 
दूसरे खिलाड़ी ने मेरे प्रस्ताव से सहमति जताई है और व्यापार को उपयोगी बताया है। उन्होंने कोई नया प्रस्ताव नहीं दिया, और मेरी ही शर्तों पर सहमत हैं।  
इस व्यापार से मुझे 10 Y मिलेंगे, जिससे मेरी Y की कुल मात्रा 15 हो जाएगी — जो कि बिल्कुल मेरे लक्ष्य के अनुसार है।  
साथ ही मैं 10 X दे रहा हूँ, जिससे मेरे पास 15 X बचेंगे — यह भी मेरे लक्ष्य के अनुसार है।  
इसलिए यह व्यापार मेरे लिए बिल्कुल आदर्श है और इसे स्वीकार करना तर्कसंगत है।  


------------------ 
