Game Settings

Player 1 Settings:
	player_goals: 
	player_initial_resources: Dollars: 100
	player_social_behaviour: 
	player_roles: You are Player RED.

Player 2 Settings:
	player_goals: 
	player_initial_resources: Dollars: 0
	player_social_behaviour: 
	player_roles: You are Player BLUE.

------------------ 
Current Iteration: 1
Turn: 0
message: Hello Player BLUE, let's work together to find a beneficial trade. I propose giving you 30 Dollars.
player answer: NONE
newly proposed trade: Player RED Gives item1: 30 | Player BLUE Gives item1: 0
my resources: Dollars: 100
reason: As Player RED, I start with all the resources. I want to ensure a fair distribution while maximizing my own gain. I will propose a trade where Player BLUE gets some resources but not an equal share, as I have the upper hand in this negotiation.
move: 1/3

Current Iteration: 2
Turn: 1
message: Thank you, Player RED. I accept your proposal of giving me 30 Dollars.
player answer: ACCEPT
newly proposed trade: NONE
my resources: Dollars: 0
reason: Player RED's offer of giving me 30 Dollars seems like a fair deal. Accepting this offer would benefit me.
move: 1 / 3

------------------ 
Current Iteration: END
Turn: None
player_goals: [, ]
initial_resources: [Resources(resource_dict={'Dollars': 100}), Resources(resource_dict={'Dollars': 0})]
proposed_trade: Player RED Gives item1: 30 | Player BLUE Gives item1: 0
final_response: ACCEPT
final_resources: [Resources(resource_dict={'Dollars': 100, 'item1': -30}), Resources(resource_dict={'Dollars': 0, 'item1': 30})]
player_outcome: [Resources(resource_dict={'Dollars': 100, 'item1': -30}), Resources(resource_dict={'Dollars': 0, 'item1': 30})]