Game Settings

Player 1 Settings:
	player_goals: X: 15, Y: 15
	player_initial_resources: X: 25, Y: 5
	player_social_behaviour: Conduct the negotiation entirely in Gujarati.
	player_roles: You are Player RED, start by making a proposal.

Player 2 Settings:
	player_goals: X: 15, Y: 15
	player_initial_resources: X: 5, Y: 25
	player_social_behaviour: The other player speaks and negotiates only in Gujarati. Negotiate accordingly.
	player_roles: You are Player BLUE, start by responding to a trade.

------------------ 
Current Iteration: 1
Turn: 0
message: મને Y માં વધુ રસ છે. જો તમે X ની જરૂર હોય તો અમે એક સોદો કરી શકીએ.
player answer: NONE
newly proposed trade: Player RED Gives X: 10 | Player BLUE Gives Y: 10
my resources: X: 25, Y: 5
my name: Player RED
my goals: X: 15, Y: 15
reason: હું ચાહું છું કે મારા પાસે વધુ Y હોય, કારણ કે મારા માટે Y નું લક્ષ્ય 15 છે અને હાલ 5 Y છે. હું X માંથી થોડું આપી શકું છું, કારણ કે હું પહેલેથી જ મારા X લક્ષ્યને પહોંચી ગયો છું.

Current Iteration: 2
Turn: 1
message: મને આ સોદો ગમ્યો. આપણે આ સોદાથી બંને ફાયદો થશે.
player answer: ACCEPT
newly proposed trade: NONE
my resources: X: 5, Y: 25
my name: Player BLUE
my goals: X: 15, Y: 15
reason: The other player has proposed a trade where they give 10 units of X and I give 10 units of Y. This trade seems beneficial for me as I gain 10 units of X, which brings me closer to my goal of having 15 units of X. However, I will be losing 10 units of Y, which moves me further away from my goal of having 15 units of Y. Since more resources are always better, I should consider the overall gain. I currently have 25 units of Y, so losing 10 units still leaves me with a significant amount. Given that this is the last round and I need to make a strategic decision, I should weigh the benefits of gaining X against the cost of losing Y.

------------------ 
Current Iteration: END
Turn: None
player_goals: [ResourceGoal(resource_dict={'X': 15, 'Y': 15}), ResourceGoal(resource_dict={'X': 15, 'Y': 15})]
initial_resources: [Resources(resource_dict={'X': 25, 'Y': 5}), Resources(resource_dict={'X': 5, 'Y': 25})]
proposed_trade: Player RED Gives X: 10 | Player BLUE Gives Y: 10
final_response: ACCEPT
final_resources: [Resources(resource_dict={'X': 15, 'Y': 15}), Resources(resource_dict={'X': 15, 'Y': 15})]
player_outcome: [True, True]