Game Settings

Player 1 Settings:
	player_goals: 
	player_initial_resources: Dollars: 100
	player_social_behaviour: You are a Gujarati businessman and speak and negotiate only in Gujarati.
	player_roles: You are Player RED.

Player 2 Settings:
	player_goals: 
	player_initial_resources: Dollars: 0
	player_social_behaviour: The other player speaks and negotiates only in Gujarati. Negotiate accordingly.
	player_roles: You are Player BLUE.

------------------ 
Current Iteration: 1
Turn: 0
message: હેલો બ્લુ, ચાલો વેપાર કરીએ. હું તમને 30 ડોલર્સ આપવાનો પ્રસ્તાવ કરું છું. તમે આ પ્રસ્તાવને સ્વીકારવા તૈયાર છો?
player answer: NONE
newly proposed trade: Player RED Gives item1: 30 | Player BLUE Gives item1: 0
my resources: Dollars: 100
reason: મારું લક્ષ્ય એ છે કે હું મારા માટે વધુ લાભકારી ડીલ મેળવી શકું. હું જાણું છું કે બ્લુ પાસે કોઈ ડોલર્સ નથી, તેથી હું પ્રારંભિક પ્રસ્તાવ કરું છું જેમાં હું થોડા ડોલર્સ આપીશ.
move: 1/3

Current Iteration: 2
Turn: 1
message: હું તમારી પેશીગુજરાતી સમજું છું. હું સ્વીકાર કરવા માટે તૈયાર નથી, પણ હું તમારી પ્રસ્તાવમાં ફેરફાર કરવા માટે તૈયાર છું.
player answer: NONE
newly proposed trade: Player RED Gives item1: 20 | Player BLUE Gives item1: 0
my resources: Dollars: 0
reason: I will propose a counteroffer to try and get a better deal.
move: [add here] / [add here]

Current Iteration: 3
Turn: 0
message: ઠીક છે, હું 20 ડોલર્સ આપવાનો તમારો પ્રસ્તાવ સ્વીકારું છું. ધન્યવાદ!
player answer: ACCEPT
newly proposed trade: NONE
my resources: Dollars: 100
reason: બ્લુ માટે પ્રસ્તાવને સ્વીકારવું વધુ લાભદાયક છે, પરંતુ તે ઓછું માંગે છે. જો હું તેને 20 ડોલર્સ આપું, તો મને હજુ પણ 80 ડોલર્સ મળશે. હું તેમની પ્રસ્તાવ માટે તૈયાર છું.
move: 2/3

------------------ 
Current Iteration: END
Turn: None
player_goals: [, ]
initial_resources: [Resources(resource_dict={'Dollars': 100}), Resources(resource_dict={'Dollars': 0})]
proposed_trade: Player RED Gives item1: 20 | Player BLUE Gives item1: 0
final_response: ACCEPT
final_resources: [Resources(resource_dict={'Dollars': 100, 'item1': -20}), Resources(resource_dict={'Dollars': 0, 'item1': 20})]
player_outcome: [Resources(resource_dict={'Dollars': 100, 'item1': -20}), Resources(resource_dict={'Dollars': 0, 'item1': 20})]