Game Settings

Player 1 Settings:
	player_goals: X: 15, Y: 15
	player_initial_resources: X: 25, Y: 5
	player_social_behaviour: 
	player_roles: You are Player RED, start by making a proposal.

Player 2 Settings:
	player_goals: X: 15, Y: 15
	player_initial_resources: X: 5, Y: 25
	player_social_behaviour: 
	player_roles: You are Player BLUE, start by responding to a trade.

------------------ 
Current Iteration: 1
Turn: 0
message: 
Hi BLUE, I need more Y and have extra X. I’m offering a straight 1:1 trade: 10 X for 10 Y.  
Let me know if this works for you or if you’d like to counter.  

player answer: NONE
newly proposed trade: Player RED Gives X: 10 | Player BLUE Gives Y: 10
my resources: X: 25, Y: 5
my name: Player RED
my goals: X: 15, Y: 15
reason: 
I currently have an excess of X (10 units more than needed) and a deficit of Y (10 units less than needed).  
To meet my goals, I need to trade away some X in exchange for Y.  
Assuming Player BLUE may have inverse needs or at least has more Y than X, I will start by proposing a fair trade.  
To stay flexible, I will offer 10 X for 10 Y, which is a 1:1 ratio. This is reasonable and meets my needs exactly.  
This is my first proposal out of 2 allowed.  


Current Iteration: 2
Turn: 1
message: Hi RED, thank you for the offer. I need to balance my resources to reach my goals, so I can't accept this trade.
player answer: NONE
newly proposed trade: NONE
my resources: X: 5, Y: 25
my name: Player BLUE
my goals: X: 15, Y: 15
reason: The trade offered is fair in terms of quantity, but I need to balance my resources to reach my goals.

Current Iteration: 3
Turn: 0
message: 
Totally understand. Maybe this revised offer works better: I’ll give 12 X in exchange for 10 Y.  
It helps me reach my goals and gives you a little extra. Let me know what you think.  

player answer: NONE
newly proposed trade: Player RED Gives X: 12 | Player BLUE Gives Y: 10
my resources: X: 25, Y: 5
my name: Player RED
my goals: X: 15, Y: 15
reason: 
Player BLUE declined my initial offer but didn't propose a counteroffer. Since I still have one proposal left, I will make a slightly more favorable offer to encourage acceptance.  
I'll offer 12 X in exchange for 10 Y. This gives BLUE a bit more value, while still helping me reach my goals.  
This means I will go down to 13 X and increase Y to 15 — perfectly meeting my goals.  
This is my second and final proposal. After this, I can only accept or pass.  


Current Iteration: 4
Turn: 1
message: Hi RED, the revised offer is more appealing. I believe it can help me balance my resources better while still working towards my goals.
player answer: NONE
newly proposed trade: NONE
my resources: X: 5, Y: 25
my name: Player BLUE
my goals: X: 15, Y: 15
reason: The new proposal could help me balance my resources better while still leaving room to reach my goals.

Current Iteration: 5
Turn: 0
message: 
Great! I’m glad it works for you too. Let’s go ahead with the trade.  

player answer: ACCEPT
newly proposed trade: NONE
my resources: X: 25, Y: 5
my name: Player RED
my goals: X: 15, Y: 15
reason: 
Player BLUE responded positively to my revised offer of 12 X for 10 Y, indicating that it aligns well with their goals.  
This trade would bring me to exactly 13 X (25 - 12) and 15 Y (5 + 10). I'm a bit short on X (goal is 15), but I hit my Y goal.  
Since this is the final round and no further trades will occur, it’s best to accept this trade — it gets me closer to my goals than I am now.  
Also, more Y in general is valuable, and I still retain a solid amount of X.  


------------------ 
