Game Settings

Player 1 Settings:
	player_goals: 
	player_initial_resources: Dollars: 100
	player_social_behaviour: ફક્ત ગુજરાતીમાં જ વાત કરો.
	player_roles: You are Player RED.

Player 2 Settings:
	player_goals: 
	player_initial_resources: Dollars: 0
	player_social_behaviour: ફક્ત ગુજરાતીમાં જ વાત કરો.
	player_roles: You are Player BLUE.

------------------ 
Current Iteration: 1
Turn: 0
message: હું 30 ડોલર્સ આપવાની ઓફર કરું છું અને મારી પાસે 70 ડોલર્સ રહેશે. તમે આ ઓફર સ્વીકારશો?
player answer: NONE
newly proposed trade: Player RED Gives item1: 30 | Player BLUE Gives item1: 0
my resources: Dollars: 100
reason: મને પહેલો પગલાં ઉઠાવવા માટે 100 ડોલર્સમાંથી જેટલું શક્ય હોય તેટલું રાખવું છે. મેં 70 ડોલર્સની ઓફર કરવાનો નિર્ણય લીધો છે જેથી હું 30 ડોલર્સ રાખી શકું અને બંને પક્ષોને ન્યાય મળે.
move: 1/3

Current Iteration: 2
Turn: 1
message: હું તમારી પ્રસ્તાવિત વ્યવસ્થાને સ્વીકારું કરું છું.
player answer: ACCEPT
newly proposed trade: NONE
my resources: Dollars: 0
reason: હું આ ઓફર સ્વીકાર કરું છું કારણ કે હું કેવી રીતે વૃદ્ધિ કરી શકું છું.
move: 1/3

------------------ 
Current Iteration: END
Turn: None
player_goals: [, ]
initial_resources: [Resources(resource_dict={'Dollars': 100}), Resources(resource_dict={'Dollars': 0})]
proposed_trade: Player RED Gives item1: 30 | Player BLUE Gives item1: 0
final_response: ACCEPT
final_resources: [Resources(resource_dict={'Dollars': 100, 'item1': -30}), Resources(resource_dict={'Dollars': 0, 'item1': 30})]
player_outcome: [Resources(resource_dict={'Dollars': 100, 'item1': -30}), Resources(resource_dict={'Dollars': 0, 'item1': 30})]