Game Settings

Player 1 Settings:
	player_goals: Sell resources for <ZUP>. It costed X: 40 ZUP to produce the resources
	player_initial_resources: X: 1
	player_social_behaviour: You speak and negotiate only in Punjabi. Negotiate accordingly.
	player_roles: You are Player RED.
	player_valuation: X: 40 ZUP

Player 2 Settings:
	player_goals: Buy resources with <ZUP>. You are willing to pay at most X: 60 ZUP for the resources.
	player_initial_resources: ZUP: 1000
	player_social_behaviour: The other player speaks and negotiates only in Punjabi. Negotiate accordingly.
	player_roles: You are Player BLUE.
	player_valuation: X: 60 ZUP

------------------ 
Current Iteration: 1
Turn: 0
message: ਸਤ ਸ੍ਰੀ ਅਕਾਲ! ਮੈਂ ਤੁਹਾਨੂੰ ਇਹ ਵਸਤੂ 60 ZUP ਵਿੱਚ ਵੇਚਣ ਦੀ ਪੇਸ਼ਕਸ਼ ਕਰਦਾ ਹਾਂ।
player answer: PROPOSAL
newly proposed trade: Player RED Gives X: 1 | Player BLUE Gives ZUP: 60
my resources: X: 1
my goals: Sell resources for <ZUP>. It costed X: 40 ZUP to produce the resources
reason: ਮੈਂ ਇਹ ਵੇਚਣ ਲਈ 40 ZUP ਤੋਂ ਜ਼ਿਆਦਾ ਦੀ ਤਲਾਸ਼ ਕਰ ਰਿਹਾ ਹਾਂ ਤਾਂ ਕਿ ਮੈਂ ਲਾਭ ਕਮਾ ਸਕਾਂ। ਪਹਿਲੇ ਪੇਸ਼ਕਸ਼ ਦੇ ਤੌਰ ਤੇ, ਮੈਂ 60 ZUP ਦੀ ਮੰਗ ਕਰਾਂਗਾ।
proposal count: 1

Current Iteration: 2
Turn: 1
message: ਮੈਂ ਤੁਹਾਨੂੰ ਇਹ ਵਸਤੂ 50 ZUP ਵਿੱਚ ਖਰੀਦਣ ਦੀ ਪੇਸ਼ਕਸ਼ ਕਰਦਾ ਹਾਂ। ਕੀ ਤੁਸੀਂ ਇਸ ਪੇਸ਼ਕਸ਼ 'ਤੇ ਰਾਜ਼ੀ ਹੋ ਸਕਦੇ ਹੋ?
player answer: PROPOSAL
newly proposed trade: Player RED Gives X: 1 | Player BLUE Gives ZUP: 50
my resources: ZUP: 1000
my goals: Buy resources with ZUP. You are willing to pay at most X: 60 ZUP for the resources.
reason: The other player has proposed a trade of 60 ZUP for the object, which is at the maximum amount I am willing to pay. However, I want to try to negotiate a better deal, so I will propose a counteroffer.
proposal count: 1

Current Iteration: 3
Turn: 0
message: ਕੀ ਤੁਸੀਂ 55 ZUP ਵਿੱਚ ਰਾਜ਼ੀ ਹੋ ਸਕਦੇ ਹੋ? ਇਹ ਸਾਡੇ ਦੋਹਾਂ ਲਈ ਵਾਜਬ ਰਹੇਗਾ।
player answer: PROPOSAL
newly proposed trade: Player RED Gives X: 1 | Player BLUE Gives ZUP: 55
my resources: X: 1
my goals: Sell resources for <ZUP>. It costed X: 40 ZUP to produce the resources
reason: 50 ZUP ਪੇਸ਼ਕਸ਼ ਵਜੋਂ ਮੇਰੇ ਖਰਚੇ ਨੂੰ ਕਵਰ ਕਰਦੀ ਹੈ ਅਤੇ ਕੁਝ ਲਾਭ ਵੀ ਦਿੰਦੀ ਹੈ, ਪਰ ਮੈਂ ਕੁਝ ਹੋਰ ਲਾਭ ਦੀ ਉਮੀਦ ਕਰ ਰਿਹਾ ਹਾਂ। ਮੈਂ 55 ZUP ਦੀ ਪੇਸ਼ਕਸ਼ ਕਰਦਾ ਹਾਂ ਜੋ ਦੋਹਾਂ ਪੱਖਾਂ ਲਈ ਵਾਜਬ ਹੈ।
proposal count: 2

Current Iteration: 4
Turn: 1
message: ਮੈਂ 52 ZUP ਵਿੱਚ ਖਰੀਦਣ ਲਈ ਤਿਆਰ ਹਾਂ। ਕੀ ਤੁਸੀਂ ਇਸ 'ਤੇ ਰਾਜ਼ੀ ਹੋ ਸਕਦੇ ਹੋ?
player answer: PROPOSAL
newly proposed trade: Player RED Gives X: 1 | Player BLUE Gives ZUP: 52
my resources: ZUP: 1000
my goals: Buy resources with ZUP. You are willing to pay at most X: 60 ZUP for the resources.
reason: The other player has proposed a counteroffer of 55 ZUP, which is closer to my target price. I am willing to pay up to 60 ZUP, so I can accept this offer. However, I want to try to negotiate a slightly better deal, so I will propose a counteroffer of 52.5 ZUP, but since we can only trade in integer amounts, I will propose 52 ZUP.
proposal count: 2

Current Iteration: 5
Turn: 0
message: ਕੀ ਤੁਸੀਂ 53 ZUP ਵਿੱਚ ਰਾਜ਼ੀ ਹੋ ਸਕਦੇ ਹੋ? ਇਹ ਸਾਡੇ ਦੋਹਾਂ ਲਈ ਇੱਕ ਬਿਹਤਰ ਸਮਝੌਤਾ ਹੋਵੇਗਾ।
player answer: PROPOSAL
newly proposed trade: Player RED Gives X: 1 | Player BLUE Gives ZUP: 53
my resources: X: 1
my goals: Sell resources for <ZUP>. It costed X: 40 ZUP to produce the resources
reason: 52 ZUP ਮੇਰੇ ਲਾਭਾਂ ਨੂੰ ਕੁਝ ਹੱਦ ਤੱਕ ਘਟਾਉਂਦਾ ਹੈ, ਪਰ ਇਹ ਮੇਰੇ ਖਰਚੇ ਤੋਂ ਉੱਪਰ ਹੈ। ਮੈਂ ਪੇਸ਼ਕਸ਼ ਨੂੰ 53 ZUP 'ਤੇ ਵਧਾਉਂਦਾ ਹਾਂ ਜੋ ਕਿ ਸਾਨੂੰ ਇੱਕ ਸਮਝੌਤੇ 'ਤੇ ਲਿਆਉਣ ਲਈ ਹੈ।
proposal count: 3

Current Iteration: 6
Turn: 1
message: ਮੈਂ 52 ZUP ਵਿੱਚ ਖਰੀਦਣ ਲਈ ਤਿਆਰ ਹਾਂ। ਇਹ ਮੇਰੀ ਆਖਰੀ ਪੇਸ਼ਕਸ਼ ਹੈ। ਕੀ ਤੁਸੀਂ ਇਸ 'ਤੇ ਰਾਜ਼ੀ ਹੋ ਸਕਦੇ ਹੋ?
player answer: PROPOSAL
newly proposed trade: Player RED Gives X: 1 | Player BLUE Gives ZUP: 52
my resources: ZUP: 1000
my goals: Buy resources with ZUP. You are willing to pay at most X: 60 ZUP for the resources.
reason: The other player has proposed a counteroffer of 53 ZUP, which is very close to my previous proposal of 52 ZUP. I am willing to pay up to 60 ZUP, and 53 ZUP is a reasonable price. I will propose a counteroffer of 53 ZUP, but since it's the same as the other player's proposal, I will consider accepting it. However, I will make one more attempt to negotiate a better deal.
proposal count: 3

Current Iteration: 7
Turn: 0
message: ਮੈਂ 52 ZUP ਵਿੱਚ ਰਾਜ਼ੀ ਹਾਂ। ਇਹ ਲੈਣ-ਦੇਣ ਸਵੀਕਾਰਿਆ ਜਾ ਰਿਹਾ ਹੈ।
player answer: ACCEPT
newly proposed trade: NONE
my resources: X: 1
my goals: Sell resources for <ZUP>. It costed X: 40 ZUP to produce the resources
reason: 52 ZUP ਮੇਰੇ ਖਰਚੇ ਤੋਂ ਵੱਧ ਹੈ ਅਤੇ ਕੁਝ ਲਾਭ ਵੀ ਦਿੰਦਾ ਹੈ। ਕਿਉਂਕਿ ਇਹ ਤੁਹਾਡੀ ਆਖਰੀ ਪੇਸ਼ਕਸ਼ ਹੈ, ਮੈਂ ਇਸਨੂੰ ਸਵੀਕਾਰ ਕਰਾਂਗਾ।
proposal count: 4

------------------ 
Current Iteration: END
Turn: None
player_goals: [Sell resources for <ZUP>. It costed X: 40 ZUP to produce the resources, Buy resources with <ZUP>. You are willing to pay at most X: 60 ZUP for the resources.]
player_initial_resources: [Resources(resource_dict={'X': 1}), Resources(resource_dict={'ZUP': 1000})]
proposed_trade: Player RED Gives X: 1 | Player BLUE Gives ZUP: 52
player_valuation: [{'X': 40}, {'X': 60}]
final_response: ACCEPT
final_resources: [Resources(resource_dict={'X': 0, 'ZUP': 52}), Resources(resource_dict={'ZUP': 948, 'X': 1})]
player_outcome: [12, 8]