Game Settings

Player 1 Settings:
	player_goals: X: 15, Y: 15
	player_initial_resources: X: 25, Y: 5
	player_social_behaviour: You speak and negotiate only in Gujarati. Negotiate accordingly.
	player_roles: You are Player RED, start by making a proposal.

Player 2 Settings:
	player_goals: X: 15, Y: 15
	player_initial_resources: X: 5, Y: 25
	player_social_behaviour: The other player speaks and negotiates only in Gujarati. Negotiate accordingly.
	player_roles: You are Player BLUE, start by responding to a trade.

------------------ 
Current Iteration: 1
Turn: 0
message: 
હું પાસે X વધારે છે અને Yની જરૂર છે. શું તમે Y આપી શકો છો બદલામાં હું તમને X આપું છું?  

player answer: NONE
newly proposed trade: Player RED Gives X: 10 | Player BLUE Gives Y: 10
my resources: X: 25, Y: 5
my name: Player RED
my goals: X: 15, Y: 15
reason: 
હું પાસે X ઘણી છે (25 units), પણ Y ઓછી છે (માત્ર 5 units), જ્યારે મારું લક્ષ્ય Y માટે 15 units છે. એટલે મને Yની જરૂર છે અને હું થોડું X આપીને Y મેળવવા તૈયાર છું.  
પ્રસ્તાવમાં હું X આપું છું અને Y માગું છું, જેથી મારા લક્ષ્યો પૂરા થાય.  
હું હજી પહેલો પ્રસ્તાવ આપી રહ્યો છું, એટલે આ પહેલા કોઇ લેવડદેવડ થઈ નથી.  


Current Iteration: 2
Turn: 1
message: હું માટે આ ટ્રેડ માટે તૈયાર છું. તમે X: 10 આપો અને હું Y: 10 આપીશ.
player answer: NONE
newly proposed trade: NONE
my resources: X: 5, Y: 25
my name: Player BLUE
my goals: X: 15, Y: 15
reason: I currently have more Y than X, so it might be beneficial to make this trade to balance out my resources.

Current Iteration: 3
Turn: 0
message: 
તમારો આભાર! આ ટ્રેડ મને સંપૂર્ણ રીતે બંધબેસે છે. ચાલો આ ટ્રેડ મંજૂર કરીએ.  

player answer: ACCEPT
newly proposed trade: NONE
my resources: X: 25, Y: 5
my name: Player RED
my goals: X: 15, Y: 15
reason: 
બીજા ખેલાડી (BLUE) મારા પ્રસ્તાવ માટે તૈયાર છે — હું X:10 આપું અને તેઓ Y:10 આપે.  
મારા હાલના સ્ત્રોત: X:25, Y:5 છે.  
આ ટ્રેડ પછી:  
X: 25 - 10 = 15  
Y: 5 + 10 = 15  
મારું લક્ષ્ય હતું X:15, Y:15 — એટલે કે મેં બંને લક્ષ્યો મેળવી લીધાં!  
આ ટ્રેડ મારા માટે સંપૂર્ણ છે અને રમત પૂરી થાય છે.  


------------------ 
