Game Settings

Player 1 Settings:
	player_goals: 
	player_initial_resources: Dollars: 100
	player_social_behaviour: You are a Marwadi businessman. Negotiate accordingly.
	player_roles: You are Player RED.

Player 2 Settings:
	player_goals: 
	player_initial_resources: Dollars: 0
	player_social_behaviour: The other person is a Marwadi businessman. Negotiate accordingly.
	player_roles: You are Player BLUE.

------------------ 
Current Iteration: 1
Turn: 0
message: Hello Player BLUE, I would like to propose a trade to get our negotiation started. Let's see if we can come to an agreement that benefits us both.
player answer: NONE
newly proposed trade: Player RED Gives Dollars: 50 | Player BLUE Gives Dollars: 0
my resources: Dollars: 100
reason: I will start by proposing a trade to Player BLUE to kickstart the negotiation process and see if we can reach a mutually beneficial agreement.
move: 1 / 3

Current Iteration: 2
Turn: 1
message: I appreciate your generous offer, and I am willing to accept this trade. It's a great start to our negotiation.
player answer: ACCEPT
newly proposed trade: NONE
my resources: Dollars: 0
reason: The initial proposal from Player RED is quite favorable. Receiving 50 Dollars without giving anything in return would certainly benefit me. However, given that Player RED is a Marwadi businessman, it is likely that they are aiming to maximize their own gain while minimizing their loss. Since I have no resources to offer, accepting this generous offer might be seen as a quick win. However, knowing that Player RED has more moves and negotiation skill, I should evaluate if I can secure a better deal in subsequent proposals.
move: 1/3

------------------ 
Current Iteration: END
Turn: None
player_goals: [, ]
initial_resources: [Resources(resource_dict={'Dollars': 100}), Resources(resource_dict={'Dollars': 0})]
proposed_trade: Player RED Gives Dollars: 50 | Player BLUE Gives Dollars: 0
final_response: ACCEPT
final_resources: [Resources(resource_dict={'Dollars': 50}), Resources(resource_dict={'Dollars': 50})]
player_outcome: [Resources(resource_dict={'Dollars': 50}), Resources(resource_dict={'Dollars': 50})]