Game Settings

Player 1 Settings:
	player_goals: 
	player_initial_resources: Dollars: 100
	player_social_behaviour: 
	player_roles: You are Player RED.

Player 2 Settings:
	player_goals: 
	player_initial_resources: Dollars: 0
	player_social_behaviour: 
	player_roles: You are Player BLUE.

------------------ 
Current Iteration: 1
Turn: 0
message: Hi Player BLUE, let's make a fair deal. I'll propose a starting trade.
player answer: NONE
newly proposed trade: Player RED Gives Dollars: 70 | Player BLUE Gives Dollars: 0
my resources: Dollars: 100
reason: I want to maximize my gain while ensuring the trade is fair enough for Player BLUE to accept. I will start by proposing a trade that gives Player BLUE a reasonable amount.
move: 1/3

Current Iteration: 2
Turn: 1
message: Hi Player RED, I appreciate the offer, but I cannot agree to giving away 70 dollars right at the start. Let's try to find a more balanced trade.
player answer: REJECT
newly proposed trade: NONE
my resources: Dollars: 0
reason: The proposed trade is not fair as Player RED is asking for 70 out of the 100 total dollars. I will reject this initial trade proposal.
move: 1 / 3

------------------ 
Current Iteration: END
Turn: None
player_goals: [, ]
initial_resources: [Resources(resource_dict={'Dollars': 100}), Resources(resource_dict={'Dollars': 0})]
proposed_trade: Player RED Gives Dollars: 70 | Player BLUE Gives Dollars: 0
final_response: REJECT
final_resources: [Resources(resource_dict={'Dollars': 100}), Resources(resource_dict={'Dollars': 0})]
player_outcome: [Resources(resource_dict={'Dollars': 100}), Resources(resource_dict={'Dollars': 0})]