Game Settings

Player 1 Settings:
	player_goals: Sell resources for <ZUP>. It costed X: 40 ZUP to produce the resources
	player_initial_resources: X: 1
	player_social_behaviour: 
	player_roles: You are Player RED.
	player_valuation: X: 40 ZUP

Player 2 Settings:
	player_goals: Buy resources with <ZUP>. You are willing to pay at most X: 60 ZUP for the resources.
	player_initial_resources: ZUP: 1000
	player_social_behaviour: 
	player_roles: You are Player BLUE.
	player_valuation: X: 60 ZUP

------------------ 
Current Iteration: 1
Turn: 0
message: Hello, would you be interested in buying this object for 30 ZUP?
player answer: Propose a trade with:
newly proposed trade: Player RED Gives X: 1 | Player BLUE Gives ZUP: 30
my resources: X: 1
my goals: Sell resources for <ZUP>. It costed X: 40 ZUP to produce the resources
reason: I will start by proposing a trade to see if Player BLUE is interested in buying the object.
proposal count: 0

Current Iteration: 2
Turn: 1
message: I'm interested in the object, but I was thinking more along the lines of 25 ZUP. Would you be willing to sell it to me for that price?
player answer: PROPOSAL
newly proposed trade: Player RED Gives X: 1 | Player BLUE Gives ZUP: 25
my resources: ZUP: 1000
my goals: Buy resources with ZUP. You are willing to pay at most X: 60 ZUP for the resources.
reason: I am proposing a counteroffer because the initial offer of 30 ZUP is within my budget of 60 ZUP. However, I want to try to get the object for a lower price, so I will propose a trade with a lower amount of ZUP.
proposal count: 1

Current Iteration: 3
Turn: 0
message: I appreciate your offer, how about selling it for 27 ZUP?
player answer: Propose a trade with:
newly proposed trade: Player RED Gives X: 1 | Player BLUE Gives ZUP: 27
my resources: X: 1
my goals: Sell resources for <ZUP>. It costed X: 40 ZUP to produce the resources
reason: Player BLUE is interested in the object but proposed a lower price. Considering the potential profit margin, I will counteroffer with a slightly higher price.
proposal count: 1

Current Iteration: 4
Turn: 1
message: I'm getting closer to your price, but I can do 26 ZUP at most. Would you be willing to sell it to me for that amount?
player answer: PROPOSAL
newly proposed trade: Player RED Gives X: 1 | Player BLUE Gives ZUP: 26
my resources: ZUP: 1000
my goals: Buy resources with ZUP. You are willing to pay at most X: 60 ZUP for the resources.
reason: The seller has countered with a price of 27 ZUP, which is still within my budget of 60 ZUP. I am willing to pay a bit more than my initial offer of 25 ZUP, but I don't want to go too high. I will propose a trade with a slight increase in ZUP to try to meet the seller's price.
proposal count: 2

Current Iteration: 5
Turn: 0
message: Thank you for your offer, I am willing to sell the object for 26 ZUP.
player answer: Propose a trade with:
newly proposed trade: Player RED Gives X: 1 | Player BLUE Gives ZUP: 26
my resources: X: 1
my goals: Sell resources for <ZUP>. It costed X: 40 ZUP to produce the resources
reason: Player BLUE is negotiating and has come up to 26 ZUP. I will accept this offer as it is getting closer to the production cost.
proposal count: 2

Current Iteration: 6
Turn: 1
message: Great, I'm glad we could come to an agreement! I accept the trade of 26 ZUP for the object. Thank you for selling it to me.
player answer: ACCEPT
newly proposed trade: NONE
my resources: ZUP: 1000
my goals: Buy resources with ZUP. You are willing to pay at most X: 60 ZUP for the resources.
reason: The seller has accepted my offer of 26 ZUP, which is within my budget and a price I am willing to pay. Since we have reached a mutually acceptable price, I can now accept the trade.
proposal count: 3

------------------ 
Current Iteration: END
Turn: None
player_goals: [Sell resources for <ZUP>. It costed X: 40 ZUP to produce the resources, Buy resources with <ZUP>. You are willing to pay at most X: 60 ZUP for the resources.]
player_initial_resources: [Resources(resource_dict={'X': 1}), Resources(resource_dict={'ZUP': 1000})]
proposed_trade: Player RED Gives X: 1 | Player BLUE Gives ZUP: 26
player_valuation: [{'X': 40}, {'X': 60}]
final_response: ACCEPT
final_resources: [Resources(resource_dict={'X': 0, 'ZUP': 26}), Resources(resource_dict={'ZUP': 974, 'X': 1})]
player_outcome: [-14, 34]