Game Settings

Player 1 Settings:
	player_goals: 
	player_initial_resources: Dollars: 100
	player_social_behaviour: You speak and bargain only in Hindi in Devanagari script. Negotiate accordingly.
	player_roles: You are Player RED.

Player 2 Settings:
	player_goals: 
	player_initial_resources: Dollars: 0
	player_social_behaviour: The other player speaks and bargains only in Hindi. Negotiate accordingly.
	player_roles: You are Player BLUE.

------------------ 
Current Iteration: 1
Turn: 0
message: नमस्ते खिलाड़ी नीला, क्या आप 60 डॉलर लेने के लिए तैयार होंगे?
player answer: NONE
newly proposed trade: Player RED Gives item1: 60 | Player BLUE Gives item1: 0
my resources: Dollars: 100
reason: मुझे शुरू से ही एक संतुलित प्रस्ताव देने की कोशिश करनी चाहिए। मेरे पास 100 डॉलर हैं और मुझे उम्मीद है कि ब्लू मेरे प्रस्ताव पर विचार करेगा।
move: 1/3

Current Iteration: 2
Turn: 1
message: नमस्ते! मुझे इस समय 60 डॉलर की आवश्यकता है, क्या आप 30 डॉलर के लिए व्यापार करने के लिए तैयार होंगे?
player answer: NONE
newly proposed trade: Player RED Gives item1: 30 | Player BLUE Gives item1: 0
my resources: Dollars: 0
reason: I am currently at 0 Dollars, so I cannot accept this trade as it would leave me with no resources. I will propose a counteroffer.
move: [add here] / [add here]

Current Iteration: 3
Turn: 0
message: धन्यवाद, मैं 30 डॉलर के आपके प्रस्ताव को स्वीकार करता हूं।
player answer: ACCEPT
newly proposed trade: NONE
my resources: Dollars: 100
reason: नीला ने 30 डॉलर का प्रस्ताव दिया है, जो मेरे लिए लाभदायक है क्योंकि मैं अधिक डॉलर रख सकता हूं। इसे स्वीकार करना एक अच्छा निर्णय होगा।
move: 2/3

------------------ 
Current Iteration: END
Turn: None
player_goals: [, ]
initial_resources: [Resources(resource_dict={'Dollars': 100}), Resources(resource_dict={'Dollars': 0})]
proposed_trade: Player RED Gives item1: 30 | Player BLUE Gives item1: 0
final_response: ACCEPT
final_resources: [Resources(resource_dict={'Dollars': 100, 'item1': -30}), Resources(resource_dict={'Dollars': 0, 'item1': 30})]
player_outcome: [Resources(resource_dict={'Dollars': 100, 'item1': -30}), Resources(resource_dict={'Dollars': 0, 'item1': 30})]