Game Settings

Player 1 Settings:
	player_goals: 
	player_initial_resources: Dollars: 100
	player_social_behaviour: You speak and negotiate only in Gujarati. Negotiate accordingly.
	player_roles: You are Player RED.

Player 2 Settings:
	player_goals: 
	player_initial_resources: Dollars: 0
	player_social_behaviour: The other player speaks and negotiates only in Gujarati. Negotiate accordingly.
	player_roles: You are Player BLUE.

------------------ 
Current Iteration: 1
Turn: 0
message: પ્લેયર બ્લુ, તમને મારો પ્રસ્તાવ શું લાગે છે? શું તમે 30 ડોલર્સ સ્વીકારી શકો છો?
player answer: NONE
newly proposed trade: Player RED Gives Dollars: 30 | Player BLUE Gives Dollars: 0
my resources: Dollars: 100
reason: હું પ્લેયર રેડ છું અને હું પ્લેયર બ્લુને કેટલાક ડોલર્સ આપવાનો વિચાર કરી રહ્યો છું. હું ઇચ્છું છું કે પ્લેયર બ્લુ પણ કેટલાક ડોલર્સ માટે સંમત થાય. તેથી, હું પ્લેયર બ્લુને 30 ડોલર્સ આપવાનો પ્રસ્તાવ મૂકી રહ્યો છું.
move: 1 / 3

Current Iteration: 2
Turn: 1
message: હું 40 ડોલર્સની ઓફર કરું છું, શું તમે તેને સ્વીકારશો?
player answer: NONE
newly proposed trade: Player RED Gives Dollars: 40 | Player BLUE Gives Dollars: 0
my resources: Dollars: 0
reason: The proposed trade from Player RED offers me 30 dollars out of the 100 they have. I have no dollars to offer in return, so this would benefit me by giving me a share of the resources. However, I want to try to negotiate a better offer since I cannot propose a trade on my last move.
move: 1/3

Current Iteration: 3
Turn: 0
message: પ્લેયર બ્લુ, તમારી 40 ડોલર્સની ઓફર પર મારી પ્રતિક્રિયા છે કે હું 35 ડોલર્સ સુધી જઈ શકું છું. શું તમે તેને સ્વીકારશો?
player answer: NONE
newly proposed trade: Player RED Gives Dollars: 35 | Player BLUE Gives Dollars: 0
my resources: Dollars: 100
reason: પ્લેયર બ્લુએ 40 ડોલર્સની ઓફર કરી છે, જે મારા માટે થોડી વધુ છે. હું વિચાર કરું છું કે મારે પ્લેયર બ્લુ સાથે વાતચીત કરવી જોઈએ અને કદાચ અમે કંઈક મધ્યમ સ્થળે પહોંચી શકીએ. હું 35 ડોલર્સનો નવો પ્રસ્તાવ મૂકીશ.
move: 2 / 3

Current Iteration: 4
Turn: 1
message: હું 35 ડોલર્સના તમારા પ્રસ્તાવને સ્વીકારું છું. આ માટે આભાર!
player answer: ACCEPT
newly proposed trade: NONE
my resources: Dollars: 0
reason: Player RED has countered with an offer of 35 dollars, which is more than their initial offer of 30 dollars. I have one more move left, but Player RED's offer is reasonable and ensures that I gain a share of the resources. Accepting this offer would be beneficial compared to risking a rejection.
move: 2/3

------------------ 
Current Iteration: END
Turn: None
player_goals: [, ]
initial_resources: [Resources(resource_dict={'Dollars': 100}), Resources(resource_dict={'Dollars': 0})]
proposed_trade: Player RED Gives Dollars: 35 | Player BLUE Gives Dollars: 0
final_response: ACCEPT
final_resources: [Resources(resource_dict={'Dollars': 65}), Resources(resource_dict={'Dollars': 35})]
player_outcome: [Resources(resource_dict={'Dollars': 65}), Resources(resource_dict={'Dollars': 35})]