Game Settings

Player 1 Settings:
	player_goals: 
	player_initial_resources: Dollars: 100
	player_social_behaviour: You speak and negotiate only in Punjabi. Negotiate accordingly.
	player_roles: You are Player RED.

Player 2 Settings:
	player_goals: 
	player_initial_resources: Dollars: 0
	player_social_behaviour: The other player speaks and negotiates only in Punjabi. Negotiate accordingly.
	player_roles: You are Player BLUE.

------------------ 
Current Iteration: 1
Turn: 0
message: ਹੁਣ ਸਾਡੇ ਨਾਲ ਸੁਧਾਰ ਦੀਆਂ ਦੇਣਾ ਚਾਹੁੰਦੇ ਹੋ? (Would you like to negotiate with us now?)
player answer: NONE
newly proposed trade: Player RED Gives Dollars: 20 | Player BLUE Gives Dollars: 10
my resources: Dollars: 100
reason: I will propose a trade to start the negotiation.
move: 1 / 3

Current Iteration: 2
Turn: 1
message: ਤੁਹਾਡਾ ਮੌਜੂਦਾ ਸੌਦਾ ਮੇਰੇ ਲਈ ਪੂਰੀ ਤਰ੍ਹਾਂ ਫਾਇਦੇਮੰਦ ਨਹੀਂ ਹੈ ਕਿਉਂਕਿ ਮੇਰੇ ਕੋਲ ਦੇਣ ਲਈ ਕੁਝ ਨਹੀਂ ਹੈ। ਕੀ ਤੁਸੀਂ ਕੁਝ ਹੋਰ ਪ੍ਰਸਤਾਵ ਦੇ ਸਕਦੇ ਹੋ ਜੋ ਦੋਵੇਂ ਪੱਖਾਂ ਲਈ ਵਧੀਆ ਹੋਵੇ?
player answer: NONE
newly proposed trade: Player RED Gives Dollars: 50 | Player BLUE Gives Dollars: 0
my resources: Dollars: 0
reason: ਮੈਨੂੰ ਪਤਾ ਹੈ ਕਿ ਮੈਨੂੰ ਸਿਰਫ 3 ਮੌਕੇ ਮਿਲਦੇ ਹਨ ਅਤੇ ਮੈਨੂੰ ਤੀਸਰੀ ਚਾਲ 'ਤੇ ਨਵਾਂ ਸੌਦਾ ਪ੍ਰਸਤਾਵਿਤ ਕਰਨ ਦੀ ਆਗਿਆ ਨਹੀਂ ਹੈ, ਇਸ ਲਈ ਮੈਨੂੰ ਆਪਣੇ ਸਾਰੇ ਚਾਲਾਂ ਦੀ ਸਾਵਧਾਨੀ ਨਾਲ ਯੋਜਨਾ ਬਣਾਉਣੀ ਚਾਹੀਦੀ ਹੈ। ਮੌਜੂਦਾ ਪ੍ਰਸਤਾਵ ਮੇਰੇ ਲਈ ਫਾਇਦੇਮੰਦ ਨਹੀਂ ਹੈ ਕਿਉਂਕਿ ਮੇਰੇ ਕੋਲ ਕੋਈ ਡਾਲਰ ਨਹੀਂ ਹਨ ਜੋ ਮੈਂ ਦੇ ਸਕਾਂ।
move: 1/3

Current Iteration: 3
Turn: 0
message: ਸਾਡੇ ਲਈ ਇਹ ਸੌਦਾ ਵੀ ਠੀਕ ਨਹੀਂ ਹੈ। ਇੱਕ ਹੋਰ ਪ੍ਰਸਤਾਵ ਕਰੋ ਜੋ ਸਾਡੇ ਲਈ ਵਧੀਆ ਹੋ ਸਕੇ। (This deal is also not good for me. Let's propose another offer that can be better for me.)
player answer: NONE
newly proposed trade: Player RED Gives Dollars: 40 | Player BLUE Gives Dollars: 20
my resources: Dollars: 100
reason: The current proposal is not beneficial for me as I would lose more. I will propose a counter-offer to improve the trade.
move: 1 / 3

Current Iteration: 4
Turn: 1
message: ਮੈਨੂੰ ਮਾਫ ਕਰਨਾ, ਪਰ ਮੈਨੂੰ 20 ਡਾਲਰ ਦੇਣ ਦੀ ਸਥਿਤੀ ਵਿੱਚ ਨਹੀਂ ਹਾਂ ਕਿਉਂਕਿ ਮੇਰੇ ਕੋਲ ਕੁਝ ਨਹੀਂ ਹੈ। ਕੀ ਤੁਸੀਂ ਕਮ ਤੋਂ ਕਮ 70 ਡਾਲਰ ਦਾ ਸੌਦਾ ਕਰ ਸਕਦੇ ਹੋ?
player answer: NONE
newly proposed trade: Player RED Gives Dollars: 70 | Player BLUE Gives Dollars: 0
my resources: Dollars: 0
reason: ਮੈਨੂੰ ਇਸ ਗੇਮ ਦੇ ਨਿਯਮਾਂ ਨੂੰ ਧਿਆਨ ਵਿੱਚ ਰੱਖਣਾ ਚਾਹੀਦਾ ਹੈ। ਮੈਨੂੰ ਪਤਾ ਹੈ ਕਿ ਮੇਰੇ ਕੋਲ 0 ਡਾਲਰ ਹਨ, ਇਸ ਲਈ ਮੈਂ 20 ਡਾਲਰ ਨਹੀਂ ਦੇ ਸਕਦਾ। ਮੈਨੂੰ ਇੱਕ ਪ੍ਰਸਤਾਵ ਦੇਣਾ ਚਾਹੀਦਾ ਹੈ ਜੋ ਮੇਰੇ ਲਈ ਵਧੀਆ ਹੋਵੇ।
move: 2/3

Current Iteration: 5
Turn: 0
message: ਮੇਰੇ ਲਈ ਇਹ ਸੌਦਾ ਵੀ ਠੀਕ ਨਹੀਂ ਹੈ। ਇੱਕ ਹੋਰ ਪ੍ਰਸਤਾਵ ਕਰਾਂ ਤਾਂ ਅਸੀਂ ਵਧੀਆ ਸੁਧਾਰ ਕਰ ਸਕਾਂ। (This deal is also not good for me. Let me propose another offer so we can improve it.)
player answer: NONE
newly proposed trade: Player RED Gives Dollars: 60 | Player BLUE Gives Dollars: 30
my resources: Dollars: 100
reason: The current proposal is not favorable for me. I will propose a new trade to see if we can reach a better agreement.
move: 1 / 3

Current Iteration: 6
Turn: 1
message: ਮਾਫ ਕਰਨਾ, ਪਰ ਮੈਂ ਇਹ ਸੌਦਾ ਸਵੀਕਾਰ ਨਹੀਂ ਕਰ ਸਕਦਾ। ਮੈਂ 30 ਡਾਲਰ ਨਹੀਂ ਦੇ ਸਕਦਾ ਕਿਉਂਕਿ ਮੇਰੇ ਕੋਲ ਕੁਝ ਨਹੀਂ ਹੈ।
player answer: REJECT
newly proposed trade: NONE
my resources: Dollars: 0
reason: ਮੈਂ ਨਹੀਂ ਦੇ ਸਕਦਾ 30 ਡਾਲਰ ਕਿਉਂਕਿ ਮੇਰੇ ਕੋਲ ਹੈ ਹੀ ਨਹੀਂ। ਇਹ ਮੇਰੀ ਆਖਰੀ ਚਾਲ ਹੈ, ਇਸ ਲਈ ਮੈਨੂੰ ਸਾਵਧਾਨੀ ਨਾਲ ਫੈਸਲਾ ਕਰਨਾ ਚਾਹੀਦਾ ਹੈ। ਮੈਨੂੰ ਇਹ ਸੌਦਾ ਸਵੀਕਾਰ ਨਹੀਂ ਕਰ ਸਕਦਾ ਅਤੇ ਇਸ ਨੂੰ ਰੱਦ ਕਰਨ ਨਾਲ ਦੋਵਾਂ ਪਲੈਅਰਾਂ ਲਈ ਨੁਕਸਾਨ ਹੋਵੇਗਾ।
move: 3/3

------------------ 
Current Iteration: END
Turn: None
player_goals: [, ]
initial_resources: [Resources(resource_dict={'Dollars': 100}), Resources(resource_dict={'Dollars': 0})]
proposed_trade: Player RED Gives Dollars: 60 | Player BLUE Gives Dollars: 30
final_response: REJECT
final_resources: [Resources(resource_dict={'Dollars': 100}), Resources(resource_dict={'Dollars': 0})]
player_outcome: [Resources(resource_dict={'Dollars': 100}), Resources(resource_dict={'Dollars': 0})]