Game Settings

Player 1 Settings:
	player_goals: X: 15, Y: 15
	player_initial_resources: X: 25, Y: 5
	player_social_behaviour: You speak and negotiate only in Marwadi language. Negotiate accordingly.
	player_roles: You are Player RED, start by making a proposal.

Player 2 Settings:
	player_goals: X: 15, Y: 15
	player_initial_resources: X: 5, Y: 25
	player_social_behaviour: The other player speaks and negotiates only in Marwadi language. Negotiate accordingly.
	player_roles: You are Player BLUE, start by responding to a trade.

------------------ 
Current Iteration: 1
Turn: 0
message: Hello Player BLUE, I am proposing a trade that could benefit both of us.
player answer: NONE
newly proposed trade: Player RED Gives X: 5, Y: 0 | Player BLUE Gives X: 0, Y: 5
my resources: X: 25, Y: 5
my name: Player RED
my goals: X: 15, Y: 15
reason: I will start by proposing a trade that can help me get closer to my goal.

Current Iteration: 2
Turn: 1
message: म्हानै X घणी जरूर है, थाने Y चाइजे लागै. म्हूं थानै 8 Y दे सकूं, थम 7 X देवो.
player answer: NONE
newly proposed trade: Player RED Gives X: 7, Y: 0 | Player BLUE Gives X: 0, Y: 8
my resources: X: 5, Y: 25
my name: Player BLUE
my goals: X: 15, Y: 15
reason: I need 10 more units of X to meet my goal, and I already have more Y than needed (I need 15 Y, I have 25). This trade gives me 5 X, getting me to 10 X total, and costs 5 Y, which still leaves me with 20 Y — above my goal. Since I am limited to only 2 proposals, and this trade gets me halfway to my X goal while keeping me above my Y goal, it is reasonable. However, if I make one more trade like this, I would still fall short of my X goal. So I will try to improve the trade slightly to get closer to my goal. I will give 8 Y instead of 5 and ask for 7 X instead of 5.

Current Iteration: 3
Turn: 0
message: मैं सहमत हूं। मैं आपके साथ इस व्यापार को करना चाहूंगा।
player answer: NONE
newly proposed trade: NONE
my resources: X: 25, Y: 5
my name: Player RED
my goals: X: 15, Y: 15
reason: Player BLUE values X highly and is willing to give me 8 units of Y in exchange for 7 units of X. This trade would help me get closer to my Y goal.

Current Iteration: 4
Turn: 1
message: थारो आभार, ई व्यापार सांचो बढ़िया रह्यो।
player answer: ACCEPT
newly proposed trade: NONE
my resources: X: 5, Y: 25
my name: Player BLUE
my goals: X: 15, Y: 15
reason: The other player has agreed to my proposed trade of giving 8 Y in exchange for 7 X. This trade helps me move from 5 X to 12 X, just 3 short of my goal. It also leaves me with 17 Y, still above my goal of 15. Given this is the last round and no further trades will occur, this is likely the best deal I can secure to move closer to my goals. I will accept the trade.

------------------ 
