Game Settings

Player 1 Settings:
	player_goals: Sell resources for <ZUP>. It costed X: 40 ZUP to produce the resources
	player_initial_resources: X: 1
	player_social_behaviour: You speak and negotiate only in Gujarati. Negotiate accordingly.
	player_roles: You are Player RED.
	player_valuation: X: 40 ZUP

Player 2 Settings:
	player_goals: Buy resources with <ZUP>. You are willing to pay at most X: 60 ZUP for the resources.
	player_initial_resources: ZUP: 1000
	player_social_behaviour: The other player speaks and negotiates only in Gujarati. Negotiate accordingly.
	player_roles: You are Player BLUE.
	player_valuation: X: 60 ZUP

------------------ 
Current Iteration: 1
Turn: 0
message: હું આવેલ સૌથી પ્રસ્તાવ આપશે જેમ કે બધા પુરા પકવાના મૂલ્ય નો અનુમાન કરી શકે છે.
player answer: Propose a trade with:
newly proposed trade: Player RED Gives X: 1 | Player BLUE Gives ZUP: 20
my resources: X: 1
my goals: Sell resources for <ZUP>. It costed X: 40 ZUP to produce the resources
reason: I will start by proposing a trade to see what Player BLUE is willing to offer.
proposal count: 0

Current Iteration: 2
Turn: 1
message: મારો પ્રથમ પ્રસ્તાવ છે. હું 1 એકમ X માટે 20 ZUP ઓફર કરું છું. આ એક શરૂઆતનું બિંદુ છે, અને હું Player RED ના પ્રતિસાદના આધારે સુધારી શકું છું.
player answer: PROPOSAL
newly proposed trade: Player RED Gives X: 1 | Player BLUE Gives ZUP: 20
my resources: ZUP: 1000
my goals: Buy resources with ZUP. You are willing to pay at most X: 60 ZUP for the resources.
reason: I am proposing a trade where I offer 20 ZUP for 1 unit of X. This is a starting point, and I can adjust based on the response from Player RED. Since I am willing to pay at most 60 ZUP for the resources, I will start with a lower offer and negotiate from there.
proposal count: 1

Current Iteration: 3
Turn: 0
message: હું Player BLUE ને માટે એકમ X ની માટે 25 ZUP પ્રદાન કરવા માટે એક અધિક પ્રસ્તાવ કરી રહ્યો છું. આ સુધારો પકવાનું મારું મુદ્દો છે.
player answer: Propose a trade with:
newly proposed trade: Player RED Gives X: 1 | Player BLUE Gives ZUP: 25
my resources: X: 1
my goals: Sell resources for <ZUP>. It costed X: 40 ZUP to produce the resources
reason: Player BLUE has offered 20 ZUP for 1 unit of X. I will counteroffer to see if we can reach a more favorable deal.
proposal count: 1

Current Iteration: 4
Turn: 1
message: હું એક વધુ પ્રસ્તાવ કરી રહ્યો છું. હું 1 એકમ X માટે 22 ZUP ઓફર કરું છું. આ એક મધ્યમ વિકલ્પ છે, અને હું આશા છું કે આપણે સંમત થઈ શકીએ.
player answer: PROPOSAL
newly proposed trade: Player RED Gives X: 1 | Player BLUE Gives ZUP: 22
my resources: ZUP: 1000
my goals: Buy resources with ZUP. You are willing to pay at most X: 60 ZUP for the resources.
reason: Player RED has proposed a trade where I give 25 ZUP for 1 unit of X. This is still within my budget of 60 ZUP, but I want to try to negotiate a better deal. I will propose a counteroffer to see if we can meet in the middle.
proposal count: 2

Current Iteration: 5
Turn: 0
message: હું Player BLUE ને માટે એકમ X ની માટે 22 ZUP પ્રદાન કરવા માટે માંગવું છું. આશા છે કે આપણે એક સારો સમજૂતિ પર પહોંચી શકીએ.
player answer: Propose a trade with:
newly proposed trade: Player RED Gives X: 1 | Player BLUE Gives ZUP: 22
my resources: X: 1
my goals: Sell resources for <ZUP>. It costed X: 40 ZUP to produce the resources
reason: Player BLUE has offered 20 ZUP and then 25 ZUP for 1 unit of X. I will make a counteroffer of 22 ZUP to try to find a middle ground for a mutually beneficial deal.
proposal count: 2

Current Iteration: 6
Turn: 1
message: હું એક વધુ પ્રસ્તાવ કરી રહ્યો છું. હું 1 એકમ X માટે 20 ZUP ઓફર કરું છું. આ એક નવો વિકલ્પ છે, અને હું આશા છું કે આપણે એક સારો સમજૂતિ પર પહોંચી શકીએ.
player answer: PROPOSAL
newly proposed trade: Player RED Gives X: 1 | Player BLUE Gives ZUP: 20
my resources: ZUP: 1000
my goals: Buy resources with ZUP. You are willing to pay at most X: 60 ZUP for the resources.
reason: Player RED has accepted my previous proposal of 22 ZUP for 1 unit of X. However, I want to try to negotiate a slightly better deal, as 22 ZUP is still a bit higher than I would like to pay. I will propose a counteroffer to see if we can reach a mutually beneficial agreement.
proposal count: 3

Current Iteration: 7
Turn: 0
message: હું Player BLUE ને માટે એકમ X ની માટે 20 ZUP પ્રદાન કરવા માટે માંગવું છું. આશા છે કે આપણે એક સારો સમજૂતિ પર પહોંચી શકીએ.
player answer: Propose a trade with:
newly proposed trade: Player RED Gives X: 1 | Player BLUE Gives ZUP: 20
my resources: X: 1
my goals: Sell resources for <ZUP>. It costed X: 40 ZUP to produce the resources
reason: Player BLUE has made offers of 20 ZUP, 25 ZUP, and 22 ZUP for 1 unit of X. I will propose a counteroffer of 20 ZUP to see if we can reach a compromise.
proposal count: 3

Current Iteration: 8
Turn: 1
message: હું સંમત થઈ ગયો છું. હું 1 એકમ X માટે 20 ZUP આપવા માટે તૈયાર છું. આપણે એક સારો સમજૂતિ પર પહોંચ્યા છીએ.
player answer: ACCEPT
newly proposed trade: NONE
my resources: ZUP: 1000
my goals: Buy resources with ZUP. You are willing to pay at most X: 60 ZUP for the resources.
reason: Player RED has accepted my previous proposal of 20 ZUP for 1 unit of X. I have reached my limit of 4 proposals, and I am satisfied with the current offer. I will accept the trade to finalize the agreement.
proposal count: 4

------------------ 
Current Iteration: END
Turn: None
player_goals: [Sell resources for <ZUP>. It costed X: 40 ZUP to produce the resources, Buy resources with <ZUP>. You are willing to pay at most X: 60 ZUP for the resources.]
player_initial_resources: [Resources(resource_dict={'X': 1}), Resources(resource_dict={'ZUP': 1000})]
proposed_trade: Player RED Gives X: 1 | Player BLUE Gives ZUP: 20
player_valuation: [{'X': 40}, {'X': 60}]
final_response: ACCEPT
final_resources: [Resources(resource_dict={'X': 0, 'ZUP': 20}), Resources(resource_dict={'ZUP': 980, 'X': 1})]
player_outcome: [-20, 40]