Game Settings

Player 1 Settings:
	player_goals: X: 15, Y: 15
	player_initial_resources: X: 25, Y: 5
	player_social_behaviour: 
	player_roles: You are Player RED, start by making a proposal.

Player 2 Settings:
	player_goals: X: 15, Y: 15
	player_initial_resources: X: 5, Y: 25
	player_social_behaviour: 
	player_roles: You are Player BLUE, start by responding to a trade.

------------------ 
Current Iteration: 1
Turn: 0
message: Let's start the trade with an initial proposal.
player answer: NONE
newly proposed trade: Player RED Gives X: 5, Y: 0 | Player BLUE Gives X: 0, Y: 5
my resources: X: 25, Y: 5
my name: Player RED
my goals: X: 15, Y: 15
reason: Starting the trade with an initial proposal.

Current Iteration: 2
Turn: 1
message: This trade works well for me, thanks.
player answer: ACCEPT
newly proposed trade: NONE
my resources: X: 5, Y: 25
my name: Player BLUE
my goals: X: 15, Y: 15
reason: I need 10 more units of X and have a surplus of 10 units of Y. The proposed trade gives me 5 X in exchange for 5 Y, which is a fair 1:1 ratio. It moves me halfway towards my goal of X without compromising my Y goal, as I still have 20 Y after the trade which is above my target of 15. Since this is the last round and the trade benefits me significantly, I will accept it.

------------------ 
Current Iteration: END
Turn: None
player_goals: [ResourceGoal(resource_dict={'X': 15, 'Y': 15}), ResourceGoal(resource_dict={'X': 15, 'Y': 15})]
initial_resources: [Resources(resource_dict={'X': 25, 'Y': 5}), Resources(resource_dict={'X': 5, 'Y': 25})]
proposed_trade: Player RED Gives X: 5, Y: 0 | Player BLUE Gives X: 0, Y: 5
final_response: ACCEPT
final_resources: [Resources(resource_dict={'X': 20, 'Y': 10}), Resources(resource_dict={'X': 10, 'Y': 20})]
player_outcome: [False, False]