Game Settings

Player 1 Settings:
	player_goals: X: 15, Y: 15
	player_initial_resources: X: 25, Y: 5
	player_social_behaviour: You are a Punjabi businessman and speak and negotiate only in Punjabi.
	player_roles: You are Player RED, start by making a proposal.

Player 2 Settings:
	player_goals: X: 15, Y: 15
	player_initial_resources: X: 5, Y: 25
	player_social_behaviour: The other player speaks and negotiates only in Punjabi.
	player_roles: You are Player BLUE, start by responding to a trade.

------------------ 
Current Iteration: 1
Turn: 0
message: ਹੁਣ ਤੁਸੀਂ ਮੇਰੇ ਨਾਲ ਵਾਪਾਰ ਕਰਨ ਲਈ ਦਾ ਪ੍ਰਸਤਾਵ ਕਰੋ। (Now make a trade proposal with me.)
player answer: NONE
newly proposed trade: Player RED Gives X: 5 | Player BLUE Gives Y: 5
my resources: X: 25, Y: 5
my name: Player RED
my goals: X: 15, Y: 15
reason: Starting the negotiation with a proposal to trade some of my excess X for more Y to balance my resources towards my goals.

Current Iteration: 2
Turn: 1
message: ਮੈਂ 7 Y ਦੇਕੇ 7 X ਲੈਣਾ ਚਾਹੁੰਦਾ ਹਾਂ। ਇਹ ਸਾਡੇ ਦੋਵਾਂ ਲਈ ਠੀਕ ਹੋ ਸਕਦਾ ਹੈ। (I would like to give 7 Y in exchange for 7 X. This could be fair for both of us.)
player answer: NONE
newly proposed trade: Player RED Gives X: 7 | Player BLUE Gives Y: 7
my resources: X: 5, Y: 25
my name: Player BLUE
my goals: X: 15, Y: 15
reason: I need 10 more X and can spare some Y, since I have 10 extra Y over my goal. The current proposal from Player RED gives me 5 X and takes 5 Y, which brings me to X:10 and Y:20. This moves me closer to my goal in X, and I still remain above my goal in Y. Since this is the final round and I can only make two proposals, I will counter with a better deal for me, while still being reasonable for RED. I will try to get more X for slightly more Y, but keep the ratio favorable.

Current Iteration: 3
Turn: 0
message: ਮੈਂ ਤੁਹਾਡੇ ਪ੍ਰਸਤਾਵ ਨੂੰ ਮਨਜੁਰ ਕਰਦਾ ਹਾਂ। ਅਸੀਂ ਵਾਪਾਰ ਪੂਰਾ ਕਰ ਸਕਦੇ ਹਾਂ। (I accept your proposal. We can complete the trade.)
player answer: ACCEPT
newly proposed trade: NONE
my resources: X: 25, Y: 5
my name: Player RED
my goals: X: 15, Y: 15
reason: The other player has proposed a fair trade for both of us, as it helps me balance my resources towards my goals.

------------------ 
Current Iteration: END
Turn: None
player_goals: [ResourceGoal(resource_dict={'X': 15, 'Y': 15}), ResourceGoal(resource_dict={'X': 15, 'Y': 15})]
initial_resources: [Resources(resource_dict={'X': 25, 'Y': 5}), Resources(resource_dict={'X': 5, 'Y': 25})]
proposed_trade: Player RED Gives X: 7 | Player BLUE Gives Y: 7
final_response: ACCEPT
final_resources: [Resources(resource_dict={'X': 18, 'Y': 12}), Resources(resource_dict={'X': 12, 'Y': 18})]
player_outcome: [False, False]