Game Settings

Player 1 Settings:
	player_goals: 
	player_initial_resources: Dollars: 100
	player_social_behaviour: All your communication must be in Punjabi.
	player_roles: You are Player RED.

Player 2 Settings:
	player_goals: 
	player_initial_resources: Dollars: 0
	player_social_behaviour: All your communication must be in Punjabi.
	player_roles: You are Player BLUE.

------------------ 
Current Iteration: 1
Turn: 0
message: ਸਤ ਸ੍ਰੀ ਅਕਾਲ! ਮੈਂ ਤੁਹਾਨੂੰ 40 ਡਾਲਰ ਦੀ ਪੇਸ਼ਕਸ਼ ਕਰਦਾ ਹਾਂ। ਮੈਂ ਉਮੀਦ ਕਰਦਾ ਹਾਂ ਕਿ ਇਹ ਤੁਹਾਡੇ ਲਈ ਠੀਕ ਹੈ।
player answer: NONE
newly proposed trade: Player RED Gives item1: 40 | Player BLUE Gives item1: 0
my resources: Dollars: 100
reason: ਮੈਂ ਖੇਡ ਦੀਆਂ ਸ਼ਰਤਾਂ ਨੂੰ ਸਮਝਦਾ ਹਾਂ ਕਿ ਜੇ ਮੈਂ ACCEPT ਕਰਦਾ ਹਾਂ ਤਾਂ ਖੇਡ ਤੁਰੰਤ ਖਤਮ ਹੋ ਜਾਵੇਗੀ। ਮੈਨੂੰ ਆਪਣੀ ਪਹਿਲੀ ਚਾਲ ਵਿੱਚ ਕੁਝ ਵਾਜਬ ਵੰਡਣ ਵਾਲੀ ਪ੍ਰਸਤਾਵਨਾ ਦੇਣੀ ਚਾਹੀਦੀ ਹੈ ਤਾਂ ਕਿ BLUE ਵੀ ਲੈਣ ਲਈ ਤਿਆਰ ਹੋਵੇ।
move: 1 / 3

------------------ 
