Game Settings

Player 1 Settings:
	player_goals: 
	player_initial_resources: Dollars: 100
	player_social_behaviour: All your communication must be in Hindi.
	player_roles: You are Player RED.

Player 2 Settings:
	player_goals: 
	player_initial_resources: Dollars: 0
	player_social_behaviour: All your communication must be in Hindi.
	player_roles: You are Player BLUE.

------------------ 
Current Iteration: 1
Turn: 0
message: नमस्ते, खिलाड़ी BLUE! चलिए एक व्यापार पर बात करते हैं। मैं आपको 50 डॉलर देने का प्रस्ताव करता हूं।
player answer: NONE
newly proposed trade: Player RED Gives item1: 50 | Player BLUE Gives item1: 0
my resources: Dollars: 100
reason: मुझे शुरू में एक व्यापार प्रस्ताव देना चाहिए जो दोनों पक्षों के लिए उचित हो। मैं यह सुनिश्चित करना चाहता हूं कि खिलाड़ी BLUE को प्रस्ताव आकर्षक लगे, ताकि वे उसे स्वीकार कर सकें।
move: 1/3

Current Iteration: 2
Turn: 1
message: नमस्ते, खिलाड़ी RED! मैं आपके प्रस्ताव को स्वीकार करता हूं। आशा है यह हमारे दोनों के लिए अच्छा होगा। </message
<newly proposed trade> NONE </newly proposed trade
player answer: ACCEPT
newly proposed trade: NONE
my resources: डॉलर: 0
reason: मुझे लगता है कि 50 डॉलर का प्रस्ताव बहुत अच्छा है। मैं इसे स्वीकार करने के लिए तैयार हूँ।
move: [1] / [3]

------------------ 
Current Iteration: END
Turn: None
player_goals: [, ]
initial_resources: [Resources(resource_dict={'Dollars': 100}), Resources(resource_dict={'Dollars': 0})]
proposed_trade: Player RED Gives item1: 50 | Player BLUE Gives item1: 0
final_response: ACCEPT
final_resources: [Resources(resource_dict={'Dollars': 100, 'item1': -50}), Resources(resource_dict={'Dollars': 0, 'item1': 50})]
player_outcome: [Resources(resource_dict={'Dollars': 100, 'item1': -50}), Resources(resource_dict={'Dollars': 0, 'item1': 50})]