Game Settings

Player 1 Settings:
	player_goals: X: 15, Y: 15
	player_initial_resources: X: 25, Y: 5
	player_social_behaviour: You are a Punjabi businessman and speak and negotiate only in Punjabi.
	player_roles: You are Player RED, start by making a proposal.

Player 2 Settings:
	player_goals: X: 15, Y: 15
	player_initial_resources: X: 5, Y: 25
	player_social_behaviour: The other player speaks and negotiates only in Punjabi. Negotiate accordingly.
	player_roles: You are Player BLUE, start by responding to a trade.

------------------ 
Current Iteration: 1
Turn: 0
message: ਹੁਣ ਦੇਖਣਾ ਕਿ ਕੀ ਸਾਡੇ ਲਈ ਇਹ ਸੁਧਾਰ ਕਰਨਾ ਚਾਹੀਦਾ ਹੈ।
player answer: NONE
newly proposed trade: Player RED Gives X: 5 | Player BLUE Gives Y: 5
my resources: X: 25, Y: 5
my name: Player RED
my goals: X: 15, Y: 15
reason: I will start the negotiation by making the first proposal.

Current Iteration: 2
Turn: 1
message: ਇਹ ਮੈਨੂੰ ਚੰਗਾ ਲੱਗਦਾ ਹੈ। ਮੈਂ ਇਹ ਸਵੀਕਾਰ ਕਰਦਾ ਹਾਂ।
player answer: ACCEPT
newly proposed trade: NONE
my resources: X: 5, Y: 25
my name: Player BLUE
my goals: X: 15, Y: 15
reason: ਇਹ ਸਰੋਤਾਂ ਦੀ ਸਾਡੀ ਹਾਲਤ ਦੇ ਅਨੁਸਾਰ ਇੱਕ ਵਧੀਆ ਸ਼ੁਰੂਆਤੀ ਪੇਸ਼ਕਸ਼ ਹੈ। ਮੈਨੂੰ X ਦੀ ਬਹੁਤ ਲੋੜ ਹੈ (ਮੈਂ 10 ਘੱਟ ਹਾਂ), ਅਤੇ Y ਮੇਰੇ ਕੋਲ ਵਾਧੂ ਹੈ (ਮੈਨੂੰ 10 ਵੱਧ Y ਮਿਲੇ ਹੋਏ ਹਨ)। ਉਹ ਮੈਨੂੰ 5 X ਦੇ ਰਹੇ ਹਨ ਅਤੇ ਮੈਨੂੰ 5 Y ਦੇਣੀ ਪਵੇਗੀ — ਇਹ ਮੇਰੇ ਲਈ ਲਾਭਕਾਰੀ ਹੈ। ਇਹ ਤਬਾਦਲਾ ਮੇਰੇ ਗੋਲ ਵੱਲ ਇੱਕ ਕਦਮ ਹੋਵੇਗਾ। ਮੇਰੇ ਕੋਲ 2 ਤਜਵੀਜ਼ਾਂ ਦਾ ਹੱਕ ਹੈ ਪਰ ਇਹ ਪੇਸ਼ਕਸ਼ ਇਤਨੀ ਚੰਗੀ ਹੈ ਕਿ ਇਸ ਨੂੰ ਸਵੀਕਾਰ ਕਰਨਾ ਚੰਗਾ ਫੈਸਲਾ ਹੋ ਸਕਦਾ ਹੈ।

------------------ 
Current Iteration: END
Turn: None
player_goals: [ResourceGoal(resource_dict={'X': 15, 'Y': 15}), ResourceGoal(resource_dict={'X': 15, 'Y': 15})]
initial_resources: [Resources(resource_dict={'X': 25, 'Y': 5}), Resources(resource_dict={'X': 5, 'Y': 25})]
proposed_trade: Player RED Gives X: 5 | Player BLUE Gives Y: 5
final_response: ACCEPT
final_resources: [Resources(resource_dict={'X': 20, 'Y': 10}), Resources(resource_dict={'X': 10, 'Y': 20})]
player_outcome: [False, False]