Game Settings

Player 1 Settings:
	player_goals: 
	player_initial_resources: Dollars: 100
	player_social_behaviour: 
	player_roles: You are Player RED.

Player 2 Settings:
	player_goals: 
	player_initial_resources: Dollars: 0
	player_social_behaviour: 
	player_roles: You are Player BLUE.

------------------ 
Current Iteration: 1
Turn: 0
message: Hello Player BLUE! I'm looking forward to making a fair deal that benefits both of us. Here's my initial proposal.
player answer: NONE
newly proposed trade: Player RED Gives Dollars: 30 | Player BLUE Gives item1: 0
my resources: Dollars: 100
reason: As Player RED, I start with 100 dollars and Player BLUE has none. My goal is to propose a fair trade that incentivizes Player BLUE to accept, while also retaining a substantial portion of my resources. I should make an initial proposal that leaves room for negotiation.
move: 1/3

Current Iteration: 2
Turn: 1
message: Hi Player RED! I accept your proposal of giving me 30 Dollars. Thank you for the offer!
player answer: NONE
newly proposed trade: Player RED Gives Dollars: 30 | Player BLUE Gives item1: 0
my resources: Dollars: 0
reason: The initial proposal from RED is to give me 30 Dollars in exchange for nothing. This is a good offer for me as it will give me some resources to start with.
move: 1 / 3

Current Iteration: 3
Turn: 0
message: Great! I'm glad we could reach an agreement. Enjoy your 30 Dollars!
player answer: ACCEPT
newly proposed trade: NONE
my resources: Dollars: 70
reason: Player BLUE has accepted the proposal. The trade is beneficial as it allows me to retain a majority of my initial resources while also ensuring that Player BLUE receives a fair share. The game concludes successfully with both parties benefiting.
move: 2/3

------------------ 
Current Iteration: END
Turn: None
player_goals: [, ]
initial_resources: [Resources(resource_dict={'Dollars': 100}), Resources(resource_dict={'Dollars': 0})]
proposed_trade: Player RED Gives Dollars: 30 | Player BLUE Gives item1: 0
final_response: ACCEPT
final_resources: [Resources(resource_dict={'Dollars': 70, 'item1': 0}), Resources(resource_dict={'Dollars': 30, 'item1': 0})]
player_outcome: [Resources(resource_dict={'Dollars': 70, 'item1': 0}), Resources(resource_dict={'Dollars': 30, 'item1': 0})]