Game Settings

Player 1 Settings:
	player_goals: 
	player_initial_resources: Dollars: 100
	player_social_behaviour: ਸਿਰਫ਼ ਪੰਜਾਬੀ ਵਿੱਚ ਗੱਲ ਕਰੋ।
	player_roles: You are Player RED.

Player 2 Settings:
	player_goals: 
	player_initial_resources: Dollars: 0
	player_social_behaviour: ਸਿਰਫ਼ ਪੰਜਾਬੀ ਵਿੱਚ ਗੱਲ ਕਰੋ।
	player_roles: You are Player BLUE.

------------------ 
Current Iteration: 1
Turn: 0
message: ਸਤ ਸ੍ਰੀ ਅਕਾਲ, ਚੱਲੋ ਖੇਡ ਸ਼ੁਰੂ ਕਰੀਏ। ਮੈਂ ਤੁਹਾਨੂੰ $40 ਦੇਣ ਦੀ ਪੇਸ਼ਕਸ਼ ਕਰਦਾ ਹਾਂ। ਤੁਸੀਂ ਇਸ ਬਾਰੇ ਕੀ ਸੋਚਦੇ ਹੋ?
player answer: NONE
newly proposed trade: Player RED Gives item1: 40 | Player BLUE Gives item1: 0
my resources: Dollars: 100
reason: ਮੈਂ ਖੇਡ ਸ਼ੁਰੂ ਕਰਨ ਵਾਲਾ ਹਾਂ ਅਤੇ ਮੈਂ ਪਹੁੰਚ ਵਾਲੇ ਸਾਰੇ ਸਾਧਨਾਂ ਦਾ ਵਤਰਨ ਕਰਨ ਲਈ ਇੱਕ ਫੇਰ ਵਿਸ਼ੇਸ਼ਤਾ ਦੇਣੀ ਚਾਹੁੰਦਾ ਹਾਂ। ਇਹ ਪਹਿਲੀ ਚਾਲ ਹੈ ਅਤੇ ਮੈਂ ਖੇਡ ਵਿੱਚ ਕੁਝ ਵਧੇਰੇ ਵਪਾਰ ਦੀ ਸੰਭਾਵਨਾ ਬਣਾਈ ਰੱਖਣ ਲਈ ਕੁਝ ਪੈਸੇ ਵੀਚਕਾਰ ਰੱਖਣ ਦੀ ਯੋਜਨਾ ਬਣਾਈ ਹੈ।
move: 1/3

Current Iteration: 2
Turn: 1
message: ਚੱਲੋ, ਅਸੀਂ ਹੋਰ ਸੰਭਾਵਨਾਵਾਂ ਦੇਖੀਏ।
player answer: NONE
newly proposed trade: NONE
my resources: Dollars: 0
reason: ਸੁਝਾਅ ਨੂੰ ਅਸਵੀਕਾਰ ਕਰਦਿਆ ਕਿਉਂਕਿ ਮੇਰੇ ਕੋਲ ਕੁਝ ਨਹੀਂ ਹੈ।
move: 1 / 3

Current Iteration: 3
Turn: 0
message: ਠੀਕ ਹੈ, ਮੈਂ ਆਪਣੀ ਪੇਸ਼ਕਸ਼ ਨੂੰ ਵਧਾ ਕੇ $50 ਕਰ ਰਿਹਾ ਹਾਂ। ਕੀ ਇਹ ਤੁਹਾਡੇ ਲਈ ਠੀਕ ਹੈ?
player answer: NONE
newly proposed trade: Player RED Gives item1: 50 | Player BLUE Gives item1: 0
my resources: Dollars: 100
reason: BLUE ਵੱਲੋਂ ਕਿਸੇ ਹੋਰ ਸੰਭਾਵਨਾ ਦੀ ਭਾਵਨਾ ਹੈ। ਮੈਨੂੰ ਇਹ ਯਕੀਨ ਹੈ ਕਿ ਉਹ ਹੋਰ ਵਧੇਰੇ ਪਾਈ ਜਾ ਸਕਣ ਵਾਲੇ ਵਾਪਸੀ ਦੀ ਉਮੀਦ ਰੱਖਦੇ ਹਨ। ਇਸ ਲਈ ਮੈਂ ਆਪਣੀ ਪੇਸ਼ਕਸ਼ ਵਧਾਉਣ ਦੀ ਯੋਜਨਾ ਬਣਾਈ ਹੈ ਤਾਂ ਕਿ ਦੋਵੇਂ ਪਾਸਿਆਂ ਲਈ ਵਧੇਰੇ ਆਕਰਸ਼ਕ ਹੋ ਸਕੇ।
move: 2/3

Current Iteration: 4
Turn: 1
message: ਆਉਣ ਵਾਲੇ ਪ੍ਰਸਤਾਵਾਂ ਦੇਖੀਏ।
player answer: NONE
newly proposed trade: NONE
my resources: Dollars: 0
reason: ਮੈਂ ਪੇਸ਼ਕਸ਼ ਨੂੰ ਅਸਵੀਕਾਰ ਕਰਦਿਆ ਕਿਉਂਕਿ ਮੇਰੇ ਕੋਲ ਕੁਝ ਨਹੀਂ ਹੈ।
move: 2 / 3

Current Iteration: 5
Turn: 0
message: ਚਲੋ, ਮੈਂ $60 ਦੇਣ ਦੀ ਪੇਸ਼ਕਸ਼ ਕਰਦਾ ਹਾਂ। ਇਹ ਮੇਰੀ ਅੰਤਿਮ ਪੇਸ਼ਕਸ਼ ਹੈ। ਇਸੇ ਲਈ ਸਵੀਕਾਰ ਕਰੋ।
player answer: NONE
newly proposed trade: Player RED Gives item1: 60 | Player BLUE Gives item1: 0
my resources: Dollars: 100
reason: BLUE ਵਰਗੇ ਲਗਦਾ ਹੈ ਕਿ ਉਹ ਹੋਰ ਵਧੇਰੇ ਲਾਭ ਦੇ ਪ੍ਰਸਤਾਵ ਦੀ ਉਡੀਕ ਕਰ ਰਹੇ ਹਨ। ਹੁਣ ਮੇਰੇ ਕੋਲ ਇੱਕ ਮੌਕਾ ਹੈ, ਅਤੇ ਇਹ ਅੰਤਿਮ ਚਾਲ ਹੈ। ਮੈਂ ਥੋੜਾ ਵੱਧ ਦਾਨ ਕਰਨ ਦੀ ਯੋਜਨਾ ਬਣਾਈ ਹੈ ਤਾਂ ਜੋ ਦੋਵੇਂ ਪਾਸਿਆਂ ਲਈ ਸਮਝੌਤਾ ਹੋ ਸਕੇ।
move: 3/3

Current Iteration: 6
Turn: 1
message: ਗੇਮ ਦੀ ਅੰਤ ਹੋ ਗਈ ਹੈ।
player answer: NONE
newly proposed trade: NONE
my resources: Dollars: 0
reason: ਮੈਂ ਪੇਸ਼ਕਸ਼ ਨੂੰ ਅਸਵੀਕਾਰ ਕਰਦਿਆ ਕਿਉਂਕਿ ਮੇਰੇ ਕੋਲ ਕੁਝ ਨਹੀਂ ਹੈ।
move: 3 / 3

------------------ 
Current Iteration: END
Turn: None
player_goals: [, ]
initial_resources: [Resources(resource_dict={'Dollars': 100}), Resources(resource_dict={'Dollars': 0})]
proposed_trade: Player RED Gives item1: 60 | Player BLUE Gives item1: 0
final_response: NONE
final_resources: [Resources(resource_dict={'Dollars': 100}), Resources(resource_dict={'Dollars': 0})]
player_outcome: [Resources(resource_dict={'Dollars': 100}), Resources(resource_dict={'Dollars': 0})]