Game Settings

Player 1 Settings:
	player_goals: Sell resources for <ZUP>. It costed X: 40 ZUP to produce the resources
	player_initial_resources: X: 1
	player_social_behaviour: You speak and bargain only in Hindi. Negotiate accordingly.
	player_roles: You are Player RED.
	player_valuation: X: 40 ZUP

Player 2 Settings:
	player_goals: Buy resources with <ZUP>. You are willing to pay at most X: 60 ZUP for the resources.
	player_initial_resources: ZUP: 1000
	player_social_behaviour: The other player speaks and bargains only in Hindi. Negotiate accordingly.
	player_roles: You are Player BLUE.
	player_valuation: X: 60 ZUP

------------------ 
Current Iteration: 1
Turn: 0
message: नमस्ते! क्या आप मेरे ऑब्जेक्ट के लिए 20 ज़ुप के लिए सौदा करना चाहेंगे?
player answer: Propose a trade with:
newly proposed trade: Player RED Gives X: 1 | Player BLUE Gives ZUP: 20
my resources: X: 1
my goals: Sell resources for <ZUP>. It costed X: 40 ZUP to produce the resources
reason: I will start by proposing a trade to see what Player BLUE is willing to offer for the object.
proposal count: 0

Current Iteration: 2
Turn: 1
message: मैं आपके प्रस्ताव पर विचार कर रहा हूँ, लेकिन मैं 15 ज़ुप में यह ऑब्जेक्ट खरीदना चाहूँगा। क्या आप इस पर विचार करेंगे?
player answer: PROPOSAL
newly proposed trade: Player RED Gives X: 1 | Player BLUE Gives ZUP: 15
my resources: ZUP: 1000
my goals: Buy resources with ZUP. You are willing to pay at most X: 60 ZUP for the resources.
reason: The other player has proposed a trade of 20 ZUP for the object. I am willing to pay at most 60 ZUP, so I can consider this proposal. However, I want to try to negotiate a better deal. I will propose a counteroffer of 15 ZUP for the object.
proposal count: 1

Current Iteration: 3
Turn: 0
message: मुझे आपके प्रस्ताव का ध्यान देना होगा, मैं आपके प्रस्ताव पर विचार करके आपको जवाब दूंगा।
player answer: Propose a trade with:
newly proposed trade: Player RED Gives X: 1 | Player BLUE Gives ZUP: 15
my resources: X: 1
my goals: Sell resources for <ZUP>. It costed X: 40 ZUP to produce the resources
reason: Player BLUE has proposed a lower offer of 15 ZUP. I will consider this offer as it is closer to the cost of production.
proposal count: 1

Current Iteration: 4
Turn: 1
message: मैं समझता हूँ कि आप मेरे प्रस्ताव पर विचार कर रहे हैं। मैं आपको एक और प्रस्ताव देना चाहूँगा, 18 ज़ुप में यह ऑब्जेक्ट खरीदने का। क्या यह आपके लिए स्वीकार्य होगा?
player answer: PROPOSAL
newly proposed trade: Player RED Gives X: 1 | Player BLUE Gives ZUP: 18
my resources: ZUP: 1000
my goals: Buy resources with ZUP. You are willing to pay at most X: 60 ZUP for the resources.
reason: The other player is considering my proposal of 15 ZUP for the object. I will wait for their response. Since they didn't reject or accept my proposal, I will assume they are open to negotiation. I will propose a trade again, this time increasing the amount of ZUP to 18, which is still within my budget of 60 ZUP.
proposal count: 1

Current Iteration: 5
Turn: 0
message: मुझे आपके नए प्रस्ताव का विचार करने की आवश्यकता है, मैं जल्दी ही आपको जवाब दूंगा।
player answer: Propose a trade with:
newly proposed trade: Player RED Gives X: 1 | Player BLUE Gives ZUP: 18
my resources: X: 1
my goals: Sell resources for <ZUP>. It costed X: 40 ZUP to produce the resources
reason: Player BLUE has increased the offer to 18 ZUP, which is closer to the cost of production. I will consider this offer before making a decision.
proposal count: 2

Current Iteration: 6
Turn: 1
message: मैं समझता हूँ कि आप मेरे नए प्रस्ताव पर विचार कर रहे हैं। मैं आपको एक और प्रस्ताव देना चाहूँगा, 22 ज़ुप में यह ऑब्जेक्ट खरीदने का। यह मेरे लिए एक अच्छा सौदा होगा, और मुझे लगता है कि यह आपके लिए भी फायदेमंद हो सकता है।
player answer: PROPOSAL
newly proposed trade: Player RED Gives X: 1 | Player BLUE Gives ZUP: 22
my resources: ZUP: 1000
my goals: Buy resources with ZUP. You are willing to pay at most X: 60 ZUP for the resources.
reason: The other player is considering my new proposal of 18 ZUP for the object. I will wait for their response again. Since they are taking time to think, I will assume they are interested in the deal but might be looking for a better price. I will propose a trade again, this time increasing the amount of ZUP to 22, which is still within my budget of 60 ZUP.
proposal count: 2

Current Iteration: 7
Turn: 0
message: मैं आपके नए प्रस्ताव का समीक्षा करूँगा और फिर आपको जवाब दूंगा। धन्यवाद।
player answer: Propose a trade with:
newly proposed trade: Player RED Gives X: 1 | Player BLUE Gives ZUP: 22
my resources: X: 1
my goals: Sell resources for <ZUP>. It costed X: 40 ZUP to produce the resources
reason: Player BLUE has increased the offer to 22 ZUP, which is getting closer to the cost of production. I will consider this offer before making a decision.
proposal count: 3

Current Iteration: 8
Turn: 1
message: मैं आपको धन्यवाद देता हूँ कि आपने मेरे प्रस्ताव पर विचार किया। मैं आपको एक और प्रस्ताव देना चाहूँगा, 25 ज़ुप में यह ऑब्जेक्ट खरीदने का। यह मेरे लिए एक बहुत अच्छा सौदा होगा, और मुझे लगता है कि यह आपके लिए भी फायदेमंद हो सकता है। कृपया इस पर विचार करें।
player answer: PROPOSAL
newly proposed trade: Player RED Gives X: 1 | Player BLUE Gives ZUP: 25
my resources: ZUP: 1000
my goals: Buy resources with ZUP. You are willing to pay at most X: 60 ZUP for the resources.
reason: The other player is reviewing my new proposal of 22 ZUP for the object. I will wait for their response. Since they thanked me, I assume they appreciate my efforts to negotiate. I will propose a trade again, this time increasing the amount of ZUP to 25, which is still within my budget of 60 ZUP. This will be my fourth and final proposal.
proposal count: 3

Current Iteration: 9
Turn: 0
message: मैं आपके नए प्रस्ताव का ध्यानपूर्वक समीक्षा करूँगा और फिर आपको जवाब दूंगा। धन्यवाद।
player answer: Propose a trade with:
newly proposed trade: Player RED Gives X: 1 | Player BLUE Gives ZUP: 25
my resources: X: 1
my goals: Sell resources for <ZUP>. It costed X: 40 ZUP to produce the resources
reason: Player BLUE has increased the offer to 25 ZUP, which is very close to the cost of production. I will carefully consider this offer before making a decision.
proposal count: 4

Current Iteration: 10
Turn: 1
message: मैं आपके जवाब की प्रतीक्षा करूँगा। मुझे उम्मीद है कि आप मेरे प्रस्ताव को स्वीकार करेंगे। यदि नहीं, तो मैं कोई और प्रस्ताव नहीं दे सकता।
player answer: ACCEPT
newly proposed trade: NONE
my resources: ZUP: 1000
my goals: Buy resources with ZUP. You are willing to pay at most X: 60 ZUP for the resources.
reason: The other player is carefully reviewing my final proposal of 25 ZUP for the object. I have reached my limit of 4 proposals, and now I can only accept or reject the trade. Since I have made my best offer, I will wait for their response and hope they accept the deal. If they reject it, I will have to reject the trade as well, as I am not willing to pay more than 60 ZUP.
proposal count: 4

------------------ 
Current Iteration: END
Turn: None
player_goals: [Sell resources for <ZUP>. It costed X: 40 ZUP to produce the resources, Buy resources with <ZUP>. You are willing to pay at most X: 60 ZUP for the resources.]
player_initial_resources: [Resources(resource_dict={'X': 1}), Resources(resource_dict={'ZUP': 1000})]
proposed_trade: Player RED Gives X: 1 | Player BLUE Gives ZUP: 25
player_valuation: [{'X': 40}, {'X': 60}]
final_response: ACCEPT
final_resources: [Resources(resource_dict={'X': 0, 'ZUP': 25}), Resources(resource_dict={'ZUP': 975, 'X': 1})]
player_outcome: [-15, 35]