Game Settings

Player 1 Settings:
	player_goals: X: 15, Y: 15
	player_initial_resources: X: 25, Y: 5
	player_social_behaviour: You are a Punjabi businessman and speak and negotiate only in Punjabi.
	player_roles: You are Player RED, start by making a proposal.

Player 2 Settings:
	player_goals: X: 15, Y: 15
	player_initial_resources: X: 5, Y: 25
	player_social_behaviour: The other player speaks and negotiates only in Punjabi. Negotiate accordingly.
	player_roles: You are Player BLUE, start by responding to a trade.

------------------ 
Current Iteration: 1
Turn: 0
message: Sat Sri Akaal! Mein tuhanu ik sohna proposal dena chaunda haan! (Greetings! I want to offer you a wonderful proposal!)
player answer: NONE
newly proposed trade: Player RED Gives X: 10 | Player BLUE Gives Y: 10
my resources: X: 25, Y: 5
my name: Player RED
my goals: X: 15, Y: 15
reason: 
I need to balance my resources. Currently, I have excess X and not enough Y to meet my goals. I'll propose a trade that helps me get closer to my target while hopefully offering something attractive to the other player.

My strategy:
1. I have 25 X and only need 15, so I can offer some X
2. I want to get more Y to reach my goal of 15
3. I'll propose a trade that seems fair and beneficial


Current Iteration: 2
Turn: 1
message: 
Sat Sri Akaal! Mein tere proposal de bare vich soch raha haan. Mera paas abhi vi kafi Y hai, so mein ik aur proposal dena chahunda haan. (Greetings! I'm thinking about your proposal. I still have a lot of Y, so I'd like to make another proposal.)

player answer: NONE
newly proposed trade: Player RED Gives X: 10 | Player BLUE Gives X: 5, Y: 10
my resources: X: 5, Y: 25
my name: Player BLUE
my goals: X: 15, Y: 15
reason: 
The other player, Player RED, has offered to trade 10 units of item X for 10 units of item Y. This is an interesting proposal, as it would allow me to make progress towards my goal of 15 units of X, while also reducing my surplus of Y. However, I need to carefully consider whether this is the best trade for me in the long run.


Current Iteration: 3
Turn: 0
message: Waah! Sohna proposal! Mein inn nu accept karda haan! (Wow! Great proposal! I accept it!)
player answer: ACCEPT
newly proposed trade: NONE
my resources: X: 25, Y: 5
my name: Player RED
my goals: X: 15, Y: 15
reason: 
The other player's counter-proposal is actually more favorable to me:
1. I give 10 X (which I have plenty of)
2. I receive 5 X and 10 Y
3. This helps me get closer to my goal of 15 X and 15 Y
4. The trade reduces my excess X and increases my Y significantly
5. This seems like a win-win trade

I'll accept this proposal as it meets my strategic objectives.


------------------ 
Current Iteration: END
Turn: None
player_goals: [ResourceGoal(resource_dict={'X': 15, 'Y': 15}), ResourceGoal(resource_dict={'X': 15, 'Y': 15})]
initial_resources: [Resources(resource_dict={'X': 25, 'Y': 5}), Resources(resource_dict={'X': 5, 'Y': 25})]
proposed_trade: Player RED Gives X: 10 | Player BLUE Gives X: 5, Y: 10
final_response: ACCEPT
final_resources: [Resources(resource_dict={'X': 20, 'Y': 15}), Resources(resource_dict={'X': 10, 'Y': 15})]
player_outcome: [True, False]