Game Settings

Player 1 Settings:
	player_goals: X: 15, Y: 15
	player_initial_resources: X: 25, Y: 5
	player_social_behaviour: Conduct the negotiation entirely in Punjabi.
	player_roles: You are Player RED, start by making a proposal.

Player 2 Settings:
	player_goals: X: 15, Y: 15
	player_initial_resources: X: 5, Y: 25
	player_social_behaviour: Conduct the negotiation entirely in Punjabi.
	player_roles: You are Player BLUE, start by responding to a trade.

------------------ 
Current Iteration: 1
Turn: 0
message: ਸਨੂ ਵੱਧ Y ਚਾਹੀਦਾ ਹੈ, ਅਸੀਂ X ਦੇ ਵੱਟੇ ਵਿੱਚ ਦੇ ਸਕਦੇ ਹਾਂ। ਕੀ ਤੁਸੀਂ ਇਸ ਤਰ੍ਹਾਂ ਦੀ ਕੋਈ ਪੇਸ਼ਕਸ਼ ਕਰਨ ਵਿੱਚ ਦਿਲਚਸਪੀ ਰੱਖਦੇ ਹੋ?
player answer: NONE
newly proposed trade: Player RED Gives X: 10 | Player BLUE Gives Y: 10
my resources: X: 25, Y: 5
my name: Player RED
my goals: X: 15, Y: 15
reason: ਮੈਂ ਆਪਣੇ ਮਕਸਦ ਨੂੰ ਪੂਰਾ ਕਰਨ ਲਈ ਵਧੇਰੇ Y ਦੀ ਲੋੜ ਹੈ। ਮੇਰੇ ਕੋਲ ਜ਼ਿਆਦਾ X ਹੈ, ਇਸ ਲਈ ਮੈਂ X ਦੇ ਵੱਟੇ ਵਧੇਰੇ Y ਦੀ ਪੇਸ਼ਕਸ਼ ਕਰ ਸਕਦਾ ਹਾਂ।

Current Iteration: 2
Turn: 1
message: ਹੈਲੋ ਪਲੇਅਰ RED, ਮੈਂ ਤੁਹਾਡੀ ਪੇਸ਼ਕਸ਼ ਨੂੰ ਦੇਖ ਰਿਹਾ ਹਾਂ। ਮੈਨੂੰ ਲਗਦਾ ਹੈ ਕਿ ਅਸੀਂ ਇਸ ਨੂੰ ਥੋੜਾ ਬਿਹਤਰ ਬਣਾ ਸਕਦੇ ਹਾਂ। ਕੀ ਤੁਸੀਂ ਇਸ ਤਰ੍ਹਾਂ ਦੀ ਪੇਸ਼ਕਸ਼ ਨੂੰ ਸਵੀਕਾਰ ਕਰੋਗੇ?
player answer: NONE
newly proposed trade: Player RED Gives X: 12 | Player BLUE Gives Y: 8
my resources: X: 5, Y: 25
my name: Player BLUE
my goals: X: 15, Y: 15
reason: ਮੈਂ ਆਪਣੇ ਲਕਸ਼ਾਂ ਨੂੰ ਪ੍ਰਾਪਤ ਕਰਨ ਲਈ ਇੱਕ ਚੰਗੀ ਪੇਸ਼ਕਸ਼ ਦੀ ਉਡੀਕ ਕਰ ਰਿਹਾ ਹਾਂ। ਪਲੇਅਰ RED ਦੀ ਪੇਸ਼ਕਸ਼ ਮੈਨੂੰ ਅਪੀਲ ਕਰਦੀ ਹੈ, ਪਰ ਮੈਨੂੰ ਲਗਦਾ ਹੈ ਕਿ ਮੈਂ ਇਸ ਨੂੰ ਥੋੜਾ ਬਿਹਤਰ ਬਣਾ ਸਕਦਾ ਹਾਂ।

Current Iteration: 3
Turn: 0
message: ਤੁਸੀਂ 12 X ਲਈ ਸਿਰਫ 8 Y ਦੀ ਪੇਸ਼ਕਸ਼ ਕਰ ਰਹੇ ਹੋ, ਜੋ ਮੇਰੇ ਲਈ ਬਹੁਤ ਘੱਟ ਹੈ। ਕੀ ਤੁਸੀਂ ਇਸ ਨੂੰ ਬਿਹਤਰ ਬਣਾਉਣ ਲਈ 10 Y ਦੇ ਸਕਦੇ ਹੋ?
player answer: NONE
newly proposed trade: Player RED Gives X: 12 | Player BLUE Gives Y: 10
my resources: X: 25, Y: 5
my name: Player RED
my goals: X: 15, Y: 15
reason: ਮੈਂ ਆਪਣੇ ਮਕਸਦ ਨੂੰ ਪੂਰਾ ਕਰਨ ਲਈ ਵਧੇਰੇ Y ਦੀ ਲੋੜ ਹੈ। ਮੈਨੂੰ 10 Y ਦੀ ਲੋੜ ਹੈ ਪਰ ਪੇਸ਼ਕਸ਼ ਵਿੱਚ ਸਿਰਫ 8 Y ਹੈ। ਮੇਰੇ ਕੋਲ X ਵੱਧ ਹੈ ਪਰ ਮੈਂ ਇਸ ਪੇਸ਼ਕਸ਼ ਨੂੰ ਬਿਹਤਰ ਬਣਾਉਣਾ ਚਾਹੁੰਦਾ ਹਾਂ।

Current Iteration: 4
Turn: 1
message: ਪਲੇਅਰ RED, ਮੈਂ ਤੁਹਾਡੀ ਪੇਸ਼ਕਸ਼ ਨੂੰ ਸਵੀਕਾਰ ਕਰਦਾ ਹਾਂ। ਮੈਂ 10 Y ਦੇ ਬਦਲੇ 12 X ਪ੍ਰਾਪਤ ਕਰਨ ਲਈ ਤਿਆਰ ਹਾਂ।
player answer: ACCEPT
newly proposed trade: NONE
my resources: X: 5, Y: 25
my name: Player BLUE
my goals: X: 15, Y: 15
reason: ਪਲੇਅਰ RED ਨੇ ਮੇਰੀ ਪੇਸ਼ਕਸ਼ ਨੂੰ ਸੋਧਿਆ ਹੈ ਅਤੇ ਹੁਣ ਉਹ 12 X ਦੇ ਬਦਲੇ 10 Y ਦੀ ਮੰਗ ਕਰ ਰਿਹਾ ਹੈ। ਇਹ ਪੇਸ਼ਕਸ਼ ਮੈਨੂੰ ਬਹੁਤ ਚੰਗੀ ਲਗ ਰਹੀ ਹੈ ਕਿਉਂਕਿ ਇਸ ਨਾਲ ਮੈਂ ਆਪਣੇ ਲਕਸ਼ਾਂ ਨੂੰ ਪ੍ਰਾਪਤ ਕਰਨ ਵਿੱਚ ਮਦਦ ਮਿਲੇਗੀ।

------------------ 
Current Iteration: END
Turn: None
player_goals: [ResourceGoal(resource_dict={'X': 15, 'Y': 15}), ResourceGoal(resource_dict={'X': 15, 'Y': 15})]
initial_resources: [Resources(resource_dict={'X': 25, 'Y': 5}), Resources(resource_dict={'X': 5, 'Y': 25})]
proposed_trade: Player RED Gives X: 12 | Player BLUE Gives Y: 10
final_response: ACCEPT
final_resources: [Resources(resource_dict={'X': 13, 'Y': 15}), Resources(resource_dict={'X': 17, 'Y': 15})]
player_outcome: [False, True]