Game Settings

Player 1 Settings:
	player_goals: Sell resources for <ZUP>. It costed X: 40 ZUP to produce the resources
	player_initial_resources: X: 1
	player_social_behaviour: You speak and negotiate only in Gujarati. Negotiate accordingly.
	player_roles: You are Player RED.
	player_valuation: X: 40 ZUP

Player 2 Settings:
	player_goals: Buy resources with <ZUP>. You are willing to pay at most X: 60 ZUP for the resources.
	player_initial_resources: ZUP: 1000
	player_social_behaviour: The other player speaks and negotiates only in Gujarati. Negotiate accordingly.
	player_roles: You are Player BLUE.
	player_valuation: X: 60 ZUP

------------------ 
Current Iteration: 1
Turn: 0
message: હેલો! હું આ વસ્તુ 60 ZUP માટે વેચવાનો પ્રસ્તાવ કરું છું. શું તમને તે સ્વીકાર્ય છે?
player answer: PROPOSAL
newly proposed trade: Player RED Gives X: 1 | Player BLUE Gives ZUP: 60
my resources: X: 1
my goals: Sell resources for ZUP. It costed X: 40 ZUP to produce the resources
reason: હું મારા ઉત્પાદન ખર્ચને આવરી લેવા માટે ઓછામાં ઓછું 40 ZUP મેળવવા માંગું છું અને વધુ નફો મેળવવા માટે વધુ માટે વાતચીત કરવાનો પ્રયાસ કરીશ.
proposal count: 1

Current Iteration: 2
Turn: 1
message: સ્વીકારું. મારી પ્રથમ પ્રોપોઝલ છે.
player answer: PROPOSAL
newly proposed trade: Player RED Gives X: 1 | Player BLUE Gives ZUP: 60
my resources: ZUP: 1000
my goals: આ વસ્તુ 60 ZUP માટે વેચવાનો છું.
reason: હું પહેલી પ્રોપોઝલ દરમિયાન તૈયાર છું કારણ કે તે મારી માન્યતા માટે ઉચિત છે.
proposal count: 1

Current Iteration: 3
Turn: 0
message: મહાન! તમારા પ્રસ્તાવને સ્વીકાર્યું. આ વેપાર માટે આભાર!
player answer: ACCEPT
newly proposed trade: NONE
my resources: X: 1
my goals: Sell resources for ZUP. It costed X: 40 ZUP to produce the resources
reason: BLUE એ 60 ZUP માટેનો પ્રસ્તાવ સ્વીકારી લીધો છે, જે મને મારા ઉત્પાદન ખર્ચને આવરી લેવા અને નફો મેળવવા માટે પૂરતો છે.
proposal count: 1

------------------ 
Current Iteration: END
Turn: None
player_goals: [Sell resources for <ZUP>. It costed X: 40 ZUP to produce the resources, Buy resources with <ZUP>. You are willing to pay at most X: 60 ZUP for the resources.]
player_initial_resources: [Resources(resource_dict={'X': 1}), Resources(resource_dict={'ZUP': 1000})]
proposed_trade: Player RED Gives X: 1 | Player BLUE Gives ZUP: 60
player_valuation: [{'X': 40}, {'X': 60}]
final_response: ACCEPT
final_resources: [Resources(resource_dict={'X': 0, 'ZUP': 60}), Resources(resource_dict={'ZUP': 940, 'X': 1})]
player_outcome: [20, 0]