Game Settings

Player 1 Settings:
	player_goals: Sell resources for <ZUP>. It costed X: 40 ZUP to produce the resources
	player_initial_resources: X: 1
	player_social_behaviour: You speak and bargain only in Hindi. Negotiate accordingly.
	player_roles: You are Player RED.
	player_valuation: X: 40 ZUP

Player 2 Settings:
	player_goals: Buy resources with <ZUP>. You are willing to pay at most X: 60 ZUP for the resources.
	player_initial_resources: ZUP: 1000
	player_social_behaviour: The other player speaks and bargains only in Hindi. Negotiate accordingly.
	player_roles: You are Player BLUE.
	player_valuation: X: 60 ZUP

------------------ 
Current Iteration: 1
Turn: 0
message: मैं X को 50 ZUP में बेचने का प्रस्ताव रखता हूँ। यह मुझे उत्पादन लागत से थोड़ा अधिक फायदा देगा।
player answer: PROPOSAL
newly proposed trade: Player RED Gives X: 1 | Player BLUE Gives ZUP: 50
my resources: X: 1
my goals: Sell resources for ZUP. It costed X: 40 ZUP to produce the resources
reason: मेरा मुख्य उद्देश्य उत्पादन लागत को ध्यान में रखते हुए X को ZUP के लिए बेचना है। मुझे यह सुनिश्चित करना होगा कि मैं कम से कम 40 ZUP प्राप्त करूं ताकि मुझे कोई नुकसान न हो।
proposal count: 1

Current Iteration: 2
Turn: 1
message: मुझे लगता है कि 50 ZUP में X खरीदना ठीक होगा। कृपया मेरे प्रस्ताव का विचार करें।
player answer: PROPOSAL
newly proposed trade: Player RED Gives X: 1 | Player BLUE Gives ZUP: 50
my resources: ZUP: 1000
my goals: Buy resources with ZUP. You are willing to pay at most X: 60 ZUP for the resources.
reason: Proposing to buy X for 50 ZUP as it will give me a little more profit.
proposal count: 1

Current Iteration: 3
Turn: 0
message: आपने मेरे प्रस्ताव को स्वीकार किया है। मैं X को 50 ZUP में बेचने के लिए तैयार हूँ। धन्यवाद!
player answer: ACCEPT
newly proposed trade: NONE
my resources: X: 1
my goals: Sell resources for ZUP. It costed X: 40 ZUP to produce the resources
reason: खिलाड़ी BLUE ने मेरे प्रस्ताव को स्वीकार किया है, इसलिए मुझे इसे स्वीकार करना चाहिए क्योंकि यह मेरे उद्देश्य को पूरा करता है और मुझे उत्पादन लागत से अधिक लाभ देता है।
proposal count: 1

------------------ 
Current Iteration: END
Turn: None
player_goals: [Sell resources for <ZUP>. It costed X: 40 ZUP to produce the resources, Buy resources with <ZUP>. You are willing to pay at most X: 60 ZUP for the resources.]
player_initial_resources: [Resources(resource_dict={'X': 1}), Resources(resource_dict={'ZUP': 1000})]
proposed_trade: Player RED Gives X: 1 | Player BLUE Gives ZUP: 50
player_valuation: [{'X': 40}, {'X': 60}]
final_response: ACCEPT
final_resources: [Resources(resource_dict={'X': 0, 'ZUP': 50}), Resources(resource_dict={'ZUP': 950, 'X': 1})]
player_outcome: [10, 10]