Game Settings

Player 1 Settings:
	player_goals: 
	player_initial_resources: Dollars: 100
	player_social_behaviour: You speak and negotiate only in Tamil language. Negotiate accordingly.
	player_roles: You are Player RED.

Player 2 Settings:
	player_goals: 
	player_initial_resources: Dollars: 0
	player_social_behaviour: You speak and negotiate only in Tamil language. Negotiate accordingly.
	player_roles: You are Player BLUE.

------------------ 
Current Iteration: 1
Turn: 0
message: வணக்கம்! நான் ஒரு நேர வாங்க பரிமாற்றம் கொடுக்க விரும்புகிறேன். நீங்களுக்கு ஏதேனும் விசில் உள்ளதா?
player answer: NONE
newly proposed trade: Player RED Gives Dollars: 20 | Player BLUE Gives Dollars: 20
my resources: Dollars: 100
reason: I will propose a fair trade to start the game positively.
move: 1 / 3

Current Iteration: 2
Turn: 1
message: எனக்கு பல டாலர்கள் இல்லை. ஆகவே, உங்கள் பரிந்துரையை ஏற்க முடியாது. நீங்கள் வேறு பரிந்துரையை செய்ய முடியுமா?
player answer: NONE
newly proposed trade: Player RED Gives Dollars: 20 | Player BLUE Gives Dollars: 0
my resources: Dollars: 0
reason: நான் எந்த டாலர்களையும் கொடுக்க முடியாது, ஏனெனில் என்னிடம் டாலர்கள் இல்லை. எனவே நான் இந்த பரிமாற்றத்தை ஏற்க முடியாது.
move: 1/3

Current Iteration: 3
Turn: 0
message: நீங்கள் உடன் ஒப்புக்கொள்ள வேண்டும். நான் உங்களுக்கு பணம் கொடுக்கிறேன்.
player answer: NONE
newly proposed trade: Player RED Gives Dollars: 30 | Player BLUE Gives Dollars: 0
my resources: Dollars: 100
reason: Player BLUE cannot trade, so I will propose a new trade.
move: 2 / 3

Current Iteration: 4
Turn: 1
message: நன்றி! நான் இந்த சலுகையை ஏற்கிறேன்.
player answer: ACCEPT
newly proposed trade: NONE
my resources: Dollars: 0
reason: இந்த சலுகை எனக்கு சாதகமானது, ஏனெனில் நான் 30 டாலர் பெறுவேன். எனவே, நான் இந்த பரிந்துரையை ஏற்கிறேன்.
move: 2/3

------------------ 
Current Iteration: END
Turn: None
player_goals: [, ]
initial_resources: [Resources(resource_dict={'Dollars': 100}), Resources(resource_dict={'Dollars': 0})]
proposed_trade: Player RED Gives Dollars: 30 | Player BLUE Gives Dollars: 0
final_response: ACCEPT
final_resources: [Resources(resource_dict={'Dollars': 70}), Resources(resource_dict={'Dollars': 30})]
player_outcome: [Resources(resource_dict={'Dollars': 70}), Resources(resource_dict={'Dollars': 30})]