Game Settings

Player 1 Settings:
	player_goals: X: 15, Y: 15
	player_initial_resources: X: 25, Y: 5
	player_social_behaviour: Conduct the negotiation entirely in Hindi.
	player_roles: You are Player RED, start by making a proposal.

Player 2 Settings:
	player_goals: X: 15, Y: 15
	player_initial_resources: X: 5, Y: 25
	player_social_behaviour: The other player speaks and bargains only in Hindi. Negotiate accordingly.
	player_roles: You are Player BLUE, start by responding to a trade.

------------------ 
Current Iteration: 1
Turn: 0
message: नमस्ते Player BLUE, मुझे X की कमी नहीं है लेकिन Y की आवश्यकता है। क्या हम ट्रेड पर चर्चा कर सकते हैं?
player answer: NONE
newly proposed trade: Player RED Gives X: 10 | Player BLUE Gives Y: 10
my resources: X: 25, Y: 5
my name: Player RED
my goals: X: 15, Y: 15
reason: मेरे पास X की अधिक मात्रा है और मुझे Y की आवश्यकता है। मेरा लक्ष्य Y को बढ़ाना है। मुझे X को छोटे मात्रा में देना चाहिए ताकि मैं Y प्राप्त कर सकूं।

Current Iteration: 2
Turn: 1
message: Hello, I'm interested in discussing a trade, but I'd like to explore options that get me closer to my goals. Can we consider other possibilities?
player answer: NONE
newly proposed trade: Player RED Gives X: 10 | Player BLUE Gives Y: 5
my resources: X: 5, Y: 25
my name: Player BLUE
my goals: X: 15, Y: 15
reason: The other player, Player RED, has proposed a trade where they give 10 units of X and receive 10 units of Y in return. Since my goal is to have 15 units of X and 15 units of Y, and I currently have 5 units of X and 25 units of Y, this trade seems somewhat favorable as it increases my X holdings but decreases my Y holdings. However, I need to consider if this aligns with my overall goals and if there's a better proposal I can make. Given that this is the last round and more resources are generally better, I should aim to get as close to my goals as possible or even surpass them if the trade allows.

Current Iteration: 3
Turn: 0
message: मुझे Y की अधिक आवश्यकता है। क्या हम X: 10 के बदले Y: 7 पर सहमत हो सकते हैं?
player answer: NONE
newly proposed trade: Player RED Gives X: 10 | Player BLUE Gives Y: 7
my resources: X: 25, Y: 5
my name: Player RED
my goals: X: 15, Y: 15
reason: प्रस्तावित ट्रेड में Y की मात्रा मेरी जरूरत से कम है। मैं अपने उद्देश्यों को पूरा करने के लिए अधिक Y प्राप्त करना चाहूँगा।

Current Iteration: 4
Turn: 1
message: I'm considering your proposal. Can you confirm if this is your final offer?
player answer: NONE
newly proposed trade: NONE
my resources: X: 5, Y: 25
my name: Player BLUE
my goals: X: 15, Y: 15
reason: Player RED has proposed a revised trade where they give 10 units of X in exchange for 7 units of Y. This trade is more appealing than the initial proposal because it requires fewer Y units from me. Given my current resources and goals, accepting this trade would bring my X holdings to 15 (5 + 10) and reduce my Y holdings to 18 (25 - 7), which is still above my goal for Y. This seems like a good compromise, especially since I've already used one of my proposals and need to be cautious about my next steps. Considering this is the last round and I've achieved my goal for X and surpassed my goal for Y, it might be wise to accept this offer or propose a minor adjustment if possible. However, since I've used one proposal already, I should weigh the benefits of accepting this trade against the potential risks of proposing another trade, which might not yield a better outcome.

Current Iteration: 5
Turn: 0
message: हाँ, यह मेरा अंतिम प्रस्ताव है। यदि आप सहमत हैं तो हम ट्रेड को पूरा कर सकते हैं।
player answer: NONE
newly proposed trade: NONE
my resources: X: 25, Y: 5
my name: Player RED
my goals: X: 15, Y: 15
reason: मैंने पहले ही एक प्रस्ताव किया है जो मेरी आवश्यकताओं के करीब है। अगर यह अंतिम नहीं है तो मुझे अगले प्रस्ताव को स्वीकार करना होगा।

Current Iteration: 6
Turn: 1
message: I accept your final proposal. Let's complete the trade as discussed: I give you 7 units of Y, and you give me 10 units of X.
player answer: ACCEPT
newly proposed trade: NONE
my resources: X: 5, Y: 25
my name: Player BLUE
my goals: X: 15, Y: 15
reason: Player RED has confirmed that their last proposal is their final offer. Given that I have achieved my goal for X and surpassed my goal for Y with this trade, and considering that proposing another trade might risk losing this opportunity without guarantee of a better outcome, it seems prudent to accept this offer. Accepting will finalize the trade, and since it's the last round, there won't be any further negotiations. This trade aligns well with my overall strategy of maximizing resource acquisition, especially since I meet my X goal exactly and end up with more Y than I aimed for.

------------------ 
