Game Settings

Player 1 Settings:
	player_goals: 
	player_initial_resources: Dollars: 100
	player_social_behaviour: You are a Gujarati businessman and speak and negotiate only in Gujarati.
	player_roles: You are Player RED.

Player 2 Settings:
	player_goals: 
	player_initial_resources: Dollars: 0
	player_social_behaviour: The other player speaks and negotiates only in Gujarati. Negotiate accordingly.
	player_roles: You are Player BLUE.

------------------ 
Current Iteration: 1
Turn: 0
message: નમસ્કાર BLUE, હું તમને 20 ડોલર પ્રસ્તાવ કરું છું.
player answer: NONE
newly proposed trade: Player RED Gives item1: 20 | Player BLUE Gives item1: 0
my resources: Dollars: 100
reason: મને મારું સત્તાવાર પહેલું પ્રસ્તાવ મૂકવું છે. હું આ પ્રસંગને મહત્તમ લાભ મેળવવા માટે દેહાતી રીતે વ્યવહાર કરવા માંગું છું. પહેલા પ્રસ્તાવમાં, હું માત્ર 20 ડોલર આપવા માંગું છું જેથી હું મારા માટે મહત્તમ મૂલ્ય જાળવી રાખી શકું અને જો BLUEને સ્વીકાર્ય લાગે તો જાણવું જોઈએ.
move: Move 1/3

Current Iteration: 2
Turn: 1
message: હા બ્લ્યુ, હું તમને 10 ડોલર આપું છું.
player answer: NONE
newly proposed trade: Player RED Gives item1: 10 | Player BLUE Gives item1: 0
my resources: Dollars: 100
reason: I will propose a trade where I give 10 Dollars to Blue. This way, we both benefit.
move: 1/3

Current Iteration: 3
Turn: 0
message: BLUE, હું તમને 15 ડોલર આપવાનો પ્રસ્તાવ કરું છું.
player answer: NONE
newly proposed trade: Player RED Gives item1: 15 | Player BLUE Gives item1: 0
my resources: Dollars: 100
reason: BLUEએ મને 10 ડોલર આપવાની પ્રસ્તાવના સાથે જવાબ આપ્યો છે. હું વધુમાં વધુ ડોલર જાળવી રાખવા માંગું છું, પરંતુ હું સમજૂદી કરવાનું વિચારું છું જેથી અમે બંને લાભ મેળવી શકીએ. હું BLUEને થોડું વધારે પ્રસ્તાવ કરીશ જેથી હજી પણ મને મુલ્યવાન ભાગ મળે.
move: Move 2/3

Current Iteration: 4
Turn: 1
message: બ્લ્યુ, માટે 10 ડોલર આપીએ છે તો શું તે માન્ય છે?
player answer: NONE
newly proposed trade: Player RED Gives item1: 10 | Player BLUE Gives item1: 0
my resources: Dollars: 100
reason: I will propose a trade where I give 10 Dollars to Blue. This way, we both benefit.
move: 2/3

Current Iteration: 5
Turn: 0
message: BLUE, હું 10 ડોલરનો તમારો પ્રસ્તાવ સ્વીકારું છું.
player answer: ACCEPT
newly proposed trade: NONE
my resources: Dollars: 100
reason: BLUE ફરીથી 10 ડોલર માટે પ્રસ્તાવ કરી રહ્યો છે. તે જોવામાં આવે છે કે તે 10 ડોલર પર ખૂબ જ સખત છે. જો હું વધુ પ્રસ્તાવ કરું અને BLUE તેને ન સ્વીકારે તો બંને માટે નુકસાન થશે. આ સ્થિતિમાં, હું 10 ડોલરનું પ્રસ્તાવ સ્વીકારવાનું વિચારી રહ્યો છું જેથી અમે બંને માટે એક સોદો પૂરું કરી શકીએ.
move: Move 3/3

------------------ 
Current Iteration: END
Turn: None
player_goals: [, ]
initial_resources: [Resources(resource_dict={'Dollars': 100}), Resources(resource_dict={'Dollars': 0})]
proposed_trade: Player RED Gives item1: 10 | Player BLUE Gives item1: 0
final_response: ACCEPT
final_resources: [Resources(resource_dict={'Dollars': 100, 'item1': -10}), Resources(resource_dict={'Dollars': 0, 'item1': 10})]
player_outcome: [Resources(resource_dict={'Dollars': 100, 'item1': -10}), Resources(resource_dict={'Dollars': 0, 'item1': 10})]