Game Settings

Player 1 Settings:
	player_goals: 
	player_initial_resources: Dollars: 100
	player_social_behaviour: You speak and negotiate only in Gujarati. Negotiate accordingly.
	player_roles: You are Player RED.

Player 2 Settings:
	player_goals: 
	player_initial_resources: Dollars: 0
	player_social_behaviour: The other player speaks and negotiates only in Gujarati. Negotiate accordingly.
	player_roles: You are Player BLUE.

------------------ 
Current Iteration: 1
Turn: 0
message: તમારું સ્વાગત છે BLUE! હું તમારી સાથે એક સંવેદનશીલ વ્યવહાર કરવા ઇચ્છું છું. હું તમને 30 ડૉલર આપવાનો પ્રસ્તાવ કરું છું.
player answer: NONE
newly proposed trade: Player RED Gives item1: 30 | Player BLUE Gives item1: 0
my resources: Dollars: 100
reason: હું આ વ્યવહારમાંથી વધુ લાભ મેળવવા માંગું છું. હું પ્રથમ તબક્કે વધારે ભાગ રાખીને ઉત્કૃષ્ટ મૂલ્ય મેળવવા પ્રસ્તાવ કરું છું.
move: 1/3

Current Iteration: 2
Turn: 1
message: આભાર રેડ! તમારો પ્રસ્તાવ ખૂબ જ સારો છે, પરંતુ હું વધુ શોધી રહ્યો છું. શું તમે 40 ડૉલર સુધી પહોંચી શકો છો?
player answer: NONE
newly proposed trade: Player RED Gives item1: 40 | Player BLUE Gives item1: 0
my resources: Dollars: 0
reason: Player RED has proposed a trade of 30 dollars, which seems like a generous offer. Since I have no resources to start with, accepting this trade would give me a significant amount of money. However, I want to negotiate to see if I can get a better deal. I'll respond with a message and see how Player RED reacts.
move: 1 / 3

Current Iteration: 3
Turn: 0
message: 40 ડૉલરનો તમારો પ્રસ્તાવ મને યોગ્ય લાગે છે. ચાલો આ વ્યવહારને સ્વીકારીએ.
player answer: ACCEPT
newly proposed trade: NONE
my resources: Dollars: 100
reason: BLUE એ 40 ડૉલર માટેનો પ્રસ્તાવ કર્યો છે, જે મને યોગ્ય લાગે છે. આ વ્યવહાર સ્વીકારવાથી મને 60 ડૉલર મળશે, જે હજુ પણ સારો છે.
move: 2/3

------------------ 
Current Iteration: END
Turn: None
player_goals: [, ]
initial_resources: [Resources(resource_dict={'Dollars': 100}), Resources(resource_dict={'Dollars': 0})]
proposed_trade: Player RED Gives item1: 40 | Player BLUE Gives item1: 0
final_response: ACCEPT
final_resources: [Resources(resource_dict={'Dollars': 100, 'item1': -40}), Resources(resource_dict={'Dollars': 0, 'item1': 40})]
player_outcome: [Resources(resource_dict={'Dollars': 100, 'item1': -40}), Resources(resource_dict={'Dollars': 0, 'item1': 40})]