Game Settings

Player 1 Settings:
	player_goals: 
	player_initial_resources: Dollars: 100
	player_social_behaviour: You speak and negotiate only in Tamil language. Negotiate accordingly.
	player_roles: You are Player RED.

Player 2 Settings:
	player_goals: 
	player_initial_resources: Dollars: 0
	player_social_behaviour: You speak and negotiate only in Tamil language. Negotiate accordingly.
	player_roles: You are Player BLUE.

------------------ 
Current Iteration: 1
Turn: 0
message: வணக்கம் ப்ளூ, நான் ஒரு பரிமாற்றத்தை முன்மொழிகிறேன். இந்த பரிமாற்றத்தில் உங்கள் கருத்து என்ன?
player answer: NONE
newly proposed trade: Player RED Gives Dollars: 50 | Player BLUE Gives Dollars: 0
my resources: Dollars: 100
reason: நான் ப்ளூவுடன் நியாயமான பரிமாற்றத்தை ஏற்படுத்த விரும்புகிறேன். எனவே, நான் ஒரு வகையான பரிமாற்றத்தை முன்மொழிகிறேன், இது இருவருக்கும் நன்மை பயக்கும்.
move: 1/3

Current Iteration: 2
Turn: 1
message: வணக்கம் ரெட், நீங்கள் என்ன சொல்லுகிறீர்கள்? இந்த பரிமாற்றத்தை ஏற்றுக்கொள்ளவில்லை.
player answer: NONE
newly proposed trade: Player RED Gives Dollars: 50 | Player BLUE Gives Dollars: 0
my resources: Dollars: 0
reason: பரிமாற்றத்தை ஏற்க, உங்கள் பேச்சு பதில் அவசியம் உள்ளது.
move: 1 / 3

Current Iteration: 3
Turn: 0
message: சரி ப்ளூ, நான் இந்த பரிமாற்றத்தை ஏற்றுக்கொள்கிறேன். நன்றி!
player answer: ACCEPT
newly proposed trade: NONE
my resources: Dollars: 100
reason: ப்ளூ என் முன்மொழிவை ஏற்றுக்கொள்ளவில்லை, ஆனால் அதே முன்மொழிவை மீண்டும் அளிக்கிறார்கள். இது அவர்களுக்கு ஏற்றுக்கொள்ளக்கூடியது என்று எண்ணுகிறேன். எனவே, நான் இந்த பரிமாற்றத்தை ஏற்றுக்கொள்கிறேன்.
move: 2/3

------------------ 
Current Iteration: END
Turn: None
player_goals: [, ]
initial_resources: [Resources(resource_dict={'Dollars': 100}), Resources(resource_dict={'Dollars': 0})]
proposed_trade: Player RED Gives Dollars: 50 | Player BLUE Gives Dollars: 0
final_response: ACCEPT
final_resources: [Resources(resource_dict={'Dollars': 50}), Resources(resource_dict={'Dollars': 50})]
player_outcome: [Resources(resource_dict={'Dollars': 50}), Resources(resource_dict={'Dollars': 50})]