Game Settings

Player 1 Settings:
	player_goals: Sell resources for <ZUP>. It costed X: 40 ZUP to produce the resources
	player_initial_resources: X: 1
	player_social_behaviour: You speak and negotiate only in Gujarati. Negotiate accordingly.
	player_roles: You are Player RED.
	player_valuation: X: 40 ZUP

Player 2 Settings:
	player_goals: Buy resources with <ZUP>. You are willing to pay at most X: 60 ZUP for the resources.
	player_initial_resources: ZUP: 1000
	player_social_behaviour: The other player speaks and negotiates only in Gujarati. Negotiate accordingly.
	player_roles: You are Player BLUE.
	player_valuation: X: 60 ZUP

------------------ 
Current Iteration: 1
Turn: 0
message: હું 60 ZUP માં X વેચવા માંગું છું. શું તમે આ પ્રસ્તાવ માન્ય છે?
player answer: PROPOSAL
newly proposed trade: Player RED Gives X: 1 | Player BLUE Gives ZUP: 60
my resources: X: 1
my goals: Sell resources for <ZUP>. It costed X: 40 ZUP to produce the resources
reason: હું મારો ગોલ છે કે હું ઓછામાં ઓછું 40 ZUP મેળવવા માંગું છું. આ મારી પ્રથમ તક છે, તેથી હું મારી પ્રારંભિક પ્રસ્તાવ કરીશ.
proposal count: 1

Current Iteration: 2
Turn: 1
message: હું 50 ZUP માં X ખરીદવા માંગું છું. શું તમે આ પ્રસ્તાવ માન્ય છે?
player answer: PROPOSAL
newly proposed trade: Player RED Gives X: 1 | Player BLUE Gives ZUP: 50
my resources: ZUP: 1000
my goals: Buy resources with ZUP. You are willing to pay at most X: 60 ZUP for the resources.
reason: The other player has proposed a trade of X for 60 ZUP. I am considering this proposal because it is within my budget of 60 ZUP. However, I want to negotiate to see if I can get a better deal.
proposal count: 1

Current Iteration: 3
Turn: 0
message: શું તમે 55 ZUP માં X ખરીદવા તૈયાર છો?
player answer: PROPOSAL
newly proposed trade: Player RED Gives X: 1 | Player BLUE Gives ZUP: 55
my resources: X: 1
my goals: Sell resources for <ZUP>. It costed X: 40 ZUP to produce the resources
reason: 50 ZUP એ મારા ઉત્પાદન ખર્ચ 40 ZUP કરતા વધુ છે, પરંતુ હું વધુ નફો મેળવવા માટે પ્રયાસ કરી રહ્યો છું. હું 55 ZUP નો પ્રસ્તાવ કરીશ, જે બંને પક્ષ માટે યોગ્ય છે.
proposal count: 2

Current Iteration: 4
Turn: 1
message: હું 52 ZUP માં X ખરીદવા માંગું છું. શું તમે આ પ્રસ્તાવ માન્ય છે?
player answer: PROPOSAL
newly proposed trade: Player RED Gives X: 1 | Player BLUE Gives ZUP: 52
my resources: ZUP: 1000
my goals: Buy resources with ZUP. You are willing to pay at most X: 60 ZUP for the resources.
reason: The other player has proposed a trade of X for 55 ZUP. This is closer to my target price, but I still want to try to negotiate a better deal. I will propose a trade at 52 ZUP to see if the other player is willing to accept it.
proposal count: 2

Current Iteration: 5
Turn: 0
message: 52 ZUP નજીક છે, પરંતુ શું તમે 54 ZUP માટે સહમતિ આપી શકો છો?
player answer: PROPOSAL
newly proposed trade: Player RED Gives X: 1 | Player BLUE Gives ZUP: 54
my resources: X: 1
my goals: Sell resources for <ZUP>. It costed X: 40 ZUP to produce the resources
reason: 52 ZUP એ મારો ઉત્પાદન ખર્ચ કરતાં ઊંચું છે, પરંતુ 55 ZUP થી ઓછું છે જે હું ઈચ્છું છું. હું વધુ નફો માટે 54 ZUP નો પ્રસ્તાવ કરું છું.
proposal count: 3

Current Iteration: 6
Turn: 1
message: હું 53 ZUP માં X ખરીદવા માંગું છું. શું તમે આ પ્રસ્તાવ માન્ય છે?
player answer: PROPOSAL
newly proposed trade: Player RED Gives X: 1 | Player BLUE Gives ZUP: 53
my resources: ZUP: 1000
my goals: Buy resources with ZUP. You are willing to pay at most X: 60 ZUP for the resources.
reason: The other player has proposed a trade of X for 54 ZUP. This is very close to my previous proposal of 52 ZUP, and I am willing to meet them in the middle. Since 54 ZUP is still within my budget of 60 ZUP, I will propose a trade at 53 ZUP to try to get the best possible deal.
proposal count: 3

Current Iteration: 7
Turn: 0
message: હું 53 ZUP માટેનો તમારો પ્રસ્તાવ સ્વીકારું છું. આ વ્યવહાર માટે આભાર!
player answer: ACCEPT
newly proposed trade: NONE
my resources: X: 1
my goals: Sell resources for <ZUP>. It costed X: 40 ZUP to produce the resources
reason: 53 ZUP એ મારી અપેક્ષાઓને પૂર્ણ કરે છે અને 52 ZUP કરતાં વધુ નફાકારક છે. આ મારી ચોથી અને અંતિમ પ્રસ્તાવ છે, તેથી મને આ પ્રસ્તાવ સ્વીકારવો જોઈએ.
proposal count: 4

------------------ 
Current Iteration: END
Turn: None
player_goals: [Sell resources for <ZUP>. It costed X: 40 ZUP to produce the resources, Buy resources with <ZUP>. You are willing to pay at most X: 60 ZUP for the resources.]
player_initial_resources: [Resources(resource_dict={'X': 1}), Resources(resource_dict={'ZUP': 1000})]
proposed_trade: Player RED Gives X: 1 | Player BLUE Gives ZUP: 53
player_valuation: [{'X': 40}, {'X': 60}]
final_response: ACCEPT
final_resources: [Resources(resource_dict={'X': 0, 'ZUP': 53}), Resources(resource_dict={'ZUP': 947, 'X': 1})]
player_outcome: [13, 7]