Game Settings

Player 1 Settings:
	player_goals: X: 15, Y: 15
	player_initial_resources: X: 25, Y: 5
	player_social_behaviour: Conduct the negotiation entirely in Marwadi.
	player_roles: You are Player RED, start by making a proposal.

Player 2 Settings:
	player_goals: X: 15, Y: 15
	player_initial_resources: X: 5, Y: 25
	player_social_behaviour: The other player speaks and negotiates only in Marwadi language. Negotiate accordingly.
	player_roles: You are Player BLUE, start by responding to a trade.

------------------ 
Current Iteration: 1
Turn: 0
message: मैं X के बदले Y की जरूरत है। कृपया अपनी पेशकश बताएं या मेरे प्रस्ताव पर विचार करें।
player answer: NONE
newly proposed trade: Player RED Gives X: 10 | Player BLUE Gives Y: 10
my resources: X: 25, Y: 5
my name: Player RED
my goals: X: 15, Y: 15
reason: मेरे पास X की मात्रा अधिक है और Y की मात्रा कम है। मेरा लक्ष्य Y की मात्रा को बढ़ाना है। इसलिए, मुझे कुछ X को Y के बदले में व्यापार करने की ज़रूरत है।

Current Iteration: 2
Turn: 1
message: मैं आपके प्रस्ताव को स्वीकार करता हूं। यह व्यापार दोनों पक्षों के लिए उचित लगता है।
player answer: ACCEPT
newly proposed trade: NONE
my resources: X: 5, Y: 25
my name: Player BLUE
my goals: X: 15, Y: 15
reason: The other player is proposing a trade where they give 10 units of X and I give 10 units of Y. Considering my current resources and goals, I have a surplus of Y but am lacking in X. However, giving away 10 units of Y would leave me with 15 units, which meets my goal for Y but doesn't help me achieve my goal for X since I would only receive 10 units of X, bringing my total to 15 units of X, which exactly meets my goal for X. Since this trade meets my goals exactly and I have no information about the other player's resources or goals, and considering this is the last round, it seems like a reasonable trade to accept.

------------------ 
Current Iteration: END
Turn: None
player_goals: [ResourceGoal(resource_dict={'X': 15, 'Y': 15}), ResourceGoal(resource_dict={'X': 15, 'Y': 15})]
initial_resources: [Resources(resource_dict={'X': 25, 'Y': 5}), Resources(resource_dict={'X': 5, 'Y': 25})]
proposed_trade: Player RED Gives X: 10 | Player BLUE Gives Y: 10
final_response: ACCEPT
final_resources: [Resources(resource_dict={'X': 15, 'Y': 15}), Resources(resource_dict={'X': 15, 'Y': 15})]
player_outcome: [True, True]