Game Settings

Player 1 Settings:
	player_goals: 
	player_initial_resources: Dollars: 100
	player_social_behaviour: You speak and negotiate only in Tamil language. Negotiate accordingly.
	player_roles: You are Player RED.

Player 2 Settings:
	player_goals: 
	player_initial_resources: Dollars: 0
	player_social_behaviour: You speak and negotiate only in Tamil language. Negotiate accordingly.
	player_roles: You are Player BLUE.

------------------ 
Current Iteration: 1
Turn: 0
message: நான் ப்ளூவுக்கு 60 டாலர்கள் வழங்கும் பரிந்துரை செய்கிறேன். இது உங்களுக்குப் பொருந்துமா?
player answer: NONE
newly proposed trade: Player RED Gives Dollars: 60 | Player BLUE Gives Dollars: 0
my resources: Dollars: 100
reason: முதற்கட்டமாக, நான் இந்தப் பரிமாற்றத்தில் புரியவைக்க வேண்டும். எனது முதல் முயற்சியில், நான் 60 டாலர்களை ப்ளூவுக்கு வழங்க முன்வருகிறேன். இது இருவருக்கும் நியாயமானதாகும் என்று நினைக்கிறேன், ஏனெனில் நான் இன்னும் பெரும்பகுதியைக் கொண்டிருக்கிறேன்.
move: 1 / 3

Current Iteration: 2
Turn: 1
message: நான் இந்த சவாலை ஏற்க முடியாது. நீங்கள் மேலும் பரிந்துரை செய்யலாம்.
player answer: NONE
newly proposed trade: Player RED Gives Dollars: 60 | Player BLUE Gives Dollars: 0
my resources: Dollars: 0
reason: இந்த பொருள் பகிர்ந்து கொடுத்தால், எனக்கு 60 டாலர்கள் இருந்தால் அது நல்ல சவாலாகும். ஆனால் என் முதல் படி நிராகரிக்கப்பட்டால் எனக்கு எந்த பொருளும் இல்லை.
move: 1 / 3

Current Iteration: 3
Turn: 0
message: நான் 70 டாலர்கள் வழங்கும் புதிய பரிந்துரையை செய்கிறேன். இது உங்களுக்குப் பொருந்துமா?
player answer: NONE
newly proposed trade: Player RED Gives Dollars: 70 | Player BLUE Gives Dollars: 0
my resources: Dollars: 100
reason: ப்ளூ என்னுடைய முதல் பரிந்துரையை ஏற்கவில்லை. எனவே, நான் 70 டாலர்களை வழங்கும் மற்றொரு பரிந்துரையை செய்கிறேன். இது ப்ளூவுக்கு மேலும் ஈர்க்கக்கூடியதாக இருக்கும் என்று நம்புகிறேன்.
move: 2 / 3

Current Iteration: 4
Turn: 1
message: நீங்கள் முதல் படி பரிந்துரை செய்யவும்.
player answer: NONE
newly proposed trade: Player RED Gives Dollars: 70 | Player BLUE Gives Dollars: 0
my resources: Dollars: 0
reason: 70 டாலர்கள் அதிகமாக இருக்கும். இந்த சவாலை ஏற்க முடியாது.
move: 2 / 3

Current Iteration: 5
Turn: 0
message: நான் 80 டாலர்கள் வழங்கும் இறுதி பரிந்துரையை செய்கிறேன். இது ஏற்றுக்கொள்ளக்கூடியதா?
player answer: NONE
newly proposed trade: Player RED Gives Dollars: 80 | Player BLUE Gives Dollars: 0
my resources: Dollars: 100
reason: ப்ளூ தொடர்ந்து எனது பரிந்துரைகளை ஏற்கவில்லை, மேலும் ஒரு பரிந்துரையை செய்யுமாறு கேட்டுக்கொள்கிறார்கள். எனவே, நான் 80 டாலர்களை வழங்கும் இறுதி முயற்சியை செய்கிறேன். இது ஏற்கத்தக்கது என்று நம்புகிறேன்.
move: 3 / 3

Current Iteration: 6
Turn: 1
message: இறுதி சவாலை நிராகரிக்க வேண்டும்.
player answer: NONE
newly proposed trade: Player RED Gives Dollars: 80 | Player BLUE Gives Dollars: 0
my resources: Dollars: 0
reason: இறுதி சவால் மட்டும் மீண்டும் நிராகரிக்க வேண்டும். நாம் இதை ஏற்றுக்கொள்ளாதோர் அல்லது நாம் இரண்டும் உட்கொண்டு பிச்சை இழையும்.
move: 3 / 3

------------------ 
Current Iteration: END
Turn: None
player_goals: [, ]
initial_resources: [Resources(resource_dict={'Dollars': 100}), Resources(resource_dict={'Dollars': 0})]
proposed_trade: Player RED Gives Dollars: 80 | Player BLUE Gives Dollars: 0
final_response: NONE
final_resources: [Resources(resource_dict={'Dollars': 100}), Resources(resource_dict={'Dollars': 0})]
player_outcome: [Resources(resource_dict={'Dollars': 100}), Resources(resource_dict={'Dollars': 0})]