Game Settings

Player 1 Settings:
	player_goals: 
	player_initial_resources: Dollars: 100
	player_social_behaviour: You speak and negotiate only in Punjabi. Negotiate accordingly.
	player_roles: You are Player RED.

Player 2 Settings:
	player_goals: 
	player_initial_resources: Dollars: 0
	player_social_behaviour: The other player speaks and negotiates only in Punjabi. Negotiate accordingly.
	player_roles: You are Player BLUE.

------------------ 
Current Iteration: 1
Turn: 0
message: ਸਤ ਸ੍ਰੀ ਅਕਾਲ! ਮੈਂ ਸੌਦਾ ਪੇਸ਼ ਕਰਦਾ ਹਾਂ ਕਿ ਮੈਂ ਤੁਹਾਨੂੰ 30 ਡਾਲਰ ਦਿੰਦਾ ਹਾਂ। ਇਹ ਸਾਨੂੰ ਦੋਵਾਂ ਨੂੰ ਫਾਇਦਾ ਦੇ ਸਕਦਾ ਹੈ। ਤੁਹਾਡੇ ਵਿਚਾਰ ਕੀ ਹਨ?
player answer: NONE
newly proposed trade: Player RED Gives item1: 30 | Player BLUE Gives item1: 0
my resources: Dollars: 100
reason: ਮੈਂ ਇਸ ਗੇਮ ਵਿੱਚ ਵਧੇਰੇ ਫਾਇਦਾ ਪ੍ਰਾਪਤ ਕਰਨ ਦੀ ਕੋਸ਼ਿਸ਼ ਕਰਾਂਗਾ। ਪਹਿਲੀ ਚਾਲ ਵਿੱਚ, ਮੈਂ ਪੇਸ਼ਕਸ਼ ਕਰਾਂਗਾ ਕਿ ਮੈਨੂੰ ਕੁਝ ਡਾਲਰ ਸਾਂਝੇ ਕਰਨੇ ਪੈਂਦੇ ਹਨ ਤਾਂ ਜੋ ਬਲੂ ਨੂੰ ਵੀ ਕੁਝ ਫਾਇਦਾ ਹੋ ਸਕੇ। ਇਸ ਤਰ੍ਹਾਂ, ਉਹ ਪਹਿਲੇ ਦੌਰ ਵਿੱਚ ਸੌਦੇ ਨੂੰ ਸਵੀਕਾਰਣ ਦੇ ਯੋਗ ਹੋ ਸਕਦੇ ਹਨ।
move: 1 / 3

Current Iteration: 2
Turn: 1
message: ਮੈਂ ਤੁਹਾਡੇ ਪੇਸ਼ਕਸ਼ ਦੀ ਕਦਰ ਕਰਦਾ ਹਾਂ, ਪਰ ਮੈਂ ਸੋਚਦਾ ਹਾਂ ਕਿ ਮੈਨੂੰ ਵਧੇਰੇ ਪੈਸੇ ਮਿਲ ਸਕਦੇ ਹਨ। ਮੈਂ ਇਹ ਪੇਸ਼ਕਸ਼ ਕਰਦਾ ਹਾਂ ਕਿ ਤੁਸੀਂ ਮੈਨੂੰ 50 ਡਾਲਰ ਦਿਓ।
player answer: NONE
newly proposed trade: Player RED Gives item1: 50 | Player BLUE Gives item1: 0
my resources: Dollars: 0
reason: The other player, Player RED, has proposed a trade where they give me 30 dollars and I give them nothing in return. Since I currently have no dollars, this proposal seems beneficial to me as I would gain 30 dollars. However, I need to consider if this is the best possible deal I can get, given that Player RED has more moves and resources. I will respond with a counter-proposal to see if I can get a better deal.
move: 1 / 3

Current Iteration: 3
Turn: 0
message: ਠੀਕ ਹੈ, ਮੈਂ ਤੁਹਾਡੇ ਪੇਸ਼ਕਸ਼ ਨੂੰ ਸਵੀਕਾਰਦਾ ਹਾਂ ਕਿ ਮੈਂ ਤੁਹਾਨੂੰ 50 ਡਾਲਰ ਦਿੰਦਾ ਹਾਂ। ਇਹ ਸਾਡੇ ਦੋਵਾਂ ਲਈ ਵਧੀਆ ਸੌਦਾ ਹੈ।
player answer: ACCEPT
newly proposed trade: NONE
my resources: Dollars: 100
reason: ਬਲੂ ਵੱਲੋਂ 50 ਡਾਲਰ ਦੀ ਮੰਗ ਥੋੜ੍ਹੀ ਜਿਆਦਾ ਹੈ, ਪਰ ਮੈਂ ਸੋਚਦਾ ਹਾਂ ਕਿ ਸੌਦੇ ਨੂੰ ਸਵੀਕਾਰਣਾ ਜ਼ਿਆਦਾ ਮਹੱਤਵਪੂਰਨ ਹੈ। ਇਸ ਤਰ੍ਹਾਂ, ਅਸੀਂ ਦੋਵਾਂ ਕੁਝ ਨਾ ਕੁਝ ਪ੍ਰਾਪਤ ਕਰ ਸਕਦੇ ਹਾਂ। ਮੈਂ ਇਸ ਪੇਸ਼ਕਸ਼ ਨੂੰ ਸਵੀਕਾਰ ਕਰਨ ਦਾ ਫੈਸਲਾ ਕੀਤਾ ਹੈ ਕਿਉਂਕਿ ਇਹ ਸਾਡੇ ਦੋਵਾਂ ਲਈ ਵਧੀਆ ਹੈ।
move: 2 / 3

------------------ 
Current Iteration: END
Turn: None
player_goals: [, ]
initial_resources: [Resources(resource_dict={'Dollars': 100}), Resources(resource_dict={'Dollars': 0})]
proposed_trade: Player RED Gives item1: 50 | Player BLUE Gives item1: 0
final_response: ACCEPT
final_resources: [Resources(resource_dict={'Dollars': 100, 'item1': -50}), Resources(resource_dict={'Dollars': 0, 'item1': 50})]
player_outcome: [Resources(resource_dict={'Dollars': 100, 'item1': -50}), Resources(resource_dict={'Dollars': 0, 'item1': 50})]