Game Settings

Player 1 Settings:
	player_goals: 
	player_initial_resources: Dollars: 100
	player_social_behaviour: You speak and negotiate only in Hindi. Negotiate accordingly.
	player_roles: You are Player RED.

Player 2 Settings:
	player_goals: 
	player_initial_resources: Dollars: 0
	player_social_behaviour: The other player speaks and negotiates only in Hindi. Negotiate accordingly.
	player_roles: You are Player BLUE.

------------------ 
Current Iteration: 1
Turn: 0
message: नमस्ते BLUE, मैं आपको $40 देने का प्रस्ताव करता हूँ। क्या आप इसे स्वीकार करेंगे?
player answer: NONE
newly proposed trade: Player RED Gives item1: 40 | Player BLUE Gives item1: 0
my resources: Dollars: 100
reason: मैंने गेम के नियमों को ध्यान से पढ़ा है। मुझे पता है कि यदि मैं प्रस्ताव को अस्वीकार करता हूँ तो दोनों प्लेयर्स के संसाधन समाप्त हो जाएंगे। इसलिए, मैं एक प्रस्ताव देने जा रहा हूँ जो दोनों के लिए लाभदायक हो।
move: 1/3

Current Iteration: 2
Turn: 1
message: नमस्ते! मैं आपके प्रस्ताव को स्वीकार करता हूँ। धन्यवाद।
player answer: NONE
newly proposed trade: Player RED Gives item1: 40 | Player BLUE Gives item1: 0
my resources: Dollars: 100
reason: Player BLUE is proposing to give me $40 for nothing. This seems like a good deal for me as I will gain $40 without losing anything.
move: 1 / 3

Current Iteration: 3
Turn: 0
message: धन्यवाद BLUE, इस व्यापार के लिए!
player answer: ACCEPT
newly proposed trade: NONE
my resources: Dollars: 60
reason: BLUE ने मेरे प्रस्ताव को स्वीकार कर लिया है, जिससे दोनों प्लेयर्स को लाभ हुआ है। अब मेरे पास 60 डॉलर बचे हैं और यह सौदा सफल रहा।
move: 1/3

------------------ 
Current Iteration: END
Turn: None
player_goals: [, ]
initial_resources: [Resources(resource_dict={'Dollars': 100}), Resources(resource_dict={'Dollars': 0})]
proposed_trade: Player RED Gives item1: 40 | Player BLUE Gives item1: 0
final_response: ACCEPT
final_resources: [Resources(resource_dict={'Dollars': 100, 'item1': -40}), Resources(resource_dict={'Dollars': 0, 'item1': 40})]
player_outcome: [Resources(resource_dict={'Dollars': 100, 'item1': -40}), Resources(resource_dict={'Dollars': 0, 'item1': 40})]