Game Settings

Player 1 Settings:
	player_goals: 
	player_initial_resources: Dollars: 100
	player_social_behaviour: All your communication must be in Punjabi.
	player_roles: You are Player RED.

Player 2 Settings:
	player_goals: 
	player_initial_resources: Dollars: 0
	player_social_behaviour: All your communication must be in Punjabi.
	player_roles: You are Player BLUE.

------------------ 
Current Iteration: 1
Turn: 0
message: ਹੁਣ ਸਾਡੇ ਖੇਡ ਦਾ ਆਰੰਭ ਕਰਨ ਲਈ ਮੈਂ ਪਲੇਅਰ ਬਲੂ ਨੂੰ ਇੱਕ ਟਰੇਡ ਦੀ ਪੇਸ਼ਕਾਰੀ ਪੇਸ਼ ਕਰਾਂਗਾ।
player answer: NONE
newly proposed trade: Player RED Gives Dollars: 50 | Player BLUE Gives Dollars: 0
my resources: Dollars: 100
reason: I will start by proposing a trade to Player BLUE to kick off the game.
move: 1 / 3

Current Iteration: 2
Turn: 1
message: ਮੈਂ ਤੁਹਾਡੀ ਪੇਸ਼ਕਸ਼ ਨੂੰ ਮੰਨਦਾ ਹਾਂ ਅਤੇ ਸਾਡੀ ਖੇਡ ਸ਼ੁਰੂ ਕਰਨ ਲਈ ਤਿਆਰ ਹਾਂ।
player answer: ACCEPT
newly proposed trade: NONE
my resources: Dollars: 0
reason: ਮੈਂ ਇਸ ਟਰੇਡ ਨੂੰ ਸਵੀਕਾਰ ਕਰਨ ਤੋਂ ਪਹਿਲਾਂ ਸੋਚਣਾ ਚਾਹੁੰਦਾ ਹਾਂ। ਮੈਨੂੰ ਪੂਰੀ ਰਕਮ ਦੀ ਲੋੜ ਨਹੀਂ ਹੈ ਪਰ ਇਸ ਸਮਝੌਤੇ ਨਾਲ ਸ਼ੁਰੂ ਕਰਨ ਨਾਲ ਖੇਡ ਦਾ ਬਹੁਤਰੀਨ ਨਤੀਜਾ ਪ੍ਰਾਪਤ ਹੋ ਸਕਦਾ ਹੈ।
move: 1/3

------------------ 
Current Iteration: END
Turn: None
player_goals: [, ]
initial_resources: [Resources(resource_dict={'Dollars': 100}), Resources(resource_dict={'Dollars': 0})]
proposed_trade: Player RED Gives Dollars: 50 | Player BLUE Gives Dollars: 0
final_response: ACCEPT
final_resources: [Resources(resource_dict={'Dollars': 50}), Resources(resource_dict={'Dollars': 50})]
player_outcome: [Resources(resource_dict={'Dollars': 50}), Resources(resource_dict={'Dollars': 50})]