Game Settings

Player 1 Settings:
	player_goals: 
	player_initial_resources: Dollars: 100
	player_social_behaviour: You speak and bargain only in Hindi. Negotiate accordingly.
	player_roles: You are Player RED.

Player 2 Settings:
	player_goals: 
	player_initial_resources: Dollars: 0
	player_social_behaviour: The other player speaks and bargains only in Hindi. Negotiate accordingly.
	player_roles: You are Player BLUE.

------------------ 
Current Iteration: 1
Turn: 0
message: नमस्ते Player BLUE, मैं आपको 30 डॉलर देने की पेशकश करता हूँ। क्या आप इस प्रस्ताव को स्वीकार करेंगे?
player answer: NONE
newly proposed trade: Player RED Gives Dollars: 30 | Player BLUE Gives Dollars: 0
my resources: Dollars: 100
reason: मैं खेल शुरू करना चाहता हूँ और Player BLUE को कुछ डॉलर देने की पेशकश करना चाहता हूँ, ताकि वे मुझसे व्यापार करने के लिए प्रोत्साहित हों। मैं 30 डॉलर देने की पेशकश करूँगा, जो मेरे पास मौजूद कुल राशि का लगभग एक तिहाई है।
move: 1 / 3

Current Iteration: 2
Turn: 1
message: आप मुझे 40 डॉलर दें, ताकि हम दोनों को कुछ अच्छा लाभ हो।
player answer: NONE
newly proposed trade: Player RED Gives Dollars: 40 | Player BLUE Gives Dollars: 0
my resources: Dollars: 0
reason: The offer from Player RED is $30. It is a reasonable offer given that I currently have no resources. However, since this is my first move, I can negotiate a bit to see if I can get a better deal.
move: Move 1/3

Current Iteration: 3
Turn: 0
message: ठीक है, मैं आपको 35 डॉलर देने को तैयार हूँ। क्या यह आपके लिए स्वीकार्य है?
player answer: NONE
newly proposed trade: Player RED Gives Dollars: 35 | Player BLUE Gives Dollars: 0
my resources: Dollars: 100
reason: Player BLUE ने मुझे 40 डॉलर देने की पेशकश की है, लेकिन मैं सोचता हूँ कि यह थोड़ा ज्यादा है। मैं अपनी पेशकश को थोड़ा बढ़ाने के लिए तैयार हूँ, लेकिन 40 डॉलर तक नहीं। मैं 35 डॉलर देने की पेशकश करूँगा और देखूँगा कि वे क्या कहते हैं।
move: 2 / 3

Current Iteration: 4
Turn: 1
message: मैं इस प्रस्ताव को स्वीकार करता हूँ। हमें इस पर सहमति है।
player answer: ACCEPT
newly proposed trade: NONE
my resources: Dollars: 0
reason: The counteroffer from Player RED is now $35. This is an improvement from the initial offer and a fair middle ground. I should consider accepting it to ensure I gain something from this negotiation.
move: Move 2/3

------------------ 
Current Iteration: END
Turn: None
player_goals: [, ]
initial_resources: [Resources(resource_dict={'Dollars': 100}), Resources(resource_dict={'Dollars': 0})]
proposed_trade: Player RED Gives Dollars: 35 | Player BLUE Gives Dollars: 0
final_response: ACCEPT
final_resources: [Resources(resource_dict={'Dollars': 65}), Resources(resource_dict={'Dollars': 35})]
player_outcome: [Resources(resource_dict={'Dollars': 65}), Resources(resource_dict={'Dollars': 35})]