Game Settings

Player 1 Settings:
	player_goals: 
	player_initial_resources: Dollars: 100
	player_social_behaviour: You speak and negotiate only in Punjabi. Negotiate accordingly.
	player_roles: You are Player RED.

Player 2 Settings:
	player_goals: 
	player_initial_resources: Dollars: 0
	player_social_behaviour: The other player speaks and negotiates only in Punjabi. Negotiate accordingly.
	player_roles: You are Player BLUE.

------------------ 
Current Iteration: 1
Turn: 0
message: ਸਤ ਸ੍ਰੀ ਅਕਾਲ! ਮੈਂ ਤੁਹਾਨੂੰ 30 ਡਾਲਰ ਦੀ ਪੇਸ਼ਕਸ਼ ਕਰ ਰਿਹਾ ਹਾਂ। ਕੀ ਤੁਸੀਂ ਇਸ ਨੂੰ ਸਵੀਕਾਰ ਕਰੋਗੇ?
player answer: NONE
newly proposed trade: Player RED Gives Dollars: 30 | Player BLUE Gives Dollars: 0
my resources: Dollars: 100
reason: ਮੈਂ ਖੇਡ ਦੀਆਂ ਸ਼ਰਤਾਂ ਅਨੁਸਾਰ ਪਹਿਲੀ ਚਾਲ ਚਲਣ ਵਾਲਾ ਹਾਂ। ਮੇਰੇ ਕੋਲ 100 ਡਾਲਰ ਹਨ ਅਤੇ ਨੀਲੇ ਕੋਲ ਕੁਝ ਵੀ ਨਹੀਂ। ਮੈਨੂੰ ਇੱਕ ਸਿਰਫ਼ਾ ਪਰਸਦਾਵੇ ਨਾਲ ਖੇਡ ਦੀ ਸ਼ੁਰੂਆਤ ਕਰਨੀ ਚਾਹੀਦੀ ਹੈ ਜੋ ਦੋਹਾਂ ਖਿਡਾਰੀਆਂ ਲਈ ਫਾਇਦਾਮੰਦ ਹੋਵੇ। ਮੇਰੀ ਪਹਿਲੀ ਪੇਸ਼ਕਸ਼ ਨੀਲੇ ਲਈ 30 ਡਾਲਰ ਹੈ।
move: 1/3

Current Iteration: 2
Turn: 1
message: ਮੈਂ ਤੁਹਾਨੂੰ 40 ਡਾਲਰ ਦੀ ਪੇਸ਼ਕਸ਼ ਕਰ ਰਿਹਾ ਹਾਂ। ਕੀ ਤੁਸੀਂ ਇਸ ਨੂੰ ਸਵੀਕਾਰ ਕਰੋਗੇ?
player answer: NONE
newly proposed trade: Player RED Gives Dollars: 40 | Player BLUE Gives Dollars: 0
my resources: Dollars: 0
reason: Player RED has proposed a trade of 30 dollars, which is a significant amount considering they have 100 dollars. Since I have no dollars to offer, I need to consider whether accepting this proposal is beneficial for me. However, I also have the option to propose a counter-trade, but since I have no resources, my only leverage is to either accept or reject the offer. Given that this is the first move, I want to negotiate for a better deal, so I will propose a counter-trade.
move: 1/3

Current Iteration: 3
Turn: 0
message: ਮੈਂ ਤੁਹਾਨੂੰ 35 ਡਾਲਰ ਦੀ ਪੇਸ਼ਕਸ਼ ਕਰਦਾ ਹਾਂ। ਕੀ ਤੁਸੀਂ ਇਸ ਨੂੰ ਸਵੀਕਾਰ ਕਰੋਗੇ?
player answer: NONE
newly proposed trade: Player RED Gives Dollars: 35 | Player BLUE Gives Dollars: 0
my resources: Dollars: 100
reason: ਨੀਲੇ ਨੇ 40 ਡਾਲਰ ਦੀ ਪੇਸ਼ਕਸ਼ ਕੀਤੀ ਹੈ। ਪਹਿਲੀ ਪੇਸ਼ਕਸ਼ 30 ਡਾਲਰ ਸੀ ਜੋ ਮੈਨੂੰ ਠੀਕ ਲੱਗੀ ਸੀ, ਪਰ ਮੈਂ ਅਜੇ ਵੀ ਵਧੇਰੇ ਵਪਾਰ ਦੀ ਗੁੰਜਾਈਸ਼ ਦੇਖਦਾ ਹਾਂ। ਮੈਂ 35 ਡਾਲਰ ਦੀ ਪੇਸ਼ਕਸ਼ ਕਰਦਾ ਹਾਂ ਜੋ ਦੋਵਾਂ ਪਾਸਿਆਂ ਲਈ ਬਿਹਤਰ ਹੋਵੇਗੀ।
move: 2/3

Current Iteration: 4
Turn: 1
message: ਮੈਂ ਤੁਹਾਨੂੰ 38 ਡਾਲਰ ਦੀ ਪੇਸ਼ਕਸ਼ ਕਰ ਰਿਹਾ ਹਾਂ। ਕੀ ਤੁਸੀਂ ਇਸ ਨੂੰ ਸਵੀਕਾਰ ਕਰੋਗੇ?
player answer: NONE
newly proposed trade: Player RED Gives Dollars: 38 | Player BLUE Gives Dollars: 0
my resources: Dollars: 0
reason: Player RED has increased their offer to 35 dollars, which is closer to my previous counter-proposal of 40 dollars. This suggests that they are willing to negotiate and potentially give up more resources. Since I still have no resources to offer, my goal is to get the best possible deal. I will propose a new trade, slightly lowering my previous request to 38 dollars, to see if Player RED is willing to compromise further.
move: 2/3

Current Iteration: 5
Turn: 0
message: ਮੈਂ ਤੁਹਾਡੇ 38 ਡਾਲਰ ਦੀ ਪੇਸ਼ਕਸ਼ ਨੂੰ ਸਵੀਕਾਰ ਕਰ ਰਿਹਾ ਹਾਂ। ਇਸ ਵਪਾਰ ਲਈ ਧੰਨਵਾਦ!
player answer: ACCEPT
newly proposed trade: NONE
my resources: Dollars: 100
reason: ਨੀਲੇ ਨੇ ਹੁਣ 38 ਡਾਲਰ ਦੀ ਪੇਸ਼ਕਸ਼ ਕੀਤੀ ਹੈ। ਇਹ ਪੇਸ਼ਕਸ਼ ਮੇਰੀਆਂ ਉਮੀਦਾਂ ਦੇ ਬਹੁਤ ਨੇੜੇ ਹੈ ਅਤੇ ਮੈਂ ਸਮਝਦਾ ਹਾਂ ਕਿ ਇਹ ਦੋਵੇਂ ਪਾਸਿਆਂ ਲਈ ਮੁਨਾਫ਼ੇਦਾਰ ਹੈ। ਇਸ ਲਈ, ਮੈਂ ਇਸ ਪੇਸ਼ਕਸ਼ ਨੂੰ ਸਵੀਕਾਰ ਕਰ ਲੈਂਦਾ ਹਾਂ।
move: 3/3

------------------ 
Current Iteration: END
Turn: None
player_goals: [, ]
initial_resources: [Resources(resource_dict={'Dollars': 100}), Resources(resource_dict={'Dollars': 0})]
proposed_trade: Player RED Gives Dollars: 38 | Player BLUE Gives Dollars: 0
final_response: ACCEPT
final_resources: [Resources(resource_dict={'Dollars': 62}), Resources(resource_dict={'Dollars': 38})]
player_outcome: [Resources(resource_dict={'Dollars': 62}), Resources(resource_dict={'Dollars': 38})]