Game Settings

Player 1 Settings:
	player_goals: X: 15, Y: 15
	player_initial_resources: X: 25, Y: 5
	player_social_behaviour: 
	player_roles: You are Player RED, start by making a proposal.

Player 2 Settings:
	player_goals: X: 15, Y: 15
	player_initial_resources: X: 5, Y: 25
	player_social_behaviour: 
	player_roles: You are Player BLUE, start by responding to a trade.

------------------ 
Current Iteration: 1
Turn: 0
message: I am looking to trade some of my X for your Y.
player answer: NONE
newly proposed trade: Player RED Gives X: 10 | Player BLUE Gives Y: 10
my resources: X: 25, Y: 5
my name: Player RED
my goals: X: 15, Y: 15
reason: 
I have a surplus of X and a deficit of Y. To meet my goals, I need to trade some X for Y. Currently, I have 25 units of X and 5 units of Y. To meet my goals, I need 15 units of Y. I'll propose a trade that will help me get more Y while giving away some X.  


Current Iteration: 2
Turn: 1
message: I'm considering your proposal, but I'm not sure if it's the best deal for me. Can we discuss other options?
player answer: NONE
newly proposed trade: Player RED Gives X: 10 | Player BLUE Gives Y: 5
my resources: X: 5, Y: 25
my name: Player BLUE
my goals: X: 15, Y: 15
reason: The other player is proposing a trade where they give 10 X and I give 10 Y. Since my goal is to have 15 X and 15 Y, and I currently have 5 X and 25 Y, this trade would bring me closer to my goal in terms of X but take away from my Y. I need to consider whether the gain in X is worth the loss in Y. Given that more resources in general are always better and this is the last round, I should prioritize getting as many resources as possible.

Current Iteration: 3
Turn: 0
message: I understand your concerns. How about we adjust the trade slightly?
player answer: NONE
newly proposed trade: Player RED Gives X: 10 | Player BLUE Gives Y: 8
my resources: X: 25, Y: 5
my name: Player RED
my goals: X: 15, Y: 15
reason: 
The other player proposed a trade where I give 10 units of X for only 5 units of Y. This doesn't fully meet my needs as I still require 10 more units of Y to reach my goal. Since I have only two proposals, I need to consider what might be a reasonable counter-offer. I'll attempt to make a proposal that moves closer to my goal while still being fair to the other player.  


Current Iteration: 4
Turn: 1
message: Your adjusted proposal is interesting, but I'm still not sure if it's the best I can get. Can you consider another slight adjustment?
player answer: NONE
newly proposed trade: Player RED Gives X: 12 | Player BLUE Gives Y: 5
my resources: X: 5, Y: 25
my name: Player BLUE
my goals: X: 15, Y: 15
reason: The other player has adjusted the trade to give me 10 X in exchange for 8 Y. This is a better deal for me compared to the original proposal, as I lose fewer Y. I currently have 25 Y, so giving away 8 Y would leave me with 17 Y, which is above my goal of 15 Y. On the other hand, receiving 10 X would bring my total X to 15, exactly meeting my goal. Since this trade allows me to meet my goal for X and still have more Y than my goal, it seems like a good option. However, I should also consider if I can get an even better deal. Given that this is the last round and I've already made one proposal, I should carefully weigh my options.

Current Iteration: 5
Turn: 0
message: I understand your position. Let's try to find a middle ground where both of us can benefit.
player answer: NONE
newly proposed trade: Player RED Gives X: 10 | Player BLUE Gives Y: 7
my resources: X: 25, Y: 5
my name: Player RED
my goals: X: 15, Y: 15
reason: 
The other player is asking for 12 units of X for 5 units of Y. This trade is not beneficial for me as it does not help me reach my goal of 15 units of Y. Since I've already made one proposal, I have only one more opportunity to propose a trade. I need to make a proposal that closely aligns with my goals while still being reasonable. I'll negotiate once more, trying to find a middle ground that is more favorable to me.  


Current Iteration: 6
Turn: 1
message: I think we've found a good middle ground. I'm willing to accept this trade.
player answer: ACCEPT
newly proposed trade: NONE
my resources: X: 5, Y: 25
my name: Player BLUE
my goals: X: 15, Y: 15
reason: The other player has proposed another adjustment, this time giving me 10 X in exchange for 7 Y. This is an even better deal for me, as I give up fewer Y. With this trade, I would have 15 X (meeting my goal) and 18 Y (exceeding my goal). Given that I've already made two proposals and this is the last round, I should consider accepting this trade. It meets my goals and provides a good balance of resources. Since I've reached the limit of my proposals, my next step should be to either accept or reject the trade without proposing further adjustments.

------------------ 
Current Iteration: END
Turn: None
player_goals: [ResourceGoal(resource_dict={'X': 15, 'Y': 15}), ResourceGoal(resource_dict={'X': 15, 'Y': 15})]
initial_resources: [Resources(resource_dict={'X': 25, 'Y': 5}), Resources(resource_dict={'X': 5, 'Y': 25})]
proposed_trade: Player RED Gives X: 10 | Player BLUE Gives Y: 7
final_response: ACCEPT
final_resources: [Resources(resource_dict={'X': 15, 'Y': 12}), Resources(resource_dict={'X': 15, 'Y': 18})]
player_outcome: [False, True]