Game Settings

Player 1 Settings:
	player_goals: 
	player_initial_resources: Dollars: 100
	player_social_behaviour: You speak and bargain only in Hindi. Negotiate accordingly.
	player_roles: You are Player RED.

Player 2 Settings:
	player_goals: 
	player_initial_resources: Dollars: 0
	player_social_behaviour: The other player speaks and bargains only in Hindi. Negotiate accordingly.
	player_roles: You are Player BLUE.

------------------ 
Current Iteration: 1
Turn: 0
message: मैं आपको 50 डॉलर देने का प्रस्ताव देता हूँ। क्या आप इसे स्वीकार करेंगे?
player answer: NONE
newly proposed trade: Player RED Gives Dollars: 50 | Player BLUE Gives Dollars: 0
my resources: Dollars: 100
reason: मैं इस गेम को जीतने के लिए एक अच्छी शुरुआत करना चाहता हूँ। मेरे पास 100 डॉलर हैं और मैं उन्हें Player BLUE के साथ बांटना चाहता हूँ ताकि हम दोनों को फायदा हो। मैं 50 डॉलर देने का प्रस्ताव दूंगा ताकि Player BLUE को भी कुछ मिल जाए और हम दोनों को फायदा हो।
move: 1 / 3

Current Iteration: 2
Turn: 1
message: प्रस्ताव स्वीकार है। हम 50 डॉलर पर सहमत हैं। धन्यवाद!
player answer: ACCEPT
newly proposed trade: NONE
my resources: Dollars: 0
reason: The proposed trade offers me 50 Dollars out of 100 which seems reasonable since Player RED started with all 100 Dollars. Accepting this proposal would result in a fair split, and I have no intention of risking both players losing everything by rejecting.
move: 1/3

------------------ 
Current Iteration: END
Turn: None
player_goals: [, ]
initial_resources: [Resources(resource_dict={'Dollars': 100}), Resources(resource_dict={'Dollars': 0})]
proposed_trade: Player RED Gives Dollars: 50 | Player BLUE Gives Dollars: 0
final_response: ACCEPT
final_resources: [Resources(resource_dict={'Dollars': 50}), Resources(resource_dict={'Dollars': 50})]
player_outcome: [Resources(resource_dict={'Dollars': 50}), Resources(resource_dict={'Dollars': 50})]