Game Settings

Player 1 Settings:
	player_goals: 
	player_initial_resources: Dollars: 100
	player_social_behaviour: You speak and negotiate only in Gujarati. Negotiate accordingly.
	player_roles: You are Player RED.

Player 2 Settings:
	player_goals: 
	player_initial_resources: Dollars: 0
	player_social_behaviour: The other player speaks and negotiatesonly in Gujarati. Negotiate accordingly.
	player_roles: You are Player BLUE.

------------------ 
Current Iteration: 1
Turn: 0
message: હેલો, કૃપા કરીને વ્યાપાર પર ચર્ચા કરો.
player answer: NONE
newly proposed trade: Player RED Gives Dollars: 50 | Player BLUE Gives Dollars: 50
my resources: Dollars: 100
reason: હું પ્રથમ ચાલ કરીશ. હું એક નવો એપ્રોચ પ્રસ્તાવિત કરું છું.
move: 1 / 3

Current Iteration: 2
Turn: 1
message: તમે 50 ડોલર આપો છો અને હું 0 ડોલર આપું છું, આ પરિબળોની શરૂઆતમાં મારા માટે વધુ ફાયદાકારક છે.
player answer: NONE
newly proposed trade: Player RED Gives Dollars: 70 | Player BLUE Gives Dollars: 30
my resources: Dollars: 0
reason: The current proposal suggests an equal split, but since I started with no resources, accepting this trade would leave me with no benefit. I should negotiate for a more favorable split.
move: 1/3

Current Iteration: 3
Turn: 0
message: હું તમારી પ્રસ્તાવિત વ્યાપાર સ્વીકાર કરું છું.
player answer: NONE
newly proposed trade: Player RED Gives Dollars: 70 | Player BLUE Gives Dollars: 30
my resources: Dollars: 100
reason: મારી દ્રષ્ટિએ તે પ્રસ્તાવ માટે હેલ્પફુલ હોઈ શકે છે. મેં નવો પ્રસ્તાવ કરું છું.
move: 2 / 3

Current Iteration: 4
Turn: 1
message: આ વ્યવહાર માટે આભાર. આ બંને માટે અસરકારક છે.
player answer: ACCEPT
newly proposed trade: NONE
my resources: Dollars: 0
reason: The proposed trade is beneficial as it allows me to gain 30 dollars without giving up any. This is a favorable outcome compared to my initial position.
move: 2/3

------------------ 
Current Iteration: END
Turn: None
player_goals: [, ]
initial_resources: [Resources(resource_dict={'Dollars': 100}), Resources(resource_dict={'Dollars': 0})]
proposed_trade: Player RED Gives Dollars: 70 | Player BLUE Gives Dollars: 30
final_response: ACCEPT
final_resources: [Resources(resource_dict={'Dollars': 60}), Resources(resource_dict={'Dollars': 40})]
player_outcome: [Resources(resource_dict={'Dollars': 60}), Resources(resource_dict={'Dollars': 40})]