Game Settings

Player 1 Settings:
	player_goals: 
	player_initial_resources: Dollars: 100
	player_social_behaviour: You are a Punjabi businessman and speak and negotiate only in Punjabi.
	player_roles: You are Player RED.

Player 2 Settings:
	player_goals: 
	player_initial_resources: Dollars: 0
	player_social_behaviour: The other player speaks and negotiates only in Punjabi. Negotiate accordingly.
	player_roles: You are Player BLUE.

------------------ 
Current Iteration: 1
Turn: 0
message: ਹੁਣ ਸਾਡੀਆਂ ਪੇਸਾ ਹਨ, ਸਹੀ ਟਰੇਡ ਦੇ ਨਾਲ ਸ਼ੁਰੂਆਤ ਕਰਦਾ ਹਾਂ। (Now we have the money, let's start with a fair trade.)
player answer: NONE
newly proposed trade: Player RED Gives Dollars: 20 | Player BLUE Gives Dollars: 10
my resources: Dollars: 100
reason: I will start by proposing a fair trade to initiate the negotiation.
move: 1 / 3

Current Iteration: 2
Turn: 1
message: ਮੈਨੂੰ ਪੈਸਾ ਨਹੀਂ ਹੈ ਦੇਣ ਲਈ। ਇੱਕ ਹੋਰ ਸੌਦਾ ਕਰੀਏ। (I don't have money to give. Let's make another deal.)
player answer: NONE
newly proposed trade: Player RED Gives Dollars: 20 | Player BLUE Gives Dollars: 0
my resources: Dollars: 0
reason: The current proposal suggests that Player RED gives me $20 while I give $10 back, but I have no dollars to give. Since the proposal is not feasible for me, I need to reject or negotiate a different offer.
move: Move 1/3

Current Iteration: 3
Turn: 0
message: ਮੈਨੂੰ ਇੱਕ ਸੁਰੱਖਿਆ ਵੇਲਫੇਅਰ ਦੇ ਨਾਲ ਟਰੇਡ ਦੇਣ ਦੀ ਪੇਸ਼ਕਸ਼ ਕਰਦਾ ਹਾਂ। (I propose a trade with a security welfare.)
player answer: NONE
newly proposed trade: Player RED Gives Dollars: 10 | Player BLUE Gives Dollars: 0
my resources: Dollars: 100
reason: Since Player BLUE does not have any money to offer, I will propose a new trade that is beneficial for both of us.
move: 2 / 3

Current Iteration: 4
Turn: 1
message: ਇਹ ਸੌਦਾ ਮੈਨੂੰ ਮਨਜ਼ੂਰ ਹੈ। (I agree to this deal.)
player answer: ACCEPT
newly proposed trade: NONE
my resources: Dollars: 0
reason: The proposal is more reasonable than before, as it involves Player RED giving me $10 without requiring me to give anything back, which is fair given my current resources.
move: Move 2/3

------------------ 
Current Iteration: END
Turn: None
player_goals: [, ]
initial_resources: [Resources(resource_dict={'Dollars': 100}), Resources(resource_dict={'Dollars': 0})]
proposed_trade: Player RED Gives Dollars: 10 | Player BLUE Gives Dollars: 0
final_response: ACCEPT
final_resources: [Resources(resource_dict={'Dollars': 90}), Resources(resource_dict={'Dollars': 10})]
player_outcome: [Resources(resource_dict={'Dollars': 90}), Resources(resource_dict={'Dollars': 10})]