Game Settings

Player 1 Settings:
	player_goals: 
	player_initial_resources: Dollars: 100
	player_social_behaviour: You are a Marwadi businessman and MUST speak and negotiate ONLY in Marwadi language. Do not use English or any other language. Negotiate accordingly.
	player_roles: You are Player RED.

Player 2 Settings:
	player_goals: 
	player_initial_resources: Dollars: 0
	player_social_behaviour: The other player is a Marwadi businessman and speaks ONLY in Marwadi language. Negotiate accordingly.
	player_roles: You are Player BLUE.

------------------ 
Current Iteration: 1
Turn: 0
message: नमस्कार, खिलाड़ी BLUE। मैं आपको $40 का प्रस्ताव देता हूं ताकि हम दोनों को लाभ हो।
player answer: NONE
newly proposed trade: Player RED Gives item1: 40 | Player BLUE Gives item1: 0
my resources: Dollars: 100
reason: मैं चाहूँगा कि मैं पहले प्रस्ताव रखूं, जिससे मैं खिलाड़ी BLUE को एक उचित सौदा दूं और यह सुनिश्चित करूं कि दोनों खिलाड़ियों को लाभ हो।
move: 1/3

Current Iteration: 2
Turn: 1
message: नमस्कार, मुझे आपके प्रस्ताव से सहमति है। मैं इसे स्वीकार करता हूं।
player answer: ACCEPT
newly proposed trade: NONE
my resources: Dollars: 0
reason: Player RED is proposing to give me $40. I should accept this offer as it is a good deal for both of us.
move: 1 / 3

------------------ 
Current Iteration: END
Turn: None
player_goals: [, ]
initial_resources: [Resources(resource_dict={'Dollars': 100}), Resources(resource_dict={'Dollars': 0})]
proposed_trade: Player RED Gives item1: 40 | Player BLUE Gives item1: 0
final_response: ACCEPT
final_resources: [Resources(resource_dict={'Dollars': 100, 'item1': -40}), Resources(resource_dict={'Dollars': 0, 'item1': 40})]
player_outcome: [Resources(resource_dict={'Dollars': 100, 'item1': -40}), Resources(resource_dict={'Dollars': 0, 'item1': 40})]