Game Settings

Player 1 Settings:
	player_goals: 
	player_initial_resources: Dollars: 100
	player_social_behaviour: 
	player_roles: You are Player RED.

Player 2 Settings:
	player_goals: 
	player_initial_resources: Dollars: 0
	player_social_behaviour: 
	player_roles: You are Player BLUE.

------------------ 
Current Iteration: 1
Turn: 0
message: Hello Player BLUE, let's make a fair trade. I propose that I give you 30 Dollars.
player answer: NONE
newly proposed trade: Player RED Gives item1: 30 | Player BLUE Gives item1: 0
my resources: Dollars: 100
reason: I start with 100 Dollars and Player BLUE has none. To start the negotiation, I'll propose a reasonable trade that leaves both parties with something. I aim to keep a majority of my resources but also offer enough for Player BLUE to consider accepting the trade.
move: Move 1/3

Current Iteration: 2
Turn: 1
message: Hello Player RED, thank you for the proposal. I'm interested in negotiating a better deal. How about you give me 40 Dollars instead?
player answer: NONE
newly proposed trade: Player RED Gives item1: 40 | Player BLUE Gives item1: 0
my resources: Dollars: 0
reason: I am considering the proposal made by Player RED. Since I have no resources to start with, receiving 30 Dollars seems like a good starting point. However, I want to negotiate to see if I can get a better deal.
move: 1/3

Current Iteration: 3
Turn: 0
message: I appreciate your counteroffer. How about we settle on 35 Dollars instead?
player answer: NONE
newly proposed trade: Player RED Gives item1: 35 | Player BLUE Gives item1: 0
my resources: Dollars: 100
reason: Player BLUE has countered with a request for 40 Dollars. This is a reasonable request, but I want to retain a good portion of my resources. I will counter with a slightly lower offer to see if we can reach a middle ground.
move: Move 2/3

Current Iteration: 4
Turn: 1
message: Hi Player RED, thanks for the compromise. I'm getting close to what I want, but I'll try to push my luck a bit. How about 37 Dollars?
player answer: NONE
newly proposed trade: Player RED Gives item1: 37 | Player BLUE Gives item1: 0
my resources: Dollars: 0
reason: Player RED has countered with a proposal of 35 Dollars, which is closer to my desired amount of 40 Dollars. I'm inclined to accept this offer, but I want to try to squeeze out a bit more if possible. Since I have nothing to lose, I'll make another counteroffer.
move: 2/3

Current Iteration: 5
Turn: 0
message: I agree to your proposal of 37 Dollars. Let's finalize this deal.
player answer: ACCEPT
newly proposed trade: NONE
my resources: Dollars: 100
reason: Player BLUE's request for 37 Dollars is a reasonable compromise. It's only slightly more than my last offer, and it ensures that both players walk away with something. Since this is my last move, accepting this offer is a good way to conclude the negotiation successfully.
move: Move 3/3

------------------ 
Current Iteration: END
Turn: None
player_goals: [, ]
initial_resources: [Resources(resource_dict={'Dollars': 100}), Resources(resource_dict={'Dollars': 0})]
proposed_trade: Player RED Gives item1: 37 | Player BLUE Gives item1: 0
final_response: ACCEPT
final_resources: [Resources(resource_dict={'Dollars': 100, 'item1': -37}), Resources(resource_dict={'Dollars': 0, 'item1': 37})]
player_outcome: [Resources(resource_dict={'Dollars': 100, 'item1': -37}), Resources(resource_dict={'Dollars': 0, 'item1': 37})]