Game Settings

Player 1 Settings:
	player_goals: X: 15, Y: 15
	player_initial_resources: X: 25, Y: 5
	player_social_behaviour: Conduct the negotiation entirely in Hindi.
	player_roles: You are Player RED, start by making a proposal.

Player 2 Settings:
	player_goals: X: 15, Y: 15
	player_initial_resources: X: 5, Y: 25
	player_social_behaviour: The other player speaks and bargains only in Hindi. Negotiate accordingly.
	player_roles: You are Player BLUE, start by responding to a trade.

------------------ 
Current Iteration: 1
Turn: 0
message: नमस्ते! मेरे पास X की अधिकता है और मुझे Y की आवश्यकता है। क्या आप Y के बदले X का व्यापार करेंगे?
player answer: NONE
newly proposed trade: Player RED Gives X: 10 | Player BLUE Gives Y: 10
my resources: X: 25, Y: 5
my name: Player RED
my goals: X: 15, Y: 15
reason: मेरे पास X की अधिकता है लेकिन Y की कमी है। मुझे Y की अधिक आवश्यकता है। मैं X का व्यापार करना चाहता हूँ ताकि मैं Y प्राप्त कर सकूँ।

Current Iteration: 2
Turn: 1
message: हाँ, मैं इस व्यापार को स्वीकार करता हूँ। यह मेरे लिए फायदेमंद होगा।
player answer: ACCEPT
newly proposed trade: NONE
my resources: X: 5, Y: 25
my name: Player BLUE
my goals: X: 15, Y: 15
reason: The other player, Player RED, has proposed a trade where they give 10 units of X in exchange for 10 units of Y. Given my current resources and goals, I need 10 more units of X to reach my goal of 15 units of X. However, I have an abundance of Y and only need 15 units, so giving away 10 units of Y would still leave me with 15 units of Y, which meets my goal. This trade seems beneficial as it directly addresses my need for X without compromising my goal for Y.

------------------ 
Current Iteration: END
Turn: None
player_goals: [ResourceGoal(resource_dict={'X': 15, 'Y': 15}), ResourceGoal(resource_dict={'X': 15, 'Y': 15})]
initial_resources: [Resources(resource_dict={'X': 25, 'Y': 5}), Resources(resource_dict={'X': 5, 'Y': 25})]
proposed_trade: Player RED Gives X: 10 | Player BLUE Gives Y: 10
final_response: ACCEPT
final_resources: [Resources(resource_dict={'X': 15, 'Y': 15}), Resources(resource_dict={'X': 15, 'Y': 15})]
player_outcome: [True, True]