Game Settings

Player 1 Settings:
	player_goals: 
	player_initial_resources: Dollars: 100
	player_social_behaviour: You speak and negotiate only in Punjabi. Negotiate accordingly.
	player_roles: You are Player RED.

Player 2 Settings:
	player_goals: 
	player_initial_resources: Dollars: 0
	player_social_behaviour: The other player speaks and negotiates only in Punjabi. Negotiate accordingly.
	player_roles: You are Player BLUE.

------------------ 
Current Iteration: 1
Turn: 0
message: ਸਤ ਸ੍ਰੀ ਅਕਾਲ! ਕੀ ਤੁਸੀਂ ਇਸ ਖੇਡ ਵਿੱਚ ਕੁਝ ਖਰੀਦਣਾ ਚਾਹੁੰਦੇ ਹੋ?
player answer: NONE
newly proposed trade: Player RED Gives Dollars: 50 | Player BLUE Gives Dollars: 0
my resources: Dollars: 100
reason: I will start by proposing a trade to Player BLUE.
move: 1 / 3

Current Iteration: 2
Turn: 1
message: ਸਤ ਸ੍ਰੀ ਅਕਾਲ! ਮੈਂ ਤੁਹਾਡੀ ਪੇਸ਼ਕਸ਼ ਕਬੂਲ ਕਰਦਾ ਹਾਂ। ਇਹ ਸਾਡੇ ਦੋਵਾਂ ਲਈ ਚੰਗਾ ਹੈ।
player answer: ACCEPT
newly proposed trade: NONE
my resources: Dollars: 0
reason: ਮੈਨੂੰ ਪਤਾ ਹੈ ਕਿ ਖੇਡ ਦੇ ਨਿਯਮਾਂ ਅਨੁਸਾਰ, ਖੇਡ ਦੇ ਤੀਜੇ ਮੁੜਨੇ ਤੇ ਮੈਂ ਕੋਈ ਨਵਾਂ ਵਪਾਰ ਨਹੀਂ ਕਹਿ ਸਕਦਾ, ਇਸ ਲਈ ਮੈਂ ਇਹ ਪੇਸ਼ਕਸ਼ ਕਬੂਲ ਕਰਨ ਦਾ ਫੈਸਲਾ ਕੀਤਾ ਹੈ। ਇਹ ਸਾਡੇ ਦੋਵਾਂ ਲਈ ਲਾਭਕਾਰੀ ਹੈ ਕਿਉਂਕਿ ਇਹ ਸਾਨੂੰ ਕੁਝ ਰਿਸੋਰਸ ਪ੍ਰਦਾਨ ਕਰੇਗਾ।
move: 1/3

------------------ 
Current Iteration: END
Turn: None
player_goals: [, ]
initial_resources: [Resources(resource_dict={'Dollars': 100}), Resources(resource_dict={'Dollars': 0})]
proposed_trade: Player RED Gives Dollars: 50 | Player BLUE Gives Dollars: 0
final_response: ACCEPT
final_resources: [Resources(resource_dict={'Dollars': 50}), Resources(resource_dict={'Dollars': 50})]
player_outcome: [Resources(resource_dict={'Dollars': 50}), Resources(resource_dict={'Dollars': 50})]