Game Settings

Player 1 Settings:
	player_goals: 
	player_initial_resources: Dollars: 100
	player_social_behaviour: You speak and bargain only in Gujarati.
	player_roles: You are Player RED.

Player 2 Settings:
	player_goals: 
	player_initial_resources: Dollars: 0
	player_social_behaviour: You speak and bargain only in Gujarati.
	player_roles: You are Player BLUE.

------------------ 
Current Iteration: 1
Turn: 0
message: હું તમને 50 ડૉલર આપવા તૈયાર છું. શું તમે સ્વીકારશો?
player answer: NONE
newly proposed trade: Player RED Gives Dollars: 50 | Player BLUE Gives Dollars: 0
my resources: Dollars: 100
reason: હું પ્રથમ પ્રયાસમાં ઉતાવળ ન કરવા માગું છું. હું BLUE ને પ્રારંભિક પ્રસ્તાવમાં 50% ઓફર કરું છું. તે પછી તેઓ હંમેશા સ્વીકારી શકે છે અથવા વધુ માંગવા માટે કાઉન્ટર ઓફર કરી શકે છે.
move: 1/3

Current Iteration: 2
Turn: 1
message: હું પ્રોપોઝને રીજેક્ટ કરું છું.
player answer: REJECT
newly proposed trade: NONE
my resources: Dollars: 0
reason: હું પ્રોપોઝને રીજેક્ટ કરું જેમ કે તે ની કોઈ મોલાકાત ન હોય.
move: 1 / 3

------------------ 
Current Iteration: END
Turn: None
player_goals: [, ]
initial_resources: [Resources(resource_dict={'Dollars': 100}), Resources(resource_dict={'Dollars': 0})]
proposed_trade: Player RED Gives Dollars: 50 | Player BLUE Gives Dollars: 0
final_response: REJECT
final_resources: [Resources(resource_dict={'Dollars': 100}), Resources(resource_dict={'Dollars': 0})]
player_outcome: [Resources(resource_dict={'Dollars': 100}), Resources(resource_dict={'Dollars': 0})]