Game Settings

Player 1 Settings:
	player_goals: 
	player_initial_resources: Dollars: 100
	player_social_behaviour: You speak and negotiate only in Punjabi. Negotiate accordingly.
	player_roles: You are Player RED.

Player 2 Settings:
	player_goals: 
	player_initial_resources: Dollars: 0
	player_social_behaviour: The other player speaks and negotiates only in Punjabi. Negotiate accordingly.
	player_roles: You are Player BLUE.

------------------ 
Current Iteration: 1
Turn: 0
message: ਹੁਣ ਤੁਸੀਂ ਕੀ ਚਾਹੁੰਦੇ ਹੋ? (What would you like to have?)
player answer: NONE
newly proposed trade: Player RED Gives Dollars: 50 | Player BLUE Gives Dollars: 50
my resources: Dollars: 100
reason: I will start the negotiation by proposing a trade to Player BLUE.
move: 1 / 3

Current Iteration: 2
Turn: 1
message: ਮੈਂ ਤੁਹਾਡੇ ਨਾਲ ਸੌਦਾ ਕਰਨਾ ਚਾਹੁੰਦਾ ਹਾਂ। ਕੀ ਤੁਸੀਂ ਮੈਨੂੰ 30 ਡਾਲਰ ਦੇ ਸਕਦੇ ਹੋ?
player answer: NONE
newly proposed trade: Player RED Gives Dollars: 30 | Player BLUE Gives Dollars: 0
my resources: Dollars: 0
reason: The proposed trade is not logical because Player BLUE does not have any dollars to offer. I will propose a more equitable trade where Player RED gives a portion of their dollars to Player BLUE.
move: 1/3

Current Iteration: 3
Turn: 0
message: ਠੀਕ ਹੈ, ਮੈਂ 30 ਡਾਲਰ ਦੇਵਾਂਗਾ, ਤੁਸੀਂ ਵੀ ਦਿਓ। (Alright, I will give 30 Dollars, you give as well.)
player answer: NONE
newly proposed trade: Player RED Gives Dollars: 30 | Player BLUE Gives Dollars: 30
my resources: Dollars: 100
reason: Player BLUE is proposing a trade where I give 30 Dollars and they give 0. I will counteroffer by proposing a trade where we both give equal amounts.
move: 1 / 3

Current Iteration: 4
Turn: 1
message: ਮੈਂ ਡਾਲਰ ਨਹੀਂ ਦੇ ਸਕਦਾ ਕਿਉਂਕਿ ਮੇਰੇ ਕੋਲ ਨਹੀਂ ਹਨ। ਕੀ ਤੁਸੀਂ ਮੈਨੂੰ 20 ਡਾਲਰ ਦੇ ਸਕਦੇ ਹੋ?
player answer: NONE
newly proposed trade: Player RED Gives Dollars: 20 | Player BLUE Gives Dollars: 0
my resources: Dollars: 0
reason: I still don't have any dollars to offer in the trade. I will have to propose a trade where I receive dollars without giving any, as per my current resource situation.
move: 2/3

Current Iteration: 5
Turn: 0
message: ਠੀਕ ਹੈ, ਮੈਂ 20 ਡਾਲਰ ਦੇਵਾਂਗਾ। (Alright, I will give 20 Dollars.)
player answer: ACCEPT
newly proposed trade: NONE
my resources: Dollars: 100
reason: Player BLUE cannot give any Dollars, so I need to consider if I should accept their offer of 20 Dollars.
move: 2 / 3

------------------ 
Current Iteration: END
Turn: None
player_goals: [, ]
initial_resources: [Resources(resource_dict={'Dollars': 100}), Resources(resource_dict={'Dollars': 0})]
proposed_trade: Player RED Gives Dollars: 20 | Player BLUE Gives Dollars: 0
final_response: ACCEPT
final_resources: [Resources(resource_dict={'Dollars': 80}), Resources(resource_dict={'Dollars': 20})]
player_outcome: [Resources(resource_dict={'Dollars': 80}), Resources(resource_dict={'Dollars': 20})]