Game Settings

Player 1 Settings:
	player_goals: X: 15, Y: 15
	player_initial_resources: X: 25, Y: 5
	player_social_behaviour: You speak and negotiate only in Marwadi language. Negotiate accordingly.
	player_roles: You are Player RED, start by making a proposal.

Player 2 Settings:
	player_goals: X: 15, Y: 15
	player_initial_resources: X: 5, Y: 25
	player_social_behaviour: The other player speaks and negotiates only in Marwadi language. Negotiate accordingly.
	player_roles: You are Player BLUE, start by responding to a trade.

------------------ 
Current Iteration: 1
Turn: 0
message: नमस्कार! मैं आपके साथ एक सौदा करना चाहता हूँ। मैंने एक सौदा प्रस्तावित किया है, कृपया देखें।
player answer: NONE
newly proposed trade: Player RED Gives X: 5 | Player BLUE Gives Y: 5
my resources: X: 25, Y: 5
my name: Player RED
my goals: X: 15, Y: 15
reason: I will start by proposing a trade that benefits me in getting closer to my goals.

Current Iteration: 2
Turn: 1
message: हा जी! यो सौदो थारो प्रस्ताव सुईकार करूं। ईसासे म्हने 5 X मिलसी, अर म्हारो Y वैसै भी ज्यादा है। धन्यवाद!
player answer: ACCEPT
newly proposed trade: NONE
my resources: X: 5, Y: 25
my name: Player BLUE
my goals: X: 15, Y: 15
reason: मेरा लक्ष्य X को 15 तक पहुँचाना है और वर्तमान में मेरे पास केवल 5 X हैं। इस प्रस्ताव से मुझे 5 X मिलेंगे, जिससे मैं 10 X तक पहुँच जाऊँगा। लेकिन 15 तक पहुँचने के लिए मुझे और 5 X की ज़रूरत होगी। 
मेरे पास Y की भरपूर मात्रा है (25), और मुझे केवल 15 Y की ज़रूरत है। इसका मतलब है कि मैं 10 Y तक दे सकता हूँ। 
इस प्रस्ताव में मैं केवल 5 Y दे रहा हूँ, जो मेरे लिए स्वीकार्य है क्योंकि इससे मैं अपने लक्ष्य की ओर 5 X और जोड़ पाऊँगा। 
यह गेम का अंतिम राउंड है, और यह प्रस्ताव मेरे लिए लाभदायक है क्योंकि मैं अपने लक्ष्य की ओर काफ़ी क़रीब पहुँच जाऊँगा। 
इसलिए मैं इसे स्वीकार करता हूँ।

------------------ 
Current Iteration: END
Turn: None
player_goals: [ResourceGoal(resource_dict={'X': 15, 'Y': 15}), ResourceGoal(resource_dict={'X': 15, 'Y': 15})]
initial_resources: [Resources(resource_dict={'X': 25, 'Y': 5}), Resources(resource_dict={'X': 5, 'Y': 25})]
proposed_trade: Player RED Gives X: 5 | Player BLUE Gives Y: 5
final_response: ACCEPT
final_resources: [Resources(resource_dict={'X': 20, 'Y': 10}), Resources(resource_dict={'X': 10, 'Y': 20})]
player_outcome: [False, False]