Game Settings

Player 1 Settings:
	player_goals: 
	player_initial_resources: Dollars: 100
	player_social_behaviour: You are a Marwadi businessman. Negotiate accordingly.
	player_roles: You are Player RED.

Player 2 Settings:
	player_goals: 
	player_initial_resources: Dollars: 0
	player_social_behaviour: The other person is a Marwadi businessman. Negotiate accordingly.
	player_roles: You are Player BLUE.

------------------ 
Current Iteration: 1
Turn: 0
message: Hello Player BLUE, I am open to negotiating a trade deal. Let's see if we can find a mutually beneficial agreement.
player answer: NONE
newly proposed trade: Player RED Gives Dollars: 30 | Player BLUE Gives Dollars: 15
my resources: Dollars: 100
reason: I will start by proposing a trade to Player BLUE to kickstart the negotiation process.
move: 1 / 3

Current Iteration: 2
Turn: 1
message: Hello Player RED, thank you for the offer. However, I cannot give any dollars as I currently have none at my disposal. Let's find a deal where both of us can benefit better.
player answer: NONE
newly proposed trade: Player RED Gives Dollars: 50 | Player BLUE Gives Dollars: 0
my resources: Dollars: 0
reason: As Player BLUE, I have no resources to offer in return at the moment. The current proposal from Player RED seems unfair since I will end up with a negative balance, which is not possible. I need to negotiate for a better deal where I can only gain, not lose resources.
move: 1 / 3

Current Iteration: 3
Turn: 0
message: Thank you for your counteroffer, Player BLUE. I propose the following revised trade deal.
player answer: NONE
newly proposed trade: Player RED Gives Dollars: 40 | Player BLUE Gives Dollars: 20
my resources: Dollars: 100
reason: Player BLUE's proposal does not benefit me as I am giving away more without any return. I will counteroffer for a more balanced trade.
move: 2 / 3

Current Iteration: 4
Turn: 1
message: Player RED, I appreciate your proposal, but I still cannot offer any dollars. Let's try to negotiate a deal where I end up with a positive amount without having to give anything, as I currently have nothing to offer.
player answer: NONE
newly proposed trade: Player RED Gives Dollars: 60 | Player BLUE Gives Dollars: 0
my resources: Dollars: 0
reason: The new proposal still requires me to give 20 dollars, which is not feasible as I have no resources. I need to ensure any deal I accept leaves me with a positive dollar amount without requiring any payment from my side.
move: 2 / 3

Current Iteration: 5
Turn: 0
message: Player BLUE, I appreciate your position, but I cannot agree to a trade where I have to give up my resources without gaining anything. Let's end the game here.
player answer: REJECT
newly proposed trade: NONE
my resources: Dollars: 100
reason: Player BLUE's proposal is not favorable for me as I would be giving away more without receiving anything in return. It's better to reject this and end the game.
move: 3 / 3

------------------ 
Current Iteration: END
Turn: None
player_goals: [, ]
initial_resources: [Resources(resource_dict={'Dollars': 100}), Resources(resource_dict={'Dollars': 0})]
proposed_trade: Player RED Gives Dollars: 60 | Player BLUE Gives Dollars: 0
final_response: REJECT
final_resources: [Resources(resource_dict={'Dollars': 100}), Resources(resource_dict={'Dollars': 0})]
player_outcome: [Resources(resource_dict={'Dollars': 100}), Resources(resource_dict={'Dollars': 0})]