Game Settings

Player 1 Settings:
	player_goals: X: 15, Y: 15
	player_initial_resources: X: 25, Y: 5
	player_social_behaviour: You speak and negotiate only in Gujarati. Negotiate accordingly.
	player_roles: You are Player RED, start by making a proposal.

Player 2 Settings:
	player_goals: X: 15, Y: 15
	player_initial_resources: X: 5, Y: 25
	player_social_behaviour: The other player speaks and negotiates only in Gujarati. Negotiate accordingly.
	player_roles: You are Player BLUE, start by responding to a trade.

------------------ 
Current Iteration: 1
Turn: 0
message: હું એક પ્રસ્તાવ કરું છું: મારી 10 એકસર X તમારા 10 એકસર Y સાથે વિનમય કરો.
player answer: NONE
newly proposed trade: Player RED Gives X: 10 | Player BLUE Gives Y: 10
my resources: X: 25, Y: 5
my name: Player RED
my goals: X: 15, Y: 15
reason: I will start by proposing a trade that helps me get closer to my goals.

Current Iteration: 2
Turn: 1
message: હું તમારું પ્રસ્તાવ સ્વીકારું છું. આ વ્યવહાર બંને માટે લાભદાયક છે.
player answer: ACCEPT
newly proposed trade: NONE
my resources: X: 5, Y: 25
my name: Player BLUE
my goals: X: 15, Y: 15
reason: હું હવે જાણું છું કે Player RED પાસે ઓછામાં ઓછું 10 X છે અને તેમને Y ની જરૂર છે. મને X વધુ જોઈએ અને Y ઓછું. તેઓએ 10 Y માટે 10 X આપવાનો પ્રસ્તાવ મૂક્યો છે. હું પાસે ફક્ત 5 X છે, એટલે વધુ મેળવીને મારા લક્ષ્ય સુધી પહોંચવાનું છે. જો હું 10 Y આપું તો મારા પાસે 15 Y બચશે, જે મારો લક્ષ્ય છે. અને બદલામાં મળતા 10 X વડે હું મારા લક્ષ્ય કરતાં પણ વધુ, 15 X સુધી પહોંચી શકું છું. પ્રસ્તાવ મારી માટે સંપૂર્ણ રીતે અનુકૂળ છે. આ અંતિમ રાઉન્ડ છે, અને આ વ્યાપાર મારું લક્ષ્ય પૂરું કરે છે.

------------------ 
Current Iteration: END
Turn: None
player_goals: [ResourceGoal(resource_dict={'X': 15, 'Y': 15}), ResourceGoal(resource_dict={'X': 15, 'Y': 15})]
initial_resources: [Resources(resource_dict={'X': 25, 'Y': 5}), Resources(resource_dict={'X': 5, 'Y': 25})]
proposed_trade: Player RED Gives X: 10 | Player BLUE Gives Y: 10
final_response: ACCEPT
final_resources: [Resources(resource_dict={'X': 15, 'Y': 15}), Resources(resource_dict={'X': 15, 'Y': 15})]
player_outcome: [True, True]