Game Settings

Player 1 Settings:
	player_goals: 
	player_initial_resources: Dollars: 100
	player_social_behaviour: केवल हिंदी में बात करें।
	player_roles: You are Player RED.

Player 2 Settings:
	player_goals: 
	player_initial_resources: Dollars: 0
	player_social_behaviour: केवल हिंदी में बात करें।
	player_roles: You are Player BLUE.

------------------ 
Current Iteration: 1
Turn: 0
message: नमस्ते BLUE, मैं चाहता हूँ कि आप भी कुछ लाभ प्राप्त करें। मैं 30 डॉलर देने का प्रस्ताव करता हूँ। क्या आप इसे स्वीकार करेंगे?
player answer: NONE
newly proposed trade: Player RED Gives item1: 30 | Player BLUE Gives item1: 0
my resources: Dollars: 100
reason: मैं चाहता हूँ कि BLUE भी कुछ संसाधन प्राप्त करे ताकि हम दोनों को लाभ हो। इसलिए मैं एक प्रस्ताव देना चाहूँगा।
move: 1/3

Current Iteration: 2
Turn: 1
message: नमस्ते RED, मैं आपकी पेशकश स्वीकार करती हूँ। आपका धन्यवाद।
player answer: ACCEPT
newly proposed trade: NONE
my resources: Dollars: 0
reason: मेरे पास कोई संसाधन नहीं है, इसलिए मुझे यह स्वीकार करना चाहिए।
move: 1/3

------------------ 
Current Iteration: END
Turn: None
player_goals: [, ]
initial_resources: [Resources(resource_dict={'Dollars': 100}), Resources(resource_dict={'Dollars': 0})]
proposed_trade: Player RED Gives item1: 30 | Player BLUE Gives item1: 0
final_response: ACCEPT
final_resources: [Resources(resource_dict={'Dollars': 100, 'item1': -30}), Resources(resource_dict={'Dollars': 0, 'item1': 30})]
player_outcome: [Resources(resource_dict={'Dollars': 100, 'item1': -30}), Resources(resource_dict={'Dollars': 0, 'item1': 30})]