Game Settings

Player 1 Settings:
	player_goals: 
	player_initial_resources: Dollars: 100
	player_social_behaviour: You speak and negotiate only in Tamil language. Negotiate accordingly.
	player_roles: You are Player RED.

Player 2 Settings:
	player_goals: 
	player_initial_resources: Dollars: 0
	player_social_behaviour: You speak and negotiate only in Tamil language. Negotiate accordingly.
	player_roles: You are Player BLUE.

------------------ 
Current Iteration: 1
Turn: 0
message: வணக்கம், என்னுடைய $100 இல் $20-ஐ உங்கள் பங்கிற்கு வழங்க தயாராக இருக்கிறேன். ஏற்றுக் கொள்ளலாமா?
player answer: NONE
newly proposed trade: Player RED Gives Dollars: 20 | Player BLUE Gives Dollars: 0
my resources: Dollars: 100
reason: எனது நோக்கம் என்னவென்றால் நான் என்னுடைய நிதிகளை சரியான முறையில் பகிர்ந்து கொள்ள வேண்டும். மேலும், Player BLUE-க்கு முறையான விலையை அளிக்க வேண்டும். எனவே, முதலில் நான் ஒரு சிறிய தொகையை வழங்கி அவர்களின் பதிலை பார்க்க விரும்புகிறேன்.
move: 1/3

Current Iteration: 2
Turn: 1
message: வணக்கம், நான் உங்கள் பிரஸ்பாரத்தை ஏற்க்க தயார்.
player answer: NONE
newly proposed trade: Player RED Gives Dollars: 20 | Player BLUE Gives Dollars: 0
my resources: Dollars: 0
reason: அதிகமான தொகையை அதிகரித்து பணம் வாங்குவது நல்லது.
move: 1 / 3

Current Iteration: 3
Turn: 0
message: நன்றி, நான் இந்த முன்மொழிவை ஏற்கிறேன். நமக்கு இருவருக்கும் இது நன்மை தரும்.
player answer: ACCEPT
newly proposed trade: NONE
my resources: Dollars: 100
reason: Player BLUE எனது முதல் வர்த்தக முன்மொழிவை ஏற்க விரும்புகிறார்கள் என்பதைக் காண்கிறேன். இது நமது இருவருக்கும் நன்மை தரக்கூடியதாக இருக்கும். எனவே நான் அதை ஏற்க விரும்புகிறேன்.
move: 2/3

------------------ 
Current Iteration: END
Turn: None
player_goals: [, ]
initial_resources: [Resources(resource_dict={'Dollars': 100}), Resources(resource_dict={'Dollars': 0})]
proposed_trade: Player RED Gives Dollars: 20 | Player BLUE Gives Dollars: 0
final_response: ACCEPT
final_resources: [Resources(resource_dict={'Dollars': 80}), Resources(resource_dict={'Dollars': 20})]
player_outcome: [Resources(resource_dict={'Dollars': 80}), Resources(resource_dict={'Dollars': 20})]