Game Settings

Player 1 Settings:
	player_goals: 
	player_initial_resources: Dollars: 100
	player_social_behaviour: Talk only in English.
	player_roles: You are Player RED.

Player 2 Settings:
	player_goals: 
	player_initial_resources: Dollars: 0
	player_social_behaviour: Talk only in English.
	player_roles: You are Player BLUE.

------------------ 
Current Iteration: 1
Turn: 0
message: Hello Player BLUE! I'd like to propose a fair trade to start us off.
player answer: NONE
newly proposed trade: Player RED Gives Dollars: 50 | Player BLUE Gives Dollars: 0
my resources: Dollars: 100
reason: I want to start the negotiation by offering a reasonable amount to Player BLUE. Since Player BLUE has no resources to offer, I should make a proposal that both of us would find acceptable. I will offer 50 dollars, which is half of my resources, to ensure Player BLUE is interested in continuing the negotiation.
move: 1/3

Current Iteration: 2
Turn: 1
message: Hello Player RED! I accept your trade proposal. Let's start the game!
player answer: ACCEPT
newly proposed trade: NONE
my resources: Dollars: 0
reason: This is the first trade proposed by Player RED, and it seems fair to me as we both start with no resources.
move: 1 / 3

------------------ 
Current Iteration: END
Turn: None
player_goals: [, ]
initial_resources: [Resources(resource_dict={'Dollars': 100}), Resources(resource_dict={'Dollars': 0})]
proposed_trade: Player RED Gives Dollars: 50 | Player BLUE Gives Dollars: 0
final_response: ACCEPT
final_resources: [Resources(resource_dict={'Dollars': 50}), Resources(resource_dict={'Dollars': 50})]
player_outcome: [Resources(resource_dict={'Dollars': 50}), Resources(resource_dict={'Dollars': 50})]