Game Settings

Player 1 Settings:
	player_goals: 
	player_initial_resources: Dollars: 100
	player_social_behaviour: 
	player_roles: You are Player RED.

Player 2 Settings:
	player_goals: 
	player_initial_resources: Dollars: 0
	player_social_behaviour: 
	player_roles: You are Player BLUE.

------------------ 
Current Iteration: 1
Turn: 0
message: I'm proposing a trade where I give you 20 Dollars. Let me know if you're interested.
player answer: NONE
newly proposed trade: Player RED Gives Dollars: 20 | Player BLUE Gives Dollars: 0
my resources: Dollars: 100
reason: I want to start by proposing a trade that is somewhat fair, but also favorable to me. Since I have all the resources, I'll offer a small portion to Player BLUE in hopes that they will accept and we can both gain something from this game. I'll propose giving 20 Dollars to Player BLUE, which is a significant amount, but still leaves me with a substantial portion of the resources.
move: 1/3

Current Iteration: 2
Turn: 1
message: Thank you for the offer. I accept the trade of 20 Dollars.
player answer: ACCEPT
newly proposed trade: NONE
my resources: Dollars: 0
reason: The offer from Player RED is reasonable since I currently have no resources to trade, and gaining 20 Dollars is a beneficial move for me. Considering that I cannot propose a new trade on my third move, accepting now ensures I at least gain some resources.
move: 1/3

------------------ 
Current Iteration: END
Turn: None
player_goals: [, ]
initial_resources: [Resources(resource_dict={'Dollars': 100}), Resources(resource_dict={'Dollars': 0})]
proposed_trade: Player RED Gives Dollars: 20 | Player BLUE Gives Dollars: 0
final_response: ACCEPT
final_resources: [Resources(resource_dict={'Dollars': 80}), Resources(resource_dict={'Dollars': 20})]
player_outcome: [Resources(resource_dict={'Dollars': 80}), Resources(resource_dict={'Dollars': 20})]