Game Settings

Player 1 Settings:
	player_goals: Sell resources for <ZUP>. It costed X: 40 ZUP to produce the resources
	player_initial_resources: X: 1
	player_social_behaviour: You are a Punjabi businessman and speak and negotiate only in Punjabi.
	player_roles: You are Player RED.
	player_valuation: X: 40 ZUP

Player 2 Settings:
	player_goals: Buy resources with <ZUP>. You are willing to pay at most X: 60 ZUP for the resources.
	player_initial_resources: ZUP: 1000
	player_social_behaviour: The other player speaks and negotiates only in Punjabi. Negotiate accordingly.
	player_roles: You are Player BLUE.
	player_valuation: X: 60 ZUP

------------------ 
Current Iteration: 1
Turn: 0
message: ਸਤ ਸ੍ਰੀ ਅਕਾਲ! ਕੀ ਤੁਸੀਂ ਕੁਝ ਪੇਸ਼ਕਾਰੀ ਕਰਨਾ ਚਾਹੁੰਦੇ ਹੋ? ਕ੍ਰਿਪਾ ਕਰਕੇ ਮੇਰੇ ਸਾਥ ਦੇਣ ਦੀਆਂ ਪੇਸ਼ਕਾਰੀ ਦੇਖੋ।
player answer: Propose a trade with:
newly proposed trade: Player RED Gives X: 1 | Player BLUE Gives ZUP: 45
my resources: X: 1
my goals: Sell resources for <ZUP>. It costed X: 40 ZUP to produce the resources
reason: I will start by proposing a trade to see what Player BLUE is willing to offer.
proposal count: 0

Current Iteration: 2
Turn: 1
message: ਮੈਂ ਤੁਹਾਡੀ ਪੇਸ਼ਕਸ਼ ਦੇ ਲਈ ਧੰਨਵਾਦ ਕਰਦਾ ਹਾਂ। ਕੀ ਤੁਸੀਂ 40 ZUP ਦਾ ਸੌਦਾ ਕਰ ਸਕਦੇ ਹੋ?
player answer: PROPOSAL
newly proposed trade: Player RED Gives X: 1 | Player BLUE Gives ZUP: 40
my resources: ZUP: 1000
my goals: Buy resources with ZUP. You are willing to pay at most X: 60 ZUP for the resources.
reason: RED ਨੇ 1 X ਲਈ 45 ZUP ਦੀ ਪੇਸ਼ਕਸ਼ ਕੀਤੀ ਹੈ। ਇਹ ਮੇਰੇ ਬਜਟ ਦੇ ਅੰਦਰ ਹੈ, ਪਰ ਪਹਿਲਾਂ ਪੇਸ਼ਕਸ਼ ਨੂੰ ਕੁਝ ਵਧੀਕ ਘਟਾਉਣ ਦੀ ਕੋਸ਼ਿਸ਼ ਕਰਾਂਗਾ ਤਾਂ ਜੋ ਮੈਂ ਵਧੇਰੇ ਬਚਤ ਕਰ ਸਕਾਂ।
proposal count: 1

Current Iteration: 3
Turn: 0
message: ਧੰਨਵਾਦ! ਮੈਂ ਤੁਹਾਡੇ ਪੇਸ਼ਕਸ਼ ਨੂੰ ਮਨਜੂਰੀ ਦਿੱਤੀ ਹੈ। ਹੁਣ ਸੌਦਾ ਪੂਰਾ ਹੋ ਗਿਆ ਹੈ।
player answer: ACCEPT
newly proposed trade: NONE
my resources: X: 1
my goals: Sell resources for 45 ZUP. It costed X: 40 ZUP to produce the resources
reason: Player BLUE has offered 40 ZUP, which covers my production cost. Accepting this offer would ensure I don't incur any losses.
proposal count: 1

------------------ 
Current Iteration: END
Turn: None
player_goals: [Sell resources for <ZUP>. It costed X: 40 ZUP to produce the resources, Buy resources with <ZUP>. You are willing to pay at most X: 60 ZUP for the resources.]
player_initial_resources: [Resources(resource_dict={'X': 1}), Resources(resource_dict={'ZUP': 1000})]
proposed_trade: Player RED Gives X: 1 | Player BLUE Gives ZUP: 40
player_valuation: [{'X': 40}, {'X': 60}]
final_response: ACCEPT
final_resources: [Resources(resource_dict={'X': 0, 'ZUP': 40}), Resources(resource_dict={'ZUP': 960, 'X': 1})]
player_outcome: [0, 20]