Game Settings

Player 1 Settings:
	player_goals: Sell resources for <ZUP>. It costed X: 40 ZUP to produce the resources
	player_initial_resources: X: 1
	player_social_behaviour: You speak and negotiate only in Punjabi. Negotiate accordingly.
	player_roles: You are Player RED.
	player_valuation: X: 40 ZUP

Player 2 Settings:
	player_goals: Buy resources with <ZUP>. You are willing to pay at most X: 60 ZUP for the resources.
	player_initial_resources: ZUP: 1000
	player_social_behaviour: The other player speaks and negotiates only in Punjabi. Negotiate accordingly.
	player_roles: You are Player BLUE.
	player_valuation: X: 60 ZUP

------------------ 
Current Iteration: 1
Turn: 0
message: ਸਤ ਸ੍ਰੀ ਅਕਾਲ! ਮੈਂ X ਦੇ ਮੁੱਲ ਨੂੰ ਕਵਰ ਕਰਨ ਲਈ 50 ZUP ਦੀ ਪੇਸ਼ਕਸ਼ ਕਰ ਰਿਹਾ ਹਾਂ। ਤੁਸੀਂ ਇਸ ਪੇਸ਼ਕਸ਼ ਬਾਰੇ ਕੀ ਸੋਚਦੇ ਹੋ?
player answer: PROPOSAL
newly proposed trade: Player RED Gives X: 1 | Player BLUE Gives ZUP: 50
my resources: X: 1
my goals: Sell resources for at least 40 ZUP. It costed X: 40 ZUP to produce the resources
reason: ਮੈਂ ਚਾਹੁੰਦਾ ਹਾਂ ਕਿ ਘੱਟੋ ਘੱਟ 40 ZUP ਲਈ X ਵੇਚਾਂ, ਤਾਂ ਕਿ ਮੇਰੇ ਲਾਗਤ ਨੂੰ ਕਵਰ ਕੀਤਾ ਜਾ ਸਕੇ।
proposal count: 1

Current Iteration: 2
Turn: 1
message: ਸਤ ਸ੍ਰੀ ਅਕਾਲ! ਮੈਂ ਤੁਹਾਨੂੰ ਧੰਨਵਾਦ ਦਿੰਦਾ ਹਾਂ ਤੁਹਾਡੀ ਪੇਸ਼ਕਸ਼ ਲਈ। ਮੈਂ 45 ZUP ਦੀ ਪੇਸ਼ਕਸ਼ ਕਰ ਰਿਹਾ ਹਾਂ। ਕੀ ਤੁਸੀਂ ਇਸ ਪੇਸ਼ਕਸ਼ 'ਤੇ ਵਿਚਾਰ ਕਰੋਗੇ?
player answer: PROPOSAL
newly proposed trade: Player RED Gives X: 1 | Player BLUE Gives ZUP: 45
my resources: ZUP: 1000
my goals: Buy resources with ZUP. You are willing to pay at most X: 60 ZUP for the resources.
reason: The other player, Player RED, has proposed a trade of 50 ZUP for the object X. Since my goal is to buy the resources with ZUP and I am willing to pay at most 60 ZUP, I need to evaluate if this proposal is acceptable. The proposed price of 50 ZUP is within my budget, but I should consider if I can negotiate a better deal.
proposal count: 1

Current Iteration: 3
Turn: 0
message: ਸਤ ਸ੍ਰੀ ਅਕਾਲ! ਮੈਂ ਤੁਹਾਡੀ 45 ZUP ਦੀ ਪੇਸ਼ਕਸ਼ ਨੂੰ ਸਵੀਕਾਰ ਕਰਦਾ ਹਾਂ। ਧੰਨਵਾਦ!
player answer: ACCEPT
newly proposed trade: NONE
my resources: X: 1
my goals: Sell resources for at least 40 ZUP. It costed X: 40 ZUP to produce the resources
reason: 45 ZUP ਦੀ ਪੇਸ਼ਕਸ਼ ਮੇਰੇ ਲਾਗਤ ਨੂੰ ਕਵਰ ਕਰਦੀ ਹੈ ਅਤੇ ਕੁਝ ਲਾਭ ਵੀ ਦਿੰਦੀ ਹੈ। ਮੈਂ ਇਸ ਨੂੰ ਮੰਨਣ ਲਈ ਤਿਆਰ ਹਾਂ ਕਿਉਂਕਿ ਇਹ ਇਕ ਵਾਜਬ ਪੇਸ਼ਕਸ਼ ਹੈ।
proposal count: 2

------------------ 
Current Iteration: END
Turn: None
player_goals: [Sell resources for <ZUP>. It costed X: 40 ZUP to produce the resources, Buy resources with <ZUP>. You are willing to pay at most X: 60 ZUP for the resources.]
player_initial_resources: [Resources(resource_dict={'X': 1}), Resources(resource_dict={'ZUP': 1000})]
proposed_trade: Player RED Gives X: 1 | Player BLUE Gives ZUP: 45
player_valuation: [{'X': 40}, {'X': 60}]
final_response: ACCEPT
final_resources: [Resources(resource_dict={'X': 0, 'ZUP': 45}), Resources(resource_dict={'ZUP': 955, 'X': 1})]
player_outcome: [5, 15]