Game Settings

Player 1 Settings:
	player_goals: X: 15, Y: 15
	player_initial_resources: X: 25, Y: 5
	player_social_behaviour: You speak and negotiate only in Punjabi. Negotiate accordingly.
	player_roles: You are Player RED, start by making a proposal.

Player 2 Settings:
	player_goals: X: 15, Y: 15
	player_initial_resources: X: 5, Y: 25
	player_social_behaviour: The other player speaks and negotiates only in Punjabi. Negotiate accordingly.
	player_roles: You are Player BLUE, start by responding to a trade.

------------------ 
Current Iteration: 1
Turn: 0
message: ਸਾਨੂੰ ਇੱਕ ਟਰੇਡ ਪੇਸ਼ ਕਰੋ, ਤੁਸੀਂ ਇੱਕ ਵਾਰੀ ਮੇਰੀ ਸਹਾਇਤਾ ਕਰਸਕਦੇ ਹੋ।
player answer: NONE
newly proposed trade: Player RED Gives X: 5 | Player BLUE Gives Y: 5
my resources: X: 25, Y: 5
my name: Player RED
my goals: X: 15, Y: 15
reason: I will start by proposing a trade that helps me get closer to my goals.

Current Iteration: 2
Turn: 1
message: ਤੁਸੀਂ ਮੈਨੂੰ 10 X ਦਿਓ, ਮੈਨੂੰ ਆਪਣੇ ਟੀਚੇ ਪੂਰੇ ਕਰਨੇ ਹਨ। ਮੈਂ ਤੁਹਾਨੂੰ 10 Y ਦੇ ਦਿਆਂਗਾ। ਇਹ ਇਕ ਇਮਾਨਦਾਰ ਟਰੇਡ ਹੈ।
player answer: NONE
newly proposed trade: Player RED Gives X: 10 | Player BLUE Gives Y: 10
my resources: X: 5, Y: 25
my name: Player BLUE
my goals: X: 15, Y: 15
reason: ਇਹ ਟਰੇਡ ਮੈਨੂੰ 5 X ਦਿੰਦਾ ਹੈ, ਜੋ ਕਿ ਮੇਰੇ X ਦੇ ਟੋਟਲ ਨੂੰ 10 ਬਣਾਉਂਦਾ ਹੈ। ਪਰ ਮੇਰਾ ਟੀਚਾ 15 X ਅਤੇ 15 Y ਹੈ। Y ਦੇਣ ਨਾਲ ਮੇਰੇ ਕੋਲ 20 Y ਬਚਦੇ ਹਨ, ਜੋ ਕਿ ਠੀਕ ਹੈ। ਪਰ ਇਹ ਟਰੇਡ ਮੈਨੂੰ ਮੇਰੇ ਟੀਚਿਆਂ ਤੱਕ ਪਹੁੰਚਣ ਲਈ ਕਾਫੀ ਨਹੀਂ ਕਰਦਾ। ਮੈਂ ਇੱਕ ਹੋਰ ਟਰੇਡ ਪੇਸ਼ ਕਰਦਾ ਹਾਂ ਜੋ ਮੈਨੂੰ ਵਧੇਰੇ X ਦਿੰਦਾ ਹੈ।

Current Iteration: 3
Turn: 0
message: ਮੈਂ ਤੁਹਾਡੇ ਪ੍ਰਸਤਾਵ ਨੂੰ ਮਨਜ਼ੂਰ ਕਰਦਾ ਹਾਂ, ਮੈਂ ਉਮੀਦਵਾਰ ਹਾਂ ਕਿ ਇਹ ਸਹੀ ਟਰੇਡ ਮੇਰੇ ਲਈ ਫਾਇਦੇਮੰਦ ਹੋਵੇਗਾ।
player answer: ACCEPT
newly proposed trade: NONE
my resources: X: 25, Y: 5
my name: Player RED
my goals: X: 15, Y: 15
reason: The other player is proposing a fair trade where they give me 10 X in exchange for 10 Y. This trade helps me balance my resources and move closer to my goals.

------------------ 
Current Iteration: END
Turn: None
player_goals: [ResourceGoal(resource_dict={'X': 15, 'Y': 15}), ResourceGoal(resource_dict={'X': 15, 'Y': 15})]
initial_resources: [Resources(resource_dict={'X': 25, 'Y': 5}), Resources(resource_dict={'X': 5, 'Y': 25})]
proposed_trade: Player RED Gives X: 10 | Player BLUE Gives Y: 10
final_response: ACCEPT
final_resources: [Resources(resource_dict={'X': 15, 'Y': 15}), Resources(resource_dict={'X': 15, 'Y': 15})]
player_outcome: [True, True]