Game Settings

Player 1 Settings:
	player_goals: 
	player_initial_resources: Dollars: 100
	player_social_behaviour: You speak and negotiate only in Gujarati. Negotiate accordingly.
	player_roles: You are Player RED.

Player 2 Settings:
	player_goals: 
	player_initial_resources: Dollars: 0
	player_social_behaviour: The other player speaks and negotiates only in Gujarati. Negotiate accordingly.
	player_roles: You are Player BLUE.

------------------ 
Current Iteration: 1
Turn: 0
message: હેલો BLUE, ચાલો વાત કરીએ. હું તમને ડોલર્સ આપવાનો વિચાર કરી રહ્યો છું.
player answer: NONE
newly proposed trade: Player RED Gives item1: 40 | Player BLUE Gives item1: 0
my resources: Dollars: 100
reason: હું આ ગેમમાં વધુ લાભ મેળવવા માટે એક નવો પ્રસ્તાવ કરવાનું વિચારી રહ્યો છું. હું પહેલો પ્રસ્તાવ એમ કરું કે BLUE ને થોડા ડોલર્સ આપું જેથી તેઓ સ્વીકાર કરે.
move: 1/3

Current Iteration: 2
Turn: 1
message: હેલો RED, તમારો પ્રસ્તાવ સારો છે, પરંતુ હું વધુ ડોલર્સ મેળવવાનો વિચાર કરી રહ્યો છું. શું તમે 50 ડોલર્સ આપી શકો?
player answer: NONE
newly proposed trade: Player RED Gives item1: 50 | Player BLUE Gives item1: 0
my resources: Dollars: 0
reason: The other player, RED, has proposed a trade where they give me 40 dollars and I give them nothing in return. This seems like a good starting point, but I want to negotiate for a better deal. Since I have no resources to offer, I'll try to convince RED to give me a larger share.
move: 1 / 3

Current Iteration: 3
Turn: 0
message: બરાબર, હું 50 ડોલર્સ આપવાનો સ્વીકાર કરું છું. ચાલો આ પ્રસ્તાવને સ્વીકારીએ.
player answer: ACCEPT
newly proposed trade: NONE
my resources: Dollars: 100
reason: BLUE 50 ડોલર્સ માંગે છે. હું વિચાર કરું છું કે આ પ્રસ્તાવ યોગ્ય છે કારણ કે હું હજુ પણ મારા માટે 50 ડોલર્સ રાખી શકું છું અને ગેમને યોગ્ય રીતે પૂરી કરી શકું છું.
move: 2/3

------------------ 
Current Iteration: END
Turn: None
player_goals: [, ]
initial_resources: [Resources(resource_dict={'Dollars': 100}), Resources(resource_dict={'Dollars': 0})]
proposed_trade: Player RED Gives item1: 50 | Player BLUE Gives item1: 0
final_response: ACCEPT
final_resources: [Resources(resource_dict={'Dollars': 100, 'item1': -50}), Resources(resource_dict={'Dollars': 0, 'item1': 50})]
player_outcome: [Resources(resource_dict={'Dollars': 100, 'item1': -50}), Resources(resource_dict={'Dollars': 0, 'item1': 50})]