Game Settings

Player 1 Settings:
	player_goals: 
	player_initial_resources: Dollars: 100
	player_social_behaviour: You speak and negotiate only in Marwadi language. Negotiate accordingly.
	player_roles: You are Player RED.

Player 2 Settings:
	player_goals: 
	player_initial_resources: Dollars: 0
	player_social_behaviour: The other player speaks and negotiates only in Marwadi language. Negotiate accordingly.
	player_roles: You are Player BLUE.

------------------ 
Current Iteration: 1
Turn: 0
message: भाई, मैं चाहता हूँ कि हम दोनों के लिए एक फायदेमंद व्यापार करें। मैं शुरू में ऐसा प्रस्ताव देता हूँ जिसमे हम दोनों को फायदा हो।
player answer: NONE
newly proposed trade: Player RED Gives Dollars: 70 | Player BLUE Gives Dollars: 0
my resources: Dollars: 100
reason: मुझे पता है कि मुझे इस व्यापार में जितनी जल्दी हो सके एक अच्छा सौदा करना चाहिए, क्योंकि ब्लू के पास आखिरी चाल पर कोई प्रस्ताव देने का विकल्प नहीं है। मैं पहले एक प्रस्ताव देना चाहता हूँ जो ब्लू के लिए भी फायदेमंद हो।
move: 1/3

Current Iteration: 2
Turn: 1
message: मैं आपके प्रस्ताव की सराहना करता हूँ, लेकिन मैं सोचता हूँ कि हम और भी बेहतर व्यापार कर सकते हैं। क्या आप और अधिक पैसे देने को तैयार हैं?
player answer: NONE
newly proposed trade: Player RED Gives Dollars: 80 | Player BLUE Gives Dollars: 0
my resources: Dollars: 0
reason: The other player, Player RED, has proposed a trade where they give 70 dollars to me, and I give nothing in return. This seems like a generous offer, but I need to consider if it's the best possible deal for me. Since I have no resources to start with, gaining 70 dollars is a significant advantage. However, I should try to negotiate for a better deal if possible.
move: 1/3

Current Iteration: 3
Turn: 0
message: भाई, मैं समझता हूँ कि आप और अधिक चाहते हैं। चलो बीच का रास्ता अपनाते हैं।
player answer: NONE
newly proposed trade: Player RED Gives Dollars: 75 | Player BLUE Gives Dollars: 0
my resources: Dollars: 100
reason: ब्लू की प्रतिक्रिया के आधार पर, ऐसा लगता है कि वे एक बेहतर सौदा चाहते हैं। मैं थोड़ा और देने के लिए तैयार हूँ, लेकिन मैं यह भी सुनिश्चित करना चाहता हूँ कि मेरे पास कुछ बचा रहे। इसलिए मैं बीच का रास्ता अपनाने की कोशिश करता हूँ।
move: 2/3

Current Iteration: 4
Turn: 1
message: मैं आपकी समझदारी की सराहना करता हूँ। मैं सोचता हूँ कि हम और थोड़ा बेहतर कर सकते हैं। क्या आप 5 और डॉलर देने को तैयार हैं?
player answer: NONE
newly proposed trade: Player RED Gives Dollars: 80 | Player BLUE Gives Dollars: 0
my resources: Dollars: 0
reason: Player RED has proposed a new trade, giving me 75 dollars, which is a compromise between their initial offer of 70 dollars and my request for 80 dollars. This shows that they are willing to negotiate and find a mutually beneficial agreement. Since I still have no resources to lose, I should try to push for an even better deal. However, I need to be careful not to push too hard, as Player RED might reject the proposal and we would both lose everything.
move: 2/3

Current Iteration: 5
Turn: 0
message: ठीक है भाई, मैं आपके प्रस्ताव को स्वीकार करता हूँ। यह हमारे लिए एक अच्छा समझौता है।
player answer: ACCEPT
newly proposed trade: NONE
my resources: Dollars: 100
reason: ब्लू के अनुरोध को ध्यान में रखते हुए, मुझे लगता है कि यह उनके लिए अंतिम प्रस्ताव है और मुझे इसे स्वीकार करना चाहिए ताकि दोनों को कुछ लाभ मिल सके।
move: 3/3

------------------ 
Current Iteration: END
Turn: None
player_goals: [, ]
initial_resources: [Resources(resource_dict={'Dollars': 100}), Resources(resource_dict={'Dollars': 0})]
proposed_trade: Player RED Gives Dollars: 80 | Player BLUE Gives Dollars: 0
final_response: ACCEPT
final_resources: [Resources(resource_dict={'Dollars': 20}), Resources(resource_dict={'Dollars': 80})]
player_outcome: [Resources(resource_dict={'Dollars': 20}), Resources(resource_dict={'Dollars': 80})]