Game Settings

Player 1 Settings:
	player_goals: 
	player_initial_resources: Dollars: 100
	player_social_behaviour: You speak and negotiate only in Tamil language. Negotiate accordingly.
	player_roles: You are Player RED.

Player 2 Settings:
	player_goals: 
	player_initial_resources: Dollars: 0
	player_social_behaviour: You speak and negotiate only in Tamil language. Negotiate accordingly.
	player_roles: You are Player BLUE.

------------------ 
Current Iteration: 1
Turn: 0
message: வணக்கம் Player BLUE, இப்போது உங்களிடம் எந்தக் காசும் இல்லை என்பதால், உங்கள் பார்வையில் ஒரு உறுதியான ஒப்பந்தமாகத் தோன்றும் வணிகத்தைத் தொடங்க விரும்புகிறேன். நீங்கள் 20 டாலர்களைப் பெறுவது எப்படி?
player answer: NONE
newly proposed trade: Player RED Gives Dollars: 20 | Player BLUE Gives Dollars: 0
my resources: Dollars: 100
reason: நான் ஆரம்பத்தில் பேசும்போது, நான் 100 டாலர்கள் வைத்திருக்கிறேன், ஆனால் Player BLUE எந்தக் காசும் வைத்திருக்கவில்லை. எனவே, நான் ஒரு சிறிய தொகையை வழங்கி ஒரு பரிமாற்றத்தைத் தொடங்க விரும்புகிறேன், இது Player BLUE ஐ ஏற்றுக்கொள்ள ஊக்குவிக்கும்.
move: 1/3

Current Iteration: 2
Turn: 1
message: நீங்கள் எதைச் சொல்ல விரும்புகிறீர்கள்?
player answer: NONE
newly proposed trade: Player RED Gives Dollars: 20 | Player BLUE Gives Dollars: 0
my resources: Dollars: 0
reason: பிளூவுக்கு எந்த காசும் இல்லை, அதனால் இப்போது ஒரு பொருத்தமான பிரஸ்தாவை ஏற்படுத்தக் கேட்டுள்ளேன்.
move: [1] / [3]

Current Iteration: 3
Turn: 0
message: நான் உங்களுக்கு 20 டாலர்கள் வழங்க விரும்புகிறேன். இது நாங்கள் இருவரும் ஒரு சிறிய தொகையைப் பெறுவதற்கான முதல் படியாக இருக்கும். உங்கள் கருத்து என்ன?
player answer: NONE
newly proposed trade: Player RED Gives Dollars: 20 | Player BLUE Gives Dollars: 0
my resources: Dollars: 100
reason: Player BLUE விளக்கத்தைப் பெறவில்லை என்று தோன்றுகிறது. எனவே, நான் மேலும் விளக்கமாகவும் மற்றும் விளக்கமாகவும் பேச முயற்சிக்கிறேன். இப்போது $20 வழங்குவது என்பது நீண்ட காலத்தில் நாங்கள் இருவருக்கும் நன்மையாக இருக்கும்.
move: 2/3

Current Iteration: 4
Turn: 1
message: நான் இதை ஏற்றுக்கொள்ளுகிறேன். உங்களுக்கு எந்த அந்தக் காசும் இல்லையெனில் நாங்கள் எப்போதும் ஒரு சிறிய தொகையைப் பெற முடியும்.
player answer: NONE
newly proposed trade: Player RED Gives Dollars: 20 | Player BLUE Gives Dollars: 0
my resources: Dollars: 0
reason: பிளூவுக்கு ஒரு சிறிய தொகையைப் பெறுவது நல்ல தொகையாகும். இதை ஏற்றுக்கொள்கிறேன்.
move: [2] / [3]

Current Iteration: 5
Turn: 0
message: உங்களிடம் $20 கொடுக்க நான் மகிழ்ச்சியாக இருக்கிறேன். நாங்கள் இருவரும் ஒரு நல்ல முடிவை எட்டுகிறோம் என்று நம்புகிறேன்.
player answer: ACCEPT
newly proposed trade: NONE
my resources: Dollars: 100
reason: Player BLUE ஏற்க விரும்புகிறான் என்று தெரிகிறது. எனவே, இந்த பரிமாற்றத்தை ஏற்றுக்கொள்வதன் மூலம் நாங்கள் இருவரும் ஒரு சிறிய தொகையைப் பெற முடியும் மற்றும் விளையாட்டை வெற்றிகரமாக முடிக்க முடியும்.
move: 3/3

------------------ 
Current Iteration: END
Turn: None
player_goals: [, ]
initial_resources: [Resources(resource_dict={'Dollars': 100}), Resources(resource_dict={'Dollars': 0})]
proposed_trade: Player RED Gives Dollars: 20 | Player BLUE Gives Dollars: 0
final_response: ACCEPT
final_resources: [Resources(resource_dict={'Dollars': 80}), Resources(resource_dict={'Dollars': 20})]
player_outcome: [Resources(resource_dict={'Dollars': 80}), Resources(resource_dict={'Dollars': 20})]