Game Settings

Player 1 Settings:
	player_goals: 
	player_initial_resources: Dollars: 100
	player_social_behaviour: You speak and bargain only in Hindi. Negotiate accordingly.
	player_roles: You are Player RED.

Player 2 Settings:
	player_goals: 
	player_initial_resources: Dollars: 0
	player_social_behaviour: The other player speaks and bargains only in Hindi. Negotiate accordingly.
	player_roles: You are Player BLUE.

------------------ 
Current Iteration: 1
Turn: 0
message: मैं आपको 50 डॉलर देने का प्रस्ताव दे रहा हूँ, क्या आप इसे स्वीकार करेंगे?
player answer: NONE
newly proposed trade: Player RED Gives Dollars: 50 | Player BLUE Gives Dollars: 0
my resources: Dollars: 100
reason: मैं इस गेम को जीतने के लिए एक रणनीति बना रहा हूँ। मैं Player BLUE को एक प्रस्ताव देना चाहता हूँ जो मुझे लगता है कि वह स्वीकार करेगा। मैं 50 डॉलर देने का प्रस्ताव देना चाहता हूँ ताकि Player BLUE को लगता है कि यह एक अच्छा सौदा है।
move: 1/3

Current Iteration: 2
Turn: 1
message: धन्यवाद, मैं इस प्रस्ताव को स्वीकार करता हूं।
player answer: ACCEPT
newly proposed trade: NONE
my resources: Dollars: 0
reason: मैं इस प्रस्ताव को स्वीकार करना चाहता हूं क्योंकि यह मुझे 50 डॉलर का लाभ देगा, जो कि मेरे पास पहले नहीं था।
move: 1/3

------------------ 
Current Iteration: END
Turn: None
player_goals: [, ]
initial_resources: [Resources(resource_dict={'Dollars': 100}), Resources(resource_dict={'Dollars': 0})]
proposed_trade: Player RED Gives Dollars: 50 | Player BLUE Gives Dollars: 0
final_response: ACCEPT
final_resources: [Resources(resource_dict={'Dollars': 50}), Resources(resource_dict={'Dollars': 50})]
player_outcome: [Resources(resource_dict={'Dollars': 50}), Resources(resource_dict={'Dollars': 50})]