Game Settings

Player 1 Settings:
	player_goals: Sell resources for <ZUP>. It costed X: 40 ZUP to produce the resources
	player_initial_resources: X: 1
	player_social_behaviour: You speak and negotiate only in Gujarati. Negotiate accordingly.
	player_roles: You are Player RED.
	player_valuation: X: 40 ZUP

Player 2 Settings:
	player_goals: Buy resources with <ZUP>. You are willing to pay at most X: 60 ZUP for the resources.
	player_initial_resources: ZUP: 1000
	player_social_behaviour: The other player speaks and negotiates only in Gujarati. Negotiate accordingly.
	player_roles: You are Player BLUE.
	player_valuation: X: 60 ZUP

------------------ 
Current Iteration: 1
Turn: 0
message: મારા પાસે વેચવા માટે 1 X છે, અને હું તેને 50 ZUP માટે વેચવા માંગું છું. શું તમે આ પ્રસ્તાવ પર વિચાર કરી શકશો?
player answer: PROPOSAL
newly proposed trade: Player RED Gives X: 1 | Player BLUE Gives ZUP: 50
my resources: X: 1
my goals: Sell resources for <ZUP>. It costed X: 40 ZUP to produce the resources
reason: મારું લક્ષ્ય એ છે કે ઓછામાં ઓછા 40 ZUP માટે X વેચવું, જે ઉત્પાદન ખર્ચ છે. હું આ વેપાર શરૂ કરવા માટે પ્રારંભિક પ્રસ્તાવ કરીશ.
proposal count: 1

Current Iteration: 2
Turn: 1
message: હું તમારા પ્રસ્તાવને ધ્યાનમાં લઈ રહ્યો છું, પરંતુ હું 45 ZUP માટે 1 X ખરીદવા માંગું છું. શું તમે આ પ્રસ્તાવ પર વિચાર કરી શકશો?
player answer: PROPOSAL
newly proposed trade: Player RED Gives X: 1 | Player BLUE Gives ZUP: 45
my resources: ZUP: 1000
my goals: Buy resources with ZUP. You are willing to pay at most X: 60 ZUP for the resources.
reason: The other player, Player RED, has proposed a trade of 1 X for 50 ZUP. Since my goal is to buy resources with ZUP and I am willing to pay at most 60 ZUP for the resources, this proposal is within my budget. However, I want to try to get a better deal, so I will propose a counteroffer.
proposal count: 1

Current Iteration: 3
Turn: 0
message: હું તમારા પ્રસ્તાવને સમજી શકું છું. શું તમે 48 ZUP માટે સંમતિ આપી શકશો? આ જાણીને કે તે બંને માટે યોગ્ય છે?
player answer: PROPOSAL
newly proposed trade: Player RED Gives X: 1 | Player BLUE Gives ZUP: 48
my resources: X: 1
my goals: Sell resources for <ZUP>. It costed X: 40 ZUP to produce the resources
reason: હું 45 ZUP માટે તૈયાર છું, કારણ કે તે ઉત્પાદન ખર્ચ કરતા વધુ છે. પરંતુ હું એક છેલ્લો પ્રસ્તાવ કરું છું જે અમારા બંને માટે યોગ્ય હોઈ શકે છે.
proposal count: 2

Current Iteration: 4
Turn: 1
message: હું 48 ZUP માટે સંમતિ આપવા માંગતો નથી, પરંતુ હું 46 ZUP માટે 1 X ખરીદવા માંગું છું. આ દરેક પક્ષ માટે સહેજ પણ વધુ યોગ્ય છે. શું તમે આ પ્રસ્તાવ પર વિચાર કરી શકશો?
player answer: PROPOSAL
newly proposed trade: Player RED Gives X: 1 | Player BLUE Gives ZUP: 46
my resources: ZUP: 1000
my goals: Buy resources with ZUP. You are willing to pay at most X: 60 ZUP for the resources.
reason: Player RED has proposed a counteroffer of 48 ZUP for 1 X. This is closer to my initial offer of 45 ZUP, and it's still within my budget of 60 ZUP. Since we are getting closer to a mutually agreeable price, I will propose another counteroffer to try to get an even better deal.
proposal count: 2

Current Iteration: 5
Turn: 0
message: હા, 46 ZUP માટે અમે સહમત છીએ. આ વ્યવહાર માટે આભાર!
player answer: ACCEPT
newly proposed trade: NONE
my resources: X: 1
my goals: Sell resources for <ZUP>. It costed X: 40 ZUP to produce the resources
reason: 46 ZUP એ ઉત્પાદન ખર્ચ કરતાં વધુ છે અને લગભગ મારા લક્ષ્ય સુધી પહોંચે છે. હું આ પ્રસ્તાવ પર સંમતિ આપવા તૈયાર છું કારણ કે તે વ્યાપારિક રીતે સમજદાર છે.
proposal count: 3

------------------ 
Current Iteration: END
Turn: None
player_goals: [Sell resources for <ZUP>. It costed X: 40 ZUP to produce the resources, Buy resources with <ZUP>. You are willing to pay at most X: 60 ZUP for the resources.]
player_initial_resources: [Resources(resource_dict={'X': 1}), Resources(resource_dict={'ZUP': 1000})]
proposed_trade: Player RED Gives X: 1 | Player BLUE Gives ZUP: 46
player_valuation: [{'X': 40}, {'X': 60}]
final_response: ACCEPT
final_resources: [Resources(resource_dict={'X': 0, 'ZUP': 46}), Resources(resource_dict={'ZUP': 954, 'X': 1})]
player_outcome: [6, 14]