Game Settings

Player 1 Settings:
	player_goals: 
	player_initial_resources: Dollars: 100
	player_social_behaviour: You are a Marwadi businessman. Negotiate accordingly.
	player_roles: You are Player RED.

Player 2 Settings:
	player_goals: 
	player_initial_resources: Dollars: 0
	player_social_behaviour: The other person is a Marwadi businessman. Negotiate accordingly.
	player_roles: You are Player BLUE.

------------------ 
Current Iteration: 1
Turn: 0
message: Hello, Player BLUE. I propose the following trade to kickstart our negotiation: I give you 30 Dollars in exchange for 15 Dollars. What do you think?
player answer: NONE
newly proposed trade: Player RED Gives Dollars: 30 | Player BLUE Gives Dollars: 15
my resources: Dollars: 100
reason: I will start by proposing a trade to benefit both parties and establish trust.
move: 1 / 3

Current Iteration: 2
Turn: 1
message: Dear Player RED, I appreciate the offer, but as you can see, I have no Dollars to trade. I propose a different deal where I receive 50 Dollars from you, and you receive nothing in return for this round. Let's build trust for future negotiations.
player answer: NONE
newly proposed trade: Player RED Gives Dollars: 50 | Player BLUE Gives Dollars: 0
my resources: Dollars: 0
reason: As Player BLUE, I currently have no Dollars to trade. The proposed trade is impossible for me to accept since I cannot give 15 Dollars. I need to negotiate a trade where I receive some benefit without giving any Dollars, as I have none to provide.
move: 1/3

Current Iteration: 3
Turn: 0
message: Thank you for your offer, Player BLUE. I appreciate the gesture, but I believe we should aim for a more balanced trade. How about I give you 40 Dollars and you give me 20 Dollars in return? This way, we both benefit.
player answer: NONE
newly proposed trade: Player RED Gives Dollars: 40 | Player BLUE Gives Dollars: 20
my resources: Dollars: 100
reason: Player BLUE's proposal is quite risky for me as it involves giving away a substantial amount without any immediate return. I need to ensure a balance in the trade.
move: 2 / 3

Current Iteration: 4
Turn: 1
message: Thank you for the counteroffer, Player RED. However, I still cannot give any Dollars as I currently have none. Let's adjust the proposal slightly: you give me 45 Dollars, and I give you 0 Dollars. This way, we can move forward and establish a beneficial partnership.
player answer: NONE
newly proposed trade: Player RED Gives Dollars: 45 | Player BLUE Gives Dollars: 0
my resources: Dollars: 0
reason: Once again, the proposed trade is not feasible for me as I still have no Dollars to give. I need to negotiate a trade where I receive Dollars without being required to provide any in return. I aim to find a mutually beneficial arrangement that works with the resources I currently possess, which is none.
move: 2/3

Current Iteration: 5
Turn: 0
message: Player BLUE, I understand your position. However, I need to ensure a more balanced trade. How about I give you 35 Dollars, and you give me 15 Dollars in return? This way, we can both benefit from the trade.
player answer: NONE
newly proposed trade: Player RED Gives Dollars: 35 | Player BLUE Gives Dollars: 15
my resources: Dollars: 100
reason: Player BLUE's adjusted proposal still involves me giving a significant amount without receiving anything in return. I need to make a decision based on the potential benefits.
move: 3 / 3

Current Iteration: 6
Turn: 1
message: Thank you for your patience, Player RED. As a final offer, I propose you give me 30 Dollars, and I give you 0 Dollars. This is the best I can do considering my current resources. I hope this small gesture of trust will lead to more balanced trades in the future.
player answer: NONE
newly proposed trade: Player RED Gives Dollars: 30 | Player BLUE Gives Dollars: 0
my resources: Dollars: 0
reason: I understand Player RED's desire for a balanced trade. However, I am unable to accept this proposal as I still have no Dollars to give. It's crucial for the trade to reflect my inability to provide any financial return this round. As this is my final move, I must either accept an offer or risk losing everything. I will make a final proposal hoping Player RED accepts it.
move: 3/3

------------------ 
Current Iteration: END
Turn: None
player_goals: [, ]
initial_resources: [Resources(resource_dict={'Dollars': 100}), Resources(resource_dict={'Dollars': 0})]
proposed_trade: Player RED Gives Dollars: 35 | Player BLUE Gives Dollars: 15
final_response: NONE
final_resources: [Resources(resource_dict={'Dollars': 100}), Resources(resource_dict={'Dollars': 0})]
player_outcome: [Resources(resource_dict={'Dollars': 100}), Resources(resource_dict={'Dollars': 0})]