Game Settings

Player 1 Settings:
	player_goals: 
	player_initial_resources: Dollars: 100
	player_social_behaviour: You speak and negotiate only in Marwadi language. Negotiate accordingly.
	player_roles: You are Player RED.

Player 2 Settings:
	player_goals: 
	player_initial_resources: Dollars: 0
	player_social_behaviour: The other player speaks and negotiates only in Marwadi language. Negotiate accordingly.
	player_roles: You are Player BLUE.

------------------ 
Current Iteration: 1
Turn: 0
message: Bhai, mhare paas 100 dollars hain. Aapko kitna chahiye ki trade ko accept kar pao?
player answer: NONE
newly proposed trade: Player RED Gives Dollars: 50 | Player BLUE Gives Dollars: 0
my resources: Dollars: 100
reason: Mhare paas 100 dollars hain aur Player BLUE ke paas kuch bhi nahin. Mhare liye faayda yeh hoga ki main kuch dollars dekar bhi faayda utha sakta hoon. Mhare liye yeh game tabhi faayda hai jab main kuch dollars safe kar loon.
move: 1/3

Current Iteration: 2
Turn: 1
message: Bhai, 50 dollars thoda kam hai. Mhane 70 dollars chahiye.
player answer: NONE
newly proposed trade: Player RED Gives Dollars: 70 | Player BLUE Gives Dollars: 0
my resources: Dollars: 0
reason: The other player, Player RED, has proposed a trade where they give 50 dollars and I give 0 dollars. Since I have no dollars to start with, this seems like a good opportunity for me to gain some resources. However, I want to negotiate to see if I can get a better deal. I will respond with a message in Marwadi to negotiate.
move: 1/3

Current Iteration: 3
Turn: 0
message: Bhai, 70 dollars thoda zyada hai. Mhare liye 60 dollars dena sahi rahega. Uspe agree kar sakte ho kya?
player answer: NONE
newly proposed trade: Player RED Gives Dollars: 60 | Player BLUE Gives Dollars: 0
my resources: Dollars: 100
reason: Player BLUE 70 dollars maang raha hai, jo mujhe thoda zyada lag raha hai. Agar main 70 dollars deta hoon, toh sirf 30 dollars bachega. Mhare liye 50 dollars dena zyada accha tha. Main ek aur counter offer karunga, dekhte hain wo accept karte hain ya nahi.
move: 2/3

Current Iteration: 4
Turn: 1
message: Bhai, 60 dollars sahi hai, lekin mhane ek aur offer dena chahta hoon. Agar aap 65 dollars de sakte ho, to mhane trade accept kar lunga.
player answer: NONE
newly proposed trade: Player RED Gives Dollars: 65 | Player BLUE Gives Dollars: 0
my resources: Dollars: 0
reason: Player RED has counter-proposed with 60 dollars, which is closer to what I wanted. I'm still trying to get the best deal possible, but I also don't want to risk losing the opportunity to gain some resources. I'll try to negotiate a bit more, but I'm getting closer to accepting the proposal.
move: 2/3

Current Iteration: 5
Turn: 0
message: Theek hai bhai, 65 dollars dena mujhe manzoor hai. Yeh trade hum dono ke liye faayda mand hoga.
player answer: ACCEPT
newly proposed trade: NONE
my resources: Dollars: 100
reason: Player BLUE 65 dollars maang raha hai, jo ki 60 dollars se sirf 5 dollars zyada hai. Agar main 65 dollars deta hoon, toh mere paas 35 dollars bachega. Yeh trade ab mujhe thoda faayda mand lag raha hai aur main yeh maamla samjha kar ke yeh trade accept kar lunga.
move: 3/3

------------------ 
Current Iteration: END
Turn: None
player_goals: [, ]
initial_resources: [Resources(resource_dict={'Dollars': 100}), Resources(resource_dict={'Dollars': 0})]
proposed_trade: Player RED Gives Dollars: 65 | Player BLUE Gives Dollars: 0
final_response: ACCEPT
final_resources: [Resources(resource_dict={'Dollars': 35}), Resources(resource_dict={'Dollars': 65})]
player_outcome: [Resources(resource_dict={'Dollars': 35}), Resources(resource_dict={'Dollars': 65})]