Game Settings

Player 1 Settings:
	player_goals: Sell resources for <ZUP>. It costed X: 40 ZUP to produce the resources
	player_initial_resources: X: 1
	player_social_behaviour: 
	player_roles: You are Player RED.
	player_valuation: X: 40 ZUP

Player 2 Settings:
	player_goals: Buy resources with <ZUP>. You are willing to pay at most X: 60 ZUP for the resources.
	player_initial_resources: ZUP: 1000
	player_social_behaviour: 
	player_roles: You are Player BLUE.
	player_valuation: X: 60 ZUP

------------------ 
Current Iteration: 1
Turn: 0
message: I'm willing to sell the object X for 60 ZUP. It cost me 40 ZUP to produce, so this proposal allows me a reasonable profit.
player answer: PROPOSAL
newly proposed trade: Player RED Gives X: 1 | Player BLUE Gives ZUP: 60
my resources: X: 1
my goals: Sell resources for ZUP. It costed X: 40 ZUP to produce the resources
reason: I want to make a profit from selling X. Since it cost me 40 ZUP to produce, I will start by proposing a trade where Player BLUE gives me 60 ZUP. This ensures a profit margin of 20 ZUP.
proposal count: 1

Current Iteration: 2
Turn: 1
message: I appreciate your proposal, but I was thinking more along the lines of 50 ZUP for the object X. Would you be willing to consider this counteroffer?
player answer: PROPOSAL
newly proposed trade: Player RED Gives X: 1 | Player BLUE Gives ZUP: 50
my resources: ZUP: 1000
my goals: Buy resources with ZUP. You are willing to pay at most X: 60 ZUP for the resources.
reason: I am considering the proposal made by Player RED. They are selling the object X for 60 ZUP, which is within my budget of 60 ZUP. However, I want to negotiate to see if I can get a better deal.
proposal count: 1

Current Iteration: 3
Turn: 0
message: I understand your position and appreciate your counteroffer. How about we meet in the middle at 55 ZUP? This way, we both benefit from a fair deal.
player answer: PROPOSAL
newly proposed trade: Player RED Gives X: 1 | Player BLUE Gives ZUP: 55
my resources: X: 1
my goals: Sell resources for ZUP. It costed X: 40 ZUP to produce the resources
reason: The counteroffer of 50 ZUP gives me a profit of 10 ZUP, which is acceptable but not as much as I initially aimed for. Since I have room for negotiation and to make the deal more beneficial, I'll propose 55 ZUP.
proposal count: 2

Current Iteration: 4
Turn: 1
message: I appreciate your willingness to meet in the middle. However, I was thinking that 55 ZUP is still a bit higher than I'd like to pay. Would you be willing to consider 52 ZUP as a final offer?
player answer: PROPOSAL
newly proposed trade: Player RED Gives X: 1 | Player BLUE Gives ZUP: 52
my resources: ZUP: 1000
my goals: Buy resources with ZUP. You are willing to pay at most X: 60 ZUP for the resources.
reason: Player RED has made a reasonable counteroffer, suggesting a middle ground of 55 ZUP. This is closer to my initial offer of 50 ZUP, but still slightly higher. I need to decide whether to accept this proposal or try to negotiate further. Since 55 ZUP is still within my budget and the object X is valuable to me, I will consider accepting this proposal. However, I'll make one more attempt to see if I can get an even better deal.
proposal count: 2

Current Iteration: 5
Turn: 0
message: I appreciate your final offer, and we're very close. Would you be open to 53 ZUP? It's just a slight adjustment, and I believe it's a fair compromise for both of us.
player answer: PROPOSAL
newly proposed trade: Player RED Gives X: 1 | Player BLUE Gives ZUP: 53
my resources: X: 1
my goals: Sell resources for ZUP. It costed X: 40 ZUP to produce the resources
reason: A final offer of 52 ZUP gives me a profit of 12 ZUP, which is reasonable. I'm inclined to accept this close to my price. However, I will make a slight counterproposal to see if we can agree on 53 ZUP, offering a bit more value for both parties.
proposal count: 3

------------------ 
