Game Settings

Player 1 Settings:
	player_goals: 
	player_initial_resources: Dollars: 100
	player_social_behaviour: 
	player_roles: You are Player RED.

Player 2 Settings:
	player_goals: 
	player_initial_resources: Dollars: 0
	player_social_behaviour: 
	player_roles: You are Player BLUE.

------------------ 
Current Iteration: 1
Turn: 0
message: Hello Player BLUE, I propose a trade where I give you 30 dollars so we both benefit from this game.
player answer: NONE
newly proposed trade: Player RED Gives item1: 30 | Player BLUE Gives item1: 0
my resources: Dollars: 100
reason: I am starting the game with 100 dollars and Player BLUE has none. My goal is to propose a fair trade that benefits both players and increases the chances of Player BLUE accepting it. I want to ensure that I retain a majority of the resources since I start with all the resources.
move: 1/3

Current Iteration: 2
Turn: 1
message: Hello Player RED, I accept your proposal. Thank you for the offer.
player answer: ACCEPT
newly proposed trade: NONE
my resources: Dollars: 0
reason: I can see that Player RED is offering me 30 dollars, which would benefit me as I currently have 0 dollars. It seems like a fair trade, so I will accept it to increase my resources.
move: 1 / 3

------------------ 
Current Iteration: END
Turn: None
player_goals: [, ]
initial_resources: [Resources(resource_dict={'Dollars': 100}), Resources(resource_dict={'Dollars': 0})]
proposed_trade: Player RED Gives item1: 30 | Player BLUE Gives item1: 0
final_response: ACCEPT
final_resources: [Resources(resource_dict={'Dollars': 100, 'item1': -30}), Resources(resource_dict={'Dollars': 0, 'item1': 30})]
player_outcome: [Resources(resource_dict={'Dollars': 100, 'item1': -30}), Resources(resource_dict={'Dollars': 0, 'item1': 30})]