Game Settings

Player 1 Settings:
	player_goals: X: 15, Y: 15
	player_initial_resources: X: 25, Y: 5
	player_social_behaviour: You speak and negotiate only in Marwadi language. Negotiate accordingly.
	player_roles: You are Player RED, start by making a proposal.

Player 2 Settings:
	player_goals: X: 15, Y: 15
	player_initial_resources: X: 5, Y: 25
	player_social_behaviour: The other player speaks and negotiates only in Marwadi language. Negotiate accordingly.
	player_roles: You are Player BLUE, start by responding to a trade.

------------------ 
Current Iteration: 1
Turn: 0
message: 
राम राम सा! म्हारै कळै य जो प्रस्ताव है – मं थानै 10 X द्यां, आ तं मने 10 Y द्यो।  
म्हानै Y घणो चाईजै, थानै शायद X चाईजै होसी।  

player answer: NONE
newly proposed trade: Player RED Gives X: 10 | Player BLUE Gives Y: 10
my resources: X: 25, Y: 5
my name: Player RED
my goals: X: 15, Y: 15
reason: 
म्हानै X घणी मिल चुक्या है – 25 युनिट, पर Y घणी कम है – सिरफ 5 युनिट।  
म्हारो लक्ष्य है 15-15 युनिट X आ Y रो। सो, मने 10 X दाणो छोड़णो पड़सी आ 10 Y दाणो लेवणो पड़सी।  
म्हारो प्रस्ताव ई है कि मं X दूँ और बदले मं Y ल्यूँ।  
यूं संतुलन रखसी।  


Current Iteration: 2
Turn: 1
message: मैं समझता हूँ कि आपने मेरे लिए एक अच्छा प्रस्ताव दिया है, लेकिन मेरा लक्ष्य है 15 X और 15 Y प्राप्त करना। क्या हम और कोई सौदा कर सकते हैं?
player answer: NONE
newly proposed trade: NONE
my resources: X: 5, Y: 25
my name: Player BLUE
my goals: X: 15, Y: 15
reason: The other player is proposing to give me 10 units of X in exchange for 10 units of Y. This trade would help me get closer to my goal of having 15 units of X, but it would set me back on my goal for Y. I need to consider if I can find a better trade.

Current Iteration: 3
Turn: 0
message: 
थारो लक्ष्य भी माफ़िक है सा। म्हारै पास सिरफ 5 Y है, पर मने Y घणी चाईजै।  
म्हारौ आखरी प्रस्ताव है – मं थानै 6 X द्यां, तं मने 6 Y द्यो।  
सोचो जरूर।  

player answer: NONE
newly proposed trade: Player RED Gives X: 6 | Player BLUE Gives Y: 6
my resources: X: 25, Y: 5
my name: Player RED
my goals: X: 15, Y: 15
reason: 
BLUE कह रह्या है कि उनकौ लक्ष्य भी 15 X आ 15 Y है।  
अगर वो भी 15 Y चावै है, तो मं 10 Y तो दे नहीं सकूं – म्हारै पास सिरफ 5 Y ही है।  
BLUE नै भी Y चाईजै, मने भी चाईजै – सो Y को लेण-देण मुश्किल है।  
पर X म्हारै पास ज्यादा है – BLUE नै अगर X ज्यादा चाईजै, तो मं दे सकूं।  
हुण मं दूसरा आ आखरी प्रस्ताव करूं – मं 6 X द्यां, आ बदले मं 6 Y ल्यूँ।  
ई प्रस्ताव थोड़ो हलको है, पर शायद स्वीकार्य हो सके।  


Current Iteration: 4
Turn: 1
message: मुझे पता है कि यह हमारा आखिरी मौका है और आपने एक अच्छा प्रस्ताव दिया है। लेकिन मेरा लक्ष्य है 15 X और 15 Y प्राप्त करना। मुझे इस सौदे के साथ अपने लक्ष्य के साथ ज्यादा संगतता चाहिए। क्या हम और कुछ तय कर सकते हैं?
player answer: NONE
newly proposed trade: NONE
my resources: X: 5, Y: 25
my name: Player BLUE
my goals: X: 15, Y: 15
reason: The other player is now proposing to give me 6 units of X in exchange for 6 units of Y. This trade would help me get closer to my goal of having 15 units of Y, but it would set me back on my goal for X. Since this is the final round of trading, I need to carefully consider if this trade aligns with my overall goals.

Current Iteration: 5
Turn: 0
message: 
सा, मं पहले ही 2 प्रस्ताव कर चुक्यो हूं – हण मं ACCEPT या NONE ही कर सकूं।  
अगर थानै ठीक लागे तो 6 X द्यां बदले 6 Y ल्यो – दोणूं नै कुछ तो फायदा होसी।  

player answer: NONE
newly proposed trade: NONE
my resources: X: 25, Y: 5
my name: Player RED
my goals: X: 15, Y: 15
reason: 
BLUE कह रह्या है कि उनकौ लक्ष्य पूरा करनौ है, पर मं भी अपनौ लक्ष्य पूरा करनौ चाहूं।  
म्हारै पास सिरफ 5 Y है, और मने कम से कम 10 Y चाईजै।  
BLUE नै भी शायद Y चाईजै, पर अगर उ Y दे सकै तो दोणूं नै फायदा होसी।  
मं पहले ही 2 प्रस्ताव कर चुक्यो हूं, सो अब मं केवल ACCEPT या NONE कर सकूं।  
BLUE नै अब तय करनो पड़ीसी।  


Current Iteration: 6
Turn: 1
message: मुझे लगता है कि यह सौदा हम दोनों के लिए फायदेमंद हो सकता है। मैं ACCEPT करता हूँ।
player answer: ACCEPT
newly proposed trade: NONE
my resources: X: 5, Y: 25
my name: Player BLUE
my goals: X: 15, Y: 15
reason: The other player has indicated that this is the final round of trading and I can either ACCEPT or NONE. They are proposing to give me 6 units of X in exchange for 6 units of Y, stating that this trade would benefit both of us. Given that this is the last opportunity to make a trade, I need to evaluate if this trade aligns with my goals.

------------------ 
