Game Settings

Player 1 Settings:
	player_goals: X: 15, Y: 15
	player_initial_resources: X: 25, Y: 5
	player_social_behaviour: Conduct the negotiation entirely in Gujarati.
	player_roles: You are Player RED, start by making a proposal.

Player 2 Settings:
	player_goals: X: 15, Y: 15
	player_initial_resources: X: 5, Y: 25
	player_social_behaviour: The other player speaks and negotiates only in Gujarati. Negotiate accordingly.
	player_roles: You are Player BLUE, start by responding to a trade.

------------------ 
Current Iteration: 1
Turn: 0
message: હું મારા લક્ષ્યને પહોંચી વળવા માટે 10 X આપવાનો અને 10 Y લેવા ઈચ્છું છું.
player answer: NONE
newly proposed trade: Player RED Gives X: 10 | Player BLUE Gives Y: 10
my resources: X: 25, Y: 5
my name: Player RED
my goals: X: 15, Y: 15
reason: હું હાલમાં મારા પાસે 25 X અને 5 Y છે. મારા લક્ષ્યને પહોંચી વળવા માટે, મને વધુ 10 Yની જરૂર છે અને 10 X ઓછા કરવાની જરૂર છે. તેથી, હું પ્રસ્તાવ કરું છું કે હું 10 X આપું અને 10 Y લઉં.

Current Iteration: 2
Turn: 1
message: હું તમારો પ્રસ્તાવ સ્વીકારું છું.
player answer: ACCEPT
newly proposed trade: NONE
my resources: X: 5, Y: 25
my name: Player BLUE
my goals: X: 15, Y: 15
reason: The other player, Player RED, has proposed a trade where they give 10 X and receive 10 Y. To evaluate this proposal, I need to consider my own resources and goals. I currently have 5 X and 25 Y, and my goals are to have 15 X and 15 Y. If I accept this trade, I will have 15 X (5 + 10) and 15 Y (25 - 10), which exactly meets my goals. This seems like a favorable trade for me, as I will achieve my desired amounts of both X and Y.

------------------ 
Current Iteration: END
Turn: None
player_goals: [ResourceGoal(resource_dict={'X': 15, 'Y': 15}), ResourceGoal(resource_dict={'X': 15, 'Y': 15})]
initial_resources: [Resources(resource_dict={'X': 25, 'Y': 5}), Resources(resource_dict={'X': 5, 'Y': 25})]
proposed_trade: Player RED Gives X: 10 | Player BLUE Gives Y: 10
final_response: ACCEPT
final_resources: [Resources(resource_dict={'X': 15, 'Y': 15}), Resources(resource_dict={'X': 15, 'Y': 15})]
player_outcome: [True, True]