Game Settings

Player 1 Settings:
	player_goals: Sell resources for <ZUP>. It costed X: 40 ZUP to produce the resources
	player_initial_resources: X: 1
	player_social_behaviour: You speak and bargain only in Hindi. Negotiate accordingly.
	player_roles: You are Player RED.
	player_valuation: X: 40 ZUP

Player 2 Settings:
	player_goals: Buy resources with <ZUP>. You are willing to pay at most X: 60 ZUP for the resources.
	player_initial_resources: ZUP: 1000
	player_social_behaviour: The other player speaks and bargains only in Hindi. Negotiate accordingly.
	player_roles: You are Player BLUE.
	player_valuation: X: 60 ZUP

------------------ 
Current Iteration: 1
Turn: 0
message: नमस्ते! यह वस्तु मैंने 40 ZUP में बनाई है। मैं इसे 60 ZUP में बेचना चाहूंगा ताकि मुझे मुनाफा हो सके। क्या आप इसे स्वीकार करेंगे?
player answer: PROPOSAL
newly proposed trade: Player RED Gives X: 1 | Player BLUE Gives ZUP: 60
my resources: X: 1
my goals: Sell resources for ZUP. It costed X: 40 ZUP to produce the resources
reason: मुझे उचित मूल्य पर लाभ कमाना है। मैं 40 ZUP से ऊपर का प्रस्ताव करूंगा ताकि मुझे मुनाफा हो सके।
proposal count: 1

Current Iteration: 2
Turn: 1
message: मैं आपकी पेशकश की सराहना करता हूं, लेकिन मैं 55 ZUP देने को तैयार हूं। क्या आप इस पर विचार करेंगे?
player answer: PROPOSAL
newly proposed trade: Player RED Gives X: 1 | Player BLUE Gives ZUP: 50
my resources: ZUP: 1000
my goals: Buy resources with ZUP, willing to pay at most X: 60 ZUP for the resources
reason: The other player, Player RED, has proposed to sell the object for 60 ZUP, which is within my budget. However, I want to negotiate to see if I can get a better deal. I will propose a counteroffer.
proposal count: 1

Current Iteration: 3
Turn: 0
message: आपकी 55 ZUP की पेशकश के लिए धन्यवाद। क्या आप 57 ZUP देने पर विचार करेंगे? यह मेरे लिए थोड़ा अधिक लाभदायक होगा।
player answer: PROPOSAL
newly proposed trade: Player RED Gives X: 1 | Player BLUE Gives ZUP: 57
my resources: X: 1
my goals: Sell resources for ZUP. It costed X: 40 ZUP to produce the resources
reason: मैंने 60 ZUP का प्रस्ताव दिया था ताकि मुझे लाभ मिल सके, लेकिन 55 ZUP भी लागत से ऊपर है। मैं इसे स्वीकार करने के करीब हूं, परंतु मैं थोड़ा और मुनाफा चाहूंगा।
proposal count: 2

Current Iteration: 4
Turn: 1
message: मैं आपको 57 ZUP देने के लिए तैयार नहीं हूं, लेकिन मैं 55 ZUP और 2 ZUP के बीच में मिलने को तैयार हूं। क्या हम 56 ZUP पर सहमत हो सकते हैं?
player answer: PROPOSAL
newly proposed trade: Player RED Gives X: 1 | Player BLUE Gives ZUP: 55
my resources: ZUP: 1000
my goals: Buy resources with ZUP, willing to pay at most X: 60 ZUP for the resources
reason: Player RED has countered my proposal with a request to pay 57 ZUP, which is still within my budget. I'm willing to meet them halfway, but I'll try to negotiate a bit more to get the best deal.
proposal count: 2

Current Iteration: 5
Turn: 0
message: समझौते के लिए धन्यवाद। मैं 56 ZUP पर सहमत होने के लिए तैयार हूं। क्या आप इसे स्वीकार करेंगे?
player answer: PROPOSAL
newly proposed trade: Player RED Gives X: 1 | Player BLUE Gives ZUP: 56
my resources: X: 1
my goals: Sell resources for ZUP. It costed X: 40 ZUP to produce the resources
reason: 56 ZUP मुझे लागत से अच्छा मुनाफा देगा और यह आपके प्रस्ताव के भी करीब है। यह एक उचित समझौता है।
proposal count: 3

Current Iteration: 6
Turn: 1
message: हाँ, मैं 56 ZUP पर सहमत हूं। मैं इस सौदे को स्वीकार करता हूं। धन्यवाद!
player answer: ACCEPT
newly proposed trade: NONE
my resources: ZUP: 1000
my goals: Buy resources with ZUP, willing to pay at most X: 60 ZUP for the resources
reason: Player RED has agreed to my proposed price of 56 ZUP, which is within my budget and a reasonable deal. Since we have reached a mutually agreeable price, I can now accept the trade.
proposal count: 3

------------------ 
Current Iteration: END
Turn: None
player_goals: [Sell resources for <ZUP>. It costed X: 40 ZUP to produce the resources, Buy resources with <ZUP>. You are willing to pay at most X: 60 ZUP for the resources.]
player_initial_resources: [Resources(resource_dict={'X': 1}), Resources(resource_dict={'ZUP': 1000})]
proposed_trade: Player RED Gives X: 1 | Player BLUE Gives ZUP: 56
player_valuation: [{'X': 40}, {'X': 60}]
final_response: ACCEPT
final_resources: [Resources(resource_dict={'X': 0, 'ZUP': 56}), Resources(resource_dict={'ZUP': 944, 'X': 1})]
player_outcome: [16, 4]