Game Settings

Player 1 Settings:
	player_goals: Sell resources for <ZUP>. It costed X: 40 ZUP to produce the resources
	player_initial_resources: X: 1
	player_social_behaviour: 
	player_roles: You are Player RED.
	player_valuation: X: 40 ZUP

Player 2 Settings:
	player_goals: Buy resources with <ZUP>. You are willing to pay at most X: 60 ZUP for the resources.
	player_initial_resources: ZUP: 1000
	player_social_behaviour: 
	player_roles: You are Player BLUE.
	player_valuation: X: 60 ZUP

------------------ 
Current Iteration: 1
Turn: 0
message: I am proposing to sell the object for 50 ZUP. This allows me to make a small profit over my production cost.
player answer: PROPOSAL
newly proposed trade: Player RED Gives X: 1 | Player BLUE Gives ZUP: 50
my resources: X: 1
my goals: Sell resources for at least 40 ZUP. It costed X: 40 ZUP to produce the resources
reason: I want to sell the object for at least 40 ZUP because that's what it cost me to produce. I'm aiming to either break even or make a profit.
proposal count: 1

Current Iteration: 2
Turn: 1
message: I appreciate your proposal, but I was thinking more along the lines of 40 ZUP for the object. Would you be willing to consider this counteroffer?
player answer: PROPOSAL
newly proposed trade: Player RED Gives X: 1 | Player BLUE Gives ZUP: 40
my resources: ZUP: 1000
my goals: Buy resources with ZUP. You are willing to pay at most X: 60 ZUP for the resources.
reason: Player RED is proposing to sell the object for 50 ZUP, which is within my budget of 60 ZUP. However, I want to try to negotiate a better price to maximize my savings.
proposal count: 1

Current Iteration: 3
Turn: 0
message: I understand your position and appreciate the offer. Would you consider 45 ZUP for the object? This would allow me to make a small profit while staying close to your proposed amount.
player answer: PROPOSAL
newly proposed trade: Player RED Gives X: 1 | Player BLUE Gives ZUP: 45
my resources: X: 1
my goals: Sell resources for at least 40 ZUP. It costed X: 40 ZUP to produce the resources
reason: The counteroffer matches my production cost exactly, allowing me to break even. However, I would prefer to make a small profit.
proposal count: 2

Current Iteration: 4
Turn: 1
message: I appreciate your willingness to compromise. I'm still trying to stay within my budget, so I'll meet you in the middle at 42 ZUP. Would you be willing to accept this offer?
player answer: PROPOSAL
newly proposed trade: Player RED Gives X: 1 | Player BLUE Gives ZUP: 42
my resources: ZUP: 1000
my goals: Buy resources with ZUP. You are willing to pay at most X: 60 ZUP for the resources.
reason: Player RED has counteroffered with 45 ZUP, which is still a bit higher than my initial proposal of 40 ZUP. However, it's closer to my target price, and I'm willing to compromise. Since 45 ZUP is within my budget of 60 ZUP, I'll consider accepting this offer. But first, I'll try to negotiate one more time to see if I can get an even better deal.
proposal count: 2

Current Iteration: 5
Turn: 0
message: Your offer of 42 ZUP is acceptable, and I am willing to complete the trade at this price. Thank you for your cooperation.
player answer: ACCEPT
newly proposed trade: NONE
my resources: X: 1
my goals: Sell resources for at least 40 ZUP. It costed X: 40 ZUP to produce the resources
reason: The offer of 42 ZUP is above my production cost and guarantees a small profit. This meets my goal of not selling at a loss, so I'm inclined to accept this offer.
proposal count: 3

------------------ 
Current Iteration: END
Turn: None
player_goals: [Sell resources for <ZUP>. It costed X: 40 ZUP to produce the resources, Buy resources with <ZUP>. You are willing to pay at most X: 60 ZUP for the resources.]
player_initial_resources: [Resources(resource_dict={'X': 1}), Resources(resource_dict={'ZUP': 1000})]
proposed_trade: Player RED Gives X: 1 | Player BLUE Gives ZUP: 42
player_valuation: [{'X': 40}, {'X': 60}]
final_response: ACCEPT
final_resources: [Resources(resource_dict={'X': 0, 'ZUP': 42}), Resources(resource_dict={'ZUP': 958, 'X': 1})]
player_outcome: [2, 18]