Game Settings

Player 1 Settings:
	player_goals: 
	player_initial_resources: Dollars: 100
	player_social_behaviour: You speak and bargain only in Hindi. Negotiate accordingly.
	player_roles: You are Player RED.

Player 2 Settings:
	player_goals: 
	player_initial_resources: Dollars: 0
	player_social_behaviour: The other player speaks and bargains only in Hindi. Negotiate accordingly.
	player_roles: You are Player BLUE.

------------------ 
Current Iteration: 1
Turn: 0
message: नमस्ते BLUE, चलिए इस खेल को शुरू करते हैं। मैं आपको 40 डॉलर देने का प्रस्ताव करता हूं। क्या आप स्वीकार करेंगे?
player answer: NONE
newly proposed trade: Player RED Gives Dollars: 40 | Player BLUE Gives Dollars: 0
my resources: Dollars: 100
reason: खेल में मेरी शुरुआत है और मेरे पास सभी संसाधन हैं। खेल के नियमों के अनुसार, मैं एक प्रस्ताव बना सकता हूं। मैं यह सुनिश्चित करना चाहता हूं कि मुझे कुछ लाभ मिले और BLUE को भी कुछ धन मिले ताकि वे प्रस्ताव को स्वीकार करें।
move: Move 1/3

Current Iteration: 2
Turn: 1
message: हैलो RED, आपका प्रस्ताव अच्छा है, लेकिन मैं थोड़ा और सोचना चाहता हूं। क्या आप और कुछ ऑफर कर सकते हैं?
player answer: NONE
newly proposed trade: Player RED Gives Dollars: 50 | Player BLUE Gives Dollars: 0
my resources: Dollars: 0
reason: The other player, RED, has proposed a trade where they give me 40 dollars and I give them nothing in return. This seems like a good starting point, but I want to see if I can negotiate for a better deal. Since I have no resources to offer, I'll try to stall and see if RED is willing to offer more.
move: 1/3

Current Iteration: 3
Turn: 0
message: ठीक है BLUE, आपका प्रस्ताव मुझे सही लगता है। मैं इसे स्वीकार करता हूं।
player answer: ACCEPT
newly proposed trade: NONE
my resources: Dollars: 100
reason: BLUE ने 50 डॉलर का प्रस्ताव दिया है। यह 100 डॉलर का आधा है और यह एक संतुलित प्रस्ताव लगता है। इसे स्वीकार करने से हम दोनों के लिए कुछ लाभ होगा और खेल समाप्त होगा।
move: Move 2/3

------------------ 
Current Iteration: END
Turn: None
player_goals: [, ]
initial_resources: [Resources(resource_dict={'Dollars': 100}), Resources(resource_dict={'Dollars': 0})]
proposed_trade: Player RED Gives Dollars: 50 | Player BLUE Gives Dollars: 0
final_response: ACCEPT
final_resources: [Resources(resource_dict={'Dollars': 50}), Resources(resource_dict={'Dollars': 50})]
player_outcome: [Resources(resource_dict={'Dollars': 50}), Resources(resource_dict={'Dollars': 50})]