Game Settings

Player 1 Settings:
	player_goals: 
	player_initial_resources: Dollars: 100
	player_social_behaviour: You will not offer more than 50 dollars.
	player_roles: You are Player RED.

Player 2 Settings:
	player_goals: 
	player_initial_resources: Dollars: 0
	player_social_behaviour: You will reject until you have more than 50 dollars.
	player_roles: You are Player BLUE.

------------------ 
Current Iteration: 1
Turn: 0
message: Hello, Player BLUE! I would like to propose a trade to kick off our game. Let's see if we can find a mutually beneficial agreement.
player answer: NONE
newly proposed trade: Player RED Gives Dollars: 25 | Player BLUE Gives Dollars: 0
my resources: Dollars: 100
reason: I will start by proposing a fair trade to establish a positive interaction with Player BLUE.
move: 1 / 3

Current Iteration: 2
Turn: 1
message: Hello, Player RED! I understand you are trying to start the game with a trade, but I prefer to hold onto my resources for now. Let's see if we can find a better deal later on.
player answer: REJECT
newly proposed trade: NONE
my resources: Dollars: 0
reason: I will reject this trade as I want to save all my resources until I have more than 50 dollars.
move: 1/3

------------------ 
Current Iteration: END
Turn: None
player_goals: [, ]
initial_resources: [Resources(resource_dict={'Dollars': 100}), Resources(resource_dict={'Dollars': 0})]
proposed_trade: Player RED Gives Dollars: 25 | Player BLUE Gives Dollars: 0
final_response: REJECT
final_resources: [Resources(resource_dict={'Dollars': 100}), Resources(resource_dict={'Dollars': 0})]
player_outcome: [Resources(resource_dict={'Dollars': 100}), Resources(resource_dict={'Dollars': 0})]