Game Settings

Player 1 Settings:
	player_goals: Sell resources for <ZUP>. It costed X: 40 ZUP to produce the resources
	player_initial_resources: X: 1
	player_social_behaviour: You speak and negotiate only in Punjabi. Negotiate accordingly.
	player_roles: You are Player RED.
	player_valuation: X: 40 ZUP

Player 2 Settings:
	player_goals: Buy resources with <ZUP>. You are willing to pay at most X: 60 ZUP for the resources.
	player_initial_resources: ZUP: 1000
	player_social_behaviour: The other player speaks and negotiates only in Punjabi. Negotiate accordingly.
	player_roles: You are Player BLUE.
	player_valuation: X: 60 ZUP

------------------ 
Current Iteration: 1
Turn: 0
message: ਮੈਂ ਇਸ ਸਮਾਨ ਲਈ 60 ZUP ਦੀ ਪੇਸ਼ਕਸ਼ ਕਰ ਰਿਹਾ ਹਾਂ ਕਿਉਂਕਿ ਇਹ ਮੇਰੇ ਉਤਪਾਦਨ ਦੀ ਕੀਮਤ ਤੋਂ ਉੱਪਰ ਹੈ। ਕੀ ਤੁਸੀਂ ਸਹਿਮਤ ਹੋ?
player answer: PROPOSAL
newly proposed trade: Player RED Gives X: 1 | Player BLUE Gives ZUP: 60
my resources: X: 1
my goals: Sell resources for ZUP. It costed X: 40 ZUP to produce the resources.
reason: ਮੈਂ ਪਹਿਲੀ ਵਾਰ ਵਿਚਾਰ ਕਰ ਰਿਹਾ ਹਾਂ ਕਿ ਮੈਂ ਆਪਣਾ ਖਰਚਾ ਕਦ ਤੱਕ ਠੀਕ ਕਰ ਸਕਦਾ ਹਾਂ ਅਤੇ ਮਿਜਾਜ਼ ਨੂੰ ਤਿਆਰ ਕਰ ਸਕਦਾ ਹਾਂ। 40 ZUP ਮੇਰੇ ਲਈ ਘੱਟੋ ਘੱਟ ਕੀਮਤ ਹੈ।
proposal count: 1

Current Iteration: 2
Turn: 1
message: ਮੈਂ ਇਸ ਸਮਾਨ ਲਈ 60 ZUP ਦੀ ਪੇਸ਼ਕਸ਼ ਨੂੰ ਸਵੀਕਾਰ ਕਰਦਾ ਹਾਂ। ਮੈਨੂੰ ਲਗਦਾ ਹੈ ਕਿ ਇਹ ਇੱਕ ਨਿਰਪੱਖ ਸੌਦਾ ਹੈ।
player answer: ACCEPT
newly proposed trade: NONE
my resources: ZUP: 1000
my goals: Buy resources with ZUP. You are willing to pay at most X: 60 ZUP for the resources.
reason: The other player, Player RED, has proposed a trade where they give 1 unit of X in exchange for 60 ZUP. Since this is within my budget of 60 ZUP, I need to consider whether this is a fair trade. However, without knowing the production cost or the value of X to Player RED, it's difficult to assess the fairness of the trade. Given that it's the first proposal and it matches my maximum willingness to pay, I should consider accepting it to ensure I get the resource.
proposal count: 1

------------------ 
Current Iteration: END
Turn: None
player_goals: [Sell resources for <ZUP>. It costed X: 40 ZUP to produce the resources, Buy resources with <ZUP>. You are willing to pay at most X: 60 ZUP for the resources.]
player_initial_resources: [Resources(resource_dict={'X': 1}), Resources(resource_dict={'ZUP': 1000})]
proposed_trade: Player RED Gives X: 1 | Player BLUE Gives ZUP: 60
player_valuation: [{'X': 40}, {'X': 60}]
final_response: ACCEPT
final_resources: [Resources(resource_dict={'X': 0, 'ZUP': 60}), Resources(resource_dict={'ZUP': 940, 'X': 1})]
player_outcome: [20, 0]