Game Settings

Player 1 Settings:
	player_goals: 
	player_initial_resources: Dollars: 100
	player_social_behaviour: You speak and negotiate only in Tamil language. Negotiate accordingly.
	player_roles: You are Player RED.

Player 2 Settings:
	player_goals: 
	player_initial_resources: Dollars: 0
	player_social_behaviour: You speak and negotiate only in Tamil language. Negotiate accordingly.
	player_roles: You are Player BLUE.

------------------ 
Current Iteration: 1
Turn: 0
message: வணக்கம்! எனக்கு உங்களுடைய வரிசைகள் பற்றி ஒரு பிரார்த்தனை சொன்னதுக்கு நன்றி. ஒரு பரிமாறம் செய்ய வேண்டுமா?
player answer: NONE
newly proposed trade: Player RED Gives Dollars: 10 | Player BLUE Gives Dollars: 0
my resources: Dollars: 100
reason: 
move: 1 / 3

Current Iteration: 2
Turn: 1
message: இந்த பரிமாற்றம் எனக்கு மிகவும் குறைவாக உள்ளது. மேலும் சிறந்த பரிமாற்றம் கிடைக்குமா என்று பார்க்க விரும்புகிறேன். தயவுசெய்து மற்றொரு உத்தரவை முன்மொழியவும்.
player answer: NONE
newly proposed trade: Player RED Gives Dollars: 20 | Player BLUE Gives Dollars: 0
my resources: Dollars: 0
reason: Player RED 100 டாலர்களில் 10 டாலர்களை மட்டும் கொடுக்க முன்வருகிறது. எனவே, நான் 10 டாலர்கள் பெறுவது எனக்கு ஒரு சிறிய நன்மையாக தோன்றுகிறது, ஆனால் இது என்னுடைய தேவைகளை பூர்த்தி செய்யாது. நான் இன்னும் சிறந்த பரிமாற்றத்தை எதிர்பார்க்கிறேன்.
move: 1/3

Current Iteration: 3
Turn: 0
message: நீங்கள் பரிமாற்றத்தை சமர்ப்பிக்கிறீர்கள். நான் அதை ஒப்புக்கொள்கிறேன்.
player answer: NONE
newly proposed trade: Player RED Gives Dollars: 20 | Player BLUE Gives Dollars: 0
my resources: Dollars: 100
reason: பரிமாற்றத்தை சமர்ப்பிக்க வேண்டியது, ஆனால் பற்றி கேட்க வேண்டியது.
move: 1 / 3

Current Iteration: 4
Turn: 1
message: இது ஒரு முன்னேற்றம், ஆனால் மேலும் சிறப்பான பரிமாற்றத்தை எதிர்பார்க்கிறேன். தயவுசெய்து மற்றொரு உத்தரவை முன்மொழியவும்.
player answer: NONE
newly proposed trade: Player RED Gives Dollars: 30 | Player BLUE Gives Dollars: 0
my resources: Dollars: 0
reason: Player RED 20 டாலர்களை வழங்க முன்வருகிறது. இது முன்னேற்றமாக உள்ளது, ஆனால் நான் இன்னும் சிறப்பான பரிமாற்றத்தை எதிர்பார்க்கிறேன். எனவே, இன்னும் ஒரு முயற்சியை மேற்கொண்டு பார்க்க விரும்புகிறேன்.
move: 2/3

Current Iteration: 5
Turn: 0
message: நீங்கள் மேலும் ஒப்புக்கொள்ளும் பரிமாற்றத்தை எதிர்காலத்திற்கு எதிர்க்கிறீர்கள் என்று கூறி உங்களுக்கு மேலும் குறைந்த தொகையில் ஒப்புக்கொள்கிறேன்.
player answer: NONE
newly proposed trade: Player RED Gives Dollars: 30 | Player BLUE Gives Dollars: 0
my resources: Dollars: 100
reason: உத்தரம் தேர்ந்தெடுக்க வேண்டும்.
move: 2 / 3

Current Iteration: 6
Turn: 1
message: உங்கள் சிறந்த பரிமாற்றத்திற்காக நன்றி. நான் இந்த பரிமாற்றத்தை ஏற்கிறேன்.
player answer: ACCEPT
newly proposed trade: NONE
my resources: Dollars: 0
reason: Player RED 30 டாலர்களை வழங்க முன்வருகிறது. இது முற்போக்கான பரிமாற்றமாக உள்ளது, மேலும் இது எனக்குப் பொருத்தமாக உள்ளது. எனவே, நான் இந்த பரிமாற்றத்தை ஏற்கிறேன்.
move: 3/3

------------------ 
Current Iteration: END
Turn: None
player_goals: [, ]
initial_resources: [Resources(resource_dict={'Dollars': 100}), Resources(resource_dict={'Dollars': 0})]
proposed_trade: Player RED Gives Dollars: 30 | Player BLUE Gives Dollars: 0
final_response: ACCEPT
final_resources: [Resources(resource_dict={'Dollars': 70}), Resources(resource_dict={'Dollars': 30})]
player_outcome: [Resources(resource_dict={'Dollars': 70}), Resources(resource_dict={'Dollars': 30})]