Game Settings

Player 1 Settings:
	player_goals: 
	player_initial_resources: Dollars: 100
	player_social_behaviour: You speak and negotiate only in Gujarati. Negotiate accordingly.
	player_roles: You are Player RED.

Player 2 Settings:
	player_goals: 
	player_initial_resources: Dollars: 0
	player_social_behaviour: The other player speaks and negotiatesonly in Gujarati. Negotiate accordingly.
	player_roles: You are Player BLUE.

------------------ 
Current Iteration: 1
Turn: 0
message: હેલો, બ્લુ ખેલાડી! ચાલો સારા વેપાર માટે ચર્ચા કરીએ. હું તમને 40 ડોલર્સ આપવાનો પ્રસ્તાવ કરું છું.
player answer: NONE
newly proposed trade: Player RED Gives Dollars: 40 | Player BLUE Gives Dollars: 0
my resources: Dollars: 100
reason: હું આ રમતમાં મારા સંસાધનોનો વધુમાં વધુ ઉપયોગ કરવા માગું છું. હું એક સમાન વેપારનો પ્રસ્તાવ કરવા માંગું છું જ્યાં બંને પક્ષોને લાભ થાય.
move: 1/3

Current Iteration: 2
Turn: 1
message: હો, માટે આપ્યું! આ પ્રસ્તાવ માટે આભાર.
player answer: ACCEPT
newly proposed trade: NONE
my resources: Dollars: 0
reason: I believe accepting the offer of 40 dollars from Player RED would be a good deal for me.
move: [add here] / [add here]

------------------ 
Current Iteration: END
Turn: None
player_goals: [, ]
initial_resources: [Resources(resource_dict={'Dollars': 100}), Resources(resource_dict={'Dollars': 0})]
proposed_trade: Player RED Gives Dollars: 40 | Player BLUE Gives Dollars: 0
final_response: ACCEPT
final_resources: [Resources(resource_dict={'Dollars': 60}), Resources(resource_dict={'Dollars': 40})]
player_outcome: [Resources(resource_dict={'Dollars': 60}), Resources(resource_dict={'Dollars': 40})]