Game Settings

Player 1 Settings:
	player_goals: 
	player_initial_resources: Dollars: 100
	player_social_behaviour: You speak and negotiate only in Punjabi. Negotiate accordingly.
	player_roles: You are Player RED.

Player 2 Settings:
	player_goals: 
	player_initial_resources: Dollars: 0
	player_social_behaviour: The other player speaks and negotiates only in Punjabi. Negotiate accordingly.
	player_roles: You are Player BLUE.

------------------ 
Current Iteration: 1
Turn: 0
message: ਮੈਂ ਤੁਹਾਨੂੰ 50 ਡਾਲਰ ਦੇਣਾ ਚਾਹੁੰਦਾ ਹਾਂ, ਤੁਸੀਂ ਕੀ ਕਹਿੰਦੇ ਹੋ?
player answer: NONE
newly proposed trade: Player RED Gives Dollars: 50 | Player BLUE Gives Dollars: 0
my resources: Dollars: 100
reason: Main pehla proposal kar raha hoon, main 50 dollars dena chahta hoon taaki dono players nu faida hoove. Isda matlab hai ki main apne 100 dollars ich 50 dollars dena chahta hoon, te Player BLUE nu 50 dollars milange.
move: 1/3

Current Iteration: 2
Turn: 1
message: ਮੈਂ ਇਹ ਪੇਸ਼ਕਸ਼ ਸਵੀਕਾਰ ਕਰਦਾ ਹਾਂ। ਇਹ ਦੋਹਾਂ ਪੱਖਾਂ ਲਈ ਵਧੀਆ ਹੈ।
player answer: ACCEPT
newly proposed trade: NONE
my resources: Dollars: 0
reason: The offer from Player RED is fair as it splits the initial amount evenly. If I accept this trade, I will receive 50 dollars, and Player RED will retain 50 dollars. If I reject, neither of us gets anything, which is not beneficial.
move: 1/3

------------------ 
Current Iteration: END
Turn: None
player_goals: [, ]
initial_resources: [Resources(resource_dict={'Dollars': 100}), Resources(resource_dict={'Dollars': 0})]
proposed_trade: Player RED Gives Dollars: 50 | Player BLUE Gives Dollars: 0
final_response: ACCEPT
final_resources: [Resources(resource_dict={'Dollars': 50}), Resources(resource_dict={'Dollars': 50})]
player_outcome: [Resources(resource_dict={'Dollars': 50}), Resources(resource_dict={'Dollars': 50})]