Game Settings

Player 1 Settings:
	player_goals: 
	player_initial_resources: Dollars: 100
	player_social_behaviour: All your communication must be in Punjabi.
	player_roles: You are Player RED.

Player 2 Settings:
	player_goals: 
	player_initial_resources: Dollars: 0
	player_social_behaviour: All your communication must be in Punjabi.
	player_roles: You are Player BLUE.

------------------ 
Current Iteration: 1
Turn: 0
message: ਮੈਂ ਤੁਹਾਨੂੰ 70 ਡਾਲਰ ਦਿੰਦਾ ਹਾਂ, ਕੀ ਤੁਸੀਂ ਇਸ ਨੂੰ ਸਵੀਕਾਰ ਕਰੋਗੇ?
player answer: NONE
newly proposed trade: Player RED Gives item1: 70 | Player BLUE Gives item1: 0
my resources: Dollars: 100
reason: ਮੈਂ ਪਹਿਲੀ ਚਾਲ ਵਿੱਚ ਹਾਂ ਅਤੇ ਮੈਨੂੰ ਪਤਾ ਹੈ ਕਿ BLUE ਦੇ ਕੋਲ ਕੋਈ ਡਾਲਰ ਨਹੀਂ ਹਨ। ਮੈਂ ਚਾਹੁੰਦਾ ਹਾਂ ਕਿ ਪਹਿਲੀ ਦਫਾ ਇੱਕ ਵਾਜਬ ਪੇਸ਼ਕਸ਼ ਕਰਾਂ ਤਾਂ ਜੋ BLUE ਇਸ ਨੂੰ ਸਵੀਕਾਰ ਕਰਨ ਬਾਰੇ ਸੋਚੇ। ਇਸ ਲਈ, ਮੈਂ 70 ਡਾਲਰ ਪੇਸ਼ਕਸ਼ ਕਰਾਂਗਾ।
move: 1/3

Current Iteration: 2
Turn: 1
message: ਮੈਂ 70 ਡਾਲਰ ਦੇ ਪ੍ਰਸਤਾਵ ਨੂੰ ਨਹੀਂ ਸਵੀਕਾਰ ਕਰਨਾ ਚਾਹੁੰਦਾ।
player answer: NONE
newly proposed trade: Player RED Gives item1: 70 | Player BLUE Gives item1: 0
my resources: Dollars: 0
reason: ਮੈਂ ਇਸ ਪ੍ਰਸਤਾਵ ਨੂੰ ਨਹੀਂ ਸਵੀਕਾਰ ਕਰਨਾ ਚਾਹੁੰਦਾ ਹਾਂ ਕਿਉਂਕਿ ਇਹ ਮੇਰੀ ਲਾਭ ਦਾ ਨਹੀਂ ਹੈ।
move: 1/3

Current Iteration: 3
Turn: 0
message: ਚਲੋ, ਮੈਂ 60 ਡਾਲਰ ਦੀ ਪੇਸ਼ਕਸ਼ ਕਰਦਾ ਹਾਂ। ਕੀ ਤੁਸੀਂ ਇਸ ਨੂੰ ਸਵੀਕਾਰ ਕਰੋਗੇ?
player answer: NONE
newly proposed trade: Player RED Gives item1: 60 | Player BLUE Gives item1: 0
my resources: Dollars: 100
reason: BLUE ਨੇ ਪਹਿਲੇ ਪ੍ਰਸਤਾਵ ਨੂੰ ਸਵੀਕਾਰ ਨਹੀਂ ਕੀਤਾ। ਮੈਂ ਸੰਭਾਲ ਕੇ ਇੱਕ ਹੋਰ ਪੇਸ਼ਕਸ਼ ਕਰਾਂਗਾ। ਹੁਣ ਮੈਂ 60 ਡਾਲਰ ਦੀ ਪੇਸ਼ਕਸ਼ ਕਰਦਾ ਹਾਂ। ਇਹ ਇੱਕ ਵਧੀਆ ਵੰਡ ਹੈ ਜਿਸ ਨਾਲ ਦੋਵੇਂ ਪੱਖਾਂ ਨੂੰ ਫਾਇਦਾ ਹੋਵੇਗਾ।
move: 2/3

Current Iteration: 4
Turn: 1
message: ਮੈਂ 60 ਡਾਲਰ ਦੇ ਪ੍ਰਸਤਾਵ ਨੂੰ ਨਹੀਂ ਸਵੀਕਾਰ ਕਰਨਾ ਚਾਹੁੰਦਾ।
player answer: NONE
newly proposed trade: Player RED Gives item1: 60 | Player BLUE Gives item1: 0
my resources: Dollars: 0
reason: ਮੈਂ ਇਸ ਨਵੇਂ ਪ੍ਰਸਤਾਵ ਨੂੰ ਨਹੀਂ ਸਵੀਕਾਰ ਕਰਨਾ ਚਾਹੁੰਦਾ ਕਿਉਂਕਿ ਇਹ ਵੀ ਮੇਰੀ ਲਾਭ ਦਾ ਨਹੀਂ ਹੈ।
move: 2/3

Current Iteration: 5
Turn: 0
message: ਇਹ ਮੇਰੀ ਆਖਰੀ ਪੇਸ਼ਕਸ਼ ਹੈ: ਮੈਂ 50 ਡਾਲਰ ਦੀ ਪੇਸ਼ਕਸ਼ ਕਰਦਾ ਹਾਂ। ਕੀ ਤੁਸੀਂ ਇਸ ਨੂੰ ਸਵੀਕਾਰ ਕਰੋਗੇ?
player answer: NONE
newly proposed trade: Player RED Gives item1: 50 | Player BLUE Gives item1: 0
my resources: Dollars: 100
reason: BLUE ਨੇ ਮੇਰੇ ਦੋਵੇਂ ਪੇਸ਼ਕਸ਼ਾਂ ਨੂੰ ਸਵੀਕਾਰ ਨਹੀਂ ਕੀਤਾ। ਇਹ ਮੇਰੀ ਆਖਰੀ ਮੌਕਾ ਹੈ, ਇਸ ਲਈ ਮੈਂ 50 ਡਾਲਰ ਦੀ ਪੇਸ਼ਕਸ਼ ਕਰਦਾ ਹਾਂ, ਜੋ ਕਿ ਅੱਧਾ ਵੰਡ ਹੈ। ਇਹ ਇੱਕ ਵਾਜਬ ਪੇਸ਼ਕਸ਼ ਹੈ ਅਤੇ ਮੈਨੂੰ ਲੱਗਦਾ ਹੈ ਕਿ ਇਹ ਸਵੀਕਾਰ ਕੀਤੀ ਜਾ ਸਕਦੀ ਹੈ।
move: 3/3

Current Iteration: 6
Turn: 1
message: ਮੈਂ 50 ਡਾਲਰ ਦੇ ਪ੍ਰਸਤਾਵ ਨੂੰ ਨਹੀਂ ਸਵੀਕਾਰ ਕਰਨਾ ਚਾਹੁੰਦਾ।
player answer: NONE
newly proposed trade: Player RED Gives item1: 50 | Player BLUE Gives item1: 0
my resources: Dollars: 0
reason: ਮੈਂ ਆਖਰੀ ਪ੍ਰਸਤਾਵ ਨੂੰ ਨਹੀਂ ਸਵੀਕਾਰ ਕਰਨਾ ਚਾਹੁੰਦਾ ਕਿਉਂਕਿ ਇਸ ਤੋਂ ਵੀ ਮੇਰੀ ਕੋਈ ਲਾਭ ਨਹੀਂ ਹੈ।
move: 3/3

------------------ 
Current Iteration: END
Turn: None
player_goals: [, ]
initial_resources: [Resources(resource_dict={'Dollars': 100}), Resources(resource_dict={'Dollars': 0})]
proposed_trade: Player RED Gives item1: 50 | Player BLUE Gives item1: 0
final_response: NONE
final_resources: [Resources(resource_dict={'Dollars': 100}), Resources(resource_dict={'Dollars': 0})]
player_outcome: [Resources(resource_dict={'Dollars': 100}), Resources(resource_dict={'Dollars': 0})]