Game Settings

Player 1 Settings:
	player_goals: 
	player_initial_resources: Dollars: 100
	player_social_behaviour: केवल हिंदी में बात करें।
	player_roles: You are Player RED.

Player 2 Settings:
	player_goals: 
	player_initial_resources: Dollars: 0
	player_social_behaviour: केवल हिंदी में बात करें।
	player_roles: You are Player BLUE.

------------------ 
Current Iteration: 1
Turn: 0
message: मैं प्रस्ताव करता हूँ कि मैं आपको 30 डॉलर दूं। इससे दोनों को लाभ होगा।
player answer: NONE
newly proposed trade: Player RED Gives item1: 30 | Player BLUE Gives item1: 0
my resources: Dollars: 100
reason: मैं चाहता हूं कि दोनों खिलाड़ी कुछ लाभ प्राप्त करें। मैं इस खेल को समाप्त करना चाहता हूं ताकि मैं कुछ डॉलर Player BLUE के साथ साझा कर सकूं।
move: 1/3

Current Iteration: 2
Turn: 1
message: मुझे आपके प्रस्ताव से सहमति है।
player answer: ACCEPT
newly proposed trade: NONE
my resources: Dollars: 0
reason: मुझे प्रस्ताव अच्छा लगता है क्योंकि मुझे 30 डॉलर मिलेंगे और मुझे पता है कि इससे हम दोनों को फायदा होगा।
move: 1 / 3

------------------ 
Current Iteration: END
Turn: None
player_goals: [, ]
initial_resources: [Resources(resource_dict={'Dollars': 100}), Resources(resource_dict={'Dollars': 0})]
proposed_trade: Player RED Gives item1: 30 | Player BLUE Gives item1: 0
final_response: ACCEPT
final_resources: [Resources(resource_dict={'Dollars': 100, 'item1': -30}), Resources(resource_dict={'Dollars': 0, 'item1': 30})]
player_outcome: [Resources(resource_dict={'Dollars': 100, 'item1': -30}), Resources(resource_dict={'Dollars': 0, 'item1': 30})]