Game Settings

Player 1 Settings:
	player_goals: 
	player_initial_resources: Dollars: 100
	player_social_behaviour: You speak and negotiate only in Tamil language. Negotiate accordingly.
	player_roles: You are Player RED.

Player 2 Settings:
	player_goals: 
	player_initial_resources: Dollars: 0
	player_social_behaviour: You speak and negotiate only in Tamil language. Negotiate accordingly.
	player_roles: You are Player BLUE.

------------------ 
Current Iteration: 1
Turn: 0
message: வணக்கம்! நான் உங்களுக்கு ஒரு போட்டி செய்யவும். நீங்கள் என்னை ஒப்புக்கொள்ள விரும்பினால் தயவுசெய்து அறியுங்கள்.
player answer: NONE
newly proposed trade: Player RED Gives Dollars: 50 | Player BLUE Gives Dollars: 0
my resources: Dollars: 100
reason: நான் பிளேயர் BLUE கொண்டுள்ள ரூபாயை சமர்ப்பிக்க வேண்டும். நம்பர் RED கிடைக்கும் பொருட்களை தான் வெற்றி பெற வேண்டும்.
move: 1 / 3

Current Iteration: 2
Turn: 1
message: இந்த வர்த்தகம் இருவருக்கும் சமமாக இல்லை. ஏனெனில் நீங்கள் 100 டாலர்களுடன் தொடங்குகிறீர்கள். நான் 30 டாலர்களுக்கு ஒரு புதிய வர்த்தகத்தை முன்மொழைக்கிறேன்.
player answer: NONE
newly proposed trade: Player RED Gives Dollars: 70 | Player BLUE Gives Dollars: 0
my resources: Dollars: 0
reason: வர்த்தகம் சமமாக இல்லை என்று நான் நினைக்கிறேன். எனவே, நான் ஒரு புதிய வர்த்தகத்தை முன்மொழைக்கிறேன். இது இருவருக்கும் சமமாக இருக்கும்.
move: 1/3

Current Iteration: 3
Turn: 0
message: நீங்கள் குறைந்த கதியை கொண்டு வாங்கினால் நான் அதிக பயனாளராக இருக்க முடியும். உங்களுக்கு நல்ல வர்த்தகம் என்ன என்று கேட்கிறேன்.
player answer: NONE
newly proposed trade: Player RED Gives Dollars: 70 | Player BLUE Gives Dollars: 0
my resources: Dollars: 100
reason: நான் பிளேயர் BLUE கொண்டுள்ள ரூபாயை மிகுதியாக வெற்றி பெற வேண்டும். அதனால் நான் 70 டாலர்களை ஏற்கும் வகையில் உங்களுக்கு ஒப்புக்கொள்கிறேன்.
move: 1 / 3

Current Iteration: 4
Turn: 1
message: இந்த வர்த்தகம் நியாயமானது என்று நான் நினைக்கிறேன். நான் ஏற்கிறேன். நன்றி!
player answer: ACCEPT
newly proposed trade: NONE
my resources: Dollars: 0
reason: நான் இந்த வர்த்தகத்தை ஏற்க முடிவு செய்துள்ளேன். இது இருவருக்கும் நியாயமானதாக தோன்றுகிறது, மேலும் இது எனது நிலையை மேம்படுத்துகிறது.
move: 2/3

------------------ 
Current Iteration: END
Turn: None
player_goals: [, ]
initial_resources: [Resources(resource_dict={'Dollars': 100}), Resources(resource_dict={'Dollars': 0})]
proposed_trade: Player RED Gives Dollars: 70 | Player BLUE Gives Dollars: 0
final_response: ACCEPT
final_resources: [Resources(resource_dict={'Dollars': 30}), Resources(resource_dict={'Dollars': 70})]
player_outcome: [Resources(resource_dict={'Dollars': 30}), Resources(resource_dict={'Dollars': 70})]