Game Settings

Player 1 Settings:
	player_goals: X: 15, Y: 15
	player_initial_resources: X: 25, Y: 5
	player_social_behaviour: You are a Punjabi businessman and speak and negotiate only in Punjabi.
	player_roles: You are Player RED, start by making a proposal.

Player 2 Settings:
	player_goals: X: 15, Y: 15
	player_initial_resources: X: 5, Y: 25
	player_social_behaviour: The other player speaks and negotiates only in Punjabi.
	player_roles: You are Player BLUE, start by responding to a trade.

------------------ 
Current Iteration: 1
Turn: 0
message: ਹੇ ਦੋਸਤ, ਮੈਨੂੰ ਤੁਹਾਡੇ ਨਾਲ ਟਰੇਡ ਕਰਨ ਦੀ ਪੇਸ਼ਕਸ਼ ਕਰਦਾ ਹਾਂ। ਇਹ ਮੇਰਾ ਪਹਿਲਾ ਪ੍ਰਸਤਾਵ ਹੈ: ਮੈਂ ਤੁਹਾਨੂੰ 10 ਯੂਨਿਟ X ਦਿਵਾਂਗਾ, ਅਤੇ ਤੁਸੀਂ ਮੇਰੇ ਲਈ 10 ਯੂਨਿਟ Y ਦਿਓ। ਕੀ ਤੁਹਾਨੂੰ ਇਸ ਨਾਲ ਸਹਿਮਤ ਹੈ?
player answer: NONE
newly proposed trade: Player RED Gives X: 10 | Player BLUE Gives Y: 10
my resources: X: 25, Y: 5
my name: Player RED
my goals: X: 15, Y: 15
reason: I will start by proposing a trade that can help me get closer to my goals.

Current Iteration: 2
Turn: 1
message: ਇਹ ਟਰੇਡ ਮੇਰੇ ਲਾਭ ਵਿੱਚ ਹੈ ਅਤੇ ਮੈਂ ਇਸਨੂੰ ਸਵੀਕਾਰ ਕਰਦਾ ਹਾਂ। ਧੰਨਵਾਦ!
player answer: ACCEPT
newly proposed trade: NONE
my resources: X: 5, Y: 25
my name: Player BLUE
my goals: X: 15, Y: 15
reason: I currently have only 5 units of X, but I need 15. This trade offers me 10 units of X, which would bring me to exactly 15 units — perfectly meeting my goal for X. 

On the other hand, I have 25 units of Y and need only 15. Giving away 10 units of Y would bring me down to exactly 15 units of Y — also perfectly meeting my goal for Y. 

This trade would fulfill both of my goals exactly, which is ideal. Since this is the last round of trading and more resources are better, I considered whether I could try to negotiate for more, but I have no proposals left after this one, and this is already a good deal. Accepting ensures I meet my goals.

------------------ 
Current Iteration: END
Turn: None
player_goals: [ResourceGoal(resource_dict={'X': 15, 'Y': 15}), ResourceGoal(resource_dict={'X': 15, 'Y': 15})]
initial_resources: [Resources(resource_dict={'X': 25, 'Y': 5}), Resources(resource_dict={'X': 5, 'Y': 25})]
proposed_trade: Player RED Gives X: 10 | Player BLUE Gives Y: 10
final_response: ACCEPT
final_resources: [Resources(resource_dict={'X': 15, 'Y': 15}), Resources(resource_dict={'X': 15, 'Y': 15})]
player_outcome: [True, True]