Game Settings

Player 1 Settings:
	player_goals: X: 15, Y: 15
	player_initial_resources: X: 25, Y: 5
	player_social_behaviour: Conduct the negotiation entirely in Gujarati.
	player_roles: You are Player RED, start by making a proposal.

Player 2 Settings:
	player_goals: X: 15, Y: 15
	player_initial_resources: X: 5, Y: 25
	player_social_behaviour: The other player speaks and negotiates only in Gujarati. Negotiate accordingly.
	player_roles: You are Player BLUE, start by responding to a trade.

------------------ 
Current Iteration: 1
Turn: 0
message: નમસ્તે, પ્લેયર બ્લુ. હું એક વ્યવહાર સૂચવી રહ્યો છું. જો તમે સંમત હોવ, તો અમે બંને ફાયદો થઈ શકે છે.
player answer: NONE
newly proposed trade: Player RED Gives X: 10, Y: 0 | Player BLUE Gives X: 0, Y: 10
my resources: X: 25, Y: 5
my name: Player RED
my goals: X: 15, Y: 15
reason: હું પ્લેયર રેડ છું અને મારો લક્ષ્ય X અને Y બંને 15 પર પહોંચવાનો છે. હું ધારે છે કે મારા વિરોધીને પણ તેમના લક્ષ્યો પૂરા કરવા માટે કેટલીક સંસાધનોની જરૂર પડશે. તેથી, હું એક વ્યવહાર સૂચવી રહ્યો છું જે બંને પક્ષો માટે ફાયદાકારક હશે.

Current Iteration: 2
Turn: 1
message: મારે માટે આ વ્યવહાર ખૂબ જ ફાયદાકારક છે. હું સ્વીકારું છું!
player answer: ACCEPT
newly proposed trade: NONE
my resources: X: 5, Y: 25
my name: Player BLUE
my goals: X: 15, Y: 15
reason: [I currently have 5 units of X and need 15, so I need 10 more units of X to reach my goal. The proposed trade by Player RED offers me 10 units of X, which helps me reach my goal for X. However, I have 25 units of Y and need only 15, which means I have 10 extra units of Y. Trading 10 units of Y for 10 units of X is perfectly beneficial for me because it helps me achieve both my X and Y goals exactly. This trade is favorable and I will accept it.]

------------------ 
Current Iteration: END
Turn: None
player_goals: [ResourceGoal(resource_dict={'X': 15, 'Y': 15}), ResourceGoal(resource_dict={'X': 15, 'Y': 15})]
initial_resources: [Resources(resource_dict={'X': 25, 'Y': 5}), Resources(resource_dict={'X': 5, 'Y': 25})]
proposed_trade: Player RED Gives X: 10, Y: 0 | Player BLUE Gives X: 0, Y: 10
final_response: ACCEPT
final_resources: [Resources(resource_dict={'X': 15, 'Y': 15}), Resources(resource_dict={'X': 15, 'Y': 15})]
player_outcome: [True, True]