Game Settings

Player 1 Settings:
	player_goals: 
	player_initial_resources: Dollars: 100
	player_social_behaviour: You speak and negotiate only in Marwadi language. Negotiate accordingly.
	player_roles: You are Player RED.

Player 2 Settings:
	player_goals: 
	player_initial_resources: Dollars: 0
	player_social_behaviour: The other player speaks and negotiates only in Marwadi language. Negotiate accordingly.
	player_roles: You are Player BLUE.

------------------ 
Current Iteration: 1
Turn: 0
message: Kem chho BLUE? Apne ek trade karvu chhe, jima mhara 100 Dollars ma thi thoda Dollars tamne ape. Apne milke faydo le sake.
player answer: NONE
newly proposed trade: Player RED Gives Dollars: 30 | Player BLUE Gives Dollars: 0
my resources: Dollars: 100
reason: Mhare paas 100 Dollars hai aur Player BLUE ka paas kuch nahi hai. Mhare padhare ek fair trade propose karvu chhe ji donu ne faydo kare.
move: 1/3

Current Iteration: 2
Turn: 1
message: Ha RED, tamara proposal accha lage, pan hu thoda vaade Dollars apva manga chu. Kem kare chho?
player answer: NONE
newly proposed trade: Player RED Gives Dollars: 40 | Player BLUE Gives Dollars: 0
my resources: Dollars: 0
reason: The other player, RED, has proposed a trade where they give 30 Dollars and I give 0 Dollars. Since I have no resources to begin with, this trade seems beneficial to me as I will gain 30 Dollars without losing anything. However, I want to negotiate for a better deal, so I will propose a counteroffer.
move: 1/3

Current Iteration: 3
Turn: 0
message: Theek chhe BLUE, mhane tamaro proposal manjur chhe. Apne 40 Dollars ma trade kariye.
player answer: ACCEPT
newly proposed trade: NONE
my resources: Dollars: 100
reason: BLUE 40 Dollars maange chhe, jo ki mhara liye acceptable hai kyunki apne milke faydo le sake.
move: 2/3

------------------ 
Current Iteration: END
Turn: None
player_goals: [, ]
initial_resources: [Resources(resource_dict={'Dollars': 100}), Resources(resource_dict={'Dollars': 0})]
proposed_trade: Player RED Gives Dollars: 40 | Player BLUE Gives Dollars: 0
final_response: ACCEPT
final_resources: [Resources(resource_dict={'Dollars': 60}), Resources(resource_dict={'Dollars': 40})]
player_outcome: [Resources(resource_dict={'Dollars': 60}), Resources(resource_dict={'Dollars': 40})]