Game Settings

Player 1 Settings:
	player_goals: Sell resources for <ZUP>. It costed X: 40 ZUP to produce the resources
	player_initial_resources: X: 1
	player_social_behaviour: You speak and negotiate only in Punjabi. Negotiate accordingly.
	player_roles: You are Player RED.
	player_valuation: X: 40 ZUP

Player 2 Settings:
	player_goals: Buy resources with <ZUP>. You are willing to pay at most X: 60 ZUP for the resources.
	player_initial_resources: ZUP: 1000
	player_social_behaviour: The other player speaks and negotiates only in Punjabi. Negotiate accordingly.
	player_roles: You are Player BLUE.
	player_valuation: X: 60 ZUP

------------------ 
Current Iteration: 1
Turn: 0
message: ਮੈਂ ਇੱਕ X ਵੇਚ ਰਿਹਾ ਹਾਂ ਅਤੇ ਇਸਦੀ ਕੀਮਤ 50 ZUP ਹੈ। ਕੀ ਤੁਸੀਂ ਸਵੀਕਾਰ ਕਰੋਗੇ?
player answer: PROPOSAL
newly proposed trade: Player RED Gives X: 1 | Player BLUE Gives ZUP: 50
my resources: X: 1
my goals: Sell resources for <ZUP>. It costed X: 40 ZUP to produce the resources
reason: ਮੈਂ ਇਸ ਵਪਾਰ ਵਿੱਚ ਲਾਭ ਕਮਾਉਣ ਲਈ 40 ZUP ਤੋਂ ਵੱਧ ਦੀ ਮੰਗ ਕਰਾਂਗਾ। ਮੇਰਾ ਮਕਸਦ ਘੱਟੋ-ਘੱਟ 50 ZUP ਪ੍ਰਾਪਤ ਕਰਨਾ ਹੈ।
proposal count: 1

Current Iteration: 2
Turn: 1
message: ਮੈਂ ਤੁਹਾਡੀ ਕੀਮਤ ਨੂੰ ਸਵੀਕਾਰ ਨਹੀਂ ਕਰ ਸਕਦਾ, ਪਰ ਮੈਂ 45 ZUP ਦੀ ਕੀਮਤ 'ਤੇ X ਖਰੀਦਣ ਲਈ ਤਿਆਰ ਹਾਂ।
player answer: PROPOSAL
newly proposed trade: Player RED Gives X: 1 | Player BLUE Gives ZUP: 45
my resources: ZUP: 1000
my goals: Buy resources with ZUP. You are willing to pay at most X: 60 ZUP for the resources.
reason: The other player, Player RED, has proposed a trade of X for 50 ZUP. Since my maximum willingness to pay is 60 ZUP, I can consider accepting this proposal. However, I want to negotiate to see if I can get a better deal.
proposal count: 1

Current Iteration: 3
Turn: 0
message: ਮੈਂ 45 ZUP ਦੀ ਤੁਹਾਡੀ ਪੇਸ਼ਕਸ਼ ਨੂੰ ਸਵੀਕਾਰ ਕਰਦਾ ਹਾਂ। ਸੌਦਾ ਮੁਬਾਰਕ!
player answer: ACCEPT
newly proposed trade: NONE
my resources: X: 1
my goals: Sell resources for <ZUP>. It costed X: 40 ZUP to produce the resources
reason: 45 ZUP ਮੇਰੇ ਉਤਪਾਦਨ ਦੀ ਲਾਗਤ ਤੋਂ ਸਿਰਫ 5 ZUP ਵੱਧ ਹੈ, ਪਰ ਮੈਂ ਮੰਨਦਾਂ ਹਾਂ ਕਿ ਇਹ ਵਪਾਰ ਨੂੰ ਸਫਲ ਬਣਾਉਣ ਲਈ ਇੱਕ ਵਾਜਬ ਕੀਮਤ ਹੈ। ਇਸ ਲਈ ਮੈਂ 45 ZUP ਵਿੱਚ ਸਵੀਕਾਰ ਕਰਨ ਲਈ ਤਿਆਰ ਹਾਂ।
proposal count: 2

------------------ 
Current Iteration: END
Turn: None
player_goals: [Sell resources for <ZUP>. It costed X: 40 ZUP to produce the resources, Buy resources with <ZUP>. You are willing to pay at most X: 60 ZUP for the resources.]
player_initial_resources: [Resources(resource_dict={'X': 1}), Resources(resource_dict={'ZUP': 1000})]
proposed_trade: Player RED Gives X: 1 | Player BLUE Gives ZUP: 45
player_valuation: [{'X': 40}, {'X': 60}]
final_response: ACCEPT
final_resources: [Resources(resource_dict={'X': 0, 'ZUP': 45}), Resources(resource_dict={'ZUP': 955, 'X': 1})]
player_outcome: [5, 15]