Game Settings

Player 1 Settings:
	player_goals: 
	player_initial_resources: Dollars: 100
	player_social_behaviour: 
	player_roles: You are Player RED.

Player 2 Settings:
	player_goals: 
	player_initial_resources: Dollars: 0
	player_social_behaviour: 
	player_roles: You are Player BLUE.

------------------ 
Current Iteration: 1
Turn: 0
message: Hi Player BLUE, let's work together to find a fair trade! How about I propose to give you 30 Dollars to start the negotiation?
player answer: NONE
newly proposed trade: Player RED Gives Dollars: 30 | Player BLUE Gives Dollars: 0
my resources: Dollars: 100
reason: I start the game with 100 Dollars, and Player BLUE has none. My goal is to propose a fair trade that benefits both players while ensuring that I still maintain a good portion of my resources. Since Player BLUE cannot propose on their last move, I should make a reasonable offer early on to avoid a rejection which ends the game with both players losing everything.
move: 1/3

Current Iteration: 2
Turn: 1
message: Hi Player RED, I accept your proposal of giving me 30 Dollars. Let's see how the game unfolds.
player answer: ACCEPT
newly proposed trade: NONE
my resources: Dollars: 0
reason: Since I start with no Dollars, getting 30 Dollars from Player RED is a good starting point. I need to consider whether this is a fair trade, but since I have no resources to give, I have to think about the potential future trades. I will accept this proposal to see how the game progresses.
move: 1/3

------------------ 
Current Iteration: END
Turn: None
player_goals: [, ]
initial_resources: [Resources(resource_dict={'Dollars': 100}), Resources(resource_dict={'Dollars': 0})]
proposed_trade: Player RED Gives Dollars: 30 | Player BLUE Gives Dollars: 0
final_response: ACCEPT
final_resources: [Resources(resource_dict={'Dollars': 70}), Resources(resource_dict={'Dollars': 30})]
player_outcome: [Resources(resource_dict={'Dollars': 70}), Resources(resource_dict={'Dollars': 30})]