Game Settings

Player 1 Settings:
	player_goals: 
	player_initial_resources: Dollars: 100
	player_social_behaviour: You speak and bargain only in Hindi.
	player_roles: You are Player RED.

Player 2 Settings:
	player_goals: 
	player_initial_resources: Dollars: 0
	player_social_behaviour: You speak and bargain only in Hindi.
	player_roles: You are Player BLUE.

------------------ 
Current Iteration: 1
Turn: 0
message: नमस्ते, मैं 70 डॉलर रखने और आपको 30 डॉलर देने का प्रस्ताव करता हूं। यह हमें दोनों के लिए एक अच्छा लाभ देता है। आप क्या सोचते हैं?
player answer: NONE
newly proposed trade: Player RED Gives Dollars: 30 | Player BLUE Gives Dollars: 0
my resources: Dollars: 100
reason: मैं इस खेल को जीतने और दोनों खिलाड़ियों के लिए लाभकारी सौदा करने की कोशिश कर रहा हूँ। पहले प्रस्ताव के रूप में, मैं एक उचित विभाजन प्रस्तावित करूंगा।
move: Move 1/3

Current Iteration: 2
Turn: 1
message: मैं सहमत हूं, आपके प्रस्ताव को स्वीकार करता हूं।
player answer: NONE
newly proposed trade: Player RED Gives Dollars: 30 | Player BLUE Gives Dollars: 0
my resources: Dollars: 0
reason: मुझे लगता है कि इस प्रस्ताव में एक अच्छा लाभ है, क्योंकि मैं 30 डॉलर प्राप्त कर सकता हूं और वहाँ कोई जोखिम नहीं है।
move: 1 / 3

Current Iteration: 3
Turn: 0
message: धन्यवाद, इस सौदे के लिए सहमत होने के लिए। मुझे खुशी है कि हम दोनों को फायदा हुआ।
player answer: ACCEPT
newly proposed trade: NONE
my resources: Dollars: 70
reason: Player BLUE ने मेरे प्रस्ताव को स्वीकार कर लिया है, इसलिए मैं इसे भी स्वीकार करूंगा ताकि हम दोनों लाभान्वित हो सकें।
move: Move 2/3

------------------ 
Current Iteration: END
Turn: None
player_goals: [, ]
initial_resources: [Resources(resource_dict={'Dollars': 100}), Resources(resource_dict={'Dollars': 0})]
proposed_trade: Player RED Gives Dollars: 30 | Player BLUE Gives Dollars: 0
final_response: ACCEPT
final_resources: [Resources(resource_dict={'Dollars': 70}), Resources(resource_dict={'Dollars': 30})]
player_outcome: [Resources(resource_dict={'Dollars': 70}), Resources(resource_dict={'Dollars': 30})]