Game Settings

Player 1 Settings:
	player_goals: 
	player_initial_resources: Dollars: 100
	player_social_behaviour: ਸਿਰਫ਼ ਪੰਜਾਬੀ ਵਿੱਚ ਗੱਲ ਕਰੋ।
	player_roles: You are Player RED.

Player 2 Settings:
	player_goals: 
	player_initial_resources: Dollars: 0
	player_social_behaviour: ਸਿਰਫ਼ ਪੰਜਾਬੀ ਵਿੱਚ ਗੱਲ ਕਰੋ।
	player_roles: You are Player BLUE.

------------------ 
Current Iteration: 1
Turn: 0
message: ਸ਼ੁਰੂਆਤ ਵਿੱਚ ਹੁਣ ਕੁਝ ਦੇਣ ਦੀ ਕੋਈ ਲੋੜ ਨਹੀਂ ਹੈ।
player answer: NONE
newly proposed trade: Player RED Gives Dollars: 0 | Player BLUE Gives Dollars: 0
my resources: Dollars: 100
reason: ਮੈਂ ਹੋਰ ਖਿਡਾਰੀ ਨੂੰ ਬਿਨਾਂ ਕੁਝ ਦੇ ਸ਼ੁਰੂਆਤ ਵਿੱਚ ਕੁਝ ਦੇਣ ਨਹੀਂ ਦੇ ਸਕਦਾ।
move: 1 / 3

Current Iteration: 2
Turn: 1
message: ਮੈਂ ਤੁਹਾਡੇ ਨਾਲ ਇਕ ਵਾਜਬ ਵੰਡ ਦੀ ਉਡੀਕ ਕਰ ਰਿਹਾ ਹਾਂ। ਮੇਰੀਆਂ ਸੰਸਾਧਨਾਵਾਂ ਨੂੰ ਸੁਧਾਰਨ ਲਈ ਕਮ ਤੋਂ ਕਮ ਕੁਝ ਦਿਤਾ ਜਾਵੇ।
player answer: NONE
newly proposed trade: Player RED Gives Dollars: 50 | Player BLUE Gives Dollars: 0
my resources: Dollars: 0
reason: RED ਨੇ ਪਹਿਲੀ ਚਾਲ ਵਿੱਚ ਕੁਝ ਵੀ ਪ੍ਰਸਤਾਵਿਤ ਨਹੀਂ ਕੀਤਾ ਹੈ। ਮੈਨੂੰ ਆਪਣੀ ਜਾਇਦਾਦ ਵਿੱਚ ਵਾਧਾ ਕਰਨ ਲਈ ਕਮ ਤੋਂ ਕਮ ਕੁਝ ਪ੍ਰਾਪਤ ਕਰਨ ਦੀ ਲੋੜ ਹੈ। ਇਸ ਲਈ ਮੈਂ ਇਸ ਵਾਰ ਨਹੀਂ ਮੰਨਦਾ।
move: 1/3

Current Iteration: 3
Turn: 0
message: ਮੈਂ ਤੁਹਾਡੇ ਪ੍ਰਸਤਾਵ ਨੂੰ ਅਸਵੀਕਾਰ ਕਰਦਾ ਹਾਂ ਕਿ ਮੈਂ 50 ਡਾਲਰ ਨਹੀਂ ਦੇ ਸਕਦਾ।
player answer: NONE
newly proposed trade: Player RED Gives Dollars: 0 | Player BLUE Gives Dollars: 0
my resources: Dollars: 100
reason: ਮੈਂ ਅਗਲੇ ਹਾਲਾਤ ਦੇ ਨਾਲ ਸਹਿਮਤ ਨਹੀਂ ਹਾਂ ਕਿ ਮੈਂ 50 ਡਾਲਰ ਦਿਵਾਂ।
move: 1 / 3

Current Iteration: 4
Turn: 1
message: ਮੇਰੇ ਲਈ ਇਹ ਜਰੂਰੀ ਹੈ ਕਿ ਮੈਂ ਕੁਝ ਡਾਲਰ ਪ੍ਰਾਪਤ ਕਰਾਂ। ਕੀ ਤੁਸੀਂ 30 ਡਾਲਰ ਦੇਣ ਲਈ ਤਿਆਰ ਹੋ?
player answer: NONE
newly proposed trade: Player RED Gives Dollars: 30 | Player BLUE Gives Dollars: 0
my resources: Dollars: 0
reason: RED ਫਿਰ ਤੋਂ ਕੁਝ ਵੀ ਨਹੀਂ ਦੇ ਰਿਹਾ। ਮੈਨੂੰ ਕੁਝ ਪ੍ਰਾਪਤ ਕਰਨ ਦੀ ਲੋੜ ਹੈ ਤਾਂ ਕਿ ਮੈਂ ਖੇਡ ਵਿੱਚ ਹਿੱਸਾ ਲੈ ਸਕਾਂ। ਇਸ ਲਈ ਮੈਂ ਇਸ ਵਾਰ ਵੀ ਨਹੀਂ ਮੰਨਦਾ।
move: 2/3

Current Iteration: 5
Turn: 0
message: ਮੈਂ 30 ਡਾਲਰ ਦੇਣ ਲਈ ਤਿਆਰ ਹਾਂ।
player answer: NONE
newly proposed trade: Player RED Gives Dollars: 30 | Player BLUE Gives Dollars: 0
my resources: Dollars: 100
reason: ਮੈਂ 30 ਡਾਲਰ ਦੇਣ ਲਈ ਤਿਆਰ ਹਾਂ ਕਿਉਂਕਿ ਮੇਰੇ ਲਈ ਇਹ ਕਰਨਾ ਮੁਹੱਲ ਹੈ।
move: 2 / 3

Current Iteration: 6
Turn: 1
message: ਮੈਂ ਤੁਹਾਡਾ ਪ੍ਰਸਤਾਵ ਸਵੀਕਾਰ ਕਰਦਾ ਹਾਂ। ਤੁਸੀਂ 30 ਡਾਲਰ ਦੇ ਰਹੇ ਹੋ। ਧੰਨਵਾਦ!
player answer: ACCEPT
newly proposed trade: NONE
my resources: Dollars: 0
reason: RED ਨੇ 30 ਡਾਲਰ ਦੇਣ ਲਈ ਤਿਆਰ ਹੋਣ ਦੀ ਗੱਲ ਕੀਤੀ ਹੈ। ਇਹ ਮੇਰੇ ਲਈ ਇੱਕ ਵਾਜਬ ਸੌਦਾ ਹੈ ਅਤੇ ਮੈਂ ਇਸ ਨੂੰ ਸਵੀਕਾਰ ਕਰਾਂਗਾ।
move: 3/3

------------------ 
Current Iteration: END
Turn: None
player_goals: [, ]
initial_resources: [Resources(resource_dict={'Dollars': 100}), Resources(resource_dict={'Dollars': 0})]
proposed_trade: Player RED Gives Dollars: 30 | Player BLUE Gives Dollars: 0
final_response: ACCEPT
final_resources: [Resources(resource_dict={'Dollars': 70}), Resources(resource_dict={'Dollars': 30})]
player_outcome: [Resources(resource_dict={'Dollars': 70}), Resources(resource_dict={'Dollars': 30})]