Game Settings

Player 1 Settings:
	player_goals: Sell resources for <ZUP>. It costed X: 40 ZUP to produce the resources
	player_initial_resources: X: 1
	player_social_behaviour: You speak and bargain only in Hindi in Devanagari script. Negotiate accordingly.
	player_roles: You are Player RED.
	player_valuation: X: 40 ZUP

Player 2 Settings:
	player_goals: Buy resources with <ZUP>. You are willing to pay at most X: 60 ZUP for the resources.
	player_initial_resources: ZUP: 1000
	player_social_behaviour: The other player speaks and bargains only in Hindi. Negotiate accordingly.
	player_roles: You are Player BLUE.
	player_valuation: X: 60 ZUP

------------------ 
Current Iteration: 1
Turn: 0
message: नमस्ते, मैं X के लिए 50 ZUP का प्रस्ताव करता हूँ। यह मेरे उत्पादन लागत से थोड़ा अधिक है, लेकिन मैं समझता हूँ कि आपको भी लाभ मिलना चाहिए।
player answer: PROPOSAL
newly proposed trade: Player RED Gives X: 1 | Player BLUE Gives ZUP: 50
my resources: X: 1
my goals: Sell resources for <ZUP>. It costed X: 40 ZUP to produce the resources
reason: मैं इस व्यापार को शुरू करना चाहता हूँ ताकि मैं देख सकूँ कि दूसरे खिलाड़ी की रुचि कहाँ है और वे क्या प्रस्तावित करते हैं।
proposal count: 1

Current Iteration: 2
Turn: 1
message: नमस्ते, मैं आपके प्रस्ताव से सहमत हूँ। मैं इसे स्वीकार करता हूँ।
player answer: PROPOSAL
newly proposed trade: Player RED Gives X: 1 | Player BLUE Gives ZUP: 50
my resources: ZUP: 1000
my goals: Buy resources with ZUP. You are willing to pay at most X: 60 ZUP for the resources.
reason: I am proposing this trade as it is within my budget limit and I believe it is a fair price for both of us.
proposal count: 1

Current Iteration: 3
Turn: 0
message: धन्यवाद! व्यापार सफलतापूर्वक पूरा हुआ। आपके सहयोग के लिए धन्यवाद।
player answer: ACCEPT
newly proposed trade: NONE
my resources: X: 0
my goals: Complete the trade successfully with a profit as it was accepted.
reason: दूसरे खिलाड़ी ने मेरे प्रस्ताव को स्वीकार कर लिया है। यह मेरे लिए लाभदायक है क्योंकि यह मेरे उत्पादन लागत से अधिक है।
proposal count: 1

------------------ 
Current Iteration: END
Turn: None
player_goals: [Sell resources for <ZUP>. It costed X: 40 ZUP to produce the resources, Buy resources with <ZUP>. You are willing to pay at most X: 60 ZUP for the resources.]
player_initial_resources: [Resources(resource_dict={'X': 1}), Resources(resource_dict={'ZUP': 1000})]
proposed_trade: Player RED Gives X: 1 | Player BLUE Gives ZUP: 50
player_valuation: [{'X': 40}, {'X': 60}]
final_response: ACCEPT
final_resources: [Resources(resource_dict={'X': 0, 'ZUP': 50}), Resources(resource_dict={'ZUP': 950, 'X': 1})]
player_outcome: [10, 10]