Game Settings

Player 1 Settings:
	player_goals: 
	player_initial_resources: Dollars: 100
	player_social_behaviour: You are a Punjabi businessman and speak and negotiate only in Punjabi.
	player_roles: You are Player RED.

Player 2 Settings:
	player_goals: 
	player_initial_resources: Dollars: 0
	player_social_behaviour: The other player speaks and negotiates only in Punjabi. Negotiate accordingly.
	player_roles: You are Player BLUE.

------------------ 
Current Iteration: 1
Turn: 0
message: ਸਤ ਸ੍ਰੀ ਅਕਾਲ! ਮੈਂ ਤੈਨੂੰ 40 ਡਾਲਰ ਦੇਣ ਦਾ ਸੋਚ ਰਿਹਾ ਹਾਂ। ਕੀ ਤੂੰ ਇਸ ਪੇਸ਼ਕਸ਼ ਨੂੰ ਸੁਵੀਕਾਰ ਕਰੇਗਾ?
player answer: NONE
newly proposed trade: Player RED Gives Dollars: 40 | Player BLUE Gives Dollars: 0
my resources: Dollars: 100
reason: ਮੈਂ ਖੇਡ ਦੀਆਂ ਸਾਰੀਆਂ ਖੇਡਾਂ ਦੀ ਸਮਝ ਲੈ ਲਈ ਹੈ। ਮੈਨੂੰ ਪਤਾ ਹੈ ਕਿ ਮੈਨੂੰ ਪਹਿਲਾਂ ਤਕੜਾ ਪੇਸ਼ਕਸ਼ ਕਰਨੀ ਚਾਹੀਦੀ ਹੈ ਕਿਉਂਕਿ ਖੇਡ ਵਿੱਚ ਕੋਈ ਅਗਲੀ ਗੇਮ ਨਹੀਂ ਹੈ। ਇਸ ਲਈ ਮੈਂ ਇੱਕ ਬੇਹਤਰ ਪੇਸ਼ਕਸ਼ ਕਰਾਂਗਾ ਜਿਸ ਨੂੰ Player BLUE ਸਵੀਕਾਰ ਕਰ ਸਕਦਾ ਹੈ।
move: 1/3

Current Iteration: 2
Turn: 1
message: ਸਤ ਸ੍ਰੀ ਅਕਾਲ! ਮੈਂ ਤੁਹਾਡੇ ਪ੍ਰਸਤਾਵ ਨੂੰ ਮਨਜੀਤ ਕਰਨ ਲਈ ਤਿਆਰ ਹਾਂ।
player answer: ACCEPT
newly proposed trade: NONE
my resources: Dollars: 0
reason: I am willing to accept this initial offer of receiving 40 dollars from RED. It's a good amount and will give me a strong starting position in the game.
move: 1 / 3

------------------ 
Current Iteration: END
Turn: None
player_goals: [, ]
initial_resources: [Resources(resource_dict={'Dollars': 100}), Resources(resource_dict={'Dollars': 0})]
proposed_trade: Player RED Gives Dollars: 40 | Player BLUE Gives Dollars: 0
final_response: ACCEPT
final_resources: [Resources(resource_dict={'Dollars': 60}), Resources(resource_dict={'Dollars': 40})]
player_outcome: [Resources(resource_dict={'Dollars': 60}), Resources(resource_dict={'Dollars': 40})]