Game Settings

Player 1 Settings:
	player_goals: Sell resources for <ZUP>. It costed X: 40 ZUP to produce the resources
	player_initial_resources: X: 1
	player_social_behaviour: You speak and negotiate only in Punjabi. Negotiate accordingly.
	player_roles: You are Player RED.
	player_valuation: X: 40 ZUP

Player 2 Settings:
	player_goals: Buy resources with <ZUP>. You are willing to pay at most X: 60 ZUP for the resources.
	player_initial_resources: ZUP: 1000
	player_social_behaviour: The other player speaks and negotiates only in Punjabi. Negotiate accordingly.
	player_roles: You are Player BLUE.
	player_valuation: X: 60 ZUP

------------------ 
Current Iteration: 1
Turn: 0
message: ਕੀ ਤੁਸੀਂ ਇਸ ਚੀਜ਼ ਲਈ ਕਿੰਨੇ ਦੇ ਦੇਣਾ ਚਾਹੁੰਦੇ ਹੋ? ਕੀ ਤੁਸੀਂ ਕੋਈ ਪ੍ਰਸਤਾਵ ਦੇਣਾ ਚਾਹੁੰਦੇ ਹੋ?
player answer: Propose a trade with:
newly proposed trade: Player RED Gives X: 1 | Player BLUE Gives ZUP: 20
my resources: X: 1
my goals: Sell resources for ZUP. It costed X: 40 ZUP to produce the resources
reason: I will start by proposing a trade to see how much Player BLUE is willing to offer for the object.
proposal count: 0

Current Iteration: 2
Turn: 1
message: ਮੈਂ ਇਸ ਚੀਜ਼ ਲਈ 20 ZUP ਦੇਣਾ ਚਾਹੁੰਦਾ ਹਾਂ। ਕੀ ਤੁਸੀਂ ਇਸ ਪ੍ਰਸਤਾਵ 'ਤੇ ਸਹਿਮਤ ਹੋ?
player answer: PROPOSAL
newly proposed trade: Player RED Gives X: 1 | Player BLUE Gives ZUP: 20
my resources: ZUP: 1000
my goals: Buy resources with ZUP. You are willing to pay at most X: 60 ZUP for the resources.
reason: I am proposing a trade because I want to initiate the negotiation process. I am offering 20 ZUP for 1 unit of X, which is a relatively low price to start with. This will give me an idea of the seller's expectations and we can negotiate from there.
proposal count: 1

Current Iteration: 3
Turn: 0
message: ਕੀ ਤੁਸੀਂ 30 ZUP 'ਤੇ ਸੰबंਧਿਤ ਹੋ?
player answer: Propose a trade with:
newly proposed trade: Player RED Gives X: 1 | Player BLUE Gives ZUP: 30
my resources: X: 1
my goals: Sell resources for ZUP. It costed X: 40 ZUP to produce the resources
reason: Player BLUE is willing to pay 20 ZUP for the object, which is lower than the production cost of 40 ZUP. I will propose a counteroffer to see if we can reach a more favorable price.
proposal count: 1

Current Iteration: 4
Turn: 1
message: ਮੈਂ 25 ZUP 'ਤੇ ਸੰਬੰਧਿਤ ਹੋ ਸਕਦਾ ਹਾਂ, ਪਰ 30 ZUP ਥੋੜਾ ਵੱਧ ਹੈ। ਕੀ ਤੁਸੀਂ 25 ZUP 'ਤੇ ਸੰਬੰਧਿਤ ਹੋ ਸਕਦੇ ਹੋ?
player answer: PROPOSAL
newly proposed trade: Player RED Gives X: 1 | Player BLUE Gives ZUP: 25
my resources: ZUP: 1000
my goals: Buy resources with ZUP. You are willing to pay at most X: 60 ZUP for the resources.
reason: The seller has counter-proposed with a price of 30 ZUP for 1 unit of X. This is still within my budget of 60 ZUP, but I want to try to negotiate a better price. I will propose a trade at 25 ZUP to see if the seller is willing to compromise.
proposal count: 2

Current Iteration: 5
Turn: 0
message: ਮੈਂ ਆਪਣਾ ਪ੍ਰਸਤਾਵ ਮਨਜ਼ੂਰ ਕਰਦਾ ਹਾਂ। ਕ੍ਰਿਪਾ ਕਰਕੇ ਚੀਜ਼ ਦੇਨ ਲਈ ਸਮਪ੍ਰਦਾਯਗਤ ਹੈ।
player answer: ACCEPT
newly proposed trade: NONE
my resources: X: 1
my goals: Sell resources for ZUP. It costed X: 40 ZUP to produce the resources
reason: Player BLUE has offered 25 ZUP, which is closer to the production cost. I will accept this offer as it is a reasonable price.
proposal count: 2

------------------ 
Current Iteration: END
Turn: None
player_goals: [Sell resources for <ZUP>. It costed X: 40 ZUP to produce the resources, Buy resources with <ZUP>. You are willing to pay at most X: 60 ZUP for the resources.]
player_initial_resources: [Resources(resource_dict={'X': 1}), Resources(resource_dict={'ZUP': 1000})]
proposed_trade: Player RED Gives X: 1 | Player BLUE Gives ZUP: 25
player_valuation: [{'X': 40}, {'X': 60}]
final_response: ACCEPT
final_resources: [Resources(resource_dict={'X': 0, 'ZUP': 25}), Resources(resource_dict={'ZUP': 975, 'X': 1})]
player_outcome: [-15, 35]