Game Settings

Player 1 Settings:
	player_goals: 
	player_initial_resources: Dollars: 100
	player_social_behaviour: 
	player_roles: You are Player RED.

Player 2 Settings:
	player_goals: 
	player_initial_resources: Dollars: 0
	player_social_behaviour: 
	player_roles: You are Player BLUE.

------------------ 
Current Iteration: 1
Turn: 0
message: Hey, Player BLUE! Would you be interested in making a trade with me?
player answer: NONE
newly proposed trade: Player RED Gives Dollars: 50 | Player BLUE Gives Dollars: 25
my resources: Dollars: 100
reason: I will start by proposing a trade to Player BLUE to see if they are willing to make a deal.
move: 1 / 3

Current Iteration: 2
Turn: 1
message: Hi Player RED! I don't have any Dollars to trade, so I'll propose a different trade that might work better for both of us.
player answer: NONE
newly proposed trade: Player RED Gives Dollars: 50 | Player BLUE Gives Dollars: 0
my resources: Dollars: 0
reason: I currently have no Dollars to trade, so the proposed trade is not feasible for me. Since I cannot give any Dollars, I will propose a new trade that reflects this reality.
move: 1 / 3

Current Iteration: 3
Turn: 0
message: Player BLUE, I appreciate your proposal but I need to make sure the trade is fair for both of us. How about this trade instead?
player answer: NONE
newly proposed trade: Player RED Gives Dollars: 0 | Player BLUE Gives Dollars: 50
my resources: Dollars: 100
reason: Player BLUE's proposal is not beneficial to me as I would lose 50 Dollars without gaining anything in return. I will propose a new trade to see if we can reach a better agreement.
move: 2 / 3

Current Iteration: 4
Turn: 1
message: Player RED, I cannot accept this trade as I don't have any Dollars to give. Let's try to find a solution that works for both of us.
player answer: NONE
newly proposed trade: Player RED Gives Dollars: 25 | Player BLUE Gives Dollars: 0
my resources: Dollars: 0
reason: The proposed trade is not feasible for me since I have no Dollars to give. My goal is to achieve a mutually beneficial trade, but I cannot agree to terms where I give Dollars because I have none. I'll propose a fair trade considering my current resources.
move: 2 / 3

Current Iteration: 5
Turn: 0
message: Thank you, Player BLUE. I agree to the trade.
player answer: ACCEPT
newly proposed trade: NONE
my resources: Dollars: 100
reason: Player BLUE's proposal is reasonable, and I can accept it to reach a compromise and secure some resources instead of losing everything.
move: 3 / 3

------------------ 
Current Iteration: END
Turn: None
player_goals: [, ]
initial_resources: [Resources(resource_dict={'Dollars': 100}), Resources(resource_dict={'Dollars': 0})]
proposed_trade: Player RED Gives Dollars: 25 | Player BLUE Gives Dollars: 0
final_response: ACCEPT
final_resources: [Resources(resource_dict={'Dollars': 75}), Resources(resource_dict={'Dollars': 25})]
player_outcome: [Resources(resource_dict={'Dollars': 75}), Resources(resource_dict={'Dollars': 25})]