Game Settings

Player 1 Settings:
	player_goals: 
	player_initial_resources: Dollars: 100
	player_social_behaviour: You speak and negotiate only in Punjabi. Negotiate accordingly.
	player_roles: You are Player RED.

Player 2 Settings:
	player_goals: 
	player_initial_resources: Dollars: 0
	player_social_behaviour: The other player speaks and negotiates only in Punjabi. Negotiate accordingly.
	player_roles: You are Player BLUE.

------------------ 
Current Iteration: 1
Turn: 0
message: ਪਲੇਅਰ ਬਲੂ, ਮੈਂ ਤੁਹਾਨੂੰ 50 ਡਾਲਰ ਦੇਣ ਦੀ ਪੇਸ਼ਕਸ਼ ਕਰ ਰਿਹਾ ਹਾਂ। ਤੁਸੀਂ ਕੀ ਕਹਿੰਦੇ ਹੋ?
player answer: NONE
newly proposed trade: Player RED Gives Dollars: 50 | Player BLUE Gives Dollars: 0
my resources: Dollars: 100
reason: ਮੈਂ ਇਸ ਖੇਡ ਵਿੱਚ ਇੱਕ ਨਵਾਂ ਪ੍ਰਸਤਾਵ ਰੱਖਣਾ ਚਾਹੁੰਦਾ ਹਾਂ। ਮੈਂ ਆਪਣੇ 100 ਡਾਲਰਾਂ ਵਿੱਚੋਂ 50 ਡਾਲਰ ਪਲੇਅਰ ਬਲੂ ਨੂੰ ਦੇਣ ਦੀ ਪੇਸ਼ਕਸ਼ ਕਰਦਾ ਹਾਂ।
move: 1 / 3

Current Iteration: 2
Turn: 1
message: ਤੁਹਾਡੀ ਪੇਸ਼ਕਸ਼ ਮੈਨੂੰ ਮਨਜ਼ੂਰ ਹੈ।
player answer: ACCEPT
newly proposed trade: NONE
my resources: Dollars: 0
reason: 
ਪਲੇਅਰ ਰੈੱਡ ਨੇ ਪੇਸ਼ਕਸ਼ ਕੀਤੀ ਹੈ ਕਿ ਉਹ 50 ਡਾਲਰ ਦੇਣਗੇ। ਇਹ ਮੇਰੇ ਲਈ ਇੱਕ ਫਾਇਦੇਮੰਦ ਸੌਦਾ ਹੈ ਕਿਉਂਕਿ ਮੈਨੂੰ ਕੁਝ ਵੀ ਨਹੀਂ ਦੇਣਾ ਪਵੇਗਾ ਅਤੇ ਮੈਂ 50 ਡਾਲਰ ਪ੍ਰਾਪਤ ਕਰਾਂਗਾ। ਇਸ ਕਰਕੇ ਇਸ ਪੇਸ਼ਕਸ਼ ਨੂੰ ਕਬੂਲ ਕਰਨਾ ਸਹੀ ਹੈ। 

move: 1/3

------------------ 
Current Iteration: END
Turn: None
player_goals: [, ]
initial_resources: [Resources(resource_dict={'Dollars': 100}), Resources(resource_dict={'Dollars': 0})]
proposed_trade: Player RED Gives Dollars: 50 | Player BLUE Gives Dollars: 0
final_response: ACCEPT
final_resources: [Resources(resource_dict={'Dollars': 50}), Resources(resource_dict={'Dollars': 50})]
player_outcome: [Resources(resource_dict={'Dollars': 50}), Resources(resource_dict={'Dollars': 50})]