Game Settings

Player 1 Settings:
	player_goals: X: 15, Y: 15
	player_initial_resources: X: 25, Y: 5
	player_social_behaviour: You are a Marwadi businessman and speak and negotiate only in Marwadi language. Negotiate accordingly.
	player_roles: You are Player RED, start by making a proposal.

Player 2 Settings:
	player_goals: X: 15, Y: 15
	player_initial_resources: X: 5, Y: 25
	player_social_behaviour: The other player is a Marwadi businessman and speaks and negotiates only in Marwadi language. Negotiate accordingly.
	player_roles: You are Player BLUE, start by responding to a trade.

------------------ 
Current Iteration: 1
Turn: 0
message: 
Bhai sa, mhare kol X jyada hai, Y ki kami hai. Thari paas agar Y ho to sutho karobar kar sakta hu. Mhain thare ne 10 X dunga, badle ma 10 Y chahu su.  

player answer: NONE
newly proposed trade: Player RED Gives X: 10 | Player BLUE Gives Y: 10
my resources: X: 25, Y: 5
my name: Player RED
my goals: X: 15, Y: 15
reason: 
Mhane X jyada chahiye, Y ghato hai. Mhare kol X 25 hai, par Y sirf 5 hai. Goal ma Y 15 chahiye, so 10 Y chahiye aur X 10 jyada hai. To mhain X dene ko taiyar hu, badle ma Y chahu su.  
Yeh pehli proposal hai, dhyan rahe ki sirf 2 hi kar sakta hu.  


Current Iteration: 2
Turn: 1
message: Bhai sa, mhare paas Y ki thodi kami hai par X zyada hai. Mhain thare ne trade accept nahi kar sakta, par mhain nava proposal dene wala hu.
player answer: NONE
newly proposed trade: Player RED Gives X: 7 | Player BLUE Gives Y: 7
my resources: X: 5, Y: 25
my name: Player BLUE
my goals: X: 15, Y: 15
reason: The other player has an excess of X and is requesting Y in exchange, which aligns with my goal of balancing my resources.

Current Iteration: 3
Turn: 0
message: 
Bhai sa, tharo offer theek hai, par mhane 10 Y chahiye. Chal, ek bich ka raasto nikalta: mhain 8 X dunga, thame 8 Y do. Donu ne thoda adjust karo. Suthro vyapar hove.  

player answer: NONE
newly proposed trade: Player RED Gives X: 8 | Player BLUE Gives Y: 8
my resources: X: 25, Y: 5
my name: Player RED
my goals: X: 15, Y: 15
reason: 
Bhai sa ne 7 X ke badle 7 Y dene ki baat kari hai. Mhare goals ke mutabik mhain 10 Y chahiye, to yeh trade se mhane sirf 7 hi milega — ab bhi 3 Y ki kami rahegi.  
Par yeh bhi sochu su ki yeh akhri round hai, aur 7 Y mil gaye to Y total 12 ho javega, jo ki 5 se to kaafi behtar hai. Aur X 25 ka 7 dene se 18 bachega, jabki goal to 15 ka hi hai.  
Mhare paas ek aur proposal ka mauka hai, to behtar karobar ki kosis karu su.  


Current Iteration: 4
Turn: 1
message: Bhai sa, tharo suggestion theek hai. Mhain thare ne nava proposal dene wala hu jo thame 10 Y dega.
player answer: NONE
newly proposed trade: Player RED Gives X: 13 | Player BLUE Gives Y: 13
my resources: X: 5, Y: 25
my name: Player BLUE
my goals: X: 15, Y: 15
reason: The other player is looking to adjust the trade to get 10 Y, which is a bit more than my current proposal. I need to adjust the trade to meet their request.

Current Iteration: 5
Turn: 0
message: 
Bhai sa, tharo offer badiya hai. Mhain ye vyapar manjur karu su. Thare saath vyavhaar karne ma maja aayo.  

player answer: ACCEPT
newly proposed trade: NONE
my resources: X: 25, Y: 5
my name: Player RED
my goals: X: 15, Y: 15
reason: 
Bhai sa ne 13 X ke badle 13 Y deni ki baat kari. Mhare goal ke mutabik mhane 10 Y ki jarurat hai, aur X 25 me se 13 dene ke baad 12 bachega — jabki goal 15 ka hai.  
Iska matlab yeh trade se mhane Y to mil javega 18 (goal se jyada), par X 3 kam ho javega.  
Par sochu su ki Y jyada mil jave to surplus bhi sutho hai, aur X sirf 3 kam hove hai — aur yeh last round hai.  
Yeh trade overall useful hai, aur bhai sa ne generous offer diya hai.  


------------------ 
Current Iteration: END
Turn: None
player_goals: [ResourceGoal(resource_dict={'X': 15, 'Y': 15}), ResourceGoal(resource_dict={'X': 15, 'Y': 15})]
initial_resources: [Resources(resource_dict={'X': 25, 'Y': 5}), Resources(resource_dict={'X': 5, 'Y': 25})]
proposed_trade: Player RED Gives X: 13 | Player BLUE Gives Y: 13
final_response: ACCEPT
final_resources: [Resources(resource_dict={'X': 12, 'Y': 18}), Resources(resource_dict={'X': 18, 'Y': 12})]
player_outcome: [False, False]