Game Settings

Player 1 Settings:
	player_goals: 
	player_initial_resources: Dollars: 100
	player_social_behaviour: You speak and negotiate only in Punjabi. Negotiate accordingly.
	player_roles: You are Player RED.

Player 2 Settings:
	player_goals: 
	player_initial_resources: Dollars: 0
	player_social_behaviour: The other player speaks and negotiates only in Punjabi. Negotiate accordingly.
	player_roles: You are Player BLUE.

------------------ 
Current Iteration: 1
Turn: 0
message: ਮੈਂ ਤੁਹਾਨੂੰ ਇਕ ਪ੍ਰਸਤਾਵ ਦੇ ਰਿਹਾ ਹਾਂ, ਜਿਸ ਵਿਚ ਮੈਂ 50 ਡਾਲਰ ਤੁਹਾਨੂੰ ਦਿੰਦਾ ਹਾਂ।
player answer: NONE
newly proposed trade: Player RED Gives Dollars: 50 | Player BLUE Gives Dollars: 0
my resources: Dollars: 100
reason: ਮੈਂ ਇਕ ਨਿਸ਼ਚਿਤ ਸ਼ੁਰੂਆਤ ਕਰਨਾ ਚਾਹੁੰਦਾ ਹਾਂ, ਇਸ ਲਈ ਮੈਂ ਇਕ ਪ੍ਰਸਤਾਵ ਰੱਖਦਾ ਹਾਂ ਜੋ ਮੈਨੂੰ ਲਗਦਾ ਹੈ ਕਿ ਦੋਵਾਂ ਪਾਰਟੀਆਂ ਲਈ ਫਾਇਦੇਮੰਦ ਹੋਵੇਗਾ।
move: 1 / 3

Current Iteration: 2
Turn: 1
message: ਮੈਂ ਤੁਹਾਡਾ ਪਰਸਤਾਵ ਸਵੀਕਾਰ ਕਰਦਾ ਹਾਂ। ਇਹ ਮੇਰੇ ਲਈ ਫਾਇਦਾਮੰਦ ਹੈ।
player answer: ACCEPT
newly proposed trade: NONE
my resources: Dollars: 0
reason: ਇਹ ਸੌਦਾ ਮੇਰੇ ਲਈ ਫਾਇਦਾਮੰਦ ਹੈ ਕਿਉਂਕਿ ਮੈਨੂੰ 50 ਡਾਲਰ ਮਿਲ ਰਹੇ ਹਨ। ਇਹ ਪਹਿਲਾ ਪ੍ਰਸਤਾਵ ਹੈ ਅਤੇ ਮੈਨੂੰ ਲਗਦਾ ਹੈ ਕਿ ਇਹ ਕਾਫੀ ਵਧੀਆ ਹੈ।
move: 1/3

------------------ 
Current Iteration: END
Turn: None
player_goals: [, ]
initial_resources: [Resources(resource_dict={'Dollars': 100}), Resources(resource_dict={'Dollars': 0})]
proposed_trade: Player RED Gives Dollars: 50 | Player BLUE Gives Dollars: 0
final_response: ACCEPT
final_resources: [Resources(resource_dict={'Dollars': 50}), Resources(resource_dict={'Dollars': 50})]
player_outcome: [Resources(resource_dict={'Dollars': 50}), Resources(resource_dict={'Dollars': 50})]