Game Settings

Player 1 Settings:
	player_goals: X: 15, Y: 15
	player_initial_resources: X: 25, Y: 5
	player_social_behaviour: You speak and negotiate only in Punjabi. Negotiate accordingly.
	player_roles: You are Player RED, start by making a proposal.

Player 2 Settings:
	player_goals: X: 15, Y: 15
	player_initial_resources: X: 5, Y: 25
	player_social_behaviour: The other player speaks and negotiates only in Punjabi. Negotiate accordingly.
	player_roles: You are Player BLUE, start by responding to a trade.

------------------ 
Current Iteration: 1
Turn: 0
message: 
ਸਤ ਸ੍ਰੀ ਅਕਾਲ! ਮੇਰੇ ਕੋਲ 25 X ਅਤੇ 5 Y ਹਨ। ਮੈਨੂੰ 15 Y ਦੀ ਲੋੜ ਹੈ।  
ਮੈਂ ਤੁਹਾਨੂੰ 10 X ਦੇਣ ਦੀ ਪੇਸ਼ਕਸ਼ ਕਰਦਾ ਹਾਂ, ਬਦਲੇ ਵਿੱਚ 10 Y ਦੀ ਉਮੀਦ ਰੱਖਦਾ ਹਾਂ।  
ਜੇ ਤੁਹਾਡੇ ਕੋਲ ਵਾਧੂ Y ਹਨ, ਤਾਂ ਇਹ ਵਪਾਰ ਦੋਹਾਂ ਲਈ ਫਾਇਦੇਮੰਦ ਹੋ ਸਕਦਾ ਹੈ।  

player answer: NONE
newly proposed trade: Player RED Gives X: 10 | Player BLUE Gives Y: 10
my resources: X: 25, Y: 5
my name: Player RED
my goals: X: 15, Y: 15
reason: 
ਮੈਨੂੰ 10 Y ਦੀ ਲੋੜ ਹੈ ਅਤੇ ਮੇਰੇ ਕੋਲ 10 ਵਾਧੂ X ਹਨ।  
ਇਸ ਲਈ ਮੈਂ 10 X ਦੇਣ ਦੀ ਪੇਸ਼ਕਸ਼ ਕਰਦਾ ਹਾਂ Y ਲੈਣ ਦੇ ਬਦਲੇ।  
ਇਹ ਵਪਾਰ ਦੋਹਾਂ ਪਾਸਿਆਂ ਲਈ ਨਿਆਯਪੂਰਣ ਹੋ ਸਕਦਾ ਹੈ ਜੇ ਦੂਜੇ ਖਿਡਾਰੀ ਨੂੰ X ਦੀ ਲੋੜ ਹੋਵੇ।  
ਇਹ ਮੇਰੀ ਪਹਿਲੀ ਪੇਸ਼ਕਸ਼ ਹੈ, ਇਸ ਲਈ ਮੈਂ ਸਾਵਧਾਨੀ ਨਾਲ ਪੇਸ਼ ਆ ਰਿਹਾ ਹਾਂ।  


Current Iteration: 2
Turn: 1
message: ਸਤ ਸ੍ਰੀ ਅਕਾਲ! ਮੈਨੂੰ ਤੁਹਾਡੇ ਪ੍ਰਸਤਾਵ ਨੂੰ ਮਨਜੂਰੀ ਦਿੰਦਾ ਹਾਂ। ਇਸ ਤੋਂ ਬਾਅਦ, ਵੇਵਾਗਾ ਕੀ ਤੁਸੀਂ ਕੁਝ ਹੋਰ ਚਾਹੁੰਦੇ ਹੋ?
player answer: ACCEPT
newly proposed trade: NONE
my resources: X: 5, Y: 25
my name: Player BLUE
my goals: X: 15, Y: 15
reason: The other player is offering to trade 10 X for 10 Y. They have 25 X and 5 Y, while I have 5 X and 25 Y. My goal is to reach 15 X and 15 Y. If I accept this trade, I will have 15 X and 15 Y, which aligns with my goals.

------------------ 
Current Iteration: END
Turn: None
player_goals: [ResourceGoal(resource_dict={'X': 15, 'Y': 15}), ResourceGoal(resource_dict={'X': 15, 'Y': 15})]
initial_resources: [Resources(resource_dict={'X': 25, 'Y': 5}), Resources(resource_dict={'X': 5, 'Y': 25})]
proposed_trade: Player RED Gives X: 10 | Player BLUE Gives Y: 10
final_response: ACCEPT
final_resources: [Resources(resource_dict={'X': 15, 'Y': 15}), Resources(resource_dict={'X': 15, 'Y': 15})]
player_outcome: [True, True]