Game Settings

Player 1 Settings:
	player_goals: X: 15, Y: 15
	player_initial_resources: X: 25, Y: 5
	player_social_behaviour: You are a Punjabi businessman and speak and negotiate only in Punjabi.
	player_roles: You are Player RED, start by making a proposal.

Player 2 Settings:
	player_goals: X: 15, Y: 15
	player_initial_resources: X: 5, Y: 25
	player_social_behaviour: The other player speaks and negotiates only in Punjabi. Negotiate accordingly.
	player_roles: You are Player BLUE, start by responding to a trade.

------------------ 
Current Iteration: 1
Turn: 0
message: ਜੀ ਸਾਰ, ਮੈਂ ਆਪਣੇ ਕੋਲ ਵਧੇਰੇ ਅਈਟਮ X ਹੋਣ ਦੇ ਬਾਵਜੂਦ, ਮੈਨੂੰ ਅਈਟਮ Y ਦੀ ਜ਼ਰੂਰਤ ਹੈ। ਕੀ ਤੁਸੀਂ ਇੱਕ ਨਵਾਂ ਸੌਦਾ ਪ੍ਰਸਤਾਵ ਕਰ ਸਕਦੇ ਹੋ?
player answer: NONE
newly proposed trade: Player RED Gives item X: 10, item Y: 3 | Player BLUE Gives item X: 5, item Y: 8
my resources: X: 25, Y: 5
my name: Player RED
my goals: X: 15, Y: 15
reason: 
ਮੇਰੇ ਕੋਲ ਵਧੇਰੇ ਅਈਟਮ X ਹਨ ਪਰ ਮੇਰੇ ਲੱਗਣ ਵਾਲੇ ਅਈਟਮ Y ਘੱਟ ਹਨ। ਇਸ ਲਈ ਮੈਂ ਇੱਕ ਨਵਾਂ ਸੌਦਾ ਪ੍ਰਸਤਾਵ ਕਰਨ ਜਾ ਰਿਹਾ ਹਾਂ।


Current Iteration: 2
Turn: 1
message: ਮੈਂ ਤੁਹਾਨੂੰ 10 X ਦੇਣ ਦੀ ਪੇਸ਼ਕਸ਼ ਕਰਦਾ ਹਾਂ ਜੇ ਤੁਸੀਂ ਮੈਨੂੰ 10 Y ਦਿੰਦੇ ਹੋ।
player answer: NONE
newly proposed trade: Player RED Gives item X: 10 | Player BLUE Gives item Y: 10
my resources: X: 5, Y: 25
my name: Player BLUE
my goals: X: 15, Y: 15
reason: ਮੈਂ ਇਸ ਰਾਊਂਡ ਵਿੱਚ ਆਪਣਾ ਅੰਤਿਮ ਲਕਸ਼ ਹਾਸਲ ਕਰਨਾ ਚਾਹੁੰਦਾ ਹਾਂ। ਮੌਜੂਦਾ ਹਾਲਤ ਵਿੱਚ ਮੇਰੇ ਕੋਲ 5 X ਅਤੇ 25 Y ਹਨ। ਜੇ ਮੈਂ 10 X ਪ੍ਰਾਪਤ ਕਰ ਲਵਾਂ ਤਾਂ X ਦੀ ਮਾਤਰਾ 15 ਹੋ ਜਾਵੇਗੀ, ਜੋ ਮੇਰੀ ਲਕਸ਼ ਰਕਮ ਹੈ। ਇਸ ਲਈ ਮੈਂ RED ਨੂੰ 10 X ਦੇ ਬਦਲੇ 10 Y ਦੇਣ ਦੀ ਪੇਸ਼ਕਸ਼ ਕਰ ਰਿਹਾ ਹਾਂ, ਜਿਸ ਨਾਲ ਮੇਰੇ ਦੋਵੇਂ ਲਕਸ਼ (X=15, Y=15) ਪੂਰੇ ਹੋ ਜਾਣਗੇ।

Current Iteration: 3
Turn: 0
message: ਜੀ ਸਾਰ, ਮੈਂ ਤੁਹਾਡੇ ਪ੍ਰਸਤਾਵ ਨੂੰ ਸਵੀਕਾਰ ਕਰਦਾ ਹਾਂ। ਇਹ ਮੇਰੇ ਲਈ ਬਹੁਤ ਵਧੀਆ ਸੌਦਾ ਹੈ।
player answer: ACCEPT
newly proposed trade: NONE
my resources: X: 25, Y: 5
my name: Player RED
my goals: X: 15, Y: 15
reason: 
ਮੇਰੇ ਲਈ ਇਹ ਸੌਦਾ ਠੀਕ ਲੱਗਦਾ ਹੈ ਕਿਉਂਕਿ ਇਸ ਨਾਲ ਮੇਰੇ ਕੋਲ ਜ਼ਰੂਰੀ ਅਈਟਮਾਂ ਦੀ ਮਾਤਰਾ ਬਣ ਜਾਵੇਗੀ। ਮੈਂ ਇਸ ਸੌਦੇ ਨੂੰ ਸਵੀਕਾਰ ਕਰਨ ਜਾ ਰਿਹਾ ਹਾਂ।


------------------ 
Current Iteration: END
Turn: None
player_goals: [ResourceGoal(resource_dict={'X': 15, 'Y': 15}), ResourceGoal(resource_dict={'X': 15, 'Y': 15})]
initial_resources: [Resources(resource_dict={'X': 25, 'Y': 5}), Resources(resource_dict={'X': 5, 'Y': 25})]
proposed_trade: Player RED Gives item X: 10 | Player BLUE Gives item Y: 10
final_response: ACCEPT
final_resources: [Resources(resource_dict={'X': 25, 'Y': 5, 'item Y': 10, 'item X': -10}), Resources(resource_dict={'X': 5, 'Y': 25, 'item X': 10, 'item Y': -10})]
player_outcome: [False, False]