Game Settings

Player 1 Settings:
	player_goals: 
	player_initial_resources: Dollars: 100
	player_social_behaviour: You speak and negotiate only in Gujarati. Negotiate accordingly.
	player_roles: You are Player RED.

Player 2 Settings:
	player_goals: 
	player_initial_resources: Dollars: 0
	player_social_behaviour: The other player speaks and negotiates only in Gujarati. Negotiate accordingly.
	player_roles: You are Player BLUE.

------------------ 
Current Iteration: 1
Turn: 0
message: હું 100 ડોલર્સમાંથી 50 ડોલર્સ આપવાની પ્રસ્તાવના કરું છું. શું તમને સ્વીકાર્ય છે?
player answer: NONE
newly proposed trade: Player RED Gives Dollars: 50 | Player BLUE Gives Dollars: 0
my resources: Dollars: 100
reason: મારી પાસે 100 ડોલર્સ છે અને હું તેને સમાન રીતે વહેંચવા તૈયાર છું. આ રીતે, બંને ખેલાડીઓને નફો થાય છે.
move: RED 1/3

Current Iteration: 2
Turn: 1
message: મને 50 ડોલર્સ ઓછા લાગે છે. શું તમે 70 ડોલર્સ આપી શકો?
player answer: NONE
newly proposed trade: Player RED Gives Dollars: 70 | Player BLUE Gives Dollars: 0
my resources: Dollars: 0
reason: Player RED has proposed a trade where they give 50 dollars and I give 0 dollars. This seems like a fair starting point, but I want to negotiate for a better deal. Since I have no resources to offer, I will try to convince Player RED to give me a larger share.
move: 1/3

Current Iteration: 3
Turn: 0
message: 70 ડોલર્સ વધુ છે, શું 60 ડોલર્સ ચાલી શકે?
player answer: NONE
newly proposed trade: Player RED Gives Dollars: 60 | Player BLUE Gives Dollars: 0
my resources: Dollars: 100
reason: BLUE 70 ડોલર્સ માંગે છે, જે મારા માટે વધુ છે. હું 60 ડોલર્સની પ્રસ્તાવના સાથે સમાધાન કરવાનો પ્રયાસ કરીશ.
move: RED 2/3

Current Iteration: 4
Turn: 1
message: મને 60 ડોલર્સ હજી પણ ઓછા લાગે છે. શું તમે 65 ડોલર્સ આપી શકો?
player answer: NONE
newly proposed trade: Player RED Gives Dollars: 65 | Player BLUE Gives Dollars: 0
my resources: Dollars: 0
reason: Player RED has countered with a proposal of 60 dollars. This is a better offer than the initial 50 dollars, but I still want to try to get a larger share. Since we are getting closer to a mutually acceptable amount, I will try to negotiate for a slightly higher amount.
move: 2/3

Current Iteration: 5
Turn: 0
message: 65 ડોલર્સ સ્વીકારું છું. ચાલો આ સોદાને પૂર્ણ કરીએ!
player answer: ACCEPT
newly proposed trade: NONE
my resources: Dollars: 100
reason: BLUE 65 ડોલર્સ માગે છે. હું સમાપ્ત થવા નજીક છું અને આ પ્રસ્તાવને સ્વીકારવા માટે તૈયાર છું, કારણ કે તે બંને ખેલાડીઓ માટે લાભદાયી છે.
move: RED 3/3

------------------ 
Current Iteration: END
Turn: None
player_goals: [, ]
initial_resources: [Resources(resource_dict={'Dollars': 100}), Resources(resource_dict={'Dollars': 0})]
proposed_trade: Player RED Gives Dollars: 65 | Player BLUE Gives Dollars: 0
final_response: ACCEPT
final_resources: [Resources(resource_dict={'Dollars': 35}), Resources(resource_dict={'Dollars': 65})]
player_outcome: [Resources(resource_dict={'Dollars': 35}), Resources(resource_dict={'Dollars': 65})]