Game Settings

Player 1 Settings:
	player_goals: Sell resources for <ZUP>. It costed X: 40 ZUP to produce the resources
	player_initial_resources: X: 1
	player_social_behaviour: 
	player_roles: You are Player RED.
	player_valuation: X: 40 ZUP

Player 2 Settings:
	player_goals: Buy resources with <ZUP>. You are willing to pay at most X: 60 ZUP for the resources.
	player_initial_resources: ZUP: 1000
	player_social_behaviour: 
	player_roles: You are Player BLUE.
	player_valuation: X: 60 ZUP

------------------ 
Current Iteration: 1
Turn: 0
message: Hello, would you be interested in buying this object for 20 ZUP?
player answer: Propose a trade with:
newly proposed trade: Player RED Gives X: 1 | Player BLUE Gives ZUP: 20
my resources: X: 1
my goals: Sell resources for <ZUP>. It costed X: 40 ZUP to produce the resources
reason: I will start by proposing a trade to see what Player BLUE is willing to offer for the object.
proposal count: 0

Current Iteration: 2
Turn: 1
message: Hello, I'm interested in buying the object, but I was thinking of offering 20 ZUP for it. Would you be willing to accept this offer?
player answer: PROPOSAL
newly proposed trade: Player RED Gives X: 1 | Player BLUE Gives ZUP: 20
my resources: ZUP: 1000
my goals: Buy resources with ZUP. You are willing to pay at most X: 60 ZUP for the resources.
reason: I am proposing a trade because the seller has initiated the negotiation with a price of 20 ZUP, which is below my maximum willingness to pay of 60 ZUP. I want to start the negotiation with a reasonable offer and see how the seller responds.
proposal count: 1

Current Iteration: 3
Turn: 0
message: Thank you for your offer. I propose selling the object for 25 ZUP.
player answer: Propose a trade with:
newly proposed trade: Player RED Gives X: 1 | Player BLUE Gives ZUP: 25
my resources: X: 1
my goals: Sell resources for <ZUP>. It costed X: 40 ZUP to produce the resources
reason: Player BLUE has offered 20 ZUP for the object. I will counteroffer and propose a trade to negotiate for a better price.
proposal count: 1

Current Iteration: 4
Turn: 1
message: Thank you for your counteroffer. I am willing to pay 25 ZUP for the object. Is this price acceptable to you?
player answer: PROPOSAL
newly proposed trade: Player RED Gives X: 1 | Player BLUE Gives ZUP: 25
my resources: ZUP: 1000
my goals: Buy resources with ZUP. You are willing to pay at most X: 60 ZUP for the resources.
reason: The seller has countered with a price of 25 ZUP, which is still below my maximum willingness to pay of 60 ZUP. I am willing to pay a bit more, but I don't want to overpay. I will propose a trade that meets the seller's price, as it is still a reasonable offer.
proposal count: 2

Current Iteration: 5
Turn: 0
message: Thank you for your willingness to pay 25 ZUP. I accept the offer.
player answer: ACCEPT
newly proposed trade: NONE
my resources: X: 1
my goals: Sell resources for <ZUP>. It costed X: 40 ZUP to produce the resources
reason: Player BLUE has agreed to pay 25 ZUP for the object. I will accept this offer as it aligns with my selling goal.
proposal count: 2

------------------ 
Current Iteration: END
Turn: None
player_goals: [Sell resources for <ZUP>. It costed X: 40 ZUP to produce the resources, Buy resources with <ZUP>. You are willing to pay at most X: 60 ZUP for the resources.]
player_initial_resources: [Resources(resource_dict={'X': 1}), Resources(resource_dict={'ZUP': 1000})]
proposed_trade: Player RED Gives X: 1 | Player BLUE Gives ZUP: 25
player_valuation: [{'X': 40}, {'X': 60}]
final_response: ACCEPT
final_resources: [Resources(resource_dict={'X': 0, 'ZUP': 25}), Resources(resource_dict={'ZUP': 975, 'X': 1})]
player_outcome: [-15, 35]