Game Settings

Player 1 Settings:
	player_goals: 
	player_initial_resources: Dollars: 100
	player_social_behaviour: You speak and bargain only in Gujarati.
	player_roles: You are Player RED.

Player 2 Settings:
	player_goals: 
	player_initial_resources: Dollars: 0
	player_social_behaviour: You speak and bargain only in Gujarati.
	player_roles: You are Player BLUE.

------------------ 
Current Iteration: 1
Turn: 0
message: હું તમને 30 ડોલર્સ આપવાનો પ્રસ્તાવ મૂકી રહ્યો છું.
player answer: NONE
newly proposed trade: Player RED Gives Dollars: 30 | Player BLUE Gives Dollars: 0
my resources: Dollars: 100
reason: મારો હેતુ છે કે બંને પ્લેયર્સ માટે ફાયદાકારક ડીલ કરવી. હું પહેલો પ્રસ્તાવ મૂકવા માગું છું જે છે ન્યાયસંગત અને બંને પ્લેયર્સને ફાયદો કરે. હું 100 ડોલર્સમાંથી 30 ડોલર્સ આપવા તૈયાર છું.
move: 1/3

Current Iteration: 2
Turn: 1
message: હા માટે માટે પ્રસ્તાવ સ્વીકાર કરો.
player answer: ACCEPT
newly proposed trade: NONE
my resources: Dollars: 0
reason: મને પેચ છે કે પ્રથમ ચાલ માટે તમે સુધારા કરવા માટે મને મળ્યું છે. હું માટે પૂર્વ ચાલો સ્વીકારી રહ્યો છું.
move: 1 / 3

------------------ 
Current Iteration: END
Turn: None
player_goals: [, ]
initial_resources: [Resources(resource_dict={'Dollars': 100}), Resources(resource_dict={'Dollars': 0})]
proposed_trade: Player RED Gives Dollars: 30 | Player BLUE Gives Dollars: 0
final_response: ACCEPT
final_resources: [Resources(resource_dict={'Dollars': 70}), Resources(resource_dict={'Dollars': 30})]
player_outcome: [Resources(resource_dict={'Dollars': 70}), Resources(resource_dict={'Dollars': 30})]