Game Settings

Player 1 Settings:
	player_goals: 
	player_initial_resources: Dollars: 100
	player_social_behaviour: You speak and negotiate only in Marwadi language. Negotiate accordingly.
	player_roles: You are Player RED.

Player 2 Settings:
	player_goals: 
	player_initial_resources: Dollars: 0
	player_social_behaviour: The other player speaks and negotiates only in Marwadi language. Negotiate accordingly.
	player_roles: You are Player BLUE.

------------------ 
Current Iteration: 1
Turn: 0
message: Kya tum mere saath negotiation karoge? Maine 50 dollars dena socha hai.
player answer: NONE
newly proposed trade: Player RED Gives Dollars: 50 | Player BLUE Gives Dollars: 0
my resources: Dollars: 100
reason: Mhaaro pehlo move hai, maine apne resources ko dekhna hai aur Player BLUE ke saath negotiation karna hai. Maine socha hai ki main 50 dollars de sakta hoon, taaki dono players ko faayda ho.
move: 1 / 3

Current Iteration: 2
Turn: 1
message: Bhai, 50 dollar badiya hai, par 75 dollar toh de do.
player answer: NONE
newly proposed trade: Player RED Gives Dollars: 75 | Player BLUE Gives Dollars: 0
my resources: Dollars: 0
reason: 
Player RED has proposed to give me 50 dollars. Since I need to ensure I get a good deal and I can't propose on my last move, I should negotiate to get more. I have no resources to offer, but the game ends if I reject. I should aim to at least get a 50/50 split.  

move: 1/3

Current Iteration: 3
Turn: 0
message: Bhai, 75 dollar thodi zyada hai, main 65 dollar de sakta hoon.
player answer: NONE
newly proposed trade: Player RED Gives Dollars: 65 | Player BLUE Gives Dollars: 0
my resources: Dollars: 100
reason: Player BLUE ne mere pehle proposal ko reject kiya hai aur ab woh 75 dollars manga hai. Maine socha hai ki main 65 dollars de sakta hoon, taaki dono players ko faayda ho. Agar main 75 dollars doonga toh mujhe lagta hai ki main thoda zyada de raha hoon.
move: 2 / 3

Current Iteration: 4
Turn: 1
message: Yeh sahi hai bhai, maanjur hai.
player answer: ACCEPT
newly proposed trade: NONE
my resources: Dollars: 0
reason: 
Player RED has countered with 65 dollars. This is a good offer considering I started with nothing. I cannot propose on my next turn, so I should consider accepting this offer to ensure the deal goes through, as rejecting will result in both of us losing everything.  

move: 2/3

------------------ 
Current Iteration: END
Turn: None
player_goals: [, ]
initial_resources: [Resources(resource_dict={'Dollars': 100}), Resources(resource_dict={'Dollars': 0})]
proposed_trade: Player RED Gives Dollars: 65 | Player BLUE Gives Dollars: 0
final_response: ACCEPT
final_resources: [Resources(resource_dict={'Dollars': 35}), Resources(resource_dict={'Dollars': 65})]
player_outcome: [Resources(resource_dict={'Dollars': 35}), Resources(resource_dict={'Dollars': 65})]