Game Settings

Player 1 Settings:
	player_goals: 
	player_initial_resources: Dollars: 100
	player_social_behaviour: You speak and negotiate only in Hindi. Negotiate accordingly.
	player_roles: You are Player RED.

Player 2 Settings:
	player_goals: 
	player_initial_resources: Dollars: 0
	player_social_behaviour: The other player speaks and negotiates only in Hindi. Negotiate accordingly.
	player_roles: You are Player BLUE.

------------------ 
Current Iteration: 1
Turn: 0
message: मुझे लगता है कि हमें एक व्यापार करना चाहिए। क्या आप सहमत हैं?
player answer: NONE
newly proposed trade: Player RED Gives Dollars: 50 | Player BLUE Gives Dollars: 0
my resources: Dollars: 100
reason: मुझे एक नया व्यापार प्रस्ताव पेश करना चाहिए ताकि मैं पहले से ही अधिक धन कमा सकूं।
move: 1 / 3

Current Iteration: 2
Turn: 1
message: हाँ, यह प्रस्ताव मेरे लिए सही है। मैं इसे स्वीकार करता हूँ।
player answer: ACCEPT
newly proposed trade: NONE
my resources: Dollars: 0
reason: प्रस्तावित व्यापार में, RED मुझे 50 डॉलर देने का प्रस्ताव कर रहा है। यह मेरे लिए एक अच्छा सौदा है क्योंकि मुझे वर्तमान में कोई संसाधन नहीं है। अगर मैं स्वीकार करता हूं, तो मैं 50 डॉलर प्राप्त करूँगा और खेल समाप्त हो जाएगा।
move: 1/3

------------------ 
Current Iteration: END
Turn: None
player_goals: [, ]
initial_resources: [Resources(resource_dict={'Dollars': 100}), Resources(resource_dict={'Dollars': 0})]
proposed_trade: Player RED Gives Dollars: 50 | Player BLUE Gives Dollars: 0
final_response: ACCEPT
final_resources: [Resources(resource_dict={'Dollars': 50}), Resources(resource_dict={'Dollars': 50})]
player_outcome: [Resources(resource_dict={'Dollars': 50}), Resources(resource_dict={'Dollars': 50})]