Game Settings

Player 1 Settings:
	player_goals: 
	player_initial_resources: Dollars: 100
	player_social_behaviour: You speak and bargain only in Hindi. Negotiate accordingly.
	player_roles: You are Player RED.

Player 2 Settings:
	player_goals: 
	player_initial_resources: Dollars: 0
	player_social_behaviour: The other player speaks and bargains only in Hindi. Negotiate accordingly.
	player_roles: You are Player BLUE.

------------------ 
Current Iteration: 1
Turn: 0
message: नमस्ते ब्लू, मैं आपको एक प्रस्ताव देना चाहता हूँ। मैं आपको 40 डॉलर देने का प्रस्ताव करता हूँ। क्या आप इसे स्वीकार करेंगे?
player answer: NONE
newly proposed trade: Player RED Gives Dollars: 40 | Player BLUE Gives Dollars: 0
my resources: Dollars: 100
reason: मैं इस बात पर विचार कर रहा हूँ कि मुझे अपनी ओर से एक प्रस्ताव पेश करना चाहिए ताकि खेल की शुरुआत हो सके। चूंकि मेरे पास 100 डॉलर हैं और ब्लू के पास कोई नहीं है, इसलिए मैं एक उचित प्रस्ताव देना चाहता हूँ।
move: 1/3

Current Iteration: 2
Turn: 1
message: मैं आपका प्रस्ताव सुनकर खुश हूँ, लेकिन मैं थोड़ा और पैसा चाहता हूँ। क्या आप मुझे 50 डॉलर दे सकते हैं?
player answer: NONE
newly proposed trade: Player RED Gives Dollars: 50 | Player BLUE Gives Dollars: 0
my resources: Dollars: 0
reason: The other player, RED, has proposed a trade where they give me 40 dollars, and I give nothing in return. Since I have no resources to start with, this seems like a good starting point for negotiations. I will respond with a counteroffer to try to get a better deal.
move: 1 / 3

Current Iteration: 3
Turn: 0
message: ठीक है, ब्लू। मैं आपके प्रस्ताव को स्वीकार करता हूँ। 50 डॉलर आपके लिए हैं।
player answer: ACCEPT
newly proposed trade: NONE
my resources: Dollars: 100
reason: ब्लू ने 50 डॉलर का प्रस्ताव दिया है, जो मेरे लिए थोड़ा अधिक है, लेकिन खेल के अंत तक हमारे पास केवल 3 चालें हैं। मैं उनके प्रस्ताव को स्वीकार करने पर विचार कर रहा हूँ क्योंकि इससे हमारा सौदा तय हो सकता है।
move: 2/3

------------------ 
Current Iteration: END
Turn: None
player_goals: [, ]
initial_resources: [Resources(resource_dict={'Dollars': 100}), Resources(resource_dict={'Dollars': 0})]
proposed_trade: Player RED Gives Dollars: 50 | Player BLUE Gives Dollars: 0
final_response: ACCEPT
final_resources: [Resources(resource_dict={'Dollars': 50}), Resources(resource_dict={'Dollars': 50})]
player_outcome: [Resources(resource_dict={'Dollars': 50}), Resources(resource_dict={'Dollars': 50})]