Game Settings

Player 1 Settings:
	player_goals: X: 15, Y: 15
	player_initial_resources: X: 25, Y: 5
	player_social_behaviour: Conduct the negotiation entirely in Gujarati.
	player_roles: You are Player RED, start by making a proposal.

Player 2 Settings:
	player_goals: X: 15, Y: 15
	player_initial_resources: X: 5, Y: 25
	player_social_behaviour: The other player speaks and negotiates only in Gujarati. Negotiate accordingly.
	player_roles: You are Player BLUE, start by responding to a trade.

------------------ 
Current Iteration: 1
Turn: 0
message: નમસ્તે પ્લેયર બ્લુ, હું તમને એક વેપારનો પ્રસ્તાવ મૂકું છું. મારી પાસેથી X ના 10 એકમો અને તમારી પાસેથી Y ના 10 એકમો.
player answer: NONE
newly proposed trade: Player RED Gives X: 10, Y: 0 | Player BLUE Gives X: 0, Y: 10
my resources: X: 25, Y: 5
my name: Player RED
my goals: X: 15, Y: 15
reason: હું પ્લેયર રેડ છું અને મારો લક્ષ્ય X અને Y ના 15 એકમો પ્રાપ્ત કરવાનો છે. મારી પાસે હાલમાં X ના 25 એકમો અને Y ના 5 એકમો છે. હું પ્લેયર બ્લુને એક પ્રસ્તાવ મૂકીશ.

Current Iteration: 2
Turn: 1
message: આ વેપાર મને યોગ્ય લાગે છે, કારણ કે તે મને મારા લક્ષ્યો સુધી પહોંચવા દે છે. હું આ સ્વીકારું છું.
player answer: ACCEPT
newly proposed trade: NONE
my resources: X: 5, Y: 25
my name: Player BLUE
my goals: X: 15, Y: 15
reason: The current proposal offers me 10 units of X in exchange for 10 units of Y. If I accept this trade, I will have X: 15 and Y: 15, which exactly meets my goal. Therefore, this trade is beneficial for me and I will accept it.

------------------ 
Current Iteration: END
Turn: None
player_goals: [ResourceGoal(resource_dict={'X': 15, 'Y': 15}), ResourceGoal(resource_dict={'X': 15, 'Y': 15})]
initial_resources: [Resources(resource_dict={'X': 25, 'Y': 5}), Resources(resource_dict={'X': 5, 'Y': 25})]
proposed_trade: Player RED Gives X: 10, Y: 0 | Player BLUE Gives X: 0, Y: 10
final_response: ACCEPT
final_resources: [Resources(resource_dict={'X': 15, 'Y': 15}), Resources(resource_dict={'X': 15, 'Y': 15})]
player_outcome: [True, True]