Game Settings

Player 1 Settings:
	player_goals: Sell resources for <ZUP>. It costed X: 40 ZUP to produce the resources
	player_initial_resources: X: 1
	player_social_behaviour: You speak and bargain only in Hindi. Negotiate accordingly.
	player_roles: You are Player RED.
	player_valuation: X: 40 ZUP

Player 2 Settings:
	player_goals: Buy resources with <ZUP>. You are willing to pay at most X: 60 ZUP for the resources.
	player_initial_resources: ZUP: 1000
	player_social_behaviour: The other player speaks and bargains only in Hindi. Negotiate accordingly.
	player_roles: You are Player BLUE.
	player_valuation: X: 60 ZUP

------------------ 
Current Iteration: 1
Turn: 0
message: नमस्ते! मैं अपने X को 60 ZUP में बेचने का प्रस्ताव रखता हूँ। यह एक उचित मूल्य है क्योंकि उत्पादन में 40 ZUP की लागत आई थी।
player answer: PROPOSAL
newly proposed trade: Player RED Gives X: 1 | Player BLUE Gives ZUP: 60
my resources: X: 1
my goals: Sell resources for ZUP. It costed X: 40 ZUP to produce the resources
reason: मैं चाहता हूँ कि मुझे अपने X के लिए उचित मूल्य मिले। उत्पादन लागत 40 ZUP थी, इसलिए मैं इसे कम से कम 50 ZUP में बेचने की कोशिश करूंगा ताकि कुछ लाभ हो सके।
proposal count: 1

Current Iteration: 2
Turn: 1
message: नमस्ते! मैं आपके प्रस्ताव की सराहना करता हूँ, लेकिन मैं 50 ZUP में X खरीदने का प्रस्ताव रखता हूँ। यह मुझे लगता है कि एक उचित मूल्य है क्योंकि मैं आपको लाभ देना चाहता हूँ।
player answer: PROPOSAL
newly proposed trade: Player RED Gives X: 1 | Player BLUE Gives ZUP: 50
my resources: ZUP: 1000
my goals: Buy resources with ZUP, willing to pay at most 60 ZUP for the resources.
reason: The other player has proposed a trade of 60 ZUP for 1 X, which is within my budget of 60 ZUP. However, I want to negotiate to see if I can get a better deal. Since the production cost was 40 ZUP, I think there might be some room for negotiation.
proposal count: 1

Current Iteration: 3
Turn: 0
message: क्या आप 55 ZUP में सहमत होंगे? यह मेरे लिए थोड़ा और लाभदायक होगा और मुझे लगता है कि यह एक उचित समझौता है।
player answer: PROPOSAL
newly proposed trade: Player RED Gives X: 1 | Player BLUE Gives ZUP: 55
my resources: X: 1
my goals: Sell resources for ZUP. It costed X: 40 ZUP to produce the resources
reason: आपके प्रस्ताव का धन्यवाद। 50 ZUP में मुझे केवल 10 ZUP का लाभ होगा। मैं इसे थोड़ा और बढ़ाने की कोशिश करूंगा ताकि अधिक संतोषजनक लाभ प्राप्त कर सकूँ।
proposal count: 2

Current Iteration: 4
Turn: 1
message: मैं आपके प्रस्ताव की सराहना करता हूँ, लेकिन मैं 52 ZUP में X खरीदने का प्रस्ताव रखता हूँ। यह मुझे लगता है कि एक उचित मूल्य है और मैं आपको लाभ देना चाहता हूँ। क्या आप इस पर विचार करेंगे?
player answer: PROPOSAL
newly proposed trade: Player RED Gives X: 1 | Player BLUE Gives ZUP: 52
my resources: ZUP: 1000
my goals: Buy resources with ZUP, willing to pay at most 60 ZUP for the resources.
reason: The other player has proposed a trade of 55 ZUP for 1 X, which is closer to my initial proposal of 50 ZUP. I am still within my budget of 60 ZUP, and I think 55 ZUP is a reasonable price considering the production cost was 40 ZUP. However, I want to try to negotiate a bit more to see if I can get an even better deal.
proposal count: 2

Current Iteration: 5
Turn: 0
message: मैं 54 ZUP में इसे बेचने के लिए तैयार हूँ। क्या आप इस पर सहमत होंगे? यह दोनों के लिए लाभदायक हो सकता है।
player answer: PROPOSAL
newly proposed trade: Player RED Gives X: 1 | Player BLUE Gives ZUP: 54
my resources: X: 1
my goals: Sell resources for ZUP. It costed X: 40 ZUP to produce the resources
reason: आपका प्रस्ताव 52 ZUP का है, जो मेरे लिए थोड़ा कम लाभदायक है, लेकिन यह एक समझौते के करीब है। मैं अंतिम प्रस्ताव के रूप में 54 ZUP का प्रस्ताव रखूंगा।
proposal count: 3

Current Iteration: 6
Turn: 1
message: मैं आपके प्रस्ताव की सराहना करता हूँ, लेकिन मैं 53 ZUP में X खरीदने का प्रस्ताव रखता हूँ। यह मुझे लगता है कि एक उचित मूल्य है और हम दोनों के लिए लाभदायक हो सकता है। क्या आप इस पर विचार करेंगे?
player answer: PROPOSAL
newly proposed trade: Player RED Gives X: 1 | Player BLUE Gives ZUP: 53
my resources: ZUP: 1000
my goals: Buy resources with ZUP, willing to pay at most 60 ZUP for the resources.
reason: The other player has proposed a trade of 54 ZUP for 1 X, which is very close to my previous proposal of 52 ZUP. I am still within my budget of 60 ZUP, and I think 54 ZUP is a reasonable price considering the production cost was 40 ZUP. At this point, I don't think I can negotiate a significantly better deal, so I'll try to meet the player in the middle.
proposal count: 3

Current Iteration: 7
Turn: 0
message: मैं 53 ZUP के लिए सहमत हूँ। यह हमारे दोनों के लिए लाभदायक है। धन्यवाद!
player answer: ACCEPT
newly proposed trade: NONE
my resources: X: 1
my goals: Sell resources for ZUP. It costed X: 40 ZUP to produce the resources
reason: 53 ZUP मुझे एक उचित और निष्पक्ष समझौता लगता है, क्योंकि यह उत्पादन लागत से अधिक है और इसमें लाभ भी है।
proposal count: 4

------------------ 
Current Iteration: END
Turn: None
player_goals: [Sell resources for <ZUP>. It costed X: 40 ZUP to produce the resources, Buy resources with <ZUP>. You are willing to pay at most X: 60 ZUP for the resources.]
player_initial_resources: [Resources(resource_dict={'X': 1}), Resources(resource_dict={'ZUP': 1000})]
proposed_trade: Player RED Gives X: 1 | Player BLUE Gives ZUP: 53
player_valuation: [{'X': 40}, {'X': 60}]
final_response: ACCEPT
final_resources: [Resources(resource_dict={'X': 0, 'ZUP': 53}), Resources(resource_dict={'ZUP': 947, 'X': 1})]
player_outcome: [13, 7]