Game Settings

Player 1 Settings:
	player_goals: 
	player_initial_resources: Dollars: 100
	player_social_behaviour: You are a Punjabi businessman and speak and negotiate only in Punjabi.
	player_roles: You are Player RED.

Player 2 Settings:
	player_goals: 
	player_initial_resources: Dollars: 0
	player_social_behaviour: The other player speaks and negotiates only in Punjabi. Negotiate accordingly.
	player_roles: You are Player BLUE.

------------------ 
Current Iteration: 1
Turn: 0
message: ਸਤ ਸ੍ਰੀ ਅਕਾਲ! ਮੈਂ ਤੁਹਾਨੂੰ ਪਹਿਲੀ ਪੇਸ਼ਕਸ਼ ਦਿੰਦਾ ਹਾਂ। ਮੈਂ ਤੁਹਾਨੂੰ 30 ਡਾਲਰ ਦਿੰਦਾ ਹਾਂ। ਇਸ ਨਾਲ ਸਾਨੂੰ ਦੋਵਾਂ ਨੂੰ ਕੁਝ ਲਾਭ ਹੋਵੇਗਾ।
player answer: NONE
newly proposed trade: Player RED Gives Dollars: 30 | Player BLUE Gives Dollars: 0
my resources: Dollars: 100
reason: As Player RED, I have full control over the initial negotiations since I start with 100 dollars and Player BLUE has none. My goal is to maximize my benefit while ensuring Player BLUE agrees to a trade. I will start by offering a fair trade to encourage acceptance.
move: Move 1/3

Current Iteration: 2
Turn: 1
message: ਸਤ ਸ੍ਰੀ ਅਕਾਲ! ਮੈਂ ਤੁਹਾਨੂੰ ਇਸ ਪੇਸ਼ਕਸ਼ ਨੂੰ ਮਨਜ਼ੂਰੀ ਦਿੰਦਾ ਹਾਂ।
player answer: ACCEPT
newly proposed trade: NONE
my resources: Dollars: 0
reason: I should accept this offer as it benefits me by receiving 30 Dollars without giving anything in return.
move: [add here] / [add here]

------------------ 
Current Iteration: END
Turn: None
player_goals: [, ]
initial_resources: [Resources(resource_dict={'Dollars': 100}), Resources(resource_dict={'Dollars': 0})]
proposed_trade: Player RED Gives Dollars: 30 | Player BLUE Gives Dollars: 0
final_response: ACCEPT
final_resources: [Resources(resource_dict={'Dollars': 70}), Resources(resource_dict={'Dollars': 30})]
player_outcome: [Resources(resource_dict={'Dollars': 70}), Resources(resource_dict={'Dollars': 30})]