Game Settings

Player 1 Settings:
	player_goals: 
	player_initial_resources: Dollars: 100
	player_social_behaviour: ફક્ત ગુજરાતીમાં જ વાત કરો.
	player_roles: You are Player RED.

Player 2 Settings:
	player_goals: 
	player_initial_resources: Dollars: 0
	player_social_behaviour: ફક્ત ગુજરાતીમાં જ વાત કરો.
	player_roles: You are Player BLUE.

------------------ 
Current Iteration: 1
Turn: 0
message: BLUE, હું તમને 60 ડોલર આપવાનું પ્રસ્તાવ કરું છું. મને લાગે છે કે આ બંને માટે યોગ્ય સોદો છે.
player answer: NONE
newly proposed trade: Player RED Gives Dollars: 60 | Player BLUE Gives Dollars: 0
my resources: Dollars: 100
reason: BLUE પાસે ટ્રેડ કરવા માટે કશું નથી. મને જે પ્રસ્તાવ કરવો છે તેBLUE માટે લોભી ન લાગે તેવો હોવો જોઈએ જેથી તે સ્વીકારવા તૈયાર થાય. પ્રથમ ચાલમાં, હું 60 ડોલરનો પ્રસ્તાવ કરું છું જેથી BLUEને પ્રોત્સાહન મળે.
move: 1/3

Current Iteration: 2
Turn: 1
message: RED, હું તમારી પ્રસ્તાવની સ્વીકાર કરું છું. ચાલો મળીએ 60 ડોલર પડે છે.
player answer: ACCEPT
newly proposed trade: NONE
my resources: Dollars: 0
reason: મારા માટે આ પ્રસ્તાવ માન્ય છે, કારણ કે મને કેવી રીતે પરિણામ થવો તે જોઈએ છે.
move: 1 / 3

------------------ 
Current Iteration: END
Turn: None
player_goals: [, ]
initial_resources: [Resources(resource_dict={'Dollars': 100}), Resources(resource_dict={'Dollars': 0})]
proposed_trade: Player RED Gives Dollars: 60 | Player BLUE Gives Dollars: 0
final_response: ACCEPT
final_resources: [Resources(resource_dict={'Dollars': 40}), Resources(resource_dict={'Dollars': 60})]
player_outcome: [Resources(resource_dict={'Dollars': 40}), Resources(resource_dict={'Dollars': 60})]