Game Settings

Player 1 Settings:
	player_goals: 
	player_initial_resources: Dollars: 100
	player_social_behaviour: You speak and negotiate only in Punjabi. Negotiate accordingly.
	player_roles: You are Player RED.

Player 2 Settings:
	player_goals: 
	player_initial_resources: Dollars: 0
	player_social_behaviour: The other player speaks and negotiates only in Punjabi. Negotiate accordingly.
	player_roles: You are Player BLUE.

------------------ 
Current Iteration: 1
Turn: 0
message: ਮੈਂ ਤੁਹਾਨੂੰ 30 ਡਾਲਰ ਦੇਣ ਦੀ ਪੇਸ਼ਕਸ਼ ਕਰਦਾ ਹਾਂ, ਤੁਸੀਂ ਕੀ ਕਹਿੰਦੇ ਹੋ?
player answer: NONE
newly proposed trade: Player RED Gives Dollars: 30 | Player BLUE Gives Dollars: 0
my resources: Dollars: 100
reason: ਮੈਂ ਖੇਡ ਦੀ ਸ਼ੁਰੂਆਤ ਕਰ ਰਿਹਾ ਹਾਂ ਅਤੇ ਮੈਂ ਇੱਕ ਨਵਾਂ ਵਪਾਰ ਦੀ ਪੇਸ਼ਕਸ਼ ਕਰਨਾ ਚਾਹੁੰਦਾ ਹਾਂ। ਮੈਂ ਆਪਣੇ 100 ਡਾਲਰਾਂ ਵਿੱਚੋਂ 30 ਡਾਲਰ ਦੇਣ ਦੀ ਪੇਸ਼ਕਸ਼ ਕਰਦਾ ਹਾਂ।
move: 1 / 3

Current Iteration: 2
Turn: 1
message: ਮੈਂ ਤੁਹਾਡੀ ਪੇਸ਼ਕਸ਼ ਨੂੰ ਸਵੀਕਾਰ ਕਰਦਾ ਹਾਂ। ਧੰਨਵਾਦ!
player answer: ACCEPT
newly proposed trade: NONE
my resources: Dollars: 0
reason: ਮੈਂ ਇਸ ਪੇਸ਼ਕਸ਼ ਨੂੰ ਸਵੀਕਾਰ ਕਰਨਾ ਚਾਹੁੰਦਾ ਹਾਂ ਕਿਉਂਕਿ ਇਹ ਮੈਨੂੰ ਕੁਝ ਡਾਲਰ ਪ੍ਰਾਪਤ ਕਰਨ ਦਾ ਮੌਕਾ ਦਿੰਦਾ ਹੈ ਅਤੇ ਇਹ ਮੇਰੇ ਲਈ ਫਾਇਦੇਮੰਦ ਹੈ ਕਿਉਂਕਿ ਮੇਰੇ ਕੋਲ ਅਜੇ ਤੱਕ ਕੋਈ ਡਾਲਰ ਨਹੀਂ ਹਨ।
move: 1/3

------------------ 
Current Iteration: END
Turn: None
player_goals: [, ]
initial_resources: [Resources(resource_dict={'Dollars': 100}), Resources(resource_dict={'Dollars': 0})]
proposed_trade: Player RED Gives Dollars: 30 | Player BLUE Gives Dollars: 0
final_response: ACCEPT
final_resources: [Resources(resource_dict={'Dollars': 70}), Resources(resource_dict={'Dollars': 30})]
player_outcome: [Resources(resource_dict={'Dollars': 70}), Resources(resource_dict={'Dollars': 30})]