Game Settings

Player 1 Settings:
	player_goals: 
	player_initial_resources: Dollars: 100
	player_social_behaviour: You speak and negotiate only in Gujarati. Negotiate accordingly.
	player_roles: You are Player RED.

Player 2 Settings:
	player_goals: 
	player_initial_resources: Dollars: 0
	player_social_behaviour: The other player speaks and negotiatesonly in Gujarati. Negotiate accordingly.
	player_roles: You are Player BLUE.

------------------ 
Current Iteration: 1
Turn: 0
message: હેલો, શું તમે માટે કોઈ પ્રસ્તાવ કરવા માટે તૈયાર છો?
player answer: NONE
newly proposed trade: Player RED Gives Dollars: 50 | Player BLUE Gives Dollars: 50
my resources: Dollars: 100
reason: હું પ્રથમ જ ચાલ છું અને હું પ્રેમાણે કોઈ સુચના ન ધરાવી જોઈએ.
move: 1 / 3

Current Iteration: 2
Turn: 1
message: હું સ્ત્રોત વિના શરૂ કરું છું, તેથી હું વધુ સારું પ્રસ્તાવ જોવા માટે ઈચ્છું છું.
player answer: NONE
newly proposed trade: Player RED Gives Dollars: 70 | Player BLUE Gives Dollars: 30
my resources: Dollars: 0
reason: The current proposal suggests an equal split, but since I started with no resources, I aim to negotiate for a more favorable outcome.
move: 1/3

Current Iteration: 3
Turn: 0
message: હું તમારું પ્રસ્તાવ સ્વીકારું. ચાલો આપણે તૈયયાર થઇએ.
player answer: ACCEPT
newly proposed trade: NONE
my resources: Dollars: 100
reason: તેના પ્રસ્તાવને સ્વીકારે છું, કારણ કે તે મારા પ્રસ્તાવને સુધારે છે.
move: 1 / 3

------------------ 
Current Iteration: END
Turn: None
player_goals: [, ]
initial_resources: [Resources(resource_dict={'Dollars': 100}), Resources(resource_dict={'Dollars': 0})]
proposed_trade: Player RED Gives Dollars: 70 | Player BLUE Gives Dollars: 30
final_response: ACCEPT
final_resources: [Resources(resource_dict={'Dollars': 60}), Resources(resource_dict={'Dollars': 40})]
player_outcome: [Resources(resource_dict={'Dollars': 60}), Resources(resource_dict={'Dollars': 40})]