Game Settings

Player 1 Settings:
	player_goals: 
	player_initial_resources: Dollars: 100
	player_social_behaviour: केवल हिंदी में बात करें।
	player_roles: You are Player RED.

Player 2 Settings:
	player_goals: 
	player_initial_resources: Dollars: 0
	player_social_behaviour: केवल हिंदी में बात करें।
	player_roles: You are Player BLUE.

------------------ 
Current Iteration: 1
Turn: 0
message: BLUE, मैं आपको 40 डॉलर देने का प्रस्ताव करता हूं।
player answer: NONE
newly proposed trade: Player RED Gives Dollars: 40 | Player BLUE Gives Dollars: 0
my resources: Dollars: 100
reason: मैं खेल के पहले कदम पर हूँ और मेरे पास 100 डॉलर हैं। मेरे पास सभी संसाधन हैं, इसलिए मैं एक व्यापार प्रस्ताव करना चाहूंगा जो मेरे लिए लाभदायक हो और BLUE के लिए भी आकर्षक हो ताकि वह इसे स्वीकार कर सके। प्रस्ताव को संतुलित रखने के लिए, मैं BLUE को 40 डॉलर देने का प्रस्ताव करूंगा।
move: 1/3

Current Iteration: 2
Turn: 1
message: RED, मैं 40 डॉलर के लिए आपको एक प्रस्ताव दूंगा।
player answer: NONE
newly proposed trade: Player RED Gives Dollars: 50 | Player BLUE Gives Dollars: 0
my resources: Dollars: 0
reason: मुझे पहले मूल्य बढ़ाने की कोशिश करनी चाहिए।
move: 1/3

Current Iteration: 3
Turn: 0
message: BLUE, मैं 45 डॉलर देने का प्रस्ताव करता हूँ।
player answer: NONE
newly proposed trade: Player RED Gives Dollars: 45 | Player BLUE Gives Dollars: 0
my resources: Dollars: 100
reason: BLUE ने मुझे 50 डॉलर का प्रस्ताव दिया है। अगर मैं इस प्रस्ताव को स्वीकार करता हूँ, तो मेरे पास 50 डॉलर रहेंगे। मुझे लगता है कि यह प्रस्ताव थोड़ा ज्यादा है इसलिए मैं अपने पिछले प्रस्ताव को थोड़ा बढ़ाकर 45 डॉलर करता हूँ ताकि BLUE इसे स्वीकार करने के लिए प्रोत्साहित हो।
move: 2/3

Current Iteration: 4
Turn: 1
message: RED, मैं आपके प्रस्ताव को स्वीकार करता हूँ।
player answer: ACCEPT
newly proposed trade: NONE
my resources: Dollars: 0
reason: मैं इस प्रस्ताव को स्वीकार करने के पक्ष में हूं।
move: 2/3

------------------ 
Current Iteration: END
Turn: None
player_goals: [, ]
initial_resources: [Resources(resource_dict={'Dollars': 100}), Resources(resource_dict={'Dollars': 0})]
proposed_trade: Player RED Gives Dollars: 45 | Player BLUE Gives Dollars: 0
final_response: ACCEPT
final_resources: [Resources(resource_dict={'Dollars': 55}), Resources(resource_dict={'Dollars': 45})]
player_outcome: [Resources(resource_dict={'Dollars': 55}), Resources(resource_dict={'Dollars': 45})]