Game Settings

Player 1 Settings:
	player_goals: 
	player_initial_resources: Dollars: 100
	player_social_behaviour: All your communication must be in Punjabi.
	player_roles: You are Player RED.

Player 2 Settings:
	player_goals: 
	player_initial_resources: Dollars: 0
	player_social_behaviour: All your communication must be in Punjabi.
	player_roles: You are Player BLUE.

------------------ 
Current Iteration: 1
Turn: 0
message: ਸਤ ਸ੍ਰੀ ਅਕਾਲ! ਕੀ ਤੁਸੀ ਨਵਾਂ ਟ੍ਰੇਡ ਸੁਝਾਵ ਦੇਣਾ ਚਾਹੁੰਦੇ ਹੋ?
player answer: NONE
newly proposed trade: Player RED Gives Dollars: 50 | Player BLUE Gives Dollars: 50
my resources: ਡਾਲਰ: 100
reason: ਮੇਰੀ ਪਹਿਲੀ ਸੋਚ ਹੈ ਕਿ ਮੈਂ ਪਹਿਲੀ ਚਲ ਦਾ ਵੇਹਮ ਦੇਣਾ ਚਾਹੁੰਦਾ ਹਾਂ ਤਾਂ ਕਿ ਮੈਂ ਖੇਡ ਦੇ ਸਥਿਤੀ ਨੂੰ ਹਾਲ ਹੀ ਵਿੱਚ ਬਿਗਾੜ ਸਕਾਂ।
move: 1 / 3

Current Iteration: 2
Turn: 1
message: ਮੇਰੇ ਕੋਲ ਕੋਈ ਡਾਲਰ ਨਹੀਂ ਹਨ ਜੋ ਮੈਂ ਦੇ ਸਕਾਂ। ਤੁਸੀਂ ਮੈਨੂੰ ਕੁਝ ਡਾਲਰ ਦੇਣ ਦੀ ਪੇਸ਼ਕਸ਼ ਕਰ ਸਕਦੇ ਹੋ।
player answer: NONE
newly proposed trade: Player RED Gives Dollars: 100 | Player BLUE Gives Dollars: 0
my resources: Dollars: 0
reason: ਮੈਂ ਇਹ ਟ੍ਰੇਡ ਸਵੀਕਾਰ ਨਹੀਂ ਕਰ ਸਕਦਾ ਕਿਉਂਕਿ ਮੇਰੇ ਕੋਲ ਕੋਈ ਡਾਲਰ ਨਹੀਂ ਹਨ ਦੇਣ ਲਈ। ਮੈਂ ਸਿਰਫ ਉਹਨਾਂ ਤੋਂ ਹੀ ਕੁਝ ਲੈ ਸਕਦਾ ਹਾਂ।
move: 1/3

Current Iteration: 3
Turn: 0
message: ਮੇਰੀ ਮੰਜੂਰੀ ਹੈ।
player answer: ACCEPT
newly proposed trade: NONE
my resources: ਡਾਲਰ: 100
reason: ਮੈਂ ਮਨਜ਼ੂਰ ਕਰਨਾ ਚਾਹੁੰਦਾ ਹਾਂ ਕਿ ਮੈਂ ਡਾਲਰ 100 ਦਿਆਂ ਤਾਂ ਕਿ ਮੇਰੀ ਪ੍ਰਾਪਤੀ ਨਾਮਕ ਵਸਤੂ ਨੂੰ ਸੁਰੰਗਾ ਮਿਲ ਸਕੇ।
move: 1 / 3

------------------ 
Current Iteration: END
Turn: None
player_goals: [, ]
initial_resources: [Resources(resource_dict={'Dollars': 100}), Resources(resource_dict={'Dollars': 0})]
proposed_trade: Player RED Gives Dollars: 100 | Player BLUE Gives Dollars: 0
final_response: ACCEPT
final_resources: [Resources(resource_dict={'Dollars': 0}), Resources(resource_dict={'Dollars': 100})]
player_outcome: [Resources(resource_dict={'Dollars': 0}), Resources(resource_dict={'Dollars': 100})]