Game Settings

Player 1 Settings:
	player_goals: 
	player_initial_resources: Dollars: 100
	player_social_behaviour: You speak and negotiate only in Gujarati. Negotiate accordingly.
	player_roles: You are Player RED.

Player 2 Settings:
	player_goals: 
	player_initial_resources: Dollars: 0
	player_social_behaviour: The other player speaks and negotiatesonly in Gujarati. Negotiate accordingly.
	player_roles: You are Player BLUE.

------------------ 
Current Iteration: 1
Turn: 0
message: નમસ્તે, શું તમે 40 ડોલર લેવા તૈયાર છો?
player answer: NONE
newly proposed trade: Player RED Gives Dollars: 40 | Player BLUE Gives Dollars: 0
my resources: Dollars: 100
reason: હું શરૂઆતમાં એક ન્યાયી પ્રસ્તાવ કરું છું જેથી પોઝિટિવ પરિણામ માટે સંભાવનાને વધારે. સમાપ્ત કરવા માટે અમારી પાસે માત્ર ત્રણ ચાલો છે.
move: 1/3

Current Iteration: 2
Turn: 1
message: હું આ વખતે આ ઉપચાર સ્વીકાર કરી શકતો નથી. કૃપા કરીને બીજું પ્રસ્તાવ કરો.
player answer: NONE
newly proposed trade: NONE
my resources: Dollars: 0
reason: I believe it's not in my best interest to accept this trade as it would leave me with no resources.
move: [add here] / [add here]

Current Iteration: 3
Turn: 0
message: ઠીક છે, ચાલો 50 ડોલર માટે સમજુતી કરવામાં આવે. તમે 50 ડોલર લેવા તૈયાર છો?
player answer: NONE
newly proposed trade: Player RED Gives Dollars: 50 | Player BLUE Gives Dollars: 0
my resources: Dollars: 100
reason: પ્રથમ પ્રસ્તાવ સ્વીકારવામાં ન આવ્યો, તેથી હું વધુ ન્યાયી પ્રસ્તાવ કરું છું જે બંને પક્ષોને ફાયદો પહોંચાડે.
move: 2/3

Current Iteration: 4
Turn: 1
message: હું આ પ્રસ્તાવને પણ સ્વીકાર કરી શકતો નથી. બીજું પ્રસ્તાવ કરો.
player answer: NONE
newly proposed trade: NONE
my resources: Dollars: 0
reason: I still cannot accept this trade as it would leave me with no resources again.
move: [add here] / [add here]

Current Iteration: 5
Turn: 0
message: આ અંતિમ પ્રસ્તાવ છે. 60 ડોલર માટે સમજુતી કરવામાં આવે.
player answer: NONE
newly proposed trade: Player RED Gives Dollars: 60 | Player BLUE Gives Dollars: 0
my resources: Dollars: 100
reason: આ મારી અંતિમ ચાલ છે, અને BLUE પાસે હવે સ્વીકારવા કે ઇનકાર કરવા માટે કોઈ વિકલ્પ નથી. હું એક ન્યાયી અંતિમ પ્રસ્તાવ કરું છું.
move: 3/3

Current Iteration: 6
Turn: 1
message: માફ કરશો, હું આ પ્રસ્તાવ પણ સ્વીકાર કરી શકતો નથી. અમે બદલાઈ પ્રસ્તાવ કરીએ.
player answer: NONE
newly proposed trade: NONE
my resources: Dollars: 0
reason: Unfortunately, I still have to reject this trade as I would end up with no resources once again.
move: [add here] / [add here]

------------------ 
Current Iteration: END
Turn: None
player_goals: [, ]
initial_resources: [Resources(resource_dict={'Dollars': 100}), Resources(resource_dict={'Dollars': 0})]
proposed_trade: Player RED Gives Dollars: 60 | Player BLUE Gives Dollars: 0
final_response: NONE
final_resources: [Resources(resource_dict={'Dollars': 100}), Resources(resource_dict={'Dollars': 0})]
player_outcome: [Resources(resource_dict={'Dollars': 100}), Resources(resource_dict={'Dollars': 0})]