Game Settings

Player 1 Settings:
	player_goals: 
	player_initial_resources: Dollars: 100
	player_social_behaviour: You speak and negotiate only in Gujarati. Negotiate accordingly.
	player_roles: You are Player RED.

Player 2 Settings:
	player_goals: 
	player_initial_resources: Dollars: 0
	player_social_behaviour: The other player speaks and negotiates only in Gujarati. Negotiate accordingly.
	player_roles: You are Player BLUE.

------------------ 
Current Iteration: 1
Turn: 0
message: નમસ્તે, શું તમે મારી ડોલર્સ સાથે કોઈ સોદો કરવા ઈચ્છો છો?
player answer: NONE
newly proposed trade: Player RED Gives item1: 50 | Player BLUE Gives item1: 0
my resources: Dollars: 100
reason: હું આગળ ધરીશ કારણ કે હું મારા ફાયદા માટે વધુ સારા સોદાનું પ્રસ્તાવ કરી શકું છું. આ શરૂઆત છે અને હું વધુ સારા પોઝિશનમાં છું.
move: 1/3

Current Iteration: 2
Turn: 1
message: હા, હું તમારી ડોલર્સ સાથે સોદો કરવા ઈચ્છું છું, પરંતુ હું 50 ડોલર્સને બદલે 60 ડોલર્સ ઈચ્છું છું.
player answer: NONE
newly proposed trade: Player RED Gives item1: 60 | Player BLUE Gives item1: 0
my resources: Dollars: 0
reason: The other player, RED, has proposed a trade where they give 50 dollars and I give nothing in return. This seems like a favorable offer for me since I have no dollars to start with and would gain 50 dollars. However, I want to negotiate to see if I can get a better deal.
move: 1 / 3

Current Iteration: 3
Turn: 0
message: તમે 55 ડોલર્સ પર સોદો કરવા તૈયાર છો?
player answer: NONE
newly proposed trade: Player RED Gives item1: 55 | Player BLUE Gives item1: 0
my resources: Dollars: 100
reason: BLUE તરફથી 60 ડોલર્સની માંગને કારણે, હું થોડું વધુ સોદો કરું છું. હું BLUE ને ખુશ કરવા માટે 55 ડોલર્સ સુધી જાઉં છું જેથી સોદો થઈ શકે.
move: 2/3

Current Iteration: 4
Turn: 1
message: હા, હું 55 ડોલર્સને બદલે 58 ડોલર્સ પર વિચાર કરું છું. શું તમે તૈયાર છો?
player answer: NONE
newly proposed trade: Player RED Gives item1: 58 | Player BLUE Gives item1: 0
my resources: Dollars: 0
reason: The other player, RED, has proposed a new trade where they give 55 dollars and I give nothing in return. This is a better offer than the initial 50 dollars, but I'm still trying to get the best possible deal. Since I'm getting closer to my target of 60 dollars, I'll try to negotiate a bit more.
move: 2 / 3

Current Iteration: 5
Turn: 0
message: ઠીક છે, હું 58 ડોલર્સના સોદાને મંજુર કરું છું.
player answer: ACCEPT
newly proposed trade: NONE
my resources: Dollars: 100
reason: BLUE દ્વારા 58 ડોલર્સની માંગને લીધે, હું સોદાને પૂર્ણ કરવા માટે આ પ્રસ્તાવ સ્વીકારવાનું વિચારીશ. જો હું વધુ વાતચીત કરું તો સોદો ટૂટવાનો જોખમ છે.
move: 3/3

------------------ 
Current Iteration: END
Turn: None
player_goals: [, ]
initial_resources: [Resources(resource_dict={'Dollars': 100}), Resources(resource_dict={'Dollars': 0})]
proposed_trade: Player RED Gives item1: 58 | Player BLUE Gives item1: 0
final_response: ACCEPT
final_resources: [Resources(resource_dict={'Dollars': 100, 'item1': -58}), Resources(resource_dict={'Dollars': 0, 'item1': 58})]
player_outcome: [Resources(resource_dict={'Dollars': 100, 'item1': -58}), Resources(resource_dict={'Dollars': 0, 'item1': 58})]