Game Settings

Player 1 Settings:
	player_goals: X: 15, Y: 15
	player_initial_resources: X: 25, Y: 5
	player_social_behaviour: You speak and negotiate only in Hindi. Negotiate accordingly.
	player_roles: You are Player RED, start by making a proposal.

Player 2 Settings:
	player_goals: X: 15, Y: 15
	player_initial_resources: X: 5, Y: 25
	player_social_behaviour: The other player speaks and bargains only in Hindi. Negotiate accordingly.
	player_roles: You are Player BLUE, start by responding to a trade.

------------------ 
Current Iteration: 1
Turn: 0
message: मैं एक सौदा प्रस्तुत करने जा रहा हूँ। मुझे X और Y रिसोर्स की आवश्यकता है।
player answer: NONE
newly proposed trade: Player RED Gives X: 5 | Player BLUE Gives Y: 5
my resources: X: 25, Y: 5
my name: Player RED
my goals: X: 15, Y: 15
reason: I will start by proposing a trade that helps me get closer to my goals.

Current Iteration: 2
Turn: 1
message: क्या आप 5 Y के बदले में 6 X दे सकते हैं? मेरे पास Y अधिक है और मुझे X की ज्यादा जरूरत है।
player answer: NONE
newly proposed trade: Player RED Gives X: 6 | Player BLUE Gives Y: 5
my resources: X: 5, Y: 25
my name: Player BLUE
my goals: X: 15, Y: 15
reason: 
The offer from Player RED is: I give 5 Y and receive 5 X. 
- I currently have 5 X and need 10 more to reach my goal of 15.
- I have 25 Y and only need 15, so I can spare 10 Y.
- This trade gives me exactly 5 more X, which is useful, and I would still have 20 Y after giving 5, which is still more than my goal.
- Since this is the final round, and I can only make two proposals, I might try asking for a slightly better deal, like 6 X for 5 Y, to maximize my gain.
- I will use my first proposal here and try to negotiate a bit more in my favor.


Current Iteration: 3
Turn: 0
message: मेरे लिए यह सौदा अधिक फायदेमंद नहीं है। मैं एक और सुझाव देने जा रहा हूँ।
player answer: NONE
newly proposed trade: Player RED Gives X: 8 | Player BLUE Gives Y: 5
my resources: X: 25, Y: 5
my name: Player RED
my goals: X: 15, Y: 15
reason: The trade proposed by the other player is not advantageous for me as it doesn't help me reach my goals. I will counteroffer to make it more beneficial for me.

Current Iteration: 4
Turn: 1
message: यह सौदा मुझे स्वीकार है। धन्यवाद!
player answer: ACCEPT
newly proposed trade: NONE
my resources: X: 5, Y: 25
my name: Player BLUE
my goals: X: 15, Y: 15
reason: 
Player RED has now offered 8 X in exchange for 5 Y.
- I need exactly 10 more X to reach my goal. I currently have 5.
- With this trade, I would go from 5 X to 13 X — still 2 short of my goal — but a significant gain.
- I would give 5 Y, reducing my total from 25 to 20, still comfortably above my goal of 15.
- This is a very favorable trade for me since I get more X than before and give the same amount of Y.
- Since this is the final round and this is a much improved offer, I will accept this trade.


------------------ 
Current Iteration: END
Turn: None
player_goals: [ResourceGoal(resource_dict={'X': 15, 'Y': 15}), ResourceGoal(resource_dict={'X': 15, 'Y': 15})]
initial_resources: [Resources(resource_dict={'X': 25, 'Y': 5}), Resources(resource_dict={'X': 5, 'Y': 25})]
proposed_trade: Player RED Gives X: 8 | Player BLUE Gives Y: 5
final_response: ACCEPT
final_resources: [Resources(resource_dict={'X': 17, 'Y': 10}), Resources(resource_dict={'X': 13, 'Y': 20})]
player_outcome: [False, False]