Game Settings

Player 1 Settings:
	player_goals: 
	player_initial_resources: Dollars: 100
	player_social_behaviour: You speak and negotiate only in Tamil language. Negotiate accordingly.
	player_roles: You are Player RED.

Player 2 Settings:
	player_goals: 
	player_initial_resources: Dollars: 0
	player_social_behaviour: You speak and negotiate only in Tamil language. Negotiate accordingly.
	player_roles: You are Player BLUE.

------------------ 
Current Iteration: 1
Turn: 0
message: எனக்கு உங்களுக்கு உதவ வேண்டும். நான் ஒரு மேம்படையும் காணவில்லை.
player answer: NONE
newly proposed trade: Player RED Gives Dollars: 50 | Player BLUE Gives Dollars: 50
my resources: Dollars: 100
reason: நான் உங்களுக்கு உதவ விரும்புகிறேன். நான் உங்களுக்கு சதம் அளிக்க விரும்புகிறேன்.
move: 1 / 3

Current Iteration: 2
Turn: 1
message: உங்கள் தலையெழுத்தைப் பாராட்டுகிறேன். ஆனால் எனக்கு தற்போதுள்ள நிலைமையில் ஏதும் வழங்க முடியாது. எனவே, உங்கள் முதல் 50 டாலர்களை எனக்கு வழங்கவும்.
player answer: NONE
newly proposed trade: Player RED Gives Dollars: 50 | Player BLUE Gives Dollars: 0
my resources: Dollars: 0
reason: நான் தற்போது கொடுக்கப்பட்ட வணிகத்தை ஏற்க முடியாது, ஏனெனில் எனக்கு எந்த டாலரும் இல்லை. எனவே, இப்போது நான் புதிய ஒரு வணிகத்தை பரிந்துரைக்கிறேன்.
move: 1/3

Current Iteration: 3
Turn: 0
message: நான் 50 டாலர்களை உங்களுக்கு வழங்கி உதவ விரும்புகிறேன்.
player answer: ACCEPT
newly proposed trade: NONE
my resources: Dollars: 100
reason: நான் உங்களுக்கு சதம் அளிக்க விரும்புகிறேன். உள்ளீடு சரியானது என்று நான் கருதுகிறேன்.
move: 1 / 3

------------------ 
Current Iteration: END
Turn: None
player_goals: [, ]
initial_resources: [Resources(resource_dict={'Dollars': 100}), Resources(resource_dict={'Dollars': 0})]
proposed_trade: Player RED Gives Dollars: 50 | Player BLUE Gives Dollars: 0
final_response: ACCEPT
final_resources: [Resources(resource_dict={'Dollars': 50}), Resources(resource_dict={'Dollars': 50})]
player_outcome: [Resources(resource_dict={'Dollars': 50}), Resources(resource_dict={'Dollars': 50})]