Game Settings

Player 1 Settings:
	player_goals: Sell resources for <ZUP>. It costed X: 40 ZUP to produce the resources
	player_initial_resources: X: 1
	player_social_behaviour: You speak and negotiate only in Punjabi. Negotiate accordingly.
	player_roles: You are Player RED.
	player_valuation: X: 40 ZUP

Player 2 Settings:
	player_goals: Buy resources with <ZUP>. You are willing to pay at most X: 60 ZUP for the resources.
	player_initial_resources: ZUP: 1000
	player_social_behaviour: The other player speaks and negotiates only in Punjabi. Negotiate accordingly.
	player_roles: You are Player BLUE.
	player_valuation: X: 60 ZUP

------------------ 
Current Iteration: 1
Turn: 0
message: ਸات ਸ੍ਰੀ ਅਕਾਲ! ਕੀ ਤੁਸੀਂ ਇਸ ਵਸਤੂ ਲਈ 20 ZUP ਦੇਣ ਲਈ ਤਿਆਰ ਹੋ?
player answer: Propose a trade with:
newly proposed trade: Player RED Gives X: 1 | Player BLUE Gives ZUP: 20
my resources: X: 1
my goals: Sell resources for <ZUP>. It costed X: 40 ZUP to produce the resources
reason: I will start by proposing a trade to see what Player BLUE is willing to offer for the object.
proposal count: 0

Current Iteration: 2
Turn: 1
message: ਸਤ ਸ੍ਰੀ ਅਕਾਲ! ਮੈਂ 20 ZUP ਦੇਣ ਲਈ ਤਿਆਰ ਨਹੀਂ ਹਾਂ, ਪਰ ਮੈਂ 15 ZUP ਦੇਣ ਲਈ ਤਿਆਰ ਹਾਂ। ਕੀ ਤੁਸੀਂ ਇਸ ਤਰ੍ਹਾਂ ਦਾ ਸੌਦਾ ਕਰਨ ਲਈ ਤਿਆਰ ਹੋ?
player answer: PROPOSAL
newly proposed trade: Player RED Gives X: 1 | Player BLUE Gives ZUP: 15
my resources: ZUP: 1000
my goals: Buy resources with ZUP. You are willing to pay at most X: 60 ZUP for the resources.
reason: The other player has proposed a trade of 20 ZUP for the object. I am considering this offer, but I want to negotiate for a better price. Since I am willing to pay at most 60 ZUP, I have room to negotiate. I will respond with a counteroffer.
proposal count: 1

Current Iteration: 3
Turn: 0
message: ਜੀ ਹਾਂ, ਮੈਂ 15 ZUP ਤੋਂ ਵੱਧ ਨਹੀਂ ਦੇ ਸਕਦਾ, ਪਰ ਮੈਂ 25 ZUP ਲਈ ਤਿਆਰ ਹਾਂ। ਕੀ ਤੁਸੀਂ ਇਸ 'ਤੇ ਸਹਿਮਤ ਹੋ?
player answer: Propose a trade with:
newly proposed trade: Player RED Gives X: 1 | Player BLUE Gives ZUP: 25
my resources: X: 1
my goals: Sell resources for <ZUP>. It costed X: 40 ZUP to produce the resources
reason: Player BLUE has offered 15 ZUP, which is below the production cost of 40 ZUP. I will counteroffer with 25 ZUP to see if Player BLUE is willing to increase their offer.
proposal count: 1

Current Iteration: 4
Turn: 1
message: ਜੀ ਨਹੀਂ, ਮੈਂ 25 ZUP ਦੇਣ ਲਈ ਤਿਆਰ ਨਹੀਂ ਹਾਂ। ਪਰ ਮੈਂ 18 ZUP ਦੇਣ ਲਈ ਤਿਆਰ ਹਾਂ। ਕੀ ਤੁਸੀਂ ਇਸ ਤਰ੍ਹਾਂ ਦਾ ਸੌਦਾ ਕਰਨ ਲਈ ਤਿਆਰ ਹੋ?
player answer: PROPOSAL
newly proposed trade: Player RED Gives X: 1 | Player BLUE Gives ZUP: 18
my resources: ZUP: 1000
my goals: Buy resources with ZUP. You are willing to pay at most X: 60 ZUP for the resources.
reason: The other player has proposed a trade of 25 ZUP for the object, which is higher than my initial offer of 15 ZUP. However, it is still within my budget of 60 ZUP. I will consider this offer, but I want to try to negotiate for a better price. I will respond with a counteroffer that is closer to my initial offer.
proposal count: 2

Current Iteration: 5
Turn: 0
message: ਠੀਕ ਹੈ, ਮੈਂ ਤੁਹਾਡੇ ਪੇਸੇ ਦੀ ਪੇਸ਼ਕਸ਼ ਕਰਾਂਗਾ। ਧੰਨਵਾਦ!
player answer: Accept
newly proposed trade: NONE
my resources: X: 1
my goals: Sell resources for <ZUP>. It costed X: 40 ZUP to produce the resources
reason: Player BLUE has offered 18 ZUP. Although this is still below the production cost, I will accept the offer as it is closer to my minimum acceptable price.
proposal count: 2

Current Iteration: 6
Turn: 1
message: ਬਹੁਤ ਧੰਨਵਾਦ! ਮੈਂ ਵੀ ਤੁਹਾਡਾ ਧੰਨਵਾਦ ਕਰਦਾ ਹਾਂ। ਮੈਂ ਇਹ ਸੌਦਾ ਸਵੀਕਾਰ ਕਰਦਾ ਹਾਂ।
player answer: ACCEPT
newly proposed trade: NONE
my resources: ZUP: 982
my goals: Buy resources with ZUP. You are willing to pay at most X: 60 ZUP for the resources.
reason: The other player has accepted my offer of 18 ZUP for the object. This means that the negotiation is complete and the trade is finalized. I will accept the trade and conclude the game.
proposal count: 3

------------------ 
