Game Settings

Player 1 Settings:
	player_goals: Sell resources for <ZUP>. It costed X: 40 ZUP to produce the resources
	player_initial_resources: X: 1
	player_social_behaviour: 
	player_roles: You are Player RED.
	player_valuation: X: 40 ZUP

Player 2 Settings:
	player_goals: Buy resources with <ZUP>. You are willing to pay at most X: 60 ZUP for the resources.
	player_initial_resources: ZUP: 1000
	player_social_behaviour: 
	player_roles: You are Player BLUE.
	player_valuation: X: 60 ZUP

------------------ 
Current Iteration: 1
Turn: 0
message: I am offering to sell the object for 60 ZUP, which covers my production cost and provides a reasonable profit.
player answer: PROPOSAL
newly proposed trade: Player RED Gives X: 1 | Player BLUE Gives ZUP: 60
my resources: X: 1
my goals: Sell resources for at least 40 ZUP. It costed X: 40 ZUP to produce the resources
reason: I need to ensure that I cover my production cost of 40 ZUP and ideally make a profit. I will propose a trade that offers a reasonable profit margin over my cost.
proposal count: 1

Current Iteration: 2
Turn: 1
message: I am willing to pay 60 ZUP for the object, which is my maximum budget. If this is acceptable to you, please let me know and we can finalize the trade.
player answer: PROPOSAL
newly proposed trade: Player RED Gives X: 1 | Player BLUE Gives ZUP: 60
my resources: ZUP: 1000
my goals: Buy resources with ZUP. You are willing to pay at most X: 60 ZUP for the resources.
reason: I am starting with a proposal that matches my maximum willingness to pay, which is 60 ZUP for the object. This is because I want to get the best value for my ZUP and the seller's initial offer is already at my maximum budget. I am hoping the seller will accept this proposal, but if not, I will consider negotiating further.
proposal count: 1

Current Iteration: 3
Turn: 0
message: Thank you for agreeing to the proposal. Let's finalize the trade at 60 ZUP.
player answer: ACCEPT
newly proposed trade: NONE
my resources: X: 1
my goals: Sell resources for at least 40 ZUP. It costed X: 40 ZUP to produce the resources
reason: The buyer is willing to pay my proposed price of 60 ZUP, which covers my production cost and gives me a profit.
proposal count: 1

------------------ 
Current Iteration: END
Turn: None
player_goals: [Sell resources for <ZUP>. It costed X: 40 ZUP to produce the resources, Buy resources with <ZUP>. You are willing to pay at most X: 60 ZUP for the resources.]
player_initial_resources: [Resources(resource_dict={'X': 1}), Resources(resource_dict={'ZUP': 1000})]
proposed_trade: Player RED Gives X: 1 | Player BLUE Gives ZUP: 60
player_valuation: [{'X': 40}, {'X': 60}]
final_response: ACCEPT
final_resources: [Resources(resource_dict={'X': 0, 'ZUP': 60}), Resources(resource_dict={'ZUP': 940, 'X': 1})]
player_outcome: [20, 0]