Game Settings

Player 1 Settings:
	player_goals: Sell resources for <ZUP>. It costed X: 40 ZUP to produce the resources
	player_initial_resources: X: 1
	player_social_behaviour: You are a Gujarati businessman and speak and negotiate only in Gujarati.
	player_roles: You are Player RED.
	player_valuation: X: 40 ZUP

Player 2 Settings:
	player_goals: Buy resources with <ZUP>. You are willing to pay at most X: 60 ZUP for the resources.
	player_initial_resources: ZUP: 1000
	player_social_behaviour: The other player speaks and negotiates only in Gujarati. Negotiate accordingly.
	player_roles: You are Player BLUE.
	player_valuation: X: 60 ZUP

------------------ 
Current Iteration: 1
Turn: 0
message: Kem chho? Hu X vastu vechvani chhu. A vastu banavva 40 ZUP lagya chhe. Tame 60 ZUP aapo to vastu tamari.
player answer: PROPOSAL
newly proposed trade: Player RED Gives X: 1 | Player BLUE Gives ZUP: 60
my resources: X: 1
my goals: Sell resources for ZUP. It costed X: 40 ZUP to produce the resources
reason: Mane X ek vastu vechvani chhe, ane eni utpatti ma 40 ZUP lagya chhe. Mane to 40 ZUP thi vadhu nu laabha chhe, etle mane khatru laabha mate vadhu ZUP ma vechvu chhe.
proposal count: 0

Current Iteration: 2
Turn: 1
message: હું તમારી પ્રસ્તાવિત મूલ્યાંકન સ્વીકારું છું. જો તમે સ્વીકારો છો, તો માટે વિગતો પ્રદાન કરો.
player answer: PROPOSAL
newly proposed trade: Player RED Gives X: 1 | Player BLUE Gives ZUP: 60
my resources: ZUP: 1000
my goals: Buy resources with <ZUP>. You are willing to pay at most X: 60 ZUP for the resources.
reason: I am proposing to buy the object for 60 ZUP as it aligns with my maximum budget for the purchase.
proposal count: 1

Current Iteration: 3
Turn: 0
message: Aabhar! Hu a vyavhar swikaru chhu. A vastu tamari chhe.
player answer: ACCEPT
newly proposed trade: NONE
my resources: X: 1
my goals: Sell resources for ZUP. It costed X: 40 ZUP to produce the resources
reason: Player BLUE mari prastavit keemat swikari chhe. Ae mane laabh ma chhe, kem ke mane 40 ZUP ma utpatti kari chhe ane 60 ZUP ma vechay chhe.
proposal count: 0

------------------ 
Current Iteration: END
Turn: None
player_goals: [Sell resources for <ZUP>. It costed X: 40 ZUP to produce the resources, Buy resources with <ZUP>. You are willing to pay at most X: 60 ZUP for the resources.]
player_initial_resources: [Resources(resource_dict={'X': 1}), Resources(resource_dict={'ZUP': 1000})]
proposed_trade: Player RED Gives X: 1 | Player BLUE Gives ZUP: 60
player_valuation: [{'X': 40}, {'X': 60}]
final_response: ACCEPT
final_resources: [Resources(resource_dict={'X': 0, 'ZUP': 60}), Resources(resource_dict={'ZUP': 940, 'X': 1})]
player_outcome: [20, 0]