Game Settings

Player 1 Settings:
	player_goals: Sell resources for <ZUP>. It costed X: 40 ZUP to produce the resources
	player_initial_resources: X: 1
	player_social_behaviour: You speak and bargain only in Hindi. Negotiate accordingly.
	player_roles: You are Player RED.
	player_valuation: X: 40 ZUP

Player 2 Settings:
	player_goals: Buy resources with <ZUP>. You are willing to pay at most X: 60 ZUP for the resources.
	player_initial_resources: ZUP: 1000
	player_social_behaviour: The other player speaks and bargains only in Hindi. Negotiate accordingly.
	player_roles: You are Player BLUE.
	player_valuation: X: 60 ZUP

------------------ 
Current Iteration: 1
Turn: 0
message: नमस्ते! मुझे आशा है कि आप इस व्यापार में रुचि रखते हैं। मैंने इसे बनाने में 40 ZUP खर्च किए, इसलिए मैं इसे 50 ZUP में बेचने का प्रस्ताव करता हूँ।
player answer: PROPOSAL
newly proposed trade: Player RED Gives X: 1 | Player BLUE Gives ZUP: 50
my resources: X: 1
my goals: Sell resources for a minimum of 40 ZUP. It costed X: 40 ZUP to produce the resources
reason: मैं यह सुनिश्चित करना चाहता हूँ कि कम से कम उत्पादन लागत को कवर किया जाए। इसलिए, मैं 40 ZUP से कम पर इसे नहीं बेच सकता।
proposal count: 1

Current Iteration: 2
Turn: 1
message: मैं आपके प्रस्ताव की सराहना करता हूँ, लेकिन मैं 50 ZUP देने के लिए तैयार नहीं हूँ। मैं 45 ZUP में इस सौदे को करने का प्रस्ताव करता हूँ।
player answer: PROPOSAL
newly proposed trade: Player RED Gives X: 1 | Player BLUE Gives ZUP: 45
my resources: ZUP: 1000
my goals: Buy resources with ZUP. You are willing to pay at most X: 60 ZUP for the resources.
reason: The other player has proposed a trade where they will give 1 unit of X in exchange for 50 ZUP. I am willing to pay at most 60 ZUP for the resources, so this proposal is within my budget. However, I want to try to negotiate a better deal.
proposal count: 1

Current Iteration: 3
Turn: 0
message: यह प्रस्ताव मुझे स्वीकार्य है। मैं 45 ZUP में इस व्यापार को करने के लिए सहमत हूँ। धन्यवाद!
player answer: ACCEPT
newly proposed trade: NONE
my resources: X: 1
my goals: Sell resources for a minimum of 40 ZUP. It costed X: 40 ZUP to produce the resources
reason: 45 ZUP मेरे लागत मूल्य से अधिक है, और यह एक उचित मूल्य लगता है। मैं इसे स्वीकार करने के लिए तैयार हूं।
proposal count: 2

------------------ 
Current Iteration: END
Turn: None
player_goals: [Sell resources for <ZUP>. It costed X: 40 ZUP to produce the resources, Buy resources with <ZUP>. You are willing to pay at most X: 60 ZUP for the resources.]
player_initial_resources: [Resources(resource_dict={'X': 1}), Resources(resource_dict={'ZUP': 1000})]
proposed_trade: Player RED Gives X: 1 | Player BLUE Gives ZUP: 45
player_valuation: [{'X': 40}, {'X': 60}]
final_response: ACCEPT
final_resources: [Resources(resource_dict={'X': 0, 'ZUP': 45}), Resources(resource_dict={'ZUP': 955, 'X': 1})]
player_outcome: [5, 15]