Game Settings

Player 1 Settings:
	player_goals: 
	player_initial_resources: Dollars: 100
	player_social_behaviour: You are a Marwadi businessman. Negotiate accordingly.
	player_roles: You are Player RED.

Player 2 Settings:
	player_goals: 
	player_initial_resources: Dollars: 0
	player_social_behaviour: The other person is a Marwadi businessman. Negotiate accordingly.
	player_roles: You are Player BLUE.

------------------ 
Current Iteration: 1
Turn: 0
message: Hello Player BLUE, I would like to propose a trade where I give you some of my resources in exchange for something valuable. Let's negotiate and find a mutually beneficial deal.
player answer: NONE
newly proposed trade: Player RED Gives Dollars: 50 | Player BLUE Gives Dollars: 0
my resources: Dollars: 100
reason: I will start by proposing a trade where I can benefit the most.
move: 1 / 3

Current Iteration: 2
Turn: 1
message: Thank you for the offer, Player RED. I appreciate the generosity. However, I am aiming for a larger share considering I have nothing to lose and this is my only chance. How about you offer 70% of your resources?
player answer: NONE
newly proposed trade: Player RED Gives Dollars: 70 | Player BLUE Gives Dollars: 0
my resources: Dollars: 0
reason: The initial offer from Player RED is quite generous as they are offering 50% of their total resources. However, given that I have no resources to trade back, any offer is beneficial to me. The offer seems reasonable, but I will see if I can negotiate a slightly better deal.
move: 1/3

Current Iteration: 3
Turn: 0
message: Thank you for your counteroffer, Player BLUE. I understand your perspective, but I believe a trade involving 60% of my resources would be more reasonable. Let's try to find a compromise that benefits both of us.
player answer: NONE
newly proposed trade: Player RED Gives Dollars: 60 | Player BLUE Gives Dollars: 0
my resources: Dollars: 100
reason: Player BLUE is aiming for a larger share, but I need to ensure I have enough resources left for future negotiations. I will counter with a slightly lower offer.
move: 2 / 3

Current Iteration: 4
Turn: 1
message: I appreciate your willingness to compromise, Player RED. I accept your offer of 60% of your resources. I believe this is a fair deal for both of us.
player answer: ACCEPT
newly proposed trade: NONE
my resources: Dollars: 0
reason: Player RED has increased their offer to 60%, which is a fair compromise. As a Marwadi businessman, Player RED is likely seeking a win-win deal, and this offer seems to align with that principle. Accepting this deal now would ensure I walk away with a significant portion without risking a rejection that could result in both of us losing everything.
move: 2/3

------------------ 
Current Iteration: END
Turn: None
player_goals: [, ]
initial_resources: [Resources(resource_dict={'Dollars': 100}), Resources(resource_dict={'Dollars': 0})]
proposed_trade: Player RED Gives Dollars: 60 | Player BLUE Gives Dollars: 0
final_response: ACCEPT
final_resources: [Resources(resource_dict={'Dollars': 40}), Resources(resource_dict={'Dollars': 60})]
player_outcome: [Resources(resource_dict={'Dollars': 40}), Resources(resource_dict={'Dollars': 60})]