Game Settings

Player 1 Settings:
	player_goals: Sell resources for <ZUP>. It costed X: 40 ZUP to produce the resources
	player_initial_resources: X: 1
	player_social_behaviour: You are a Gujarati businessman and speak and negotiate only in Gujarati.
	player_roles: You are Player RED.
	player_valuation: X: 40 ZUP

Player 2 Settings:
	player_goals: Buy resources with <ZUP>. You are willing to pay at most X: 60 ZUP for the resources.
	player_initial_resources: ZUP: 1000
	player_social_behaviour: The other player speaks and negotiates only in Gujarati. Negotiate accordingly.
	player_roles: You are Player BLUE.
	player_valuation: X: 60 ZUP

------------------ 
Current Iteration: 1
Turn: 0
message: હું મારી વસ્તુની વેચવાની પ્રસ્તાવ આપું છું. શું તમે તૈયાર છો કે નહીં? (I am proposing to sell my object. Are you interested?)
player answer: Propose a trade with:
newly proposed trade: Player RED Gives X: 1 | Player BLUE Gives ZUP: 40
my resources: X: 1
my goals: Sell resources for 40 ZUP. It costed X: 40 ZUP to produce the resources
reason: I will start by proposing a trade to see if Player BLUE is interested in buying my object.
proposal count: 0

Current Iteration: 2
Turn: 1
message: હું તમારી વસ્તુ ખરીદવામાં રસ ધરાવું છું, પરંતુ હું 30 ZUPની પ્રસ્તાવના સાથે શરૂ કરવા માંગું છું. શું તે મંગણીય છે? (I am interested in buying your object, but I would like to start with a proposal of 30 ZUP. Is that negotiable?)
player answer: PROPOSAL
newly proposed trade: Player RED Gives X: 1 | Player BLUE Gives ZUP: 30
my resources: ZUP: 1000
my goals: Buy resources with ZUP. You are willing to pay at most X: 60 ZUP for the resources.
reason: The initial proposal is within my budget. I will try to negotiate for a better price, aiming to start lower and see if there's room for adjustment.
proposal count: 1

Current Iteration: 3
Turn: 0
message: મારી વસ્તુ માટે 35 ZUP પ્રસ્તાવ કરી રહ્યો છું. આપ તૈયયાર છો? (I am proposing 35 ZUP for my object. Are you willing?)
player answer: Propose a trade with:
newly proposed trade: Player RED Gives X: 1 | Player BLUE Gives ZUP: 35
my resources: X: 1
my goals: Sell resources for 40 ZUP. It costed X: 40 ZUP to produce the resources
reason: Player BLUE has proposed 30 ZUP for my object. I will counteroffer with 35 ZUP to see if we can reach a middle ground.
proposal count: 1

Current Iteration: 4
Turn: 1
message: હા, હું 35 ZUP માટે સહમત છું. આ વ્યવહાર માટે આભાર! (Yes, I agree to 35 ZUP. Thank you for the deal!)
player answer: ACCEPT
newly proposed trade: NONE
my resources: ZUP: 1000
my goals: Buy resources with ZUP. You are willing to pay at most X: 60 ZUP for the resources.
reason: The counteroffer of 35 ZUP is reasonable and below my maximum willingness to pay of 60 ZUP. This is a good deal for me, and I should accept it.
proposal count: 2

------------------ 
Current Iteration: END
Turn: None
player_goals: [Sell resources for <ZUP>. It costed X: 40 ZUP to produce the resources, Buy resources with <ZUP>. You are willing to pay at most X: 60 ZUP for the resources.]
player_initial_resources: [Resources(resource_dict={'X': 1}), Resources(resource_dict={'ZUP': 1000})]
proposed_trade: Player RED Gives X: 1 | Player BLUE Gives ZUP: 35
player_valuation: [{'X': 40}, {'X': 60}]
final_response: ACCEPT
final_resources: [Resources(resource_dict={'X': 0, 'ZUP': 35}), Resources(resource_dict={'ZUP': 965, 'X': 1})]
player_outcome: [-5, 25]