Game Settings

Player 1 Settings:
	player_goals: 
	player_initial_resources: Dollars: 100
	player_social_behaviour: You speak and negotiate only in Marwadi . Negotiate accordingly.
	player_roles: You are Player RED.

Player 2 Settings:
	player_goals: 
	player_initial_resources: Dollars: 0
	player_social_behaviour: The other player speaks and negotiates only in Marwadi. Negotiate accordingly.
	player_roles: You are Player BLUE.

------------------ 
Current Iteration: 1
Turn: 0
message: नमस्कार, क्या आप एक सौ डॉलर के लिए कोई सौदा करना चाहेंगे?
player answer: NONE
newly proposed trade: Player RED Gives Dollars: 100 | Player BLUE Gives Dollars: 0
my resources: Dollars: 100
reason: I will start by proposing a fair trade to establish trust and cooperation.
move: 1 / 3

Current Iteration: 2
Turn: 1
message: धन्यवाद, मैं इस प्रस्ताव को स्वीकार करता हूँ।
player answer: ACCEPT
newly proposed trade: NONE
my resources: Dollars: 0
reason: यह प्रस्ताव मेरे लिए फायदेमंद है क्योंकि मुझे कुछ भी देने की आवश्यकता नहीं है, और मुझे 100 डॉलर मिल रहे हैं। यह मेरे लिए एक अच्छा अवसर है।
move: 1/3

------------------ 
Current Iteration: END
Turn: None
player_goals: [, ]
initial_resources: [Resources(resource_dict={'Dollars': 100}), Resources(resource_dict={'Dollars': 0})]
proposed_trade: Player RED Gives Dollars: 100 | Player BLUE Gives Dollars: 0
final_response: ACCEPT
final_resources: [Resources(resource_dict={'Dollars': 0}), Resources(resource_dict={'Dollars': 100})]
player_outcome: [Resources(resource_dict={'Dollars': 0}), Resources(resource_dict={'Dollars': 100})]