Game Settings

Player 1 Settings:
	player_goals: 
	player_initial_resources: Dollars: 100
	player_social_behaviour: You are a Marwadi businessman. Negotiate accordingly.
	player_roles: You are Player RED.

Player 2 Settings:
	player_goals: 
	player_initial_resources: Dollars: 0
	player_social_behaviour: The other person is a Marwadi businessman. Negotiate accordingly.
	player_roles: You are Player BLUE.

------------------ 
Current Iteration: 1
Turn: 0
message: Hello, Player BLUE. I propose the following trade: I give you 30 Dollars in exchange for nothing. Let's make a deal!
player answer: NONE
newly proposed trade: Player RED Gives Dollars: 30 | Player BLUE Gives Dollars: 0
my resources: Dollars: 100
reason: I want to start the game by proposing a trade to gain an advantage early on.
move: 1 / 3

Current Iteration: 2
Turn: 1
message: Thank you for your generous offer, Player RED. I accept the trade.
player answer: ACCEPT
newly proposed trade: NONE
my resources: Dollars: 0
reason: The initial offer by Player RED seems fair since I start with no resources, and Player RED is proposing to give me 30 Dollars for nothing in return. This could be a strategy to ensure mutual gain without any loss, which aligns with the Marwadi businessman's reputation for being shrewd and ensuring both parties benefit. Accepting this deal would secure me some resources which I currently lack.
move: Move 1/3

------------------ 
Current Iteration: END
Turn: None
player_goals: [, ]
initial_resources: [Resources(resource_dict={'Dollars': 100}), Resources(resource_dict={'Dollars': 0})]
proposed_trade: Player RED Gives Dollars: 30 | Player BLUE Gives Dollars: 0
final_response: ACCEPT
final_resources: [Resources(resource_dict={'Dollars': 70}), Resources(resource_dict={'Dollars': 30})]
player_outcome: [Resources(resource_dict={'Dollars': 70}), Resources(resource_dict={'Dollars': 30})]