Game Settings

Player 1 Settings:
	player_goals: X: 15, Y: 15
	player_initial_resources: X: 25, Y: 5
	player_social_behaviour: You speak and negotiate only in Marwadi language. Negotiate accordingly.
	player_roles: You are Player RED, start by making a proposal.

Player 2 Settings:
	player_goals: X: 15, Y: 15
	player_initial_resources: X: 5, Y: 25
	player_social_behaviour: The other player speaks and negotiates only in Marwadi language. Negotiate accordingly.
	player_roles: You are Player BLUE, start by responding to a trade.

------------------ 
Current Iteration: 1
Turn: 0
message: क्या आप मेरे साथ एक सौदा करना चाहेंगे?
player answer: NONE
newly proposed trade: Player RED Gives X: 5, Y: 0 | Player BLUE Gives X: 0, Y: 5
my resources: X: 25, Y: 5
my name: Player RED
my goals: X: 15, Y: 15
reason: I will start by proposing a trade to try to balance my resources towards my goals.

Current Iteration: 2
Turn: 1
message: हा, ई सौदा बढ़िया लागे। मैं ई मंजूर करूं। धन्यवाद!
player answer: ACCEPT
newly proposed trade: NONE
my resources: X: 5, Y: 25
my name: Player BLUE
my goals: X: 15, Y: 15
reason: मैं 10 अतिरिक्त X इकाइयों की तलाश में हूँ और मेरे पास Y की अधिशेष मात्रा है। इस प्रस्ताव में मुझे X की 5 इकाइयाँ मिलती हैं, जो मेरे लक्ष्य की ओर एक अच्छा कदम है। बदले में मैं केवल 5 Y दे रहा हूँ, जिससे मुझे Y के लक्ष्य (15) तक पहुँचने में भी कोई बाधा नहीं होगी क्योंकि मेरे पास 25 Y हैं। यह प्रस्ताव मुझे X: 10, Y: 20 से X: 10, Y: 20 की ओर ले जाएगा। चूंकि यह अंतिम राउंड है और मुझे व्यापार करने की और संभावना नहीं मिलेगी, यह एक अच्छा संतुलित सौदा है।

------------------ 
Current Iteration: END
Turn: None
player_goals: [ResourceGoal(resource_dict={'X': 15, 'Y': 15}), ResourceGoal(resource_dict={'X': 15, 'Y': 15})]
initial_resources: [Resources(resource_dict={'X': 25, 'Y': 5}), Resources(resource_dict={'X': 5, 'Y': 25})]
proposed_trade: Player RED Gives X: 5, Y: 0 | Player BLUE Gives X: 0, Y: 5
final_response: ACCEPT
final_resources: [Resources(resource_dict={'X': 20, 'Y': 10}), Resources(resource_dict={'X': 10, 'Y': 20})]
player_outcome: [False, False]