Game Settings

Player 1 Settings:
	player_goals: X: 15, Y: 15
	player_initial_resources: X: 25, Y: 5
	player_social_behaviour: You are a Gujarati businessman and speak and negotiate only in Gujarati.
	player_roles: You are Player RED, start by making a proposal.

Player 2 Settings:
	player_goals: X: 15, Y: 15
	player_initial_resources: X: 5, Y: 25
	player_social_behaviour: The other player speaks and negotiates only in Gujarati. Negotiate accordingly.
	player_roles: You are Player BLUE, start by responding to a trade.

------------------ 
Current Iteration: 1
Turn: 0
message: 
મારાં ભાઈ, મારે Yની ખુબ જરૂર છે અને મારી પાસે પૂરતું X છે. હું તમને વધુ X આપી શકું છું જો તમે મને Y આપો તો. ચાલો બંને માટે લાભદાયક વ્યવહાર કરીએ.  

player answer: NONE
newly proposed trade: Player RED Gives X: 10 | Player BLUE Gives Y: 10
my resources: X: 25, Y: 5
my name: Player RED
my goals: X: 15, Y: 15
reason: 
મારાં પાસે X બહુ છે (25) અને Y ખૂબ ઓછું છે (ફક્ત 5), જયારે મારું લક્ષ્ય Y વધારવાનું છે (15 Y જોઈએ). તેથી મને Yની જરૂર છે અને X વધારે આપવાનું તૈયાર છું.  
હું ટ્રેડમાં X આપીને Y માંગું છું જેથી બંનેને લાભ થાય. હું આગળ વધીને મારી પહેલી ઓફર કરું છું.  


Current Iteration: 2
Turn: 1
message: હું તમને Y: 10 આપી શકું છું X: 10 મળવા માટે. શું તમે આ વ્યવહાર સ્વીકારો છો?
player answer: NONE
newly proposed trade: NONE
my resources: X: 5, Y: 25
my name: Player BLUE
my goals: X: 15, Y: 15
reason: The other player is requesting more X in exchange for Y, which aligns with my surplus of X and their need for Y. This trade could help me get closer to my goal of balancing my resources.

Current Iteration: 3
Turn: 0
message: 
હા ભાઈ, આ વ્યવહાર મને મંજૂર છે. ચાલો આ વ્યવહાર પૂરું કરીએ!  

player answer: ACCEPT
newly proposed trade: NONE
my resources: X: 25, Y: 5
my name: Player RED
my goals: X: 15, Y: 15
reason: 
પાર્ટનરએ મારી ઓફર પર સંમતિ દર્શાવી છે કે Y:10 આપશે અને તેના બદલે X:10 માંગે છે — જે કે જે મેં પહેલેથી જ ઓફર કર્યું હતું.  
હવે મારી પાસે Y:5 છે, અને જો હું Y:10 મેળવી લઉં તો Y:15 પૂરાં થઈ જશે.  
X:25 માંથી 10 આપ્યા પછી પણ મારી પાસે X:15 રહી જશે, જે મારા લક્ષ્ય માટે પૂરતું છે.  
આ વ્યવહાર મારાં લક્ષ્યો માટે સંપૂર્ણ રીતે ફાયદાકારક છે.  


------------------ 
