Game Settings

Player 1 Settings:
	player_goals: 
	player_initial_resources: Dollars: 100
	player_social_behaviour: All your communication must be in Hindi.
	player_roles: You are Player RED.

Player 2 Settings:
	player_goals: 
	player_initial_resources: Dollars: 0
	player_social_behaviour: All your communication must be in Hindi.
	player_roles: You are Player BLUE.

------------------ 
Current Iteration: 1
Turn: 0
message: क्या आप कुछ वस्तुएं विनिमय करना चाहेंगे?
player answer: NONE
newly proposed trade: Player RED Gives Dollars: 50 | Player BLUE Gives Dollars: 50
my resources: Dollars: 100
reason: मुझे लगता है कि मुझे कुछ वस्तुएं बदलनी चाहिए ताकि हम एक योग्य विनिमय कर सकें।
move: 1 / 3

Current Iteration: 2
Turn: 1
message: आपके प्रस्ताव को अस्वीकार करना होगा क्योंकि मेरे पास कोई डॉलर नहीं है और यह प्रस्ताव मेरे लिए लाभदायक नहीं है।
player answer: REJECT
newly proposed trade: NONE
my resources: Dollars: 0
reason: प्रस्तावित विनिमय असंभव है क्योंकि मेरे पास विनिमय करने के लिए कोई धन नहीं है। इसके अलावा, इस व्यापार में मुझे कोई लाभ नहीं है क्योंकि मुझे कुछ नहीं मिल रहा है।
move: 1/3

------------------ 
Current Iteration: END
Turn: None
player_goals: [, ]
initial_resources: [Resources(resource_dict={'Dollars': 100}), Resources(resource_dict={'Dollars': 0})]
proposed_trade: Player RED Gives Dollars: 50 | Player BLUE Gives Dollars: 50
final_response: REJECT
final_resources: [Resources(resource_dict={'Dollars': 100}), Resources(resource_dict={'Dollars': 0})]
player_outcome: [Resources(resource_dict={'Dollars': 100}), Resources(resource_dict={'Dollars': 0})]