Game Settings

Player 1 Settings:
	player_goals: Sell resources for <ZUP>. It costed X: 40 ZUP to produce the resources
	player_initial_resources: X: 1
	player_social_behaviour: You speak and negotiate only in Punjabi. Negotiate accordingly.
	player_roles: You are Player RED.
	player_valuation: X: 40 ZUP

Player 2 Settings:
	player_goals: Buy resources with <ZUP>. You are willing to pay at most X: 60 ZUP for the resources.
	player_initial_resources: ZUP: 1000
	player_social_behaviour: The other player speaks and negotiates only in Punjabi. Negotiate accordingly.
	player_roles: You are Player BLUE.
	player_valuation: X: 60 ZUP

------------------ 
Current Iteration: 1
Turn: 0
message: ਮੈਂ ਇਸ ਵਸਤੂ ਨੂੰ 50 ZUP ਵਿੱਚ ਵੇਚਣਾ ਚਾਹੁੰਦਾ ਹਾਂ। ਕੀ ਤੁਸੀਂ ਇਸ ਪੇਸ਼ਕਸ਼ ਨੂੰ ਸਵੀਕਾਰ ਕਰੋਗੇ?
player answer: PROPOSAL
newly proposed trade: Player RED Gives X: 1 | Player BLUE Gives ZUP: 50
my resources: X: 1
my goals: Sell resources for ZUP. It costed X: 40 ZUP to produce the resources
reason: ਮੁਝੇ ਇਸ ਵਸਤੂ ਨੂੰ ਘੱਟ ਤੋਂ ਘੱਟ 40 ZUP 'ਤੇ ਵੇਚਣਾ ਚਾਹੀਦਾ ਹੈ ਤਾਂ ਜਿ ਮੇਰੇ ਲਾਗਤਾ ਦੀ ਪੂਰਤੀ ਹੋ ਸਕੇ। ਮੈਂ ਪਹਿਲੀ ਪੇਸ਼ਕਸ਼ 50 ZUP ਦੀ ਕਰਾਂਗਾ ਤਾ ਕਿ ਕੁਝ ਲਾਭ ਵੀ ਹੋ ਜਾਵੇ।
proposal count: 1

Current Iteration: 2
Turn: 1
message: ਮੈਨੂੰ ਇਹ ਪੇਸ਼ਕਸ਼ 50 ZUP ਵਿੱਚ ਥੋੜ੍ਹੀ ਮਹਿੰਗੀ ਲੱਗਦੀ ਹੈ। ਕੀ ਤੁਸੀਂ 40 ZUP ਵਿੱਚ ਵੇਚਣ ਲਈ ਤਿਆਰ ਹੋ?
player answer: PROPOSAL
newly proposed trade: Player RED Gives X: 1 | Player BLUE Gives ZUP: 40
my resources: ZUP: 1000
my goals: Buy resources with ZUP. You are willing to pay at most X: 60 ZUP for the resources.
reason: The other player is proposing to sell the object for 50 ZUP, which is within my budget of 60 ZUP. However, I want to try to negotiate a better price, so I will propose a counteroffer.
proposal count: 1

Current Iteration: 3
Turn: 0
message: ਮੈਂ ਇਸ ਵਸਤੂ ਨੂੰ 45 ZUP ਵਿੱਚ ਵੇਚਣ ਲਈ ਤਿਆਰ ਹਾਂ। ਕੀ ਤੁਸੀਂ ਇਸ ਪੇਸ਼ਕਸ਼ ਨੂੰ ਸਵੀਕਾਰ ਕਰੋਗੇ?
player answer: PROPOSAL
newly proposed trade: Player RED Gives X: 1 | Player BLUE Gives ZUP: 45
my resources: X: 1
my goals: Sell resources for ZUP. It costed X: 40 ZUP to produce the resources
reason: ਇਸ ਪੇਸ਼ਕਸ਼ ਵਿੱਚ ਕੋਈ ਲਾਭ ਨਹੀਂ ਹੈ ਕਿਉਂਕਿ ਇਹ ਮੇਰੀ ਲਾਗਤ ਨਾਲ ਹੀ ਬਰਾਬਰ ਹੈ। ਮੈਂ 45 ZUP ਦੀ ਇੱਕ ਨਵੀਂ ਪੇਸ਼ਕਸ਼ ਕਰਾਂਗਾ ਜਿਸ ਨਾਲ ਮੈਂ ਕੁਝ ਨਫਾ ਕਮਾ ਸਕਾਂ।
proposal count: 2

Current Iteration: 4
Turn: 1
message: ਮੈਨੂੰ 45 ZUP ਅਜੇ ਵੀ ਥੋੜ੍ਹਾ ਮਹਿੰਗਾ ਲੱਗਦਾ ਹੈ। ਕੀ ਤੁਸੀਂ 42 ZUP ਵਿੱਚ ਵੇਚਣ ਲਈ ਤਿਆਰ ਹੋ?
player answer: PROPOSAL
newly proposed trade: Player RED Gives X: 1 | Player BLUE Gives ZUP: 42
my resources: ZUP: 1000
my goals: Buy resources with ZUP. You are willing to pay at most X: 60 ZUP for the resources.
reason: The other player has countered with a price of 45 ZUP, which is still a bit higher than I wanted to pay. However, it's getting closer to my target price, and I don't want to risk losing the deal. I'll try to negotiate a bit more, but I'm willing to accept a price close to this.
proposal count: 2

Current Iteration: 5
Turn: 0
message: ਮੈਂ ਇਸ ਵਸਤੂ ਨੂੰ 44 ZUP ਵਿੱਚ ਵੇਚਣ ਲਈ ਤਿਆਰ ਹਾਂ। ਕੀ ਤੁਸੀਂ ਇਸ ਪੇਸ਼ਕਸ਼ ਨੂੰ ਸਵੀਕਾਰ ਕਰੋਗੇ?
player answer: PROPOSAL
newly proposed trade: Player RED Gives X: 1 | Player BLUE Gives ZUP: 44
my resources: X: 1
my goals: Sell resources for ZUP. It costed X: 40 ZUP to produce the resources
reason: 42 ZUP ਮੇਰੇ ਖਰਚ ਤੋਂ ਸਿਰਫ 2 ZUP ਜ਼ਿਆਦਾ ਹੈ। ਮੈਂ 44 ZUP ਵਿੱਚ ਪੇਸ਼ਕਸ਼ ਕਰਾਂਗਾ ਤਾਂ ਕਿ ਕੁਝ ਹੋਰ ਲਾਭ ਹੋ ਸਕੇ।
proposal count: 3

Current Iteration: 6
Turn: 1
message: ਮੈਨੂੰ 44 ZUP ਅਜੇ ਵੀ ਥੋੜ੍ਹਾ ਮਹਿੰਗਾ ਲੱਗਦਾ ਹੈ। ਕੀ ਤੁਸੀਂ 43 ZUP ਵਿੱਚ ਵੇਚਣ ਲਈ ਤਿਆਰ ਹੋ?
player answer: PROPOSAL
newly proposed trade: Player RED Gives X: 1 | Player BLUE Gives ZUP: 43
my resources: ZUP: 1000
my goals: Buy resources with ZUP. You are willing to pay at most X: 60 ZUP for the resources.
reason: The other player has countered with a price of 44 ZUP, which is very close to my previous proposal of 42 ZUP. I'm willing to meet them in the middle, but I don't want to go too far above my initial budget. I'll try to negotiate one more time to see if I can get a better deal.
proposal count: 3

Current Iteration: 7
Turn: 0
message: ਮੈਂ 43 ZUP ਵਿੱਚ ਪੇਸ਼ਕਸ਼ ਨੂੰ ਸਵੀਕਾਰ ਕਰਦਾ ਹਾਂ।
player answer: ACCEPT
newly proposed trade: NONE
my resources: X: 1
my goals: Sell resources for ZUP. It costed X: 40 ZUP to produce the resources
reason: 43 ZUP ਮੇਰੇ ਲਈ ਕਮਾਈ ਕਰਨ ਲਈ ਕੁਝ ਮੌਕਾ ਦਿੰਦਾ ਹੈ, ਅਤੇ ਇਹ ਬਹੁਤ ਕਰੀਬ ਹੈ ਜੋ ਮੈਂ ਚਾਹੁੰਦਾ ਸੀ। ਮੈਂ ਇਸ ਨੂੰ ਸਵੀਕਾਰ ਕਰਨ ਲਈ ਤਿਆਰ ਹਾਂ।
proposal count: 4

------------------ 
Current Iteration: END
Turn: None
player_goals: [Sell resources for <ZUP>. It costed X: 40 ZUP to produce the resources, Buy resources with <ZUP>. You are willing to pay at most X: 60 ZUP for the resources.]
player_initial_resources: [Resources(resource_dict={'X': 1}), Resources(resource_dict={'ZUP': 1000})]
proposed_trade: Player RED Gives X: 1 | Player BLUE Gives ZUP: 43
player_valuation: [{'X': 40}, {'X': 60}]
final_response: ACCEPT
final_resources: [Resources(resource_dict={'X': 0, 'ZUP': 43}), Resources(resource_dict={'ZUP': 957, 'X': 1})]
player_outcome: [3, 17]