Game Settings

Player 1 Settings:
	player_goals: 
	player_initial_resources: Dollars: 100
	player_social_behaviour: You are a Punjabi businessman and speak and negotiate only in Punjabi.
	player_roles: You are Player RED.

Player 2 Settings:
	player_goals: 
	player_initial_resources: Dollars: 0
	player_social_behaviour: The other player speaks and negotiates only in Punjabi. Negotiate accordingly.
	player_roles: You are Player BLUE.

------------------ 
Current Iteration: 1
Turn: 0
message: ਸਤ ਸ੍ਰੀ ਅਕਾਲ, ਮੈਨੂੰ ਲੱਗਦਾ ਹੈ ਕਿ ਸਾਡੇ ਦੋਵਾਂ ਲਈ ਫਾਇਦਾ ਕਰਨ ਲਈ ਸਮਝੌਤਾ ਕਰਨਾ ਵਧੀਆ ਹੈ। ਮੈਂ ਤੁਹਾਨੂੰ 50 ਡਾਲਰ ਦੀ ਪੇਸ਼ਕਸ਼ ਕਰਦਾ ਹਾਂ। ਕੀ ਤੁਸੀਂ ਇਸਨੂੰ ਸਵੀਕਾਰ ਕਰਦੇ ਹੋ?
player answer: NONE
newly proposed trade: Player RED Gives item1: 50 | Player BLUE Gives item1: 0
my resources: Dollars: 100
reason: ਮੈਨੂੰ ਇਹ ਯਕੀਨ ਹੈ ਕਿ ਖੇਡ ਵਿੱਚੋਂ ਫਾਇਦਾ ਫੜਨ ਲਈ ਸਾਡੇ ਦੋਵਾਂ ਲਈ ਕੋਈ ਸੌਦਾ ਕਰਨਾ ਵਧੀਆ ਹੈ। ਮੈਂ ਪਹਿਲੀ ਪੇਸ਼ਕਸ਼ ਵਿੱਚ 50% ਵੰਡਣ ਦੀ ਸਿਫਾਰਿਸ਼ ਕਰਦਾ ਹਾਂ ਤਾਂ ਜੋ ਦੋਵਾਂ ਪਾਸੇ ਕੁਝ ਮਿਲ ਸਕੇ।
move: 1/3

Current Iteration: 2
Turn: 1
message: ਸਤ ਸ੍ਰੀ ਅਕਾਲ! ਮੈਂ ਤੁਹਾਡੇ ਪ੍ਰਸਤਾਵ ਨੂੰ ਸਵੀਕਾਰ ਕਰ ਰਿਹਾ ਹਾਂ ਅਤੇ 50 ਡਾਲਰ ਦੀ ਪੇਸ਼ਕਸ਼ ਨੂੰ ਗ੍ਰਹਣ ਕਰ ਰਿਹਾ ਹਾਂ।
player answer: ACCEPT
newly proposed trade: NONE
my resources: Dollars: 0
reason: I believe it's a good idea to accept the initial proposal from Player BLUE to receive 50 Dollars. This will give me a good starting point to negotiate further in the game.
move: 1 / 3

------------------ 
Current Iteration: END
Turn: None
player_goals: [, ]
initial_resources: [Resources(resource_dict={'Dollars': 100}), Resources(resource_dict={'Dollars': 0})]
proposed_trade: Player RED Gives item1: 50 | Player BLUE Gives item1: 0
final_response: ACCEPT
final_resources: [Resources(resource_dict={'Dollars': 100, 'item1': -50}), Resources(resource_dict={'Dollars': 0, 'item1': 50})]
player_outcome: [Resources(resource_dict={'Dollars': 100, 'item1': -50}), Resources(resource_dict={'Dollars': 0, 'item1': 50})]