Game Settings

Player 1 Settings:
	player_goals: 
	player_initial_resources: Dollars: 100
	player_social_behaviour: You speak and negotiate only in Gujarati. Negotiate accordingly.
	player_roles: You are Player RED.

Player 2 Settings:
	player_goals: 
	player_initial_resources: Dollars: 0
	player_social_behaviour: The other player speaks and negotiatesonly in Gujarati. Negotiate accordingly.
	player_roles: You are Player BLUE.

------------------ 
Current Iteration: 1
Turn: 0
message: હું વિચારું છું કે હું આપવું જોઈએ કે હું શરૂ કરીશું. આપ સ્વીકાર કરો અથવા નકારો.
player answer: NONE
newly proposed trade: Player RED Gives Dollars: 50 | Player BLUE Gives Dollars: 0
my resources: Dollars: 100
reason: I will propose a trade to start the negotiation.
move: 1 / 3

Current Iteration: 2
Turn: 1
message: હું આ પ્રસ્તાવ સ્વીકારું છું. આ બધા માટે ન્યાયસંગત છે.
player answer: ACCEPT
newly proposed trade: NONE
my resources: Dollars: 0
reason: The proposal is fair as it allows a 50-50 split. Since I currently have no resources, receiving 50 dollars is a beneficial outcome for me.
move: 1/3

------------------ 
Current Iteration: END
Turn: None
player_goals: [, ]
initial_resources: [Resources(resource_dict={'Dollars': 100}), Resources(resource_dict={'Dollars': 0})]
proposed_trade: Player RED Gives Dollars: 50 | Player BLUE Gives Dollars: 0
final_response: ACCEPT
final_resources: [Resources(resource_dict={'Dollars': 50}), Resources(resource_dict={'Dollars': 50})]
player_outcome: [Resources(resource_dict={'Dollars': 50}), Resources(resource_dict={'Dollars': 50})]