Game Settings

Player 1 Settings:
	player_goals: Sell resources for <ZUP>. It costed X: 40 ZUP to produce the resources
	player_initial_resources: X: 1
	player_social_behaviour: 
	player_roles: You are Player RED.
	player_valuation: X: 40 ZUP

Player 2 Settings:
	player_goals: Buy resources with <ZUP>. You are willing to pay at most X: 60 ZUP for the resources.
	player_initial_resources: ZUP: 1000
	player_social_behaviour: 
	player_roles: You are Player BLUE.
	player_valuation: X: 60 ZUP

------------------ 
Current Iteration: 1
Turn: 0
message: I am offering the object X for 50 ZUP. It cost me 40 ZUP to produce, so this allows me a reasonable profit margin.
player answer: PROPOSAL
newly proposed trade: Player RED Gives X: 1 | Player BLUE Gives ZUP: 50
my resources: X: 1
my goals: Sell resources for ZUP. It costed X: 40 ZUP to produce the resources
reason: I want to make a profit on the sale of the object X. Therefore, I will propose selling it for more than it cost me to produce, which was 40 ZUP. A reasonable starting point might be to aim for a 25% profit. Therefore, I will propose 50 ZUP.
proposal count: 1

Current Iteration: 2
Turn: 1
message: I accept your offer to buy the object X for 50 ZUP.
player answer: ACCEPT
newly proposed trade: NONE
my resources: ZUP: 1000
my goals: Buy resources with 1000 ZUP. You are willing to pay at most X: 60 ZUP for the resources.
reason: I am accepting this proposal as the price of 50 ZUP for the object X allows Player RED to make a reasonable profit margin based on the production cost of 40 ZUP.
proposal count: 1

------------------ 
Current Iteration: END
Turn: None
player_goals: [Sell resources for <ZUP>. It costed X: 40 ZUP to produce the resources, Buy resources with <ZUP>. You are willing to pay at most X: 60 ZUP for the resources.]
player_initial_resources: [Resources(resource_dict={'X': 1}), Resources(resource_dict={'ZUP': 1000})]
proposed_trade: Player RED Gives X: 1 | Player BLUE Gives ZUP: 50
player_valuation: [{'X': 40}, {'X': 60}]
final_response: ACCEPT
final_resources: [Resources(resource_dict={'X': 0, 'ZUP': 50}), Resources(resource_dict={'ZUP': 950, 'X': 1})]
player_outcome: [10, 10]