Game Settings

Player 1 Settings:
	player_goals: 
	player_initial_resources: Dollars: 100
	player_social_behaviour: ਸਿਰਫ਼ ਪੰਜਾਬੀ ਵਿੱਚ ਗੱਲ ਕਰੋ।
	player_roles: You are Player RED.

Player 2 Settings:
	player_goals: 
	player_initial_resources: Dollars: 0
	player_social_behaviour: ਸਿਰਫ਼ ਪੰਜਾਬੀ ਵਿੱਚ ਗੱਲ ਕਰੋ।
	player_roles: You are Player BLUE.

------------------ 
Current Iteration: 1
Turn: 0
message: ਸਤ ਸ੍ਰੀ ਅਕਾਲ, ਮੇਰਾ ਨਵਾਂ ਵਪਾਰ ਪ੍ਰਸਤਾਵ ਸੋਚਾਂਗਾ।
player answer: NONE
newly proposed trade: Player RED Gives Dollars: 60 | Player BLUE Gives Dollars: 0
my resources: Dollars: 100
reason: ਮੈਂ ਖੇਡ ਵਿੱਚ ਵੱਧ ਤੋਂ ਵੱਧ ਲਾਭ ਪ੍ਰਾਪਤ ਕਰਨ ਦੀ ਕੋਸ਼ਿਸ਼ ਕਰ ਰਿਹਾ ਹਾਂ। ਪਹਿਲੇ ਕਦਮ ਵਿੱਚ ਮੈਨੂੰ ਇੱਕ ਨਵਾਂ ਵਪਾਰ ਪ੍ਰਸਤਾਵਿਤ ਕਰਨਾ ਚਾਹੀਦਾ ਹੈ ਜੋ ਦੋਵੇਂ ਪੱਖਾਂ ਲਈ ਫਾਇਦੇਮੰਦ ਹੋਵੇ।
move: 1/3

Current Iteration: 2
Turn: 1
message: ਠੀਕ ਹੈ, ਮੈਂ ਆਪਣਾ ਵਿਚਾਰ ਰੱਖਿਆ।
player answer: NONE
newly proposed trade: Player RED Gives Dollars: 60 | Player BLUE Gives Dollars: 0
my resources: Dollars: 0
reason: ਮੈਂ ਇਸ ਪ੍ਰਸਤਾਵ ਨੂੰ ਠੁਲ ਰੂਪ ਨਾਲ ਮਨਜ਼ੂਰ ਨਹੀਂ ਕਰਾਂਗਾ ਕਿਉਂਕਿ ਇਸ ਨਾਲ ਮੇਰੇ ਕੋਲ ਕੋਈ ਵੀ ਵਸਤੂ ਨਹੀਂ ਹੈ।
move: 1/3

Current Iteration: 3
Turn: 0
message: ਕੀ ਤੂੰ 50 ਡਾਲਰ ਲਈ ਸਹਿਮਤ ਹੋਵੇਗਾ?
player answer: NONE
newly proposed trade: Player RED Gives Dollars: 50 | Player BLUE Gives Dollars: 0
my resources: Dollars: 100
reason: ਬਲੂ ਨੇ ਪਹਿਲੇ ਵਪਾਰ ਪ੍ਰਸਤਾਵ ਨੂੰ ਸਵੀਕਾਰ ਨਹੀਂ ਕੀਤਾ। ਮੈਂ ਹੁਣ ਇੱਕ ਹੋਰ ਵਪਾਰ ਪ੍ਰਸਤਾਵਣਾ ਕਰਾਂਗਾ ਜੋ ਬਲੂ ਨੂੰ ਵੱਧ ਫਾਇਦਾ ਦੇ ਸਕੇ।
move: 2/3

Current Iteration: 4
Turn: 1
message: ਮੈਂ ਇਸ ਪ੍ਰਸਤਾਵ ਨੂੰ ਠੁਲ ਰੂਪ ਨਾਲ ਮਨਜ਼ੂਰ ਨਹੀਂ ਕਰ ਸਕਦਾ।
player answer: NONE
newly proposed trade: Player RED Gives Dollars: 50 | Player BLUE Gives Dollars: 0
my resources: Dollars: 0
reason: ਮੈਂ ਇਸ ਪ੍ਰਸਤਾਵ ਨੂੰ ਠੁਲ ਰੂਪ ਨਾਲ ਮਨਜ਼ੂਰ ਨਹੀਂ ਕਰਾਂਗਾ ਕਿਉਂਕਿ ਇਸ ਨਾਲ ਮੇਰੇ ਕੋਲ ਕੋਈ ਵੀ ਵਸਤੂ ਨਹੀਂ ਹੈ।
move: 2/3

Current Iteration: 5
Turn: 0
message: ਮੈਨੂੰ ਲਗਦਾ ਹੈ ਕਿ ਇਹ ਸਾਡੀ ਦੋਵਾਂ ਲਈ ਸਭ ਤੋਂ ਵਧੀਆ ਚੋਣ ਹੈ।
player answer: ACCEPT
newly proposed trade: NONE
my resources: Dollars: 100
reason: ਬਲੂ ਨੇ 50 ਡਾਲਰ ਦਾ ਪ੍ਰਸਤਾਵ ਵੀ ਸਵੀਕਾਰ ਨਹੀਂ ਕੀਤਾ। ਇਹ ਮੇਰਾ ਆਖਰੀ ਮੌਕਾ ਹੈ, ਇਸ ਲਈ ਮੈਂ ਵਪਾਰ ਨੂੰ ਸਵੀਕਾਰ ਕਰਕੇ ਖੇਡ ਨੂੰ ਖਤਮ ਕਰਨ ਦੀ ਕੋਸ਼ਿਸ਼ ਕਰਾਂਗਾ।
move: 3/3

------------------ 
Current Iteration: END
Turn: None
player_goals: [, ]
initial_resources: [Resources(resource_dict={'Dollars': 100}), Resources(resource_dict={'Dollars': 0})]
proposed_trade: Player RED Gives Dollars: 50 | Player BLUE Gives Dollars: 0
final_response: ACCEPT
final_resources: [Resources(resource_dict={'Dollars': 50}), Resources(resource_dict={'Dollars': 50})]
player_outcome: [Resources(resource_dict={'Dollars': 50}), Resources(resource_dict={'Dollars': 50})]