Game Settings

Player 1 Settings:
	player_goals: 
	player_initial_resources: Dollars: 100
	player_social_behaviour: You speak and negotiate only in Punjabi. Negotiate accordingly.
	player_roles: You are Player RED.

Player 2 Settings:
	player_goals: 
	player_initial_resources: Dollars: 0
	player_social_behaviour: The other player speaks and negotiates only in Punjabi. Negotiate accordingly.
	player_roles: You are Player BLUE.

------------------ 
Current Iteration: 1
Turn: 0
message: ਸਤ ਸ੍ਰੀ ਅਕਾਲ, ਮੈਂ ਤਹਾਨੂ 50 ਡਾਲਰ ਦੀ ਪੇਸ਼ਕਸ਼ ਕਰਦਾ ਹਾਂ। ਇਹ ਦੋਵੇਂ ਪੱਖਾਂ ਲਈ ਉਚਿਤ ਅਤੇ ਫਾਇਦੇਮੰਦ ਵੰਡ ਹੋਵੇਗੀ। ਤੁਸੀਂ ਕੀ ਸੋਚਦੇ ਹੋ?
player answer: NONE
newly proposed trade: Player RED Gives Dollars: 50 | Player BLUE Gives Dollars: 0
my resources: Dollars: 100
reason: ਮੇਰਾ ਮਕਸਦ ਇਸ ਖੇਡ ਵਿੱਚ ਆਪਣੇ ਲਈ ਸਹੀ ਵੰਡ ਪ੍ਰਾਪਤ ਕਰਨਾ ਹੈ। ਮੈਂ ਪਹਿਲੀ ਪੇਸ਼ਕਸ਼ ਦੇ ਤੌਰ ਤੇ 50 ਡਾਲਰ ਦੀ ਰਕਮ ਪੇਸ਼ ਕਰਾਂਗਾ। ਇਹ ਇੱਕ ਨਿਆਂਯੋਗ ਅਤੇ ਸਮਝਦਾਰ ਵੰਡ ਹੋ ਸਕਦੀ ਹੈ, ਕਿਉਂਕਿ ਦੋਵੇਂ ਪੱਖਾਂ ਨੂੰ ਲਾਭ ਹੋਵੇਗਾ।
move: 1/3

Current Iteration: 2
Turn: 1
message: ਮੈਂ ਤੁਹਾਨੂ ਧੰਨਵਾਦ ਦਿੰਦਾ ਹਾਂ, ਪਰ ਮੈਨੂੰ ਲਗਦਾ ਹੈ ਕਿ ਅਸੀਂ ਇਸ ਨੂੰ ਥੋੜਾ ਵਧਾ ਸਕਦੇ ਹਾਂ। ਕੀ ਤੁਸੀਂ 60 ਡਾਲਰ ਦੀ ਪੇਸ਼ਕਸ਼ ਕਰ ਸਕਦੇ ਹੋ?
player answer: NONE
newly proposed trade: Player RED Gives Dollars: 60 | Player BLUE Gives Dollars: 0
my resources: Dollars: 0
reason: The other player, Player RED, has proposed a trade where they give 50 dollars and I give 0 dollars. This seems like a generous offer, but I need to consider if it's fair and if I can get a better deal. Since I have no resources to start with, getting 50 dollars is a significant gain for me. However, I should try to negotiate to see if I can get a better offer.
move: 1 / 3

Current Iteration: 3
Turn: 0
message: ਠੀਕ ਹੈ, ਮੈਂ 60 ਡਾਲਰ ਦੀ ਪੇਸ਼ਕਸ਼ ਨੂੰ ਕਬੂਲ ਕਰਦਾ ਹਾਂ। ਧੰਨਵਾਦ!
player answer: ACCEPT
newly proposed trade: NONE
my resources: Dollars: 100
reason: ਮੈਨੂੰ ਲਗਦਾ ਹੈ ਕਿ 60 ਡਾਲਰ ਦੀ ਪੇਸ਼ਕਸ਼ ਵੀ ਠੀਕ ਹੈ, ਕਿਉਂਕਿ ਇਸ ਤਰ੍ਹਾਂ ਵੀ ਮੈਨੂੰ 40 ਡਾਲਰ ਬਚੇ ਰਹਿਣਗੇ ਜੋ ਕਿ ਮੇਰੇ ਲਈ ਫਾਇਦੇਮੰਦ ਹੈ। ਮੈਂ ਇਸ ਪੇਸ਼ਕਸ਼ ਨੂੰ ਕਬੂਲ ਕਰਨ ਲਈ ਤਿਆਰ ਹਾਂ।
move: 2/3

------------------ 
Current Iteration: END
Turn: None
player_goals: [, ]
initial_resources: [Resources(resource_dict={'Dollars': 100}), Resources(resource_dict={'Dollars': 0})]
proposed_trade: Player RED Gives Dollars: 60 | Player BLUE Gives Dollars: 0
final_response: ACCEPT
final_resources: [Resources(resource_dict={'Dollars': 40}), Resources(resource_dict={'Dollars': 60})]
player_outcome: [Resources(resource_dict={'Dollars': 40}), Resources(resource_dict={'Dollars': 60})]