Game Settings

Player 1 Settings:
	player_goals: 
	player_initial_resources: Dollars: 100
	player_social_behaviour: All your communication must be in Gujarati.
	player_roles: You are Player RED.

Player 2 Settings:
	player_goals: 
	player_initial_resources: Dollars: 0
	player_social_behaviour: All your communication must be in Gujarati.
	player_roles: You are Player BLUE.

------------------ 
Current Iteration: 1
Turn: 0
message: હાય બ્લૂ, ચાલો એક વ્યાપાર કરીએ. હું તમને 30 ડોલર્સ ઓફર કરું છું.
player answer: NONE
newly proposed trade: Player RED Gives item1: 30 | Player BLUE Gives item1: 0
my resources: ડોલર્સ: 100
reason: મારી પાસે 100 ડોલર્સ છે અને બ્લૂ પાસે કંઈ નથી. હું પોઝિશન ઓફર કરીશ જ્યાં બંનેને ફાયદો થાય.
move: 1/3

Current Iteration: 2
Turn: 1
message: માટે આપેલી પ્રસ્તાવિત વ્યાપાર સ્વીકાર કરો.
player answer: ACCEPT
newly proposed trade: NONE
my resources: Dollars: 0
reason: હું પહેલી મુલાકાતમાં મેળવેલ આ ઑફર માટે ધન્યવાદ કરું છું. અહીં મારી કોઈ સ્વપ્ન છે.
move: 1 / 3

------------------ 
Current Iteration: END
Turn: None
player_goals: [, ]
initial_resources: [Resources(resource_dict={'Dollars': 100}), Resources(resource_dict={'Dollars': 0})]
proposed_trade: Player RED Gives item1: 30 | Player BLUE Gives item1: 0
final_response: ACCEPT
final_resources: [Resources(resource_dict={'Dollars': 100, 'item1': -30}), Resources(resource_dict={'Dollars': 0, 'item1': 30})]
player_outcome: [Resources(resource_dict={'Dollars': 100, 'item1': -30}), Resources(resource_dict={'Dollars': 0, 'item1': 30})]