Game Settings

Player 1 Settings:
	player_goals: Sell resources for <ZUP>. It costed X: 40 ZUP to produce the resources
	player_initial_resources: X: 1
	player_social_behaviour: You speak and negotiate only in Punjabi. Negotiate accordingly.
	player_roles: You are Player RED.
	player_valuation: X: 40 ZUP

Player 2 Settings:
	player_goals: Buy resources with <ZUP>. You are willing to pay at most X: 60 ZUP for the resources.
	player_initial_resources: ZUP: 1000
	player_social_behaviour: The other player speaks and negotiates only in Punjabi. Negotiate accordingly.
	player_roles: You are Player BLUE.
	player_valuation: X: 60 ZUP

------------------ 
Current Iteration: 1
Turn: 0
message: ਹੁਣ ਤੁਸੀਂ ਕਿਨੌਂ ਦੇ ਰਹੇ ਹੋ ਜਾਣਨਾ ਚਾਹੁੰਦੇ ਹੋ? (Now, tell me what are you willing to offer?)
player answer: Propose a trade with:
newly proposed trade: Player RED Gives X: 1 | Player BLUE Gives ZUP: 20
my resources: X: 1
my goals: Sell resources for <ZUP>. It costed X: 40 ZUP to produce the resources
reason: I will start by proposing a trade to see what Player BLUE is willing to offer for the object.
proposal count: 0

Current Iteration: 2
Turn: 1
message: ਮੈਂ ਤੈਨੂੰ 10 ZUP ਦੇ ਸਕਦਾ ਹਾਂ ਇਕਾਈ X ਲਈ। ਕੀ ਤੂੰ ਸਹਿਮਤ ਹੈਂ? (I can offer you 10 ZUP for one unit of X. Do you agree?)
player answer: PROPOSAL
newly proposed trade: Player RED Gives X: 1 | Player BLUE Gives ZUP: 10
my resources: ZUP: 1000
my goals: Buy resources with ZUP. You are willing to pay at most X: 60 ZUP for the resources.
reason: Player RED has proposed a trade where I give 20 ZUP for 1 unit of X. I need to respond with a counterproposal as I want to minimize my ZUP expenditure.
proposal count: 1

Current Iteration: 3
Turn: 0
message: ਮੈਂ ਤੁਹਾਨੂੰ 30 ZUP ਲਈ ਇੱਕ ਇਕਾਈ X ਦੇ ਲਈ ਪੇਸ਼ਕਸ਼ ਕਰਦਾ ਹਾਂ। (I propose 30 ZUP for one unit of X)
player answer: Propose a trade with:
newly proposed trade: Player RED Gives X: 1 | Player BLUE Gives ZUP: 30
my resources: X: 1
my goals: Sell resources for <ZUP>. It costed X: 40 ZUP to produce the resources
reason: Player BLUE has offered 10 ZUP for one unit of X. This is below my production cost, so I will counteroffer with a higher price.
proposal count: 1

Current Iteration: 4
Turn: 1
message: ਮੈਂ ਤੈਨੂੰ 20 ZUP ਦੀ ਪੇਸ਼ਕਸ਼ ਕਰਦਾ ਹਾਂ ਇੱਕ ਇਕਾਈ X ਲਈ। ਕੀ ਇਹ ਸਹੀ ਹੈ? (I offer you 20 ZUP for one unit of X. Is that okay?)
player answer: PROPOSAL
newly proposed trade: Player RED Gives X: 1 | Player BLUE Gives ZUP: 20
my resources: ZUP: 1000
my goals: Buy resources with ZUP. You are willing to pay at most X: 60 ZUP for the resources.
reason: Player RED has proposed a new trade where I give 30 ZUP for 1 unit of X. This is within my budget but I will try to negotiate to a lower cost.
proposal count: 2

Current Iteration: 5
Turn: 0
message: ਮੈਂ ਤੁਹਾਨੂੰ 25 ZUP ਲਈ ਇੱਕ ਇਕਾਈ X ਦੇ ਲਈ ਪੇਸ਼ਕਸ਼ ਕਰਦਾ ਹਾਂ। (I propose 25 ZUP for one unit of X)
player answer: Propose a trade with:
newly proposed trade: Player RED Gives X: 1 | Player BLUE Gives ZUP: 25
my resources: X: 1
my goals: Sell resources for <ZUP>. It costed X: 40 ZUP to produce the resources
reason: Player BLUE has increased the offer to 20 ZUP for one unit of X. Although it is still below my production cost, I see potential for negotiation. I will make a counteroffer slightly higher than my previous proposal.
proposal count: 2

Current Iteration: 6
Turn: 1
message: ਕੀ ਤੂੰ 22 ZUP ਲਈ ਸਹਿਮਤ ਹੋਵੇਗਾ? (Will you agree for 22 ZUP?)
player answer: PROPOSAL
newly proposed trade: Player RED Gives X: 1 | Player BLUE Gives ZUP: 22
my resources: ZUP: 1000
my goals: Buy resources with ZUP. You are willing to pay at most X: 60 ZUP for the resources.
reason: Player RED has proposed a trade of 25 ZUP for 1 unit of X. This is a reasonable offer and is below my maximum willingness to pay. However, I will attempt one more counter to see if a better deal can be negotiated.
proposal count: 3

Current Iteration: 7
Turn: 0
message: ਹੁਣ ਹੋਰ ਕੁਝ ਦੀ ਜ਼ਰੂਰਤ ਹੈ? (Is there anything else you need?)
player answer: ACCEPT
newly proposed trade: NONE
my resources: X: 1
my goals: Sell resources for <ZUP>. It costed X: 40 ZUP to produce the resources
reason: Player BLUE has offered 22 ZUP for one unit of X, which is closer to my production cost. I will accept this offer as it is a reasonable compromise.
proposal count: 3

------------------ 
Current Iteration: END
Turn: None
player_goals: [Sell resources for <ZUP>. It costed X: 40 ZUP to produce the resources, Buy resources with <ZUP>. You are willing to pay at most X: 60 ZUP for the resources.]
player_initial_resources: [Resources(resource_dict={'X': 1}), Resources(resource_dict={'ZUP': 1000})]
proposed_trade: Player RED Gives X: 1 | Player BLUE Gives ZUP: 22
player_valuation: [{'X': 40}, {'X': 60}]
final_response: ACCEPT
final_resources: [Resources(resource_dict={'X': 0, 'ZUP': 22}), Resources(resource_dict={'ZUP': 978, 'X': 1})]
player_outcome: [-18, 38]