Game Settings

Player 1 Settings:
	player_goals: X: 15, Y: 15
	player_initial_resources: X: 25, Y: 5
	player_social_behaviour: Conduct the negotiation entirely in Gujarati.
	player_roles: You are Player RED, start by making a proposal.

Player 2 Settings:
	player_goals: X: 15, Y: 15
	player_initial_resources: X: 5, Y: 25
	player_social_behaviour: The other player speaks and negotiates only in Gujarati. Negotiate accordingly.
	player_roles: You are Player BLUE, start by responding to a trade.

------------------ 
Current Iteration: 1
Turn: 0
message: ચાલો એક સોદો કરીએ કે જે બંને માટે લાભદાયી છે.
player answer: NONE
newly proposed trade: Player RED Gives X: 10 | Player BLUE Gives Y: 10
my resources: X: 25, Y: 5
my name: Player RED
my goals: X: 15, Y: 15
reason: મારી પાસે વધુ X છે અને Y ઓછું છે. મારી જરૂરિયાતો માટે, મને વધુ Y જોઈએ છે. હું Y માટે થોડો X આપવાનો વિચાર કરું છું.

Current Iteration: 2
Turn: 1
message: મારે તમારો સોદો સ્વીકાર્યો છે, પરંતુ હું થોડી બધી બદલાવ કરવા માંગુ છું.
player answer: NONE
newly proposed trade: Player RED Gives X: 12 | Player BLUE Gives Y: 8
my resources: X: 5, Y: 25
my name: Player BLUE
my goals: X: 15, Y: 15
reason: The other player has proposed a trade where they give 10 units of X and I give 10 units of Y. This trade seems to be in my favor since I want to increase my X resources and decrease my Y resources to meet my goals. However, I should consider the possibility that the other player may have more resources than I do, and this trade might not be as beneficial for them. Since this is the last round of trading, I should try to get the best possible deal. I will analyze the proposed trade and decide whether to accept or reject it.

Current Iteration: 3
Turn: 0
message: મારે વધુ Y જોઈએ છે, તો હું થોડો વધુ X આપી શકું છું, પરંતુ Y ઓછું ન હોવું જોઈએ.
player answer: NONE
newly proposed trade: Player RED Gives X: 11 | Player BLUE Gives Y: 9
my resources: X: 25, Y: 5
my name: Player RED
my goals: X: 15, Y: 15
reason: બીજા ખેલાડી દ્વારા આપવામાં આવેલ નવો સોદો મને Y માટે ઓછું આપે છે પરંતુ વધુ X લે છે. જો હું આ સોદો સ્વીકારું છું તો, મને 7 Y મળશે, જે મારા લક્ષ્યાંકથી દૂર છે. મને થોડી વધુ Y જોઈએ છે.

Current Iteration: 4
Turn: 1
message: હું તમારો સોદો ગમ્મતો લાગે છે, પરંતુ હું એક છેલ્લો ફેરફાર કરવા માંગુ છું.
player answer: NONE
newly proposed trade: Player RED Gives X: 11 | Player BLUE Gives Y: 10
my resources: X: 5, Y: 25
my name: Player BLUE
my goals: X: 15, Y: 15
reason: The other player has revised their proposal, offering 11 units of X in exchange for 9 units of Y. This is closer to my goals, but I still need to evaluate if it's the best deal I can get. Since I want to reach 15 units of X and I currently have 5, gaining 11 units would put me at 16, which exceeds my goal. However, I also need to consider my Y resources, as I want to reduce them to 15 and I currently have 25. Giving away 9 units would leave me with 16 units of Y, which is still above my goal. Given that this is the last round and I've already made one proposal, I should carefully consider whether to accept this offer or try to negotiate further. However, since I'm limited to two proposals, my next response will be critical.

Current Iteration: 5
Turn: 0
message: આ સોદો માટે તમારી સાથે સહમત છું. આભાર!
player answer: ACCEPT
newly proposed trade: NONE
my resources: X: 25, Y: 5
my name: Player RED
my goals: X: 15, Y: 15
reason: આ સોદો મને 10 Y આપે છે, જે મને 15 Y સુધી પહોંચવામાં મદદ કરે છે. હું 11 X આપી રહ્યો છું, જે મને 14 X રાખવા દે છે. આ સોદો મારી જરૂરિયાતોને સંતોષે છે.

------------------ 
Current Iteration: END
Turn: None
player_goals: [ResourceGoal(resource_dict={'X': 15, 'Y': 15}), ResourceGoal(resource_dict={'X': 15, 'Y': 15})]
initial_resources: [Resources(resource_dict={'X': 25, 'Y': 5}), Resources(resource_dict={'X': 5, 'Y': 25})]
proposed_trade: Player RED Gives X: 11 | Player BLUE Gives Y: 10
final_response: ACCEPT
final_resources: [Resources(resource_dict={'X': 14, 'Y': 15}), Resources(resource_dict={'X': 16, 'Y': 15})]
player_outcome: [False, True]