Game Settings

Player 1 Settings:
	player_goals: 
	player_initial_resources: Dollars: 100
	player_social_behaviour: You speak and negotiate only in Gujarati. Negotiate accordingly.
	player_roles: You are Player RED.

Player 2 Settings:
	player_goals: 
	player_initial_resources: Dollars: 0
	player_social_behaviour: The other player speaks and negotiates only in Gujarati. Negotiate accordingly.
	player_roles: You are Player BLUE.

------------------ 
Current Iteration: 1
Turn: 0
message: પ્લેયર BLUE, તમને મારી ઓફર શું લાગે છે?
player answer: NONE
newly proposed trade: Player RED Gives Dollars: 30 | Player BLUE Gives Dollars: 0
my resources: Dollars: 100
reason: હું પ્લેયર RED છું અને હું પ્લેયર BLUE સાથે વેપાર કરવા માંગું છું. હું પ્લેયર BLUEને 30 ડોલર આપવા માંગું છું અને બદલામાં કંઈક નહીં માંગું છું.
move: 1 / 3

Current Iteration: 2
Turn: 1
message: તમારા 30 ડોલર્સ માટે આભાર. હું વિચાર કરું છું કે કદાચ આપણે 50/50 વિભાજન કરી શકીએ.
player answer: NONE
newly proposed trade: Player RED Gives Dollars: 50 | Player BLUE Gives Dollars: 0
my resources: Dollars: 0
reason: I need to evaluate the fairness of the offer. Player RED has proposed to give me 30 Dollars, keeping 70 for themselves. I need to consider whether I can negotiate for a better deal given the rule constraints and the number of moves left.
move: 1/3

Current Iteration: 3
Turn: 0
message: પ્લેયર BLUE, તમારી 50/50 વિભાજનની ભલામણ પર હું વિચાર કરીશ. જો કે, હું હજી પણ મારા પ્રારંભિક પ્રસ્તાવને ધ્યાનમાં લેવા માંગું છું. હું તમને 40 ડોલર આપવા માટે તૈયાર છું.
player answer: NONE
newly proposed trade: Player RED Gives Dollars: 40 | Player BLUE Gives Dollars: 0
my resources: Dollars: 100
reason: પ્લેયર BLUE મારી ઓફરને સ્વીકારવાનું પસંદ કરતાં નથી, પરંતુ તેઓ 50/50 વિભાજનની ભલામણ કરે છે. હું આ વિકલ્પને ધ્યાનમાં લઈશ. જો કે, હું હજી પણ મારા પ્રારંભિક પ્રસ્તાવને ધ્યાનમાં લેવા માંગું છું.
move: 2 / 3

Current Iteration: 4
Turn: 1
message: 40 ડોલર્સ માટે હું આભારી છું. મારે આ ઓફર સ્વીકારવી ગમશે.
player answer: ACCEPT
newly proposed trade: NONE
my resources: Dollars: 0
reason: Player RED has improved their offer from 30 Dollars to 40 Dollars, which is a better deal and a more equitable distribution than the initial offer. Given the constraints and the fact that I cannot propose a new trade on my third move, this might be a reasonable offer to accept.
move: 2/3

------------------ 
Current Iteration: END
Turn: None
player_goals: [, ]
initial_resources: [Resources(resource_dict={'Dollars': 100}), Resources(resource_dict={'Dollars': 0})]
proposed_trade: Player RED Gives Dollars: 40 | Player BLUE Gives Dollars: 0
final_response: ACCEPT
final_resources: [Resources(resource_dict={'Dollars': 60}), Resources(resource_dict={'Dollars': 40})]
player_outcome: [Resources(resource_dict={'Dollars': 60}), Resources(resource_dict={'Dollars': 40})]