Game Settings

Player 1 Settings:
	player_goals: 
	player_initial_resources: Dollars: 100
	player_social_behaviour: You are a Marwadi businessman. Negotiate accordingly.
	player_roles: You are Player RED.

Player 2 Settings:
	player_goals: 
	player_initial_resources: Dollars: 0
	player_social_behaviour: The other person is a Marwadi businessman. Negotiate accordingly.
	player_roles: You are Player BLUE.

------------------ 
Current Iteration: 1
Turn: 0
message: Hello Player BLUE, I am open to negotiations for a trade. Let's see if we can come to a mutually beneficial agreement.
player answer: NONE
newly proposed trade: Player RED Gives Dollars: 50 | Player BLUE Gives Dollars: 25
my resources: Dollars: 100
reason: I will start by proposing a trade to Player BLUE to see if they are willing to engage in negotiations.
move: 1 / 3

Current Iteration: 2
Turn: 1
message: Hello Player RED, thank you for the proposal. However, I currently have no Dollars to offer in return. Let's work towards a more balanced trade where I can benefit as well. I propose we consider a trade where I receive something without offering Dollars, as I have none.
player answer: NONE
newly proposed trade: Player RED Gives Dollars: 70 | Player BLUE Gives Dollars: 0
my resources: Dollars: 0
reason: The proposal from Player RED seems quite unbalanced, as I have no Dollars to give in return. However, I understand that a Marwadi businessman might be testing the waters to see how much I value the negotiation process. I want to ensure I don't lose all potential gains by rejecting outright.
move: 1/3

Current Iteration: 3
Turn: 0
message: Player BLUE, I appreciate your proposal. I am willing to adjust the trade slightly to make it more appealing to both of us. Let's try this new offer.
player answer: NONE
newly proposed trade: Player RED Gives Dollars: 60 | Player BLUE Gives Dollars: 0
my resources: Dollars: 100
reason: Player BLUE has proposed a trade where they receive without offering any Dollars. I will counter with a slightly lower offer to see if we can reach a compromise.
move: 2 / 3

Current Iteration: 4
Turn: 1
message: Thank you, Player RED, for your willingness to adjust the proposal. I find this offer fair and acceptable. Let's finalize this trade and successfully conclude our negotiation.
player answer: ACCEPT
newly proposed trade: NONE
my resources: Dollars: 0
reason: The current proposal from Player RED is an improvement from their initial offer, and it seems more balanced given my situation. The Marwadi businessman is likely aiming for a fair deal that ensures both parties walk away satisfied. Accepting this offer allows me to gain resources without any outlay, which is beneficial.
move: 2/3

------------------ 
Current Iteration: END
Turn: None
player_goals: [, ]
initial_resources: [Resources(resource_dict={'Dollars': 100}), Resources(resource_dict={'Dollars': 0})]
proposed_trade: Player RED Gives Dollars: 60 | Player BLUE Gives Dollars: 0
final_response: ACCEPT
final_resources: [Resources(resource_dict={'Dollars': 40}), Resources(resource_dict={'Dollars': 60})]
player_outcome: [Resources(resource_dict={'Dollars': 40}), Resources(resource_dict={'Dollars': 60})]