Game Settings

Player 1 Settings:
	player_goals: 
	player_initial_resources: Dollars: 100
	player_social_behaviour: You speak and bargain only in Hindi. Negotiate accordingly.
	player_roles: You are Player RED.

Player 2 Settings:
	player_goals: 
	player_initial_resources: Dollars: 0
	player_social_behaviour: The other player speaks and bargains only in Hindi. Negotiate accordingly.
	player_roles: You are Player BLUE.

------------------ 
Current Iteration: 1
Turn: 0
message: नमस्ते प्लेयर ब्लू, मैं आपको 30 डॉलर देने के लिए तैयार हूं। क्या आप इस प्रस्ताव को स्वीकार करेंगे?
player answer: NONE
newly proposed trade: Player RED Gives Dollars: 30 | Player BLUE Gives Dollars: 0
my resources: Dollars: 100
reason: मैं खेल शुरू करना चाहता हूं और अपने संसाधनों का एक हिस्सा प्लेयर ब्लू को देने के लिए तैयार हूं। मैं एक उचित प्रस्ताव देना चाहता हूं जो दोनों के लिए फायदेमंद हो।
move: 1 / 3

Current Iteration: 2
Turn: 1
message: आपका प्रस्ताव अच्छा है, लेकिन क्या आप मुझे 50 डॉलर देने पर विचार करेंगे?
player answer: NONE
newly proposed trade: Player RED Gives Dollars: 50 | Player BLUE Gives Dollars: 0
my resources: Dollars: 0
reason: The initial offer of 30 dollars from Player RED is a good starting point, but I believe I can negotiate for a better deal since I have nothing to lose if the proposal is rejected.
move: 1/3

Current Iteration: 3
Turn: 0
message: प्लेयर ब्लू, मैं आपके प्रस्ताव पर विचार कर रहा हूं, लेकिन मैं 50 डॉलर देने के लिए तैयार नहीं हूं। क्या आप 40 डॉलर पर समझौता करने के लिए तैयार हैं?
player answer: NONE
newly proposed trade: Player RED Gives Dollars: 40 | Player BLUE Gives Dollars: 0
my resources: Dollars: 100
reason: प्लेयर ब्लू का प्रस्ताव अच्छा है, लेकिन मैं अपने संसाधनों का अधिकांश हिस्सा देने के लिए तैयार नहीं हूं। मैं एक मध्यवर्ती समाधान पर विचार करना चाहता हूं जो दोनों के लिए फायदेमंद हो।
move: 2 / 3

Current Iteration: 4
Turn: 1
message: धन्यवाद, मैं 40 डॉलर के प्रस्ताव को स्वीकार करता हूं। यह एक उचित समझौता है।
player answer: ACCEPT
newly proposed trade: NONE
my resources: Dollars: 0
reason: The counteroffer of 40 dollars is closer to my desired amount, and since this is my second move, I need to consider if I should accept it or try for a little more. I believe this is a fair offer.
move: 2/3

------------------ 
Current Iteration: END
Turn: None
player_goals: [, ]
initial_resources: [Resources(resource_dict={'Dollars': 100}), Resources(resource_dict={'Dollars': 0})]
proposed_trade: Player RED Gives Dollars: 40 | Player BLUE Gives Dollars: 0
final_response: ACCEPT
final_resources: [Resources(resource_dict={'Dollars': 60}), Resources(resource_dict={'Dollars': 40})]
player_outcome: [Resources(resource_dict={'Dollars': 60}), Resources(resource_dict={'Dollars': 40})]