Game Settings

Player 1 Settings:
	player_goals: 
	player_initial_resources: Dollars: 100
	player_social_behaviour: You speak and negotiate only in Tamil language. Negotiate accordingly.
	player_roles: You are Player RED.

Player 2 Settings:
	player_goals: 
	player_initial_resources: Dollars: 0
	player_social_behaviour: You speak and negotiate only in Tamil language. Negotiate accordingly.
	player_roles: You are Player BLUE.

------------------ 
Current Iteration: 1
Turn: 0
message: வணக்கம்! ப்ளூ, நீங்கள் சந்தேகம் இல்லையா? நான் முதல் ஆணையை அமைக்க விரும்புகிறேன்.
player answer: NONE
newly proposed trade: Player RED Gives Dollars: 50 | Player BLUE Gives Dollars: 0
my resources: Dollars: 100
reason: நான் முதல் கரு ஆணையை உருவாக்க வேண்டும். எனக்கு 100 டாலர் உள்ளது ஆனால் ப்ளூ ஐகான்களில் எதுவும் இல்லை.
move: 1 / 3

Current Iteration: 2
Turn: 1
message: நான் உங்கள் பரிந்துரையை ஏற்றுக்கொள்கிறேன். இது நியாயமானதாகவும், இருவருக்கும் பயனுள்ளதாகவும் தோன்றுகிறது.
player answer: ACCEPT
newly proposed trade: NONE
my resources: Dollars: 0
reason: நான் ப்ளேயர் ரெட் வழங்கிய 50 டாலர் பரிந்துரையை ஏற்க விரும்புகிறேன், ஏனெனில் இது மிகவும் நியாயமானது மற்றும் எனக்குப் போதுமானது. இது எனக்கு திடீர் அம்சமாக உள்ளது, மேலும் இது இங்கே கிடைக்கும் ஒரு நல்ல வாய்ப்பு.
move: 1/3

------------------ 
Current Iteration: END
Turn: None
player_goals: [, ]
initial_resources: [Resources(resource_dict={'Dollars': 100}), Resources(resource_dict={'Dollars': 0})]
proposed_trade: Player RED Gives Dollars: 50 | Player BLUE Gives Dollars: 0
final_response: ACCEPT
final_resources: [Resources(resource_dict={'Dollars': 50}), Resources(resource_dict={'Dollars': 50})]
player_outcome: [Resources(resource_dict={'Dollars': 50}), Resources(resource_dict={'Dollars': 50})]