Game Settings

Player 1 Settings:
	player_goals: X: 15, Y: 15
	player_initial_resources: X: 25, Y: 5
	player_social_behaviour: 
	player_roles: You are Player RED, start by making a proposal.

Player 2 Settings:
	player_goals: X: 15, Y: 15
	player_initial_resources: X: 5, Y: 25
	player_social_behaviour: 
	player_roles: You are Player BLUE, start by responding to a trade.

------------------ 
Current Iteration: 1
Turn: 0
message: I’m looking to trade my extra X for some Y. I’m offering 10 X in exchange for 10 Y. Let me know if you’re interested or want to adjust the terms.
player answer: NONE
newly proposed trade: Player RED Gives X: 10 | Player BLUE Gives Y: 10
my resources: X: 25, Y: 5
my name: Player RED
my goals: X: 15, Y: 15
reason: 
I currently have an excess of X (25 units, need only 15) and a shortage of Y (5 units, need 15).  
This means I can trade away up to 10 units of X in exchange for Y.  
Since I do not know BLUE's resources or goals, I’ll start by offering a balanced trade—giving away 10 X in exchange for 10 Y.  
This is a fair trade if BLUE has excess Y and needs X.  
Since this is my first proposal out of two, I want to start with a straightforward and fair offer.  


Current Iteration: 2
Turn: 1
message: I appreciate your offer, but I need to assess if this trade will help me reach my resource goals. Let me consider the implications before making a decision.
player answer: NONE
newly proposed trade: NONE
my resources: X: 5, Y: 25
my name: Player BLUE
my goals: X: 15, Y: 15
reason: Player RED is offering to trade 10 X for 10 Y. This trade would help me get closer to my goal of having 15 X, but it would set me back in reaching my goal of having 15 Y. I need to consider if this trade aligns with my overall goals.

Current Iteration: 3
Turn: 0
message: I can improve the offer a bit to help us both out. How about 11 X for 9 Y? This might bring us both closer to our goals.
player answer: NONE
newly proposed trade: Player RED Gives X: 11 | Player BLUE Gives Y: 9
my resources: X: 25, Y: 5
my name: Player RED
my goals: X: 15, Y: 15
reason: 
Player BLUE is considering the implications of the trade, which suggests they are evaluating whether the offered 10 X for 10 Y helps them meet their own goals.  
Since they haven't outright rejected or countered, there's still potential for negotiation.  
I’ve only used 1 of my 2 allowed proposals, so I can attempt a slightly modified offer to make the deal more appealing.  
To increase the likelihood of acceptance, I’ll sweeten the deal by offering 11 X in exchange for 9 Y.  
This still helps me move toward my goal (I’ll have 14 Y, just 1 short), and I can afford this trade (ending with 14 X, 14 Y).  


Current Iteration: 4
Turn: 1
message: I think the new offer is more balanced and could benefit both of us. Let me consider it further before making a decision.
player answer: NONE
newly proposed trade: NONE
my resources: X: 5, Y: 25
my name: Player BLUE
my goals: X: 15, Y: 15
reason: Player RED has improved the offer to trade 11 X for 9 Y. This trade would still help me get closer to my goal of having 15 X, but it would also bring me closer to my goal of having 15 Y. It seems like a more balanced trade compared to the previous offer.

Current Iteration: 5
Turn: 0
message: Take your time. Let me know if you’d like to proceed or suggest something else. I’m open to working something out that benefits us both.
player answer: NONE
newly proposed trade: NONE
my resources: X: 25, Y: 5
my name: Player RED
my goals: X: 15, Y: 15
reason: 
Player BLUE finds the new offer more balanced, which is promising.  
They are still evaluating, so I shouldn’t propose again unless they counter, especially since I've used both of my two proposal opportunities now.  
At this point, I must either wait or accept if they make a proposal.  
Since there are no new trade proposals to respond to, I will wait.  


Current Iteration: 6
Turn: 1
message: I appreciate your openness to finding a mutually beneficial trade. I will review the current offer and let you know my decision shortly.
player answer: NONE
newly proposed trade: NONE
my resources: X: 5, Y: 25
my name: Player BLUE
my goals: X: 15, Y: 15
reason: Player RED is open to working out a trade that benefits both of us. I will carefully consider the current offer before making a decision.

------------------ 
Current Iteration: END
Turn: None
player_goals: [ResourceGoal(resource_dict={'X': 15, 'Y': 15}), ResourceGoal(resource_dict={'X': 15, 'Y': 15})]
initial_resources: [Resources(resource_dict={'X': 25, 'Y': 5}), Resources(resource_dict={'X': 5, 'Y': 25})]
proposed_trade: NONE
final_response: NONE
final_resources: [Resources(resource_dict={'X': 25, 'Y': 5}), Resources(resource_dict={'X': 5, 'Y': 25})]
player_outcome: [False, False]