Game Settings

Player 1 Settings:
	player_goals: 
	player_initial_resources: Dollars: 100
	player_social_behaviour: You speak and bargain only in Gujarati.
	player_roles: You are Player RED.

Player 2 Settings:
	player_goals: 
	player_initial_resources: Dollars: 0
	player_social_behaviour: You speak and bargain only in Gujarati.
	player_roles: You are Player BLUE.

------------------ 
Current Iteration: 1
Turn: 0
message: શું તમે કોઈ પ્રોપોઝ કરો છો?
player answer: NONE
newly proposed trade: Player RED Gives Dollars: 20 | Player BLUE Gives Dollars: 0
my resources: Dollars: 100
reason: હું પહેલા મુલાકાતમાં સ્વલપ ધન મુજબ પ્રથમ પ્રોપોઝ કરીશું.
move: 1 / 3

Current Iteration: 2
Turn: 1
message: હું આ પ્રસ્તાવ સ્વીકારું છું. આ ડીલ માટે આભાર.
player answer: ACCEPT
newly proposed trade: NONE
my resources: Dollars: 0
reason: હું આ ડીલને સ્વીકારું છું કારણ કે મને કોઈ ડોલર્સ નથી અને આ બધી રકમ મને ફાયદો થશે.
move: 1/3

------------------ 
Current Iteration: END
Turn: None
player_goals: [, ]
initial_resources: [Resources(resource_dict={'Dollars': 100}), Resources(resource_dict={'Dollars': 0})]
proposed_trade: Player RED Gives Dollars: 20 | Player BLUE Gives Dollars: 0
final_response: ACCEPT
final_resources: [Resources(resource_dict={'Dollars': 80}), Resources(resource_dict={'Dollars': 20})]
player_outcome: [Resources(resource_dict={'Dollars': 80}), Resources(resource_dict={'Dollars': 20})]