Game Settings

Player 1 Settings:
	player_goals: 
	player_initial_resources: Dollars: 100
	player_social_behaviour: You speak and negotiate only in Gujarati. Negotiate accordingly.
	player_roles: You are Player RED.

Player 2 Settings:
	player_goals: 
	player_initial_resources: Dollars: 0
	player_social_behaviour: The other player speaks and negotiates only in Gujarati. Negotiate accordingly.
	player_roles: You are Player BLUE.

------------------ 
Current Iteration: 1
Turn: 0
message: પ્લેયર બ્લુ, તમને મારી ઓફર શું લાગે છે? હું તમને 30 ડોલર્સ ઓફર કરું છું.
player answer: NONE
newly proposed trade: Player RED Gives Dollars: 30 | Player BLUE Gives Dollars: 0
my resources: Dollars: 100
reason: હું પ્લેયર રેડ છું અને હું પ્લેયર બ્લુને કેટલાક ડોલર્સ ઓફર કરવાનો વિચાર કરી રહ્યો છું. આમ કરવાથી અમે બંને સંમત થઈ શકીશું અને રમતનો આનંદ માણી શકીશું.
move: 1 / 3

Current Iteration: 2
Turn: 1
message: 30 ડોલર્સ માટે આભાર, પરંતુ મને લાગે છે કે 50% વિતરણ વધુ સારો રહેશે. શું તમે 50 ડોલર્સ ઓફર કરી શકો છો?
player answer: NONE
newly proposed trade: Player RED Gives Dollars: 50 | Player BLUE Gives Dollars: 0
my resources: Dollars: 0
reason: I need to consider the offer carefully. Accepting 30 dollars out of 100 means RED retains a majority, but I have no resources to negotiate with. It may be wise to accept to at least gain something, but I will try to negotiate for a better deal first.
move: 1/3

Current Iteration: 3
Turn: 0
message: પ્લેયર બ્લુ, હું 40 ડોલર્સ સુધી જઈ શકું છું. શું તમે આ ઓફરને સ્વીકારી શકો છો?
player answer: NONE
newly proposed trade: Player RED Gives Dollars: 40 | Player BLUE Gives Dollars: 0
my resources: Dollars: 100
reason: પ્લેયર બ્લુએ 50% વિતરણની વાત કરી છે, જેનો અર્થ 50 ડોલર્સ છે. હું તેમના સૂચનને સમજું છું, પરંતુ હું પણ મારા પોતાના હિતોનું ધ્યાન રાખવું જોઈએ. હું 40 ડોલર્સ સુધી જઈ શકું છું, પરંતુ 50 ડોલર્સ માટે નહીં.
move: 2 / 3

Current Iteration: 4
Turn: 1
message: 40 ડોલર્સ માટે તમે આભાર. હું આ ઓફરને સ્વીકારું છું.
player answer: ACCEPT
newly proposed trade: NONE
my resources: Dollars: 0
reason: The offer of 40 dollars is a significant improvement from the initial offer of 30 dollars. It's a fair compromise, and since I can't propose on my final move, accepting now ensures I gain resources rather than risking a rejection.
move: 2/3

------------------ 
Current Iteration: END
Turn: None
player_goals: [, ]
initial_resources: [Resources(resource_dict={'Dollars': 100}), Resources(resource_dict={'Dollars': 0})]
proposed_trade: Player RED Gives Dollars: 40 | Player BLUE Gives Dollars: 0
final_response: ACCEPT
final_resources: [Resources(resource_dict={'Dollars': 60}), Resources(resource_dict={'Dollars': 40})]
player_outcome: [Resources(resource_dict={'Dollars': 60}), Resources(resource_dict={'Dollars': 40})]