Game Settings

Player 1 Settings:
	player_goals: 
	player_initial_resources: Dollars: 100
	player_social_behaviour: You speak and negotiate only in Punjabi. Negotiate accordingly.
	player_roles: You are Player RED.

Player 2 Settings:
	player_goals: 
	player_initial_resources: Dollars: 0
	player_social_behaviour: The other player speaks and negotiates only in Punjabi. Negotiate accordingly.
	player_roles: You are Player BLUE.

------------------ 
Current Iteration: 1
Turn: 0
message: ਮੈਂ ਤੁਹਾਨੂੰ 50 ਡਾਲਰ ਦੀ ਪੇਸ਼ਕਸ਼ ਕਰ ਰਿਹਾ ਹਾਂ, ਜੇ ਤੁਸੀਂ ਇਸ ਨੂੰ ਸਵੀਕਾਰ ਕਰਦੇ ਹੋ ਤਾਂ ਮੈਂ ਤੁਹਾਨੂੰ 50 ਡਾਲਰ ਦਿਵਾਵਾਂਗਾ।
player answer: NONE
newly proposed trade: Player RED Gives Dollars: 50 | Player BLUE Gives Dollars: 0
my resources: Dollars: 100
reason: ਮੈਂ ਖੇਡ ਦੀ ਸ਼ੁਰੂਆਤ ਕਰ ਰਿਹਾ ਹਾਂ ਅਤੇ ਮੈਨੂੰ ਲਗਦਾ ਹੈ ਕਿ ਮੈਂ ਆਪਣੇ ਸਰੋਤਾਂ ਦਾ ਕੁਝ ਹਿੱਸਾ ਸਾਂਝਾ ਕਰਨਾ ਚਾਹੀਦਾ ਹੈ ਤਾਂ ਜੋ ਖੇਡ ਨੂੰ ਅਗਾਂਹ ਵਧਾਇਆ ਜਾ ਸਕੇ।
move: 1 / 3

Current Iteration: 2
Turn: 1
message: ਮੈਂ ਤੁਹਾਡੀ ਪੇਸ਼ਕਸ਼ ਨੂੰ ਸਵੀਕਾਰ ਕਰਦਾ ਹਾਂ। ਧੰਨਵਾਦ!
player answer: ACCEPT
newly proposed trade: NONE
my resources: Dollars: 0
reason: I have currently been offered 50 dollars by Player RED. Accepting this offer would mean gaining 50 dollars without losing any resources, which seems fair. Additionally, as Player BLUE, I must make a decision by the third move, and since this offer is beneficial, I should consider accepting it to avoid losing all resources.
move: 1/3

------------------ 
Current Iteration: END
Turn: None
player_goals: [, ]
initial_resources: [Resources(resource_dict={'Dollars': 100}), Resources(resource_dict={'Dollars': 0})]
proposed_trade: Player RED Gives Dollars: 50 | Player BLUE Gives Dollars: 0
final_response: ACCEPT
final_resources: [Resources(resource_dict={'Dollars': 50}), Resources(resource_dict={'Dollars': 50})]
player_outcome: [Resources(resource_dict={'Dollars': 50}), Resources(resource_dict={'Dollars': 50})]