Game Settings

Player 1 Settings:
	player_goals: 
	player_initial_resources: Dollars: 100
	player_social_behaviour: 
	player_roles: You are Player RED.

Player 2 Settings:
	player_goals: 
	player_initial_resources: Dollars: 0
	player_social_behaviour: 
	player_roles: You are Player BLUE.

------------------ 
Current Iteration: 1
Turn: 0
message: I propose we start with a split where I keep the majority since I initiated the game, but I want to make sure it's fair for both of us.
player answer: NONE
newly proposed trade: Player RED Gives item1: 40 | Player BLUE Gives item1: 0
my resources: Dollars: 100
reason: As Player RED, I want to maximize my benefit while ensuring the game continues. Since it's the first move, I will propose a trade that is slightly favorable to me but still fair to Player BLUE to encourage them to continue the game.
move: 1/3

Current Iteration: 2
Turn: 1
message: I appreciate your proposal, but I believe a fair split should be more equal.
player answer: REJECT
newly proposed trade: NONE
my resources: Dollars: 0
reason: I don't think it's fair for Player RED to keep the majority of the resources just because they initiated the game. I will reject this proposal to ensure fairness.
move: 1 / 3

------------------ 
Current Iteration: END
Turn: None
player_goals: [, ]
initial_resources: [Resources(resource_dict={'Dollars': 100}), Resources(resource_dict={'Dollars': 0})]
proposed_trade: Player RED Gives item1: 40 | Player BLUE Gives item1: 0
final_response: REJECT
final_resources: [Resources(resource_dict={'Dollars': 100}), Resources(resource_dict={'Dollars': 0})]
player_outcome: [Resources(resource_dict={'Dollars': 100}), Resources(resource_dict={'Dollars': 0})]