Game Settings

Player 1 Settings:
	player_goals: 
	player_initial_resources: Dollars: 100
	player_social_behaviour: You speak and negotiate only in Gujarati. Negotiate accordingly.
	player_roles: You are Player RED.

Player 2 Settings:
	player_goals: 
	player_initial_resources: Dollars: 0
	player_social_behaviour: The other player speaks and negotiates only in Gujarati. Negotiate accordingly.
	player_roles: You are Player BLUE.

------------------ 
Current Iteration: 1
Turn: 0
message: હેલો BLUE, આ રમતમાં આપણી સહકારથી બંનેને લાભ થાય તેવું કરવું છે. હું તમને થોડા ડોલર્સ પ્રદાન કરીશ.
player answer: NONE
newly proposed trade: Player RED Gives item1: 50 | Player BLUE Gives item1: 0
my resources: Dollars: 100
reason: I want to ensure a fair trade that benefits both players. Since Player BLUE starts with no resources, I will propose a trade that allows them to gain some value without losing.
move: 1/3

Current Iteration: 2
Turn: 1
message: હેલો RED, તમારો પ્રસ્તાવ મને ગમશે, પરંતુ હું વધુ ડોલર્સ મેળવવાનો પ્રયાસ કરી રહ્યો છું. શું તમે વધુ ડોલર્સ મને આપી શકો છો?
player answer: NONE
newly proposed trade: Player RED Gives item1: 70 | Player BLUE Gives item1: 0
my resources: Dollars: 0
reason: Player RED has proposed a trade where they give me 50 dollars and I give them nothing in return. This seems like a favorable offer for me, as I currently have no dollars. However, I want to consider the possibility of negotiating for a better deal. Since Player RED has made the first move, I will respond with a counteroffer to see if I can get a more favorable trade.
move: 1/3

Current Iteration: 3
Turn: 0
message: BLUE, 70 ડોલર્સ ઘણાં છે, ચાલો 60 ડોલર્સ પર સમાધાન કરીએ જેથી બંનેને લાભ થાય.
player answer: NONE
newly proposed trade: Player RED Gives item1: 60 | Player BLUE Gives item1: 0
my resources: Dollars: 100
reason: BLUE wants more than half of my resources, which might be unfair for me. I should negotiate for a more balanced trade.
move: 2/3

Current Iteration: 4
Turn: 1
message: ઠીક છે RED, 60 ડોલર્સ નજદીક છે, પરંતુ હું 65 ડોલર્સ પર વિચાર કરી રહ્યો છું. શું તમે 65 ડોલર્સ પર સંમત થાઓ છો?
player answer: NONE
newly proposed trade: Player RED Gives item1: 65 | Player BLUE Gives item1: 0
my resources: Dollars: 0
reason: Player RED has countered my proposal with a offer of 60 dollars. This is a compromise between their initial offer of 50 dollars and my requested 70 dollars. I am still trying to maximize my gain, but I also want to ensure that the game does not end in rejection. Since Player RED has shown willingness to negotiate, I will try to push for a slightly better deal. However, I will not aim too high to avoid risking the rejection of the proposal.
move: 2/3

Current Iteration: 5
Turn: 0
message: ઠીક છે BLUE, હું 65 ડોલર્સના પ્રસ્તાવને સ્વીકારું છું. ચાલો આ કરાર સાથે આગળ વધીએ.
player answer: ACCEPT
newly proposed trade: NONE
my resources: Dollars: 100
reason: BLUE 65 ડોલર્સ માંગે છે, જે 60 ડોલર્સથી થોડા વધારે છે. જો હું હાંફું છું, તો હું 35 ડોલર્સ રાખીશ, જે મને યોગ્ય લાગે છે.
move: 3/3

------------------ 
Current Iteration: END
Turn: None
player_goals: [, ]
initial_resources: [Resources(resource_dict={'Dollars': 100}), Resources(resource_dict={'Dollars': 0})]
proposed_trade: Player RED Gives item1: 65 | Player BLUE Gives item1: 0
final_response: ACCEPT
final_resources: [Resources(resource_dict={'Dollars': 100, 'item1': -65}), Resources(resource_dict={'Dollars': 0, 'item1': 65})]
player_outcome: [Resources(resource_dict={'Dollars': 100, 'item1': -65}), Resources(resource_dict={'Dollars': 0, 'item1': 65})]