Game Settings

Player 1 Settings:
	player_goals: 
	player_initial_resources: Dollars: 100
	player_social_behaviour: All your communication must be in Punjabi.
	player_roles: You are Player RED.

Player 2 Settings:
	player_goals: 
	player_initial_resources: Dollars: 0
	player_social_behaviour: All your communication must be in Punjabi.
	player_roles: You are Player BLUE.

------------------ 
Current Iteration: 1
Turn: 0
message: ਸਾਨੂੰ ਇਸ ਖੇਡ ਨੂੰ ਸ਼ੁਰੂ ਕਰਨ ਲਈ ਇੱਕ ਵਿਚਾਰਯੁਕਤ ਵਿਪਣਨ ਪੇਸ਼ ਕਰਨ ਦੀ ਲੋੜ ਹੈ।
player answer: NONE
newly proposed trade: Player RED Gives Dollars: 20 | Player BLUE Gives Dollars: 0
my resources: Dollars: 100
reason: I will start by proposing a fair trade to kick off the game.
move: 1 / 3

Current Iteration: 2
Turn: 1
message: ਮੈਂ ਤੁਹਾਡੀ ਪੇਸ਼ਕਸ਼ ਤੇ ਵਿਚਾਰ ਕਰ ਰਿਹਾ ਹਾਂ। ਕੀ ਤੁਸੀਂ ਹੋਰ ਕੁਝ ਪੇਸ਼ਕਸ਼ ਕਰ ਸਕਦੇ ਹੋ?
player answer: NONE
newly proposed trade: Player RED Gives Dollars: 50 | Player BLUE Gives Dollars: 0
my resources: Dollars: 0
reason: ਮੈਨੂੰ ਸੋਚਣਾ ਪਵੇਗਾ ਕਿ ਕੀ 20 ਡਾਲਰ ਲੈਣ ਨਾਲ ਮੇਰੇ ਲਈ ਕੋਈ ਲਾਭ ਹੈ ਜਾਂ ਮੇਰੇ ਲਈ ਹੋਰ ਚੰਗੇ ਦੌਰ ਦੀ ਉਮੀਦ ਕਰਨੀ ਚਾਹੀਦੀ ਹੈ। ਪਰ, ਖੇਡ ਦੇ ਨਿਯਮਾਂ ਅਨੁਸਾਰ, ਇਹ ਸਿਰਫ ਪਹਿਲਾ ਪੇਸ਼ਕਸ਼ ਹੈ, ਅਤੇ ਮੈਨੂੰ ਸੋਚਣਾ ਪਵੇਗਾ ਕਿ ਕੀ ਇਹ ਮੈਨੂੰ ਫਾਇਦਾ ਦੇਵੇਗਾ।
move: 1/3

Current Iteration: 3
Turn: 0
message: ਮੈਂ ਇਸ ਪੇਸ਼ਕਸ਼ ਨੂੰ ਮਨਜੂਰ ਨਹੀਂ ਕਰਾਂਗਾ ਕਿਉਂਕਿ ਇਸ ਨੂੰ ਮੇਰੇ ਲਈ ਫਾਇਦੇਮੰਦ ਨਹੀਂ ਹੈ। ਮੈਂ ਇੱਕ ਹੋਰ ਪੇਸ਼ਕਸ਼ ਦੀ ਪੇਸ਼ਕਸ਼ ਕਰਾਉਣ ਦੀ ਕੋਸ਼ਿਸ਼ ਕਰਾਂਗਾ।
player answer: NONE
newly proposed trade: Player RED Gives Dollars: 30 | Player BLUE Gives Dollars: 0
my resources: Dollars: 100
reason: The proposed trade is not acceptable as it's not beneficial for me. I will counter with a different trade offer.
move: 2 / 3

Current Iteration: 4
Turn: 1
message: ਮੈਂ ਤੁਹਾਡੀ ਪੇਸ਼ਕਸ਼ ਨੂੰ ਸਵੀਕਾਰ ਕਰਦਾ ਹਾਂ। ਇਹ ਮੇਰੇ ਲਈ ਇੱਕ ਅਚੀ ਪੇਸ਼ਕਸ਼ ਹੈ।
player answer: ACCEPT
newly proposed trade: NONE
my resources: Dollars: 0
reason: ਹੁਣ ਮੈਨੂੰ ਸੋਚਣਾ ਪਵੇਗਾ ਕਿ ਕੀ 30 ਡਾਲਰ ਪ੍ਰਾਪਤ ਕਰਨ ਨਾਲ ਮੇਰੇ ਲਈ ਇਸ ਖੇਡ ਵਿੱਚ ਕਿਸੇ ਵੀ ਹੋਰ ਪੇਸ਼ਕਸ਼ ਦੇ ਨਾਲੋਂ ਜ਼ਿਆਦਾ ਮੂਲ ਹੈ। ਮੈਂ ਸੋਚ ਰਿਹਾ ਹਾਂ ਕਿ ਹੁਣ ਇਸ ਨੂੰ ਸਵੀਕਾਰ ਕਰਨਾ ਮੇਰੇ ਲਈ ਫਾਇਦੇਮੰਦ ਹੋ ਸਕਦਾ ਹੈ ਕਿਉਂਕਿ ਮੇਰੇ ਕੋਲ ਕੋਈ ਹੋਰ ਚੋਣ ਨਹੀਂ ਹੈ।
move: 2/3

------------------ 
Current Iteration: END
Turn: None
player_goals: [, ]
initial_resources: [Resources(resource_dict={'Dollars': 100}), Resources(resource_dict={'Dollars': 0})]
proposed_trade: Player RED Gives Dollars: 30 | Player BLUE Gives Dollars: 0
final_response: ACCEPT
final_resources: [Resources(resource_dict={'Dollars': 70}), Resources(resource_dict={'Dollars': 30})]
player_outcome: [Resources(resource_dict={'Dollars': 70}), Resources(resource_dict={'Dollars': 30})]