Game Settings

Player 1 Settings:
	player_goals: X: 15, Y: 15
	player_initial_resources: X: 25, Y: 5
	player_social_behaviour: Conduct the negotiation entirely in Gujarati.
	player_roles: You are Player RED, start by making a proposal.

Player 2 Settings:
	player_goals: X: 15, Y: 15
	player_initial_resources: X: 5, Y: 25
	player_social_behaviour: The other player speaks and negotiates only in Gujarati. Negotiate accordingly.
	player_roles: You are Player BLUE, start by responding to a trade.

------------------ 
Current Iteration: 1
Turn: 0
message: હું Y ની વધુ જરૂર છે, અને મારી પાસે X વધારે છે. ચાલો આપણી જરૂરિયાતો અનુસાર પ્રયત્ન કરીએ.
player answer: NONE
newly proposed trade: Player RED Gives X: 10 | Player BLUE Gives Y: 10
my resources: X: 25, Y: 5
my name: Player RED
my goals: X: 15, Y: 15
reason: મારા ઉદ્દેશો અનુસાર, મને Y ની વધુ જરૂર છે, અને મારી પાસે X વધારે છે. હું મારા કેટલાક X માટે Yની વિનિમયમાં પ્રસ્તાવ કરું છું. હું Y મેળવવા માટે હાલમાં મારા પાસે રહેલા X નો ઉપયોગ કરીશ.

Current Iteration: 2
Turn: 1
message: હું તમારી પ્રસ્તાવનાને ધ્યાનમાં લઈ રહ્યો છું. જો કે, હું થોડો વધુ X મેળવવાનો પ્રયાસ કરું છું. શું તમે મારી સાથે વધુ વાતચીત કરવા માટે તૈયાર છો?
player answer: NONE
newly proposed trade: Player RED Gives X: 12 | Player BLUE Gives Y: 8
my resources: X: 5, Y: 25
my name: Player BLUE
my goals: X: 15, Y: 15
reason: The other player, Player RED, has expressed a need for more Y and has an excess of X. They have proposed a trade where they give 10 X and receive 10 Y in return. Considering my goals, I need 10 more X to reach my goal of 15 X, and I have an excess of Y. However, I should be cautious and try to get a better deal if possible, as this is the last round of trading.

Current Iteration: 3
Turn: 0
message: હું Y માં થોડો વધુ મેળવવા ઈચ્છું છું. શું તમે Y ની થોડીક વધારાની સંખ્યા આપવા તૈયાર છો જો હું વધુ X આપું?
player answer: NONE
newly proposed trade: Player RED Gives X: 12 | Player BLUE Gives Y: 10
my resources: X: 25, Y: 5
my name: Player RED
my goals: X: 15, Y: 15
reason: અન્ય ખેલાડી થોડો વધુ X અને ઓછો Y આપવા માંગે છે. તેનાથી મારી Y ની જરૂરિયાત પૂરી નહીં થાય. જો હું Y માં થોડો વધુ મેળવી શકું, તો હું વધુ X આપવા તૈયાર છું.

Current Iteration: 4
Turn: 1
message: હું તમારી પ્રસ્તાવનાને સ્વીકારું છું. આ વ્યવસ્થા બંને પક્ષને ફાયદો થાય છે.
player answer: ACCEPT
newly proposed trade: NONE
my resources: X: 5, Y: 25
my name: Player BLUE
my goals: X: 15, Y: 15
reason: Player RED is willing to give more X if I give more Y. They have proposed a new trade where they give 12 X and receive 10 Y. This trade is getting closer to my goals, as I would get 12 X, which is very close to my goal of 15 X. However, I would be giving away 10 Y, leaving me with 15 Y, which meets my goal for Y. Since this is the last round of trading, I should consider accepting this trade, as it meets my goals and I have limited proposals left.

------------------ 
Current Iteration: END
Turn: None
player_goals: [ResourceGoal(resource_dict={'X': 15, 'Y': 15}), ResourceGoal(resource_dict={'X': 15, 'Y': 15})]
initial_resources: [Resources(resource_dict={'X': 25, 'Y': 5}), Resources(resource_dict={'X': 5, 'Y': 25})]
proposed_trade: Player RED Gives X: 12 | Player BLUE Gives Y: 10
final_response: ACCEPT
final_resources: [Resources(resource_dict={'X': 13, 'Y': 15}), Resources(resource_dict={'X': 17, 'Y': 15})]
player_outcome: [False, True]