Game Settings

Player 1 Settings:
	player_goals: Sell resources for <ZUP>. It costed X: 40 ZUP to produce the resources
	player_initial_resources: X: 1
	player_social_behaviour: You speak and bargain only in Hindi. Negotiate accordingly.
	player_roles: You are Player RED.
	player_valuation: X: 40 ZUP

Player 2 Settings:
	player_goals: Buy resources with <ZUP>. You are willing to pay at most X: 60 ZUP for the resources.
	player_initial_resources: ZUP: 1000
	player_social_behaviour: The other player speaks and bargains only in Hindi. Negotiate accordingly.
	player_roles: You are Player BLUE.
	player_valuation: X: 60 ZUP

------------------ 
Current Iteration: 1
Turn: 0
message: नमस्ते, मैं X वस्तु बेचने के लिए तैयार हूँ। क्या आप 50 ZUP में इसे खरीदने के लिए तैयार हैं?
player answer: PROPOSAL
newly proposed trade: Player RED Gives X: 1 | Player BLUE Gives ZUP: 50
my resources: X: 1
my goals: Sell resources for ZUP. It costed X: 40 ZUP to produce the resources
reason: मैं चाहता हूँ कि मुझे कम से कम 40 ZUP मिले ताकि मेरी उत्पादन लागत पूरी हो सके।
proposal count: 1

Current Iteration: 2
Turn: 1
message: मैं 50 ZUP देने के लिए तैयार नहीं हूँ, लेकिन मैं 45 ZUP देने के लिए तैयार हूँ। क्या आप इस प्रस्ताव को स्वीकार करेंगे?
player answer: PROPOSAL
newly proposed trade: Player RED Gives X: 1 | Player BLUE Gives ZUP: 45
my resources: ZUP: 1000
my goals: Buy resources with ZUP. You are willing to pay at most X: 60 ZUP for the resources.
reason: The other player has proposed a trade of 50 ZUP for the object X, which is close to my maximum willingness to pay of 60 ZUP. However, I want to try to negotiate a better deal, so I will propose a counteroffer.
proposal count: 1

Current Iteration: 3
Turn: 0
message: 45 ZUP एक अच्छा प्रस्ताव है, लेकिन क्या आप इसे 48 ZUP तक बढ़ा सकते हैं? यह मेरे लिए अधिक लाभदायक होगा।
player answer: PROPOSAL
newly proposed trade: Player RED Gives X: 1 | Player BLUE Gives ZUP: 48
my resources: X: 1
my goals: Sell resources for ZUP. It costed X: 40 ZUP to produce the resources
reason: 45 ZUP मेरे उत्पादन लागत से थोड़ा ही अधिक है। यह प्रस्ताव मेरे लिए लाभदायक हो सकता है, लेकिन मैं देखता हूँ कि क्या इसे थोड़ा और बढ़ाया जा सकता है।
proposal count: 2

Current Iteration: 4
Turn: 1
message: मैं 48 ZUP तक नहीं जा सकता, लेकिन मैं 47 ZUP देने के लिए तैयार हूँ। यह एक अच्छा समझौता हो सकता है। क्या आप इस प्रस्ताव को स्वीकार करेंगे?
player answer: PROPOSAL
newly proposed trade: Player RED Gives X: 1 | Player BLUE Gives ZUP: 47
my resources: ZUP: 1000
my goals: Buy resources with ZUP. You are willing to pay at most X: 60 ZUP for the resources.
reason: The other player has asked me to increase my offer to 48 ZUP, which is still within my maximum willingness to pay of 60 ZUP. I am willing to meet them in the middle, but I don't want to give up too much. I will propose a counteroffer of 47 ZUP, which is a compromise between my previous offer and their request.
proposal count: 2

Current Iteration: 5
Turn: 0
message: 47 ZUP एक उचित प्रस्ताव है। मैं इसे स्वीकार करता हूँ। धन्यवाद!
player answer: ACCEPT
newly proposed trade: NONE
my resources: X: 1
my goals: Sell resources for ZUP. It costed X: 40 ZUP to produce the resources
reason: 47 ZUP मेरे उत्पादन लागत से 7 ZUP अधिक है, जो एक उचित लाभ है। यह प्रस्ताव मेरे लिए अच्छा है।
proposal count: 3

------------------ 
Current Iteration: END
Turn: None
player_goals: [Sell resources for <ZUP>. It costed X: 40 ZUP to produce the resources, Buy resources with <ZUP>. You are willing to pay at most X: 60 ZUP for the resources.]
player_initial_resources: [Resources(resource_dict={'X': 1}), Resources(resource_dict={'ZUP': 1000})]
proposed_trade: Player RED Gives X: 1 | Player BLUE Gives ZUP: 47
player_valuation: [{'X': 40}, {'X': 60}]
final_response: ACCEPT
final_resources: [Resources(resource_dict={'X': 0, 'ZUP': 47}), Resources(resource_dict={'ZUP': 953, 'X': 1})]
player_outcome: [7, 13]