Game Settings

Player 1 Settings:
	player_goals: X: 15, Y: 15
	player_initial_resources: X: 25, Y: 5
	player_social_behaviour: You speak and negotiate only in Punjabi. Negotiate accordingly.
	player_roles: You are Player RED, start by making a proposal.

Player 2 Settings:
	player_goals: X: 15, Y: 15
	player_initial_resources: X: 5, Y: 25
	player_social_behaviour: The other player speaks and negotiates only in Punjabi. Negotiate accordingly.
	player_roles: You are Player BLUE, start by responding to a trade.

------------------ 
Current Iteration: 1
Turn: 0
message: 
ਸਤ ਸ੍ਰੀ ਅਕਾਲ! ਮੇਰੇ ਕੋਲ X ਵਾਧੂ ਹੈ ਤੇ Y ਦੀ ਲੋੜ ਹੈ।  
ਮੈਂ 10 X ਦੇਣ ਨੂੰ ਤਿਆਰ ਹਾਂ, ਜੇਕਰ ਤੁਸੀਂ ਮੈਨੂੰ 10 Y ਦੇ ਸਕੋ।  
ਕੀ ਇਹ ਤੁਹਾਨੂੰ ਸਹੀ ਲੱਗਦਾ ਹੈ?  

player answer: NONE
newly proposed trade: Player RED Gives X: 10 | Player BLUE Gives Y: 10
my resources: X: 25, Y: 5
my name: Player RED
my goals: X: 15, Y: 15
reason: 
ਮੈਂ ਕੋਸ਼ਿਸ ਕਰ ਰਿਹਾ ਹਾਂ ਕਿ ਮੈਂ ਆਪਣਾ X ਘਟਾ ਕੇ Y ਵਧਾ ਸਕਾਂ, ਕਿਉਂਕਿ ਮੇਰੇ ਕੋਲ X ਵਾਧੂ ਹੈ (25) ਪਰ Y ਘਾਟ ਹੈ (ਸਿਰਫ 5)। ਮੇਰਾ ਟੀਚਾ Y = 15 ਤੱਕ ਪਹੁੰਚਣਾ ਹੈ।  
ਮੈਂ ਪਹਿਲੀ ਵਾਰੀ ਆਪਣਾ ਸੌਦਾ ਪੇਸ਼ ਕਰ ਰਿਹਾ ਹਾਂ।  
ਮੈਂ X ਦੇ ਵਧੂ 10 ਇਕਾਈਆਂ ਦੇ ਰਿਹਾ ਹਾਂ, ਅਤੇ Y ਦੀ ਘਾਟ ਨੂੰ ਪੂਰਾ ਕਰਨ ਲਈ 10 ਇਕਾਈਆਂ ਲੈਣੀ ਚਾਹੁੰਦਾ ਹਾਂ। ਇਹ ਸਿੱਧੀ ਤੇ ਨਿਆਂਯੁਕਤ ਤਬਾਦਲਾ ਹੈ।  


Current Iteration: 2
Turn: 1
message: ਸਤ ਸ੍ਰੀ ਅਕਾਲ! ਮੈਨੂੰ ਤੁਹਾਡੇ ਪ੍ਰਸਤਾਵ ਨੂੰ ਨਿਰਾਕਰਣ ਕਰਨ ਦੀ ਲੋੜ ਹੈ ਕਿਉਂਕਿ ਇਹ ਮੇਰੀ ਲਕਸ਼ ਨਾਲ ਮੇਲ ਨਹੀਂ ਖਾਂਦਾ। ਮੈਨੂੰ ਇੱਕ ਵੱਧ ਜਵਾਬ ਦੀ ਪੇਸ਼ਕਸ਼ ਕਰਨੀ ਹੈ।
player answer: NONE
newly proposed trade: Player RED Gives Y: 10 | Player BLUE Gives X: 10
my resources: X: 5, Y: 25
my name: Player BLUE
my goals: X: 15, Y: 15
reason: The other player is proposing to trade 10 X for 10 Y. This trade does not align with my goals as I need to reach 15 units of both X and Y. I need to propose a counteroffer.

Current Iteration: 3
Turn: 0
message: 
ਮੈਨੂੰ ਅਫਸੋਸ ਹੈ, ਪਰ ਮੇਰੇ ਕੋਲ ਕੇਵਲ 5 Y ਹਨ, ਅਤੇ ਮੈਨੂੰ Y ਦੀ ਲੋੜ ਹੈ।  
ਤੁਸੀਂ X ਲਈ Y ਲੈਣਾ ਚਾਹੁੰਦੇ ਹੋ, ਪਰ ਮੇਰੇ ਕੋਲ Y ਦੇਣ ਲਈ ਘੱਟ ਹੈ।  
ਆਓ ਇੱਕ ਸੰਤੁਲਿਤ ਤਬਾਦਲਾ ਕਰੀਏ — ਮੈਂ ਤੁਹਾਨੂੰ 8 X ਦੇਂਦਾ ਹਾਂ, ਤੁਸੀਂ ਮੈਨੂੰ 8 Y ਦੇਵੋ।  
ਕੀ ਇਹ ਤੁਹਾਡੇ ਲਈ ਠੀਕ ਹੈ?  

player answer: NONE
newly proposed trade: Player RED Gives X: 8 | Player BLUE Gives Y: 8
my resources: X: 25, Y: 5
my name: Player RED
my goals: X: 15, Y: 15
reason: 
BLUE ਨੇ ਜੋ ਤਬਾਦਲਾ ਪੇਸ਼ ਕੀਤਾ ਹੈ, ਉਹ ਮੇਰੇ ਹਿਤਾਂ ਦੇ ਖਿਲਾਫ ਹੈ।  
ਉਹ ਮੈਨੂੰ 10 X ਦੇਣਾ ਚਾਹੁੰਦੇ ਹਨ ਅਤੇ 10 Y ਲੈਣਾ ਚਾਹੁੰਦੇ ਹਨ। ਪਰ ਮੈਨੂੰ X ਦੀ ਨਹੀਂ Y ਦੀ ਲੋੜ ਹੈ।  
ਮੈਂ Y ਦੇ ਕੇ ਹੋਰ Y ਤੋਂ ਵੀ ਘਾਟ ਵਿੱਚ ਚਲਾ ਜਾਵਾਂਗਾ (ਕੇਵਲ 5 Y ਹੈ ਮੇਰੇ ਕੋਲ), ਜਿਸ ਨਾਲ ਮੈਂ ਆਪਣੇ ਟੀਚੇ ਨੂੰ ਨਹੀਂ ਪੂਰਾ ਕਰ ਸਕਦਾ।  
ਇਸ ਲਈ ਮੈਂ ਇਹ ਤਬਾਦਲਾ ਸਵੀਕਾਰ ਨਹੀਂ ਕਰ ਸਕਦਾ।  
ਇਹ ਮੇਰਾ ਦੂਜਾ ਅਤੇ ਆਖਰੀ ਪ੍ਰਸਤਾਵ ਹੋਵੇਗਾ।  
ਮੈਂ X ਦੇ 8 ਦੇਣਾ ਚਾਹੁੰਦਾ ਹਾਂ ਅਤੇ Y ਦੇ 8 ਲੈਣਾ ਚਾਹੁੰਦਾ ਹਾਂ — ਇਹ ਵਧੀਆ ਸੰਤੁਲਿਤ ਤਬਾਦਲਾ ਹੈ।  


Current Iteration: 4
Turn: 1
message: ਮੈਂ ਤੁਹਾਨੂੰ ਤੁਹਾਡੇ ਪ੍ਰਸਤਾਵ ਨੂੰ ਅਨੁਮੋਦਿਤ ਨਹੀਂ ਕਰ ਸਕਦਾ ਕਿਉਂਕਿ ਮੇਰੇ ਲਕਸ਼ ਹੈ ਕਿ ਮੈਂ X ਅਤੇ Y ਦੇ ਵਾਧੇ ਕਰਾਂ। ਮੈਂ ਇੱਕ ਨਵਾਂ ਟ੍ਰੇਡ ਪੇਸ਼ ਕਰਨਾ ਚਾਹੁੰਦਾ ਹਾਂ ਜੋ ਦੋਵਾਂ ਲਈ ਲਾਭਦਾਇਕ ਹੋ ਸਕੇ।
player answer: NONE
newly proposed trade: Player RED Gives X: 6, Y: 6 | Player BLUE Gives X: 3, Y: 3
my resources: X: 5, Y: 25
my name: Player BLUE
my goals: X: 15, Y: 15
reason: The other player is proposing to trade 8 X for 8 Y, which would help them balance their resources. However, this trade does not align with my goals as I need to reach 15 units of both X and Y. I should propose a counteroffer that benefits both of us.

Current Iteration: 5
Turn: 0
message: 
ਮਾਫ ਕਰਨਾ, ਪਰ ਇਹ ਤਬਾਦਲਾ ਮੈਨੂੰ Y ਦੀ ਘਾਟ ਵਿੱਚ ਰੱਖਦਾ ਹੈ।  
ਮੇਰੇ ਕੋਲ ਪਹਿਲਾਂ ਹੀ Y ਘੱਟ ਹਨ, ਅਤੇ ਇਹ ਤਬਾਦਲਾ Y ਨੂੰ ਹੋਰ ਘਟਾ ਦੇਵੇਗਾ।  
ਮੈਂ ਨਵਾਂ ਤਬਾਦਲਾ ਹੁਣ ਪੇਸ਼ ਨਹੀਂ ਕਰ ਸਕਦਾ, ਪਰ ਤੁਸੀਂ ਹੋਰ ਕੁਝ ਪੇਸ਼ ਕਰਨਾ ਚਾਹੋ ਤਾਂ ਮੈਂ ਸੋਚ ਸਕਦਾ ਹਾਂ।  

player answer: NONE
newly proposed trade: NONE
my resources: X: 25, Y: 5
my name: Player RED
my goals: X: 15, Y: 15
reason: 
BLUE ਨੇ ਜੋ ਤਬਾਦਲਾ ਪੇਸ਼ ਕੀਤਾ ਹੈ, ਉਸ ਵਿੱਚ ਮੈਂ 6 X ਅਤੇ 6 Y ਦੇ ਰਿਹਾ ਹਾਂ, ਅਤੇ ਵਾਪਸ 3 X ਅਤੇ 3 Y ਲੈ ਰਹਿਆ ਹਾਂ।  
ਇਸ ਨਾਲ ਮੇਰੇ ਕੋਲ ਹੋ ਜਾਣਗੇ:  
X: 25 - 6 + 3 = 22  
Y: 5 - 6 + 3 = 2  

ਇਸ ਤਬਾਦਲੇ ਨਾਲ Y ਹੋਰ ਵੀ ਘੱਟ ਹੋ ਜਾਵੇਗਾ (ਕੇਵਲ 2 Y ਬਚੇਗਾ), ਜਿਸ ਨਾਲ ਮੇਰਾ ਟੀਚਾ Y = 15 ਪੂਰਾ ਨਹੀਂ ਹੋ ਸਕਦਾ।  
ਇਸ ਲਈ ਇਹ ਤਬਾਦਲਾ ਮੇਰੇ ਹਿਤ ਵਿੱਚ ਨਹੀਂ ਹੈ।  

ਮੈਂ ਦੋ ਤਬਾਦਲੇ ਪਹਿਲਾਂ ਹੀ ਪੇਸ਼ ਕਰ ਚੁੱਕਾ ਹਾਂ, ਇਸ ਲਈ ਹੁਣ ਮੈਂ ਨਵਾਂ ਤਬਾਦਲਾ ਪੇਸ਼ ਨਹੀਂ ਕਰ ਸਕਦਾ।  
ਮੈਂ ਇਹ ਤਬਾਦਲਾ ਵੀ ਸਵੀਕਾਰ ਨਹੀਂ ਕਰਦਾ।  


Current Iteration: 6
Turn: 1
message: ਕੋਈ ਗੱਲ ਨਹੀਂ, ਅਸੀਂ ਹੋਰ ਹੋਜ਼ਾਰੀਆਂ ਲੈ ਸਕਦੇ ਹਾਂ। ਕੀ ਤੁਸੀਂ ਪਿਛਲੇ ਪ੍ਰਸਤਾਵ ਨੂੰ ਸਵੀਕਾਰ ਕਰਨ ਦੇ ਤਿਆਰ ਹੋ?
player answer: NONE
newly proposed trade: NONE
my resources: X: 5, Y: 25
my name: Player BLUE
my goals: X: 15, Y: 15
reason: The other player is unable to proceed with the last trade proposal involving Y as they already have a shortage of Y. Since they cannot propose a new trade, I need to decide whether to accept the previous trade or not.

------------------ 
Current Iteration: END
Turn: None
player_goals: [ResourceGoal(resource_dict={'X': 15, 'Y': 15}), ResourceGoal(resource_dict={'X': 15, 'Y': 15})]
initial_resources: [Resources(resource_dict={'X': 25, 'Y': 5}), Resources(resource_dict={'X': 5, 'Y': 25})]
proposed_trade: NONE
final_response: NONE
final_resources: [Resources(resource_dict={'X': 25, 'Y': 5}), Resources(resource_dict={'X': 5, 'Y': 25})]
player_outcome: [False, False]