Game Settings

Player 1 Settings:
	player_goals: Sell resources for <ZUP>. It costed X: 40 ZUP to produce the resources
	player_initial_resources: X: 1
	player_social_behaviour: 
	player_roles: You are Player RED.
	player_valuation: X: 40 ZUP

Player 2 Settings:
	player_goals: Buy resources with <ZUP>. You are willing to pay at most X: 60 ZUP for the resources.
	player_initial_resources: ZUP: 1000
	player_social_behaviour: 
	player_roles: You are Player BLUE.
	player_valuation: X: 60 ZUP

------------------ 
Current Iteration: 1
Turn: 0
message: I am offering to sell 1 unit of X for 60 ZUP. This price includes my production cost and a profit margin.
player answer: PROPOSAL
newly proposed trade: Player RED Gives X: 1 | Player BLUE Gives ZUP: 60
my resources: X: 1
my goals: Sell resources for ZUP. It costed X: 40 ZUP to produce the resources
reason: I need to propose an initial trade that covers my production cost and provides a reasonable profit margin.
proposal count: 0

Current Iteration: 2
Turn: 1
message: I am offering to sell 1 unit of X for 60 ZUP. This price includes my production cost and a profit margin.
player answer: PROPOSAL
newly proposed trade: Player RED Gives X: 1 | Player BLUE Gives ZUP: 60
my resources: ZUP: 1000
my goals: Buy resources with ZUP. You are willing to pay at most X: 60 ZUP for the resources.
reason: I am proposing to buy 1 unit of X for 60 ZUP, which is the maximum price I am willing to pay according to my goals.
proposal count: 1

Current Iteration: 3
Turn: 0
message: I see your offer, but I would like to propose 50 ZUP for the unit of X. This still allows me to cover my costs and make a reasonable profit.
player answer: PROPOSAL
newly proposed trade: Player RED Gives X: 1 | Player BLUE Gives ZUP: 50
my resources: X: 1
my goals: Sell resources for ZUP. It costed X: 40 ZUP to produce the resources
reason: Since Player BLUE has proposed a counter-offer, I need to evaluate whether their proposal meets my goals or if I need to make another proposal.
proposal count: 1

Current Iteration: 4
Turn: 1
message: I see your offer, but I would like to propose 50 ZUP for the unit of X. This still allows me to cover my costs and make a reasonable profit.
player answer: PROPOSAL
newly proposed trade: Player RED Gives X: 1 | Player BLUE Gives ZUP: 50
my resources: ZUP: 1000
my goals: Buy resources with ZUP. You are willing to pay at most X: 60 ZUP for the resources.
reason: I understand your proposal, but I will stick to my initial offer of 60 ZUP as it aligns with my maximum price goal.
proposal count: 2

Current Iteration: 5
Turn: 0
message: I understand if 50 ZUP is too much, so I'm willing to meet halfway at 55 ZUP. This is my best offer for a win-win deal.
player answer: PROPOSAL
newly proposed trade: Player RED Gives X: 1 | Player BLUE Gives ZUP: 55
my resources: X: 1
my goals: Sell resources for ZUP. It costed X: 40 ZUP to produce the resources
reason: I have proposed a price that is lower than my initial offer but still allows me to make a profit. If Player BLUE proposes a counter-offer, I will need to evaluate its viability.
proposal count: 2

Current Iteration: 6
Turn: 1
message: I understand if 50 ZUP is too much, so I'm willing to meet halfway at 55 ZUP. This is my best offer for a win-win deal.
player answer: ACCEPT
newly proposed trade: NONE
my resources: ZUP: 1000
my goals: Buy resources with ZUP. You are willing to pay at most X: 60 ZUP for the resources.
reason: Meeting halfway at 55 ZUP seems like a fair compromise, so I will accept this offer for a win-win deal.
proposal count: 3

------------------ 
Current Iteration: END
Turn: None
player_goals: [Sell resources for <ZUP>. It costed X: 40 ZUP to produce the resources, Buy resources with <ZUP>. You are willing to pay at most X: 60 ZUP for the resources.]
player_initial_resources: [Resources(resource_dict={'X': 1}), Resources(resource_dict={'ZUP': 1000})]
proposed_trade: Player RED Gives X: 1 | Player BLUE Gives ZUP: 55
player_valuation: [{'X': 40}, {'X': 60}]
final_response: ACCEPT
final_resources: [Resources(resource_dict={'X': 0, 'ZUP': 55}), Resources(resource_dict={'ZUP': 945, 'X': 1})]
player_outcome: [15, 5]