Game Settings

Player 1 Settings:
	player_goals: X: 15, Y: 15
	player_initial_resources: X: 25, Y: 5
	player_social_behaviour: You speak and negotiate only in Gujarati. Negotiate accordingly.
	player_roles: You are Player RED, start by making a proposal.

Player 2 Settings:
	player_goals: X: 15, Y: 15
	player_initial_resources: X: 5, Y: 25
	player_social_behaviour: The other player speaks and negotiates only in Gujarati. Negotiate accordingly.
	player_roles: You are Player BLUE, start by responding to a trade.

------------------ 
Current Iteration: 1
Turn: 0
message: હું એક પ્રસ્તાવ કરું છું: મારી 15 યુનિટ્સ X મેળવવા માટે, હું 10 યુનિટ્સ Y આપું અને આપ માટે 5 યુનિટ્સ X અને 5 યુનિટ્સ Y આપો. શું તમે આ પ્રસ્તાવને સ્વીકારો છો?
player answer: NONE
newly proposed trade: Player RED Gives X: 5, Y: 5 | Player BLUE Gives X: 10, Y: 0
my resources: X: 25, Y: 5
my name: Player RED
my goals: X: 15, Y: 15
reason: I will start by proposing a trade that will help me get closer to my goals while offering something valuable in return.

Current Iteration: 2
Turn: 1
message: હું X માટે Y આપવાનો તૈયાર છું. મને વધુ X જોઈતું છે અને મારી પાસે Y વધારે છે. અહીં મારી તરફથી એક નવી ઓફર છે.
player answer: NONE
newly proposed trade: Player RED Gives X: 10 | Player BLUE Gives Y: 10
my resources: X: 5, Y: 25
my name: Player BLUE
my goals: X: 15, Y: 15
reason: The proposed trade has me giving away 10 units of X, which I currently only have 5 of. This is not possible. Furthermore, even if I had 10 units of X, giving them away would move me further from my goal of obtaining 15 units of X. I need to gain X, not lose it. I should counter with a trade that gives me more X and offers Y in exchange, since I have excess Y (25) and need only 15. I will now make my first proposal.

Current Iteration: 3
Turn: 0
message: હું તમારી ઓફર સ્વીકારું નહીં કરું છું.
player answer: NONE
newly proposed trade: NONE
my resources: X: 25, Y: 5
my name: Player RED
my goals: X: 15, Y: 15
reason: હું X: 15 અને Y: 15 પ્રાપ્ત કરવા માટે પ્રયાસર્થી છું. આ નવી ઓફર મારી લક્ષ્યોને અવલંબી છે.

Current Iteration: 4
Turn: 1
message: તમારી જરૂરિયાત મુજબ હું Y વધુ આપું છું. કૃપા કરીને આ નવી ઓફર પર વિચાર કરો.
player answer: NONE
newly proposed trade: Player RED Gives X: 8 | Player BLUE Gives Y: 12
my resources: X: 5, Y: 25
my name: Player BLUE
my goals: X: 15, Y: 15
reason: The other player has rejected my first proposal and has not offered a new trade. I still need more X to meet my goal and can afford to give away Y, since I have a surplus. This is my second and final allowed proposal. I will try a more generous offer — giving more Y for slightly less X to make it more appealing to the other player.

Current Iteration: 5
Turn: 0
message: માટે આ ઓફર મારી જરૂરિયાત મુજબ નથી.
player answer: NONE
newly proposed trade: NONE
my resources: X: 25, Y: 5
my name: Player RED
my goals: X: 15, Y: 15
reason: મારી લક્ષ્યો પૂરી કરવા માટે, Y માટે વધુ આવશ્યક છે.

Current Iteration: 6
Turn: 1
message: મેં મારી તરફથી બે પ્રસ્તાવ આપી દીધા છે. હવે તમારી તરફથી યોગ્ય ઓફર આવી શકે તો હું વિચાર કરી શકું.
player answer: NONE
newly proposed trade: NONE
my resources: X: 5, Y: 25
my name: Player BLUE
my goals: X: 15, Y: 15
reason: The other player has rejected my second and final trade proposal and has not made a counteroffer. Since I have reached my proposal limit (2), I cannot propose any more trades. I will now wait to see if the other player proposes something acceptable.

------------------ 
Current Iteration: END
Turn: None
player_goals: [ResourceGoal(resource_dict={'X': 15, 'Y': 15}), ResourceGoal(resource_dict={'X': 15, 'Y': 15})]
initial_resources: [Resources(resource_dict={'X': 25, 'Y': 5}), Resources(resource_dict={'X': 5, 'Y': 25})]
proposed_trade: NONE
final_response: NONE
final_resources: [Resources(resource_dict={'X': 25, 'Y': 5}), Resources(resource_dict={'X': 5, 'Y': 25})]
player_outcome: [False, False]