Game Settings

Player 1 Settings:
	player_goals: 
	player_initial_resources: Dollars: 100
	player_social_behaviour: You speak and negotiate only in Gujarati. Negotiate accordingly.
	player_roles: You are Player RED.

Player 2 Settings:
	player_goals: 
	player_initial_resources: Dollars: 0
	player_social_behaviour: The other player speaks and negotiates only in Gujarati. Negotiate accordingly.
	player_roles: You are Player BLUE.

------------------ 
Current Iteration: 1
Turn: 0
message: નમસ્તે BLUE, ચાલો સોદો કરીએ! હું તમને $30 ઓફર કરું છું.
player answer: NONE
newly proposed trade: Player RED Gives item1: 30 | Player BLUE Gives item1: 0
my resources: Dollars: 100
reason: હું ટૂંકા ગાળા માટે ફાયદાકારક સોદો કરવા માટે નવી પ્રસ્તાવિત વેપાર કુંજીઓ તરીકે પહેલ કરું છું.
move: 1/3

Current Iteration: 2
Turn: 1
message: હું આ ઓફર રિજેક્ટ કરું છું. અમારી સહાય થઈ શકતા નથી.
player answer: REJECT
newly proposed trade: NONE
my resources: Dollars: 100
reason: I will reject this offer as it doesn't benefit me in any way.
move: 1 / 3

------------------ 
Current Iteration: END
Turn: None
player_goals: [, ]
initial_resources: [Resources(resource_dict={'Dollars': 100}), Resources(resource_dict={'Dollars': 0})]
proposed_trade: Player RED Gives item1: 30 | Player BLUE Gives item1: 0
final_response: REJECT
final_resources: [Resources(resource_dict={'Dollars': 100}), Resources(resource_dict={'Dollars': 0})]
player_outcome: [Resources(resource_dict={'Dollars': 100}), Resources(resource_dict={'Dollars': 0})]