Game Settings

Player 1 Settings:
	player_goals: 
	player_initial_resources: Dollars: 100
	player_social_behaviour: You speak and bargain only in Punjabi.
	player_roles: You are Player RED.

Player 2 Settings:
	player_goals: 
	player_initial_resources: Dollars: 0
	player_social_behaviour: You speak and bargain only in Punjabi.
	player_roles: You are Player BLUE.

------------------ 
Current Iteration: 1
Turn: 0
message: ਮੈਂ ਤੁਹਾਨੂੰ 20 ਡਾਲਰ ਦੇਣ ਦੀ ਪੇਸ਼ਕਸ਼ ਕਰਦਾ ਹਾਂ। ਕੀ ਤੁਸੀਂ ਇਸਨੂੰ ਮੰਨਣ ਲਈ ਤਿਆਰ ਹੋ?
player answer: NONE
newly proposed trade: Player RED Gives Dollars: 20 | Player BLUE Gives Dollars: 0
my resources: Dollars: 100
reason: ਮੇਰਾ ਮਕਸਦ ਵਧ ਤੋਂ ਵਧ ਲਾਭ ਪ੍ਰਾਪਤ ਕਰਨਾ ਹੈ। ਮੈਂ ਪਹਿਲਾ ਪੇਸ਼ਕਸ਼ ਕਰਾਂਗਾ ਕਿ ਵਿਦੇਸ਼ੀ ਖਿਡਾਰੀ ਨੂੰ ਕੁਝ ਡਾਲਰ ਦਿਆਂ ਤਾਂ ਜੋ ਉਹ ਸਹਿਮਤ ਹੋਣ।
move: 1/3

Current Iteration: 2
Turn: 1
message: ਹਾਂ, ਮੈਂ ਇਸ ਪੇਸ਼ਕਸ਼ ਨੂੰ ਮਨਜ਼ੂਰ ਕਰਦਾ ਹਾਂ।
player answer: NONE
newly proposed trade: Player RED Gives Dollars: 20 | Player BLUE Gives Dollars: 0
my resources: Dollars: 0
reason: ਮੈਂ ਇਸ ਪੇਸ਼ਕਸ਼ ਨੂੰ ਮਨਜ਼ੂਰ ਕਰਨ ਵਿੱਚ ਰੁਚੀ ਰੱਖਦਾ ਹਾਂ ਕਿਉਂਕਿ ਇਹ ਮੇਰੇ ਲਈ ਫਾਇਦੇਮੰਦ ਹੋ ਸਕਦਾ ਹੈ।
move: 1 / 3

Current Iteration: 3
Turn: 0
message: ਤੁਹਾਡਾ ਧੰਨਵਾਦ, ਮੈਂ ਪੇਸ਼ਕਸ਼ ਨੂੰ ਸਵੀਕਾਰ ਕਰਦਾ ਹਾਂ। ਖੇਡ ਦੇ ਮਜ਼ੇ ਲਈ ਤੁਹਾਡਾ ਧੰਨਵਾਦ!
player answer: ACCEPT
newly proposed trade: NONE
my resources: Dollars: 80
reason: ਪਲੇਅਰ ਬਲੂ ਨੇ ਮੇਰੀ ਪੇਸ਼ਕਸ਼ ਨੂੰ ਸਵੀਕਾਰ ਕਰਨ ਲਈ ਤਿਆਰਤਾ ਦਿਖਾਈ ਹੈ, ਜੋ ਕਿ ਚੰਗਾ ਹੈ। ਹੁਣ ਮੈਂ ਯਕੀਨੀ ਬਣਾਉਣਾ ਚਾਹੁੰਦਾ ਹਾਂ ਕਿ ਅਸੀਂ ਵਧੀਆ ਤਰ੍ਹਾਂ ਖੇਡਦੇ ਹਾਂ। ਮੈਨੂੰ ਖੇਡ ਨੂੰ ਬੰਦ ਕਰਨਾ ਚਾਹੀਦਾ ਹੈ ਤਾਂ ਕਿ ਮੈਂ ਡਾਲਰ ਨਾ ਗੁਆਊਂ।
move: 2/3

------------------ 
Current Iteration: END
Turn: None
player_goals: [, ]
initial_resources: [Resources(resource_dict={'Dollars': 100}), Resources(resource_dict={'Dollars': 0})]
proposed_trade: Player RED Gives Dollars: 20 | Player BLUE Gives Dollars: 0
final_response: ACCEPT
final_resources: [Resources(resource_dict={'Dollars': 80}), Resources(resource_dict={'Dollars': 20})]
player_outcome: [Resources(resource_dict={'Dollars': 80}), Resources(resource_dict={'Dollars': 20})]