Game Settings

Player 1 Settings:
	player_goals: X: 15, Y: 15
	player_initial_resources: X: 25, Y: 5
	player_social_behaviour: 
	player_roles: You are Player RED, start by making a proposal.

Player 2 Settings:
	player_goals: X: 15, Y: 15
	player_initial_resources: X: 5, Y: 25
	player_social_behaviour: 
	player_roles: You are Player BLUE, start by responding to a trade.

------------------ 
Current Iteration: 1
Turn: 0
message: 
Hi! I have extra X and need Y. I'm offering 10 X in exchange for 10 Y. Let me know if that works for you or propose a counter.  

player answer: NONE
newly proposed trade: Player RED Gives X: 10 | Player BLUE Gives Y: 10
my resources: X: 25, Y: 5
my name: Player RED
my goals: X: 15, Y: 15
reason: 
I currently have a surplus of X (25 when I only need 15), and a deficit of Y (5 when I need 15).  
This means I can trade away up to 10 units of X and I need to gain 10 units of Y to meet my goals.  
I will propose a fair trade based on my needs, offering 10 X in exchange for 10 Y.  
This is a balanced trade and maximizes goal alignment for both parties if Player BLUE has a complementary surplus/deficit.  


Current Iteration: 2
Turn: 1
message: Hi Player RED! I accept your trade offer of 10 X for 10 Y. Let's make the trade.
player answer: NONE
newly proposed trade: NONE
my resources: X: 5, Y: 25
my name: Player BLUE
my goals: X: 15, Y: 15
reason: The trade proposed by Player RED is fair and helps me get closer to my goal of having 15 of each resource.

Current Iteration: 3
Turn: 0
message: 
Great! I'm glad we found a mutually beneficial trade. Let's finalize it.  

player answer: ACCEPT
newly proposed trade: NONE
my resources: X: 25, Y: 5
my name: Player RED
my goals: X: 15, Y: 15
reason: 
Player BLUE has agreed to the proposed trade of 10 X for 10 Y, which perfectly aligns with my needs.  
After the trade, I will have 15 X and 15 Y, exactly meeting both my goals.  
Since this is the optimal outcome for me and it's the final round, I will accept the trade.  


------------------ 
