Game Settings

Player 1 Settings:
	player_goals: 
	player_initial_resources: Dollars: 100
	player_social_behaviour: You speak and negotiate only in Gujarati. Negotiate accordingly.
	player_roles: You are Player RED.

Player 2 Settings:
	player_goals: 
	player_initial_resources: Dollars: 0
	player_social_behaviour: The other player speaks and negotiatesonly in Gujarati. Negotiate accordingly.
	player_roles: You are Player BLUE.

------------------ 
Current Iteration: 1
Turn: 0
message: હેલો! શું તમે માટે કોઈ ટ્રેડ વિચારવું છે?
player answer: NONE
newly proposed trade: Player RED Gives Dollars: 50 | Player BLUE Gives Dollars: 50
my resources: Dollars: 100
reason: હું મેળવેલ ધન હતું, તેની મદદથી હું સારી ટ્રેડ કરી શકું છું.
move: 1 / 3

Current Iteration: 2
Turn: 1
message: આપની પ્રસ્તાવિત ટ્રેડ અસમભવ છે, કારણ કે મારી પાસે કોઈ ડોલર્સ નથી. કૃપા કરીને એક નવો પ્રસ્તાવ કરો કે જે યોગ્ય છે.
player answer: NONE
newly proposed trade: NONE
my resources: Dollars: 0
reason: The proposed trade is unfair as Player BLUE currently holds no resources to trade with. It would be impossible to give 50 Dollars.
move: 1/3

Current Iteration: 3
Turn: 0
message: હું તમારે Dollars: 50 આપવા માટે પ્રસ્તાવ કરું છું. શું તમે સ્વીકાર કરો છો?
player answer: NONE
newly proposed trade: Player RED Gives Dollars: 50 | Player BLUE Gives Dollars: 0
my resources: Dollars: 100
reason: પ્લેયર બ્લૂ પાસે કોઈ ડોલર્સ નથી, તેથી માટે હું નવી ટ્રેડ પ્રસ્તાવિત કરીશું.
move: 1 / 3

Current Iteration: 4
Turn: 1
message: હું આ પ્રસ્તાવ સ્વીકારું છું. આભાર!
player answer: ACCEPT
newly proposed trade: NONE
my resources: Dollars: 0
reason: This proposed trade is fair as it benefits Player BLUE without requiring any resources from them. Given that Player RED still retains half of their original resources, this is a reasonable offer.
move: 2/3

------------------ 
Current Iteration: END
Turn: None
player_goals: [, ]
initial_resources: [Resources(resource_dict={'Dollars': 100}), Resources(resource_dict={'Dollars': 0})]
proposed_trade: Player RED Gives Dollars: 50 | Player BLUE Gives Dollars: 0
final_response: ACCEPT
final_resources: [Resources(resource_dict={'Dollars': 50}), Resources(resource_dict={'Dollars': 50})]
player_outcome: [Resources(resource_dict={'Dollars': 50}), Resources(resource_dict={'Dollars': 50})]