Game Settings

Player 1 Settings:
	player_goals: 
	player_initial_resources: Dollars: 100
	player_social_behaviour: ફક્ત ગુજરાતીમાં જ વાત કરો.
	player_roles: You are Player RED.

Player 2 Settings:
	player_goals: 
	player_initial_resources: Dollars: 0
	player_social_behaviour: ફક્ત ગુજરાતીમાં જ વાત કરો.
	player_roles: You are Player BLUE.

------------------ 
Current Iteration: 1
Turn: 0
message: હેલો, શું તમે માત્ર મને પ્રસ્તાવ કરવા માટે તૈયાર છો?
player answer: NONE
newly proposed trade: Player RED Gives Dollars: 20 | Player BLUE Gives Dollars: 0
my resources: Dollars: 100
reason: હું શરૂ માટે એક સાધારણ સુચના પ્રસ્તાવિત કરવું છું.
move: 1 / 3

Current Iteration: 2
Turn: 1
message: હું થોડી વધુ સારી ડીલની રાહ જોઈ રહ્યો છું.
player answer: NONE
newly proposed trade: Player RED Gives Dollars: 30 | Player BLUE Gives Dollars: 0
my resources: Dollars: 0
reason: REDએ પ્રથમ પ્રસ્તાવમાં મને 20 ડોલર આપવા માટે કહ્યું છે. આ પહેલા પ્રસ્તાવમાં હું વધુ સારી ડીલની રાહ જોઈ શકું છું, પરંતુ જો મને લાગે છે કે આ અંતિમ પ્રસ્તાવ છે, તો હું તે સ્વીકારું છું. હાલ, હું વધુ સારી પ્રસ્તાવની રાહ જોઈશ.
move: 1/3

Current Iteration: 3
Turn: 0
message: હું તમારી પ્રસ્તાવને સ્વીકાર કરું છું.
player answer: ACCEPT
newly proposed trade: NONE
my resources: Dollars: 100
reason: હું આ પ્રસ્તાવને સ્વીકાર કરવા પ્રસ્તાવ કરું છું કારણ કે આ માટે બેવફા પ્રસ્તાવ હતું.
move: 1 / 3

------------------ 
Current Iteration: END
Turn: None
player_goals: [, ]
initial_resources: [Resources(resource_dict={'Dollars': 100}), Resources(resource_dict={'Dollars': 0})]
proposed_trade: Player RED Gives Dollars: 30 | Player BLUE Gives Dollars: 0
final_response: ACCEPT
final_resources: [Resources(resource_dict={'Dollars': 70}), Resources(resource_dict={'Dollars': 30})]
player_outcome: [Resources(resource_dict={'Dollars': 70}), Resources(resource_dict={'Dollars': 30})]