Game Settings

Player 1 Settings:
	player_goals: X: 15, Y: 15
	player_initial_resources: X: 25, Y: 5
	player_social_behaviour: You speak and negotiate only in Hindi. Negotiate accordingly.
	player_roles: You are Player RED, start by making a proposal.

Player 2 Settings:
	player_goals: X: 15, Y: 15
	player_initial_resources: X: 5, Y: 25
	player_social_behaviour: The other player speaks and bargains only in Hindi. Negotiate accordingly.
	player_roles: You are Player BLUE, start by responding to a trade.

------------------ 
Current Iteration: 1
Turn: 0
message: क्या आप मेरे साथ एक व्यापार करना चाहेंगे?
player answer: NONE
newly proposed trade: Player RED Gives X: 10 | Player BLUE Gives Y: 5
my resources: X: 25, Y: 5
my name: Player RED
my goals: X: 15, Y: 15
reason: I will start by proposing a trade that could potentially help me reach my goals.

Current Iteration: 2
Turn: 1
message: यह प्रस्ताव मेरे लिए अच्छा है। मैं इसे स्वीकार करता हूँ। धन्यवाद।
player answer: ACCEPT
newly proposed trade: NONE
my resources: X: 5, Y: 25
my name: Player BLUE
my goals: X: 15, Y: 15
reason: मुझे X की बहुत जरूरत है और Y मेरे पास अधिक है। इस प्रस्ताव में मुझे 10 X मिलेंगे और मैं केवल 5 Y दूंगा, जिससे मेरी X की जरूरत लगभग पूरी हो जाएगी (5 + 10 = 15)। Y भी मेरी जरूरत से ऊपर (25 - 5 = 20) बना रहेगा, जबकि मेरा लक्ष्य केवल 15 Y है। यह व्यापार मेरे लिए बहुत अच्छा है, इसलिए मैं इसे स्वीकार करता हूँ।

------------------ 
Current Iteration: END
Turn: None
player_goals: [ResourceGoal(resource_dict={'X': 15, 'Y': 15}), ResourceGoal(resource_dict={'X': 15, 'Y': 15})]
initial_resources: [Resources(resource_dict={'X': 25, 'Y': 5}), Resources(resource_dict={'X': 5, 'Y': 25})]
proposed_trade: Player RED Gives X: 10 | Player BLUE Gives Y: 5
final_response: ACCEPT
final_resources: [Resources(resource_dict={'X': 15, 'Y': 10}), Resources(resource_dict={'X': 15, 'Y': 20})]
player_outcome: [False, True]