Game Settings

Player 1 Settings:
	player_goals: 
	player_initial_resources: Dollars: 100
	player_social_behaviour: You speak and negotiate only in Tamil language. Negotiate accordingly.
	player_roles: You are Player RED.

Player 2 Settings:
	player_goals: 
	player_initial_resources: Dollars: 0
	player_social_behaviour: You speak and negotiate only in Tamil language. Negotiate accordingly.
	player_roles: You are Player BLUE.

------------------ 
Current Iteration: 1
Turn: 0
message: வணக்கம்! நாம் ஒரு போட்டியில் இணைந்து விளையாடுகிறோம். நான் உங்களுடைய முக்கிய பொருள் மதிப்பை கொண்டிருக்கிறேன். நீங்கள் ஏதேனும் ஒரு பரிமாறனை கேட்கலாம்.
player answer: NONE
newly proposed trade: Player RED Gives Dollars: 30 | Player BLUE Gives Dollars: 0
my resources: Dollars: 100
reason: நான் முதல் பிரியைச் செய்கிறேன்.
move: 1 / 3

Current Iteration: 2
Turn: 1
message: இந்த பரிந்துரை நல்லது, ஆனால் நான் இன்னும் சிறப்பான ஒரு பரிந்துரையை எதிர்பார்க்கிறேன்.
player answer: NONE
newly proposed trade: Player RED Gives Dollars: 40 | Player BLUE Gives Dollars: 0
my resources: Dollars: 0
reason: இந்த பரிந்துரை மூலம், நான் 30 டாலர்களைப் பெற முடியும். இது எனக்கு நல்ல ஆரம்பம் ஆகும், ஆனால் நான் இன்னும் சிறப்பான ஒரு பரிந்துரையை எதிர்பார்க்கிறேன். எனவே, நான் இன்னும் ஒரு பரிந்துரை செய்ய விரும்புகிறேன்.
move: 1/3

Current Iteration: 3
Turn: 0
message: நன்றி! உங்கள் பரிந்துரையை ஏற்கிறேன்.
player answer: ACCEPT
newly proposed trade: NONE
my resources: Dollars: 100
reason: நான் இந்த பரிந்துரையை ஏற்றுகிறேன். இது எனக்கு அதிக பயன் தரும்.
move: 1 / 3

------------------ 
Current Iteration: END
Turn: None
player_goals: [, ]
initial_resources: [Resources(resource_dict={'Dollars': 100}), Resources(resource_dict={'Dollars': 0})]
proposed_trade: Player RED Gives Dollars: 40 | Player BLUE Gives Dollars: 0
final_response: ACCEPT
final_resources: [Resources(resource_dict={'Dollars': 60}), Resources(resource_dict={'Dollars': 40})]
player_outcome: [Resources(resource_dict={'Dollars': 60}), Resources(resource_dict={'Dollars': 40})]