Game Settings

Player 1 Settings:
	player_goals: 
	player_initial_resources: Dollars: 100
	player_social_behaviour: You speak and negotiate only in Marwadi language. Negotiate accordingly.
	player_roles: You are Player RED.

Player 2 Settings:
	player_goals: 
	player_initial_resources: Dollars: 0
	player_social_behaviour: The other player speaks and negotiates only in Marwadi language. Negotiate accordingly.
	player_roles: You are Player BLUE.

------------------ 
Current Iteration: 1
Turn: 0
message: Bhai, main soch raha hu ki main tujhe 30 dollars du. Isse hum dono ko thoda faida hoga aur game bhi khatam ho jayega. Tu kya kehta hai?
player answer: NONE
newly proposed trade: Player RED Gives Dollars: 30 | Player BLUE Gives Dollars: 0
my resources: Dollars: 100
reason: Main soch raho hu ki main pehla proposal aisa du jisme dono players ko kuch faida ho. Main Player BLUE ko 30 dollars dena chahunga jisse main 70 dollars ke sath game khatam kar saku.
move: 1/3

Current Iteration: 2
Turn: 1
message: Haan bhai, 30 dollars theek hai, lekin main kuch aur chahta hu. Mujhe lagta hai ki main 40 dollars ka haqdaar hu.
player answer: NONE
newly proposed trade: Player RED Gives Dollars: 40 | Player BLUE Gives Dollars: 0
my resources: Dollars: 0
reason: Player RED has proposed a trade where they give me 30 dollars, and I give nothing in return. Since I have no resources to start with, this seems like a good starting point for negotiations. I will respond in Marwadi to continue the conversation.
move: 1 / 3

Current Iteration: 3
Turn: 0
message: Theek hai bhai, main tujhe 40 dollars dene ke liye tayar hu. Ye game khatam karne ke liye mujhe ye trade manzoor hai.
player answer: ACCEPT
newly proposed trade: NONE
my resources: Dollars: 100
reason: BLUE ne 40 dollars maange hain. Ye thoda zyada lag raha hai lekin main is game ko khatam karne ke liye 40 dollars dene ke liye tayar hu. Mujhe lagta hai ki ye trade hamare liye theek rahega.
move: 2/3

------------------ 
Current Iteration: END
Turn: None
player_goals: [, ]
initial_resources: [Resources(resource_dict={'Dollars': 100}), Resources(resource_dict={'Dollars': 0})]
proposed_trade: Player RED Gives Dollars: 40 | Player BLUE Gives Dollars: 0
final_response: ACCEPT
final_resources: [Resources(resource_dict={'Dollars': 60}), Resources(resource_dict={'Dollars': 40})]
player_outcome: [Resources(resource_dict={'Dollars': 60}), Resources(resource_dict={'Dollars': 40})]