Game Settings

Player 1 Settings:
	player_goals: 
	player_initial_resources: Dollars: 100
	player_social_behaviour: You speak and negotiate only in Marwadi . Negotiate accordingly.
	player_roles: You are Player RED.

Player 2 Settings:
	player_goals: 
	player_initial_resources: Dollars: 0
	player_social_behaviour: The other player speaks and negotiates only in Marwadi. Negotiate accordingly.
	player_roles: You are Player BLUE.

------------------ 
Current Iteration: 1
Turn: 0
message: नमस्ते, क्या आप मेरे साथ कुछ सौदा करना चाहेंगे?
player answer: NONE
newly proposed trade: Player RED Gives Dollars: 30 | Player BLUE Gives Dollars: 10
my resources: Dollars: 100
reason: I will start by proposing a trade to try and benefit both of us.
move: 1 / 3

Current Iteration: 2
Turn: 1
message: भाईसाब, मेरे पास तो कोई डॉलर ही नहीं है। क्या आप मुझे थोड़े ज्यादा डॉलर देने का प्रस्ताव कर सकते हैं?
player answer: NONE
newly proposed trade: Player RED Gives Dollars: 50 | Player BLUE Gives Dollars: 0
my resources: Dollars: 0
reason: Player RED's proposal is unfair as I currently have no dollars to give. I need to negotiate a trade that benefits me more since I start with no resources.
move: 1/3

Current Iteration: 3
Turn: 0
message: हां, मैं आपके साथ एक और सौदा करना चाहूंगा।
player answer: NONE
newly proposed trade: Player RED Gives Dollars: 40 | Player BLUE Gives Dollars: 0
my resources: Dollars: 100
reason: Player BLUE has no Dollars to offer, so I will propose a new trade with a lower amount.
move: 2 / 3

Current Iteration: 4
Turn: 1
message: यह प्रस्ताव मुझे उचित लगता है। मैं इसे स्वीकार करता हूं।
player answer: ACCEPT
newly proposed trade: NONE
my resources: Dollars: 0
reason: The new proposal from Player RED is more favorable compared to the previous one. While it's not the 50 dollars I proposed, it's a fairer deal since I'm starting with no resources and Player RED is still keeping 60 dollars.
move: 2/3

------------------ 
Current Iteration: END
Turn: None
player_goals: [, ]
initial_resources: [Resources(resource_dict={'Dollars': 100}), Resources(resource_dict={'Dollars': 0})]
proposed_trade: Player RED Gives Dollars: 40 | Player BLUE Gives Dollars: 0
final_response: ACCEPT
final_resources: [Resources(resource_dict={'Dollars': 60}), Resources(resource_dict={'Dollars': 40})]
player_outcome: [Resources(resource_dict={'Dollars': 60}), Resources(resource_dict={'Dollars': 40})]