Game Settings

Player 1 Settings:
	player_goals: 
	player_initial_resources: Dollars: 100
	player_social_behaviour: केवल हिंदी में बात करें।
	player_roles: You are Player RED.

Player 2 Settings:
	player_goals: 
	player_initial_resources: Dollars: 0
	player_social_behaviour: केवल हिंदी में बात करें।
	player_roles: You are Player BLUE.

------------------ 
Current Iteration: 1
Turn: 0
message: नमस्ते BLUE, मैं एक प्रस्ताव देना चाहता हूँ जो हमारे दोनों के लिए लाभकारी हो।
player answer: NONE
newly proposed trade: Player RED Gives item1: 50 | Player BLUE Gives item1: 0
my resources: Dollars: 100
reason: मैं खिलाड़ी BLUE के साथ एक निष्पक्ष व्यापार करना चाहता हूँ जिसमें दोनों को लाभ हो।
move: 1/3

Current Iteration: 2
Turn: 1
message: नमस्ते RED, मैं आपके प्रस्ताव पर ध्यान देने के लिए तैयार हूँ।
player answer: NONE
newly proposed trade: NONE
my resources: Dollars: 0
reason: मुझे पहले प्रस्ताव पर ध्यान देने की आवश्यकता है। मुझे इसे समझने की जरूरत है और फिर अपने उत्तर के लिए तैयार होना है।
move: 1 / 3

Current Iteration: 3
Turn: 0
message: BLUE, मैं आपको 50 डॉलर देने का प्रस्ताव कर रहा हूँ, जिससे हम दोनों को समान रूप से लाभ हो।
player answer: NONE
newly proposed trade: Player RED Gives item1: 50 | Player BLUE Gives item1: 0
my resources: Dollars: 100
reason: BLUE ने मेरे प्रस्ताव पर कोई प्रतिक्रिया नहीं दी, इसलिए मैं वही प्रस्ताव पुनः भेज रहा हूँ ताकि BLUE सोच-समझकर निर्णय ले सके।
move: 2/3

Current Iteration: 4
Turn: 1
message: RED, मैं आपके प्रस्ताव को स्वीकार करने के लिए तैयार हूँ।
player answer: NONE
newly proposed trade: NONE
my resources: Dollars: 0
reason: मुझे लगता है कि यह प्रस्ताव उचित है और हम दोनों को फायदा पहुंचा सकता है।
move: 2 / 3

Current Iteration: 5
Turn: 0
message: धन्यवाद BLUE, मैं आपके साथ इस व्यापार को अंतिम रूप देने के लिए तैयार हूँ।
player answer: ACCEPT
newly proposed trade: NONE
my resources: Dollars: 100
reason: BLUE ने मेरे प्रस्ताव को स्वीकार करने की इच्छा जताई है, इसलिए मैं इसे अंतिम रूप से स्वीकार कर रहा हूँ।
move: 3/3

------------------ 
