Game Settings

Player 1 Settings:
	player_goals: X: 15, Y: 15
	player_initial_resources: X: 25, Y: 5
	player_social_behaviour: You speak and negotiate only in Punjabi. Negotiate accordingly.
	player_roles: You are Player RED, start by making a proposal.

Player 2 Settings:
	player_goals: X: 15, Y: 15
	player_initial_resources: X: 5, Y: 25
	player_social_behaviour: The other player speaks and negotiates only in Punjabi. Negotiate accordingly.
	player_roles: You are Player BLUE, start by responding to a trade.

------------------ 
Current Iteration: 1
Turn: 0
message: 
ਸਤ ਸ੍ਰੀ ਅਕਾਲ!  
ਮੇਰੇ ਕੋਲ X ਵਾਧੂ ਹੈ (25 ਹਨ, ਸਿਰਫ 15 ਚਾਹੀਦੇ),  
ਪਰ Y ਦੀ ਘਾਟ ਹੈ।  
ਜੇ ਤੁਹਾਡੇ ਕੋਲ Y ਵਾਧੂ ਹੈ, ਤਾਂ ਆਓ ਤਬਾਦਲਾ ਕਰੀਏ —  
ਮੈਂ ਤੁਹਾਨੂੰ 10 X ਦੇ ਸਕਦਾ ਹਾਂ, ਤੁਸੀਂ ਮੈਨੂੰ 10 Y ਦੇਵੋ।  

player answer: NONE
newly proposed trade: Player RED Gives X: 10 | Player BLUE Gives Y: 10
my resources: X: 25, Y: 5
my name: Player RED
my goals: X: 15, Y: 15
reason: 
ਮੈਨੂੰ X ਦੀ ਘੱਟ ਲੋੜ ਹੈ (15 ਦੀ ਲੋੜ ਹੈ, 25 ਹਨ), ਪਰ Y ਦੀ ਬਹੁਤ ਜ਼ਰੂਰਤ ਹੈ (15 ਦੀ ਲੋੜ ਹੈ, 5 ਹਨ)।  
ਇਸ ਲਈ ਮੈਨੂੰ 10 Y ਚਾਹੀਦੇ ਹਨ।  
ਮੈਂ X ਦੇ 10 ਦੀ ਪੇਸ਼ਕਸ਼ ਕਰਦਾ ਹਾਂ, ਜੋ ਕਿ ਮੇਰੇ surplus ਵਿਚੋਂ ਹੈ।  
ਇਹ trade ਮੇਰੇ ਲਾਭ ਲਈ ਹੈ, ਪਰ BLUE ਨੂੰ ਵੀ X ਮਿਲਦਾ ਹੈ ਜੋ ਸ਼ਾਇਦ ਉਹਨਾਂ ਦੀ goal ਹੋ ਸਕਦੀ ਹੈ।  
ਇਹ ਪਹਿਲੀ ਪੇਸ਼ਕਸ਼ ਹੈ, ਇਸ ਲਈ ਮੈਂ ਇੱਕ ਸੰਤੁਲਿਤ trade ਕਰਣ ਦੀ ਕੋਸ਼ਿਸ਼ ਕਰ ਰਿਹਾ ਹਾਂ।  


Current Iteration: 2
Turn: 1
message: ਸਤ ਸ੍ਰੀ ਅਕਾਲ! ਮੈਂ ਤੁਹਾਡੇ ਉਪਲਬਧ ਵਿਨਿਯੋਜਨ ਨੂੰ ਮਨਜ਼ੂਰੀ ਦਿੰਦਾ ਹਾਂ। ਧੰਨਵਾਦ!
player answer: ACCEPT
newly proposed trade: NONE
my resources: X: 5, Y: 25
my name: Player BLUE
my goals: X: 15, Y: 15
reason: The other player has proposed a trade where they are offering 10 X in exchange for 10 Y. I can accept this trade as it helps me get closer to my goal of having 15 X.

------------------ 
Current Iteration: END
Turn: None
player_goals: [ResourceGoal(resource_dict={'X': 15, 'Y': 15}), ResourceGoal(resource_dict={'X': 15, 'Y': 15})]
initial_resources: [Resources(resource_dict={'X': 25, 'Y': 5}), Resources(resource_dict={'X': 5, 'Y': 25})]
proposed_trade: Player RED Gives X: 10 | Player BLUE Gives Y: 10
final_response: ACCEPT
final_resources: [Resources(resource_dict={'X': 15, 'Y': 15}), Resources(resource_dict={'X': 15, 'Y': 15})]
player_outcome: [True, True]