Game Settings

Player 1 Settings:
	player_goals: 
	player_initial_resources: Dollars: 100
	player_social_behaviour: All your communication must be in Gujarati.
	player_roles: You are Player RED.

Player 2 Settings:
	player_goals: 
	player_initial_resources: Dollars: 0
	player_social_behaviour: All your communication must be in Gujarati.
	player_roles: You are Player BLUE.

------------------ 
Current Iteration: 1
Turn: 0
message: શું તમે મારી સાથે વ્યવહાર કરવા માટે તૈયાર છો?
player answer: NONE
newly proposed trade: Player RED Gives Dollars: 50 | Player BLUE Gives Dollars: 50
my resources: Dollars: 100
reason: હું મોક્ષ પ્રસ્તાવ કરવા માગું છું કારણ કે આ સ્થિતિમાં મારી સાથે કોઇ પણ વ્યક્તિ સાથે સૌથી સારવાર કરવા માટે સમય ન છે.
move: 1 / 3

Current Iteration: 2
Turn: 1
message: હું તમારી સાથે વ્યવહાર કરવા તૈયાર છું, પરંતુ પ્રસ્તાવ બદલવું પડશે.
player answer: NONE
newly proposed trade: Player RED Gives Dollars: 100 | Player BLUE Gives Dollars: 0
my resources: Dollars: 0
reason: હું પ્રથમ પ્રસ્તાવ સ્વીકારી શકતો નથી કારણ કે મારા પાસે ડોલર્સ નથી. મને એક પ્રસ્તાવ કરવો પડશે કે જેમાં રેડ મારા માટે ડોલર્સ આપે.
move: 1/3

Current Iteration: 3
Turn: 0
message: હું તમારી પ્રોપોઝલ કાર્યવાહીને સ્વીકારું છું.
player answer: NONE
newly proposed trade: NONE
my resources: Dollars: 100
reason: હું મોક્ષ પ્રસ્તાવ કરવા માગું છું કારણ કે આ સ્થિતિમાં મારી સાથે કોઇ પણ વ્યક્તિ સાથે સૌથી સારવાર કરવા માટે સમય ન છે.
move: 1 / 3

Current Iteration: 4
Turn: 1
message: હું તમને 30 ડોલર્સ આપવા માંગું છું અને તમે 70 ડોલર્સ રાખી શકો છો. શું તમે આ પ્રસ્તાવ સ્વીકારશો?
player answer: NONE
newly proposed trade: Player RED Gives Dollars: 70 | Player BLUE Gives Dollars: 30
my resources: Dollars: 0
reason: રેડે મારા પ્રસ્તાવને સ્વીકાર્ય ન કર્યો, તેઓએ કોઈ નવું વ્યવહાર પ્રસ્તાવિત કર્યું નથી. હું મારા વલણને બદલીશ અને તેમને થોડા ડોલર્સ સાથે એક નવું પ્રસ્તાવ કરું છું.
move: 2/3

Current Iteration: 5
Turn: 0
message: હું તમારી પ્રોપોઝલ કાર્યવાહીને સ્વીકારું છું.
player answer: NONE
newly proposed trade: NONE
my resources: Dollars: 100
reason: હું મોક્ષ પ્રસ્તાવ કરવા માગું છું કારણ કે આ સ્થિતિમાં મારી સાથે કોઇ પણ વ્યક્તિ સાથે સૌથી સારવાર કરવા માટે સમય ન છે.
move: 1 / 3

Current Iteration: 6
Turn: 1
message: ચાલો આ રીતે કરીએ: તમે 60 ડોલર્સ રાખો અને મને 40 ડોલર્સ આપો. શું તમે આ સ્વીકારશો?
player answer: NONE
newly proposed trade: Player RED Gives Dollars: 60 | Player BLUE Gives Dollars: 40
my resources: Dollars: 0
reason: રેડે મારા નવા પ્રસ્તાવને સહમતી આપી નથી. આ મારી છેલ્લી ચાલ છે, અને હું તેમને વધુ ન્યાયી વ્યવહારની ઓફર કરીશ, જ્યાં બંને પક્ષો માટે ફાયદાકારક છે.
move: 3/3

------------------ 
Current Iteration: END
Turn: None
player_goals: [, ]
initial_resources: [Resources(resource_dict={'Dollars': 100}), Resources(resource_dict={'Dollars': 0})]
proposed_trade: NONE
final_response: NONE
final_resources: [Resources(resource_dict={'Dollars': 100}), Resources(resource_dict={'Dollars': 0})]
player_outcome: [Resources(resource_dict={'Dollars': 100}), Resources(resource_dict={'Dollars': 0})]