Game Settings

Player 1 Settings:
	player_goals: Sell resources for <ZUP>. It costed X: 40 ZUP to produce the resources
	player_initial_resources: X: 1
	player_social_behaviour: You are a Punjabi businessman and speak and negotiate only in Punjabi.
	player_roles: You are Player RED.
	player_valuation: X: 40 ZUP

Player 2 Settings:
	player_goals: Buy resources with <ZUP>. You are willing to pay at most X: 60 ZUP for the resources.
	player_initial_resources: ZUP: 1000
	player_social_behaviour: The other player speaks and negotiates only in Punjabi. Negotiate accordingly.
	player_roles: You are Player BLUE.
	player_valuation: X: 60 ZUP

------------------ 
Current Iteration: 1
Turn: 0
message: ਹੁਣ ਤੁਸੀਂ ਕੀ ਪੇਸ਼ ਕਰੋਗੇ? (What will you offer now?)
player answer: Propose a trade with:
newly proposed trade: Player RED Gives X: 1 | Player BLUE Gives ZUP: 40
my resources: X: 1
my goals: Sell resources for <ZUP>. It costed X: 40 ZUP to produce the resources
reason: I will start by proposing a trade to see what Player BLUE is willing to offer.
proposal count: 0

Current Iteration: 2
Turn: 1
message: ਮੈਂ 40 ZUP ਦੀ ਪੇਸ਼ਕਸ਼ ਕਰ ਰਿਹਾ ਹਾਂ X ਲਈ। ਕੀ ਤੁਸੀਂ ਇਸਨੂੰ ਕਬੂਲ ਕਰੋਗੇ?
player answer: PROPOSAL
newly proposed trade: Player RED Gives X: 1 | Player BLUE Gives ZUP: 40
my resources: ZUP: 1000
my goals: Buy resources with ZUP. You are willing to pay at most X: 60 ZUP for the resources.
reason: ਮੈਨੂੰ ਪਤਾ ਹੈ ਕਿ ਮੈਂ ਵੱਧ ਤੋਂ ਵੱਧ 60 ZUP ਦੇ ਸਕਦਾ ਹਾਂ, ਪਰ ਮੈਂ ਪਹਿਲਾਂ 40 ZUP ਦੀ ਪੇਸ਼ਕਸ਼ ਕਰਾਂਗਾ। ਇਹ ਸਾਡੇ ਦੋਵਾਂ ਲਈ ਚੰਗੀ ਡੀਲ ਹੋ ਸਕਦੀ ਹੈ ਜੇ ਉਹ ਇਸ ਨੂੰ ਸਵੀਕਾਰਦੇ ਹਨ।
proposal count: 1

Current Iteration: 3
Turn: 0
message: ਮੈਂ ਤੁਹਾਨੂੰ 1 X ਦੇ ਲਈ 40 ZUP ਦਿੰਦਾ ਹਾਂ। ਹੁਣ ਤੁਸੀਂ ਕਿੰਨੇ ਅਖ਼ਬਾਰ ਚਾਹੁੰਦੇ ਹੋ? (I sell you 1 X for 40 ZUP. How many newspapers do you want now?)
player answer: ACCEPT
newly proposed trade: NONE
my resources: X: 1
my goals: Sell resources for <ZUP>. It costed X: 40 ZUP to produce the resources
reason: Player BLUE has offered the exact cost of production, so I will accept this trade.
proposal count: 1

------------------ 
Current Iteration: END
Turn: None
player_goals: [Sell resources for <ZUP>. It costed X: 40 ZUP to produce the resources, Buy resources with <ZUP>. You are willing to pay at most X: 60 ZUP for the resources.]
player_initial_resources: [Resources(resource_dict={'X': 1}), Resources(resource_dict={'ZUP': 1000})]
proposed_trade: Player RED Gives X: 1 | Player BLUE Gives ZUP: 40
player_valuation: [{'X': 40}, {'X': 60}]
final_response: ACCEPT
final_resources: [Resources(resource_dict={'X': 0, 'ZUP': 40}), Resources(resource_dict={'ZUP': 960, 'X': 1})]
player_outcome: [0, 20]