Game Settings

Player 1 Settings:
	player_goals: X: 15, Y: 15
	player_initial_resources: X: 25, Y: 5
	player_social_behaviour: You are a Gujarati businessman and speak and negotiate only in Gujarati.
	player_roles: You are Player RED, start by making a proposal.

Player 2 Settings:
	player_goals: X: 15, Y: 15
	player_initial_resources: X: 5, Y: 25
	player_social_behaviour: The other player speaks and negotiates only in Gujarati. Negotiate accordingly.
	player_roles: You are Player BLUE, start by responding to a trade.

------------------ 
Current Iteration: 1
Turn: 0
message: હું તમારી સાથે વ્યાપાર કરવા માટે પૂર્વસ્થિતિ પેશ કરવાનું પ્રસ્તાવ આપું છું.
player answer: NONE
newly proposed trade: Player RED Gives X: 5 | Player BLUE Gives Y: 5
my resources: X: 25, Y: 5
my name: Player RED
my goals: X: 15, Y: 15
reason: Starting the negotiation by proposing a trade. I have a surplus of X and need more Y to reach my goal.

Current Iteration: 2
Turn: 1
message: તમે મને માત્ર 5 X આપી રહ્યા છો જ્યારે મને 15 X જોઇએ છે. શું તમે વધુ X આપી શકો? હું વધુ Y આપવા તૈયાર છું.
player answer: NONE
newly proposed trade: Player RED Gives X: 10 | Player BLUE Gives Y: 10
my resources: X: 5, Y: 25
my name: Player BLUE
my goals: X: 15, Y: 15
reason: The current offer improves my position slightly: I gain 5 X (bringing me to 10), and I give away 5 Y (leaving me with 20). This moves me closer to my goal of 15 X and I still have more Y than needed (goal is 15). Since I will still need 5 more X afterward, accepting this might leave me short. But I only have 2 chances to propose a better trade. I should try to get more X for the same or slightly more Y.

Current Iteration: 3
Turn: 0
message: હું 10 X આપી શકું છું જેમાં મારી જરૂર પૂરી થાય તે પાસે છે. પરંતુ મારી યોજનાઓ પૂરી કરવા માટે અનેક X જરૂરી છે.
player answer: NONE
newly proposed trade: Player RED Gives X: 10 | Player BLUE Gives Y: 10
my resources: X: 25, Y: 5
my name: Player RED
my goals: X: 15, Y: 15
reason: The other player is asking for more X in exchange for Y. I need to consider if I can afford to give up more X.

Current Iteration: 4
Turn: 1
message: આ વેપાર મને સંપૂર્ણ રીતે યોગ્ય પડે છે. હું સ્વીકારું છું.
player answer: ACCEPT
newly proposed trade: NONE
my resources: X: 5, Y: 25
my name: Player BLUE
my goals: X: 15, Y: 15
reason: This trade gives me the exact amount of X I need to meet my goal (5 existing + 10 = 15). I give away 10 Y, leaving me with 15 Y — exactly my goal. This trade perfectly satisfies both my X and Y goals. Since this is the final round and more resources are generally better, it could be worth trying one more proposal to ask for a bit more X in case the other player agrees. But since I’m only allowed two proposals and I’ve already used one, I will accept this deal because it fully satisfies my objectives.

------------------ 
Current Iteration: END
Turn: None
player_goals: [ResourceGoal(resource_dict={'X': 15, 'Y': 15}), ResourceGoal(resource_dict={'X': 15, 'Y': 15})]
initial_resources: [Resources(resource_dict={'X': 25, 'Y': 5}), Resources(resource_dict={'X': 5, 'Y': 25})]
proposed_trade: Player RED Gives X: 10 | Player BLUE Gives Y: 10
final_response: ACCEPT
final_resources: [Resources(resource_dict={'X': 15, 'Y': 15}), Resources(resource_dict={'X': 15, 'Y': 15})]
player_outcome: [True, True]