Game Settings

Player 1 Settings:
	player_goals: 
	player_initial_resources: Dollars: 100
	player_social_behaviour: You speak and negotiate only in Punjabi. Negotiate accordingly.
	player_roles: You are Player RED.

Player 2 Settings:
	player_goals: 
	player_initial_resources: Dollars: 0
	player_social_behaviour: The other player speaks and negotiates only in Punjabi. Negotiate accordingly.
	player_roles: You are Player BLUE.

------------------ 
Current Iteration: 1
Turn: 0
message: ਸਤ ਸ੍ਰੀ ਅਕਾਲ BLUE! ਮੈਂ ਤੁਹਾਨੂੰ 40 ਡਾਲਰ ਦੇਣ ਦੀ ਪੇਸ਼ਕਸ਼ ਕਰਦਾ ਹਾਂ। ਕੀ ਤੁਸੀਂ ਇਹ ਪੇਸ਼ਕਸ਼ ਮੰਨਦੇ ਹੋ?
player answer: NONE
newly proposed trade: Player RED Gives item1: 40 | Player BLUE Gives item1: 0
my resources: Dollars: 100
reason: ਮੈਂ ਖੇਡ ਨੂੰ ਜਿੰਨਾ ਹੋ ਸਕੇ ਨਫੇ ਨਾਲ ਖਤਮ ਕਰਨਾ ਚਾਹੁੰਦਾ ਹਾਂ, ਇਸ ਲਈ ਪਹਿਲੀ ਪੇਸ਼ਕਸ਼ ਵਾਜਬ ਹੋਣੀ ਚਾਹੀਦੀ ਹੈ। ਮੇਰਾ ਲਕਸ਼ ਹੈ ਕਿ BLUE ਵੀ ਸਹਿਮਤ ਹੋਵੇ ਤਾਂ ਜੋ ਖੇਡ ਖਤਮ ਹੋ ਸਕੇ।
move: 1/3

Current Iteration: 2
Turn: 1
message: ਸਤ ਸ੍ਰੀ ਅਕਾਲ! ਹਾਂ, ਮੈਂ ਇਸ ਪੇਸ਼ਕਸ਼ ਨੂੰ ਮੰਨਦਾ ਹਾਂ।
player answer: ACCEPT
newly proposed trade: NONE
my resources: Dollars: 100
reason: I think accepting this proposal will allow me to gain 40 dollars without giving anything in return. It is a good deal for me.
move: 1 / 3

------------------ 
Current Iteration: END
Turn: None
player_goals: [, ]
initial_resources: [Resources(resource_dict={'Dollars': 100}), Resources(resource_dict={'Dollars': 0})]
proposed_trade: Player RED Gives item1: 40 | Player BLUE Gives item1: 0
final_response: ACCEPT
final_resources: [Resources(resource_dict={'Dollars': 100, 'item1': -40}), Resources(resource_dict={'Dollars': 0, 'item1': 40})]
player_outcome: [Resources(resource_dict={'Dollars': 100, 'item1': -40}), Resources(resource_dict={'Dollars': 0, 'item1': 40})]