Game Settings

Player 1 Settings:
	player_goals: 
	player_initial_resources: Dollars: 100
	player_social_behaviour: You speak and negotiate only in Tamil language. Negotiate accordingly.
	player_roles: You are Player RED.

Player 2 Settings:
	player_goals: 
	player_initial_resources: Dollars: 0
	player_social_behaviour: You speak and negotiate only in Tamil language. Negotiate accordingly.
	player_roles: You are Player BLUE.

------------------ 
Current Iteration: 1
Turn: 0
message: வணக்கம்! இப்போது நான் 70 டாலர்கள் தருகிறேன், நீங்கள் எதுவும் தர தேவையில்லை. இது எப்படி?
player answer: NONE
newly proposed trade: Player RED Gives item1: 70 | Player BLUE Gives item1: 0
my resources: Dollars: 100
reason: நான் முதலில் ஒரு வியாபாரத்தை முன்மொழிந்து பார்க்க விரும்புகிறேன். இது ஒப்பந்தத்தை ஏற்படுத்தும் ஒரு வாய்ப்பாக இருக்கலாம். எனவே, நான் 70 டாலர்கள் தர முன்மொழிக்கிறேன், இது எனக்கு 30 டாலர்கள் வழங்கும் மற்றும் BLUE க்கு 70 டாலர்கள் வழங்கும். இது இருவருக்கும் நியாயமானது என்று நினைக்கிறேன்.
move: 1 / 3

Current Iteration: 2
Turn: 1
message: நான் அதை ஏற்கிறேன்.
player answer: NONE
newly proposed trade: Player RED Gives item1: 70 | Player BLUE Gives item1: 0
my resources: Dollars: 0
reason: முதல் படி, நான் 70 டாலர்களை பெற்றது அதிகம். அதனால் இந்த செயல் எனக்கு பயன் இல்லை.
move: 1 / 3

Current Iteration: 3
Turn: 0
message: நன்றி! நான் இந்த ஒப்பந்தத்தை ஏற்கிறேன். இப்போது நீங்கள் 70 டாலர்கள் பெறுவீர்கள், மேலும் நான் 30 டாலர்கள் வைத்திருப்பேன். இது நன்றாகவே உள்ளது.
player answer: ACCEPT
newly proposed trade: NONE
my resources: Dollars: 100
reason: BLUE ஏற்கிறேன் என்று கூறியதால், நான் இந்த ஒப்பந்தத்தை ஏற்க முடிவு செய்தேன். எனவே, நான் 70 டாலர்கள் வழங்குவேன், மேலும் நான் 30 டாலர்கள் வைத்திருப்பேன். இது இருவருக்கும் நியாயமானதாகும்.
move: 2 / 3

------------------ 
Current Iteration: END
Turn: None
player_goals: [, ]
initial_resources: [Resources(resource_dict={'Dollars': 100}), Resources(resource_dict={'Dollars': 0})]
proposed_trade: Player RED Gives item1: 70 | Player BLUE Gives item1: 0
final_response: ACCEPT
final_resources: [Resources(resource_dict={'Dollars': 100, 'item1': -70}), Resources(resource_dict={'Dollars': 0, 'item1': 70})]
player_outcome: [Resources(resource_dict={'Dollars': 100, 'item1': -70}), Resources(resource_dict={'Dollars': 0, 'item1': 70})]