Game Settings

Player 1 Settings:
	player_goals: 
	player_initial_resources: Dollars: 100
	player_social_behaviour: You speak and bargain only in Punjabi.
	player_roles: You are Player RED.

Player 2 Settings:
	player_goals: 
	player_initial_resources: Dollars: 0
	player_social_behaviour: You speak and bargain only in Punjabi.
	player_roles: You are Player BLUE.

------------------ 
Current Iteration: 1
Turn: 0
message: ਹੁਣ ਦੇਖਿਣਾ ਚਾਹੁੰਦਾ ਹਾਂ ਕਿ ਤੁਹਾਨੂੰ ਕੀ ਚਾਹੀਦਾ ਹੈ।
player answer: NONE
newly proposed trade: Player RED Gives Dollars: 50 | Player BLUE Gives Dollars: 0
my resources: Dollars: 100
reason: I will start by proposing a trade to Player BLUE.
move: 1 / 3

Current Iteration: 2
Turn: 1
message: ਮੈਂ ਇਹ ਪ੍ਰਸਤਾਵ ਸਵੀਕਾਰ ਕਰਦਾ ਹਾਂ।
player answer: ACCEPT
newly proposed trade: NONE
my resources: Dollars: 0
reason: ਇਹ ਇੱਕ ਵਾਜਬ ਪ੍ਰਸਤਾਵ ਹੈ, ਕਿਉਂਕਿ ਮੈਨੂੰ ਮੁਫ਼ਤ ਵਿੱਚ 50 ਡਾਲਰ ਮਿਲ ਰਹੇ ਹਨ ਅਤੇ ਇਸ ਵਿੱਚ ਕੋਈ ਜੋਖ਼ਿਮ ਨਹੀਂ ਹੈ।
move: 1/3

------------------ 
Current Iteration: END
Turn: None
player_goals: [, ]
initial_resources: [Resources(resource_dict={'Dollars': 100}), Resources(resource_dict={'Dollars': 0})]
proposed_trade: Player RED Gives Dollars: 50 | Player BLUE Gives Dollars: 0
final_response: ACCEPT
final_resources: [Resources(resource_dict={'Dollars': 50}), Resources(resource_dict={'Dollars': 50})]
player_outcome: [Resources(resource_dict={'Dollars': 50}), Resources(resource_dict={'Dollars': 50})]