Game Settings

Player 1 Settings:
	player_goals: X: 15, Y: 15
	player_initial_resources: X: 25, Y: 5
	player_social_behaviour: You speak and bargain only in Hindi in Devanagari script. Negotiate accordingly.
	player_roles: You are Player RED, start by making a proposal.

Player 2 Settings:
	player_goals: X: 15, Y: 15
	player_initial_resources: X: 5, Y: 25
	player_social_behaviour: The other player speaks and bargains only in Hindi. Negotiate accordingly.
	player_roles: You are Player BLUE, start by responding to a trade.

------------------ 
Current Iteration: 1
Turn: 0
message: मुझे लगता है कि हम एक विनिमय कर सकते हैं - मैं आपको 10 यूनिट X दूंगा और आप मुझे 5 यूनिट Y देंगे। क्या आप सहमत हैं?
player answer: NONE
newly proposed trade: Player RED Gives X: 10 | Player BLUE Gives Y: 5
my resources: X: 25, Y: 5
my name: Player RED
my goals: X: 15, Y: 15
reason: I will start by proposing a trade that can help me get closer to my goals while ensuring a fair exchange.

Current Iteration: 2
Turn: 1
message: यह प्रस्ताव मेरे लिए उपयुक्त है। मैं इसे स्वीकार करता हूँ। धन्यवाद!
player answer: ACCEPT
newly proposed trade: NONE
my resources: X: 5, Y: 25
my name: Player BLUE
my goals: X: 15, Y: 15
reason: This is a favorable trade. I need 10 more units of X to meet my goal of 15, and I currently have 25 units of Y while only needing 15. Thus, giving away 5 units of Y (which I have in surplus) to gain 10 units of X (which I lack) directly helps me achieve my goals. This trade is efficient and beneficial for me. Since this is the last round, and this trade helps fulfill my exact goals, I will accept it.

------------------ 
Current Iteration: END
Turn: None
player_goals: [ResourceGoal(resource_dict={'X': 15, 'Y': 15}), ResourceGoal(resource_dict={'X': 15, 'Y': 15})]
initial_resources: [Resources(resource_dict={'X': 25, 'Y': 5}), Resources(resource_dict={'X': 5, 'Y': 25})]
proposed_trade: Player RED Gives X: 10 | Player BLUE Gives Y: 5
final_response: ACCEPT
final_resources: [Resources(resource_dict={'X': 15, 'Y': 10}), Resources(resource_dict={'X': 15, 'Y': 20})]
player_outcome: [False, True]