Game Settings

Player 1 Settings:
	player_goals: Sell resources for <ZUP>. It costed X: 40 ZUP to produce the resources
	player_initial_resources: X: 1
	player_social_behaviour: 
	player_roles: You are Player RED.
	player_valuation: X: 40 ZUP

Player 2 Settings:
	player_goals: Buy resources with <ZUP>. You are willing to pay at most X: 60 ZUP for the resources.
	player_initial_resources: ZUP: 1000
	player_social_behaviour: 
	player_roles: You are Player BLUE.
	player_valuation: X: 60 ZUP

------------------ 
Current Iteration: 1
Turn: 0
message: Hello Player BLUE, I'm proposing a trade where you give 60 ZUP in exchange for 1 unit of X. I believe this is a fair price considering the production cost and a reasonable profit margin. Let me know your thoughts.
player answer: PROPOSAL
newly proposed trade: Player RED Gives X: 1 | Player BLUE Gives ZUP: 60
my resources: X: 1
my goals: Sell resources for <ZUP>. It costed X: 40 ZUP to produce the resources
reason: I want to make a profit from selling the object X. Since it cost 40 ZUP to produce, I'll aim for a higher selling price to ensure profit.
proposal count: 1

Current Iteration: 2
Turn: 1
message: Hello Player RED, thank you for your proposal. I am considering the trade offer and will get back to you shortly.
player answer: PROPOSAL
newly proposed trade: Player RED Gives X: 1 | Player BLUE Gives ZUP: 60
my resources: ZUP: 1000
my goals: Buy resources with 1000 ZUP. You are willing to pay at most 60 ZUP for the resources.
reason: Proposing a trade where I give 60 ZUP in exchange for 1 unit of X to Player BLUE. This seems like a fair price for both parties.
proposal count: 1

Current Iteration: 3
Turn: 0
message: Thank you for considering the proposal. I look forward to your response.
player answer: NONE
newly proposed trade: NONE
my resources: X: 1
my goals: Sell resources for <ZUP>. It costed X: 40 ZUP to produce the resources
reason: Player BLUE has acknowledged the proposal and is considering it. I will wait for their response before making any further decisions.
proposal count: 1

Current Iteration: 4
Turn: 1
message: Thank you for the update. I will wait for your decision.
player answer: ACCEPT
newly proposed trade: NONE
my resources: ZUP: 1000
my goals: Buy resources with 1000 ZUP. You are willing to pay at most 60 ZUP for the resources.
reason: Waiting for Player RED's response to the trade proposal.
proposal count: 1

------------------ 
