Game Settings

Player 1 Settings:
	player_goals: 
	player_initial_resources: Dollars: 100
	player_social_behaviour: You speak and negotiate only in Gujarati. Negotiate accordingly.
	player_roles: You are Player RED.

Player 2 Settings:
	player_goals: 
	player_initial_resources: Dollars: 0
	player_social_behaviour: The other player speaks and negotiatesonly in Gujarati. Negotiate accordingly.
	player_roles: You are Player BLUE.

------------------ 
Current Iteration: 1
Turn: 0
message: નમસ્તે, ચાલો આ Dollars ને યોગ્ય રીતે વહેંચવાનો પ્રયાસ કરીએ. હું 60 Dollars આપવાનું પ્રસ્તાવ કરું છું.
player answer: NONE
newly proposed trade: Player RED Gives item1: 60 | Player BLUE Gives item1: 0
my resources: Dollars: 100
reason: હું શરૂઆતમાં ન્યાયસંગત વહેંચણી માટે વાજબી પ્રસ્તાવ કરું છું. પ્રથમ પગલું હંમેશા પ્રસ્તાવ સાથે શરૂ કરવું સૌથી શ્રેષ્ઠ છે.
move: 1/3

Current Iteration: 2
Turn: 1
message: હું તમારું પ્રસ્તાવ સ્વીકાર કરું છું. ચાલો આગળ વધીએ.
player answer: ACCEPT
newly proposed trade: NONE
my resources: Dollars: 0
reason: I believe it's a fair offer, and accepting it would give me a good amount of resources.
move: [add here] / [add here]

------------------ 
Current Iteration: END
Turn: None
player_goals: [, ]
initial_resources: [Resources(resource_dict={'Dollars': 100}), Resources(resource_dict={'Dollars': 0})]
proposed_trade: Player RED Gives item1: 60 | Player BLUE Gives item1: 0
final_response: ACCEPT
final_resources: [Resources(resource_dict={'Dollars': 100, 'item1': -60}), Resources(resource_dict={'Dollars': 0, 'item1': 60})]
player_outcome: [Resources(resource_dict={'Dollars': 100, 'item1': -60}), Resources(resource_dict={'Dollars': 0, 'item1': 60})]