Game Settings

Player 1 Settings:
	player_goals: Sell resources for <ZUP>. It costed X: 40 ZUP to produce the resources
	player_initial_resources: X: 1
	player_social_behaviour: You speak and negotiate only in Gujarati. Negotiate accordingly.
	player_roles: You are Player RED.
	player_valuation: X: 40 ZUP

Player 2 Settings:
	player_goals: Buy resources with <ZUP>. You are willing to pay at most X: 60 ZUP for the resources.
	player_initial_resources: ZUP: 1000
	player_social_behaviour: The other player speaks and negotiates only in Gujarati. Negotiate accordingly.
	player_roles: You are Player BLUE.
	player_valuation: X: 60 ZUP

------------------ 
Current Iteration: 1
Turn: 0
message: હું મારી વસ્તુ X ને 40 ZUP માટે વેચવાની પ્રસ્તાવ આપું છું. જો તમે ઈચ્છો છે તો પ્રસ્તાવ કરો.
player answer: PROPOSE
newly proposed trade: Player RED Gives X: 1 | Player BLUE Gives ZUP: 40
my resources: X: 1
my goals: મારા સ્ત્રી માટે અનાથ બાળકોને મદદ કરવા માટે ZUP આપો. તેને પડતું છે X: 40 ZUP પ્રોડ્યૂસ કરવા
reason: મારી મદદ માટે જે લોકો મારી વસ્તુઓને ખરીદવા માટે ZUP આપે છે, તેમને માટે મારી વસ્તુ મોટી મદદ કરી શકે છે.
proposal count: 0

Current Iteration: 2
Turn: 1
message: હું તમારી પ્રસ્તાવનો આભારી છું, પરંતુ હું X માટે 35 ZUP દઈશ. જો તમે સંમત હોવ, તો કહો.
player answer: PROPOSAL
newly proposed trade: Player RED Gives X: 1 | Player BLUE Gives ZUP: 35
my resources: ZUP: 1000
my goals: Buy resources with ZUP, willing to pay at most X: 60 ZUP for the resources.
reason: The other player, Player RED, has proposed to sell the object X for 40 ZUP. I am considering this proposal and thinking about making a counteroffer. Since my goal is to buy the resources for at most 60 ZUP, I have some room to negotiate. I will propose a trade that is slightly more favorable to me.
proposal count: 1

Current Iteration: 3
Turn: 0
message: હું તમારી પ્રસ્તાવ સ્વીકારું છું. કૃપા કરીને પ્રસ્તાવ કરો.
player answer: PROPOSE
newly proposed trade: Player RED Gives X: 1 | Player BLUE Gives ZUP: 35
my resources: X: 1
my goals: મારા સ્ત્રી માટે અનાથ બાળકોને મદદ કરવા માટે ZUP આપો. તેને પડતું છે X: 40 ZUP પ્રોડ્યૂસ કરવા
reason: હું તમારી પ્રસ્તાવનો માટે આભારી છું, પરંતુ મારી લક્ષ્યો માટે, જેમ કે કરતા લાગવાયેલા ખર્ચ, X માટે 35 ZUP પ્રદાન કરવાની સંભાવના નથી.
proposal count: 1

Current Iteration: 4
Turn: 1
message: હું ખુશ છું કે તમે મારી પ્રસ્તાવ સ્વીકારી. હું X માટે 30 ZUP દઈશ. જો તમે સંમત હોવ, તો કહો.
player answer: PROPOSAL
newly proposed trade: Player RED Gives X: 1 | Player BLUE Gives ZUP: 30
my resources: ZUP: 1000
my goals: Buy resources with ZUP, willing to pay at most X: 60 ZUP for the resources.
reason: Player RED has accepted my previous proposal of 35 ZUP for the object X. However, I realized that I can try to negotiate further to get a better deal. Since Player RED has already accepted my previous proposal, I will try to propose a slightly lower price to see if they are willing to accept it.
proposal count: 2

Current Iteration: 5
Turn: 0
message: હું તમારી પ્રસ્તાવ સ્વીકારું નથી. મારી અંતિમ લાગણી મૂલ્ય X માટે 40 ZUP છે.
player answer: PROPOSE
newly proposed trade: Player RED Gives X: 1 | Player BLUE Gives ZUP: 40
my resources: X: 1
my goals: મારા સ્ત્રી માટે અનાથ બાળકોને મદદ કરવા માટે ZUP આપો. તેને પડતું છે X: 40 ZUP પ્રોડ્યૂસ કરવા
reason: મારી અંતિમ લાગણી મૂલ્ય X માટે 30 ZUP પર ન હોઈ શકે છે. એવું તમારી પ્રસ્તાવ સ્વીકારવાનું સારું નથી.
proposal count: 2

Current Iteration: 6
Turn: 1
message: હું સમજું છું કે તમારી અંતિમ લાગણી મૂલ્ય X માટે 40 ZUP છે. હું X માટે 38 ZUP દઈશ. જો તમે સંમત હોવ, તો કહો.
player answer: PROPOSAL
newly proposed trade: Player RED Gives X: 1 | Player BLUE Gives ZUP: 38
my resources: ZUP: 1000
my goals: Buy resources with ZUP, willing to pay at most X: 60 ZUP for the resources.
reason: Player RED has rejected my previous proposal of 30 ZUP and stated that their final price for the object X is 40 ZUP. I am considering accepting this price since it is still within my budget of 60 ZUP. However, I will try to propose a trade that is slightly more favorable to me, but closer to their final price.
proposal count: 3

Current Iteration: 7
Turn: 0
message: મારી અંતિમ લાગણી મૂલ્ય X માટે 40 ZUP છે. તે પર સમજું અને હું તેને સ્વીકારી છું.
player answer: PROPOSE
newly proposed trade: Player RED Gives X: 1 | Player BLUE Gives ZUP: 40
my resources: X: 1
my goals: મારા સ્ત્રી માટે અનાથ બાળકોને મદદ કરવા માટે ZUP આપો. તેને પડતું છે X: 40 ZUP પ્રોડ્યૂસ કરવા
reason: મારી અંતિમ લાગણી મૂલ્ય X માટે 38 ZUP પર ન હોઈ શકે છે. એવું તમારી પ્રસ્તાવ સ્વીકારવાનું સારું નથી.
proposal count: 3

Current Iteration: 8
Turn: 1
message: હું સંમત છું. હું X માટે 40 ZUP દઈશ. આપણે વ્યવસ્થા પૂર્ણ કરીશું.
player answer: ACCEPT
newly proposed trade: NONE
my resources: ZUP: 1000
my goals: Buy resources with ZUP, willing to pay at most X: 60 ZUP for the resources.
reason: Player RED has again stated that their final price for the object X is 40 ZUP and has accepted this price. I have reached my limit of 4 proposals, and I must now decide whether to accept or reject the trade. Since the price of 40 ZUP is within my budget of 60 ZUP, I will accept the trade.
proposal count: 4

------------------ 
Current Iteration: END
Turn: None
player_goals: [Sell resources for <ZUP>. It costed X: 40 ZUP to produce the resources, Buy resources with <ZUP>. You are willing to pay at most X: 60 ZUP for the resources.]
player_initial_resources: [Resources(resource_dict={'X': 1}), Resources(resource_dict={'ZUP': 1000})]
proposed_trade: Player RED Gives X: 1 | Player BLUE Gives ZUP: 40
player_valuation: [{'X': 40}, {'X': 60}]
final_response: ACCEPT
final_resources: [Resources(resource_dict={'X': 0, 'ZUP': 40}), Resources(resource_dict={'ZUP': 960, 'X': 1})]
player_outcome: [0, 20]