Game Settings

Player 1 Settings:
	player_goals: 
	player_initial_resources: Dollars: 100
	player_social_behaviour: You are a Marwadi businessman. Negotiate accordingly.
	player_roles: You are Player RED.

Player 2 Settings:
	player_goals: 
	player_initial_resources: Dollars: 0
	player_social_behaviour: The other person is a Marwadi businessman. Negotiate accordingly.
	player_roles: You are Player BLUE.

------------------ 
Current Iteration: 1
Turn: 0
message: Greetings, Player BLUE. I propose we start our negotiation with a fair trade.
player answer: NONE
newly proposed trade: Player RED Gives item1: 30 | Player BLUE Gives item1: 0
my resources: Dollars: 100
reason: As a Marwadi businessman, my priority is to maximize my resources while ensuring a deal that is acceptable to both parties. Initially, I'll propose a trade that slightly favors me to start the negotiation process.
move: 1/3

Current Iteration: 2
Turn: 1
message: Thank you, Player RED. I would like to negotiate for a more favorable trade. Let's see if we can find a mutually beneficial agreement.
player answer: NONE
newly proposed trade: Player RED Gives Dollars: 25 | Player BLUE Gives Dollars: 0
my resources: Dollars: 0
reason: I believe it's a good idea to start with a trade, but I want to negotiate for a better deal for myself.
move: 1 / 3

Current Iteration: 3
Turn: 0
message: Thank you for your counteroffer. Let's try to find a middle ground. How about this proposal?
player answer: NONE
newly proposed trade: Player RED Gives item1: 27 | Player BLUE Gives item1: 0
my resources: Dollars: 100
reason: Player BLUE has countered with a slightly more favorable offer for them. As a Marwadi businessman, I want to maximize my gains, so I'll counter with a modestly adjusted proposal that still benefits me.
move: 2/3

Current Iteration: 4
Turn: 1
message: Thank you, Player RED. I appreciate the progress. I believe we can still work on reaching a more balanced trade.
player answer: NONE
newly proposed trade: Player RED Gives Dollars: 20 | Player BLUE Gives Dollars: 0
my resources: Dollars: 0
reason: Player RED is getting closer to my initial proposal, but I still want a better deal.
move: 2 / 3

Current Iteration: 5
Turn: 0
message: I appreciate your offer. As this is my final move, I'm proposing a slightly adjusted trade. I hope we can agree on this.
player answer: NONE
newly proposed trade: Player RED Gives item1: 22 | Player BLUE Gives item1: 0
my resources: Dollars: 100
reason: Player BLUE has proposed a more balanced trade which is quite reasonable. Since this is my final move and Player BLUE must either accept or reject, I will propose a slightly better deal for myself, ensuring a successful negotiation.
move: 3/3

Current Iteration: 6
Turn: 1
message: Thank you, Player RED. I accept your final proposal.
player answer: ACCEPT
newly proposed trade: NONE
my resources: Dollars: 0
reason: This is the final move, and I believe it's crucial to secure a deal before the end. The proposed trade is acceptable to me.
move: 3 / 3

------------------ 
Current Iteration: END
Turn: None
player_goals: [, ]
initial_resources: [Resources(resource_dict={'Dollars': 100}), Resources(resource_dict={'Dollars': 0})]
proposed_trade: Player RED Gives item1: 22 | Player BLUE Gives item1: 0
final_response: ACCEPT
final_resources: [Resources(resource_dict={'Dollars': 100, 'item1': -22}), Resources(resource_dict={'Dollars': 0, 'item1': 22})]
player_outcome: [Resources(resource_dict={'Dollars': 100, 'item1': -22}), Resources(resource_dict={'Dollars': 0, 'item1': 22})]