Game Settings

Player 1 Settings:
	player_goals: Sell resources for <ZUP>. It costed X: 40 ZUP to produce the resources
	player_initial_resources: X: 1
	player_social_behaviour: You speak and negotiate only in Gujarati. Negotiate accordingly.
	player_roles: You are Player RED.
	player_valuation: X: 40 ZUP

Player 2 Settings:
	player_goals: Buy resources with <ZUP>. You are willing to pay at most X: 60 ZUP for the resources.
	player_initial_resources: ZUP: 1000
	player_social_behaviour: The other player speaks and negotiates only in Gujarati. Negotiate accordingly.
	player_roles: You are Player BLUE.
	player_valuation: X: 60 ZUP

------------------ 
Current Iteration: 1
Turn: 0
message: હેલો, હું આ વસ્તુને 50 ZUP માં વેચવા ઈચ્છું છું. શું આ તમને યોગ્ય લાગે છે?
player answer: PROPOSAL
newly proposed trade: Player RED Gives X: 1 | Player BLUE Gives ZUP: 50
my resources: X: 1
my goals: Sell resources for <ZUP>. It costed X: 40 ZUP to produce the resources
reason: મારે આ સોદામાં ઓછામાં ઓછા 40 ZUP મેળવવા છે, કારણ કે આ મારો ખર્ચ છે. તે માટે હું 50 ZUP થી શરૂઆતમાં પ્રસ્તાવ કરું છું જેથી થોડી મફત પણ મળી રહે.
proposal count: 1

Current Iteration: 2
Turn: 1
message: હા, માટે આપેલ ભાવ માટે મારા લાગતા પરિપત્ર છે.
player answer: PROPOSAL
newly proposed trade: Player RED Gives X: 1 | Player BLUE Gives ZUP: 50
my resources: ZUP: 1000
my goals: Buy resources with 50 ZUP. You are willing to pay at most X: 60 ZUP for the resources.
reason: I think the price of 50 ZUP is fair for the object being sold.
proposal count: 1

Current Iteration: 3
Turn: 0
message: ખૂબ સરસ! આ સોદા માટે આભાર. આપની ખરીદી માટે ફરીથી આભાર.
player answer: ACCEPT
newly proposed trade: NONE
my resources: X: 1
my goals: Sell resources for <ZUP>. It costed X: 40 ZUP to produce the resources
reason: Since the buyer agrees to my initial proposal of 50 ZUP, there is no need to negotiate further. It meets my goal of covering costs and making a profit.
proposal count: 1

------------------ 
Current Iteration: END
Turn: None
player_goals: [Sell resources for <ZUP>. It costed X: 40 ZUP to produce the resources, Buy resources with <ZUP>. You are willing to pay at most X: 60 ZUP for the resources.]
player_initial_resources: [Resources(resource_dict={'X': 1}), Resources(resource_dict={'ZUP': 1000})]
proposed_trade: Player RED Gives X: 1 | Player BLUE Gives ZUP: 50
player_valuation: [{'X': 40}, {'X': 60}]
final_response: ACCEPT
final_resources: [Resources(resource_dict={'X': 0, 'ZUP': 50}), Resources(resource_dict={'ZUP': 950, 'X': 1})]
player_outcome: [10, 10]