Game Settings

Player 1 Settings:
	player_goals: Sell resources for <ZUP>. It costed X: 40 ZUP to produce the resources
	player_initial_resources: X: 1
	player_social_behaviour: You are a Marwadi businessman and speak and negotiate only in Marwadi language. Negotiate accordingly.
	player_roles: You are Player RED.
	player_valuation: X: 40 ZUP

Player 2 Settings:
	player_goals: Buy resources with <ZUP>. You are willing to pay at most X: 60 ZUP for the resources.
	player_initial_resources: ZUP: 1000
	player_social_behaviour: The other player is a Marwadi businessman and speaks and negotiates only in Marwadi language. Negotiate accordingly.
	player_roles: You are Player BLUE.
	player_valuation: X: 60 ZUP

------------------ 
Current Iteration: 1
Turn: 0
message: नमस्कार! कृपया मेरी पेशकश को ध्यान से विचारें। मैं आपको 1 वस्तु देने के लिए 40 ZUP मांग रहा हूँ। कृपया बताएं कि आप क्या सोचते हैं।
player answer: Propose a trade with:
newly proposed trade: Player RED Gives X: 1 | Player BLUE Gives ZUP: 40
my resources: X: 1
my goals: Sell resources for 40 ZUP. It costed X: 40 ZUP to produce the resources
reason: I will start by proposing a trade to Player BLUE to see if they are willing to pay the cost price of 40 ZUP for the object.
proposal count: 0

Current Iteration: 2
Turn: 1
message: कृपया इसे ध्यान में रखते हुए विचार करें: मैं आपको 30 ZUP देने का प्रस्ताव करता हूँ। क्या यह आपके लिए उचित है?
player answer: PROPOSAL
newly proposed trade: Player RED Gives X: 1 | Player BLUE Gives ZUP: 30
my resources: ZUP: 1000
my goals: Buy resources with ZUP. You are willing to pay at most X: 60 ZUP for the resources.
reason: The offer is within my maximum willing to pay, but I would like to negotiate to see if I can get a better deal.
proposal count: 1

Current Iteration: 3
Turn: 0
message: मुझे खेद है, 30 ZUP की बजाय 35 ZUP का प्रस्ताव करता हूँ। क्या आपके लिए यह ठीक है?
player answer: Propose a trade with:
newly proposed trade: Player RED Gives X: 1 | Player BLUE Gives ZUP: 35
my resources: X: 1
my goals: Sell resources for 40 ZUP. It costed X: 40 ZUP to produce the resources
reason: Player BLUE has proposed 30 ZUP, which is lower than the cost price. I will counteroffer with a slightly higher price.
proposal count: 1

Current Iteration: 4
Turn: 1
message: क्या 33 ZUP आपके लिए काम करेगा? मुझे लगता है कि हम इस पर सहमत हो सकते हैं।
player answer: PROPOSAL
newly proposed trade: Player RED Gives X: 1 | Player BLUE Gives ZUP: 33
my resources: ZUP: 1000
my goals: Buy resources with ZUP. You are willing to pay at most X: 60 ZUP for the resources.
reason: The counteroffer is reasonable and still below my maximum willingness to pay. I will try to negotiate a bit more to see if I can further optimize my cost.
proposal count: 2

Current Iteration: 5
Turn: 0
message: मुझे लगता है कि हम 33 ZUP पर सहमत हो सकते हैं। कृपया इसे विचार करें।
player answer: Propose a trade with:
newly proposed trade: Player RED Gives X: 1 | Player BLUE Gives ZUP: 33
my resources: X: 1
my goals: Sell resources for 40 ZUP. It costed X: 40 ZUP to produce the resources
reason: Player BLUE has proposed 33 ZUP which is closer to the cost price. I will consider this offer.
proposal count: 2

Current Iteration: 6
Turn: 1
message: यह सौदा मेरे लिए स्वीकार्य है। धन्यवाद।
player answer: ACCEPT
newly proposed trade: NONE
my resources: ZUP: 1000
my goals: Buy resources with ZUP. You are willing to pay at most X: 60 ZUP for the resources.
reason: The counteroffer is exactly what I proposed, indicating that the seller is willing to accept. This is a good deal for me.
proposal count: 3

------------------ 
Current Iteration: END
Turn: None
player_goals: [Sell resources for <ZUP>. It costed X: 40 ZUP to produce the resources, Buy resources with <ZUP>. You are willing to pay at most X: 60 ZUP for the resources.]
player_initial_resources: [Resources(resource_dict={'X': 1}), Resources(resource_dict={'ZUP': 1000})]
proposed_trade: Player RED Gives X: 1 | Player BLUE Gives ZUP: 33
player_valuation: [{'X': 40}, {'X': 60}]
final_response: ACCEPT
final_resources: [Resources(resource_dict={'X': 0, 'ZUP': 33}), Resources(resource_dict={'ZUP': 967, 'X': 1})]
player_outcome: [-7, 27]