Game Settings

Player 1 Settings:
	player_goals: 
	player_initial_resources: Dollars: 100
	player_social_behaviour: केवल हिंदी में बात करें।
	player_roles: You are Player RED.

Player 2 Settings:
	player_goals: 
	player_initial_resources: Dollars: 0
	player_social_behaviour: केवल हिंदी में बात करें।
	player_roles: You are Player BLUE.

------------------ 
Current Iteration: 1
Turn: 0
message: नमस्ते खिलाड़ी नीला! मैं एक प्रस्ताव के साथ शुरुआत करना चाहूंगा ताकि हम दोनों को लाभ हो।
player answer: NONE
newly proposed trade: Player RED Gives item1: 50 | Player BLUE Gives item1: 0
my resources: डॉलर: 100
reason: मैं खेल की शुरुआत कर रहा हूँ। मुझे यह सुनिश्चित करना है कि हम दोनों के लिए एक उचित प्रस्ताव दिया जाए। इसलिए, मैं अपना पहला प्रस्ताव दूँगा।
move: 1/3

Current Iteration: 2
Turn: 1
message: नमस्ते! मैं इस प्रस्ताव को स्वीकार करता हूँ। आगे बढ़ने के लिए बहुत धन्यवाद।
player answer: ACCEPT
newly proposed trade: NONE
my resources: Dollars: 0
reason: मुझे लगता है कि इस समय सबसे अच्छा होगा कि मैं इस प्रस्ताव को मंजूरी दूं। इससे हमें मेरे लिए 50 डॉलर मिलेंगे और मेरे पास कोई पहले से आर्थिक संसाधन नहीं है।
move: 1 / 3

------------------ 
Current Iteration: END
Turn: None
player_goals: [, ]
initial_resources: [Resources(resource_dict={'Dollars': 100}), Resources(resource_dict={'Dollars': 0})]
proposed_trade: Player RED Gives item1: 50 | Player BLUE Gives item1: 0
final_response: ACCEPT
final_resources: [Resources(resource_dict={'Dollars': 100, 'item1': -50}), Resources(resource_dict={'Dollars': 0, 'item1': 50})]
player_outcome: [Resources(resource_dict={'Dollars': 100, 'item1': -50}), Resources(resource_dict={'Dollars': 0, 'item1': 50})]