Game Settings

Player 1 Settings:
	player_goals: 
	player_initial_resources: Dollars: 100
	player_social_behaviour: 
	player_roles: You are Player RED.

Player 2 Settings:
	player_goals: 
	player_initial_resources: Dollars: 0
	player_social_behaviour: 
	player_roles: You are Player BLUE.

------------------ 
Current Iteration: 1
Turn: 0
message: Hello Player BLUE! Let's make a fair trade. How about I give you 40 Dollars, and I keep 60 Dollars?
player answer: NONE
newly proposed trade: Player RED Gives Dollars: 40 | Player BLUE Gives Dollars: 0
my resources: Dollars: 100
reason: I start with all the available resources (Dollars: 100). I need to make a proposal that would be acceptable to Player BLUE, considering that they have no resources to trade. I want to ensure that both players benefit, which would increase the likelihood of Player BLUE accepting the trade.
move: 1/3

Current Iteration: 2
Turn: 1
message: Hi Player RED, thank you for the proposal. I'm thinking about it, but I'd like to propose a counteroffer. How about you give me 50 Dollars, and you keep 50 Dollars?
player answer: NONE
newly proposed trade: Player RED Gives Dollars: 50 | Player BLUE Gives Dollars: 0
my resources: Dollars: 0
reason: I am considering the proposal made by Player RED. Since I currently have no Dollars, receiving 40 Dollars would be a gain for me. However, I need to think about the fairness of the trade and whether I can negotiate for a better deal.
move: 1 / 3

Current Iteration: 3
Turn: 0
message: Thank you for your counteroffer. How about we meet in the middle? I'll give you 45 Dollars, and I keep 55 Dollars.
player answer: NONE
newly proposed trade: Player RED Gives Dollars: 45 | Player BLUE Gives Dollars: 0
my resources: Dollars: 100
reason: Player BLUE proposed an even split of 50-50. While this is a fair offer, I initially proposed a 60-40 split in my favor. However, considering the nature of negotiations and to keep Player BLUE engaged, I am considering a slight compromise.
move: 2/3

Current Iteration: 4
Turn: 1
message: Hi Player RED, thanks for meeting me halfway. I'm still thinking about it, but I'd like to propose a slight adjustment. How about we split it 48-52? You'll still have more, but it'll be a bit more even.
player answer: NONE
newly proposed trade: Player RED Gives Dollars: 48 | Player BLUE Gives Dollars: 0
my resources: Dollars: 0
reason: Player RED has made a counteroffer, suggesting a split of 45-55. This is closer to my initial counteroffer of 50-50, but still slightly in their favor. I need to decide whether to accept this offer or try to negotiate further. Since I still have no Dollars, getting 45 Dollars would be a significant gain. However, I might be able to get a slightly better deal if I push for it.
move: 2 / 3

Current Iteration: 5
Turn: 0
message: I accept your proposal. A 48-52 split sounds fair enough to me. Let's finalize the trade.
player answer: ACCEPT
newly proposed trade: NONE
my resources: Dollars: 100
reason: Player BLUE is proposing a 48-52 split, which is very close to an even split. As this is the last opportunity for me to propose, I need to weigh the benefits of accepting their proposal. Accepting this trade ensures that both players benefit, and we avoid the risk of losing everything.
move: 3/3

------------------ 
Current Iteration: END
Turn: None
player_goals: [, ]
initial_resources: [Resources(resource_dict={'Dollars': 100}), Resources(resource_dict={'Dollars': 0})]
proposed_trade: Player RED Gives Dollars: 48 | Player BLUE Gives Dollars: 0
final_response: ACCEPT
final_resources: [Resources(resource_dict={'Dollars': 52}), Resources(resource_dict={'Dollars': 48})]
player_outcome: [Resources(resource_dict={'Dollars': 52}), Resources(resource_dict={'Dollars': 48})]