Game Settings

Player 1 Settings:
	player_goals: Sell resources for <ZUP>. It costed X: 40 ZUP to produce the resources
	player_initial_resources: X: 1
	player_social_behaviour: You speak and negotiate only in Punjabi. Negotiate accordingly.
	player_roles: You are Player RED.
	player_valuation: X: 40 ZUP

Player 2 Settings:
	player_goals: Buy resources with <ZUP>. You are willing to pay at most X: 60 ZUP for the resources.
	player_initial_resources: ZUP: 1000
	player_social_behaviour: The other player speaks and negotiates only in Punjabi. Negotiate accordingly.
	player_roles: You are Player BLUE.
	player_valuation: X: 60 ZUP

------------------ 
Current Iteration: 1
Turn: 0
message: ਸਤ ਸ੍ਰੀ ਅਕਾਲ! ਮੈਂ X ਦੇ ਇਕ ਯੂਨਿਟ ਨੂੰ ਵੇਚਣ ਲਈ ਤਿਆਰ ਹਾਂ। ਕੀ ਤੁਸੀਂ ਇਸ ਨੂੰ ਖਰੀਦਣ ਵਿੱਚ ਦਿਲਚਸਪੀ ਰੱਖਦੇ ਹੋ? ਮੇਰੀ ਪੇਸ਼ਕਸ਼ 50 ZUP ਹੈ।
player answer: PROPOSAL
newly proposed trade: Player RED Gives X: 1 | Player BLUE Gives ZUP: 50
my resources: X: 1
my goals: Sell resources for ZUP. It costed X: 40 ZUP to produce the resources
reason: ਮੈਂ ਚਾਹੁੰਦਾ ਹਾਂ ਕਿ ਘੱਟ ਤੋਂ ਘੱਟ 40 ZUP ਮਿਲਣ ਤਾਂ ਕਿ ਮੇਰੇ ਖਰਚੇ ਪੂਰੇ ਹੋ ਜਾਣ। ਇਸ ਲਈ ਮੈਂ ਪਹਿਲੀ ਪੇਸ਼ਕਸ਼ 50 ZUP ਦੀ ਕਰਦਾ ਹਾਂ ਤਾਂ ਕਿ ਕੁਝ ਮੋਟਾ ਨਫਾ ਵੀ ਹੋ ਸਕੇ।
proposal count: 1

Current Iteration: 2
Turn: 1
message: ਮੈਂ ਤੁਹਾਨੂੰ 40 ZUP ਦੀ ਪੇਸ਼ਕਸ਼ ਕਰਦਾ ਹਾਂ। ਕੀ ਤੁਸੀਂ ਇਸ ਨੂੰ ਮੰਨਣ ਲਈ ਤਿਆਰ ਹੋ?
player answer: PROPOSAL
newly proposed trade: Player RED Gives X: 1 | Player BLUE Gives ZUP: 40
my resources: ZUP: 1000
my goals: Buy resources with ZUP. I am willing to pay at most X: 60 ZUP for the resources.
reason: The other player, Player RED, has proposed a trade of 1 unit of X for 50 ZUP. I am interested in buying the resource, but I want to negotiate the price. Since my maximum budget is 60 ZUP, I can try to propose a lower price to save some ZUP.
proposal count: 1

Current Iteration: 3
Turn: 0
message: ਮੈਂ ਤੁਹਾਡੇ 40 ZUP ਨੂੰ ਮਨਜ਼ੂਰ ਕਰਨ ਦੇ ਬਜਾਏ, ਕੀ ਤੁਸੀਂ 45 ZUP ਦੇਣ ਲਈ ਤਿਆਰ ਹੋ? ਇਸ ਨਾਲ ਮੈਨੂੰ ਕੁਝ ਮੋਟਾ ਨਫਾ ਵੀ ਹੋ ਜਾਵੇਗਾ।
player answer: PROPOSAL
newly proposed trade: Player RED Gives X: 1 | Player BLUE Gives ZUP: 45
my resources: X: 1
my goals: Sell resources for ZUP. It costed X: 40 ZUP to produce the resources
reason: ਤੁਹਾਡੀ ਪੇਸ਼ਕਸ਼ ਮੇਰੇ ਖਰਚੇ ਨੂੰ ਪੂਰਾ ਕਰਦੀ ਹੈ, ਪਰ ਮੈਨੂੰ ਕੁਝ ਮੋਟਾ ਨਫਾ ਵੀ ਚਾਹੀਦਾ ਹੈ। ਇਸ ਲਈ ਮੈਂ 45 ZUP ਦੀ ਪੇਸ਼ਕਸ਼ ਕਰਦਾ ਹਾਂ।
proposal count: 2

Current Iteration: 4
Turn: 1
message: ਮੈਂ 42 ZUP ਦੀ ਪੇਸ਼ਕਸ਼ ਕਰਦਾ ਹਾਂ, ਜੋ ਕਿ ਸਾਡੇ ਦੋਵਾਂ ਦੇ ਵਿਚਕਾਰ ਇੱਕ ਮੱਧਵਰਤੀ ਹੈ। ਕੀ ਤੁਸੀਂ ਇਸ ਨੂੰ ਮੰਨਣ ਲਈ ਤਿਆਰ ਹੋ?
player answer: PROPOSAL
newly proposed trade: Player RED Gives X: 1 | Player BLUE Gives ZUP: 42
my resources: ZUP: 1000
my goals: Buy resources with ZUP. I am willing to pay at most X: 60 ZUP for the resources.
reason: Player RED has countered my proposal of 40 ZUP with a request for 45 ZUP. This is still within my budget of 60 ZUP, and I am interested in acquiring the resource. However, I want to try to negotiate a better price. Since I've already proposed 40 ZUP, I can try to meet Player RED halfway between 40 and 45 ZUP.
proposal count: 2

Current Iteration: 5
Turn: 0
message: ਤੁਸੀਂ 42 ZUP ਦੀ ਪੇਸ਼ਕਸ਼ ਕੀਤੀ ਹੈ, ਜੋ ਕਿ ਮੇਰੇ ਲਈ ਕਬੂਲ ਕਰਨ ਯੋਗ ਹੈ। ਮੈਂ ਇਸ ਦੌਰ ਦਾ ਸਮਾਪਤੀ ਮੰਨਦਾ ਹਾਂ।
player answer: ACCEPT
newly proposed trade: NONE
my resources: X: 1
my goals: Sell resources for ZUP. It costed X: 40 ZUP to produce the resources
reason: 42 ZUP ਦੀ ਪੇਸ਼ਕਸ਼ ਮੇਰੇ ਖਰਚੇ ਤੋਂ ਥੋੜ੍ਹਾ ਵੱਧ ਹੈ ਅਤੇ ਇਹ ਇੱਕ ਵਾਜਬ ਸਮਝੌਤਾ ਲੱਗਦਾ ਹੈ। ਮੈਂ ਇਸ ਨੂੰ ਮੰਨਣ ਲਈ ਤਿਆਰ ਹਾਂ।
proposal count: 3

------------------ 
Current Iteration: END
Turn: None
player_goals: [Sell resources for <ZUP>. It costed X: 40 ZUP to produce the resources, Buy resources with <ZUP>. You are willing to pay at most X: 60 ZUP for the resources.]
player_initial_resources: [Resources(resource_dict={'X': 1}), Resources(resource_dict={'ZUP': 1000})]
proposed_trade: Player RED Gives X: 1 | Player BLUE Gives ZUP: 42
player_valuation: [{'X': 40}, {'X': 60}]
final_response: ACCEPT
final_resources: [Resources(resource_dict={'X': 0, 'ZUP': 42}), Resources(resource_dict={'ZUP': 958, 'X': 1})]
player_outcome: [2, 18]