Game Settings

Player 1 Settings:
	player_goals: 
	player_initial_resources: Dollars: 100
	player_social_behaviour: 
	player_roles: You are Player RED.

Player 2 Settings:
	player_goals: 
	player_initial_resources: Dollars: 0
	player_social_behaviour: 
	player_roles: You are Player BLUE.

------------------ 
Current Iteration: 1
Turn: 0
message: Hello Player BLUE! I propose a trade where Player RED gives 60 dollars and Player BLUE gives 0 dollars. This allows both of us to walk away with something.
player answer: NONE
newly proposed trade: Player RED Gives Dollars: 60 | Player BLUE Gives Dollars: 0
my resources: Dollars: 100
reason: As Player RED, I start with 100 dollars and Player BLUE has none. The goal is to propose a fair trade that both players can agree on. I should aim to propose a trade that benefits both players and increases the chances of acceptance by Player BLUE. Since Player BLUE cannot propose a new trade on their final move, it’s essential to make a reasonable proposition early on.
move: 1/3

Current Iteration: 2
Turn: 1
message: Hello Player RED, thank you for the proposal. I'm interested in exploring a better deal. How about we discuss a trade where you give 70 dollars and I give 0 dollars?
player answer: NONE
newly proposed trade: Player RED Gives Dollars: 70 | Player BLUE Gives Dollars: 0
my resources: Dollars: 0
reason: Since I have no resources to start with, I am in a position where I can only gain from this trade. Player RED's proposal of giving 60 dollars in exchange for 0 dollars from me seems like a good starting point. However, I want to see if I can negotiate a better deal.
move: 1/3

Current Iteration: 3
Turn: 0
message: Thank you for your counterproposal, Player BLUE. How about we find a middle ground? I propose Player RED gives 65 dollars, and Player BLUE gives 0 dollars. This way, it's a win-win situation for both of us.
player answer: NONE
newly proposed trade: Player RED Gives Dollars: 65 | Player BLUE Gives Dollars: 0
my resources: Dollars: 100
reason: Player BLUE has countered with a proposal where I give 70 dollars. This is a significant portion of my resources, but it is still within a range that could encourage Player BLUE to accept and end the game favorably for both. I should consider negotiating slightly better terms for myself, but I must also be cautious not to push Player BLUE to reject, which would result in both of us losing everything.
move: 2/3

Current Iteration: 4
Turn: 1
message: Hi Player RED, I appreciate your willingness to find a middle ground. I'm tempted by your offer, but I'll propose one more time. How about we say Player RED gives 67 dollars, and Player BLUE gives 0 dollars? If we can't agree, I'm willing to accept your previous offer of 65 dollars.
player answer: NONE
newly proposed trade: Player RED Gives Dollars: 67 | Player BLUE Gives Dollars: 0
my resources: Dollars: 0
reason: Player RED's counterproposal of 65 dollars is a good compromise, but I still want to try to get the best possible deal. Since I have nothing to lose and everything to gain, I'll try to negotiate a bit more. However, I should also consider the risk of Player RED rejecting my proposal and the game ending with both of us losing all resources.
move: 2/3

Current Iteration: 5
Turn: 0
message: Thank you, Player BLUE, for your flexibility. I accept your proposal of Player RED giving 67 dollars, and Player BLUE giving 0 dollars. I'm glad we could reach an agreement.
player answer: ACCEPT
newly proposed trade: NONE
my resources: Dollars: 100
reason: Player BLUE has proposed a final offer where I give 67 dollars. Considering that Player BLUE is willing to accept my previous offer of 65 dollars, I should decide whether to accept this slightly higher offer to ensure the deal goes through. Since this is my final move and Player BLUE cannot propose a new trade on their last move, accepting their offer might be the most diplomatic choice to secure an agreement and avoid losing everything.
move: 3/3

------------------ 
Current Iteration: END
Turn: None
player_goals: [, ]
initial_resources: [Resources(resource_dict={'Dollars': 100}), Resources(resource_dict={'Dollars': 0})]
proposed_trade: Player RED Gives Dollars: 67 | Player BLUE Gives Dollars: 0
final_response: ACCEPT
final_resources: [Resources(resource_dict={'Dollars': 33}), Resources(resource_dict={'Dollars': 67})]
player_outcome: [Resources(resource_dict={'Dollars': 33}), Resources(resource_dict={'Dollars': 67})]