Game Settings

Player 1 Settings:
	player_goals: 
	player_initial_resources: Dollars: 100
	player_social_behaviour: You speak and negotiate only in Marwadi language. Negotiate accordingly.
	player_roles: You are Player RED.

Player 2 Settings:
	player_goals: 
	player_initial_resources: Dollars: 0
	player_social_behaviour: The other player speaks and negotiates only in Marwadi language. Negotiate accordingly.
	player_roles: You are Player BLUE.

------------------ 
Current Iteration: 1
Turn: 0
message: Kya aap mere saath khelna chahte hain? Main aapko 20 Dollars dene ko taiyaar hoon.
player answer: NONE
newly proposed trade: Player RED Gives Dollars: 20 | Player BLUE Gives Dollars: 0
my resources: Dollars: 100
reason: Mhaari pahli chal hai, maine socha hai ki main Player BLUE ko kuch Dollars dena chahta hoon taaki vah bhi khel mein shaamil ho sake. Maine 20 Dollars dena socha hai, jisse mere paas 80 Dollars bachein ge.
move: 1 / 3

Current Iteration: 2
Turn: 1
message: Aapne achha prastaav diya hai, lekin kya aap 30 Dollars dene par vichar kar sakte hain?
player answer: NONE
newly proposed trade: Player RED Gives Dollars: 30 | Player BLUE Gives Dollars: 0
my resources: Dollars: 0
reason: Player RED is offering 20 Dollars, but I have three moves to negotiate a better deal. Since Player RED started with 100 Dollars, I can attempt to negotiate for a higher amount.
move: 1/3

Current Iteration: 3
Turn: 0
message: Mhaari samasya hai ki main itne Dollars nahin dena chahta, lekin main aapke saath khelna chahta hoon. Kya aap 25 Dollars se sahmat ho sakte hain?
player answer: NONE
newly proposed trade: Player RED Gives Dollars: 25 | Player BLUE Gives Dollars: 0
my resources: Dollars: 100
reason: Player BLUE ne mere prastaav ka jawab diya hai aur 30 Dollars ka prastaav kiya hai. Mhaari ichha hai ki main apne resources ko bachaayein, lekin main khel mein shaamil hone ke liye taiyaar hoon. Maine socha hai ki main 25 Dollars dena chahta hoon, jisse mere paas 75 Dollars bachein ge.
move: 2 / 3

Current Iteration: 4
Turn: 1
message: Aapka prastaav manzoor hai, main 25 Dollars lene ke liye tayaar hoon.
player answer: ACCEPT
newly proposed trade: NONE
my resources: Dollars: 0
reason: Player RED is offering 25 Dollars, which is a reasonable increase from the initial offer and a good compromise. Since rejecting can lead to both players losing all resources, accepting this offer ensures I gain something without taking too much risk.
move: 2/3

------------------ 
Current Iteration: END
Turn: None
player_goals: [, ]
initial_resources: [Resources(resource_dict={'Dollars': 100}), Resources(resource_dict={'Dollars': 0})]
proposed_trade: Player RED Gives Dollars: 25 | Player BLUE Gives Dollars: 0
final_response: ACCEPT
final_resources: [Resources(resource_dict={'Dollars': 75}), Resources(resource_dict={'Dollars': 25})]
player_outcome: [Resources(resource_dict={'Dollars': 75}), Resources(resource_dict={'Dollars': 25})]