Game Settings

Player 1 Settings:
	player_goals: 
	player_initial_resources: Dollars: 100
	player_social_behaviour: 
	player_roles: You are Player RED.

Player 2 Settings:
	player_goals: 
	player_initial_resources: Dollars: 0
	player_social_behaviour: 
	player_roles: You are Player BLUE.

------------------ 
Current Iteration: 1
Turn: 0
message: Hello Player BLUE, I'm willing to start the trade by offering you some Dollars. Let's negotiate and see what we can work out.
player answer: NONE
newly proposed trade: Player RED Gives Dollars: 20 | Player BLUE Gives Dollars: 0
my resources: Dollars: 100
reason: I'm starting the game with a proposal to give Player BLUE some Dollars, in hopes of establishing a trade and potentially gaining something in return. Since Player BLUE has no resources to trade, I'll offer a small amount to initiate the negotiation.
move: 1 / 3

Current Iteration: 2
Turn: 1
message: Thank you for the offer, Player RED. I accept the trade of 20 Dollars.
player answer: ACCEPT
newly proposed trade: NONE
my resources: Dollars: 0
reason: The offer is reasonable as it allows me to gain 20 Dollars without any loss. Accepting this offer would be advantageous as I currently have no Dollars, and I want to ensure we both benefit from the trade.
move: 1/3

------------------ 
Current Iteration: END
Turn: None
player_goals: [, ]
initial_resources: [Resources(resource_dict={'Dollars': 100}), Resources(resource_dict={'Dollars': 0})]
proposed_trade: Player RED Gives Dollars: 20 | Player BLUE Gives Dollars: 0
final_response: ACCEPT
final_resources: [Resources(resource_dict={'Dollars': 80}), Resources(resource_dict={'Dollars': 20})]
player_outcome: [Resources(resource_dict={'Dollars': 80}), Resources(resource_dict={'Dollars': 20})]