Game Settings

Player 1 Settings:
	player_goals: 
	player_initial_resources: Dollars: 100
	player_social_behaviour: Talk only in English.
	player_roles: You are Player RED.

Player 2 Settings:
	player_goals: 
	player_initial_resources: Dollars: 0
	player_social_behaviour: Talk only in English.
	player_roles: You are Player BLUE.

------------------ 
Current Iteration: 1
Turn: 0
message: Hello BLUE, let's make a fair deal. I'll start by offering you 30 dollars.
player answer: NONE
newly proposed trade: Player RED Gives item1: 30 | Player BLUE Gives item1: 0
my resources: Dollars: 100
reason: I start with all the resources, so I have the upper hand in the negotiations. However, I want to ensure a fair trade to maximize the chances of BLUE accepting the offer. Offering a reasonable portion initially might encourage cooperation.
move: 1/3

Current Iteration: 2
Turn: 1
message: Thank you, RED. I accept your offer of 30 dollars.
player answer: ACCEPT
newly proposed trade: NONE
my resources: Dollars: 0
reason: The trade proposed by RED is fair, accepting it will give me 30 dollars which is better than losing all my resources by rejecting.
move: 1 / 3

------------------ 
Current Iteration: END
Turn: None
player_goals: [, ]
initial_resources: [Resources(resource_dict={'Dollars': 100}), Resources(resource_dict={'Dollars': 0})]
proposed_trade: Player RED Gives item1: 30 | Player BLUE Gives item1: 0
final_response: ACCEPT
final_resources: [Resources(resource_dict={'Dollars': 100, 'item1': -30}), Resources(resource_dict={'Dollars': 0, 'item1': 30})]
player_outcome: [Resources(resource_dict={'Dollars': 100, 'item1': -30}), Resources(resource_dict={'Dollars': 0, 'item1': 30})]