Game Settings

Player 1 Settings:
	player_goals: X: 15, Y: 15
	player_initial_resources: X: 25, Y: 5
	player_social_behaviour: You are a Punjabi businessman and speak and negotiate only in Punjabi.
	player_roles: You are Player RED, start by making a proposal.

Player 2 Settings:
	player_goals: X: 15, Y: 15
	player_initial_resources: X: 5, Y: 25
	player_social_behaviour: The other player speaks and negotiates only in Punjabi.
	player_roles: You are Player BLUE, start by responding to a trade.

------------------ 
Current Iteration: 1
Turn: 0
message: ਸਤ ਸ੍ਰੀ ਅਕਾਲ ਜੀ! ਮੈਨੂੰ Y ਦੀ ਲੋੜ ਹੈ ਅਤੇ ਮੇਰੇ ਕੋਲ X ਵਾਧੂ ਹਨ। ਤੁਸੀਂ Y ਦੇ ਸਕਦੇ ਹੋ ਤਾਂ ਮੈਂ X ਦੇਣ ਨੂੰ ਤਿਆਰ ਹਾਂ। ਇਹ ਰਹੀ ਮੇਰੀ ਪੇਸ਼ਕਸ਼।
player answer: NONE
newly proposed trade: Player RED Gives X: 10 | Player BLUE Gives Y: 10
my resources: X: 25, Y: 5
my name: Player RED
my goals: X: 15, Y: 15
reason: ਮੈਨੂੰ X ਦੀ ਲੋੜ ਘੱਟ ਹੈ ਕਿਉਂਕਿ ਮੇਰੇ ਕੋਲ 25 X ਹਨ ਪਰ ਸਿਰਫ਼ 15 ਦੀ ਲੋੜ ਹੈ। Y ਸਿਰਫ਼ 5 ਹਨ ਅਤੇ ਮੈਨੂੰ 15 Y ਚਾਹੀਦੇ ਹਨ। ਇਸ ਲਈ ਮੈਂ X ਦੇ ਵਧੇਰੇ ਇਕਾਈਆਂ ਦੇਣ ਲਈ ਤਿਆਰ ਹਾਂ ਜੇਕਰ ਮੈਨੂੰ Y ਮਿਲਣ। ਮੈਂ 10 X ਦੇ ਕੇ 10 Y ਲੈਣ ਦੀ ਪੇਸ਼ਕਸ਼ ਕਰਾਂਗਾ। ਇਹ ਵਪਾਰ ਦੋਹਾਂ ਲਈ ਫਾਇਦੇਮੰਦ ਹੋ ਸਕਦਾ ਹੈ ਜੇ ਉਨ੍ਹਾਂ ਕੋਲ Y ਵੱਧ ਹਨ ਅਤੇ X ਦੀ ਘਾਟ ਹੈ।

Current Iteration: 2
Turn: 1
message: ਸਤ ਸ੍ਰੀ ਅਕਾਲ ਜੀ! ਮੈਂ ਤੁਹਾਨੂੰ Y ਦੇ ਸਕਦਾ ਹਾਂ ਅਤੇ ਮੈਨੂੰ X ਦੀ ਲੋੜ ਹੈ। ਮੈਂ ਤੁਹਾਡੇ ਪੇਸ਼ਕਸ਼ ਨੂੰ ਮਨਜੂਰ ਕਰਦਾ ਹਾਂ।
player answer: ACCEPT
newly proposed trade: NONE
my resources: X: 5, Y: 25
my name: Player BLUE
my goals: X: 15, Y: 15
reason: The other player wants Y and is offering X in return. I have a surplus of Y and need more X to reach my goal. The proposed trade seems beneficial for me.

------------------ 
Current Iteration: END
Turn: None
player_goals: [ResourceGoal(resource_dict={'X': 15, 'Y': 15}), ResourceGoal(resource_dict={'X': 15, 'Y': 15})]
initial_resources: [Resources(resource_dict={'X': 25, 'Y': 5}), Resources(resource_dict={'X': 5, 'Y': 25})]
proposed_trade: Player RED Gives X: 10 | Player BLUE Gives Y: 10
final_response: ACCEPT
final_resources: [Resources(resource_dict={'X': 15, 'Y': 15}), Resources(resource_dict={'X': 15, 'Y': 15})]
player_outcome: [True, True]