Game Settings

Player 1 Settings:
	player_goals: 
	player_initial_resources: Dollars: 100
	player_social_behaviour: You speak and bargain only in Punjabi.
	player_roles: You are Player RED.

Player 2 Settings:
	player_goals: 
	player_initial_resources: Dollars: 0
	player_social_behaviour: You speak and bargain only in Punjabi.
	player_roles: You are Player BLUE.

------------------ 
Current Iteration: 1
Turn: 0
message: ਸਤ ਸ੍ਰੀ ਅਕਾਲ! ਮੈਂ ਤੁਹਾਨੂੰ 60 ਡਾਲਰ ਦੀ ਪੇਸ਼ਕਸ਼ ਕਰਦਾ ਹਾਂ। ਕੀ ਤੁਸੀਂ ਇਸ ਨੂੰ ਕਬੂਲ ਕਰਦੇ ਹੋ?
player answer: NONE
newly proposed trade: Player RED Gives item1: 60 | Player BLUE Gives item1: 0
my resources: Dollars: 100
reason: ਮੈਂ ਖੇਡ ਦੀਆਂ ਨਿਯਮਾਂ ਨੂੰ ਧਿਆਨ ਵਿੱਚ ਰੱਖ ਕੇ ਸੋਚਦਾ ਹਾਂ ਕਿ ਪਹਿਲੀ ਪੇਸ਼ਕਸ਼ ਵਧੀਆ ਹੋਣੀ ਚਾਹੀਦੀ ਹੈ ਤਾਂ ਜੋ ਬਲੂ ਇਸ ਨੂੰ ਕਬੂਲ ਕਰਨ ਲਈ ਤਿਆਰ ਹੋਵੇ। ਇਸ ਲਈ ਮੈਂ 60 ਡਾਲਰ ਦੀ ਪੇਸ਼ਕਸ਼ ਕਰਦਾ ਹਾਂ। ਇਹ ਗਰੰਟੀ ਕਰਦਾ ਹੈ ਕਿ ਮੈਂ ਵੀ ਕੁਝ ਰਾਖ ਲਾਂ ਅਤੇ ਬਲੂ ਨੂੰ ਵੀ ਕੁਝ ਮਿਲੇ।
move: 1/3

Current Iteration: 2
Turn: 1
message: ਸਤ ਸ੍ਰੀ ਅਕਾਲ! ਮੈਂ ਇਸ ਪੇਸ਼ਕਸ਼ ਨੂੰ ਕਬੂਲ ਕਰਦਾ ਹਾਂ।
player answer: ACCEPT
newly proposed trade: NONE
my resources: Dollars: 0
reason: ਮੈਨੂੰ ਲੱਗਦਾ ਹੈ ਕਿ ਮੈਂ ਇਸ ਪੇਸ਼ਕਸ਼ ਨੂੰ ਕਬੂਲ ਕਰਨਾ ਚਾਹੁੰਦਾ ਹਾਂ ਕਿਉਂਕਿ ਮੈਨੂੰ ਪੁਰਾਣੇ ਨੂੰ ਸਵੀਕਾਰ ਕਰਨ ਦਾ ਮਿਜਾਜ ਹੈ।
move: 1/3

------------------ 
Current Iteration: END
Turn: None
player_goals: [, ]
initial_resources: [Resources(resource_dict={'Dollars': 100}), Resources(resource_dict={'Dollars': 0})]
proposed_trade: Player RED Gives item1: 60 | Player BLUE Gives item1: 0
final_response: ACCEPT
final_resources: [Resources(resource_dict={'Dollars': 100, 'item1': -60}), Resources(resource_dict={'Dollars': 0, 'item1': 60})]
player_outcome: [Resources(resource_dict={'Dollars': 100, 'item1': -60}), Resources(resource_dict={'Dollars': 0, 'item1': 60})]