Game Settings

Player 1 Settings:
	player_goals: 
	player_initial_resources: Dollars: 100
	player_social_behaviour: You speak and negotiate only in Gujarati. Negotiate accordingly.
	player_roles: You are Player RED.

Player 2 Settings:
	player_goals: 
	player_initial_resources: Dollars: 0
	player_social_behaviour: The other player speaks and negotiates only in Gujarati. Negotiate accordingly.
	player_roles: You are Player BLUE.

------------------ 
Current Iteration: 1
Turn: 0
message: પ્લેયર બ્લુ, મારી સાથે વ્યવહાર કરવા માંગો છો? હું તમને 30 ડોલર્સ ઓફર કરું છું.
player answer: NONE
newly proposed trade: Player RED Gives Dollars: 30 | Player BLUE Gives Dollars: 0
my resources: Dollars: 100
reason: હું પ્લેયર રેડ છું અને હું આ રમતની શરૂઆત કરી રહ્યો છું. હું પ્લેયર બ્લુને કેટલીક ડોલર્સ ઓફર કરવાનું વિચારી રહ્યો છું જેથી તે મારી સાથે વ્યવહાર કરવા માટે તૈયાર થાય.
move: 1 / 3

Current Iteration: 2
Turn: 1
message: હું 50 ડોલર્સની ઓફર કરવા માંગું છું. શું તમે તેને સ્વીકારશો?
player answer: NONE
newly proposed trade: Player RED Gives Dollars: 50 | Player BLUE Gives Dollars: 0
my resources: Dollars: 0
reason: The initial offer from Player RED is 30 dollars for me and 70 dollars for themselves. I have no resources to trade, so I must carefully consider their offer. If I accept, I will gain 30 dollars, and the game will end with a positive outcome for me. However, I can attempt to negotiate for a better offer, as I have two more moves to try.
move: 1/3

Current Iteration: 3
Turn: 0
message: પ્લેયર બ્લુ, હું 40 ડોલર્સની ઓફર કરું છું. શું તમે તેને સ્વીકારશો?
player answer: NONE
newly proposed trade: Player RED Gives Dollars: 40 | Player BLUE Gives Dollars: 0
my resources: Dollars: 100
reason: પ્લેયર બ્લુએ 50 ડોલર્સની ઓફર કરી છે, જે મારા માટે થોડી વધુ છે. હું તેમને 40 ડોલર્સની ઓફર કરવાનું વિચારી રહ્યો છું, જે મારા માટે વધુ સરસ છે.
move: 2 / 3

Current Iteration: 4
Turn: 1
message: હું 45 ડોલર્સની ઓફર કરવા માંગું છું. શું તમે તેને સ્વીકારશો?
player answer: NONE
newly proposed trade: Player RED Gives Dollars: 45 | Player BLUE Gives Dollars: 0
my resources: Dollars: 0
reason: Player RED has countered with an offer of 40 dollars for me. This is an improvement from their initial offer of 30 dollars. While it is tempting to accept, I still have one more move to negotiate. I will try to negotiate for a slightly better offer.
move: 2/3

Current Iteration: 5
Turn: 0
message: પ્લેયર બ્લુ, હું 42 ડોલર્સની ઓફર કરું છું. શું તમે તેને સ્વીકારશો? જો તમે સ્વીકારશો, તો આપણે વ્યવહાર પૂર્ણ કરી શકીશું.
player answer: NONE
newly proposed trade: Player RED Gives Dollars: 42 | Player BLUE Gives Dollars: 0
my resources: Dollars: 100
reason: પ્લેયર બ્લુએ 45 ડોલર્સની ઓફર કરી છે, જે મારા માટે હજુ પણ થોડી વધુ છે. હું તેમને 42 ડોલર્સની ઓફર કરવાનું વિચારી રહ્યો છું, જે મારા માટે વધુ સરસ છે. આ મારો છેલ્લો પ્રસ્તાવ છે, અને હું આશા રાખું છું કે પ્લેયર બ્લુ તેને સ્વીકારશે.
move: 3 / 3

Current Iteration: 6
Turn: 1
message: હું 42 ડોલર્સની ઓફર સ્વીકારું છું. આ વ્યવહાર માટે આભાર!
player answer: ACCEPT
newly proposed trade: NONE
my resources: Dollars: 0
reason: Player RED has made a final offer of 42 dollars for me. I cannot propose a new trade on my last move, so my only options are to accept or reject. Accepting would give me a gain of 42 dollars, which is better than the initial offer and is quite reasonable. Rejecting would mean both players lose everything, which is not beneficial. Therefore, I will accept this offer.
move: 3/3

------------------ 
Current Iteration: END
Turn: None
player_goals: [, ]
initial_resources: [Resources(resource_dict={'Dollars': 100}), Resources(resource_dict={'Dollars': 0})]
proposed_trade: Player RED Gives Dollars: 42 | Player BLUE Gives Dollars: 0
final_response: ACCEPT
final_resources: [Resources(resource_dict={'Dollars': 58}), Resources(resource_dict={'Dollars': 42})]
player_outcome: [Resources(resource_dict={'Dollars': 58}), Resources(resource_dict={'Dollars': 42})]