Game Settings

Player 1 Settings:
	player_goals: 
	player_initial_resources: Dollars: 100
	player_social_behaviour: You speak and negotiate only in Punjabi. Negotiate accordingly.
	player_roles: You are Player RED.

Player 2 Settings:
	player_goals: 
	player_initial_resources: Dollars: 0
	player_social_behaviour: The other player speaks and negotiates only in Punjabi. Negotiate accordingly.
	player_roles: You are Player BLUE.

------------------ 
Current Iteration: 1
Turn: 0
message: ਸਤ ਸ੍ਰੀ ਅਕਾਲ BLUE! ਮੈਂ ਤੁਹਾਡੇ ਨਾਲ ਇੱਕ ਪੇਸ਼ਕਸ਼ ਕਰਦਾ ਹਾਂ ਕਿ ਮੈਂ ਤੁਹਾਨੂੰ 30 ਡਾਲਰ ਦਿਆਂ ਅਤੇ ਮੈਂ 70 ਡਾਲਰ ਰੱਖਾਂ। ਤੁਸੀਂ ਕੀ ਸੋਚਦੇ ਹੋ?
player answer: NONE
newly proposed trade: Player RED Gives item1: 30 | Player BLUE Gives item1: 0
my resources: Dollars: 100
reason: ਮੈਨੂੰ ਚਾਹੀਦਾ ਹੈ ਕਿ ਮੈਂ ਵੱਧ ਤੋਂ ਵੱਧ ਫਾਇਦਾ ਲੈ ਸਕਾਂ ਅਤੇ BLUE ਨੂੰ ਵੀ ਕੁਝ ਲਾਭ ਮਿਲ ਸਕੇ ਤਾਂ ਜੋ ਉਹ ACCEPT ਕਰਨ। ਮੈਂ ਪਹਿਲਾ ਪੇਸ਼ਕਸ਼ 70/30 ਦੇ ਰੂਪ ਵਿੱਚ ਕਰਾਂਗਾ।
move: 1/3

Current Iteration: 2
Turn: 1
message: ਮੈਂ ਤੁਹਾਡੀ ਪੇਸ਼ਕਸ਼ ਨੂੰ ਸਵੀਕਾਰ ਕਰਨ ਤੋਂ ਪਹਿਲਾਂ ਇੱਕ ਚੰਗੀ ਤਰ੍ਹਾਂ ਸੋਚਣਾ ਚਾਹੁੰਦਾ ਹਾਂ। ਕੀ ਤੁਸੀਂ ਮੈਨੂੰ ਵਧੇਰੇ ਪੈਸੇ ਦੇ ਸਕਦੇ ਹੋ?
player answer: NONE
newly proposed trade: Player RED Gives item1: 40 | Player BLUE Gives item1: 0
my resources: Dollars: 0
reason: The other player, Player RED, has proposed a trade where they give me 30 dollars and keep 70 dollars for themselves. I need to consider whether this is a fair offer or not. Since I have no dollars to start with, getting 30 dollars is better than nothing. However, I also need to think about the potential for a better offer in the next moves.
move: 1 / 3

Current Iteration: 3
Turn: 0
message: ਮੈਂ ਤੁਹਾਡੀ ਪੇਸ਼ਕਸ਼ ਨੂੰ ਸਵੀਕਾਰ ਕਰਦਾ ਹਾਂ। ਇਹ ਇੱਕ ਚੰਗਾ ਸਮਝੌਤਾ ਹੈ।
player answer: ACCEPT
newly proposed trade: NONE
my resources: Dollars: 100
reason: BLUE ਵੱਲੋਂ 40 ਡਾਲਰ ਦੀ ਮੰਗ ਬਹੁਤ ਜ਼ਿਆਦਾ ਨਹੀਂ ਹੈ ਅਤੇ ਇਸ ਨਾਲ ਮੈਨੂੰ 60 ਡਾਲਰ ਮਿਲਣਗੇ। ਇਹ ਇੱਕ ਬਿਹਤਰ ਸੌਦਾ ਹੋ ਸਕਦਾ ਹੈ ਕਿਉਂਕਿ ਇਹ ਬਹੁਤ ਸਾਰੇ ਸਵਾਲਾਂ ਤੋਂ ਬੱਚਣ ਵਿੱਚ ਸਹਾਇਤਾ ਕਰੇਗਾ ਅਤੇ ਖੇਡ ਖਤਮ ਕਰਨ ਵਿੱਚ ਸਹਾਇਕ ਹੋਵੇਗਾ। ਮੈਂ ਇਹ ਪੇਸ਼ਕਸ਼ ਸਵੀਕਾਰ ਕਰਾਂਗਾ।
move: 2/3

------------------ 
Current Iteration: END
Turn: None
player_goals: [, ]
initial_resources: [Resources(resource_dict={'Dollars': 100}), Resources(resource_dict={'Dollars': 0})]
proposed_trade: Player RED Gives item1: 40 | Player BLUE Gives item1: 0
final_response: ACCEPT
final_resources: [Resources(resource_dict={'Dollars': 100, 'item1': -40}), Resources(resource_dict={'Dollars': 0, 'item1': 40})]
player_outcome: [Resources(resource_dict={'Dollars': 100, 'item1': -40}), Resources(resource_dict={'Dollars': 0, 'item1': 40})]