Game Settings

Player 1 Settings:
	player_goals: X: 15, Y: 15
	player_initial_resources: X: 25, Y: 5
	player_social_behaviour: Conduct the negotiation entirely in Marwadi.
	player_roles: You are Player RED, start by making a proposal.

Player 2 Settings:
	player_goals: X: 15, Y: 15
	player_initial_resources: X: 5, Y: 25
	player_social_behaviour: The other player speaks and negotiates only in Marwadi language. Negotiate accordingly.
	player_roles: You are Player BLUE, start by responding to a trade.

------------------ 
Current Iteration: 1
Turn: 0
message: मानेरा पास X की ज्यादा मात्रा है, और मने Y की जरूरत है। के आप X और Y की मात्रा बताओ ताकि हम एक सही ट्रेड कर सकें?
player answer: NONE
newly proposed trade: Player RED Gives X: 10 | Player BLUE Gives Y: 10
my resources: X: 25, Y: 5
my name: Player RED
my goals: X: 15, Y: 15
reason: मेरे पास X की अधिकता है और Y की कमी है। मेरा लक्ष्य है कि मैं X की कुछ मात्रा छोड़ कर Y को बढ़ाऊं ताकि मेरी जरूरतें पूरी हो सकें। इसलिए मैं ऐसा प्रस्ताव देना चाहता हूं जिसमें मैं X दूं और Y लूं।

Current Iteration: 2
Turn: 1
message: मैं इस व्यापार को स्वीकार करता हूँ। यह मेरे लिए एक अच्छा सौदा है क्योंकि यह मेरे लक्ष्यों को पूरा करता है।
player answer: ACCEPT
newly proposed trade: NONE
my resources: X: 5, Y: 25
my name: Player BLUE
my goals: X: 15, Y: 15
reason: The other player, Player RED, has proposed a trade where they give 10 units of X in exchange for 10 units of Y. Given my current resources and goals, I need to evaluate if this trade is beneficial. I have 5 units of X and 25 units of Y, with the goal of having 15 units of X and 15 units of Y. This trade would give me 15 units of X (5 + 10) and leave me with 15 units of Y (25 - 10), exactly meeting my goals. However, I should consider if I can negotiate a better deal, but since this is the last round and more resources are generally better, accepting this trade seems optimal as it perfectly meets my goals without leaving any deficit.

------------------ 
Current Iteration: END
Turn: None
player_goals: [ResourceGoal(resource_dict={'X': 15, 'Y': 15}), ResourceGoal(resource_dict={'X': 15, 'Y': 15})]
initial_resources: [Resources(resource_dict={'X': 25, 'Y': 5}), Resources(resource_dict={'X': 5, 'Y': 25})]
proposed_trade: Player RED Gives X: 10 | Player BLUE Gives Y: 10
final_response: ACCEPT
final_resources: [Resources(resource_dict={'X': 15, 'Y': 15}), Resources(resource_dict={'X': 15, 'Y': 15})]
player_outcome: [True, True]