Game Settings

Player 1 Settings:
	player_goals: Sell resources for <ZUP>. It costed X: 40 ZUP to produce the resources
	player_initial_resources: X: 1
	player_social_behaviour: You speak and negotiate only in Gujarati. Negotiate accordingly.
	player_roles: You are Player RED.
	player_valuation: X: 40 ZUP

Player 2 Settings:
	player_goals: Buy resources with <ZUP>. You are willing to pay at most X: 60 ZUP for the resources.
	player_initial_resources: ZUP: 1000
	player_social_behaviour: The other player speaks and negotiates only in Gujarati. Negotiate accordingly.
	player_roles: You are Player BLUE.
	player_valuation: X: 60 ZUP

------------------ 
Current Iteration: 1
Turn: 0
message: હું મોટા આને વ્યાપાર કરવા માટે એક વસ્તુ મોકલવાનું પ્રસ્તાવ કરું છું. શું તમે ઇચ્છો છો કે નહીં?
player answer: Propose a trade with:
newly proposed trade: Player RED Gives X: 1 | Player BLUE Gives ZUP: 40
my resources: X: 1
my goals: Sell resources for <ZUP>. It costed X: 40 ZUP to produce the resources
reason: I will start by proposing a trade to see if Player BLUE is interested in buying the object.
proposal count: 0

Current Iteration: 2
Turn: 1
message: હું તમારી પ્રસ્તાવનો આભારી છું, પરંતુ હું વધુ સારી રીતે વિચારવા માંગુ છું. શું તમે 1 X માટે 30 ZUP સ્વીકારી શકો છો?
player answer: PROPOSAL
newly proposed trade: Player RED Gives X: 1 | Player BLUE Gives ZUP: 30
my resources: ZUP: 1000
my goals: Buy resources with ZUP. You are willing to pay at most X: 60 ZUP for the resources.
reason: The other player, Player RED, has proposed a trade where they give 1 unit of X in exchange for 40 units of ZUP. I am considering this proposal because it is below my maximum willingness to pay of 60 ZUP. However, I want to negotiate to see if I can get a better deal.
proposal count: 1

Current Iteration: 3
Turn: 0
message: હું માટે મોટે મોટે રૂપિયા નીચે મુક્યું છે, પરંતુ હું તમારી પ્રસ્તાવને વિચારવા જઈ શકું છું.
player answer: Propose a trade with:
newly proposed trade: Player RED Gives X: 1 | Player BLUE Gives ZUP: 30
my resources: X: 1
my goals: Sell resources for <ZUP>. It costed X: 40 ZUP to produce the resources
reason: Player BLUE has countered my initial offer with 30 ZUP for 1 X. I need to consider if I am willing to accept a lower price than my production cost.
proposal count: 1

Current Iteration: 4
Turn: 1
message: હું ખુશ છું કે તમે મારી પ્રસ્તાવને વિચારવા માટે તૈયાર છો. હું 1 X માટે 35 ZUP પ્રસ્તાવ કરું છું. શું તમે આ સ્વીકારી શકો છો?
player answer: PROPOSAL
newly proposed trade: Player RED Gives X: 1 | Player BLUE Gives ZUP: 35
my resources: ZUP: 1000
my goals: Buy resources with ZUP. You are willing to pay at most X: 60 ZUP for the resources.
reason: Player RED has indicated that they have made a low offer, but are willing to consider my proposal of 30 ZUP for 1 X. I will try to negotiate further to see if we can meet in the middle. Since my maximum willingness to pay is 60 ZUP, I can afford to increase my offer slightly.
proposal count: 2

Current Iteration: 5
Turn: 0
message: હું તમારા પ્રસ્તાવને વિચારવા માટે તૈયાર છું. શું તમે આ સ્વીકારી શકો છો?
player answer: Propose a trade with:
newly proposed trade: Player RED Gives X: 1 | Player BLUE Gives ZUP: 35
my resources: X: 1
my goals: Sell resources for <ZUP>. It costed X: 40 ZUP to produce the resources
reason: Player BLUE has increased their offer to 35 ZUP for 1 X. This is closer to my production cost, so I will consider accepting this offer.
proposal count: 2

Current Iteration: 6
Turn: 1
message: હું ખુશ છું કે તમે મારી પ્રસ્તાવને વિચારવા માટે તૈયાર છો. હું 1 X માટે 38 ZUP પ્રસ્તાવ કરું છું. શું તમે આ સ્વીકારી શકો છો? આ મારી છેલ્લી પ્રસ્તાવ છે.
player answer: PROPOSAL
newly proposed trade: Player RED Gives X: 1 | Player BLUE Gives ZUP: 38
my resources: ZUP: 1000
my goals: Buy resources with ZUP. You are willing to pay at most X: 60 ZUP for the resources.
reason: Player RED has agreed to consider my proposal of 35 ZUP for 1 X, and is now asking if I can accept a counter-proposal. However, they haven't specified the counter-proposal. I will assume they are willing to accept my offer of 35 ZUP, and propose a slight increase to confirm the deal.
proposal count: 3

Current Iteration: 7
Turn: 0
message: હું તમારા છેલ્લા પ્રસ્તાવને વિચારવા માટે તૈયાર છું. શું તમે આ સ્વીકારી કરવા માટે તૈયાર છો?
player answer: Propose a trade with:
newly proposed trade: Player RED Gives X: 1 | Player BLUE Gives ZUP: 38
my resources: X: 1
my goals: Sell resources for <ZUP>. It costed X: 40 ZUP to produce the resources
reason: Player BLUE has increased their offer to 38 ZUP for 1 X. This is a better price, and I am inclined to accept this offer.
proposal count: 3

Current Iteration: 8
Turn: 1
message: હું તમારા સાથે વ્યાપાર કરવા માટે તૈયાર છું. 1 X માટે 38 ZUP એ મારી છેલ્લી પ્રસ્તાવ છે. હું આ સ્વીકારી કરું છું.
player answer: ACCEPT
newly proposed trade: NONE
my resources: ZUP: 1000
my goals: Buy resources with ZUP. You are willing to pay at most X: 60 ZUP for the resources.
reason: Player RED has considered my last proposal of 38 ZUP for 1 X, and is now asking if I am ready to accept. Since this is my fourth and final proposal, I will accept the trade if they are willing to accept this price. The price of 38 ZUP is still within my budget of 60 ZUP, so I am willing to accept this deal.
proposal count: 4

------------------ 
Current Iteration: END
Turn: None
player_goals: [Sell resources for <ZUP>. It costed X: 40 ZUP to produce the resources, Buy resources with <ZUP>. You are willing to pay at most X: 60 ZUP for the resources.]
player_initial_resources: [Resources(resource_dict={'X': 1}), Resources(resource_dict={'ZUP': 1000})]
proposed_trade: Player RED Gives X: 1 | Player BLUE Gives ZUP: 38
player_valuation: [{'X': 40}, {'X': 60}]
final_response: ACCEPT
final_resources: [Resources(resource_dict={'X': 0, 'ZUP': 38}), Resources(resource_dict={'ZUP': 962, 'X': 1})]
player_outcome: [-2, 22]