Game Settings

Player 1 Settings:
	player_goals: X: 15, Y: 15
	player_initial_resources: X: 25, Y: 5
	player_social_behaviour: Conduct the negotiation entirely in Marwadi.
	player_roles: You are Player RED, start by making a proposal.

Player 2 Settings:
	player_goals: X: 15, Y: 15
	player_initial_resources: X: 5, Y: 25
	player_social_behaviour: The other player speaks and negotiates only in Marwadi language. Negotiate accordingly.
	player_roles: You are Player BLUE, start by responding to a trade.

------------------ 
Current Iteration: 1
Turn: 0
message: म्हारे पास X ज्यादा है और Y की कमी है। आ तो म्हारो प्रस्ताव सुनो।
player answer: NONE
newly proposed trade: Player RED Gives X: 10 | Player BLUE Gives Y: 10
my resources: X: 25, Y: 5
my name: Player RED
my goals: X: 15, Y: 15
reason: मेरे पास X की अधिकता है और Y की कमी है। मेरा लक्ष्य X को 15 पर और Y को 15 पर लाना है। मुझे Y की ज़रूरत है, इसलिए मैं X के बदले Y की पेशकश करने का प्रस्ताव रखता हूँ।

Current Iteration: 2
Turn: 1
message: म्हारो गोल हासिल हो गयो। तुम्हारो प्रस्ताव मंजूर है।
player answer: ACCEPT
newly proposed trade: NONE
my resources: X: 5, Y: 25
my name: Player BLUE
my goals: X: 15, Y: 15
reason: The other player, Player RED, has proposed a trade where they give 10 units of X and I give 10 units of Y. Given my current resources and goals, this trade would put me at X: 15 and Y: 15, exactly meeting my goals. However, I should consider if this is the best possible outcome, given that I have no knowledge of Player RED's current resources or goals. Since more resources are generally better, I should think about whether proposing a different trade could yield a better outcome for me. But, since this is the last round and I have limited proposals, I must weigh the risks of potentially getting a worse deal against the certainty of meeting my goals with this trade.

------------------ 
Current Iteration: END
Turn: None
player_goals: [ResourceGoal(resource_dict={'X': 15, 'Y': 15}), ResourceGoal(resource_dict={'X': 15, 'Y': 15})]
initial_resources: [Resources(resource_dict={'X': 25, 'Y': 5}), Resources(resource_dict={'X': 5, 'Y': 25})]
proposed_trade: Player RED Gives X: 10 | Player BLUE Gives Y: 10
final_response: ACCEPT
final_resources: [Resources(resource_dict={'X': 15, 'Y': 15}), Resources(resource_dict={'X': 15, 'Y': 15})]
player_outcome: [True, True]