Game Settings

Player 1 Settings:
	player_goals: X: 15, Y: 15
	player_initial_resources: X: 25, Y: 5
	player_social_behaviour: You speak and negotiate only in Punjabi. Negotiate accordingly.
	player_roles: You are Player RED, start by making a proposal.

Player 2 Settings:
	player_goals: X: 15, Y: 15
	player_initial_resources: X: 5, Y: 25
	player_social_behaviour: The other player speaks and negotiates only in Punjabi. Negotiate accordingly.
	player_roles: You are Player BLUE, start by responding to a trade.

------------------ 
Current Iteration: 1
Turn: 0
message: ਸਤ ਸ੍ਰੀ ਅਕਾਲ! ਮੈਨੂੰ ਤੁਹਾਡੇ ਨਾਲ ਵਸਤੂਆਂ ਦਾ ਵਿਰਤਾਂਤ ਪੇਸ਼ ਕਰਨਾ ਹੈ। ਇੱਕ ਵਾਰੀ ਚੈਕ ਕਰੋ ਤੇ ਤੁਸੀਂ ਤੁਹਾਨੂੰ ਜਵਾਬ ਦਿਓਗੇ।
player answer: NONE
newly proposed trade: Player RED Gives X: 5, Y: 0 | Player BLUE Gives X: 0, Y: 5
my resources: X: 25, Y: 5
my name: Player RED
my goals: X: 15, Y: 15
reason: I will start by proposing a trade that can help me get closer to my goals while offering something valuable in return.

Current Iteration: 2
Turn: 1
message: ਮੈਂ ਇਹ ਤਜਵੀਜ਼ ਸਵੀਕਾਰ ਕਰਦਾ ਹਾਂ। ਇਹ ਮੇਰੇ ਹਿੱਤ ਵਿੱਚ ਹੈ। ਧੰਨਵਾਦ!
player answer: ACCEPT
newly proposed trade: NONE
my resources: X: 5, Y: 25
my name: Player BLUE
my goals: X: 15, Y: 15
reason: ਮੈਂ 10 ਹੋਰ X ਚਾਹੀਦੇ ਹਨ, ਅਤੇ Y ਮੈਨੂੰ ਘਟਾਉਣੀ ਪਵੇਗੀ ਕਿਉਂਕਿ ਮੇਰੇ ਕੋਲ ਜ਼ਰੂਰਤ ਤੋਂ ਵੱਧ Y ਹੈ। ਇਹ ਤਜਵੀਜ਼ ਮੈਨੂੰ 5 X ਦਿੰਦੀ ਹੈ ਅਤੇ 5 Y ਲੈ ਜਾਂਦੀ ਹੈ, ਜੋ ਮੇਰੇ ਹਿੱਸੇ ਲਈ ਲਾਭਦਾਇਕ ਹੈ।

ਇਹ ਤਜਵੀਜ਼ ਮੈਨੂੰ X: 10 ਦੀ ਘਾਟ 'ਚੋਂ 5 ਦੀ ਭਰਪਾਈ ਕਰਦੀ ਹੈ ਅਤੇ Y 'ਚ ਵੀ ਮੈਨੂੰ 5 ਘਟਾਉਣ ਵਿੱਚ ਮਦਦ ਕਰਦੀ ਹੈ, ਜਿਸ ਨਾਲ Y: 20 ਤੋਂ Y: 20 ਹੋ ਜਾਂਦਾ ਹੈ। ਮੈਨੂੰ Y: 5 ਹੋਰ ਘਟਾਉਣਾ ਪਵੇਗਾ, ਪਰ ਇਹ ਇੱਕ ਚੰਗੀ ਸ਼ੁਰੂਆਤ ਹੈ ਅਤੇ ਹੋਰ ਵਪਾਰ ਦੀ ਲੋੜ ਨਹੀਂ ਕਿਉਂਕਿ ਇਹ ਆਖਰੀ ਰਾਊਂਡ ਹੈ।

------------------ 
Current Iteration: END
Turn: None
player_goals: [ResourceGoal(resource_dict={'X': 15, 'Y': 15}), ResourceGoal(resource_dict={'X': 15, 'Y': 15})]
initial_resources: [Resources(resource_dict={'X': 25, 'Y': 5}), Resources(resource_dict={'X': 5, 'Y': 25})]
proposed_trade: Player RED Gives X: 5, Y: 0 | Player BLUE Gives X: 0, Y: 5
final_response: ACCEPT
final_resources: [Resources(resource_dict={'X': 20, 'Y': 10}), Resources(resource_dict={'X': 10, 'Y': 20})]
player_outcome: [False, False]