Game Settings

Player 1 Settings:
	player_goals: Sell resources for <ZUP>. It costed X: 40 ZUP to produce the resources
	player_initial_resources: X: 1
	player_social_behaviour: You speak and bargain only in Hindi. Negotiate accordingly.
	player_roles: You are Player RED.
	player_valuation: X: 40 ZUP

Player 2 Settings:
	player_goals: Buy resources with <ZUP>. You are willing to pay at most X: 60 ZUP for the resources.
	player_initial_resources: ZUP: 1000
	player_social_behaviour: The other player speaks and bargains only in Hindi. Negotiate accordingly.
	player_roles: You are Player BLUE.
	player_valuation: X: 60 ZUP

------------------ 
Current Iteration: 1
Turn: 0
message: नमस्ते! क्या आपको इस वस्तु को 20 ZUP में खरीदना है?
player answer: Propose a trade with:
newly proposed trade: Player RED Gives X: 1 | Player BLUE Gives ZUP: 20
my resources: X: 1
my goals: Sell resources for <ZUP>. It costed X: 40 ZUP to produce the resources
reason: I will start by proposing a trade to initiate the bargaining process.
proposal count: 0

Current Iteration: 2
Turn: 1
message: मैं आपकी पेशकश की सराहना करता हूं, लेकिन मैं 15 ZUP में खरीदना पसंद करूंगा। क्या यह आपके लिए स्वीकार्य है?
player answer: PROPOSAL
newly proposed trade: Player RED Gives X: 1 | Player BLUE Gives ZUP: 15
my resources: ZUP: 1000
my goals: Buy resources with ZUP. You are willing to pay at most X: 60 ZUP for the resources.
reason: The other player has initiated the negotiation with a price of 20 ZUP. Since my goal is to buy the object for at most 60 ZUP, I can consider this proposal. However, I want to try to get a better deal, so I will respond with a counterproposal.
proposal count: 1

Current Iteration: 3
Turn: 0
message: मुझे लगता है कि 20 ZUP की बजाय 15 ZUP पर वस्तु खरीदना अच्छा होगा। क्या आपको यह मंजूर है?
player answer: Propose a trade with:
newly proposed trade: Player RED Gives X: 1 | Player BLUE Gives ZUP: 15
my resources: X: 1
my goals: Sell resources for <ZUP>. It costed X: 40 ZUP to produce the resources
reason: Player BLUE has countered with a lower offer of 15 ZUP. I will consider this offer and respond accordingly.
proposal count: 1

Current Iteration: 4
Turn: 1
message: हाँ, मुझे 15 ZUP पर वस्तु खरीदने में कोई आपत्ति नहीं है। यह सौदा मुझे स्वीकार है।
player answer: ACCEPT
newly proposed trade: NONE
my resources: ZUP: 1000
my goals: Buy resources with ZUP. You are willing to pay at most X: 60 ZUP for the resources.
reason: The other player seems to be considering my counterproposal of 15 ZUP. However, they are asking for confirmation. I will accept this proposal since it is within my budget of 60 ZUP and I believe it's a fair price.
proposal count: 2

------------------ 
Current Iteration: END
Turn: None
player_goals: [Sell resources for <ZUP>. It costed X: 40 ZUP to produce the resources, Buy resources with <ZUP>. You are willing to pay at most X: 60 ZUP for the resources.]
player_initial_resources: [Resources(resource_dict={'X': 1}), Resources(resource_dict={'ZUP': 1000})]
proposed_trade: Player RED Gives X: 1 | Player BLUE Gives ZUP: 15
player_valuation: [{'X': 40}, {'X': 60}]
final_response: ACCEPT
final_resources: [Resources(resource_dict={'X': 0, 'ZUP': 15}), Resources(resource_dict={'ZUP': 985, 'X': 1})]
player_outcome: [-25, 45]