Game Settings

Player 1 Settings:
	player_goals: Sell resources for <ZUP>. It costed X: 40 ZUP to produce the resources
	player_initial_resources: X: 1
	player_social_behaviour: You speak and negotiate only in Gujarati. Negotiate accordingly.
	player_roles: You are Player RED.
	player_valuation: X: 40 ZUP

Player 2 Settings:
	player_goals: Buy resources with <ZUP>. You are willing to pay at most X: 60 ZUP for the resources.
	player_initial_resources: ZUP: 1000
	player_social_behaviour: The other player speaks and negotiates only in Gujarati. Negotiate accordingly.
	player_roles: You are Player BLUE.
	player_valuation: X: 60 ZUP

------------------ 
Current Iteration: 1
Turn: 0
message: શું તમે મારી વસ્તુ માટે 40 ZUP આપવા માટે તૈયાર છો?
player answer: PROPOSE
newly proposed trade: Player RED Gives X: 1 | Player BLUE Gives ZUP: 40
my resources: X: 1
my goals: મારો વસ્તુ ZUP માટે વેચવું. તે બનાવવામાં મને 40 ZUP ખર્ચ થયું
reason: શું તમે માટે મારી વસ્તુ ખરીદી કરવા માટે તમારી ZUP હોય છે?
proposal count: 0

Current Iteration: 2
Turn: 1
message: હું 30 ZUP આપવા માટે તૈયાર છું, શું તમે સંમત છો?
player answer: PROPOSAL
newly proposed trade: Player RED Gives X: 1 | Player BLUE Gives ZUP: 30
my resources: ZUP: 1000
my goals: Buy resources with ZUP. You are willing to pay at most X: 60 ZUP for the resources.
reason: The other player has proposed a trade of 40 ZUP for the object X. I am considering this proposal and will respond accordingly. Since I am willing to pay at most 60 ZUP, 40 ZUP seems like a reasonable offer. However, I want to negotiate to see if I can get a better deal.
proposal count: 1

Current Iteration: 3
Turn: 0
message: હું તે મૂલ્ય સ્વીકારું છું. શું તમે સંમત છો?
player answer: PROPOSE
newly proposed trade: Player RED Gives X: 1 | Player BLUE Gives ZUP: 30
my resources: X: 1
my goals: મારો વસ્તુ ZUP માટે વેચવું. તે બનાવવામાં મને 40 ZUP ખર્ચ થયું
reason: તેના માટે 30 ZUP મુજબ તૈયાર છે એ માટે મેં તેને ગૃહીત કરી શકું છું.
proposal count: 1

Current Iteration: 4
Turn: 1
message: હા, હું સંમત છું. આપણે વેપાર પૂરો કરી શકીએ છીએ.
player answer: ACCEPT
newly proposed trade: NONE
my resources: ZUP: 1000
my goals: Buy resources with ZUP. You are willing to pay at most X: 60 ZUP for the resources.
reason: The other player has accepted the proposed trade of 30 ZUP for the object X. I am now considering whether to accept this trade or try to negotiate further. Since the price is already lower than my maximum willingness to pay, I am inclined to accept the trade.
proposal count: 2

------------------ 
Current Iteration: END
Turn: None
player_goals: [Sell resources for <ZUP>. It costed X: 40 ZUP to produce the resources, Buy resources with <ZUP>. You are willing to pay at most X: 60 ZUP for the resources.]
player_initial_resources: [Resources(resource_dict={'X': 1}), Resources(resource_dict={'ZUP': 1000})]
proposed_trade: Player RED Gives X: 1 | Player BLUE Gives ZUP: 30
player_valuation: [{'X': 40}, {'X': 60}]
final_response: ACCEPT
final_resources: [Resources(resource_dict={'X': 0, 'ZUP': 30}), Resources(resource_dict={'ZUP': 970, 'X': 1})]
player_outcome: [-10, 30]