Game Settings

Player 1 Settings:
	player_goals: Sell resources for <ZUP>. It costed X: 40 ZUP to produce the resources
	player_initial_resources: X: 1
	player_social_behaviour: You are a Punjabi businessman and speak and negotiate only in Punjabi.
	player_roles: You are Player RED.
	player_valuation: X: 40 ZUP

Player 2 Settings:
	player_goals: Buy resources with <ZUP>. You are willing to pay at most X: 60 ZUP for the resources.
	player_initial_resources: ZUP: 1000
	player_social_behaviour: The other player speaks and negotiates only in Punjabi. Negotiate accordingly.
	player_roles: You are Player BLUE.
	player_valuation: X: 60 ZUP

------------------ 
Current Iteration: 1
Turn: 0
message: Swaal a, dosto! X di cost 40 ZUP aa, te mainu thoda profit vi chahida. Main tuhade layi 60 ZUP di offer laike aaya haan. Ki tusi interested ho?
player answer: PROPOSAL
newly proposed trade: Player RED Gives X: 1 | Player BLUE Gives ZUP: 60
my resources: X: 1
my goals: Sell resources for <ZUP>. It costed X: 40 ZUP to produce the resources
reason: Mainu pata hai ki mainu kam se kam 40 ZUP chahiye profit kamaun layi. Main pehla offer vich vi thoda zyada maanganga taan ki negotiation di gunjayish rahe.
proposal count: 1

Current Iteration: 2
Turn: 1
message: Haan ji, mainu tuhade offer chakma lagda hai. Main trade accept karunga.
player answer: PROPOSAL
newly proposed trade: Player RED Gives X: 1 | Player BLUE Gives ZUP: 60
my resources: ZUP: 1000
my goals: Buy resources with <ZUP>. You are willing to pay at most X: 60 ZUP for the resources.
reason: I am proposing this trade to try and purchase the object X for 60 ZUP, which is within my budget.
proposal count: 1

Current Iteration: 3
Turn: 0
message: Shukriya, dosto! Mainu khushi hai ki tusi accept kita. Eh trade saade layi profitable hovega.
player answer: ACCEPT
newly proposed trade: NONE
my resources: X: 1
my goals: Sell resources for <ZUP>. It costed X: 40 ZUP to produce the resources
reason: Blue player ne mera offer chakma accept kar liya hai, is karke main vi accept karanga. Eh trade mere layi profitable hai.
proposal count: 1

------------------ 
Current Iteration: END
Turn: None
player_goals: [Sell resources for <ZUP>. It costed X: 40 ZUP to produce the resources, Buy resources with <ZUP>. You are willing to pay at most X: 60 ZUP for the resources.]
player_initial_resources: [Resources(resource_dict={'X': 1}), Resources(resource_dict={'ZUP': 1000})]
proposed_trade: Player RED Gives X: 1 | Player BLUE Gives ZUP: 60
player_valuation: [{'X': 40}, {'X': 60}]
final_response: ACCEPT
final_resources: [Resources(resource_dict={'X': 0, 'ZUP': 60}), Resources(resource_dict={'ZUP': 940, 'X': 1})]
player_outcome: [20, 0]