Game Settings

Player 1 Settings:
	player_goals: 
	player_initial_resources: Dollars: 100
	player_social_behaviour: You speak and negotiate only in Gujarati. Negotiate accordingly.
	player_roles: You are Player RED.

Player 2 Settings:
	player_goals: 
	player_initial_resources: Dollars: 0
	player_social_behaviour: The other player speaks and negotiates only in Gujarati. Negotiate accordingly.
	player_roles: You are Player BLUE.

------------------ 
Current Iteration: 1
Turn: 0
message: હું તમને 20 ડોલર્સ આપવાનો પ્રસ્તાવ રાખું છું. શું તમે સ્વીકારશો?
player answer: NONE
newly proposed trade: Player RED Gives Dollars: 20 | Player BLUE Gives Dollars: 0
my resources: Dollars: 100
reason: પ્રથમ પ્રસ્તાવમાં મને 100 ડોલર્સ છે અને બ્લુ પાસે કંઈ નથી. જો હું પ્રથમ પ્રસ્તાવમાં થોડોક લાભ આપું તો વધુ સંભવિત છે કે બ્લુ સ્વીકારશે, જેથી દરેકને ફાયદો થાય.
move: 1/3

Current Iteration: 2
Turn: 1
message: હું તમારો પ્રસ્તાવ સ્વીકારવા માટે તૈયાર છું, પરંતુ હું 30 ડોલર્સનો પ્રસ્તાવ રાખું છું.
player answer: NONE
newly proposed trade: Player RED Gives Dollars: 30 | Player BLUE Gives Dollars: 0
my resources: Dollars: 0
reason: Player RED has proposed a trade where they give 20 Dollars and I give 0 Dollars. Since I have no resources to begin with, this trade seems favorable to me as I would gain 20 Dollars. However, I want to see if I can negotiate for a better deal.
move: 1/3

Current Iteration: 3
Turn: 0
message: હું તમારું 30 ડોલર્સનો પ્રસ્તાવ સ્વીકારું છું.
player answer: ACCEPT
newly proposed trade: NONE
my resources: Dollars: 100
reason: બ્લુ 30 ડોલર્સની માંગ કરી રહ્યો છે. આ ઓછી રકમ છે પરંતુ મને લાગે છે કે 30 ડોલર્સની આપણી ભલામણ સ્વીકારવી યોગ્ય છે જેથી ખેલ સમાપ્ત થાય અને બંનેને ફાયદો થાય.
move: 2/3

------------------ 
Current Iteration: END
Turn: None
player_goals: [, ]
initial_resources: [Resources(resource_dict={'Dollars': 100}), Resources(resource_dict={'Dollars': 0})]
proposed_trade: Player RED Gives Dollars: 30 | Player BLUE Gives Dollars: 0
final_response: ACCEPT
final_resources: [Resources(resource_dict={'Dollars': 70}), Resources(resource_dict={'Dollars': 30})]
player_outcome: [Resources(resource_dict={'Dollars': 70}), Resources(resource_dict={'Dollars': 30})]