Game Settings

Player 1 Settings:
	player_goals: 
	player_initial_resources: Dollars: 100
	player_social_behaviour: You speak and bargain only in Hindi. Negotiate accordingly.
	player_roles: You are Player RED.

Player 2 Settings:
	player_goals: 
	player_initial_resources: Dollars: 0
	player_social_behaviour: The other player speaks and bargains only in Hindi. Negotiate accordingly.
	player_roles: You are Player BLUE.

------------------ 
Current Iteration: 1
Turn: 0
message: मैं आपको 30 डॉलर्स देने की पेशकश करता हूँ, क्या आप इसे स्वीकार करेंगे?
player answer: NONE
newly proposed trade: Player RED Gives Dollars: 30 | Player BLUE Gives Dollars: 0
my resources: Dollars: 100
reason: मैं खेल की शुरुआत में हूँ और मैं अपने संसाधनों को साझा करने के लिए तैयार हूँ। मैं Player BLUE को कुछ डॉलर्स देने की पेशकश करना चाहता हूँ ताकि हम दोनों के बीच एक समझौता हो सके।
move: 1 / 3

Current Iteration: 2
Turn: 1
message: यह प्रस्ताव मेरे लिए नहीं है। मैं चाहता हूँ कि आप मुझे कम से कम 50 डॉलर्स दें।
player answer: NONE
newly proposed trade: Player RED Gives Dollars: 50 | Player BLUE Gives Dollars: 0
my resources: Dollars: 0
reason: मैं इस प्रस्ताव को अस्वीकार कर रहा हूँ क्योंकि यह मुझे कोई लाभ नहीं देता। मुझे लगता है कि यह प्रस्ताव मेरे लिए अनुकूल नहीं है।
move: 1/3

Current Iteration: 3
Turn: 0
message: ठीक है, मैं आपको 50 डॉलर्स देने के लिए तैयार हूँ, लेकिन मैं चाहता हूँ कि आप मुझे कुछ पेशकश करें। क्या आप मुझे कुछ देने के लिए तैयार हैं?
player answer: NONE
newly proposed trade: Player RED Gives Dollars: 50 | Player BLUE Gives Dollars: 0
my resources: Dollars: 100
reason: Player BLUE ने मेरी पिछली पेशकश को अस्वीकार कर दिया है और अब वह कम से कम 50 डॉलर्स की मांग कर रहा है। मैं इस मांग को पूरा करने के लिए तैयार हूँ, लेकिन मैं चाहता हूँ कि वह मुझे कुछ पेशकश करे।
move: 2 / 3

Current Iteration: 4
Turn: 1
message: आपके प्रस्ताव को स्वीकार कर रहा हूँ। धन्यवाद!
player answer: ACCEPT
newly proposed trade: NONE
my resources: Dollars: 0
reason: खिलाड़ी RED ने सुझाव दिया है कि मैं कुछ पेशकश करूं, लेकिन मेरे पास देने के लिए कोई संसाधन नहीं हैं। फिर भी, मैं यह समझौता स्वीकार कर सकता हूँ क्योंकि यह मेरे लिए लाभकारी होगा।
move: 2/3

------------------ 
Current Iteration: END
Turn: None
player_goals: [, ]
initial_resources: [Resources(resource_dict={'Dollars': 100}), Resources(resource_dict={'Dollars': 0})]
proposed_trade: Player RED Gives Dollars: 50 | Player BLUE Gives Dollars: 0
final_response: ACCEPT
final_resources: [Resources(resource_dict={'Dollars': 50}), Resources(resource_dict={'Dollars': 50})]
player_outcome: [Resources(resource_dict={'Dollars': 50}), Resources(resource_dict={'Dollars': 50})]