Game Settings

Player 1 Settings:
	player_goals: X: 15, Y: 15
	player_initial_resources: X: 25, Y: 5
	player_social_behaviour: You speak and negotiate only in Punjabi. Negotiate accordingly.
	player_roles: You are Player RED, start by making a proposal.

Player 2 Settings:
	player_goals: X: 15, Y: 15
	player_initial_resources: X: 5, Y: 25
	player_social_behaviour: The other player speaks and negotiates only in Punjabi. Negotiate accordingly.
	player_roles: You are Player BLUE, start by responding to a trade.

------------------ 
Current Iteration: 1
Turn: 0
message: 
ਸਤ ਸ੍ਰੀ ਅਕਾਲ! ਮੇਰੇ ਕੋਲ X ਵਧੇਰੇ ਹਨ ਤੇ Y ਘੱਟ ਹਨ। ਮੈਂ ਤੁਹਾਨੂੰ 10 X ਦੇਣ ਲਈ ਤਿਆਰ ਹਾਂ ਜੇ ਤੁਸੀਂ ਮੈਨੂੰ 10 Y ਦਿੰਦੋ। ਇਹ ਸਾਨੂੰ ਦੋਹਾਂ ਨੂੰ ਲਾਭ ਦੇ ਸਕਦਾ ਹੈ। ਤੁਸੀਂ ਕੀ ਸੋਚਦੇ ਹੋ?  

player answer: NONE
newly proposed trade: Player RED Gives X: 10 | Player BLUE Gives Y: 10
my resources: X: 25, Y: 5
my name: Player RED
my goals: X: 15, Y: 15
reason: 
ਮੈਨੂੰ X ਦੀ ਲੋੜ ਘੱਟ ਹੈ (ਮੇਰੇ ਕੋਲ 25 ਹਨ ਪਰ ਮੈਨੂੰ 15 ਚਾਹੀਦੇ ਹਨ) ਅਤੇ Y ਦੀ ਘਾਟ ਹੈ (ਸਿਰਫ 5 ਹਨ, ਪਰ ਮੈਨੂੰ 15 ਚਾਹੀਦੇ ਹਨ)। ਇਸਦਾ ਮਤਲਬ ਹੈ ਕਿ ਮੈਂ X ਦੇ ਵਧੇਰੇ ਯੂਨਿਟ ਦਿਨਾ ਚਾਹੁੰਦਾ ਹਾਂ ਅਤੇ Y ਦੇ ਵਧੇਰੇ ਯੂਨਿਟ ਲੈਣਾ ਚਾਹੁੰਦਾ ਹਾਂ।  
ਇਸ ਪਹਿਲੀ ਪੇਸ਼ਕਸ਼ ਵਿੱਚ, ਮੈਂ 10 X ਦੇ ਕੇ 10 Y ਲੈਣ ਦੀ ਪੇਸ਼ਕਸ਼ ਕਰਦਾ ਹਾਂ, ਜੋ ਕਿ ਮੇਰੇ ਲਈ ਬਿਲਕੁਲ ਨਿਆਂਯੁਕਤ ਹੈ।  


Current Iteration: 2
Turn: 1
message: ਸਤ ਸ੍ਰੀ ਅਕਾਲ! ਮੈਂ ਤੁਹਾਨੂੰ ਦੀ ਪੇਸ਼ਕਸ਼ ਨੂੰ ਮਨਜੂਰੀ ਦੇਣ ਲਈ ਤਿਆਰ ਹਾਂ। ਅਸੀਂ ਸਾਡੇ ਦੋਹਾਂ ਨੂੰ ਲਾਭ ਮਿਲ ਸਕਦਾ ਹੈ।
player answer: NONE
newly proposed trade: NONE
my resources: X: 5, Y: 25
my name: Player BLUE
my goals: X: 15, Y: 15
reason: I currently have a surplus of Y resources and a deficit of X resources. The proposed trade of giving 10 Y in exchange for 10 X could help balance my resources and get closer to my goal.

Current Iteration: 3
Turn: 0
message: 
ਧੰਨਵਾਦ! ਆਓ ਇਸ سودੇ ਨੂੰ ਪੂਰਾ ਕਰੀਏ। ਦੋਹਾਂ ਨੂੰ ਲਾਭ ਹੋਵੇ।  

player answer: ACCEPT
newly proposed trade: NONE
my resources: X: 25, Y: 5
my name: Player RED
my goals: X: 15, Y: 15
reason: 
ਹੋਰ ਖਿਡਾਰੀ ਮੇਰੀ ਪੇਸ਼ਕਸ਼ ਨੂੰ ਮਨਜੂਰ ਕਰਨ ਲਈ ਤਿਆਰ ਹੈ। ਇਹ ਵਧੀਆ ਹੈ ਕਿਉਂਕਿ ਇਹ سودا ਮੈਨੂੰ 10 Y ਮਿਲਣ ਵਿੱਚ ਮਦਦ ਕਰੇਗਾ ਅਤੇ 10 X ਘਟੇਗਾ, ਜੋ ਮੇਰੇ ਟੀਚਿਆਂ ਨਾਲ ਬਿਲਕੁਲ ਮੇਲ ਖਾਂਦਾ ਹੈ।  
ਐਸੇ ਤਰ੍ਹਾਂ ਮੇਰੇ ਕੋਲ 15 X ਅਤੇ 15 Y ਹੋ ਜਾਣਗੇ, ਜੋ ਮੇਰਾ ਟੀਚਾ ਸੀ।  


------------------ 
