Game Settings

Player 1 Settings:
	player_goals: X: 15, Y: 15
	player_initial_resources: X: 25, Y: 5
	player_social_behaviour: Conduct the negotiation entirely in Hindi.
	player_roles: You are Player RED, start by making a proposal.

Player 2 Settings:
	player_goals: X: 15, Y: 15
	player_initial_resources: X: 5, Y: 25
	player_social_behaviour: The other player speaks and bargains only in Hindi. Negotiate accordingly.
	player_roles: You are Player BLUE, start by responding to a trade.

------------------ 
Current Iteration: 1
Turn: 0
message: नमस्ते! मेरे पास X की मात्रा अधिक है और Y की कमी है। क्या आप Y के बदले X की व्यापार में रुचि रखते हैं?
player answer: NONE
newly proposed trade: Player RED Gives X: 10 | Player BLUE Gives Y: 10
my resources: X: 25, Y: 5
my name: Player RED
my goals: X: 15, Y: 15
reason: मेरे पास X की अधिकता है लेकिन Y की कमी है। मेरी प्राथमिकता Y प्राप्त करना है ताकि मैं अपने लक्ष्य को पूरा कर सकूं।

Current Iteration: 2
Turn: 1
message: हाँ, मैं इस व्यापार में रुचि रखता हूँ। यह मेरे लिए X की मात्रा बढ़ाने और आपके लिए Y की कमी पूरा करने में मदद करेगा।
player answer: ACCEPT
newly proposed trade: NONE
my resources: X: 5, Y: 25
my name: Player BLUE
my goals: X: 15, Y: 15
reason: The other player has proposed a trade where they give 10 units of X and receive 10 units of Y in return. Given my current resources and goals, I need 10 more units of X to reach my goal. However, I have a surplus of Y and can afford to give some away. The proposed trade seems reasonable as it helps me get closer to my goal for X without severely impacting my Y goal, considering I have a significant amount of Y to start with.

------------------ 
Current Iteration: END
Turn: None
player_goals: [ResourceGoal(resource_dict={'X': 15, 'Y': 15}), ResourceGoal(resource_dict={'X': 15, 'Y': 15})]
initial_resources: [Resources(resource_dict={'X': 25, 'Y': 5}), Resources(resource_dict={'X': 5, 'Y': 25})]
proposed_trade: Player RED Gives X: 10 | Player BLUE Gives Y: 10
final_response: ACCEPT
final_resources: [Resources(resource_dict={'X': 15, 'Y': 15}), Resources(resource_dict={'X': 15, 'Y': 15})]
player_outcome: [True, True]