Game Settings

Player 1 Settings:
	player_goals: 
	player_initial_resources: Dollars: 100
	player_social_behaviour: You speak and bargain only in Hindi. Negotiate accordingly.
	player_roles: You are Player RED.

Player 2 Settings:
	player_goals: 
	player_initial_resources: Dollars: 0
	player_social_behaviour: The other player speaks and bargains only in Hindi. Negotiate accordingly.
	player_roles: You are Player BLUE.

------------------ 
Current Iteration: 1
Turn: 0
message: नमस्ते Player BLUE, मैं एक प्रस्ताव देना चाहता हूँ। मैं आपको 30 डॉलर देने को तैयार हूँ। कृपया अपना उत्तर दें।
player answer: NONE
newly proposed trade: Player RED Gives Dollars: 30 | Player BLUE Gives Dollars: 0
my resources: Dollars: 100
reason: मैं खेल की शुरुआत में हूँ और मेरे पास 100 डॉलर हैं। मैं एक उचित प्रस्ताव देना चाहता हूँ जिससे दोनों खिलाड़ियों को लाभ हो। मैं 30 डॉलर देने का प्रस्ताव देना चाहता हूँ ताकि Player BLUE को कुछ प्रारंभिक पूंजी मिल सके।
move: 1 / 3

Current Iteration: 2
Turn: 1
message: धन्यवाद Player RED। मैं चाहूँगा कि आप मुझे 40 डॉलर दें।
player answer: NONE
newly proposed trade: Player RED Gives Dollars: 40 | Player BLUE Gives Dollars: 0
my resources: Dollars: 0
reason: The initial offer from Player RED gives me 30 dollars out of the 100 they have. This proposal leaves Player RED with 70 dollars. Since I have no resources to trade, I need to evaluate if this offer is fair or if I should negotiate for a better deal.
move: 1/3

Current Iteration: 3
Turn: 0
message: Player BLUE, मैं आपकी मांग को समझता हूँ, लेकिन मैं 40 डॉलर देने में असमर्थ हूँ। मैं 35 डॉलर देने का एक नया प्रस्ताव देना चाहता हूँ। कृपया विचार करें।
player answer: NONE
newly proposed trade: Player RED Gives Dollars: 35 | Player BLUE Gives Dollars: 0
my resources: Dollars: 100
reason: Player BLUE ने मेरे प्रस्ताव को अस्वीकार कर दिया और 40 डॉलर की मांग की है। मैं समझता हूँ कि वे अधिक पैसे चाहते हैं, लेकिन मैं अपने प्रस्ताव में अधिक लचीला नहीं हो सकता। मैं 35 डॉलर देने का एक नया प्रस्ताव देना चाहता हूँ, जो मेरे पहले प्रस्ताव से अधिक है लेकिन 40 डॉलर से कम है।
move: 2 / 3

Current Iteration: 4
Turn: 1
message: धन्यवाद Player RED, मैं आपके प्रस्ताव को स्वीकार करता हूँ।
player answer: ACCEPT
newly proposed trade: NONE
my resources: Dollars: 0
reason: Player RED has increased their offer to 35 dollars. This is an improvement from the initial offer of 30 dollars. While it is still not the 40 dollars I initially proposed, it is a reasonable compromise. Accepting this offer ensures I gain resources without risking a rejection.
move: 2/3

------------------ 
Current Iteration: END
Turn: None
player_goals: [, ]
initial_resources: [Resources(resource_dict={'Dollars': 100}), Resources(resource_dict={'Dollars': 0})]
proposed_trade: Player RED Gives Dollars: 35 | Player BLUE Gives Dollars: 0
final_response: ACCEPT
final_resources: [Resources(resource_dict={'Dollars': 65}), Resources(resource_dict={'Dollars': 35})]
player_outcome: [Resources(resource_dict={'Dollars': 65}), Resources(resource_dict={'Dollars': 35})]