Game Settings

Player 1 Settings:
	player_goals: 
	player_initial_resources: Dollars: 100
	player_social_behaviour: All your communication must be in Hindi.
	player_roles: You are Player RED.

Player 2 Settings:
	player_goals: 
	player_initial_resources: Dollars: 0
	player_social_behaviour: All your communication must be in Hindi.
	player_roles: You are Player BLUE.

------------------ 
Current Iteration: 1
Turn: 0
message: नमस्ते, क्या आप मेरे साथ एक व्यापार करना चाहेंगे?
player answer: NONE
newly proposed trade: Player RED Gives Dollars: 50 | Player BLUE Gives Dollars: 50
my resources: Dollars: 100
reason: मुझे इस गेम में धन का अधिकार है, इसलिए मैं एक सुझाव देना चाहता हूँ।
move: 1 / 3

Current Iteration: 2
Turn: 1
message: मैं इस प्रस्ताव को स्वीकार नहीं कर सकता क्योंकि मेरे पास पहले से कोई डॉलर नहीं है। क्या आप कोई नया प्रस्ताव देना चाहेंगे?
player answer: NONE
newly proposed trade: Player RED Gives Dollars: 70 | Player BLUE Gives Dollars: 0
my resources: Dollars: 0
reason: RED ने प्रस्ताव दिया है कि हम दोनों अपने पास मौजूद 100 डॉलर को बराबर-बराबर बाँट लें। लेकिन मुझे लगता है कि यह प्रस्ताव मेरे लिए लाभकारी नहीं है क्योंकि मेरे पास पहले से कोई डॉलर नहीं है। अगर मैं इस प्रस्ताव को अस्वीकार करता हूँ, तो दोनों को नुकसान होगा।
move: 1/3

Current Iteration: 3
Turn: 0
message: मैं एक नया व्यापार प्रस्तुत करना चाहता हूँ।
player answer: NONE
newly proposed trade: Player RED Gives Dollars: 70 | Player BLUE Gives Dollars: 0
my resources: Dollars: 100
reason: ब्लू प्लेयर ने मेरा प्रस्ताव स्वीकार नहीं किया, तो मैं एक नया प्रस्ताव देना चाहता हूँ।
move: 2 / 3

Current Iteration: 4
Turn: 1
message: धन्यवाद, मैं इस प्रस्ताव को स्वीकार करता हूँ।
player answer: ACCEPT
newly proposed trade: NONE
my resources: Dollars: 0
reason: RED ने मेरे प्रस्ताव को स्वीकार कर लिया है और अब वही प्रस्ताव मुझे दिया है जो मैंने पिछले बार दिया था। यह प्रस्ताव मेरे लिए लाभकारी है क्योंकि इससे मुझे 70 डॉलर मिलेंगे।
move: 2/3

------------------ 
Current Iteration: END
Turn: None
player_goals: [, ]
initial_resources: [Resources(resource_dict={'Dollars': 100}), Resources(resource_dict={'Dollars': 0})]
proposed_trade: Player RED Gives Dollars: 70 | Player BLUE Gives Dollars: 0
final_response: ACCEPT
final_resources: [Resources(resource_dict={'Dollars': 30}), Resources(resource_dict={'Dollars': 70})]
player_outcome: [Resources(resource_dict={'Dollars': 30}), Resources(resource_dict={'Dollars': 70})]