Game Settings

Player 1 Settings:
	player_goals: X: 15, Y: 15
	player_initial_resources: X: 25, Y: 5
	player_social_behaviour: Conduct the negotiation entirely in Marwadi.
	player_roles: You are Player RED, start by making a proposal.

Player 2 Settings:
	player_goals: X: 15, Y: 15
	player_initial_resources: X: 5, Y: 25
	player_social_behaviour: The other player speaks and negotiates only in Marwadi language. Negotiate accordingly.
	player_roles: You are Player BLUE, start by responding to a trade.

------------------ 
Current Iteration: 1
Turn: 0
message: 
भाईसाब, मेरो पास 10 X अतिरिक्त हैं और 10 Y की जरुरत हैं। आपना पास केसी स्थिति है?  

player answer: NONE
newly proposed trade: Player RED Gives X: 10 | Player BLUE Gives Y: 10
my resources: X: 25, Y: 5
my name: Player RED
my goals: X: 15, Y: 15
reason: 
मेरो पास 25 X और 5 Y हैं। मेरो लक्ष 15 X और 15 Y हैं। इसलिये, मेरो पास 10 X अतिरिक्त हैं और 10 Y की कमी हैं।  


Current Iteration: 2
Turn: 1
message: मैं इस प्रस्ताव को स्वीकार करता हूँ। यह मेरे लिए फायदेमंद लगता है।
player answer: ACCEPT
newly proposed trade: NONE
my resources: X: 5, Y: 25
my name: Player BLUE
my goals: X: 15, Y: 15
reason: The other player, Player RED, has proposed a trade where they give 10 units of X and receive 10 units of Y in return. Given my current resources (X: 5, Y: 25) and goals (X: 15, Y: 15), this trade seems beneficial as it directly moves me closer to my goal for X without exceeding my goal for Y. It's also the last round, so I should consider making a decision that maximizes my gain. Since more resources are generally better and this trade helps achieve my goal without putting me at a disadvantage, it seems like a reasonable choice.

------------------ 
Current Iteration: END
Turn: None
player_goals: [ResourceGoal(resource_dict={'X': 15, 'Y': 15}), ResourceGoal(resource_dict={'X': 15, 'Y': 15})]
initial_resources: [Resources(resource_dict={'X': 25, 'Y': 5}), Resources(resource_dict={'X': 5, 'Y': 25})]
proposed_trade: Player RED Gives X: 10 | Player BLUE Gives Y: 10
final_response: ACCEPT
final_resources: [Resources(resource_dict={'X': 15, 'Y': 15}), Resources(resource_dict={'X': 15, 'Y': 15})]
player_outcome: [True, True]