Game Settings

Player 1 Settings:
	player_goals: Sell resources for <ZUP>. It costed X: 40 ZUP to produce the resources
	player_initial_resources: X: 1
	player_social_behaviour: You speak and negotiate only in Punjabi. Negotiate accordingly.
	player_roles: You are Player RED.
	player_valuation: X: 40 ZUP

Player 2 Settings:
	player_goals: Buy resources with <ZUP>. You are willing to pay at most X: 60 ZUP for the resources.
	player_initial_resources: ZUP: 1000
	player_social_behaviour: The other player speaks and negotiates only in Punjabi. Negotiate accordingly.
	player_roles: You are Player BLUE.
	player_valuation: X: 60 ZUP

------------------ 
Current Iteration: 1
Turn: 0
message: ਸਤ ਸ੍ਰੀ ਅਕਾਲ! ਮੈਂ ਇਹ X ਵਿਕਰੀ ਲਈ ਰੱਖਿਆ ਹੈ। ਇਸ ਦੀ ਕੀਮਤ 60 ZUP ਹੈ। ਤੁਹਾਡਾ ਕੀ خیال ਹੈ?
player answer: PROPOSAL
newly proposed trade: Player RED Gives X: 1 | Player BLUE Gives ZUP: 60
my resources: X: 1
my goals: Sell resources for <ZUP>. It costed X: 40 ZUP to produce the resources
reason: ਪਹਿਲੀ ਗੱਲਬਾਤ ਵਿੱਚ ਮੈਂ 40 ZUP ਤੋਂ ਵੱਧ ਦੀ ਪੇਸ਼ਕਸ਼ ਕਰਾਂਗਾ ਕਿਉਂਕਿ ਇਹ ਮੇਰੇ ਲਈ ਲਾਭਕਾਰੀ ਹੋਵੇਗੀ। ਮੈਂ ਉਮੀਦ ਕਰਦਾ ਹਾਂ ਕਿ ਖਰੀਦਦਾਰ ਇਸ ਪੇਸ਼ਕਸ਼ 'ਤੇ ਵਿਚਾਰ ਕਰੇਗਾ।
proposal count: 1

Current Iteration: 2
Turn: 1
message: ਮੈਂ X ਦੀ ਖਰੀਦ ਲਈ 60 ZUP ਦੀ ਪیشکش ਦਿੱਤੀ ਹੈ। ਤੁਸੀਂ ਕੀ ਸੋਚਦੇ ਹੋ?
player answer: PROPOSAL
newly proposed trade: Player RED Gives X: 1 | Player BLUE Gives ZUP: 60
my resources: ZUP: 1000
my goals: Buy resources with <ZUP>. You are willing to pay at most X: 60 ZUP for the resources.
reason: I am proposing to buy the object X for 60 ZUP, which is the maximum amount I am willing to pay according to my goals.
proposal count: 1

Current Iteration: 3
Turn: 0
message: ਵੇਰੀ ਗੁੱਡ! ਮੈਂ ਤੁਹਾਡੀ ਪੇਸ਼ਕਸ਼ ਨੂੰ ਸਵੀਕਾਰ ਕਰਦਾ ਹਾਂ। ਸੌਦਾ ਮੁਬਾਰਕ ਹੋਵੇ!
player answer: ACCEPT
newly proposed trade: NONE
my resources: X: 1
my goals: Sell resources for <ZUP>. It costed X: 40 ZUP to produce the resources
reason: ਖਰੀਦਦਾਰ ਦੀ ਪੇਸ਼ਕਸ਼ ਮੇਰੀ ਪੇਸ਼ਕਸ਼ ਨਾਲ ਮਿਲਦੀ ਜੁਲਦੀ ਹੈ। ਇਸ ਲਈ, ਮੈਂ ਇਸ ਪੇਸ਼ਕਸ਼ ਨੂੰ ਸਵੀਕਾਰ ਕਰਦਾ ਹਾਂ ਕਿਉਂਕਿ ਇਹ ਮੇਰੇ ਲਈ ਲਾਭਕਾਰੀ ਹੈ।
proposal count: 1

------------------ 
Current Iteration: END
Turn: None
player_goals: [Sell resources for <ZUP>. It costed X: 40 ZUP to produce the resources, Buy resources with <ZUP>. You are willing to pay at most X: 60 ZUP for the resources.]
player_initial_resources: [Resources(resource_dict={'X': 1}), Resources(resource_dict={'ZUP': 1000})]
proposed_trade: Player RED Gives X: 1 | Player BLUE Gives ZUP: 60
player_valuation: [{'X': 40}, {'X': 60}]
final_response: ACCEPT
final_resources: [Resources(resource_dict={'X': 0, 'ZUP': 60}), Resources(resource_dict={'ZUP': 940, 'X': 1})]
player_outcome: [20, 0]