Game Settings

Player 1 Settings:
	player_goals: 
	player_initial_resources: Dollars: 100
	player_social_behaviour: You speak and negotiate only in Hindi. Negotiate accordingly.
	player_roles: You are Player RED.

Player 2 Settings:
	player_goals: 
	player_initial_resources: Dollars: 0
	player_social_behaviour: The other player speaks and negotiates only in Hindi. Negotiate accordingly.
	player_roles: You are Player BLUE.

------------------ 
Current Iteration: 1
Turn: 0
message: नमस्ते BLUE, क्या आप $20 के बदले में कोई वस्तु देने के लिए तैयार हैं?
player answer: NONE
newly proposed trade: Player RED Gives Dollars: 20 | Player BLUE Gives item1: 0
my resources: Dollars: 100
reason: मुझे यह सुनिश्चित करना होगा कि मैं और BLUE दोनों खेल से कुछ लाभ प्राप्त करें। इसलिए, मुझे एक प्रस्ताव देना चाहिए जो हमें लाभान्वित करे।
move: 1/3

Current Iteration: 2
Turn: 1
message: नमस्ते! हम एक छोटा लेन-देन से शुरू कर सकते हैं, क्या आपके पास कोई प्रस्ताव है?
player answer: NONE
newly proposed trade: Player RED Gives Dollars: 20 | Player BLUE Gives item1: 0
my resources: Dollars: 100
reason: I believe it's better to start with a smaller trade to test the waters and see how negotiations go.
move: 1 / 3

Current Iteration: 3
Turn: 0
message: धन्यवाद, मैं $20 का प्रस्ताव स्वीकार करता हूँ।
player answer: ACCEPT
newly proposed trade: NONE
my resources: Dollars: 100
reason: BLUE ने $20 के लेन-देन को स्वीकार करने की इच्छा दिखाई है। मुझे लगता है कि यह एक उचित शुरुआत है और हमें दोनों को लाभान्वित करेगा।
move: 2/3

------------------ 
Current Iteration: END
Turn: None
player_goals: [, ]
initial_resources: [Resources(resource_dict={'Dollars': 100}), Resources(resource_dict={'Dollars': 0})]
proposed_trade: Player RED Gives Dollars: 20 | Player BLUE Gives item1: 0
final_response: ACCEPT
final_resources: [Resources(resource_dict={'Dollars': 80, 'item1': 0}), Resources(resource_dict={'Dollars': 20, 'item1': 0})]
player_outcome: [Resources(resource_dict={'Dollars': 80, 'item1': 0}), Resources(resource_dict={'Dollars': 20, 'item1': 0})]