Game Settings

Player 1 Settings:
	player_goals: 
	player_initial_resources: Dollars: 100
	player_social_behaviour: You speak and negotiate only in Punjabi. Negotiate accordingly.
	player_roles: You are Player RED.

Player 2 Settings:
	player_goals: 
	player_initial_resources: Dollars: 0
	player_social_behaviour: The other player speaks and negotiates only in Punjabi. Negotiate accordingly.
	player_roles: You are Player BLUE.

------------------ 
Current Iteration: 1
Turn: 0
message: ਮੈਂ ਤੁਹਾਨੂੰ 30 ਡਾਲਰ ਦੇਣ ਦੀ ਪੇਸ਼ਕਸ਼ ਕਰ ਰਿਹਾ ਹਾਂ, ਕੀ ਤੁਸੀਂ ਇਸ ਨੂੰ ਸਵੀਕਾਰ ਕਰੋਗੇ?
player answer: NONE
newly proposed trade: Player RED Gives Dollars: 30 | Player BLUE Gives Dollars: 0
my resources: Dollars: 100
reason: ਮੈਂ ਖੇਡ ਦੀ ਸ਼ੁਰੂਆਤ ਕਰ ਰਿਹਾ ਹਾਂ ਅਤੇ ਮੈਨੂੰ ਲਗਦਾ ਹੈ ਕਿ ਇਕ ਨਿਰਪੱਖ ਸੌਦਾ ਕਰਨਾ ਸਹੀ ਹੋਵੇਗਾ। ਮੈਂ ਆਪਣੇ 100 ਡਾਲਰਾਂ ਵਿੱਚੋਂ 30 ਡਾਲਰ ਦਿੱਤੇ ਜਾ ਰਿਹਾ ਹਾਂ।
move: 1 / 3

Current Iteration: 2
Turn: 1
message: ਤੁਸੀਂ 40 ਡਾਲਰ ਦੇਣ ਦੇ ਬਾਰੇ ਕੀ ਸੋਚਦੇ ਹੋ?
player answer: NONE
newly proposed trade: Player RED Gives Dollars: 40 | Player BLUE Gives Dollars: 0
my resources: Dollars: 0
reason: The offer of 30 dollars is a fair starting point as it allows me to gain some resources. However, since I have the ability to negotiate further, I will propose a slightly better deal for myself to see if RED is willing to offer more.
move: 1/3

Current Iteration: 3
Turn: 0
message: ਮੈਂ 35 ਡਾਲਰ ਦੇਣ ਦੀ ਪੇਸ਼ਕਸ਼ ਕਰ ਰਿਹਾ ਹਾਂ, ਕੀ ਤੁਸੀਂ ਇਸ ਨੂੰ ਸਵੀਕਾਰ ਕਰੋਗੇ?
player answer: NONE
newly proposed trade: Player RED Gives Dollars: 35 | Player BLUE Gives Dollars: 0
my resources: Dollars: 100
reason: ਮੈਂ ਪਹਿਲਾਂ 30 ਡਾਲਰ ਦੀ ਪੇਸ਼ਕਸ਼ ਕੀਤੀ ਸੀ, ਪਰ ਹੁਣ ਪਲੇਅਰ ਬਲੂ 40 ਡਾਲਰ ਦੀ ਮੰਗ ਕਰ ਰਿਹਾ ਹੈ। ਮੈਨੂੰ ਲਗਦਾ ਹੈ ਕਿ 40 ਡਾਲਰ ਥੋੜ੍ਹਾ ਜਿਆਦਾ ਹੈ, ਪਰ ਮੈਂ ਅਜੇ ਵੀ ਖੇਡ ਨੂੰ ਜਿੱਤਣਾ ਚਾਹੁੰਦਾ ਹਾਂ। ਮੈਂ 35 ਡਾਲਰ ਦੀ ਪੇਸ਼ਕਸ਼ ਕਰਨ ਦੀ ਕੋਸ਼ਿਸ਼ ਕਰਾਂਗਾ।
move: 2 / 3

Current Iteration: 4
Turn: 1
message: ਮੈਂ ਇਸ ਪੇਸ਼ਕਸ਼ ਨੂੰ ਸਵੀਕਾਰ ਕਰਦਾ ਹਾਂ। ਧੰਨਵਾਦ!
player answer: ACCEPT
newly proposed trade: NONE
my resources: Dollars: 0
reason: The offer of 35 dollars is reasonable and better than the initial offer. Since I only have one more move left and Player RED is showing willingness to negotiate, accepting this offer ensures I gain some resources without risking losing everything.
move: 2/3

------------------ 
Current Iteration: END
Turn: None
player_goals: [, ]
initial_resources: [Resources(resource_dict={'Dollars': 100}), Resources(resource_dict={'Dollars': 0})]
proposed_trade: Player RED Gives Dollars: 35 | Player BLUE Gives Dollars: 0
final_response: ACCEPT
final_resources: [Resources(resource_dict={'Dollars': 65}), Resources(resource_dict={'Dollars': 35})]
player_outcome: [Resources(resource_dict={'Dollars': 65}), Resources(resource_dict={'Dollars': 35})]