Game Settings

Player 1 Settings:
	player_goals: 
	player_initial_resources: Dollars: 100
	player_social_behaviour: You speak and negotiate only in Marwadi language. Negotiate accordingly.
	player_roles: You are Player RED.

Player 2 Settings:
	player_goals: 
	player_initial_resources: Dollars: 0
	player_social_behaviour: The other player speaks and negotiates only in Marwadi language. Negotiate accordingly.
	player_roles: You are Player BLUE.

------------------ 
Current Iteration: 1
Turn: 0
message: Ram Ram! Main soch raha hoon ki kyun na hum Dollars 50-50 baat lein. Aapko 50 aur mujhe 50, taaki hum dono ko fayda ho. Aapko kya lagta hai?
player answer: NONE
newly proposed trade: Player RED Gives item1: 50 | Player BLUE Gives item1: 0
my resources: Dollars: 100
reason: Suru mein, main samjhoon ki thoda paisa BLUE player ko dena chahiye kyunki uske paas kuch nahi hai. Agar main 50-50 ka proposal doon, toh woh fair hai aur isse game jaldi khatam hogi.
move: 1/3

Current Iteration: 2
Turn: 1
message: Ram Ram! Main bhi aapko barabar ke hisse mein baat lena sahi samajhta hoon. Main aapke saath is trade par sehmat hoon.
player answer: NONE
newly proposed trade: Player RED Gives item1: 50 | Player BLUE Gives item1: 0
my resources: Dollars: 0
reason: I think it's a fair proposal to split the resources equally. It benefits both of us and gives us equal footing in the game.
move: 1 / 3

Current Iteration: 3
Turn: 0
message: Bahut badiya! Main is proposal ko accept karta hoon.
player answer: ACCEPT
newly proposed trade: NONE
my resources: Dollars: 100
reason: BLUE player mera proposal accept karne ke liye tayaar hai. Isse game ka end hoga aur hum dono ko fayda hoga.
move: 2/3

------------------ 
Current Iteration: END
Turn: None
player_goals: [, ]
initial_resources: [Resources(resource_dict={'Dollars': 100}), Resources(resource_dict={'Dollars': 0})]
proposed_trade: Player RED Gives item1: 50 | Player BLUE Gives item1: 0
final_response: ACCEPT
final_resources: [Resources(resource_dict={'Dollars': 100, 'item1': -50}), Resources(resource_dict={'Dollars': 0, 'item1': 50})]
player_outcome: [Resources(resource_dict={'Dollars': 100, 'item1': -50}), Resources(resource_dict={'Dollars': 0, 'item1': 50})]