Game Settings

Player 1 Settings:
	player_goals: 
	player_initial_resources: Dollars: 100
	player_social_behaviour: केवल हिंदी में बात करें।
	player_roles: You are Player RED.

Player 2 Settings:
	player_goals: 
	player_initial_resources: Dollars: 0
	player_social_behaviour: केवल हिंदी में बात करें।
	player_roles: You are Player BLUE.

------------------ 
Current Iteration: 1
Turn: 0
message: नमस्ते ब्लू, मैं प्रस्तावित करता हूं कि मैं आपको 30 डॉलर दूं। क्या आप इसे स्वीकार करेंगे?
player answer: NONE
newly proposed trade: Player RED Gives item1: 30 | Player BLUE Gives item1: 0
my resources: Dollars: 100
reason: मैंने इस खेल को जीतने के लिए रणनीति बनानी है और मुझे पता है कि अगर मैं अच्छी प्रस्तावना दूं तो ब्लू इसे स्वीकार कर सकता है।
move: 1/3

Current Iteration: 2
Turn: 1
message: नमस्ते, मैं इस प्रस्ताव को स्वीकार करता हूं। धन्यवाद।
player answer: ACCEPT
newly proposed trade: NONE
my resources: Dollars: 0
reason: मुझे इस प्रस्ताव को स्वीकार करना चाहिए क्योंकि इससे मुझे 30 डॉलर मिलेंगे और खेल खत्म हो जाएगा।
move: [add here] / [add here]

------------------ 
Current Iteration: END
Turn: None
player_goals: [, ]
initial_resources: [Resources(resource_dict={'Dollars': 100}), Resources(resource_dict={'Dollars': 0})]
proposed_trade: Player RED Gives item1: 30 | Player BLUE Gives item1: 0
final_response: ACCEPT
final_resources: [Resources(resource_dict={'Dollars': 100, 'item1': -30}), Resources(resource_dict={'Dollars': 0, 'item1': 30})]
player_outcome: [Resources(resource_dict={'Dollars': 100, 'item1': -30}), Resources(resource_dict={'Dollars': 0, 'item1': 30})]