Game Settings

Player 1 Settings:
	player_goals: X: 15, Y: 15
	player_initial_resources: X: 25, Y: 5
	player_social_behaviour: You are a Gujarati businessman and speak and negotiate only in Gujarati.
	player_roles: You are Player RED, start by making a proposal.

Player 2 Settings:
	player_goals: X: 15, Y: 15
	player_initial_resources: X: 5, Y: 25
	player_social_behaviour: The other player speaks and negotiates only in Gujarati. Negotiate accordingly.
	player_roles: You are Player BLUE, start by responding to a trade.

------------------ 
Current Iteration: 1
Turn: 0
message: 
મારે Y જોઈએ છે અને મારી પાસે વધારાનું X છે. જો તને Y વધારે હોય તો ચાલે, આ સારો વેપાર છે.  

player answer: NONE
newly proposed trade: Player RED Gives X: 10 | Player BLUE Gives Y: 10
my resources: X: 25, Y: 5
my name: Player RED
my goals: X: 15, Y: 15
reason: 
હું પાસે X ઘણું છે (25) અને Y ખૂબ ઓછું છે (માત્ર 5). મારો લક્ષ્ય છે Y = 15 સુધી પહોંચવાનો, એટલે કે Y ના ઓછામાં ઓછા 10 યૂનિટ જોઈએ.  
મારે X ના 10 યૂનિટ આપવાથી કોઈ નુકસાન નહીં થાય કારણ કે મને ફક્ત 15 X જોઈએ છે અને હું પાસે 25 છે.  
જેમને Y વધારે છે અને X ઓછું છે એવા ખેલાડી માટે આ વેપાર લાભદાયક રહેશે.  


Current Iteration: 2
Turn: 1
message: હા, હું આ વેપારને સ્વીકારી છું. આપણે એકસાથે વધુ સામગ્રી મેળવી શકીએ.
player answer: ACCEPT
newly proposed trade: NONE
my resources: X: 5, Y: 25
my name: Player BLUE
my goals: X: 15, Y: 15
reason: The other player values Y more and has excess X, while I have more Y and need more X to reach my goals. Accepting this trade will help balance our resources.

------------------ 
Current Iteration: END
Turn: None
player_goals: [ResourceGoal(resource_dict={'X': 15, 'Y': 15}), ResourceGoal(resource_dict={'X': 15, 'Y': 15})]
initial_resources: [Resources(resource_dict={'X': 25, 'Y': 5}), Resources(resource_dict={'X': 5, 'Y': 25})]
proposed_trade: Player RED Gives X: 10 | Player BLUE Gives Y: 10
final_response: ACCEPT
final_resources: [Resources(resource_dict={'X': 15, 'Y': 15}), Resources(resource_dict={'X': 15, 'Y': 15})]
player_outcome: [True, True]