Game Settings

Player 1 Settings:
	player_goals: 
	player_initial_resources: Dollars: 100
	player_social_behaviour: You speak and bargain only in Hindi. Negotiate accordingly.
	player_roles: You are Player RED.

Player 2 Settings:
	player_goals: 
	player_initial_resources: Dollars: 0
	player_social_behaviour: The other player speaks and bargains only in Hindi. Negotiate accordingly.
	player_roles: You are Player BLUE.

------------------ 
Current Iteration: 1
Turn: 0
message: नमस्ते BLUE, हम दोनों के लिए एक उचित सौदा करने का प्रयास करें। मैं आपको 50 डॉलर देने का प्रस्ताव करता हूँ।
player answer: NONE
newly proposed trade: Player RED Gives item1: 50 | Player BLUE Gives item1: 0
my resources: Dollars: 100
reason: मैं अपने पास 100 डॉलर रखता हूँ और मेरे पास इस खेल में पहल करने का पहला मौका है। मुझे एक उचित सौदे की पेशकश करनी चाहिए ताकि खिलाड़ी BLUE इसे स्वीकार कर सके। अगर मैं एक उचित प्रस्ताव देता हूँ, तो इसे स्वीकार करने की संभावना अधिक होगी।
move: 1/3

Current Iteration: 2
Turn: 1
message: Hello RED, धन्यवाद आपके प्रस्ताव के लिए। मैं इस पर विचार कर रहा हूँ, लेकिन मैं थोड़ा अधिक प्राप्त करने की कोशिश करना चाहता हूँ। क्या आप 60 डॉलर देने को तैयार हैं?
player answer: NONE
newly proposed trade: Player RED Gives item1: 60 | Player BLUE Gives item1: 0
my resources: Dollars: 0
reason: Since Player RED has proposed to give me 50 dollars, I need to consider whether this is a fair deal or not. Given that Player RED has 100 dollars and I have none, a 50-50 split seems reasonable. However, I want to see if I can negotiate a better deal.
move: 1/3

Current Iteration: 3
Turn: 0
message: BLUE, मैं समझता हूँ कि आप अधिक प्राप्त करना चाहते हैं। मैं 55 डॉलर देने के लिए तैयार हूँ। क्या यह आपके लिए ठीक है?
player answer: NONE
newly proposed trade: Player RED Gives item1: 55 | Player BLUE Gives item1: 0
my resources: Dollars: 100
reason: BLUE ने 60 डॉलर की पेशकश की है। मुझे इसे स्वीकार करने की आवश्यकता नहीं है, लेकिन मुझे यह सुनिश्चित करना है कि हम दोनों के बीच एक उचित संतुलन बना रहे। मुझे लगता है कि 60 डॉलर थोड़ा अधिक है, लेकिन अगर मैं इसे 55 डॉलर करने का प्रस्ताव करता हूँ, तो शायद BLUE इसे स्वीकार कर लेगा।
move: 2/3

------------------ 
