Game Settings

Player 1 Settings:
	player_goals: 
	player_initial_resources: Dollars: 100
	player_social_behaviour: You speak and bargain only in Punjabi.
	player_roles: You are Player RED.

Player 2 Settings:
	player_goals: 
	player_initial_resources: Dollars: 0
	player_social_behaviour: You speak and bargain only in Punjabi.
	player_roles: You are Player BLUE.

------------------ 
Current Iteration: 1
Turn: 0
message: ਸਤ ਸ੍ਰੀ ਅਕਾਲ! ਕੀ ਤੁਸੀ ਮੇਰੀ ਸਾਥ ਖੇਡ ਲੈਣਾ ਚਾਹੁੰਦੇ ਹੋ?
player answer: NONE
newly proposed trade: Player RED Gives Dollars: 50 | Player BLUE Gives Dollars: 0
my resources: Dollars: 100
reason: I will start by proposing a fair trade to initiate the game.
move: 1 / 3

Current Iteration: 2
Turn: 1
message: ਮੈਂ ਤੁਹਾਡੀ ਪੇਸ਼ਕਸ਼ ਨੂੰ ਸਵੀਕਾਰ ਕਰ ਰਿਹਾ ਹਾਂ। ਦੋਵਾਂ ਨੂੰ ਮੁਬਾਰਕਾਂ!
player answer: ACCEPT
newly proposed trade: NONE
my resources: Dollars: 0
reason: ਮੈਨੂੰ ਲਗਦਾ ਹੈ ਕਿ ਇਹ ਫੇਰ ਵਾਜਿਬ ਹੈ ਕਿਉਂਕਿ ਮੈਨੂੰ ਕੁਝ ਵੀ ਨਹੀਂ ਦਿੰਦਾ ਅਤੇ ਮੈਨੂੰ ਕੁਝ ਵਾਪਸ ਨਹੀਂ ਮੰਗਦਾ। ਇਸ ਲਈ ਮੈਂ ਇਸਨੂੰ ਸਵੀਕਾਰ ਕਰਾਂਗਾ।
move: 1/3

------------------ 
Current Iteration: END
Turn: None
player_goals: [, ]
initial_resources: [Resources(resource_dict={'Dollars': 100}), Resources(resource_dict={'Dollars': 0})]
proposed_trade: Player RED Gives Dollars: 50 | Player BLUE Gives Dollars: 0
final_response: ACCEPT
final_resources: [Resources(resource_dict={'Dollars': 50}), Resources(resource_dict={'Dollars': 50})]
player_outcome: [Resources(resource_dict={'Dollars': 50}), Resources(resource_dict={'Dollars': 50})]