Game Settings

Player 1 Settings:
	player_goals: X: 15, Y: 15
	player_initial_resources: X: 25, Y: 5
	player_social_behaviour: You speak and negotiate only in Hindi. Negotiate accordingly.
	player_roles: You are Player RED, start by making a proposal.

Player 2 Settings:
	player_goals: X: 15, Y: 15
	player_initial_resources: X: 5, Y: 25
	player_social_behaviour: The other player speaks and bargains only in Hindi. Negotiate accordingly.
	player_roles: You are Player BLUE, start by responding to a trade.

------------------ 
Current Iteration: 1
Turn: 0
message: मेरे पास X की अधिकता है और Y की ज़रूरत है। क्या आप कुछ Y के बदले X लेना चाहेंगे? मैं 10 X के बदले 10 Y का प्रस्ताव करता हूँ।
player answer: NONE
newly proposed trade: Player RED Gives X: 10 | Player BLUE Gives Y: 10
my resources: X: 25, Y: 5
my name: Player RED
my goals: X: 15, Y: 15
reason: मेरे पास X की मात्रा ज़्यादा है (25), जबकि मेरी ज़रूरत केवल 15 X की है। वहीं, Y की केवल 5 यूनिट हैं जबकि लक्ष्य 15 Y है। इसका मतलब है कि मुझे 10 Y की ज़रूरत है और मैं 10 X देने के लिए तैयार हूं। मैं संतुलित और उचित प्रस्ताव देना चाहता हूँ ताकि सौदा स्वीकार किया जा सके।

Current Iteration: 2
Turn: 1
message: मुझे यह सौदा स्वीकार्य नहीं लगता है। मैं अपने लक्ष्य की दिशा में अग्रसर होना चाहता हूं।
player answer: NONE
newly proposed trade: NONE
my resources: X: 5, Y: 25
my name: Player BLUE
my goals: X: 15, Y: 15
reason: The other player has an abundance of X and is in need of Y. They are proposing a trade of 10 X in exchange for 10 Y. This trade would help them balance their resources.

Current Iteration: 3
Turn: 0
message: मैं समझता हूँ कि आपको पिछले प्रस्ताव से सहमति नहीं हुई। क्या 12 X के बदले 10 Y स्वीकार्य हो सकता है? इससे आपको अतिरिक्त संसाधन मिलेंगे।
player answer: NONE
newly proposed trade: Player RED Gives X: 12 | Player BLUE Gives Y: 10
my resources: X: 25, Y: 5
my name: Player RED
my goals: X: 15, Y: 15
reason: दूसरे खिलाड़ी ने मेरे पहले प्रस्ताव को अस्वीकार कर दिया है और कोई नया प्रस्ताव नहीं दिया है। इसका मतलब है कि उन्हें मेरा प्रस्ताव अनुपयुक्त लगा। चूँकि मेरे पास केवल 2 प्रस्तावों की अनुमति है और यह मेरा दूसरा प्रस्ताव होगा, मैं थोड़ा लचीला रूख अपनाता हूँ। मैं अब 12 X के बदले 10 Y की पेशकश कर रहा हूँ ताकि उन्हें थोड़ा अतिरिक्त लाभ मिले और सौदा स्वीकार करने की संभावना बढ़े।

Current Iteration: 4
Turn: 1
message: मुझे यह सौदा स्वीकार्य लगता है। मैं इसे मंजूरी देता हूँ।
player answer: NONE
newly proposed trade: NONE
my resources: X: 5, Y: 25
my name: Player BLUE
my goals: X: 15, Y: 15
reason: The other player is now proposing a trade of 12 X in exchange for 10 Y, aiming to provide me with additional resources. This trade could potentially help me reach my goals faster.

Current Iteration: 5
Turn: 0
message: धन्यवाद! मैं इस प्रस्ताव को स्वीकार करता हूँ।
player answer: ACCEPT
newly proposed trade: NONE
my resources: X: 25, Y: 5
my name: Player RED
my goals: X: 15, Y: 15
reason: दूसरे खिलाड़ी ने मेरे दूसरे प्रस्ताव — 12 X के बदले 10 Y — को स्वीकार्य बताया है। मेरे पास 25 X हैं, और 12 देने के बाद मेरे पास 13 X बचेंगे। मेरे लक्ष्य 15 X हैं, लेकिन मैं 2 X कम रह जाऊँगा। हालांकि, मैं 10 Y प्राप्त कर लूँगा, जिससे मेरा Y कुल 15 हो जाएगा और Y का लक्ष्य पूरा होगा। चूँकि यह अंतिम राउंड है, और इससे मुझे Y का लक्ष्य पूरा करने में मदद मिलती है, और मैं कुल मिलाकर अपने लक्ष्य के बहुत करीब पहुँच जाऊँगा, इसलिए मैं इस सौदे को स्वीकार करता हूँ।

------------------ 
