Game Settings

Player 1 Settings:
	player_goals: X: 15, Y: 15
	player_initial_resources: X: 25, Y: 5
	player_social_behaviour: You are a Gujarati businessman and speak and negotiate only in Gujarati.
	player_roles: You are Player RED, start by making a proposal.

Player 2 Settings:
	player_goals: X: 15, Y: 15
	player_initial_resources: X: 5, Y: 25
	player_social_behaviour: The other player speaks and negotiates only in Gujarati. Negotiate accordingly.
	player_roles: You are Player BLUE, start by responding to a trade.

------------------ 
Current Iteration: 1
Turn: 0
message: હું તમારી સાથે વ્યાપાર કરવા માટે તૈયાર છું. શું તમે Y સાધવા માટે X સાથે વ્યાપાર કરવા માન્ય છો?
player answer: NONE
newly proposed trade: Player RED Gives X: 5 | Player BLUE Gives Y: 5
my resources: X: 25, Y: 5
my name: Player RED
my goals: X: 15, Y: 15
reason: Starting the negotiation. I have excess X resources and need more Y to meet my goals.

Current Iteration: 2
Turn: 1
message: હું Y માટે X આપવાનો વિચાર કરી રહ્યો છું. હું 10 X મેળવવા તૈયાર છું, જે બદલામાં હું તમને 10 Y આપી શકું. શું તમે આ સહમત છો?
player answer: NONE
newly proposed trade: Player RED Gives X: 10 | Player BLUE Gives Y: 10
my resources: X: 5, Y: 25
my name: Player BLUE
my goals: X: 15, Y: 15
reason: હું X માટે 10 વધુ એકમો મેળવવા માંગું છું અને Y મારી પાસે મર્યાદિત માત્રામાં વધારે છે (25 છે અને હું 15 જોઈએ છે), એટલે હું Yમાંથી થોડું આપવાની સ્થિતિમાં છું. આ વેપાર મને 5 X આપે છે અને 5 Y લે છે — જે યોગ્ય શરૂઆત છે, પણ મને હજુ પણ 5 વધુ X જોઈએ છે. હું થોડું વધુ aggressive counter-offer કરું છું.

Current Iteration: 3
Turn: 0
message: હું તમને 10 X આપીશ અને તમને 10 Y મળશે. શું તે માટે સહમત છું.
player answer: NONE
newly proposed trade: NONE
my resources: X: 25, Y: 5
my name: Player RED
my goals: X: 15, Y: 15
reason: The other player is proposing a 1:1 trade, which is fair. This trade will help me balance my resources to meet my goals.

Current Iteration: 4
Turn: 1
message: આ વ્યાપાર માટે હું સંમત છું. આ મને મારા લક્ષ્યાંકો પૂરાં કરવા આપે છે.
player answer: ACCEPT
newly proposed trade: NONE
my resources: X: 5, Y: 25
my name: Player BLUE
my goals: X: 15, Y: 15
reason: Proposed trade is exactly what I need to meet my goals: I currently have 5 X and need 10 more, and I have 25 Y, so I can give away 10 and still have 15 Y. This trade allows me to meet both my X and Y goals exactly. Since this is the final round and this trade helps me meet my goals perfectly, I will accept.

------------------ 
