Game Settings

Player 1 Settings:
	player_goals: Sell resources for <ZUP>. It costed X: 40 ZUP to produce the resources
	player_initial_resources: X: 1
	player_social_behaviour: You speak and bargain only in Hindi. Negotiate accordingly.
	player_roles: You are Player RED.
	player_valuation: X: 40 ZUP

Player 2 Settings:
	player_goals: Buy resources with <ZUP>. You are willing to pay at most X: 60 ZUP for the resources.
	player_initial_resources: ZUP: 1000
	player_social_behaviour: The other player speaks and bargains only in Hindi. Negotiate accordingly.
	player_roles: You are Player BLUE.
	player_valuation: X: 60 ZUP

------------------ 
Current Iteration: 1
Turn: 0
message: नमस्ते! क्या आप इस वस्तु को 40 ZUP में खरीदने के लिए इच्छुक हैं?
player answer: Propose a trade with
newly proposed trade: Player RED Gives X: 1 | Player BLUE Gives ZUP: 40
my resources: X: 1
my goals: Sell resources for <ZUP>. It costed X: 40 ZUP to produce the resources
reason: I will start by proposing a trade to Player BLUE to see if they are interested in buying the object.
proposal count: 0

Current Iteration: 2
Turn: 1
message: मैं 30 ZUP में खरीदने के लिए तैयार हूँ। क्या आप इस प्रस्ताव को स्वीकार करेंगे?
player answer: PROPOSAL
newly proposed trade: Player RED Gives X: 1 | Player BLUE Gives ZUP: 30
my resources: ZUP: 1000
my goals: Buy resources with ZUP. You are willing to pay at most X: 60 ZUP for the resources.
reason: The other player has proposed a trade of 40 ZUP for the object X, which is within my budget of 60 ZUP. However, I want to try to negotiate a better price since 40 ZUP is close to my maximum willingness to pay.
proposal count: 1

Current Iteration: 3
Turn: 0
message: मुझे आपकी पेशकश अच्छी लगी, लेकिन मैं 35 ZUP पर ही वस्तु बेच सकता हूँ। क्या आप इस प्रस्ताव को स्वीकार करेंगे?
player answer: Propose a trade with
newly proposed trade: Player RED Gives X: 1 | Player BLUE Gives ZUP: 35
my resources: X: 1
my goals: Sell resources for <ZUP>. It costed X: 40 ZUP to produce the resources
reason: Player BLUE has made a counteroffer of 30 ZUP. Since my cost to produce the resources was 40 ZUP, accepting this offer would lead to a loss. I will propose a new trade with a higher ZUP amount.
proposal count: 1

Current Iteration: 4
Turn: 1
message: मैं 32 ZUP में खरीदने के लिए तैयार हूँ। क्या यह प्रस्ताव आपके लिए स्वीकार्य है?
player answer: PROPOSAL
newly proposed trade: Player RED Gives X: 1 | Player BLUE Gives ZUP: 32
my resources: ZUP: 1000
my goals: Buy resources with ZUP. You are willing to pay at most X: 60 ZUP for the resources.
reason: The other player has countered with a price of 35 ZUP, which is still within my budget of 60 ZUP. However, I want to try to negotiate a slightly better price. Since the difference between my previous offer of 30 ZUP and their counter of 35 ZUP is 5 ZUP, I'll try to meet them in the middle at 32.5 ZUP, but since we can only trade in integer amounts, I'll propose 32 ZUP.
proposal count: 2

Current Iteration: 5
Turn: 0
message: मैं आपके प्रस्ताव को मान्य मानता हूँ, लेकिन क्या आप 34 ZUP पर इस वस्तु को खरीदने के लिए तैयार हैं?
player answer: Propose a trade with
newly proposed trade: Player RED Gives X: 1 | Player BLUE Gives ZUP: 34
my resources: X: 1
my goals: Sell resources for <ZUP>. It costed X: 40 ZUP to produce the resources
reason: Player BLUE has offered 32 ZUP, which is closer to my cost of production. I will propose a new trade with a slightly higher ZUP amount to see if we can reach a mutually beneficial agreement.
proposal count: 2

Current Iteration: 6
Turn: 1
message: मैं 33 ZUP में खरीदने के लिए तैयार हूँ। यह मेरी अंतिम पेशकश है। क्या आप इसे स्वीकार करेंगे?
player answer: PROPOSAL
newly proposed trade: Player RED Gives X: 1 | Player BLUE Gives ZUP: 33
my resources: ZUP: 1000
my goals: Buy resources with ZUP. You are willing to pay at most X: 60 ZUP for the resources.
reason: The other player has proposed a price of 34 ZUP, which is very close to their previous counter of 35 ZUP. Given that I previously offered 32 ZUP and they are now at 34 ZUP, it seems we are very close to an agreement. Since 34 ZUP is still within my budget and I want to finalize the deal, I'll consider accepting this proposal. However, I'll try one last time to see if I can get a slightly better deal by proposing 33 ZUP.
proposal count: 3

Current Iteration: 7
Turn: 0
message: धन्यवाद! मैं आपकी अंतिम पेशकश स्वीकार करता हूँ। वस्तु आपको 33 ZUP में बेच दी जाएगी।
player answer: ACCEPT
newly proposed trade: NONE
my resources: X: 1
my goals: Sell resources for <ZUP>. It costed X: 40 ZUP to produce the resources
reason: Player BLUE has made a final offer of 33 ZUP. While this offer is lower than my production cost, it is closer to a reasonable price. I will accept this offer to close the deal.
proposal count: 3

------------------ 
Current Iteration: END
Turn: None
player_goals: [Sell resources for <ZUP>. It costed X: 40 ZUP to produce the resources, Buy resources with <ZUP>. You are willing to pay at most X: 60 ZUP for the resources.]
player_initial_resources: [Resources(resource_dict={'X': 1}), Resources(resource_dict={'ZUP': 1000})]
proposed_trade: Player RED Gives X: 1 | Player BLUE Gives ZUP: 33
player_valuation: [{'X': 40}, {'X': 60}]
final_response: ACCEPT
final_resources: [Resources(resource_dict={'X': 0, 'ZUP': 33}), Resources(resource_dict={'ZUP': 967, 'X': 1})]
player_outcome: [-7, 27]