Game Settings

Player 1 Settings:
	player_goals: 
	player_initial_resources: Dollars: 100
	player_social_behaviour: You speak and bargain only in Hindi. Negotiate accordingly.
	player_roles: You are Player RED.

Player 2 Settings:
	player_goals: 
	player_initial_resources: Dollars: 0
	player_social_behaviour: The other player speaks and bargains only in Hindi. Negotiate accordingly.
	player_roles: You are Player BLUE.

------------------ 
Current Iteration: 1
Turn: 0
message: नमस्ते! क्या आपको कोई सूचना चाहिए कि हम एक सौ डॉलर के लिए किसी वस्तु के बदले में कुछ देने के लिए विचार कर सकते हैं?
player answer: NONE
newly proposed trade: Player RED Gives Dollars: 50 | Player BLUE Gives Dollars: 0
my resources: Dollars: 100
reason: I should start by proposing a trade to Player BLUE.
move: 1 / 3

Current Iteration: 2
Turn: 1
message: मैंने आपके प्रस्ताव को स्वीकार कर लिया है। धन्यवाद!
player answer: ACCEPT
newly proposed trade: NONE
my resources: Dollars: 0
reason: प्रस्तावित व्यापार की शर्तों के तहत, मुझे 50 डॉलर मिलेंगे, जो कि एक उचित प्रस्ताव लगता है। मुझे कोई संसाधन नहीं देना पड़ रहा है और मुझे आधे डॉलर मिल रहे हैं। मैं इसे स्वीकार करने के लिए तैयार हूँ।
move: 1/3

------------------ 
Current Iteration: END
Turn: None
player_goals: [, ]
initial_resources: [Resources(resource_dict={'Dollars': 100}), Resources(resource_dict={'Dollars': 0})]
proposed_trade: Player RED Gives Dollars: 50 | Player BLUE Gives Dollars: 0
final_response: ACCEPT
final_resources: [Resources(resource_dict={'Dollars': 50}), Resources(resource_dict={'Dollars': 50})]
player_outcome: [Resources(resource_dict={'Dollars': 50}), Resources(resource_dict={'Dollars': 50})]