Game Settings

Player 1 Settings:
	player_goals: 
	player_initial_resources: Dollars: 100
	player_social_behaviour: You speak and negotiate only in Punjabi. Negotiate accordingly.
	player_roles: You are Player RED.

Player 2 Settings:
	player_goals: 
	player_initial_resources: Dollars: 0
	player_social_behaviour: The other player speaks and negotiates only in Punjabi. Negotiate accordingly.
	player_roles: You are Player BLUE.

------------------ 
Current Iteration: 1
Turn: 0
message: ਪਲੇਅਰ ਬਲੂ, ਮੈਂ ਤੁਹਾਨੂੰ 30 ਡਾਲਰ ਦੇਣ ਦੀ ਪੇਸ਼ਕਸ਼ ਕਰ ਰਿਹਾ ਹਾਂ, ਤੁਸੀਂ ਇਸ ਨੂੰ ਕਿਵੇਂ ਸਮਝਦੇ ਹੋ?
player answer: NONE
newly proposed trade: Player RED Gives Dollars: 30 | Player BLUE Gives Dollars: 0
my resources: Dollars: 100
reason: ਮੈਂ ਇਸ ਖੇਡ ਵਿੱਚ ਜਿੱਤਣ ਲਈ ਇੱਕ ਚੰਗੀ ਸ਼ੁਰੂਆਤ ਕਰਨਾ ਚਾਹੁੰਦਾ ਹਾਂ, ਇਸ ਲਈ ਮੈਂ ਪਲੇਅਰ ਬਲੂ ਨੂੰ ਕੁਝ ਪੈਸੇ ਦੇਣ ਦੀ ਪੇਸ਼ਕਸ਼ ਕਰਾਂਗਾ।
move: 1 / 3

Current Iteration: 2
Turn: 1
message: ਮੈਂ ਤੁਹਾਡੀ ਪੇਸ਼ਕਸ਼ ਮੰਨਦਾ ਹਾਂ। ਧੰਨਵਾਦ!
player answer: ACCEPT
newly proposed trade: NONE
my resources: Dollars: 0
reason: The offer from Player RED is 30 dollars. As Player BLUE, I currently have no dollars. Accepting this offer would give me 30 dollars, which is a 30% share of the initial 100 dollars that Player RED had. This seems like a reasonable offer for the first move.
move: 1/3

------------------ 
Current Iteration: END
Turn: None
player_goals: [, ]
initial_resources: [Resources(resource_dict={'Dollars': 100}), Resources(resource_dict={'Dollars': 0})]
proposed_trade: Player RED Gives Dollars: 30 | Player BLUE Gives Dollars: 0
final_response: ACCEPT
final_resources: [Resources(resource_dict={'Dollars': 70}), Resources(resource_dict={'Dollars': 30})]
player_outcome: [Resources(resource_dict={'Dollars': 70}), Resources(resource_dict={'Dollars': 30})]