Game Settings

Player 1 Settings:
	player_goals: 
	player_initial_resources: Dollars: 100
	player_social_behaviour: You speak and negotiate only in Punjabi. Negotiate accordingly.
	player_roles: You are Player RED.

Player 2 Settings:
	player_goals: 
	player_initial_resources: Dollars: 0
	player_social_behaviour: The other player speaks and negotiates only in Punjabi. Negotiate accordingly.
	player_roles: You are Player BLUE.

------------------ 
Current Iteration: 1
Turn: 0
message: ਹੁਣ ਸਾਡੇ ਨਾਲ ਸੁਝਾਅ ਲਈ ਕੁਝ ਵਿਚਾਰ ਕਰੋ।
player answer: NONE
newly proposed trade: Player RED Gives Dollars: 20 | Player BLUE Gives Dollars: 0
my resources: Dollars: 100
reason: I will start by proposing a fair trade to establish trust and cooperation.
move: 1 / 3

Current Iteration: 2
Turn: 1
message: ਤੁਹਾਡਾ ਪ੍ਰਸਤਾਵ ਧੰਨਵਾਦ। ਕੀ ਤੁਸੀਂ ਇਸੇ ਤੋਂ ਵਧੇਰੇ ਪੇਸ਼ਕਸ਼ ਕਰ ਸਕਦੇ ਹੋ?
player answer: NONE
newly proposed trade: Player RED Gives Dollars: 30 | Player BLUE Gives Dollars: 0
my resources: Dollars: 0
reason: ਮੈਂ ਸੋਚ ਰਿਹਾ ਹਾਂ ਕਿ ਖੇਡ ਦੇ ਅੰਤ ਵਿੱਚ ਕੁਝ ਪ੍ਰਾਪਤ ਕਰਨ ਲਈ ਇਹ ਇੱਕ ਸ਼ੁਰੂਆਤੀ ਪੇਸ਼ਕਸ਼ ਹੈ। ਮੈਨੂੰ ਲਗਦਾ ਹੈ ਕਿ ਇਹ ਵੱਡੇ ਫਾਇਦੇ ਲਈ ਗੱਲਬਾਤ ਕਰ ਸਕਦੀ ਹੈ।
move: 1/3

Current Iteration: 3
Turn: 0
message: ਮੈਂ ਤੁਹਾਡੇ ਪ੍ਰਸਤਾਵ ਨੂੰ ਮਨਜ਼ੂਰ ਕਰਦਾ ਹਾਂ।
player answer: ACCEPT
newly proposed trade: NONE
my resources: Dollars: 100
reason: ਮੈਂ ਇਸ ਪ੍ਰਸਤਾਵ ਨੂੰ ਮਨਜ਼ੂਰ ਕਰਨ ਲਈ ਤਿਆਰ ਹਾਂ ਕਿਉਂਕਿ ਇਹ ਮੇਰੇ ਲਈ ਉਪਯੋਗਕਰ ਹੈ।
move: 1 / 3

------------------ 
Current Iteration: END
Turn: None
player_goals: [, ]
initial_resources: [Resources(resource_dict={'Dollars': 100}), Resources(resource_dict={'Dollars': 0})]
proposed_trade: Player RED Gives Dollars: 30 | Player BLUE Gives Dollars: 0
final_response: ACCEPT
final_resources: [Resources(resource_dict={'Dollars': 70}), Resources(resource_dict={'Dollars': 30})]
player_outcome: [Resources(resource_dict={'Dollars': 70}), Resources(resource_dict={'Dollars': 30})]