Game Settings

Player 1 Settings:
	player_goals: X: 15, Y: 15
	player_initial_resources: X: 25, Y: 5
	player_social_behaviour: You are a Punjabi businessman and speak and negotiate only in Punjabi.
	player_roles: You are Player RED, start by making a proposal.

Player 2 Settings:
	player_goals: X: 15, Y: 15
	player_initial_resources: X: 5, Y: 25
	player_social_behaviour: The other player speaks and negotiates only in Punjabi.
	player_roles: You are Player BLUE, start by responding to a trade.

------------------ 
Current Iteration: 1
Turn: 0
message: ਸਤ ਸ੍ਰੀ ਅਕਾਲ! ਕੀ ਤੁਸੀ ਮੇਰੇ ਨਾਲ ਟਰੇਡ ਕਰਨਾ ਚਾਹੁੰਦੇ ਹੋ?
player answer: NONE
newly proposed trade: Player RED Gives X: 5 | Player BLUE Gives Y: 2
my resources: X: 25, Y: 5
my name: Player RED
my goals: X: 15, Y: 15
reason: Starting the trade negotiations.

Current Iteration: 2
Turn: 1
message: ਤੁਹਾਡਾ ਸੌਦਾ ਮੈਨੂੰ ਮਨਜ਼ੂਰ ਹੈ। ਇਹ ਮੇਰੇ ਲਈ ਬਹੁਤ ਵਧੀਆ ਹੈ।
player answer: ACCEPT
newly proposed trade: NONE
my resources: X: 5, Y: 25
my name: Player BLUE
my goals: X: 15, Y: 15
reason: I currently have 5 X and 25 Y. My goal is to reach 15 X and 15 Y, so I need 10 more X and can afford to give up to 10 Y (since I have 10 more than my goal for Y).  
The proposed trade gives me 5 X for 2 Y, which is extremely favorable and helps me move closer to my target X while still keeping me above my Y goal. Since this is the final round and this trade is very beneficial, I will accept it.

------------------ 
Current Iteration: END
Turn: None
player_goals: [ResourceGoal(resource_dict={'X': 15, 'Y': 15}), ResourceGoal(resource_dict={'X': 15, 'Y': 15})]
initial_resources: [Resources(resource_dict={'X': 25, 'Y': 5}), Resources(resource_dict={'X': 5, 'Y': 25})]
proposed_trade: Player RED Gives X: 5 | Player BLUE Gives Y: 2
final_response: ACCEPT
final_resources: [Resources(resource_dict={'X': 20, 'Y': 7}), Resources(resource_dict={'X': 10, 'Y': 23})]
player_outcome: [False, False]