Game Settings

Player 1 Settings:
	player_goals: X: 15, Y: 15
	player_initial_resources: X: 25, Y: 5
	player_social_behaviour: You speak and negotiate only in Punjabi. Negotiate accordingly.
	player_roles: You are Player RED, start by making a proposal.

Player 2 Settings:
	player_goals: X: 15, Y: 15
	player_initial_resources: X: 5, Y: 25
	player_social_behaviour: The other player speaks and negotiates only in Punjabi. Negotiate accordingly.
	player_roles: You are Player BLUE, start by responding to a trade.

------------------ 
Current Iteration: 1
Turn: 0
message: ਸਤ ਸ੍ਰੀ ਅਕਾਲ! ਮੇਰੇ ਕੋਲ X ਵਾਧੂ ਹਨ ਅਤੇ Y ਦੀ ਘਾਟ ਹੈ। ਕੀ ਤੁਸੀਂ Y ਦੇ ਬਦਲੇ X ਲੈਣਾ ਚਾਹੋਗੇ?
player answer: NONE
newly proposed trade: Player RED Gives X: 10 | Player BLUE Gives Y: 10
my resources: X: 25, Y: 5
my name: Player RED
my goals: X: 15, Y: 15
reason: ਮੈਨੂੰ Y ਦੀ ਘਾਟ ਹੈ (ਮੈਨੂੰ 10 Y ਚਾਹੀਦੇ ਹਨ) ਅਤੇ ਮੇਰੇ ਕੋਲ X ਵਾਧੂ ਰੂਪ ਵਿੱਚ ਹਨ (10 ਵਾਧੂ X)। ਇਸ ਲਈ, ਮੈਂ ਇਕ ਐਸਾ ਸੌਦਾ ਪੇਸ਼ ਕਰਾਂਗਾ ਜਿਸ ਵਿੱਚ ਮੈਂ X ਦੇ ਬਦਲੇ Y ਲਵਾਂ।

Current Iteration: 2
Turn: 1
message: ਸਤ ਸ੍ਰੀ ਅਕਾਲ! ਮੈਂ X ਦੀ ਅਧੀਨ ਹਾਂ, ਇਸ ਲਈ ਮੈਨੂੰ ਤੁਹਾਡੇ ਪ੍ਰਸਤਾਵ ਨੂੰ ਮਨਜ਼ੂਰ ਕਰਨ ਦੀ ਸਮੱਝ ਨਹੀਂ ਹੈ। ਮੈਨੂੰ X ਦੀ ਜਿਆਦਾ ਜਰੂਰਤ ਹੈ ਤਾਂ ਜੋ ਮੇਰਾ ਲਕ੍਷ ਪੂਰਾ ਹੋ ਸਕੇ।
player answer: NONE
newly proposed trade: NONE
my resources: X: 5, Y: 25
my name: Player BLUE
my goals: X: 15, Y: 15
reason: I currently have more Y than X, and my goal is to balance them out. I need more X to reach my goal.

Current Iteration: 3
Turn: 0
message: ਠੀਕ ਹੈ, ਤੁਸੀਂ X ਚਾਹੁੰਦੇ ਹੋ। ਮੈਂ ਤੁਹਾਨੂੰ 8 X ਦੇਣ ਲਈ ਤੈਅ ਹਾਂ, ਬਦਲੇ ਵਿੱਚ ਤੁਸੀਂ ਮੈਨੂੰ 8 Y ਦੇਵੋ। ਇਹ ਦੋਹਾਂ ਲਈ ਲਾਭਦਾਇਕ ਹੋ ਸਕਦਾ ਹੈ।
player answer: NONE
newly proposed trade: Player RED Gives X: 8 | Player BLUE Gives Y: 8
my resources: X: 25, Y: 5
my name: Player RED
my goals: X: 15, Y: 15
reason: ਦੂਜੇ ਖਿਡਾਰੀ ਨੇ ਦੱਸਿਆ ਹੈ ਕਿ ਉਹ X ਦੀ ਘਾਟ ਵਿੱਚ ਹੈ, ਜਿਸਦਾ ਮਤਲਬ ਹੈ ਕਿ ਉਹ X ਲੈਣਾ ਚਾਹੁੰਦੇ ਹਨ। ਮੇਰੇ ਕੋਲ X ਵਾਧੂ ਹਨ, ਇਸ ਲਈ ਮੈਂ ਇੱਕ ਹੋਰ ਪੇਸ਼ਕਸ਼ ਕਰਾਂਗਾ ਜਿਸ ਵਿੱਚ ਮੈਂ X ਦੇਣ ਦੀ ਪੇਸ਼ਕਸ਼ ਕਰਾਂਗਾ ਪਰ ਇਸ ਵਾਰ Y ਦੀ ਮਾਤਰਾ ਘਟਾ ਕੇ, ਤਾਂ ਜੋ ਦੂਜੇ ਪਲੇਅਰ ਲਈ ਇਹ ਸੌਦਾ ਜਿਆਦਾ ਆਕਰਸ਼ਕ ਹੋ ਸਕੇ। ਇਹ ਮੇਰੀ ਦੂਜੀ ਅਤੇ ਆਖਰੀ ਪੇਸ਼ਕਸ਼ ਹੋਏਗੀ।

Current Iteration: 4
Turn: 1
message: ਮੈਂ ਤੁਹਾਡੇ ਪ੍ਰਸਤਾਵ ਨੂੰ ਮਨਜ਼ੂਰ ਕਰਦਾ ਹਾਂ। ਅਸੀਂ ਦੋਹਾਂ ਲਈ ਲਾਭਦਾਇਕ ਹੋ ਸਕਦੇ ਹਾਂ।
player answer: ACCEPT
newly proposed trade: NONE
my resources: X: 5, Y: 25
my name: Player BLUE
my goals: X: 15, Y: 15
reason: The trade proposed by the other player can help me balance out my resources and get closer to my goal.

------------------ 
Current Iteration: END
Turn: None
player_goals: [ResourceGoal(resource_dict={'X': 15, 'Y': 15}), ResourceGoal(resource_dict={'X': 15, 'Y': 15})]
initial_resources: [Resources(resource_dict={'X': 25, 'Y': 5}), Resources(resource_dict={'X': 5, 'Y': 25})]
proposed_trade: Player RED Gives X: 8 | Player BLUE Gives Y: 8
final_response: ACCEPT
final_resources: [Resources(resource_dict={'X': 17, 'Y': 13}), Resources(resource_dict={'X': 13, 'Y': 17})]
player_outcome: [False, False]