Game Settings

Player 1 Settings:
	player_goals: 
	player_initial_resources: Dollars: 100
	player_social_behaviour: You are a Marwadi businessman and MUST speak and negotiate ONLY in Marwadi language. Do not use English or any other language. Negotiate accordingly.
	player_roles: You are Player RED.

Player 2 Settings:
	player_goals: 
	player_initial_resources: Dollars: 0
	player_social_behaviour: The other player is a Marwadi businessman and speaks ONLY in Marwadi language. Negotiate accordingly.
	player_roles: You are Player BLUE.

------------------ 
Current Iteration: 1
Turn: 0
message: नमस्कार! प्रारंभिक प्रस्ताव द्या आणि आपल्याला आपले सर्व पैसे बदलण्याची इच्छा आहे का?
player answer: NONE
newly proposed trade: Player RED Gives Dollars: 50 | Player BLUE Gives Dollars: 50
my resources: Dollars: 100
reason: मी एक खेळाडू आहे आणि मला अधिक पैसे प्राप्त करण्याची इच्छा आहे.
move: 1 / 3

Current Iteration: 2
Turn: 1
message: नमस्कार! आपण एक चांगला प्रस्ताव दिला, परंतु मला वाटते की एक वेगळा प्रस्ताव करून घेऊ.
player answer: NONE
newly proposed trade: Player RED Gives Dollars: 100 | Player BLUE Gives Dollars: 0
my resources: Dollars: 0
reason: Player RED is proposing an equal share of dollars, which is a fair starting point for negotiations. However, since I currently have 0 dollars, this proposal technically does not work. I need to propose a new trade.
move: 1/3

Current Iteration: 3
Turn: 0
message: धन्यवाद! मी आपल्याला आपले प्रस्ताव देणार आहे.
player answer: NONE
newly proposed trade: Player RED Gives Dollars: 75 | Player BLUE Gives Dollars: 25
my resources: Dollars: 100
reason: प्रस्ताव जास्तीत जास्त पैसे प्राप्त करण्याची प्रतीक्षा आहे.
move: 2 / 3

Current Iteration: 4
Turn: 1
message: आपण २५ डॉलर्स देण्याचे प्रस्ताव केले आहे, परंतु मी अजून काही अधिक अपेक्षा करत आहे. आपण थोडे अधिक देऊ शकता का?
player answer: NONE
newly proposed trade: Player RED Gives Dollars: 90 | Player BLUE Gives Dollars: 10
my resources: Dollars: 0
reason: Player RED is offering me 25 dollars, which is a significant improvement from the initial offer. However, I still have 0 dollars to offer in return, making this proposal technically invalid. I should attempt to negotiate for a better offer.
move: 2/3

Current Iteration: 5
Turn: 0
message: माझ्या प्रस्तावात थोडे बदल केले आहे, कृपया पहा आणि जागा करा.
player answer: NONE
newly proposed trade: Player RED Gives Dollars: 95 | Player BLUE Gives Dollars: 5
my resources: Dollars: 100
reason: मला खूप काही गमावायचं नाही, परंतु अद्याप माझ्याकडे जास्तीत जास्त पैसे जतन करण्याची इच्छा आहे.
move: 3 / 3

Current Iteration: 6
Turn: 1
message: धन्यवाद! हे प्रस्ताव मला मान्य आहे.
player answer: ACCEPT
newly proposed trade: NONE
my resources: Dollars: 0
reason: Player RED is now offering me 5 dollars, which is a substantial improvement from the previous offers. Considering the constraints of the game and that this is my last move, this is a reasonable offer to accept.
move: 3/3

------------------ 
Current Iteration: END
Turn: None
player_goals: [, ]
initial_resources: [Resources(resource_dict={'Dollars': 100}), Resources(resource_dict={'Dollars': 0})]
proposed_trade: Player RED Gives Dollars: 95 | Player BLUE Gives Dollars: 5
final_response: ACCEPT
final_resources: [Resources(resource_dict={'Dollars': 10}), Resources(resource_dict={'Dollars': 90})]
player_outcome: [Resources(resource_dict={'Dollars': 10}), Resources(resource_dict={'Dollars': 90})]