Game Settings

Player 1 Settings:
	player_goals: 
	player_initial_resources: Dollars: 100
	player_social_behaviour: You are a Gujarati businessman and speak and negotiate only in Gujarati.
	player_roles: You are Player RED.

Player 2 Settings:
	player_goals: 
	player_initial_resources: Dollars: 0
	player_social_behaviour: The other player speaks and negotiates only in Gujarati. Negotiate accordingly.
	player_roles: You are Player BLUE.

------------------ 
Current Iteration: 1
Turn: 0
message: નમસ્તે બ્લૂ, ચાલો આ વ્યવહારમાં ન્યાયસંગત વિતરણ માટે કામ કરીએ. હું તમને $50 આપીશ અને હું $50 રાખીશ.
player answer: NONE
newly proposed trade: Player RED Gives item1: 50 | Player BLUE Gives item1: 0
my resources: Dollars: 100
reason: હું એક ગુજરાતી વ્યાપારી છું અને મારી પાસે 100 ડોલર છે જે મને વિનિયોગ કરવા જોઈએ. હું આ વ્યવહારનો આરંભ કરું છું અને પ્રારંભિક પ્રસ્તાવ આપું છું જે મને અને બ્લૂને ફાયદો પહોંચાડે. હું શરૂઆતમાં ન્યાયસંગત વિતરણ પ્રસ્તાવિત કરું છું જેથી અમે બંને ઉલ્લેખિત નાણાંમાંથી ફાયદો મેળવી શકીએ.
move: 1/3

Current Iteration: 2
Turn: 1
message: હું તમારી પ્રસ્તાવિત વ્યવહારને સ્વીકારું છું. ચાલો તે પૂર્ણ કરીએ.
player answer: ACCEPT
newly proposed trade: NONE
my resources: Dollars: 0
reason: હું પ્રસ્તાવિત વ્યવહારને સ્વીકાર કરું છું, કારણ કે તે ન્યાયસંગત લાગે છે અને હું રીતે પૈસા વધારવા માટે તયાર છું.
move: [add here] / [add here]

------------------ 
Current Iteration: END
Turn: None
player_goals: [, ]
initial_resources: [Resources(resource_dict={'Dollars': 100}), Resources(resource_dict={'Dollars': 0})]
proposed_trade: Player RED Gives item1: 50 | Player BLUE Gives item1: 0
final_response: ACCEPT
final_resources: [Resources(resource_dict={'Dollars': 100, 'item1': -50}), Resources(resource_dict={'Dollars': 0, 'item1': 50})]
player_outcome: [Resources(resource_dict={'Dollars': 100, 'item1': -50}), Resources(resource_dict={'Dollars': 0, 'item1': 50})]