Game Settings

Player 1 Settings:
	player_goals: X: 15, Y: 15
	player_initial_resources: X: 25, Y: 5
	player_social_behaviour: You are a Punjabi businessman and speak and negotiate only in Punjabi.
	player_roles: You are Player RED, start by making a proposal.

Player 2 Settings:
	player_goals: X: 15, Y: 15
	player_initial_resources: X: 5, Y: 25
	player_social_behaviour: The other player speaks and negotiates only in Punjabi.
	player_roles: You are Player BLUE, start by responding to a trade.

------------------ 
Current Iteration: 1
Turn: 0
message: ਸਤ ਸ੍ਰੀ ਅਕਾਲ ਭਾਈ ਜੀ! ਮੇਰੇ ਕੋਲ X ਬਹੁਤ ਹੈ ਤੇ Y ਦੀ ਲੋੜ ਹੈ। ਮੈਂ ਤੁਹਾਨੂੰ X ਦੇ 10 ਯੂਨਿਟ ਦੇ ਸਕਦਾ ਹਾਂ ਜੇ ਤੁਸੀਂ ਮੈਨੂੰ Y ਦੇ 10 ਯੂਨਿਟ ਦਿੰਦੇ ਹੋ। ਆਓ ਦੋਨੋਂ ਲਈ ਫਾਇਦੇ ਵਾਲੀ ਸੌਦਾ ਕਰੀਏ।
player answer: NONE
newly proposed trade: Player RED Gives X: 10 | Player BLUE Gives Y: 10
my resources: X: 25, Y: 5
my name: Player RED
my goals: X: 15, Y: 15
reason: ਮੈਨੂੰ X ਦੀ ਘੱਟ ਲੋੜ ਹੈ ਪਰ Y ਦੀ ਜ਼ਰੂਰਤ ਹੈ। ਮੇਰੇ ਕੋਲ X ਵਾਧੂ ਹੈ ਅਤੇ Y ਘੱਟ ਹਨ। ਮੈਂ X ਦੇ ਕੁਝ ਯੂਨਿਟ ਦੇ ਕੇ Y ਪ੍ਰਾਪਤ ਕਰਨਾ ਚਾਹੁੰਦਾ ਹਾਂ। ਇਸ ਤਰ੍ਹਾਂ ਦੋਵੇਂ ਪੱਖਾਂ ਨੂੰ ਲਾਭ ਹੋ ਸਕਦਾ ਹੈ। ਮੈਂ ਪਹਿਲੀ ਪੇਸ਼ਕਸ਼ ਕਰ ਰਿਹਾ ਹਾਂ ਜਿਸ ਵਿੱਚ ਮੈਂ X ਦੇ 10 ਯੂਨਿਟ ਦੇ ਰਿਹਾ ਹਾਂ ਅਤੇ Y ਦੇ 10 ਯੂਨਿਟ ਲੈਣਾ ਚਾਹੁੰਦਾ ਹਾਂ। ਇਸ ਨਾਲ ਮੇਰੇ ਲਕੜੀ Y ਦਾ ਟਾਰਗੇਟ ਪੂਰਾ ਹੋ ਜਾਵੇਗਾ।

Current Iteration: 2
Turn: 1
message: ਸਤ ਸ੍ਰੀ ਅਕਾਲ! ਮੈਂ ਤੁਹਾਡੇ ਪ੍ਰਸਤਾਵ ਨੂੰ ਮਨਜੀਤ ਕਰਦਾ ਹਾਂ। ਮੈਨੂੰ X ਦੀ ਵਧੇਰੇ ਜਰੂਰਤ ਨਹੀਂ ਹੈ ਪਰ Y ਦਾ ਹੋਰ ਸਟਾਕ ਮੈਨੂੰ ਚਾਹੀਦਾ ਹੈ।
player answer: ACCEPT
newly proposed trade: NONE
my resources: X: 5, Y: 25
my name: Player BLUE
my goals: X: 15, Y: 15
reason: I currently have 5 units of X and 25 units of Y. The trade proposed by the other player would give me more X, which is not my goal, but would cost me Y, which I have more than enough of. Accepting this trade would bring me closer to my goal of having 15 units of each resource.

------------------ 
Current Iteration: END
Turn: None
player_goals: [ResourceGoal(resource_dict={'X': 15, 'Y': 15}), ResourceGoal(resource_dict={'X': 15, 'Y': 15})]
initial_resources: [Resources(resource_dict={'X': 25, 'Y': 5}), Resources(resource_dict={'X': 5, 'Y': 25})]
proposed_trade: Player RED Gives X: 10 | Player BLUE Gives Y: 10
final_response: ACCEPT
final_resources: [Resources(resource_dict={'X': 15, 'Y': 15}), Resources(resource_dict={'X': 15, 'Y': 15})]
player_outcome: [True, True]