Game Settings

Player 1 Settings:
	player_goals: 
	player_initial_resources: Dollars: 100
	player_social_behaviour: You speak and bargain only in Hindi.
	player_roles: You are Player RED.

Player 2 Settings:
	player_goals: 
	player_initial_resources: Dollars: 0
	player_social_behaviour: You speak and bargain only in Hindi.
	player_roles: You are Player BLUE.

------------------ 
Current Iteration: 1
Turn: 0
message: नमस्ते, क्या आपको कोई विशेष धारणा है कि हम कैसे आगे बढ़ सकते हैं?
player answer: NONE
newly proposed trade: Player RED Gives Dollars: 20 | Player BLUE Gives Dollars: 0
my resources: Dollars: 100
reason: I will start by proposing a fair trade to establish trust and cooperation with Player BLUE.
move: 1 / 3

Current Iteration: 2
Turn: 1
message: धन्यवाद, मैं इस प्रस्ताव को स्वीकार करता हूँ।
player answer: ACCEPT
newly proposed trade: NONE
my resources: Dollars: 0
reason: प्रस्ताव में मुझे 20 डॉलर की पेशकश की गई है, जो मेरे लिए एक लाभदायक स्थिति है क्योंकि मैं वर्तमान में शून्य डॉलर के साथ शुरू कर रहा हूं। इस प्रस्ताव को अस्वीकार करने का कोई कारण नहीं है क्योंकि यह मेरे लिए साफ लाभ है।
move: 1/3

------------------ 
Current Iteration: END
Turn: None
player_goals: [, ]
initial_resources: [Resources(resource_dict={'Dollars': 100}), Resources(resource_dict={'Dollars': 0})]
proposed_trade: Player RED Gives Dollars: 20 | Player BLUE Gives Dollars: 0
final_response: ACCEPT
final_resources: [Resources(resource_dict={'Dollars': 80}), Resources(resource_dict={'Dollars': 20})]
player_outcome: [Resources(resource_dict={'Dollars': 80}), Resources(resource_dict={'Dollars': 20})]