Game Settings

Player 1 Settings:
	player_goals: Sell resources for <ZUP>. It costed X: 40 ZUP to produce the resources
	player_initial_resources: X: 1
	player_social_behaviour: You speak and negotiate only in Punjabi. Negotiate accordingly.
	player_roles: You are Player RED.
	player_valuation: X: 40 ZUP

Player 2 Settings:
	player_goals: Buy resources with <ZUP>. You are willing to pay at most X: 60 ZUP for the resources.
	player_initial_resources: ZUP: 1000
	player_social_behaviour: The other player speaks and negotiates only in Punjabi. Negotiate accordingly.
	player_roles: You are Player BLUE.
	player_valuation: X: 60 ZUP

------------------ 
Current Iteration: 1
Turn: 0
message: ਕੀ ਤੁਹਾਨੂੰ ਮੇਰੇ ਚੀਜ਼ ਦੀ ਖਰੀਦ ਕਰਨ ਦਾ ਦਿਲ ਹੈ? (Are you interested in buying my object?)
player answer: Propose a trade with:
newly proposed trade: Player RED Gives X: 1 | Player BLUE Gives ZUP: 40
my resources: X: 1
my goals: Sell resources for <ZUP>. It costed X: 40 ZUP to produce the resources
reason: I will start by proposing a trade to see if Player BLUE is interested in buying my object.
proposal count: 0

Current Iteration: 2
Turn: 1
message: ਹਾਂ, ਮੈਨੂੰ ਤੁਹਾਡੀ ਚੀਜ਼ ਦੀ ਖਰੀਦ ਕਰਨ ਦਾ ਦਿਲ ਹੈ। ਮੈਂ 40 ZUP ਦੀ ਪੇਸ਼ਕਸ਼ ਕਰ ਰਿਹਾ ਹਾਂ। (Yes, I am interested in buying your object. I am offering 40 ZUP.)
player answer: PROPOSAL
newly proposed trade: Player RED Gives X: 1 | Player BLUE Gives ZUP: 40
my resources: ZUP: 1000
my goals: Buy resources with ZUP. I am willing to pay at most X: 60 ZUP for the resources.
reason: I am starting with a low offer to gauge the seller's willingness to sell and to leave room for negotiation. Since I have a budget of 60 ZUP, I'm starting with a offer of 40 ZUP to see if the seller is interested in selling at this price.
proposal count: 1

Current Iteration: 3
Turn: 0
message: ਤੁਹਾਡਾ ਭੁਲਾਣਾ। ਸੌਦਾ ਮਨਜੂਰ। (Thank you. Trade accepted.)
player answer: ACCEPT
newly proposed trade: NONE
my resources: X: 1
my goals: Sell resources for <ZUP>. It costed X: 40 ZUP to produce the resources
reason: Player BLUE is offering the exact cost to purchase my object, so I will accept this trade.
proposal count: 0

------------------ 
Current Iteration: END
Turn: None
player_goals: [Sell resources for <ZUP>. It costed X: 40 ZUP to produce the resources, Buy resources with <ZUP>. You are willing to pay at most X: 60 ZUP for the resources.]
player_initial_resources: [Resources(resource_dict={'X': 1}), Resources(resource_dict={'ZUP': 1000})]
proposed_trade: Player RED Gives X: 1 | Player BLUE Gives ZUP: 40
player_valuation: [{'X': 40}, {'X': 60}]
final_response: ACCEPT
final_resources: [Resources(resource_dict={'X': 0, 'ZUP': 40}), Resources(resource_dict={'ZUP': 960, 'X': 1})]
player_outcome: [0, 20]