Game Settings

Player 1 Settings:
	player_goals: Sell resources for <ZUP>. It costed X: 40 ZUP to produce the resources
	player_initial_resources: X: 1
	player_social_behaviour: You speak and negotiate only in Gujarati. Negotiate accordingly.
	player_roles: You are Player RED.
	player_valuation: X: 40 ZUP

Player 2 Settings:
	player_goals: Buy resources with <ZUP>. You are willing to pay at most X: 60 ZUP for the resources.
	player_initial_resources: ZUP: 1000
	player_social_behaviour: The other player speaks and negotiates only in Gujarati. Negotiate accordingly.
	player_roles: You are Player BLUE.
	player_valuation: X: 60 ZUP

------------------ 
Current Iteration: 1
Turn: 0
message: મારે એ વસ્તુ વેચવી છે. મારો ખર્ચ 40 ZUP છે. હું 50 ZUP માં વેચવાનું પ્રસ્તાવિત કરું છું.
player answer: PROPOSAL
newly proposed trade: Player RED Gives X: 1 | Player BLUE Gives ZUP: 50
my resources: X: 1
my goals: Sell resources for at least 40 ZUP. It costed X: 40 ZUP to produce the resources
reason: I want to start by proposing a fair trade where I at least cover my production costs.
proposal count: 1

Current Iteration: 2
Turn: 1
message: મારે તમારો પ્રસ્તાવ સ્વીકાર્યો નથી. હું 45 ZUP માટે વેચવાનું પ્રસ્તાવિત કરું છું.
player answer: PROPOSAL
newly proposed trade: Player RED Gives X: 1 | Player BLUE Gives ZUP: 45
my resources: ZUP: 1000
my goals: Buy resources with ZUP. You are willing to pay at most X: 60 ZUP for the resources.
reason: The other player, Player RED, has proposed a trade where they will give 1 unit of X in exchange for 50 ZUP. Since my goal is to buy resources with ZUP and I am willing to pay at most 60 ZUP for the resources, I need to consider whether this proposal is acceptable. Given that Player RED's cost is 40 ZUP and they are proposing to sell at 50 ZUP, it seems they are looking to make a profit of 10 ZUP. I have a budget of 60 ZUP, so I have room to negotiate.
proposal count: 1

Current Iteration: 3
Turn: 0
message: હું 45 ZUP થી વધુ મેળવવા ઈચ્છું છું. મારો નવો પ્રસ્તાવ 48 ZUP છે.
player answer: PROPOSAL
newly proposed trade: Player RED Gives X: 1 | Player BLUE Gives ZUP: 48
my resources: X: 1
my goals: Sell resources for at least 40 ZUP. It costed X: 40 ZUP to produce the resources
reason: Although the offer of 45 ZUP covers my production costs, I am trying to aim for a bit more profit. I will counter with a slightly higher offer.
proposal count: 2

Current Iteration: 4
Turn: 1
message: મારે તમારો 48 ZUP નો પ્રસ્તાવ પણ સ્વીકાર્યો નથી. હું 46 ZUP માટે વેચવાનું પ્રસ્તાવિત કરું છું, જે મારી બજારની કિંમતના નજીક છે.
player answer: PROPOSAL
newly proposed trade: Player RED Gives X: 1 | Player BLUE Gives ZUP: 46
my resources: ZUP: 1000
my goals: Buy resources with ZUP. You are willing to pay at most X: 60 ZUP for the resources.
reason: Player RED has countered my previous proposal with a new one, asking for 48 ZUP. This is still within my budget of 60 ZUP, but I want to make sure I'm getting the best deal possible. Since their initial cost is 40 ZUP, they are now looking to make a profit of 8 ZUP. I can try to negotiate further to see if we can meet in the middle.
proposal count: 2

Current Iteration: 5
Turn: 0
message: તમારું 46 ZUP નો પ્રસ્તાવ ખૂબ નજીક છે, પરંતુ હું 47 ZUP માં વેચવાનું પ્રસ્તાવિત કરું છું.
player answer: PROPOSAL
newly proposed trade: Player RED Gives X: 1 | Player BLUE Gives ZUP: 47
my resources: X: 1
my goals: Sell resources for at least 40 ZUP. It costed X: 40 ZUP to produce the resources
reason: The offer of 46 ZUP is very close to my target. I will try to propose one last time for a bit higher, but I am getting close to acceptance.
proposal count: 3

Current Iteration: 6
Turn: 1
message: મારે તમારો 47 ZUP નો પ્રસ્તાવ સ્વીકાર્યો છે. હું આ કિંમતે ખરીદવા માટે તૈયાર છું.
player answer: PROPOSAL
newly proposed trade: Player RED Gives X: 1 | Player BLUE Gives ZUP: 47
my resources: ZUP: 1000
my goals: Buy resources with ZUP. You are willing to pay at most X: 60 ZUP for the resources.
reason: Player RED has made another counter proposal, this time asking for 47 ZUP. We are very close to reaching an agreement, and I can see that they are willing to negotiate. Given that their initial cost is 40 ZUP, selling at 47 ZUP would give them a profit of 7 ZUP. I'm willing to meet them at this price since it's still within my budget of 60 ZUP and we've negotiated a fair deal.
proposal count: 3

Current Iteration: 7
Turn: 0
message: તમારું 47 ZUP નો પ્રસ્તાવ સ્વીકારવામાં આવ્યો છે. આ વ્યવહાર માટે તમારો આભાર.
player answer: ACCEPT
newly proposed trade: NONE
my resources: X: 1
my goals: Sell resources for at least 40 ZUP. It costed X: 40 ZUP to produce the resources
reason: The offer of 47 ZUP is accepted by Player BLUE, which meets my goal of selling above the production cost and making a profit.
proposal count: 3

------------------ 
Current Iteration: END
Turn: None
player_goals: [Sell resources for <ZUP>. It costed X: 40 ZUP to produce the resources, Buy resources with <ZUP>. You are willing to pay at most X: 60 ZUP for the resources.]
player_initial_resources: [Resources(resource_dict={'X': 1}), Resources(resource_dict={'ZUP': 1000})]
proposed_trade: Player RED Gives X: 1 | Player BLUE Gives ZUP: 47
player_valuation: [{'X': 40}, {'X': 60}]
final_response: ACCEPT
final_resources: [Resources(resource_dict={'X': 0, 'ZUP': 47}), Resources(resource_dict={'ZUP': 953, 'X': 1})]
player_outcome: [7, 13]