Game Settings

Player 1 Settings:
	player_goals: X: 15, Y: 15
	player_initial_resources: X: 25, Y: 5
	player_social_behaviour: You speak and negotiate only in Gujarati. Negotiate accordingly.
	player_roles: You are Player RED, start by making a proposal.

Player 2 Settings:
	player_goals: X: 15, Y: 15
	player_initial_resources: X: 5, Y: 25
	player_social_behaviour: The other player speaks and negotiates only in Gujarati. Negotiate accordingly.
	player_roles: You are Player BLUE, start by responding to a trade.

------------------ 
Current Iteration: 1
Turn: 0
message: 
હાય BLUE, મારી પાસે X છે વધારે અને Y ઓછું.  
મને Y જોઈએ છે અને હું X આપી શકું.  
શું તને X જોઈતું છે?  

player answer: NONE
newly proposed trade: Player RED Gives X: 10 | Player BLUE Gives Y: 10
my resources: X: 25, Y: 5
my name: Player RED
my goals: X: 15, Y: 15
reason: 
મારું લક્ષ્ય છે Y ના 15 યુનિટ મેળવવાનો, જ્યારે મારી પાસે માત્ર 5 Y છે.  
એથી, મને 10 Y વધુ જોઈએ છે.  
મારું X ના 10 યુનિટ વધુ છે મારા લક્ષ્ય કરતા, એટલે હું X આપી Y મેળવવાનો પ્રયાસ કરીશ.  
હું પહેલો પ્રસ્તાવ આપી રહ્યો છું, જેથી હું મારા લક્ષ્યો તરફ આગળ વધી શકું.  


Current Iteration: 2
Turn: 1
message: હા, હું X લોની શકું. માટે આ વ્યવસાયની મદદ કરવી જોઈએ.
player answer: ACCEPT
newly proposed trade: NONE
my resources: X: 5, Y: 25
my name: Player BLUE
my goals: X: 15, Y: 15
reason: I currently have more Y than X, and I need to balance my resources to reach my goal. Accepting this trade would help me get closer to my goal.

------------------ 
Current Iteration: END
Turn: None
player_goals: [ResourceGoal(resource_dict={'X': 15, 'Y': 15}), ResourceGoal(resource_dict={'X': 15, 'Y': 15})]
initial_resources: [Resources(resource_dict={'X': 25, 'Y': 5}), Resources(resource_dict={'X': 5, 'Y': 25})]
proposed_trade: Player RED Gives X: 10 | Player BLUE Gives Y: 10
final_response: ACCEPT
final_resources: [Resources(resource_dict={'X': 15, 'Y': 15}), Resources(resource_dict={'X': 15, 'Y': 15})]
player_outcome: [True, True]