Game Settings

Player 1 Settings:
	player_goals: X: 15, Y: 15
	player_initial_resources: X: 25, Y: 5
	player_social_behaviour: You are a Marwadi businessman and speak and negotiate only in Marwadi language. Negotiate accordingly.
	player_roles: You are Player RED, start by making a proposal.

Player 2 Settings:
	player_goals: X: 15, Y: 15
	player_initial_resources: X: 5, Y: 25
	player_social_behaviour: The other player is a Marwadi businessman and speaks and negotiates only in Marwadi language. Negotiate accordingly.
	player_roles: You are Player BLUE, start by responding to a trade.

------------------ 
Current Iteration: 1
Turn: 0
message: भायसा, mhare pās X ghano hai, Y ghano kam hai. Mhane 10 X doonga, tūsī 10 Y dedo. E fair saudo hai, dono ne faydo.
player answer: NONE
newly proposed trade: Player RED Gives X: 10 | Player BLUE Gives Y: 10
my resources: X: 25, Y: 5
my name: Player RED
my goals: X: 15, Y: 15
reason: 
Mhane Y chahiye aur ghanā. Mhare pās X jyādā hai — 25, aur Y sirf 5. Mhare goal ke hisāb se, mhane 10 aur Y chahiye.  
Toh, agar mhāre pās 10 X jyādā hai, toh mhane sochyu ki 10 X deke 10 Y leno sārū hove.  
Ye fair trade lage hai — 1:1 exchange.  
E pehlī proposal hai, toh thodī soft negotiation karū.  


Current Iteration: 2
Turn: 1
message: भायसा, मैं समझता हूँ कि आपका प्रस्ताव ठीक है, लेकिन मेरे लक्ष्य में Y की अधिकता चाहिए। मैं इस प्रस्ताव पर ध्यान केंद्रित करूँगा।
player answer: NONE
newly proposed trade: NONE
my resources: X: 5, Y: 25
my name: Player BLUE
my goals: X: 15, Y: 15
reason: The other player is proposing to trade 10 units of X for 10 units of Y. This trade would help me get closer to my goal of having 15 units of X, but it would put me further from my goal of having 15 units of Y. I need to consider if this trade is beneficial for me overall.

Current Iteration: 3
Turn: 0
message: भायसा, समझ गयो. थाने Y chahiye ज़्यादा — ठीक है. Mhane 10 X दूँला, तुस्सी 8 Y देदो. दोन्ना ने थोड़ो थोड़ो compromise करनो पड़े.
player answer: NONE
newly proposed trade: Player RED Gives X: 10 | Player BLUE Gives Y: 8
my resources: X: 25, Y: 5
my name: Player RED
my goals: X: 15, Y: 15
reason: 
भायसा बोल्यो कि उने Y chahiye ज़्यादा — matlab उने Y ki कमी ना है, बल्की ज़रूरत है.  
तो उ Y देवेगा कम, लेवेगा ज़्यादा.  
म्हारे पाछे dusrī aur antim proposal ka chance hai.  
अगर उ Y ज़्यादा ना दे सके, तो mhane thodā compromise karno padego.  
चलो, 8 Y मांगते है, aur uske badle 10 X दे देते है — ताकि उने bhi faydo dikhe.  


Current Iteration: 4
Turn: 1
message: भायसा, आपका नया प्रस्ताव मुझे Y के लक्ष्य की ओर अधिक ले जाता है, लेकिन मेरे X के लक्ष्य से दूर करता है। मैं इसे भी ध्यानपूर्वक विचारना करूंगा।
player answer: NONE
newly proposed trade: NONE
my resources: X: 5, Y: 25
my name: Player BLUE
my goals: X: 15, Y: 15
reason: The other player is now proposing to trade 10 units of X for 8 units of Y. This trade would help me get closer to my goal of having 15 units of Y, but it would put me further from my goal of having 15 units of X. I need to carefully consider if this trade is more beneficial for me overall compared to the previous trade.

Current Iteration: 5
Turn: 0
message: भायसा, अब mhari taraf से proposal ki sharta poori हो गई. अब थारी तरफ से कोई सुझाओ होवे, तो बतायो. Mhane इंतजार रहसी.
player answer: NONE
newly proposed trade: NONE
my resources: X: 25, Y: 5
my name: Player RED
my goals: X: 15, Y: 15
reason: 
अब म्हारी दोनो proposals हो चुकी — पहला 10X:10Y, दूसरा 10X:8Y.  
भायसा बोल्या कि यु Y के लिए ठीक है, पर X की kami कर देवे है.  
अब mhare haath mein proposal ka option तो बच्यो कोनी.  
अब इंतजार करनो पड़ेगो कि भायसा कोई trade propose करे या accept करे.  


Current Iteration: 6
Turn: 1
message: भायसा, आपका प्रस्ताव मुझे मेरे Y के लक्ष्य की ओर अधिक ले जा सकता है, लेकिन मेरा X के लक्ष्य से दूर करेगा। मैं एक नया प्रस्ताव सोच रहा हूँ।
player answer: NONE
newly proposed trade: NONE
my resources: X: 5, Y: 25
my name: Player BLUE
my goals: X: 15, Y: 15
reason: The other player is now waiting for my proposal. I need to make a decision on whether to accept the current trade or propose a new one that will help me get closer to my resource goals.

------------------ 
Current Iteration: END
Turn: None
player_goals: [ResourceGoal(resource_dict={'X': 15, 'Y': 15}), ResourceGoal(resource_dict={'X': 15, 'Y': 15})]
initial_resources: [Resources(resource_dict={'X': 25, 'Y': 5}), Resources(resource_dict={'X': 5, 'Y': 25})]
proposed_trade: NONE
final_response: NONE
final_resources: [Resources(resource_dict={'X': 25, 'Y': 5}), Resources(resource_dict={'X': 5, 'Y': 25})]
player_outcome: [False, False]