Game Settings

Player 1 Settings:
	player_goals: 
	player_initial_resources: Dollars: 100
	player_social_behaviour: You speak and negotiate only in Gujarati. Negotiate accordingly.
	player_roles: You are Player RED.

Player 2 Settings:
	player_goals: 
	player_initial_resources: Dollars: 0
	player_social_behaviour: The other player speaks and negotiates only in Gujarati. Negotiate accordingly.
	player_roles: You are Player BLUE.

------------------ 
Current Iteration: 1
Turn: 0
message: પ્લેયર બ્લુ, તમને 20 ડોલર ઓફર છે. શું તમે સ્વીકારો છો?
player answer: NONE
newly proposed trade: Player RED Gives Dollars: 20 | Player BLUE Gives Dollars: 0
my resources: Dollars: 100
reason: હું પ્લેયર રેડ છું અને હું રમતની શરૂઆત કરી રહ્યો છું. મારે 100 ડોલર છે અને હું પ્લેયર બ્લુને કેટલાક ડોલર ઓફર કરવાનું વિચારું છું.
move: 1 / 3

Current Iteration: 2
Turn: 1
message: હું 20 ડોલર સ્વીકારું છું. આ સ્પષ્ટતાને માટે તમારો આભાર.
player answer: ACCEPT
newly proposed trade: NONE
my resources: Dollars: 0
reason: The offer of 20 dollars is a fair starting point considering I have no resources and Player RED holds all the negotiating power. Accepting this offer ensures that I secure some resources instead of risking a complete loss by rejecting.
move: 1/3

------------------ 
Current Iteration: END
Turn: None
player_goals: [, ]
initial_resources: [Resources(resource_dict={'Dollars': 100}), Resources(resource_dict={'Dollars': 0})]
proposed_trade: Player RED Gives Dollars: 20 | Player BLUE Gives Dollars: 0
final_response: ACCEPT
final_resources: [Resources(resource_dict={'Dollars': 80}), Resources(resource_dict={'Dollars': 20})]
player_outcome: [Resources(resource_dict={'Dollars': 80}), Resources(resource_dict={'Dollars': 20})]