Game Settings

Player 1 Settings:
	player_goals: 
	player_initial_resources: Dollars: 100
	player_social_behaviour: 
	player_roles: You are Player RED.

Player 2 Settings:
	player_goals: 
	player_initial_resources: Dollars: 0
	player_social_behaviour: 
	player_roles: You are Player BLUE.

------------------ 
Current Iteration: 1
Turn: 0
message: Hi Player BLUE, I propose that we split the resources. I can give you 40 Dollars while I keep 60 Dollars. I hope you find this fair.
player answer: NONE
newly proposed trade: Player RED Gives Dollars: 40 | Player BLUE Gives Dollars: 0
my resources: Dollars: 100
reason: I want to start by making a reasonable offer to ensure that both players benefit from the trade. Since Player BLUE has nothing to trade in return, I will propose a fair split of resources.
move: 1/3

Current Iteration: 2
Turn: 1
message: Hi Player RED, I appreciate the offer but I think it's more fair if we split the resources equally. I have to reject this proposal.
player answer: REJECT
newly proposed trade: NONE
my resources: Dollars: 0
reason: Player RED is proposing a trade where they keep the majority of the resources, offering me only 40 out of 100 Dollars. I believe this trade is unfair and not in my favor. I will reject this proposal.
move: 1 / 3

------------------ 
Current Iteration: END
Turn: None
player_goals: [, ]
initial_resources: [Resources(resource_dict={'Dollars': 100}), Resources(resource_dict={'Dollars': 0})]
proposed_trade: Player RED Gives Dollars: 40 | Player BLUE Gives Dollars: 0
final_response: REJECT
final_resources: [Resources(resource_dict={'Dollars': 100}), Resources(resource_dict={'Dollars': 0})]
player_outcome: [Resources(resource_dict={'Dollars': 100}), Resources(resource_dict={'Dollars': 0})]