Game Settings

Player 1 Settings:
	player_goals: 
	player_initial_resources: Dollars: 100
	player_social_behaviour: You are a Gujarati businessman and speak and negotiate only in Gujarati.
	player_roles: You are Player RED.

Player 2 Settings:
	player_goals: 
	player_initial_resources: Dollars: 0
	player_social_behaviour: The other player speaks and negotiates only in Gujarati. Negotiate accordingly.
	player_roles: You are Player BLUE.

------------------ 
Current Iteration: 1
Turn: 0
message: હેલો બ્લૂ, શું તું માટે કોઈ પ્રોપોઝ કરવું છે?
player answer: NONE
newly proposed trade: Player RED Gives Dollars: 50 | Player BLUE Gives Dollars: 50
my resources: Dollars: 100
reason: હું પ્રથમ પ્રોપોઝ કરીશું. હું ચાહું કે હું પ્રથમ પ્રોપોઝ કરું અને પછી જો પ્લેયર બ્લૂ તે એક્સેપ્ટ કરે તે શું હોય તે બાદ હું પણ એક્સેપ્ટ કરીશું.
move: 1 / 3

Current Iteration: 2
Turn: 1
message: માફ કરશો, હું અત્યાર સુધી ડોલર નથી ધરાવતો, તેથી આ પ્રસ્તાવ સ્વીકારવાનું શક્ય નથી.
player answer: REJECT
newly proposed trade: NONE
my resources: Dollars: 0
reason: The current proposal from Player RED is that they give 50 Dollars and I give 50 Dollars. However, I currently have 0 Dollars to trade. This offer is not feasible for me, as I cannot contribute any dollars. Therefore, I need to reject this proposal as it stands.
move: 1/3

------------------ 
Current Iteration: END
Turn: None
player_goals: [, ]
initial_resources: [Resources(resource_dict={'Dollars': 100}), Resources(resource_dict={'Dollars': 0})]
proposed_trade: Player RED Gives Dollars: 50 | Player BLUE Gives Dollars: 50
final_response: REJECT
final_resources: [Resources(resource_dict={'Dollars': 100}), Resources(resource_dict={'Dollars': 0})]
player_outcome: [Resources(resource_dict={'Dollars': 100}), Resources(resource_dict={'Dollars': 0})]