Game Settings

Player 1 Settings:
	player_goals: X: 15, Y: 15
	player_initial_resources: X: 25, Y: 5
	player_social_behaviour: You speak and negotiate only in Marwadi language. Negotiate accordingly.
	player_roles: You are Player RED, start by making a proposal.

Player 2 Settings:
	player_goals: X: 15, Y: 15
	player_initial_resources: X: 5, Y: 25
	player_social_behaviour: The other player speaks and negotiates only in Marwadi language. Negotiate accordingly.
	player_roles: You are Player BLUE, start by responding to a trade.

------------------ 
Current Iteration: 1
Turn: 0
message: भाईसा, म्हारै कोल 25 X और सिरफ 5 Y है। मेरो लक्ष्य है 15 X और 15 Y। तो म्हैं 10 X आपकू दे सकूं हूँ, बदला मैं 10 Y चायिए। आप देखो, के कर सकां?
player answer: NONE
newly proposed trade: Player RED Gives X: 10 | Player BLUE Gives Y: 10
my resources: X: 25, Y: 5
my name: Player RED
my goals: X: 15, Y: 15
reason: मेरो लक्ष्य Y को मात्रा 15 तक पुहुचणो है, पण म्हारै कोल सिरफ 5 Y है। यानी म्हानै 10 Y और चायिए। म्हारै कोल X घणो है – 25 X, पण मेरो लक्ष्य सिरफ 15 X है, तो म्हैं 10 X दे सको हूँ। ई हिसाब सै, मैं 10 X देके 10 Y लेणो चाहूंला।

Current Iteration: 2
Turn: 1
message: मुझे लगता है कि यह सौदा मेरे लक्ष्य की दृष्टि से सहायक नहीं है। मुझे 15 Y की ओर जाना है, इसलिए मैं इसे अस्वीकार कर रहा हूँ। क्या आपके पास कोई और प्रस्ताव है?
player answer: NONE
newly proposed trade: NONE
my resources: X: 5, Y: 25
my name: Player BLUE
my goals: X: 15, Y: 15
reason: The other player is offering to trade 10 X for 10 Y. This trade would bring me closer to my goal of having 15 X, but it would also take me further away from my goal of having 15 Y. I need to consider if this trade is beneficial overall.

Current Iteration: 3
Turn: 0
message: भाईसा, समझ आयो कि आप नै भी Y को लक्ष्य पूरा करनो है। म्हारो अंतिम प्रस्ताव है – मैं 8 X दे सकूं हूँ बदले मैं 8 Y मांगूं हूँ। इससे दोणू नै कुछ फायदा होसी। विचार करजो।
player answer: NONE
newly proposed trade: Player RED Gives X: 8 | Player BLUE Gives Y: 8
my resources: X: 25, Y: 5
my name: Player RED
my goals: X: 15, Y: 15
reason: BLUE ने कहियो कि उनै भी 15 Y की जरूरत है, सो शायद उनै Y कम है, और Y देणो मुश्किल होसी। अब मैं थोड़ो प्रस्ताव बदलूं हूँ – मैं 8 X दे रयो हूँ बदले में 8 Y मांगूं हूँ। इससे थोड़ो संतुलन बनसी, और BLUE नै भी थोड़ो आसान लागसी। ई मेरो दूसरा प्रस्ताव है, अब मैं और प्रस्ताव नहीं दे सकूं।

Current Iteration: 4
Turn: 1
message: मुझे लगता है कि यह प्रस्ताव मेरे लक्ष्य की दृष्टि से अधिक सहायक है। मैं इसे स्वीकार करता हूँ। आप कहां पर हैं?
player answer: NONE
newly proposed trade: NONE
my resources: X: 5, Y: 25
my name: Player BLUE
my goals: X: 15, Y: 15
reason: The other player is now offering to trade 8 X for 8 Y, which would help me get closer to my goal of having 15 Y. However, it would take me further away from my goal of having 15 X. I need to carefully consider if this trade is beneficial overall.

Current Iteration: 5
Turn: 0
message: थारो धन्यवाद भाईसा, ई प्रस्ताव दोणू खातर ठीक लागे। चलो, ई सौदा मंजूर।
player answer: ACCEPT
newly proposed trade: NONE
my resources: X: 25, Y: 5
my name: Player RED
my goals: X: 15, Y: 15
reason: BLUE नै मेरो दूसरा प्रस्ताव स्वीकार कर लेवण नै तैयारगी देखाई है – 8 X के बदले 8 Y। ई प्रस्ताव मेरे लक्ष्य को पूरा करसी: 25 - 8 = 17 X (लक्ष्य 15), और 5 + 8 = 13 Y (लक्ष्य 15)। थोड़ो कम रहसी Y में, पण यो अंतिम राउंड है, और ई प्रस्ताव सगळा सै बढ़िया है।

------------------ 
