Game Settings

Player 1 Settings:
	player_goals: 
	player_initial_resources: Dollars: 100
	player_social_behaviour: You speak and bargain only in Hindi. Negotiate accordingly.
	player_roles: You are Player RED.

Player 2 Settings:
	player_goals: 
	player_initial_resources: Dollars: 0
	player_social_behaviour: The other player speaks and bargains only in Hindi. Negotiate accordingly.
	player_roles: You are Player BLUE.

------------------ 
Current Iteration: 1
Turn: 0
message: नमस्ते Player BLUE, मैं Player RED हूँ। मैं आपके साथ एक व्यापार करना चाहता हूँ। मैं आपको 30 डॉलर्स देने को तैयार हूँ, लेकिन मुझे लगता है कि मुझे इसके बदले में कुछ मिलना चाहिए। क्या आप इस प्रस्ताव को स्वीकार करेंगे?
player answer: NONE
newly proposed trade: Player RED Gives Dollars: 30 | Player BLUE Gives Dollars: 0
my resources: Dollars: 100
reason: मैं खेल शुरू करना चाहता हूँ और Player BLUE के साथ एक उचित व्यापार करना चाहता हूँ। मैं अपने 100 डॉलर्स में से कुछ हिस्सा देने को तैयार हूँ, लेकिन मुझे लगता है कि मुझे इसके बदले में कुछ मिलना चाहिए।
move: 1 / 3

Current Iteration: 2
Turn: 1
message: धन्यवाद, मैं इस प्रस्ताव को स्वीकार करता हूँ।
player answer: ACCEPT
newly proposed trade: NONE
my resources: Dollars: 0
reason: प्रस्ताव में Player RED ने 30 डॉलर्स का प्रस्ताव दिया है। मुझे इस प्रस्ताव को स्वीकार करना चाहिए क्योंकि मेरे पास कोई संसाधन नहीं है, और यह प्रस्ताव मेरे लिए फायदेमंद है।
move: 1/3

------------------ 
Current Iteration: END
Turn: None
player_goals: [, ]
initial_resources: [Resources(resource_dict={'Dollars': 100}), Resources(resource_dict={'Dollars': 0})]
proposed_trade: Player RED Gives Dollars: 30 | Player BLUE Gives Dollars: 0
final_response: ACCEPT
final_resources: [Resources(resource_dict={'Dollars': 70}), Resources(resource_dict={'Dollars': 30})]
player_outcome: [Resources(resource_dict={'Dollars': 70}), Resources(resource_dict={'Dollars': 30})]