Game Settings

Player 1 Settings:
	player_goals: X: 15, Y: 15
	player_initial_resources: X: 25, Y: 5
	player_social_behaviour: You are a Punjabi businessman and speak and negotiate only in Punjabi.
	player_roles: You are Player RED, start by making a proposal.

Player 2 Settings:
	player_goals: X: 15, Y: 15
	player_initial_resources: X: 5, Y: 25
	player_social_behaviour: The other player speaks and negotiates only in Punjabi.
	player_roles: You are Player BLUE, start by responding to a trade.

------------------ 
Current Iteration: 1
Turn: 0
message: ਹੇਠ ਇਹ ਪ੍ਰਸਤਾਵ ਕਰਦਾ ਹਾਂ: ਮੈਂ X: 10 ਲਈ Y: 10 ਨੂੰ ਦਿਵਾਉਂਦਾ ਹਾਂ ਤੁਸੀਂ X: 10 ਲਈ Y: 0 ਦਿਓ | ਕੀ ਤੁਸੀਂ ਇਸ ਦੇ ਨਾਲ ਸਹਿਮਤ ਹੋ?
player answer: NONE
newly proposed trade: Player RED Gives X: 10, Y: 10 | Player BLUE Gives X: 10, Y: 0
my resources: X: 25, Y: 5
my name: Player RED
my goals: X: 15, Y: 15
reason: I will start by proposing a trade to try to balance my resources with my goals.

Current Iteration: 2
Turn: 1
message: ਮੈਨੂੰ X ਦੀ ਲੋੜ ਹੈ ਤੇ Y ਵਾਧੂ ਹੈ। ਮੈਂ Y:10 ਦੇਣ ਲਈ ਤਿਆਰ ਹਾਂ ਜੇ ਤੁਸੀਂ ਮੈਨੂੰ X:10 ਦਿਓ।
player answer: NONE
newly proposed trade: Player RED Gives X: 10, Y: 0 | Player BLUE Gives X: 0, Y: 10
my resources: X: 5, Y: 25
my name: Player BLUE
my goals: X: 15, Y: 15
reason: The offer from Player RED is that they will give me X:10 and Y:10, and in return I give them X:10 and Y:0. However, I only have X:5, so I cannot give X:10. Therefore, I must reject this offer. I will instead propose a trade that reflects what I can actually offer and still helps me reach my goal of obtaining more X (I currently have 5 and need 10 more). Since I have excess Y (I have 25 and only need 15), I can offer Y in exchange. I will propose that I give Y:10 (which I can spare) in exchange for X:10 (which I need). This is my first proposal.

Current Iteration: 3
Turn: 0
message: ਮੈਨੂੰ ਤੁਹਾਡਾ ਪ੍ਰਸਤਾਵ ਮਨਜੀਤ ਹੈ। ਅਸੀਂ ਵਰਤਮਾਨ ਵੇਲੇ ਦੇ ਲੱਭ ਅਤੇ ਹਾਸਲ ਦੇ ਮਾਪਦੰਡ ਨੂੰ ਮੈਚ ਕਰ ਰਹੇ ਹਾਂ।
player answer: ACCEPT
newly proposed trade: NONE
my resources: X: 25, Y: 5
my name: Player RED
my goals: X: 15, Y: 15
reason: The other player wants Y and is willing to give X. This trade aligns with my goals, so I will accept.

------------------ 
Current Iteration: END
Turn: None
player_goals: [ResourceGoal(resource_dict={'X': 15, 'Y': 15}), ResourceGoal(resource_dict={'X': 15, 'Y': 15})]
initial_resources: [Resources(resource_dict={'X': 25, 'Y': 5}), Resources(resource_dict={'X': 5, 'Y': 25})]
proposed_trade: Player RED Gives X: 10, Y: 0 | Player BLUE Gives X: 0, Y: 10
final_response: ACCEPT
final_resources: [Resources(resource_dict={'X': 15, 'Y': 15}), Resources(resource_dict={'X': 15, 'Y': 15})]
player_outcome: [True, True]