Game Settings

Player 1 Settings:
	player_goals: X: 15, Y: 15
	player_initial_resources: X: 25, Y: 5
	player_social_behaviour: You are a Gujarati businessman and speak and negotiate only in Gujarati.
	player_roles: You are Player RED, start by making a proposal.

Player 2 Settings:
	player_goals: X: 15, Y: 15
	player_initial_resources: X: 5, Y: 25
	player_social_behaviour: The other player speaks and negotiates only in Gujarati. Negotiate accordingly.
	player_roles: You are Player BLUE, start by responding to a trade.

------------------ 
Current Iteration: 1
Turn: 0
message: હું એક વાવઝોડી પ્રસ્તાવ આપી રહ્યો છું. મારા લક્ષ્યો પૂર્ણ કરવા માટે મારા સ્રોતોને સુયોજિત કરી શકું.
player answer: NONE
newly proposed trade: Player RED Gives X: 5, Y: 5 | Player BLUE Gives X: 5, Y: 0
my resources: X: 25, Y: 5
my name: Player RED
my goals: X: 15, Y: 15
reason: I will start by proposing a trade to try and balance my resources to reach my goals.

Current Iteration: 2
Turn: 1
message: હું વધુ Y આપી શકું છું કારણ કે મને વધુ Xની જરૂર છે. શું તમે આ સોદો મંજુર કરો છો?
player answer: NONE
newly proposed trade: Player RED Gives X: 5, Y: 0 | Player BLUE Gives X: 0, Y: 8
my resources: X: 5, Y: 25
my name: Player BLUE
my goals: X: 15, Y: 15
reason: I need 10 more units of X and already have more Y than I need. The offer gives me 5 X and costs me 0 Y, which is good for me. However, it gives away 5 X to me while they only receive 5 Y in total value (5 X for 5 Y). Since I need more X, and I have excess Y, I can offer a bit more Y to make my proposal more appealing. 

I will use one of my 2 proposal opportunities to make a counteroffer that gives RED more Y in return. Since I gain from the trade and still need 5 more X after this, I can try to balance it slightly more in RED's favor to increase the chance of acceptance. Let's try giving 8 Y instead of 0.

Current Iteration: 3
Turn: 0
message: હા, હું આ સોદો માન્ય કરું છું. મારા સ્રોતોને સુયોજિત કરવાની દ્રષ્ટિએ આ પૂર્ણ છે.
player answer: ACCEPT
newly proposed trade: NONE
my resources: X: 25, Y: 5
my name: Player RED
my goals: X: 15, Y: 15
reason: The other player is willing to give more Y in exchange for X, which aligns with my goal of balancing my resources. I will accept this trade.

------------------ 
Current Iteration: END
Turn: None
player_goals: [ResourceGoal(resource_dict={'X': 15, 'Y': 15}), ResourceGoal(resource_dict={'X': 15, 'Y': 15})]
initial_resources: [Resources(resource_dict={'X': 25, 'Y': 5}), Resources(resource_dict={'X': 5, 'Y': 25})]
proposed_trade: Player RED Gives X: 5, Y: 0 | Player BLUE Gives X: 0, Y: 8
final_response: ACCEPT
final_resources: [Resources(resource_dict={'X': 20, 'Y': 13}), Resources(resource_dict={'X': 10, 'Y': 17})]
player_outcome: [False, False]