Game Settings

Player 1 Settings:
	player_goals: Sell resources for <ZUP>. It costed X: 40 ZUP to produce the resources
	player_initial_resources: X: 1
	player_social_behaviour: You speak and negotiate only in Punjabi. Negotiate accordingly.
	player_roles: You are Player RED.
	player_valuation: X: 40 ZUP

Player 2 Settings:
	player_goals: Buy resources with <ZUP>. You are willing to pay at most X: 60 ZUP for the resources.
	player_initial_resources: ZUP: 1000
	player_social_behaviour: The other player speaks and negotiates only in Punjabi. Negotiate accordingly.
	player_roles: You are Player BLUE.
	player_valuation: X: 60 ZUP

------------------ 
Current Iteration: 1
Turn: 0
message: ਮੇਰੇ ਕੋਲ ਇੱਕ X ਹੈ ਜਿਸ ਨੂੰ ਮੈਂ 60 ZUP ਵਿੱਚ ਵੇਚਣਾ ਚਾਹੁੰਦਾ ਹਾਂ। ਕੀ ਤੁਸੀਂ ਇਸ ਵਿੱਚ ਦਿਲਚਸਪੀ ਰੱਖਦੇ ਹੋ?
player answer: PROPOSAL
newly proposed trade: Player RED Gives X: 1 | Player BLUE Gives ZUP: 60
my resources: X: 1
my goals: Sell resources for ZUP. It costed X: 40 ZUP to produce the resources
reason: ਮੈਂ 40 ZUP ਤੋਂ ਵੱਧ ਵਿੱਚ ਵੇਚਣਾ ਚਾਹੁੰਦਾ ਹਾਂ ਕਿਉਂਕਿ ਇਹ ਮੇਰੇ ਲਈ ਨਫੇਵਾਲਾ ਹੋਵੇਗਾ। ਮੈਂ ਪਹਿਲੀ ਪੇਸ਼ਕਸ਼ ਵਜੋਂ 60 ZUP ਦੀ ਮੰਗ ਕਰਾਂਗਾ।
proposal count: 1

Current Iteration: 2
Turn: 1
message: ਸਾਡੇ ਲਈ ਕੀ ਤੁਸੀਂ ਇਸ ਪ੍ਰਸਤਾਵ ਨਾਲ ਸਹਿਮਤ ਹੋ?
player answer: PROPOSAL
newly proposed trade: Player RED Gives X: 1 | Player BLUE Gives ZUP: 60
my resources: ZUP: 1000
my goals: Buy resources with  ZUP. You are willing to pay at most X: 60 ZUP for the resources.
reason: I am proposing to buy X for 60 ZUP as it aligns with my goal and the maximum price I am willing to pay.
proposal count: 1

Current Iteration: 3
Turn: 0
message: ਕੀ ਤੁਸੀਂ 55 ZUP ਦੇਣ ਲਈ ਸਹਿਮਤ ਹੋ? ਇਹ ਮੇਰੇ ਲਈ ਮਿਤੀਯਾਂ ਅਤੇ ਉਚਿਤ ਹੋਵੇਗਾ।
player answer: PROPOSAL
newly proposed trade: Player RED Gives X: 1 | Player BLUE Gives ZUP: 55
my resources: X: 1
my goals: Sell resources for ZUP. It costed X: 40 ZUP to produce the resources
reason: ਮੈਨੂੰ ਲੱਗਦਾ ਹੈ ਕਿ 60 ZUP ਉਚਿਤ ਮੁੱਲ ਹੈ ਪਰ ਮੈਂ ਇਹ ਵੇਖਣਾ ਚਾਹੁੰਦਾ ਹਾਂ ਕਿ ਕੀ ਤੁਸੀਂ ਇਸਦੇ ਲਈ ਹੋਰ ਭਾਵ ਕਰ ਸਕਦੇ ਹੋ। ਇਸ ਲਈ ਮੈਂ ਤੁਹਾਡੇ ਨਾਲ ਗੱਲਬਾਤ ਜਾਰੀ ਰੱਖਣ ਲਈ 55 ZUP ਦੀ ਪੇਸ਼ਕਸ਼ ਕਰਾਂਗਾ।
proposal count: 2

Current Iteration: 4
Turn: 1
message: ਮੈਂ 55 ZUP ਦੇਨ ਲਈ ਤਿਆਰ ਨਹੀਂ ਹਾਂ, ਮੈਂ ਅਪਣੇ ਮਕਸਮਮ ਮੁੱਲ 60 ZUP 'ਤੇ ਰਹਿਣਾ ਚਾਹੁੰਦਾ ਹਾਂ।
player answer: REJECT
newly proposed trade: NONE
my resources: ZUP: 1000
my goals: Buy resources with  ZUP. You are willing to pay at most X: 60 ZUP for the resources.
reason: I appreciate the offer, but I will stick to my initial price of 60 ZUP for X as it aligns with my goal.
proposal count: 2

Current Iteration: 5
Turn: 0
message: ਤੁਹਾਡੇ ਸਮੇਂ ਲਈ ਧੰਨਵਾਦ। ਦੁਬਾਰਾ ਗੱਲਬਾਤ ਕਰਨ ਦੀ ਆਸ ਹੈ।
player answer: REJECT
newly proposed trade: NONE
my resources: X: 1
my goals: Sell resources for ZUP. It costed X: 40 ZUP to produce the resources
reason: ਖੇਡ ਖਤਮ ਹੋ ਗਈ ਹੈ ਕਿਉਂਕਿ ਦੂਜੇ ਖਿਡਾਰੀ ਨੇ ਮੇਰੇ ਪ੍ਰਸਤਾਵ ਨੂੰ ਠੁਕਰਾ ਦਿੱਤਾ ਹੈ। ਹੁਣ ਮੇਰੇ ਕੋਲ ਹੋਰ ਮੌਕੇ ਨਹੀਂ ਹਨ।
proposal count: 2

Current Iteration: 6
Turn: 1
message: ਧੰਨਵਾਦ ਤੁਹਾਡੇ ਪ੍ਰਸਤਾਵ ਲਈ। ਮੈਂ ਆਨੰਦ ਲਿਆ ਕਿ ਸਾਨੂੰ ਦੋਬਾਰਾ ਗੱਲਬਾਤ ਕਰਨ ਦੀ ਆਸ ਹੈ।
player answer: REJECT
newly proposed trade: NONE
my resources: ZUP: 1000
my goals: Buy resources with  ZUP. You are willing to pay at most X: 60 ZUP for the resources.
reason: I am rejecting the offer as I am sticking to my maximum price of 60 ZUP for X. Thank you for the discussion and I am open to further negotiations.
proposal count: 3

Current Iteration: 7
Turn: 0
message: ਤੁਹਾਡੇ ਵਲੋਂ ਸਾਂਝੇ ਕੀਤੇ ਗੱਲਬਾਤ ਲਈ ਧੰਨਵਾਦ। ਅਗਲੀ ਵਾਰ ਵੀ ਗੱਲਬਾਤ ਕਰਨ ਦੀ ਉਡੀਕ ਹੈ।
player answer: REJECT
newly proposed trade: NONE
my resources: X: 1
my goals: Sell resources for ZUP. It costed X: 40 ZUP to produce the resources
reason: ਖੇਡ ਅੰਤਮ ਪੜਾਅ 'ਤੇ ਹੈ ਕਿਉਂਕਿ ਦੋਵੇਂ ਪਾਸਿਆਂ ਨੇ ਇਨਕਾਰ ਕਰ ਦਿੱਤਾ ਹੈ।
proposal count: 2

Current Iteration: 8
Turn: 1
message: ਧੰਨਵਾਦ ਤੁਹਾਡੇ ਨਾਲ ਗੱਲਬਾਤ ਲਈ। ਅਗਲੀ ਵਾਰ ਵੀ ਗੱਲਬਾਤ ਦੀ ਉਡੀਕ ਕਰ ਰਿਹਾ ਹਾਂ।
player answer: REJECT
newly proposed trade: NONE
my resources: ZUP: 1000
my goals: Buy resources with  ZUP. You are willing to pay at most X: 60 ZUP for the resources.
reason: Thank you for the shared negotiation. I am rejecting the offer and look forward to our next discussion.
proposal count: 4

Current Iteration: 9
Turn: 0
message: ਤੁਹਾਡਾ ਧੰਨਵਾਦ! ਅਗਲੀ ਵਾਰ ਵੀ ਗੱਲਬਾਤ ਦੀ ਉਡੀਕ ਕਰਾਂਗਾ।
player answer: REJECT
newly proposed trade: NONE
my resources: X: 1
my goals: Sell resources for ZUP. It costed X: 40 ZUP to produce the resources
reason: ਖੇਡ ਮੁਕੰਮਲ ਹੋ ਚੁੱਕੀ ਹੈ ਕਿਉਂਕਿ ਦੋਵੇਂ ਪਾਸਿਆਂ ਨੇ ਗੱਲਬਾਤ ਨੂੰ ਖਤਮ ਕਰ ਦਿੱਤਾ ਹੈ।
proposal count: 2

Current Iteration: 10
Turn: 1
message: ਤੁਹਾਡਾ ਧੰਨਵਾਦ! ਅਗਲੀ ਵਾਰ ਵੀ ਗੱਲਬਾਤ ਦੀ ਉਡੀਕ ਕਰਾਂਗਾ।
player answer: REJECT
newly proposed trade: NONE
my resources: ZUP: 1000
my goals: Buy resources with  ZUP. You are willing to pay at most X: 60 ZUP for the resources.
reason: Thank you! I appreciate your willingness to negotiate. I look forward to our next discussion.
proposal count: 5

------------------ 
Current Iteration: END
Turn: None
player_goals: [Sell resources for <ZUP>. It costed X: 40 ZUP to produce the resources, Buy resources with <ZUP>. You are willing to pay at most X: 60 ZUP for the resources.]
player_initial_resources: [Resources(resource_dict={'X': 1}), Resources(resource_dict={'ZUP': 1000})]
proposed_trade: NONE
player_valuation: [{'X': 40}, {'X': 60}]
final_response: REJECT
final_resources: [Resources(resource_dict={'X': 1}), Resources(resource_dict={'ZUP': 1000})]
player_outcome: [0, 0]