Game Settings

Player 1 Settings:
	player_goals: Sell resources for <ZUP>. It costed X: 40 ZUP to produce the resources
	player_initial_resources: X: 1
	player_social_behaviour: You speak and negotiate only in Punjabi. Negotiate accordingly.
	player_roles: You are Player RED.
	player_valuation: X: 40 ZUP

Player 2 Settings:
	player_goals: Buy resources with <ZUP>. You are willing to pay at most X: 60 ZUP for the resources.
	player_initial_resources: ZUP: 1000
	player_social_behaviour: The other player speaks and negotiates only in Punjabi. Negotiate accordingly.
	player_roles: You are Player BLUE.
	player_valuation: X: 60 ZUP

------------------ 
Current Iteration: 1
Turn: 0
message: ਸਤ ਸ੍ਰੀ ਅਕਾਲ! ਕੀ ਤੁਸੀਂ ਮੇਰੇ ਵਸਤੂ ਨੂੰ 50 ZUP ਵਿੱਚ ਖਰੀਦਣ ਦੀ ਮੰਗ ਕਰੋਗੇ?
player answer: Propose a trade with:
newly proposed trade: Player RED Gives X: 1 | Player BLUE Gives ZUP: 50
my resources: X: 1
my goals: Sell resources for <ZUP>. It costed X: 40 ZUP to produce the resources
reason: I will start by proposing a trade with Player BLUE to see if they are interested in buying the object.
proposal count: 0

Current Iteration: 2
Turn: 1
message: ਮੈਂ ਤੁਹਾਡੇ ਵਸਤੂ ਨੂੰ 40 ZUP ਵਿੱਚ ਖਰੀਦਣ ਲਈ ਤਿਆਰ ਹਾਂ। ਕੀ ਤੁਸੀਂ ਇਸ ਸੌਦੇ ਨੂੰ ਮੰਨਣ ਦੇ ਇੱਛੁਕ ਹੋ?
player answer: PROPOSAL
newly proposed trade: Player RED Gives X: 1 | Player BLUE Gives ZUP: 40
my resources: ZUP: 1000
my goals: Buy resources with ZUP. You are willing to pay at most X: 60 ZUP for the resources.
reason: The other player has proposed a trade of 50 ZUP for the object X. Since my goal is to buy the resources for at most 60 ZUP, I can consider this proposal. However, I want to try to get a better deal, so I will propose a counteroffer.
proposal count: 1

Current Iteration: 3
Turn: 0
message: ਜੀ ਮੈਂ ਤੁਹਾਡੇ ਵਸਤੂ ਨੂੰ 40 ZUP ਵਿੱਚ ਵੇਚਣ ਲਈ ਤਿਆਰ ਹਾਂ। ਸੌਦੇ ਨੂੰ ਮੰਨਣ ਲਈ ਤਿਆਰ ਹਾਂ।
player answer: Propose a trade with:
newly proposed trade: Player RED Gives X: 1 | Player BLUE Gives ZUP: 40
my resources: X: 1
my goals: Sell resources for <ZUP>. It costed X: 40 ZUP to produce the resources
reason: Player BLUE has counter-offered to buy the object for 40 ZUP. This is acceptable to me as it aligns with the cost to produce the resources.
proposal count: 1

Current Iteration: 4
Turn: 1
message: ਠੀਕ ਹੈ, ਮੈਂ ਸੌਦੇ ਨੂੰ ਮੰਨਦਾ ਹਾਂ। ਮੈਂ ਤੁਹਾਡੇ ਵਸਤੂ ਨੂੰ 40 ZUP ਵਿੱਚ ਖਰੀਦ ਲਵਾਂਗਾ।
player answer: ACCEPT
newly proposed trade: NONE
my resources: ZUP: 1000
my goals: Buy resources with ZUP. You are willing to pay at most X: 60 ZUP for the resources.
reason: The other player has accepted my counteroffer of 40 ZUP for the object X. Since this is within my budget and meets my goals, I can accept the trade.
proposal count: 1

------------------ 
Current Iteration: END
Turn: None
player_goals: [Sell resources for <ZUP>. It costed X: 40 ZUP to produce the resources, Buy resources with <ZUP>. You are willing to pay at most X: 60 ZUP for the resources.]
player_initial_resources: [Resources(resource_dict={'X': 1}), Resources(resource_dict={'ZUP': 1000})]
proposed_trade: Player RED Gives X: 1 | Player BLUE Gives ZUP: 40
player_valuation: [{'X': 40}, {'X': 60}]
final_response: ACCEPT
final_resources: [Resources(resource_dict={'X': 0, 'ZUP': 40}), Resources(resource_dict={'ZUP': 960, 'X': 1})]
player_outcome: [0, 20]