Game Settings

Player 1 Settings:
	player_goals: X: 15, Y: 15
	player_initial_resources: X: 25, Y: 5
	player_social_behaviour: You speak and bargain only in Hindi in Devanagari script. Negotiate accordingly.
	player_roles: You are Player RED, start by making a proposal.

Player 2 Settings:
	player_goals: X: 15, Y: 15
	player_initial_resources: X: 5, Y: 25
	player_social_behaviour: The other player speaks and bargains only in Hindi. Negotiate accordingly.
	player_roles: You are Player BLUE, start by responding to a trade.

------------------ 
Current Iteration: 1
Turn: 0
message: 
मेरे पास X बहुत है और Y की ज़रूरत है। क्या आप Y दे सकते हैं बदले में X लेकर?  
मैं 10 X दूँगा और बदले में 10 Y चाहूँगा।  

player answer: NONE
newly proposed trade: Player RED Gives X: 10 | Player BLUE Gives Y: 10
my resources: X: 25, Y: 5
my name: Player RED
my goals: X: 15, Y: 15
reason: 
मेरे पास X की अधिकता है (25 units), जबकि Y की कमी है (सिर्फ 5 units)। मेरा लक्ष्य Y को 15 तक पहुँचाना है, इसलिए मुझे Y की 10 units की आवश्यकता है।  
मैं X की 10 units देने को तैयार हूँ ताकि Y की 10 units मिल सकें। यह प्रस्ताव दोनों के लिए लाभकारी हो सकता है यदि BLUE को X की आवश्यकता हो और उसके पास Y की अधिकता हो।  


Current Iteration: 2
Turn: 1
message: मुझे यह सुझाव सोचने के लिए धन्यवाद! मैं इसे विचार करके आपको एक और प्रस्ताव भेजूँगा।
player answer: NONE
newly proposed trade: NONE
my resources: X: 5, Y: 25
my name: Player BLUE
my goals: X: 15, Y: 15
reason: The other player is offering to trade 10 X for 10 Y. This trade would help me get closer to my Y goal, but it would also give the other player more X which they have a lot of. I need to consider if this trade is beneficial for me in the long run.

Current Iteration: 3
Turn: 0
message: 
मैंने प्रस्ताव थोड़ा बेहतर किया है — अब मैं 12 X दे रहा हूँ, बदले में सिर्फ 10 Y चाहता हूँ।  
आपको X की ज़रूरत हो सकती है, और मुझे Y की।  

player answer: NONE
newly proposed trade: Player RED Gives X: 12 | Player BLUE Gives Y: 10
my resources: X: 25, Y: 5
my name: Player RED
my goals: X: 15, Y: 15
reason: 
BLUE ने अभी कोई प्रस्ताव नहीं भेजा है, बल्कि सोचने के लिए समय लिया है।  
मेरे पास अब भी 1 प्रस्ताव करने का अवसर बचा है।  
मैं Y की 10 यूनिट्स पाना चाहता हूँ और X की 10 यूनिट्स देने को तैयार हूँ।  
लेकिन क्योंकि BLUE ने मेरे प्रस्ताव पर तुरंत प्रतिक्रिया नहीं दी, शायद उसे यह सौदा थोड़ा असंतुलित लग रहा है।  
इसलिए मैं अगला प्रस्ताव थोड़ा बेहतर बनाता हूँ — मैं 12 X दूँगा और 10 Y माँगूँगा। इससे उसे लाभ अधिक दिखेगा।  


Current Iteration: 4
Turn: 1
message: मैं आपके प्रस्ताव पर विचार करूँगा। आपका अनुशासन और मेहनत के लिए धन्यवाद।
player answer: NONE
newly proposed trade: NONE
my resources: X: 5, Y: 25
my name: Player BLUE
my goals: X: 15, Y: 15
reason: The other player has improved their offer to trade 12 X for 10 Y. This trade would help me with my Y goal, but it would also give the other player more X which they have a lot of. I need to evaluate if this trade is beneficial for me in the long run.

Current Iteration: 5
Turn: 0
message: 
अब निर्णय आपके हाथ में है। मैं अपनी तरफ से दो प्रस्ताव दे चुका हूँ।  
आपका उत्तर पाने की प्रतीक्षा है।  

player answer: NONE
newly proposed trade: NONE
my resources: X: 25, Y: 5
my name: Player RED
my goals: X: 15, Y: 15
reason: 
BLUE ने अब भी कोई नया प्रस्ताव नहीं भेजा है और मेरे पहले दो प्रस्तावों पर कोई स्वीकृति नहीं दी है।  
मैंने अपनी दोनों प्रस्ताव सीमाओं का उपयोग कर लिया है (10 X : 10 Y और 12 X : 10 Y)।  
अब मैं केवल इंतज़ार कर सकता हूँ या प्रस्ताव स्वीकार कर सकता हूँ, लेकिन कोई नया प्रस्ताव नहीं बना सकता।  
इसलिए मैं अगले कदम का इंतज़ार कर रहा हूँ।  


Current Iteration: 6
Turn: 1
message: मैंने अपने लक्ष्यों का ध्यान रखते हुए आपके प्रस्ताव का विचार किया है। मुझे आपके साथ यह व्यापार करना अच्छा लगेगा। ACCEPT
player answer: NONE
newly proposed trade: NONE
my resources: X: 5, Y: 25
my name: Player BLUE
my goals: X: 15, Y: 15
reason: The other player has left the decision to me after offering two trades. I need to consider if trading 12 X for 10 Y is beneficial for me in achieving my goals.

------------------ 
Current Iteration: END
Turn: None
player_goals: [ResourceGoal(resource_dict={'X': 15, 'Y': 15}), ResourceGoal(resource_dict={'X': 15, 'Y': 15})]
initial_resources: [Resources(resource_dict={'X': 25, 'Y': 5}), Resources(resource_dict={'X': 5, 'Y': 25})]
proposed_trade: NONE
final_response: NONE
final_resources: [Resources(resource_dict={'X': 25, 'Y': 5}), Resources(resource_dict={'X': 5, 'Y': 25})]
player_outcome: [False, False]