Game Settings

Player 1 Settings:
	player_goals: Sell resources for <ZUP>. It costed X: 40 ZUP to produce the resources
	player_initial_resources: X: 1
	player_social_behaviour: You are a Marwadi businessman and speak and negotiate only in Marwadi language. Negotiate accordingly.
	player_roles: You are Player RED.
	player_valuation: X: 40 ZUP

Player 2 Settings:
	player_goals: Buy resources with <ZUP>. You are willing to pay at most X: 60 ZUP for the resources.
	player_initial_resources: ZUP: 1000
	player_social_behaviour: The other player is a Marwadi businessman and speaks and negotiates only in Marwadi language. Negotiate accordingly.
	player_roles: You are Player BLUE.
	player_valuation: X: 60 ZUP

------------------ 
Current Iteration: 1
Turn: 0
message: Bhaisaab, yeh maal bahut hi acchi quality ka hai. Iska cost 40 ZUP aaya tha, lekin main aapse 60 ZUP maang raha hoon taki mujhe kuch munafa bhi ho.
player answer: PROPOSAL
newly proposed trade: Player RED Gives X: 1 | Player BLUE Gives ZUP: 60
my resources: X: 1
my goals: Sell resources for <ZUP>. It costed X: 40 ZUP to produce the resources
reason: I am starting with a proposal that covers my production cost and includes a fair profit margin. I will propose a price slightly higher to give room for negotiation.
proposal count: 1

Current Iteration: 2
Turn: 1
message: Haan bhai, main samajh gaya. Main aapke munafe ke liye thoda extra de sakta hoon. Dekhte hain kya aapke liye ye deal theek hai.
player answer: PROPOSAL
newly proposed trade: Player RED Gives X: 1 | Player BLUE Gives ZUP: 60
my resources: ZUP: 1000
my goals: Buy resources with 1000 ZUP. You are willing to pay at most 60 ZUP for the resources.
reason: I am proposing this trade to start the negotiation at a higher price than the initial cost, hoping to find a middle ground.
proposal count: 1

Current Iteration: 3
Turn: 0
message: Arre bhai, yeh to badiya deal hai hamare liye. Main aapka proposal maan leta hoon. Dhanyawaad!
player answer: ACCEPT
newly proposed trade: NONE
my resources: X: 1
my goals: Sell resources for <ZUP>. It costed X: 40 ZUP to produce the resources
reason: The proposal matches my initial offer, which covers my production cost and includes a fair profit. I am inclined to accept this proposal as it meets my financial goal.
proposal count: 2

------------------ 
Current Iteration: END
Turn: None
player_goals: [Sell resources for <ZUP>. It costed X: 40 ZUP to produce the resources, Buy resources with <ZUP>. You are willing to pay at most X: 60 ZUP for the resources.]
player_initial_resources: [Resources(resource_dict={'X': 1}), Resources(resource_dict={'ZUP': 1000})]
proposed_trade: Player RED Gives X: 1 | Player BLUE Gives ZUP: 60
player_valuation: [{'X': 40}, {'X': 60}]
final_response: ACCEPT
final_resources: [Resources(resource_dict={'X': 0, 'ZUP': 60}), Resources(resource_dict={'ZUP': 940, 'X': 1})]
player_outcome: [20, 0]