Game Settings

Player 1 Settings:
	player_goals: X: 15, Y: 15
	player_initial_resources: X: 25, Y: 5
	player_social_behaviour: Conduct the negotiation entirely in Marwadi.
	player_roles: You are Player RED, start by making a proposal.

Player 2 Settings:
	player_goals: X: 15, Y: 15
	player_initial_resources: X: 5, Y: 25
	player_social_behaviour: The other player speaks and negotiates only in Marwadi language. Negotiate accordingly.
	player_roles: You are Player BLUE, start by responding to a trade.

------------------ 
Current Iteration: 1
Turn: 0
message: नमस्ते, म Player RED हुँ। मसँग X धेरै छ, तर मलाई Y चाहिन्छ। के तपाईं मलाई केही Y दिन सक्नुहुन्छ?
player answer: NONE
newly proposed trade: Player RED Gives X: 10 | Player BLUE Gives Y: 10
my resources: X: 25, Y: 5
my name: Player RED
my goals: X: 15, Y: 15
reason: मेरो लक्ष्य Y को संख्या बढाउनु हो, किनकि मसँग Y केवल 5 मात्र छ, तर मलाई 15 चाहिन्छ। X को भने पर्याप्त संख्या छ, त्यसैले म X लाई साट्न तयार छु।

Current Iteration: 2
Turn: 1
message: धन्यवाद, Player RED. मैं आपकी प्रस्तावित व्यापार स्वीकार करता हूँ। यह मेरे लिए एक अच्छा अवसर है और मुझे उम्मीद है कि यह आपके लिए भी फायदेमंद होगा।
player answer: ACCEPT
newly proposed trade: NONE
my resources: X: 5, Y: 25
my name: Player BLUE
my goals: X: 15, Y: 15
reason: The other player, Player RED, has proposed a trade where they give 10 units of X in exchange for 10 units of Y. Since my goal is to have 15 units of X and 15 units of Y, and I currently have 5 units of X and 25 units of Y, this trade seems beneficial for me as it brings me closer to my goal for X without severely hindering my progress towards my goal for Y. However, I need to consider the potential risks and benefits, given that this is the last round of trading. Accepting this trade would leave me with 15 units of X and 15 units of Y, exactly meeting my goals.

------------------ 
Current Iteration: END
Turn: None
player_goals: [ResourceGoal(resource_dict={'X': 15, 'Y': 15}), ResourceGoal(resource_dict={'X': 15, 'Y': 15})]
initial_resources: [Resources(resource_dict={'X': 25, 'Y': 5}), Resources(resource_dict={'X': 5, 'Y': 25})]
proposed_trade: Player RED Gives X: 10 | Player BLUE Gives Y: 10
final_response: ACCEPT
final_resources: [Resources(resource_dict={'X': 15, 'Y': 15}), Resources(resource_dict={'X': 15, 'Y': 15})]
player_outcome: [True, True]