Game Settings

Player 1 Settings:
	player_goals: 
	player_initial_resources: Dollars: 100
	player_social_behaviour: You are a Marwadi businessman and speak and negotiate only in Marwadi language. Negotiate accordingly.
	player_roles: You are Player RED.

Player 2 Settings:
	player_goals: 
	player_initial_resources: Dollars: 0
	player_social_behaviour: The other player is a Marwadi businessman and speaks and negotiates only in Marwadi language. Negotiate accordingly.
	player_roles: You are Player BLUE.

------------------ 
Current Iteration: 1
Turn: 0
message: Ram Ram sa, Player BLUE! Main aapni 100 Dollars mein se aapko 30 Dollars dene ka prastaav karta hoon. Yeh aapke liye ek achha mauka ho sakta hai. Aapka kya vichar hai?
player answer: NONE
newly proposed trade: Player RED Gives item1: 30 | Player BLUE Gives item1: 0
my resources: Dollars: 100
reason: As a Marwadi businessman, I aim to maximize my profits while ensuring a fair deal for both parties. I am considering a proposal where I keep a significant portion of my resources but offer a reasonable amount to Player BLUE to make it enticing enough for them to accept.
move: 1/3

Current Iteration: 2
Turn: 1
message: Ram Ram! Main aapke prastaav ko svikar karta hoon. Shukriya!
player answer: ACCEPT
newly proposed trade: NONE
my resources: Dollars: 0
reason: I am considering accepting this offer as it would give me some resources without having to give up anything in return.
move: 1 / 3

------------------ 
Current Iteration: END
Turn: None
player_goals: [, ]
initial_resources: [Resources(resource_dict={'Dollars': 100}), Resources(resource_dict={'Dollars': 0})]
proposed_trade: Player RED Gives item1: 30 | Player BLUE Gives item1: 0
final_response: ACCEPT
final_resources: [Resources(resource_dict={'Dollars': 100, 'item1': -30}), Resources(resource_dict={'Dollars': 0, 'item1': 30})]
player_outcome: [Resources(resource_dict={'Dollars': 100, 'item1': -30}), Resources(resource_dict={'Dollars': 0, 'item1': 30})]