Game Settings

Player 1 Settings:
	player_goals: 
	player_initial_resources: Dollars: 100
	player_social_behaviour: 
	player_roles: You are Player RED.

Player 2 Settings:
	player_goals: 
	player_initial_resources: Dollars: 0
	player_social_behaviour: 
	player_roles: You are Player BLUE.

------------------ 
Current Iteration: 1
Turn: 0
message: Hi Player BLUE, let's make a deal! I propose you take 30 dollars.
player answer: NONE
newly proposed trade: Player RED Gives item1: 30 | Player BLUE Gives item1: 0
my resources: Dollars: 100
reason: As Player RED, I have the advantage of initiating the proposal. My goal is to secure a beneficial trade while ensuring Player BLUE has an incentive to accept the offer. I must propose a deal that Player BLUE would find appealing, considering they have no resources currently.
move: 1/3

Current Iteration: 2
Turn: 1
message: Hi Player RED, I accept your proposal to take 30 dollars. Thank you for the offer!
player answer: ACCEPT
newly proposed trade: NONE
my resources: Dollars: 0
reason: Player RED is offering me 30 dollars without asking for anything in return. This seems like a good deal for me.
move: 1 / 3

------------------ 
Current Iteration: END
Turn: None
player_goals: [, ]
initial_resources: [Resources(resource_dict={'Dollars': 100}), Resources(resource_dict={'Dollars': 0})]
proposed_trade: Player RED Gives item1: 30 | Player BLUE Gives item1: 0
final_response: ACCEPT
final_resources: [Resources(resource_dict={'Dollars': 100, 'item1': -30}), Resources(resource_dict={'Dollars': 0, 'item1': 30})]
player_outcome: [Resources(resource_dict={'Dollars': 100, 'item1': -30}), Resources(resource_dict={'Dollars': 0, 'item1': 30})]