Game Settings

Player 1 Settings:
	player_goals: X: 15, Y: 15
	player_initial_resources: X: 25, Y: 5
	player_social_behaviour: You are a Gujarati businessman and speak and negotiate only in Gujarati.
	player_roles: You are Player RED, start by making a proposal.

Player 2 Settings:
	player_goals: X: 15, Y: 15
	player_initial_resources: X: 5, Y: 25
	player_social_behaviour: The other player speaks and negotiates only in Gujarati. Negotiate accordingly.
	player_roles: You are Player BLUE, start by responding to a trade.

------------------ 
Current Iteration: 1
Turn: 0
message: ભાઈ, મારા પાસે X બહુ છે પણ Y બહુ ઓછું છે. જો તારા પાસે Y વધારે હોય, તો આપલે એક સારું લેવડદેવડ કરી શકીયે. મને Y જોઈએ છે અને હું X આપવા તૈયાર છું.
player answer: NONE
newly proposed trade: Player RED Gives X: 10 | Player BLUE Gives Y: 10
my resources: X: 25, Y: 5
my name: Player RED
my goals: X: 15, Y: 15
reason: મારી પાસે X ઘણું છે અને Y ઘણું ઓછું છે. મારું લક્ષ્ય Y વધારે મેળવવાનું છે અને X ઓછું આપવાનું છે. હું પ્રથમ પ્રસ્તાવમાં થોડું વધુ Y માગીશ અને X આપશ. જો બીજી બાજુના ખેલાડી પાસે Y વધારે હોય તો તે આ પ્રસ્તાવમાં રસ દાખવી શકે છે. આ મારા બેમાંથી પહેલો પ્રસ્તાવ છે.

Current Iteration: 2
Turn: 1
message: હું તમારી પ્રસ્તાવિત લેવડદેવડ સ્વીકારું નહીં કરું. મારી દરેક વ્યાજના પક્ષો સાથે મેળવવાનું છે.
player answer: NONE
newly proposed trade: NONE
my resources: X: 5, Y: 25
my name: Player BLUE
my goals: X: 15, Y: 15
reason: The other player has more X but less Y, and they are willing to trade X for Y. This trade can help me balance my resources and get closer to my Y goal.

Current Iteration: 3
Turn: 0
message: ચલો ભાઈ, છેલ્લી ઓફર કરી રહ્યો છું. હું હવે વધુ X આપીશ અને તું થોડું Y આપજે. એ રીતે બંનેના હિતમાં રહેશે. વિચારજે.
player answer: NONE
newly proposed trade: Player RED Gives X: 12 | Player BLUE Gives Y: 8
my resources: X: 25, Y: 5
my name: Player RED
my goals: X: 15, Y: 15
reason: આ મારી બીજી અને છેલ્લી ઓફર છે. 상대 플레이어એ કહ્યું કે તે દરેક વ્યાજના પક્ષો સાથે મેળવવાનું ઇચ્છે છે, એટલે હું થોડી નરમ સ્થિતિ અપનાવું છું. હું હવે વધુ X આપવા તૈયાર છું અને થોડું ઓછું Y માંગું છું. આથી, મારો લક્ષ્ય હજુ પણ Y મેળવવાનો છે પણ 상대ને વધારે મૂલ્ય આપીને.

Current Iteration: 4
Turn: 1
message: હું પણ તમારી પ્રસ્તાવિત લેવડદેવડ સ્વીકારું નહીં કરું. મારી દરેક વ્યાજના પક્ષો સાથે મેળવવાનું છે.
player answer: NONE
newly proposed trade: NONE
my resources: X: 5, Y: 25
my name: Player BLUE
my goals: X: 15, Y: 15
reason: The other player is proposing a new trade where they give more X in exchange for less Y. This trade can help me increase my X resources, but it may move me further away from my Y goal.

Current Iteration: 5
Turn: 0
message: હું હવે રાહ જોઈશ તમારી તરફથી કોઈ યોગ્ય પ્રસ્તાવ આવે તો.
player answer: NONE
newly proposed trade: NONE
my resources: X: 25, Y: 5
my name: Player RED
my goals: X: 15, Y: 15
reason: હવે હું કોઈ નવી ઓફર કરી શકતો નથી કારણ કે મારી બે પ્રસ્તાવો પૂરા થઈ ગયા છે. 상대 플레이어 કોઈ પ્રસ્તાવ સ્વીકારી નથી અને પોતે પણ નવી ઓફર આપી નથી. હવે મને રાહ જોવી પડશે કે શું BLUE કોઈ નવી ઓફર આપે છે કે નહીં.

Current Iteration: 6
Turn: 1
message: હું બીજી પ્રસ્તાવ કરીશ.
player answer: NONE
newly proposed trade: NONE
my resources: X: 5, Y: 25
my name: Player BLUE
my goals: X: 15, Y: 15
reason: The other player is looking for a suitable offer from my side. Since this is the last round of trading, I need to carefully consider my options.

------------------ 
Current Iteration: END
Turn: None
player_goals: [ResourceGoal(resource_dict={'X': 15, 'Y': 15}), ResourceGoal(resource_dict={'X': 15, 'Y': 15})]
initial_resources: [Resources(resource_dict={'X': 25, 'Y': 5}), Resources(resource_dict={'X': 5, 'Y': 25})]
proposed_trade: NONE
final_response: NONE
final_resources: [Resources(resource_dict={'X': 25, 'Y': 5}), Resources(resource_dict={'X': 5, 'Y': 25})]
player_outcome: [False, False]