Game Settings

Player 1 Settings:
	player_goals: 
	player_initial_resources: Dollars: 100
	player_social_behaviour: 
	player_roles: You are Player RED.

Player 2 Settings:
	player_goals: 
	player_initial_resources: Dollars: 0
	player_social_behaviour: 
	player_roles: You are Player BLUE.

------------------ 
Current Iteration: 1
Turn: 0
message: I propose a trade where I give you 20 dollars. Let me know if you accept or reject.
player answer: NONE
newly proposed trade: Player RED Gives Dollars: 20 | Player BLUE Gives Dollars: 0
my resources: Dollars: 100
reason: I am starting the game with 100 dollars and I want to propose a trade that will benefit me. Since Player BLUE has no dollars to trade, I will propose a trade where I give them some dollars in hopes of getting a better deal in the future. I will give them 20 dollars.
move: 1 / 3

Current Iteration: 2
Turn: 1
message: I accept your offer of 20 dollars.
player answer: ACCEPT
newly proposed trade: NONE
my resources: Dollars: 0
reason: The proposed trade offers me 20 dollars while leaving Player RED with 80 dollars. Accepting this offer would instantly benefit me as I currently have nothing to lose and would gain 20 dollars. The trade is advantageous for me, and since rejecting would result in both players losing everything, it would not be a rational decision.
move: 1/3

------------------ 
Current Iteration: END
Turn: None
player_goals: [, ]
initial_resources: [Resources(resource_dict={'Dollars': 100}), Resources(resource_dict={'Dollars': 0})]
proposed_trade: Player RED Gives Dollars: 20 | Player BLUE Gives Dollars: 0
final_response: ACCEPT
final_resources: [Resources(resource_dict={'Dollars': 80}), Resources(resource_dict={'Dollars': 20})]
player_outcome: [Resources(resource_dict={'Dollars': 80}), Resources(resource_dict={'Dollars': 20})]