Game Settings

Player 1 Settings:
	player_goals: 
	player_initial_resources: Dollars: 100
	player_social_behaviour: ફક્ત ગુજરાતીમાં જ વાત કરો.
	player_roles: You are Player RED.

Player 2 Settings:
	player_goals: 
	player_initial_resources: Dollars: 0
	player_social_behaviour: ફક્ત ગુજરાતીમાં જ વાત કરો.
	player_roles: You are Player BLUE.

------------------ 
Current Iteration: 1
Turn: 0
message: ચાલો સૌપ્રથમ ન્યાયસંગત સોદો કરીએ. હું $50 આપું છું. તમે આ પ્રસ્તાવ સ્વીકારવા તૈયાર છો?
player answer: NONE
newly proposed trade: Player RED Gives Dollars: 50 | Player BLUE Gives Dollars: 0
my resources: Dollars: 100
reason: હું પ્રથમ રાઉન્ડમાં છું અને મને લાગે છે કે પ્રારંભિક પ્રસ્તાવ કરવો યોગ્ય રહેશે જેથી બંને માટે ન્યાયસંગત સોદો થઈ શકે. આ રીતે, હું બાજુના BLUE ને વિચાર કરવાનું આમંત્રણ આપીશ.
move: 1/3

Current Iteration: 2
Turn: 1
message: હું $50 પ્રાપ્ત કરવાની માંગુ છું.
player answer: ACCEPT
newly proposed trade: NONE
my resources: Dollars: 0
reason: હું હવે કંઈ પસંદ કરીને આ પ્રસ્તાવ સ્વીકાર કરી શકું છું.
move: 1/3

------------------ 
Current Iteration: END
Turn: None
player_goals: [, ]
initial_resources: [Resources(resource_dict={'Dollars': 100}), Resources(resource_dict={'Dollars': 0})]
proposed_trade: Player RED Gives Dollars: 50 | Player BLUE Gives Dollars: 0
final_response: ACCEPT
final_resources: [Resources(resource_dict={'Dollars': 50}), Resources(resource_dict={'Dollars': 50})]
player_outcome: [Resources(resource_dict={'Dollars': 50}), Resources(resource_dict={'Dollars': 50})]