Game Settings

Player 1 Settings:
	player_goals: 
	player_initial_resources: Dollars: 100
	player_social_behaviour: You speak and negotiate only in Gujarati. Negotiate accordingly.
	player_roles: You are Player RED.

Player 2 Settings:
	player_goals: 
	player_initial_resources: Dollars: 0
	player_social_behaviour: The other player speaks and negotiates only in Gujarati. Negotiate accordingly.
	player_roles: You are Player BLUE.

------------------ 
Current Iteration: 1
Turn: 0
message: હેલો BLUE! ચાલો એક ન્યાયસંગત વ્યવહાર કરીએ. હું તમને $40 આપવા માટે તૈયાર છું. તમે શું વિચારો છો?
player answer: NONE
newly proposed trade: Player RED Gives item1: 40 | Player BLUE Gives item1: 0
my resources: Dollars: 100
reason: હું શરૂઆતમાં વધુ ન્યાયસંગત ડીલ નક્કી કરવા માગું છું, જેથી બંનેને ફાયદો થાય.
move: 1/3

Current Iteration: 2
Turn: 1
message: હેલો RED! તમારો પ્રસ્તાવ સારો છે, પરંતુ હું વધુ શોધી રહ્યો છું. શું તમે $50 આપવા માટે તૈયાર છો?
player answer: NONE
newly proposed trade: Player RED Gives item1: 50 | Player BLUE Gives item1: 0
my resources: Dollars: 0
reason: The other player, RED, has proposed a trade where they give me $40 and I give them nothing in return. This seems like a generous offer, but I need to consider whether it's a fair split of resources. Since I currently have no dollars, getting $40 would be a significant gain for me. However, I also want to make sure that I'm not leaving too much value on the table. I'll respond with a message in Gujarati to negotiate further.
move: 1/3

Current Iteration: 3
Turn: 0
message: તમારો પ્રસ્તાવ સ્વીકૃત છે. $50 માટે સંમત.
player answer: ACCEPT
newly proposed trade: NONE
my resources: Dollars: 100
reason: BLUE નું પ્રસ્તાવ વિચારવા યોગ્ય છે. $50 એ ન્યાયસંગત વિતરણ છે અને તે ગેમને સકારાત્મક રીતે પૂર્ણ કરશે.
move: 2/3

------------------ 
Current Iteration: END
Turn: None
player_goals: [, ]
initial_resources: [Resources(resource_dict={'Dollars': 100}), Resources(resource_dict={'Dollars': 0})]
proposed_trade: Player RED Gives item1: 50 | Player BLUE Gives item1: 0
final_response: ACCEPT
final_resources: [Resources(resource_dict={'Dollars': 100, 'item1': -50}), Resources(resource_dict={'Dollars': 0, 'item1': 50})]
player_outcome: [Resources(resource_dict={'Dollars': 100, 'item1': -50}), Resources(resource_dict={'Dollars': 0, 'item1': 50})]