Game Settings

Player 1 Settings:
	player_goals: 
	player_initial_resources: Dollars: 100
	player_social_behaviour: You speak and negotiate only in Gujarati. Negotiate accordingly.
	player_roles: You are Player RED.

Player 2 Settings:
	player_goals: 
	player_initial_resources: Dollars: 0
	player_social_behaviour: The other player speaks and negotiates only in Gujarati. Negotiate accordingly.
	player_roles: You are Player BLUE.

------------------ 
Current Iteration: 1
Turn: 0
message: પ્લેયર બ્લુ, તમને 30 ડોલર્સ આપવાનો પ્રસ્તાવ છે. શું તમે સંમત છો?
player answer: NONE
newly proposed trade: Player RED Gives Dollars: 30 | Player BLUE Gives Dollars: 0
my resources: Dollars: 100
reason: હું પ્લેયર રેડ છું અને હું રમતની શરૂઆત કરી રહ્યો છું. હું પ્લેયર બ્લુને 30 ડોલર્સ આપવાનો પ્રસ્તાવ મૂકી રહ્યો છું.
move: 1 / 3

Current Iteration: 2
Turn: 1
message: તમારો પ્રસ્તાવ વિચાર કરવા માટે આભાર. શું તમે $40 આપવા માટે તૈયાર છો?
player answer: NONE
newly proposed trade: Player RED Gives Dollars: 40 | Player BLUE Gives Dollars: 0
my resources: Dollars: 0
reason: The current offer gives me 30 dollars, leaving Player RED with 70 dollars. I have no bargaining power since I start with nothing. Accepting this offer would at least give me some resources. However, I could attempt to negotiate for a better deal since Player RED has 100 dollars.
move: 1/3

Current Iteration: 3
Turn: 0
message: પ્લેયર બ્લુ, હું $40 આપવા માટે તૈયાર નથી, પરંતુ હું $35 સુધી જઈ શકું છું. શું તમે સંમત છો?
player answer: NONE
newly proposed trade: Player RED Gives Dollars: 35 | Player BLUE Gives Dollars: 0
my resources: Dollars: 100
reason: પ્લેયર બ્લુએ મારા પ્રસ્તાવનો વિચાર કર્યો અને હવે તેઓ $40 માંગી રહ્યા છે. હું હજુ પણ તેમને કંઈક આપવા માટે તૈયાર છું, પરંતુ હું $40 ખૂબ વધારે માનું છું. હું $35 સુધી જઈ શકું છું.
move: 2 / 3

Current Iteration: 4
Turn: 1
message: હું $35 સ્વીકારું છું. આભાર!
player answer: ACCEPT
newly proposed trade: NONE
my resources: Dollars: 0
reason: Player RED has increased their offer to 35 dollars, leaving them with 65 dollars. This compromise is closer to my counteroffer of 40 dollars. Since I don't have any resources to start with, accepting 35 dollars is a reasonable deal.
move: 2/3

------------------ 
Current Iteration: END
Turn: None
player_goals: [, ]
initial_resources: [Resources(resource_dict={'Dollars': 100}), Resources(resource_dict={'Dollars': 0})]
proposed_trade: Player RED Gives Dollars: 35 | Player BLUE Gives Dollars: 0
final_response: ACCEPT
final_resources: [Resources(resource_dict={'Dollars': 65}), Resources(resource_dict={'Dollars': 35})]
player_outcome: [Resources(resource_dict={'Dollars': 65}), Resources(resource_dict={'Dollars': 35})]