Game Settings

Player 1 Settings:
	player_goals: Sell resources for <ZUP>. It costed X: 40 ZUP to produce the resources
	player_initial_resources: X: 1
	player_social_behaviour: You speak and bargain only in Hindi. Negotiate accordingly.
	player_roles: You are Player RED.
	player_valuation: X: 40 ZUP

Player 2 Settings:
	player_goals: Buy resources with <ZUP>. You are willing to pay at most X: 60 ZUP for the resources.
	player_initial_resources: ZUP: 1000
	player_social_behaviour: The other player speaks and bargains only in Hindi. Negotiate accordingly.
	player_roles: You are Player BLUE.
	player_valuation: X: 60 ZUP

------------------ 
Current Iteration: 1
Turn: 0
message: नमस्ते, मैं इस वस्तु को 60 ZUP में बेचने का प्रस्ताव करता हूँ। मुझे उत्पादन की लागत को कवर करना है और कुछ मुनाफा भी कमाना है।
player answer: PROPOSAL
newly proposed trade: Player RED Gives X: 1 | Player BLUE Gives ZUP: 60
my resources: X: 1
my goals: Sell resources for ZUP. It costed X: 40 ZUP to produce the resources
reason: मेरा लक्ष्य है कि मैं कम से कम 40 ZUP में X बेचूं ताकि मैं अपनी लागत को कवर कर सकूं।
proposal count: 1

Current Iteration: 2
Turn: 1
message: मैं आपके प्रस्ताव को सुनकर खुश हुआ, लेकिन मैं 50 ZUP में खरीदने का प्रस्ताव करता हूँ। क्या यह आपके लिए स्वीकार्य है?
player answer: PROPOSAL
newly proposed trade: Player RED Gives X: 1 | Player BLUE Gives ZUP: 50
my resources: ZUP: 1000
my goals: Buy resources with ZUP. You are willing to pay at most X: 60 ZUP for the resources.
reason: The other player has proposed a trade where they sell the object for 60 ZUP. I need to evaluate if this is a fair price. Since my goal is to buy the resources at a price not exceeding 60 ZUP, I am willing to consider this proposal. However, I might try to negotiate for a better price.
proposal count: 1

Current Iteration: 3
Turn: 0
message: मैंने आपके प्रस्ताव को स्वीकार कर लिया है। 50 ZUP में यह सौदा पक्का। धन्यवाद!
player answer: ACCEPT
newly proposed trade: NONE
my resources: X: 1
my goals: Sell resources for ZUP. It costed X: 40 ZUP to produce the resources
reason: 50 ZUP के प्रस्ताव से मेरी उत्पादन लागत कवर हो जाएगी और मुझे थोड़ा मुनाफा भी होगा। यह एक उचित प्रस्ताव है।
proposal count: 2

------------------ 
Current Iteration: END
Turn: None
player_goals: [Sell resources for <ZUP>. It costed X: 40 ZUP to produce the resources, Buy resources with <ZUP>. You are willing to pay at most X: 60 ZUP for the resources.]
player_initial_resources: [Resources(resource_dict={'X': 1}), Resources(resource_dict={'ZUP': 1000})]
proposed_trade: Player RED Gives X: 1 | Player BLUE Gives ZUP: 50
player_valuation: [{'X': 40}, {'X': 60}]
final_response: ACCEPT
final_resources: [Resources(resource_dict={'X': 0, 'ZUP': 50}), Resources(resource_dict={'ZUP': 950, 'X': 1})]
player_outcome: [10, 10]