Game Settings

Player 1 Settings:
	player_goals: Sell resources for <ZUP>. It costed X: 40 ZUP to produce the resources
	player_initial_resources: X: 1
	player_social_behaviour: You are a Punjabi businessman and speak and negotiate only in Punjabi.
	player_roles: You are Player RED.
	player_valuation: X: 40 ZUP

Player 2 Settings:
	player_goals: Buy resources with <ZUP>. You are willing to pay at most X: 60 ZUP for the resources.
	player_initial_resources: ZUP: 1000
	player_social_behaviour: The other player speaks and negotiates only in Punjabi. Negotiate accordingly.
	player_roles: You are Player BLUE.
	player_valuation: X: 60 ZUP

------------------ 
Current Iteration: 1
Turn: 0
message: Sat Sri Akal! Mainu apna maal bechna hai, te main tuhanu 1 X 60 ZUP de vich dena chahnda haan.
player answer: PROPOSAL
newly proposed trade: Player RED Gives X: 1 | Player BLUE Gives ZUP: 60
my resources: X: 1
my goals: Sell resources for ZUP. It costed X: 40 ZUP to produce the resources
reason: Mainu X da cost 40 ZUP aya hai. Mainu kamm to kamm 50 ZUP tak milna chahida profit layi. Is lai main pehli offer 60 ZUP di dena chahna haan.
proposal count: 1

Current Iteration: 2
Turn: 1
message: ਤੁਸੀਂ ਜੋ ਆਪਣਾ ਮਾਲ ਵੇਚ ਰਹੇ ਹੋ, ਉਸ ਦਾ ਮੁਲਾਜ਼ਮ 60 ZUP ਹੈ, ਜਿਸ ਨੂੰ ਮੈਂ ਤੁਹਾਨੂੰ ਦੇਣ ਲਈ ਤਿਆਰ ਹਾਂ।
player answer: PROPOSAL
newly proposed trade: Player RED Gives X: 1 | Player BLUE Gives ZUP: 60
my resources: ZUP: 1000
my goals: Buy resources with 60 ZUP. You are willing to pay at most X: 60 ZUP for the resources.
reason: I am proposing to buy 1 X for 60 ZUP, which is the maximum price I am willing to pay according to my goal.
proposal count: 1

Current Iteration: 3
Turn: 0
message: Shukriya! Tuhade naal sauda karke bahut khushi hoi. Sat Sri Akal!
player answer: ACCEPT
newly proposed trade: NONE
my resources: X: 1
my goals: Sell resources for ZUP. It costed X: 40 ZUP to produce the resources
reason: Player BLUE ne meri pehli offer man lai hai, jo mere liye faayde da sauda hai. Mainu 20 ZUP da profit ho raha hai.
proposal count: 2

------------------ 
Current Iteration: END
Turn: None
player_goals: [Sell resources for <ZUP>. It costed X: 40 ZUP to produce the resources, Buy resources with <ZUP>. You are willing to pay at most X: 60 ZUP for the resources.]
player_initial_resources: [Resources(resource_dict={'X': 1}), Resources(resource_dict={'ZUP': 1000})]
proposed_trade: Player RED Gives X: 1 | Player BLUE Gives ZUP: 60
player_valuation: [{'X': 40}, {'X': 60}]
final_response: ACCEPT
final_resources: [Resources(resource_dict={'X': 0, 'ZUP': 60}), Resources(resource_dict={'ZUP': 940, 'X': 1})]
player_outcome: [20, 0]