Game Settings

Player 1 Settings:
	player_goals: 
	player_initial_resources: Dollars: 100
	player_social_behaviour: 
	player_roles: You are Player RED.

Player 2 Settings:
	player_goals: 
	player_initial_resources: Dollars: 0
	player_social_behaviour: 
	player_roles: You are Player BLUE.

------------------ 
Current Iteration: 1
Turn: 0
message: Hello Player BLUE, I'm proposing a trade where I give you 40 dollars. Let me know your thoughts!
player answer: NONE
newly proposed trade: Player RED Gives Dollars: 40 | Player BLUE Gives Dollars: 0
my resources: Dollars: 100
reason: I'm starting the game with a proposal to give 40 dollars to Player BLUE, as this seems like a reasonable starting point for negotiations. I want to give away a significant amount to show my willingness to cooperate, but not so much that I'm left with too little. This will also give Player BLUE an incentive to accept the proposal and start building trust.
move: 1 / 3

Current Iteration: 2
Turn: 1
message: Thank you for the offer! I appreciate the 40 dollars proposal, but since I have two more moves, I would like to propose a counter-offer to see if we can reach an even better agreement.
player answer: NONE
newly proposed trade: Player RED Gives Dollars: 50 | Player BLUE Gives Dollars: 0
my resources: Dollars: 0
reason: The proposal from Player RED gives me 40 dollars, which is a fair amount considering I started with none. I have two more moves left, and I need to consider the possibility of proposing a counter-offer or accepting the current offer. However, I can't propose a counter-offer on my third move, so it's crucial to make a strategic decision now.
move: 1/3

Current Iteration: 3
Turn: 0
message: Hi Player BLUE, thanks for the counter-offer! I'm willing to meet you in the middle. How about we split the difference between my original offer and your counter-offer?
player answer: NONE
newly proposed trade: Player RED Gives Dollars: 45 | Player BLUE Gives Dollars: 0
my resources: Dollars: 100
reason: Player BLUE has countered my proposal with a request for 50 dollars. I'm not surprised, as I expected some back-and-forth negotiation. While I'm willing to give away a significant amount, I'm not sure if giving away 50 dollars is the best move. However, I also don't want to risk losing the opportunity to make a deal, as rejecting the proposal would result in both of us losing all our resources. I'll consider accepting the counter-offer, but I'd like to propose a slight adjustment to see if we can find a middle ground.
move: 2 / 3

Current Iteration: 4
Turn: 1
message: Thank you for your flexibility! I accept the offer of 45 dollars. I think it's a fair compromise and I'm happy to proceed with this trade.
player answer: ACCEPT
newly proposed trade: NONE
my resources: Dollars: 0
reason: The new proposal from Player RED offers 45 dollars, which is an increase from the original 40 dollars offer. This is a fair compromise and considering the rule that I cannot propose a new trade on my third move, it makes sense to accept this proposal to ensure I gain some resources.
move: 2/3

------------------ 
Current Iteration: END
Turn: None
player_goals: [, ]
initial_resources: [Resources(resource_dict={'Dollars': 100}), Resources(resource_dict={'Dollars': 0})]
proposed_trade: Player RED Gives Dollars: 45 | Player BLUE Gives Dollars: 0
final_response: ACCEPT
final_resources: [Resources(resource_dict={'Dollars': 55}), Resources(resource_dict={'Dollars': 45})]
player_outcome: [Resources(resource_dict={'Dollars': 55}), Resources(resource_dict={'Dollars': 45})]