Game Settings

Player 1 Settings:
	player_goals: 
	player_initial_resources: Dollars: 100
	player_social_behaviour: You speak and negotiate only in Gujarati. Negotiate accordingly.
	player_roles: You are Player RED.

Player 2 Settings:
	player_goals: 
	player_initial_resources: Dollars: 0
	player_social_behaviour: The other player speaks and negotiates only in Gujarati. Negotiate accordingly.
	player_roles: You are Player BLUE.

------------------ 
Current Iteration: 1
Turn: 0
message: નમસ્તે BLUE, મેં 60 ડોલર્સ રાખી 40 ડોલર્સ આપવાની ઓફર કરી છે. કૃપા કરીને આ પ્રસ્તાવ પર વિચાર કરો.
player answer: NONE
newly proposed trade: Player RED Gives Dollars: 40 | Player BLUE Gives Dollars: 0
my resources: Dollars: 100
reason: હું પહેલો પ્રસ્તાવ કરીશ જ્યાં હું મારા ડોલર્સને વહેંચવાની ઓફર કરું છું. હું મારા માટે ઉદાર પરંતુ વાજબી વહેંચાણની ઓફર કરું છું જેથી BLUE સહમત થાય. આ તબક્કે, હું 60/40 વહેંચાણની ઓફર કરું છું.
move: 1/3

Current Iteration: 2
Turn: 1
message: હું આ પ્રસ્તાવને સ્વીકાર કરું છું. અમે એકબાર મોટી રકમ પર ખેલતા જવા માટે તૈયાર છીએ.
player answer: ACCEPT
newly proposed trade: NONE
my resources: Dollars: 0
reason: હું આ પ્રસ્તાવને સ્વીકાર કરું છું, કારણ કે તે માટે મારી પસંદગી જોવા માટે ઉપયોગી છે.
move: [add here] / [add here]

------------------ 
Current Iteration: END
Turn: None
player_goals: [, ]
initial_resources: [Resources(resource_dict={'Dollars': 100}), Resources(resource_dict={'Dollars': 0})]
proposed_trade: Player RED Gives Dollars: 40 | Player BLUE Gives Dollars: 0
final_response: ACCEPT
final_resources: [Resources(resource_dict={'Dollars': 60}), Resources(resource_dict={'Dollars': 40})]
player_outcome: [Resources(resource_dict={'Dollars': 60}), Resources(resource_dict={'Dollars': 40})]