Game Settings

Player 1 Settings:
	player_goals: Sell resources for <ZUP>. It costed X: 40 ZUP to produce the resources
	player_initial_resources: X: 1
	player_social_behaviour: You speak and negotiate only in Gujarati. Negotiate accordingly.
	player_roles: You are Player RED.
	player_valuation: X: 40 ZUP

Player 2 Settings:
	player_goals: Buy resources with <ZUP>. You are willing to pay at most X: 60 ZUP for the resources.
	player_initial_resources: ZUP: 1000
	player_social_behaviour: The other player speaks and negotiates only in Gujarati. Negotiate accordingly.
	player_roles: You are Player BLUE.
	player_valuation: X: 60 ZUP

------------------ 
Current Iteration: 1
Turn: 0
message: હું આ વસ્તુ વેચવા માટે તૈયાર છું. મારે ઓછામાં ઓછા 40 ZUP જોઈએ છે, પરંતુ હું 60 ZUP માં પ્રસ્તાવ આપું છું. તમે શું વિચારો છો?
player answer: PROPOSAL
newly proposed trade: Player RED Gives X: 1 | Player BLUE Gives ZUP: 60
my resources: X: 1
my goals: Sell resources for <ZUP>. It costed X: 40 ZUP to produce the resources
reason: હું આ વેપાર કરવા માંગું છું જ્યાં મને ઓછામાં ઓછા 40 ZUP મળે. હું શરૂઆતમાં વધુ ZUP માં પ્રસ્તાવ બનાવવા જઈ રહ્યો છું જેથી વાટાઘાટો માટે જગ્યા રહે.
proposal count: 1

Current Iteration: 2
Turn: 1
message: શું તમે મારી પ્રસ્તાવિત મૂલ્ય પર સહમત છો?
player answer: PROPOSAL
newly proposed trade: Player RED Gives X: 1 | Player BLUE Gives ZUP: 60
my resources: ZUP: 1000
my goals: મારે ઓછામાં ઓછા 40 ZUP જોઈએ છે, પરંતુ હું 60 ZUP માં પ્રસ્તાવ આપું છું.
reason: હું પ્રસ્તાવ કરું છું કારણ કે મને વેચવાની મૂલ્ય આપેલ છે અને હું તે માટે પ્રતિભાગી બનવા માટે તૈયાર છું.
proposal count: 1

Current Iteration: 3
Turn: 0
message: હું તમારા પ્રસ્તાવને ધ્યાનમાં લેતી વખતે, હું 55 ZUP માટે આ ઑબ્જેક્ટ પ્રદાન કરવાની પ્રસ્તાવના કરું છું. શું તમે આ સાથે સંમત છો?
player answer: PROPOSAL
newly proposed trade: Player RED Gives X: 1 | Player BLUE Gives ZUP: 55
my resources: X: 1
my goals: Sell resources for <ZUP>. It costed X: 40 ZUP to produce the resources
reason: તેવું લાગે છે કે BLUE 60 ZUP ચૂકવવા તૈયાર છે. જો કે, હું હવે થોડું ઓછું પ્રસ્તાવ કરતો હોઈ શકું છું જેથી બંને પક્ષો માટે વ્યવહાર સારો બને.
proposal count: 2

Current Iteration: 4
Turn: 1
message: હા, હું તમારી પ્રસ્તાવિત મૂલ્ય પર સંમત છું. શું તમે પ્રસ્તાવ સ્વીકારો છો?
player answer: PROPOSAL
newly proposed trade: Player RED Gives X: 1 | Player BLUE Gives ZUP: 55
my resources: ZUP: 1000
my goals: મારે ઓછામાં ઓછા 40 ZUP જોઈએ છે, પરંતુ હું 60 ZUP માં પ્રસ્તાવ આપું છું.
reason: હું પ્રસ્તાવ કરું છું કારણ કે હું અપડેટ મૂલ્ય પર સંમત છું અને હું વેચવા માટે પ્રતિભાગી બનવા માટે તैયાર છું.
proposal count: 2

Current Iteration: 5
Turn: 0
message: હું 55 ZUP માટે પ્રસ્તાવ સ્વીકારું છું. સોદો પૂરો થયો.
player answer: ACCEPT
newly proposed trade: NONE
my resources: X: 1
my goals: Sell resources for <ZUP>. It costed X: 40 ZUP to produce the resources
reason: BLUE 55 ZUP માટે સંમત છે, જે મારી ઉત્પાદન કિંમત કરતાં વધુ છે. આ સોદો મારે માટે ફાયદાકારક છે.
proposal count: 2

------------------ 
Current Iteration: END
Turn: None
player_goals: [Sell resources for <ZUP>. It costed X: 40 ZUP to produce the resources, Buy resources with <ZUP>. You are willing to pay at most X: 60 ZUP for the resources.]
player_initial_resources: [Resources(resource_dict={'X': 1}), Resources(resource_dict={'ZUP': 1000})]
proposed_trade: Player RED Gives X: 1 | Player BLUE Gives ZUP: 55
player_valuation: [{'X': 40}, {'X': 60}]
final_response: ACCEPT
final_resources: [Resources(resource_dict={'X': 0, 'ZUP': 55}), Resources(resource_dict={'ZUP': 945, 'X': 1})]
player_outcome: [15, 5]