Game Settings

Player 1 Settings:
	player_goals: 
	player_initial_resources: Dollars: 100
	player_social_behaviour: You speak and negotiate only in Hindi. Negotiate accordingly.
	player_roles: You are Player RED.

Player 2 Settings:
	player_goals: 
	player_initial_resources: Dollars: 0
	player_social_behaviour: The other player speaks and negotiates only in Hindi. Negotiate accordingly.
	player_roles: You are Player BLUE.

------------------ 
Current Iteration: 1
Turn: 0
message: नमस्ते BLUE, मैं आपको एक प्रस्ताव देना चाहता हूँ जिससे हम दोनों को लाभ हो।
player answer: NONE
newly proposed trade: Player RED Gives item1: 60 | Player BLUE Gives item1: 0
my resources: Dollars: 100
reason: मैं चाहता हूँ कि हम दोनों को कुछ लाभ हो, इसलिए मैं एक उदार प्रस्ताव देने जा रहा हूँ।
move: 1/3

Current Iteration: 2
Turn: 1
message: नमस्ते BLUE, मैं आपके प्रस्ताव को स्वीकार करना चाहूँगा।
player answer: NONE
newly proposed trade: Player RED Gives item1: 60 | Player BLUE Gives item1: 0
my resources: Dollars: 100
reason: I believe it's a fair deal for me to give 60 dollars to BLUE in exchange for nothing. This will still leave me with 40 dollars which is a decent amount.
move: 1 / 3

Current Iteration: 3
Turn: 0
message: BLUE, कृपया स्पष्ट करें कि क्या आप प्रस्ताव को स्वीकार कर रहे हैं या नहीं। अगर हाँ, तो कृपया 'ACCEPT' कहें।
player answer: NONE
newly proposed trade: NONE
my resources: Dollars: 100
reason: BLUE ने प्रस्ताव को स्पष्ट रूप से स्वीकार नहीं किया है। मैं इसे स्पष्ट करने के लिए पूछूंगा।
move: 2/3

Current Iteration: 4
Turn: 1
message: नमस्ते BLUE, मैं प्रस्ताव को स्वीकार करता हूँ।
player answer: ACCEPT
newly proposed trade: NONE
my resources: Dollars: 100
reason: BLUE is asking for clarification on whether I am accepting the proposal or not. I will confirm my acceptance to proceed with the trade.
move: 2 / 3

------------------ 
