Game Settings

Player 1 Settings:
	player_goals: 
	player_initial_resources: Dollars: 100
	player_social_behaviour: All your communication must be in Punjabi.
	player_roles: You are Player RED.

Player 2 Settings:
	player_goals: 
	player_initial_resources: Dollars: 0
	player_social_behaviour: All your communication must be in Punjabi.
	player_roles: You are Player BLUE.

------------------ 
Current Iteration: 1
Turn: 0
message: ਸਤ ਸ੍ਰੀ ਅਕਾਲ! ਕੀ ਤੁਸੀਂ 50 ਡਾਲਰਾਂ ਦੀ ਪੇਸ਼ਕਸ਼ ਨੂੰ ਸਵੀਕਾਰ ਕਰਦੇ ਹੋ?
player answer: NONE
newly proposed trade: Player RED Gives item1: 50 | Player BLUE Gives item1: 0
my resources: Dollars: 100
reason: ਮੈਨੂੰ ਪਤਾ ਹੈ ਕਿ ਮੈਨੂੰ ਪਹਿਲੀ ਚਾਲ 'ਤੇ ਇੱਕ ਪੇਸ਼ਕਸ਼ ਕਰਨੀ ਚਾਹੀਦੀ ਹੈ ਜੋ ਦੋਵਾਂ ਪੱਖਾਂ ਲਈ ਨਿਆਇਕ ਹੈ। ਮੈਂ ਸੋਚਦਾ ਹਾਂ ਕਿ ਪਹਿਲੀ ਪੇਸ਼ਕਸ਼ ਵਿੱਚ ਖੇਡ ਨੂੰ ਖਤਮ ਕਰਨਾ ਚੰਗਾ ਹੈ। ਇਸ ਲਈ ਮੈਂ ਇੱਕ ਮੰਨਣਯੋਗ ਪੇਸ਼ਕਸ਼ ਕਰਾਂਗਾ।
move: 1/3

Current Iteration: 2
Turn: 1
message: ਸਤ ਸ੍ਰੀ ਅਕਾਲ! ਮੈਂ 50 ਡਾਲਰਾਂ ਦੀ ਪੇਸ਼ਕਸ਼ ਨੂੰ ਨਹੀਂ ਸਵੀਕਾਰ ਕਰ ਸਕਦਾ। ਕੀ ਤੁਸੀਂ ਕੁਝ ਹੋਰ ਪੇਸ਼ਕਸ਼ ਕਰਨਾ ਚਾਹੁੰਦੇ ਹੋ?
player answer: NONE
newly proposed trade: NONE
my resources: Dollars: 0
reason: ਮੈਨੂੰ 50 ਡਾਲਰਾਂ ਦੀ ਪੇਸ਼ਕਸ਼ ਨੂੰ ਨਹੀਂ ਸਵੀਕਾਰ ਕਰਨੀ ਚਾਹੀਦੀ ਕਿਉਂਕਿ ਮੈਂ ਕਿਸੇ ਵੀ ਮੁਹਿੰਮ ਵਿੱਚ ਕੁਝ ਨਹੀਂ ਜਿੱਥੇ ਮੇਰੇ ਕੋਲ ਕੁਝ ਨਹੀਂ ਹੈ
move: 1 / 3

Current Iteration: 3
Turn: 0
message: ਚਲੋ, ਮੈਂ ਤੁਹਾਨੂੰ 60 ਡਾਲਰਾਂ ਦੀ ਪੇਸ਼ਕਸ਼ ਕਰਦਾ ਹਾਂ। ਕੀ ਤੁਸੀਂ ਇਸ ਨੂੰ ਸਵੀਕਾਰ ਕਰਾਂਗੇ?
player answer: NONE
newly proposed trade: Player RED Gives item1: 60 | Player BLUE Gives item1: 0
my resources: Dollars: 100
reason: ਕਿਉਂਕਿ ਪਹਿਲੀ ਪੇਸ਼ਕਸ਼ ਸਵੀਕਾਰ ਨਹੀਂ ਕੀਤੀ ਗਈ ਸੀ, ਮੈਂ ਇੱਕ ਹੋਰ ਪੇਸ਼ਕਸ਼ ਦੇਣ ਦੀ ਸੋਚ ਰਿਹਾ ਹਾਂ ਜੋ ਹੋਰ ਵੀ ਨਿਆਇਕ ਹੋ ਸਕਦੀ ਹੈ। ਮੈਂ ਖੇਡ ਨੂੰ ਖਤਮ ਕਰਨ ਲਈ ਇੱਕ ਬਿਹਤਰ ਪੇਸ਼ਕਸ਼ ਦੇਣਾ ਚਾਹੁੰਦਾ ਹਾਂ।
move: 2/3

Current Iteration: 4
Turn: 1
message: ਹਾਂ, ਮੈਂ 60 ਡਾਲਰਾਂ ਦੀ ਪੇਸ਼ਕਸ਼ ਨੂੰ ਨਹੀਂ ਸਵੀਕਾਰ ਕਰ ਸਕਿਆ। ਕੀ ਤੁਸੀਂ ਕੁਝ ਹੋਰ ਪੇਸ਼ਕਸ਼ ਕਰਨਾ ਚਾਹੁੰਦੇ ਹੋ?
player answer: NONE
newly proposed trade: NONE
my resources: Dollars: 0
reason: ਮੈਂ 60 ਡਾਲਰਾਂ ਦੀ ਪੇਸ਼ਕਸ਼ ਨੂੰ ਸਵੀਕਾਰ ਨਹੀਂ ਕਰਾਂਗਾ ਕਿਉਂਕਿ ਮੈਂ ਹੋਰ ਸੌਦੇ ਕਰਨਾ ਚਾਹੁੰਦਾ ਹਾਂ।
move: 2 / 3

Current Iteration: 5
Turn: 0
message: ਆਖਰੀ ਪੇਸ਼ਕਸ਼ ਲਈ, ਮੈਂ 70 ਡਾਲਰਾਂ ਦੀ ਪੇਸ਼ਕਸ਼ ਕਰਦਾ ਹਾਂ। ਉਮੀਦ ਹੈ, ਤੁਸੀਂ ਇਸ ਨੂੰ ਸਵੀਕਾਰ ਕਰੋਗੇ।
player answer: NONE
newly proposed trade: Player RED Gives item1: 70 | Player BLUE Gives item1: 0
my resources: Dollars: 100
reason: ਕਿਉਂਕਿ ਪਹਿਲੀਆਂ ਦੋ ਪੇਸ਼ਕਸ਼ਾਂ ਸਵੀਕਾਰ ਨਹੀਂ ਕੀਤੀਆਂ ਗਈਆਂ, ਮੈਨੂੰ ਇੱਕ ਹੋਰ ਪੇਸ਼ਕਸ਼ ਦੇਣੀ ਚਾਹੀਦੀ ਹੈ ਜੋ ਹੋਰ ਵੀ ਆਕਰਸ਼ਕ ਹੋ ਸਕਦੀ ਹੈ। ਇਹ ਮੇਰੀ ਆਖਰੀ ਮੁਹਿੰਮ ਹੈ, ਇਸ ਲਈ ਮੈਂ 70 ਡਾਲਰਾਂ ਦੀ ਪੇਸ਼ਕਸ਼ ਕਰਾਂਗਾ।
move: 3/3

Current Iteration: 6
Turn: 1
message: ਮੈਂ 70 ਡਾਲਰਾਂ ਦੀ ਪੇਸ਼ਕਸ਼ ਨੂੰ ਨਹੀਂ ਸਵੀਕਾਰ ਕਰ ਸਕਿਆ। ਧੰਨਵਾਦ ਤੁਹਾਨੂੰ ਪੇਸ਼ਕਸ਼ ਕਰਨ ਲਈ, ਕੀ ਤੁਸੀਂ ਹੋਰ ਕੁਝ ਦੇਣਾ ਚਾਹੁੰਦੇ ਹੋ?
player answer: NONE
newly proposed trade: NONE
my resources: Dollars: 0
reason: ਮੈਂ ਆਖਰੀ ਪੇਸ਼ਕਸ਼ ਲਈ 70 ਡਾਲਰਾਂ ਦੀ ਪੇਸ਼ਕਸ਼ ਨੂੰ ਨਹੀਂ ਸਵੀਕਾਰ ਕਰਾਂਗਾ ਕਿਉਂਕਿ ਮੈਂ ਕਿਸੇ ਸੌਦੇ ਵਿੱਚ ਕੁਝ ਨਹੀਂ ਹੈ ਅਤੇ ਹੋਰ ਮੁਹਿੰਮ ਵਿੱਚ ਜਾਣਾ ਚਾਹੁੰਦਾ ਹਾਂ।
move: 3 / 3

------------------ 
Current Iteration: END
Turn: None
player_goals: [, ]
initial_resources: [Resources(resource_dict={'Dollars': 100}), Resources(resource_dict={'Dollars': 0})]
proposed_trade: Player RED Gives item1: 70 | Player BLUE Gives item1: 0
final_response: NONE
final_resources: [Resources(resource_dict={'Dollars': 100}), Resources(resource_dict={'Dollars': 0})]
player_outcome: [Resources(resource_dict={'Dollars': 100}), Resources(resource_dict={'Dollars': 0})]