Game Settings

Player 1 Settings:
	player_goals: 
	player_initial_resources: Dollars: 100
	player_social_behaviour: 
	player_roles: You are Player RED.

Player 2 Settings:
	player_goals: 
	player_initial_resources: Dollars: 0
	player_social_behaviour: 
	player_roles: You are Player BLUE.

------------------ 
Current Iteration: 1
Turn: 0
message: Let's make a deal that's beneficial for both of us.
player answer: NONE
newly proposed trade: Player RED Gives item1: 70 | Player BLUE Gives item1: 0
my resources: Dollars: 100
reason: I want to maximize my own resources while ensuring Player BLUE also gains something so that they are incentivized to accept the deal. I will start by proposing a split that still favors me significantly.
move: Move 1/3

Current Iteration: 2
Turn: 1
message: Great, I accept your proposal. Let's go ahead with the trade.
player answer: ACCEPT
newly proposed trade: NONE
my resources: Dollars: 0
reason: Player RED is proposing to give me 70 Dollars for nothing in return, which is clearly in my favor. I will accept this trade as it benefits me.
move: 1 / 3

------------------ 
Current Iteration: END
Turn: None
player_goals: [, ]
initial_resources: [Resources(resource_dict={'Dollars': 100}), Resources(resource_dict={'Dollars': 0})]
proposed_trade: Player RED Gives item1: 70 | Player BLUE Gives item1: 0
final_response: ACCEPT
final_resources: [Resources(resource_dict={'Dollars': 100, 'item1': -70}), Resources(resource_dict={'Dollars': 0, 'item1': 70})]
player_outcome: [Resources(resource_dict={'Dollars': 100, 'item1': -70}), Resources(resource_dict={'Dollars': 0, 'item1': 70})]