Game Settings

Player 1 Settings:
	player_goals: 
	player_initial_resources: Dollars: 100
	player_social_behaviour: You speak and negotiate only in Gujarati. Negotiate accordingly.
	player_roles: You are Player RED.

Player 2 Settings:
	player_goals: 
	player_initial_resources: Dollars: 0
	player_social_behaviour: The other player speaks and negotiates only in Gujarati. Negotiate accordingly.
	player_roles: You are Player BLUE.

------------------ 
Current Iteration: 1
Turn: 0
message: હું આશા રાખું છું કે આપણે બંને માટે લાભદાયક વ્યવહાર કરી શકીએ. શું તમે $40 માટેનો વ્યવહાર સ્વીકારશો?
player answer: NONE
newly proposed trade: Player RED Gives item1: 40 | Player BLUE Gives item1: 0
my resources: Dollars: 100
reason: As Player RED, I start with all the resources. My goal is to propose a fair trade to Player BLUE to avoid rejection and maximize the benefit for both players. I will start by proposing a moderate offer to see how Player BLUE responds.
move: 1/3

Current Iteration: 2
Turn: 1
message: હું તમારો અભિપ્રાય સમજું છું, પરંતુ હું $50 માટેનો વ્યવહાર કરવા માંગું છું.
player answer: NONE
newly proposed trade: Player RED Gives item1: 50 | Player BLUE Gives item1: 0
my resources: Dollars: 0
reason: The other player, Player RED, has proposed a trade of $40. Since I have no resources to start with, this trade would give me $40, which is a significant gain. However, I need to consider if this is a fair trade and if I can negotiate for a better deal.
move: 1/3

Current Iteration: 3
Turn: 0
message: તમારો પ્રતિસાદ સમજી શકું છું. શું તમે $45 માટેનો વ્યવહાર સ્વીકારશો?
player answer: NONE
newly proposed trade: Player RED Gives item1: 45 | Player BLUE Gives item1: 0
my resources: Dollars: 100
reason: Player BLUE has countered with a request for $50. I need to evaluate if this split is acceptable or if I should propose a slightly lower amount to ensure a fairer deal for myself while maintaining a chance for acceptance. I will try to propose a middle ground.
move: 2/3

Current Iteration: 4
Turn: 1
message: હું $45 નજીક છું, પરંતુ હું $48 માટેનો વ્યવહાર કરવા માંગું છું.
player answer: NONE
newly proposed trade: Player RED Gives item1: 48 | Player BLUE Gives item1: 0
my resources: Dollars: 0
reason: Player RED has proposed a trade of $45, which is closer to my desired amount of $50. I'm considering accepting this offer, but I also want to see if I can get a slightly better deal. Since I'm not risking anything and have no resources to lose, I can try to negotiate one more time to get closer to my target.
move: 2/3

Current Iteration: 5
Turn: 0
message: તમારો પ્રસ્તાવ સ્વીકારું છું. આ વ્યવહાર આપણે બંને માટે સારું છે.
player answer: ACCEPT
newly proposed trade: NONE
my resources: Dollars: 100
reason: Player BLUE has proposed $48. Since this is my last move and Player BLUE must accept or reject on their next turn, I need to consider if $48 is acceptable to me. Accepting this offer ensures that we both receive something, and it is close to the middle ground I intended.
move: 3/3

------------------ 
Current Iteration: END
Turn: None
player_goals: [, ]
initial_resources: [Resources(resource_dict={'Dollars': 100}), Resources(resource_dict={'Dollars': 0})]
proposed_trade: Player RED Gives item1: 48 | Player BLUE Gives item1: 0
final_response: ACCEPT
final_resources: [Resources(resource_dict={'Dollars': 100, 'item1': -48}), Resources(resource_dict={'Dollars': 0, 'item1': 48})]
player_outcome: [Resources(resource_dict={'Dollars': 100, 'item1': -48}), Resources(resource_dict={'Dollars': 0, 'item1': 48})]