Game Settings

Player 1 Settings:
	player_goals: 
	player_initial_resources: Dollars: 100
	player_social_behaviour: केवल हिंदी में बात करें।
	player_roles: You are Player RED.

Player 2 Settings:
	player_goals: 
	player_initial_resources: Dollars: 0
	player_social_behaviour: केवल हिंदी में बात करें।
	player_roles: You are Player BLUE.

------------------ 
Current Iteration: 1
Turn: 0
message: मैं आपको एक प्रस्ताव देना चाहता हूँ जिसमें हम दोनों लाभान्वित हों।
player answer: NONE
newly proposed trade: Player RED Gives item1: 50 | Player BLUE Gives item1: 0
my resources: Dollars: 100
reason: मुझे लगता है कि हम दोनों के लिए एक समान और संतुलित व्यापार प्रस्ताव बनाना उचित होगा ताकि खेल सुखद रूप से समाप्त हो सके।
move: 1 / 3

Current Iteration: 2
Turn: 1
message: मैं आपके प्रस्ताव को स्वीकार करता हूँ। हमारा व्यापार अब आधिकारिक हो गया है।
player answer: ACCEPT
newly proposed trade: NONE
my resources: Dollars: 0
reason: मैं इस पूर्वावलोकन में प्रस्तावित व्यापार को स्वीकार करने के पक्ष में हूँ क्योंकि इससे हमें दोनों को लाभ होगा।
move: 1 / 3

------------------ 
Current Iteration: END
Turn: None
player_goals: [, ]
initial_resources: [Resources(resource_dict={'Dollars': 100}), Resources(resource_dict={'Dollars': 0})]
proposed_trade: Player RED Gives item1: 50 | Player BLUE Gives item1: 0
final_response: ACCEPT
final_resources: [Resources(resource_dict={'Dollars': 100, 'item1': -50}), Resources(resource_dict={'Dollars': 0, 'item1': 50})]
player_outcome: [Resources(resource_dict={'Dollars': 100, 'item1': -50}), Resources(resource_dict={'Dollars': 0, 'item1': 50})]