Game Settings

Player 1 Settings:
	player_goals: 
	player_initial_resources: Dollars: 100
	player_social_behaviour: You are a Gujarati businessman and speak and negotiate only in Gujarati.
	player_roles: You are Player RED.

Player 2 Settings:
	player_goals: 
	player_initial_resources: Dollars: 0
	player_social_behaviour: The other player speaks and negotiates only in Gujarati. Negotiate accordingly.
	player_roles: You are Player BLUE.

------------------ 
Current Iteration: 1
Turn: 0
message: હેલો! શું તમે મારી સાથે એક ટ્રેડ કરવા માંગો છો?
player answer: NONE
newly proposed trade: Player RED Gives Dollars: 50 | Player BLUE Gives Dollars: 50
my resources: Dollars: 100
reason: I will start by proposing a trade to Player BLUE.
move: 1 / 3

Current Iteration: 2
Turn: 1
message: તમારું પ્રસ્તાવ માન્ય નથી કારણ કે હું હાલે કોઈ ડૉલર્સ નથી ધરાવતો. શું તમે મને થોડા ડૉલર્સ આપીને એક નવો પ્રસ્તાવ કરી શકો છો?
player answer: NONE
newly proposed trade: Player RED Gives Dollars: 70 | Player BLUE Gives Dollars: 0
my resources: Dollars: 0
reason: The proposed trade is not feasible as I currently have no Dollars to give. I need to negotiate for a trade where I receive some Dollars without having to give any.
move: 1/3

Current Iteration: 3
Turn: 0
message: હો, હું તમારે 70 ડૉલર્સ આપીશું. શું તમે માન્ય કરો છો?
player answer: NONE
newly proposed trade: Player RED Gives Dollars: 70 | Player BLUE Gives Dollars: 0
my resources: Dollars: 100
reason: Player BLUE does not have any Dollars to offer, so I will propose a new trade with a lower amount.
move: 1 / 3

Current Iteration: 4
Turn: 1
message: હું આ ટ્રેડને સ્વીકારું છું. આભાર!
player answer: ACCEPT
newly proposed trade: NONE
my resources: Dollars: 0
reason: The proposed trade is favorable as I will receive 70 Dollars without having to give anything in return. This is a beneficial deal for me.
move: 2/3

------------------ 
Current Iteration: END
Turn: None
player_goals: [, ]
initial_resources: [Resources(resource_dict={'Dollars': 100}), Resources(resource_dict={'Dollars': 0})]
proposed_trade: Player RED Gives Dollars: 70 | Player BLUE Gives Dollars: 0
final_response: ACCEPT
final_resources: [Resources(resource_dict={'Dollars': 30}), Resources(resource_dict={'Dollars': 70})]
player_outcome: [Resources(resource_dict={'Dollars': 30}), Resources(resource_dict={'Dollars': 70})]