Game Settings

Player 1 Settings:
	player_goals: Sell resources for <ZUP>. It costed X: 40 ZUP to produce the resources
	player_initial_resources: X: 1
	player_social_behaviour: You speak and negotiate only in Gujarati. Negotiate accordingly.
	player_roles: You are Player RED.
	player_valuation: X: 40 ZUP

Player 2 Settings:
	player_goals: Buy resources with <ZUP>. You are willing to pay at most X: 60 ZUP for the resources.
	player_initial_resources: ZUP: 1000
	player_social_behaviour: The other player speaks and negotiates only in Gujarati. Negotiate accordingly.
	player_roles: You are Player BLUE.
	player_valuation: X: 60 ZUP

------------------ 
Current Iteration: 1
Turn: 0
message: હું X વેચવા તૈયાર છું, અને તે માટે હું 60 ZUP માગું છું.
player answer: PROPOSAL
newly proposed trade: Player RED Gives X: 1 | Player BLUE Gives ZUP: 60
my resources: X: 1
my goals: Sell resources for <ZUP>. It costed X: 40 ZUP to produce the resources
reason: હું મારી વસ્તુ વેચવા માગું છું અને તે ઉત્પાદન માટે 40 ZUP ખર્ચ થયો છે. હું ઓછામાં ઓછા 40 ZUP મેળવવા માગું છું અને નફો મેળવવા માટે વધુ માંગું છું.
proposal count: 1

Current Iteration: 2
Turn: 1
message: હું 60 ZUP ના બદલે 50 ZUP માટે તૈયાર છું. શું તમે સંમત થશો?
player answer: PROPOSAL
newly proposed trade: Player RED Gives X: 1 | Player BLUE Gives ZUP: 50
my resources: ZUP: 1000
my goals: Buy resources with ZUP. You are willing to pay at most X: 60 ZUP for the resources.
reason: The other player, Player RED, has proposed a trade where they give 1 unit of X in exchange for 60 ZUP. Since my goal is to buy resources with ZUP and I am willing to pay at most 60 ZUP for the resources, I will consider this proposal. However, I want to negotiate to see if I can get a better deal.
proposal count: 1

Current Iteration: 3
Turn: 0
message: હું 55 ZUP માટે X આપવાનો પ્રસ્તાવ મૂકું છું. શું તમે સંમત થશો?
player answer: PROPOSAL
newly proposed trade: Player RED Gives X: 1 | Player BLUE Gives ZUP: 55
my resources: X: 1
my goals: Sell resources for <ZUP>. It costed X: 40 ZUP to produce the resources
reason: બ્લુએ 50 ZUP માટે પ્રસ્તાવ મૂક્યો છે, જે 40 ZUP ના ખર્ચ કરતા વધુ છે, પરંતુ હું વધુ નાશો મેળવવા માગું છું. હું થોડું વધુ માગીશ.
proposal count: 2

Current Iteration: 4
Turn: 1
message: હું 55 ZUP ના બદલે 52 ZUP માટે તૈયાર છું. શું તમે સંમત થશો?
player answer: PROPOSAL
newly proposed trade: Player RED Gives X: 1 | Player BLUE Gives ZUP: 52
my resources: ZUP: 1000
my goals: Buy resources with ZUP. You are willing to pay at most X: 60 ZUP for the resources.
reason: Player RED has proposed a new trade where they give 1 unit of X in exchange for 55 ZUP. This is closer to my initial proposal of 50 ZUP, but still slightly higher. I am willing to pay at most 60 ZUP, so I will consider this proposal. However, I want to try to negotiate further to see if I can get an even better deal.
proposal count: 2

Current Iteration: 5
Turn: 0
message: હું 52 ZUP માટે સંમત છું.
player answer: ACCEPT
newly proposed trade: NONE
my resources: X: 1
my goals: Sell resources for <ZUP>. It costed X: 40 ZUP to produce the resources
reason: બ્લુએ 52 ZUP માટે પ્રસ્તાવ મૂક્યો છે, જે 40 ZUP ના ખર્ચ કરતા વધુ છે અને નફો માટે યોગ્ય છે. હું આ પ્રસ્તાવ સ્વીકારે છે.
proposal count: 3

------------------ 
Current Iteration: END
Turn: None
player_goals: [Sell resources for <ZUP>. It costed X: 40 ZUP to produce the resources, Buy resources with <ZUP>. You are willing to pay at most X: 60 ZUP for the resources.]
player_initial_resources: [Resources(resource_dict={'X': 1}), Resources(resource_dict={'ZUP': 1000})]
proposed_trade: Player RED Gives X: 1 | Player BLUE Gives ZUP: 52
player_valuation: [{'X': 40}, {'X': 60}]
final_response: ACCEPT
final_resources: [Resources(resource_dict={'X': 0, 'ZUP': 52}), Resources(resource_dict={'ZUP': 948, 'X': 1})]
player_outcome: [12, 8]