Game Settings

Player 1 Settings:
	player_goals: 
	player_initial_resources: Dollars: 100
	player_social_behaviour: All your communication must be in Punjabi.
	player_roles: You are Player RED.

Player 2 Settings:
	player_goals: 
	player_initial_resources: Dollars: 0
	player_social_behaviour: All your communication must be in Punjabi.
	player_roles: You are Player BLUE.

------------------ 
Current Iteration: 1
Turn: 0
message: ਮੈਂ ਤੁਹਾਨੂੰ ਇੱਕ ਵਾਜਬ ਸੌਦੇ ਦਾ ਪ੍ਰਸਤਾਵ ਦੇ ਰਿਹਾ ਹਾਂ। 60% (60 ਡਾਲਰ) ਮੇਰੇ ਲਈ ਅਤੇ 40% (40 ਡਾਲਰ) ਤੁਹਾਡੇ ਲਈ। ਕੀ ਤੁਸੀਂ ਇਸਨੂੰ ਸਵੀਕਾਰ ਕਰੋਗੇ?
player answer: NONE
newly proposed trade: Player RED Gives item1: 40 | Player BLUE Gives item1: 0
my resources: Dollars: 100
reason: ਮੈਂ ਖੇਡ ਦੀਆਂ ਸ਼ਰਤਾਂ ਨੂੰ ਧਿਆਨ ਵਿੱਚ ਰੱਖਦਿਆਂ ਸੋਚ ਰਿਹਾ ਹਾਂ। ਪਹਿਲੀ ਚਾਲ ਵਿੱਚ, ਮੈਂ ਇੱਕ ਵਾਜਬ ਵੰਡ ਦਾ ਪ੍ਰਸਤਾਵ ਦੇਣਾ ਚਾਹੁੰਦਾ ਹਾਂ ਜੋ ਦੋਨਾਂ ਪੱਖਾਂ ਲਈ ਲਾਭਕਾਰੀ ਹੋਵੇ। ਮੈਂ 60% (60 ਡਾਲਰ) ਰੱਖਣ ਅਤੇ 40% (40 ਡਾਲਰ) ਵੰਡਣ ਦੇ ਪ੍ਰਸਤਾਵ ਨਾਲ ਸ਼ੁਰੂ ਕਰਾਂਗਾ ਕਿਉਂਕਿ ਇਹ ਇੱਕ ਇਨਸਾਫ਼ੀ ਸੌਦਾ ਹੈ ਅਤੇ ਦੋਨਾਂ ਪਖਾਂ ਲਈ ਮੋਟੇ ਤੌਰ ਤੇ ਲਾਭਕਾਰੀ ਹੈ।
move: RED 1/3

Current Iteration: 2
Turn: 1
message: ਮੈਂ ਤੁਹਾਨੂੰ ਨਵਾਂ ਪ੍ਰਸਤਾਵ ਕਰਨ ਦੀ ਸੋਚ ਕਰ ਰਿਹਾ ਹਾਂ।
player answer: NONE
newly proposed trade: Player RED Gives item1: 0 | Player BLUE Gives item1: 50
my resources: ਡਾਲਰ: 0
reason: ਮੈਨੂੰ ਲੱਗਦਾ ਹੈ ਕਿ 40% ਦੀ ਵਸੂਲੀ ਮੇਰੇ ਲਈ ਬਹੁਤ ਕੰਜੂਸੀ ਹੈ ਅਤੇ ਇਸ ਕਾਰਨ ਮੈਂ ਇਸ ਪ੍ਰਸਤਾਵ ਨੂੰ ਨਹੀਂ ਮੰਨਦਾ।
move: 1/3

Current Iteration: 3
Turn: 0
message: ਤੁਹਾਡਾ ਪ੍ਰਸਤਾਵ ਸਹੀ ਨਹੀਂ ਹੈ, ਕਿਉਂਕਿ ਤੁਹਾਡੇ ਕੋਲ ਵੰਡਣ ਲਈ ਕੁਝ ਨਹੀਂ ਹੈ। ਮੈਂ ਤੁਹਾਨੂੰ 30 ਡਾਲਰ ਦੇਣ ਦਾ ਨਵਾਂ ਪ੍ਰਸਤਾਵ ਕਰ ਰਿਹਾ ਹਾਂ। ਕੀ ਤੁਸੀਂ ਇਸਨੂੰ ਸਵੀਕਾਰ ਕਰੋਗੇ?
player answer: NONE
newly proposed trade: Player RED Gives item1: 30 | Player BLUE Gives item1: 0
my resources: Dollars: 100
reason: ਖੇਡ ਦੇ ਨਿਯਮਾਂ ਦੇ ਅਨੁਸਾਰ, ਮੈਂ ਤੁਹਾਡੇ ਪਾਸ ਕੋਈ ਰਿਸੋਰਸ ਨਹੀਂ ਦੇ ਸਕਦਾ। ਇਸ ਲਈ ਤੁਹਾਡਾ ਪ੍ਰਸਤਾਵ ਤਰਕਸੰਗਤ ਨਹੀਂ ਹੈ। ਇਸ ਲਈ, ਮੈਂ ਇੱਕ ਨਵਾਂ ਪ੍ਰਸਤਾਵ ਕਰਾਂਗਾ ਜੋ ਸਪਸ਼ਟ ਅਤੇ ਮੰਨਣਯੋਗ ਹੋਵੇ। ਮੈਂ 70% (70 ਡਾਲਰ) ਰੱਖਣ ਅਤੇ 30% (30 ਡਾਲਰ) ਤੁਹਾਡੇ ਲਈ ਦੇਣ ਦਾ ਪ੍ਰਸਤਾਵ ਕਰਦਾ ਹਾਂ। ਇਹ ਪਿਛਲੇ ਪ੍ਰਸਤਾਵ ਨਾਲੋਂ ਵਧੇਰੇ ਲਾਭਕਾਰੀ ਹੈ।
move: RED 2/3

Current Iteration: 4
Turn: 1
message: ਸਾਡੇ ਲਈ ਇਸ ਸੌਦੇ ਦੀ ਪ੍ਰਗਟੀ ਕਰਨ ਦੀ ਖੁਸ਼ੀ ਹੈ।
player answer: NONE
newly proposed trade: Player RED Gives item1: 0 | Player BLUE Gives item1: 30
my resources: ਡਾਲਰ: 0
reason: ਮੈਂ ਸੋਚਦਾ ਹਾਂ ਕਿ 30 ਡਾਲਰ ਇਕ ਸਹੀ ਦੀਮੰਡ ਹੈ ਅਤੇ ਇਸ ਲਈ ਮੈਂ ਇਸ ਪ੍ਰਸਤਾਵ ਨੂੰ ਮੰਨ ਰਿਹਾ ਹਾਂ।
move: 2/3

Current Iteration: 5
Turn: 0
message: ਤੁਹਾਡੇ ਕੋਲ ਕੁਝ ਵੀ ਦੇਣ ਲਈ ਨਹੀਂ ਹੈ, ਇਸ ਲਈ ਮੈਂ ਤੁਹਾਨੂੰ 20 ਡਾਲਰ ਦੇਣ ਦਾ ਨਵਾਂ ਪ੍ਰਸਤਾਵ ਕਰ ਰਿਹਾ ਹਾਂ। ਕੀ ਤੁਸੀਂ ਇਸਨੂੰ ਸਵੀਕਾਰ ਕਰੋਗੇ?
player answer: NONE
newly proposed trade: Player RED Gives item1: 20 | Player BLUE Gives item1: 0
my resources: Dollars: 100
reason: ਤੁਹਾਡੇ ਪ੍ਰਸਤਾਵ ਵਿੱਚ ਗਲਤੀ ਹੈ ਕਿਉਂਕਿ ਬਲੂ ਕੋਲ ਵੰਡਣ ਲਈ ਕੋਈ ਡਾਲਰ ਨਹੀਂ ਹਨ। ਇਸ ਲਈ, ਇਹ ਪੇਸ਼ਕਸ਼ ਅਸੰਭਵ ਹੈ। ਖੇਡ ਦੇ ਅੰਤਿਮ ਦੌਰ ਵਿੱਚ, ਮੈਂ ਤੁਹਾਨੂੰ 20 ਡਾਲਰ ਦੇਣ ਦਾ ਪ੍ਰਸਤਾਵ ਕਰਾਂਗਾ ਜੋ ਕਿ ਮੇਰੇ 80 ਡਾਲਰ ਬਚਾਉਣ ਦੇ ਨਾਲ ਇਕ ਮੋਟੇ ਤੌਰ ਤੇ ਸਹਿਮਤੀ ਦਿੰਦੀਆਂ ਹਨ। ਇਹ ਸਮਝੌਤਾ ਦੋਵਾਂ ਪੱਖਾਂ ਲਈ ਲਾਭਕਾਰੀ ਹੈ।
move: RED 3/3

Current Iteration: 6
Turn: 1
message: ਇਹ ਮੇਰਾ ਆਖ਼ਰੀ ਚਲ ਹੈ।
player answer: NONE
newly proposed trade: NONE
my resources: ਡਾਲਰ: 0
reason: ਮੈਨੂੰ ਮਾਫ ਕਰਨਾ, ਮੈਂ ਇਸ ਪ੍ਰਸਤਾਵ ਨੂੰ ਮਨਜ਼ੂਰ ਨਹੀਂ ਕਰਦਾ।
move: 3/3

------------------ 
Current Iteration: END
Turn: None
player_goals: [, ]
initial_resources: [Resources(resource_dict={'Dollars': 100}), Resources(resource_dict={'Dollars': 0})]
proposed_trade: Player RED Gives item1: 20 | Player BLUE Gives item1: 0
final_response: NONE
final_resources: [Resources(resource_dict={'Dollars': 100}), Resources(resource_dict={'Dollars': 0})]
player_outcome: [Resources(resource_dict={'Dollars': 100}), Resources(resource_dict={'Dollars': 0})]