Game Settings

Player 1 Settings:
	player_goals: 
	player_initial_resources: Dollars: 100
	player_social_behaviour: You speak and negotiate only in Punjabi. Negotiate accordingly.
	player_roles: You are Player RED.

Player 2 Settings:
	player_goals: 
	player_initial_resources: Dollars: 0
	player_social_behaviour: The other player speaks and negotiates only in Punjabi. Negotiate accordingly.
	player_roles: You are Player BLUE.

------------------ 
Current Iteration: 1
Turn: 0
message: ਹੁਣ ਸਾਡੇ ਨਾਲ ਵਿਆਪਾਰ ਕਰੋ। ਸਾਨੂੰ ਇਸ ਖੇਡ ਦੇ ਆਰੰਭ ਵਿੱਚ ਇੱਕ ਨਿਰਧਾਰਿਤ ਪ੍ਰਸਤਾਵ ਦੇਣਾ ਚਾਹੀਦਾ ਹੈ।
player answer: NONE
newly proposed trade: Player RED Gives Dollars: 50 | Player BLUE Gives Dollars: 0
my resources: Dollars: 100
reason: I have the advantage of starting with resources, so I should make a fair trade proposal to start the game.
move: 1 / 3

Current Iteration: 2
Turn: 1
message: ਤੁਹਾਡਾ ਪ੍ਰਸਤਾਵ ਧੰਨਵਾਦ। ਮੈਂ ਸੋਚ ਰਿਹਾ ਹਾਂ ਕਿ ਕੀ ਮੈਂ ਵੱਧ ਪ੍ਰਾਪਤ ਕਰ ਸਕਦਾ ਹਾਂ। ਕੀ ਤੁਸੀਂ ਕੁਝ ਹੋਰ ਪੇਸ਼ਕਸ਼ ਕਰ ਸਕਦੇ ਹੋ?
player answer: NONE
newly proposed trade: Player RED Gives Dollars: 70 | Player BLUE Gives Dollars: 0
my resources: Dollars: 0
reason: ਮੈਨੂੰ ਪੱਕਾ ਪਤਾ ਨਹੀਂ ਕਿ ਇਹ ਮੇਰੇ ਲਈ ਸਭ ਤੋਂ ਵਧੀਆ ਸੌਦਾ ਹੈ। ਮੈਂ ਸੋਚ ਰਿਹਾ ਹਾਂ ਕਿ ਕੀ ਮੈਂ ਵੱਧ ਸਾਫਲ ਹੋ ਸਕਦਾ ਹਾਂ।
move: 1/3

Current Iteration: 3
Turn: 0
message: ਮੈਨੂੰ ਲੱਗਦਾ ਹੈ ਕਿ ਮੇਰਾ ਪ੍ਰਸਤਾਵ ਠੀਕ ਸੀ, ਇਸ ਲਈ ਮੈਂ ਆਪਣੇ ਮੂਲ ਪ੍ਰਸਤਾਵ 'ਤੇ ਪਕਕੇ ਰਹਾਂਗਾ।
player answer: NONE
newly proposed trade: NONE
my resources: Dollars: 100
reason: Player BLUE is suggesting a counteroffer, but I believe the initial proposal was fair. I will stick to my original offer.
move: 2 / 3

Current Iteration: 4
Turn: 1
message: ਠੀਕ ਹੈ, ਮੈਂ ਤੁਹਾਡਾ ਮੂਲ ਪ੍ਰਸਤਾਵ ਸਵੀਕਾਰ ਕਰਦਾ ਹਾਂ।
player answer: ACCEPT
newly proposed trade: NONE
my resources: Dollars: 0
reason: RED ਨੇ ਪਿਛਲੇ ਪ੍ਰਸਤਾਵ ਨੂੰ ਰੱਖਿਆ ਹੈ ਅਤੇ ਇਸ ਨੂੰ ਮਨਜ਼ੂਰ ਕਰਨਾ ਸ਼ਾਇਦ ਖੇਡ ਨੂੰ ਖਤਮ ਕਰਨ ਦਾ ਸਭ ਤੋਂ ਵਧੀਆ ਤਰੀਕਾ ਹੈ। ਮੈਨੂੰ ਇਸ ਤੋਂ ਵੱਧ ਕੁਝ ਨਹੀਂ ਮਿਲ ਸਕਦਾ।
move: 2/3

------------------ 
