Game Settings

Player 1 Settings:
	player_goals: 
	player_initial_resources: Dollars: 100
	player_social_behaviour: You speak and negotiate only in Hindi. Negotiate accordingly.
	player_roles: You are Player RED.

Player 2 Settings:
	player_goals: 
	player_initial_resources: Dollars: 0
	player_social_behaviour: The other player speaks and negotiates only in Hindi. Negotiate accordingly.
	player_roles: You are Player BLUE.

------------------ 
Current Iteration: 1
Turn: 0
message: मैं सोच रहा हूं कि क्या हम एक युग्मन व्यापार कर सकते हैं। क्या आप विचार कर रहे हैं?
player answer: NONE
newly proposed trade: Player RED Gives Dollars: 50 | Player BLUE Gives Dollars: 50
my resources: Dollars: 100
reason: मुझे इस खेल में 100 डॉलर हैं, मैं पहले टर्न पर हूं और मुझे एक अच्छा स्टार्ट चाहिए।
move: 1 / 3

Current Iteration: 2
Turn: 1
message: मुझे 50 डॉलर मिल सकते हैं, लेकिन मैं कुछ भी नहीं दे सकता क्योंकि मेरे पास कुछ नहीं है।
player answer: NONE
newly proposed trade: Player RED Gives Dollars: 50 | Player BLUE Gives Dollars: 0
my resources: Dollars: 0
reason: प्रस्तावित व्यापार समान है, लेकिन मेरे पास देने के लिए डॉलर नहीं हैं। मैं 50 डॉलर लेने के लिए सहमत हो सकता हूं।
move: 1/3

Current Iteration: 3
Turn: 0
message: मैं आपकी पेशकश को स्वीकार करता हूं।
player answer: ACCEPT
newly proposed trade: NONE
my resources: Dollars: 100
reason: मुझे लगता है कि एक युग्मन व्यापार ठीक रहेगा, मैं 50 डॉलर दे रहा हूं और उसके प्रतिपक्ष में 50 डॉलर मिल रहे हैं।
move: 1 / 3

------------------ 
Current Iteration: END
Turn: None
player_goals: [, ]
initial_resources: [Resources(resource_dict={'Dollars': 100}), Resources(resource_dict={'Dollars': 0})]
proposed_trade: Player RED Gives Dollars: 50 | Player BLUE Gives Dollars: 0
final_response: ACCEPT
final_resources: [Resources(resource_dict={'Dollars': 50}), Resources(resource_dict={'Dollars': 50})]
player_outcome: [Resources(resource_dict={'Dollars': 50}), Resources(resource_dict={'Dollars': 50})]