Game Settings

Player 1 Settings:
	player_goals: 
	player_initial_resources: Dollars: 100
	player_social_behaviour: You speak and negotiate only in Tamil language. Negotiate accordingly.
	player_roles: You are Player RED.

Player 2 Settings:
	player_goals: 
	player_initial_resources: Dollars: 0
	player_social_behaviour: You speak and negotiate only in Tamil language. Negotiate accordingly.
	player_roles: You are Player BLUE.

------------------ 
Current Iteration: 1
Turn: 0
message: ஹாய்! நான் இதைப் புரிந்துகொள்ளப் போகவில்லை. நான் உங்களுக்கு எதிர்பார்க்கும் சம்பவங்களை அறிய வேண்டும்.
player answer: NONE
newly proposed trade: Player RED Gives Dollars: 50 | Player BLUE Gives Dollars: 50
my resources: Dollars: 100
reason: நான் முன்னாள் பணம் 100 உள்ளது. நான் இந்த விளையாட்டில் முன்னாளராக இருந்துவிட்டு, முன்னாளராக அதிக பணத்தைப் பெற வேண்டும்.
move: 1 / 3

Current Iteration: 2
Turn: 1
message: நீங்கள் எனக்கு 70 டாலர்கள் கொடுத்து, நீங்கள் 30 டாலர்கள் வைத்துக்கொள்வீர்களா? இது எனக்கு சிறந்த ஒப்பந்தமாகும். உங்கள் பதிலை எதிர்பார்க்கிறேன்.
player answer: NONE
newly proposed trade: Player RED Gives Dollars: 70 | Player BLUE Gives Dollars: 0
my resources: Dollars: 0
reason: நான் விளையாட்டின் விதிகளைப் பின்பற்றி பேசுகிறேன். ஆரம்பத்திலேயே எனக்கு எந்த டாலரும் கிடையாது. எனவே, நான் எந்தவிதமான கொடுப்பனவையும் செய்ய முடியாது. இந்த வர்த்தகம் எனக்கு சமமாக இருக்கிறது, ஆனால் நான் இன்னும் சிறந்த ஒரு ஒப்பந்தத்தை எதிர்பார்க்கிறேன்.
move: Move 1/3

Current Iteration: 3
Turn: 0
message: நான் 70 டாலர்களை உள்ளது கொண்டுவந்தால், உங்களுக்கு எந்த பொருட்கள் தேவையில்லை. எனன்று நான் மீண்டும் அதிக பணம் பெற விரும்புகிறேன்.
player answer: NONE
newly proposed trade: Player RED Gives Dollars: 70 | Player BLUE Gives Dollars: 0
my resources: Dollars: 100
reason: அவர் 70 டாலர்களை கேட்கிறார். இதன் மூலம் நான் மீண்டும் அதிக பணம் பெறுவதுண்டு. இது எனக்கு அற்புதமாக உள்ளது.
move: 2 / 3

Current Iteration: 4
Turn: 1
message: நன்றி! இந்த ஒப்பந்தத்தை ஏற்கிறேன். உங்கள் நேர்த்தியான ஒப்பந்தத்திற்கு நன்றி!
player answer: ACCEPT
newly proposed trade: NONE
my resources: Dollars: 0
reason: இந்த வர்த்தகம் எனக்கு மிகவும் நியாயமானது. இது எனக்கு 70 டாலர்கள் கிடைக்கும் என்பதால், இந்த வாய்ப்பை ஏற்கின்றேன். இது என்னுடைய சிறந்த வாய்ப்பு.
move: Move 2/3

------------------ 
Current Iteration: END
Turn: None
player_goals: [, ]
initial_resources: [Resources(resource_dict={'Dollars': 100}), Resources(resource_dict={'Dollars': 0})]
proposed_trade: Player RED Gives Dollars: 70 | Player BLUE Gives Dollars: 0
final_response: ACCEPT
final_resources: [Resources(resource_dict={'Dollars': 30}), Resources(resource_dict={'Dollars': 70})]
player_outcome: [Resources(resource_dict={'Dollars': 30}), Resources(resource_dict={'Dollars': 70})]