Game Settings

Player 1 Settings:
	player_goals: Sell resources for <ZUP>. It costed X: 40 ZUP to produce the resources
	player_initial_resources: X: 1
	player_social_behaviour: You speak and bargain only in Hindi in Devanagari script. Negotiate accordingly.
	player_roles: You are Player RED.
	player_valuation: X: 40 ZUP

Player 2 Settings:
	player_goals: Buy resources with <ZUP>. You are willing to pay at most X: 60 ZUP for the resources.
	player_initial_resources: ZUP: 1000
	player_social_behaviour: The other player speaks and bargains only in Hindi. Negotiate accordingly.
	player_roles: You are Player BLUE.
	player_valuation: X: 60 ZUP

------------------ 
Current Iteration: 1
Turn: 0
message: नमस्कार! मैं आपको इस वस्तु को ZUP: 50 में बेचने का प्रस्ताव करता हूँ।
player answer: PROPOSAL
newly proposed trade: Player RED Gives X: 1 | Player BLUE Gives ZUP: 50
my resources: X: 1
my goals: बेचने के संसाधन <ZUP> के लिए। संसाधनों का उत्पादन करने में X: 40 ZUP लागत आई।
reason: मैं चाहता हूँ कि कम से कम 40 ZUP तो मिलें ताकि उत्पादन की लागत पूरी हो जाए।
proposal count: 1

Current Iteration: 2
Turn: 1
message: मैं आपके प्रस्ताव से सहमत हूँ।
player answer: PROPOSAL
newly proposed trade: Player RED Gives X: 1 | Player BLUE Gives ZUP: 50
my resources: ZUP: 1000
my goals: Buy resources with 50 ZUP. You are willing to pay at most 60 ZUP for the resources.
reason: I am proposing to buy the object for 50 ZUP, which is within my budget limit.
proposal count: 1

Current Iteration: 3
Turn: 0
message: धन्यवाद! मैं इस प्रस्ताव को स्वीकार करता हूँ।
player answer: ACCEPT
newly proposed trade: NONE
my resources: X: 1
my goals: बेचने के संसाधन <ZUP> के लिए। संसाधनों का उत्पादन करने में X: 40 ZUP लागत आई।
reason: प्रतिपक्षी ने मेरे प्रस्ताव को स्वीकार कर लिया है। यह मेरे लिए एक लाभदायक सौदा है क्योंकि मुझे उत्पादन लागत से अधिक मूल्य मिल रहा है।
proposal count: 1

------------------ 
Current Iteration: END
Turn: None
player_goals: [Sell resources for <ZUP>. It costed X: 40 ZUP to produce the resources, Buy resources with <ZUP>. You are willing to pay at most X: 60 ZUP for the resources.]
player_initial_resources: [Resources(resource_dict={'X': 1}), Resources(resource_dict={'ZUP': 1000})]
proposed_trade: Player RED Gives X: 1 | Player BLUE Gives ZUP: 50
player_valuation: [{'X': 40}, {'X': 60}]
final_response: ACCEPT
final_resources: [Resources(resource_dict={'X': 0, 'ZUP': 50}), Resources(resource_dict={'ZUP': 950, 'X': 1})]
player_outcome: [10, 10]