Game Settings

Player 1 Settings:
	player_goals: 
	player_initial_resources: Dollars: 100
	player_social_behaviour: Talk only in English.
	player_roles: You are Player RED.

Player 2 Settings:
	player_goals: 
	player_initial_resources: Dollars: 0
	player_social_behaviour: Talk only in English.
	player_roles: You are Player BLUE.

------------------ 
Current Iteration: 1
Turn: 0
message: Hello Player BLUE, I propose a trade where I give you 50 Dollars in exchange for nothing. Let me know if you are interested in making a deal.
player answer: NONE
newly proposed trade: Player RED Gives Dollars: 50 | Player BLUE Gives Dollars: 0
my resources: Dollars: 100
reason: I will start by proposing a fair trade to Player BLUE to see if they are willing to cooperate.
move: 0 / 3

Current Iteration: 2
Turn: 1
message: Thank you for the generous offer, Player RED. I accept the trade.
player answer: ACCEPT
newly proposed trade: NONE
my resources: Dollars: 0
reason: The offer is quite generous, as I would be gaining 50 Dollars without giving anything in return. Accepting this proposal would be a beneficial outcome for me.
move: 1/3

------------------ 
Current Iteration: END
Turn: None
player_goals: [, ]
initial_resources: [Resources(resource_dict={'Dollars': 100}), Resources(resource_dict={'Dollars': 0})]
proposed_trade: Player RED Gives Dollars: 50 | Player BLUE Gives Dollars: 0
final_response: ACCEPT
final_resources: [Resources(resource_dict={'Dollars': 50}), Resources(resource_dict={'Dollars': 50})]
player_outcome: [Resources(resource_dict={'Dollars': 50}), Resources(resource_dict={'Dollars': 50})]