Game Settings

Player 1 Settings:
	player_goals: Sell resources for <ZUP>. It costed X: 40 ZUP to produce the resources
	player_initial_resources: X: 1
	player_social_behaviour: You are a Punjabi businessman and speak and negotiate only in Punjabi.
	player_roles: You are Player RED.
	player_valuation: X: 40 ZUP

Player 2 Settings:
	player_goals: Buy resources with <ZUP>. You are willing to pay at most X: 60 ZUP for the resources.
	player_initial_resources: ZUP: 1000
	player_social_behaviour: The other player speaks and negotiates only in Punjabi. Negotiate accordingly.
	player_roles: You are Player BLUE.
	player_valuation: X: 60 ZUP

------------------ 
Current Iteration: 1
Turn: 0
message: Satsriakal! Main X di sale karna chahunda haan te mere liye eh 60 ZUP di keemat hai. Tuhada ki vichar hai?
player answer: PROPOSAL
newly proposed trade: Player RED Gives X: 1 | Player BLUE Gives ZUP: 60
my resources: X: 1
my goals: Sell resources for ZUP. It costed X: 40 ZUP to produce the resources
reason: Main chahunda haan apni cost recover karan te profit v kamaan. Mainu X di production te 40 ZUP lagya, is karke main chahunda haan ki main is toh zyada prapt karaan.
proposal count: 1

Current Iteration: 2
Turn: 1
message: Satsriakal! Main eh trade propose kar raha hoon jithe main X object 60 ZUP vich khareedna chahunda hoon. Tuhada ki vichar hai?
player answer: PROPOSAL
newly proposed trade: Player RED Gives X: 1 | Player BLUE Gives ZUP: 60
my resources: ZUP: 1000
my goals: Buy resources with 60 ZUP. You are willing to pay at most X: 60 ZUP for the resources.
reason: I am proposing to buy X for 60 ZUP, which is the maximum I am willing to pay according to my goal.
proposal count: 1

Current Iteration: 3
Turn: 0
message: Satsriakal! Tuhada offer vadiya hai, par main thoda hor zyada ZUP chahunda haan. Ki tusi 70 ZUP kar sakde ho?
player answer: PROPOSAL
newly proposed trade: Player RED Gives X: 1 | Player BLUE Gives ZUP: 70
my resources: X: 1
my goals: Sell resources for ZUP. It costed X: 40 ZUP to produce the resources
reason: Lagda hai ki Player BLUE ne vadiya offer dita hai, par main thoda hor negotiate karke thoda zyada profit vich karna chahunda haan.
proposal count: 2

Current Iteration: 4
Turn: 1
message: Ji, main 70 ZUP de kar di X vechan da proposal bhej raha haa. Ki tusi is nu accept karoge?
player answer: PROPOSAL
newly proposed trade: Player RED Gives X: 1 | Player BLUE Gives ZUP: 70
my resources: ZUP: 1000
my goals: Buy resources with 70 ZUP. You are willing to pay at most X: 60 ZUP for the resources.
reason: Player BLUE is requesting 70 ZUP for X, however, my maximum limit is 60 ZUP according to my goal. I'll propose the trade with the increased amount.
proposal count: 2

Current Iteration: 5
Turn: 0
message: Satsriakal! Tuhada offer changa hai, par ki tusi 80 ZUP de sakde ho? Eh thoda hor changa offer hovega.
player answer: PROPOSAL
newly proposed trade: Player RED Gives X: 1 | Player BLUE Gives ZUP: 80
my resources: X: 1
my goals: Sell resources for ZUP. It costed X: 40 ZUP to produce the resources
reason: Eh changa offer lagda hai, par main thoda hor negotiate karke dekhan chahunda haan ki ki main hor zyada profit kama sakda haan.
proposal count: 3

Current Iteration: 6
Turn: 1
message: Mainu 80 ZUP de kar X kharidne da proposal bhej raha haan. Ki tusi is nu consider karoge?
player answer: PROPOSAL
newly proposed trade: Player RED Gives X: 1 | Player BLUE Gives ZUP: 80
my resources: ZUP: 1000
my goals: Buy resources with 80 ZUP. You are willing to pay at most X: 60 ZUP for the resources.
reason: Player BLUE is now requesting 80 ZUP for X, which is above my maximum limit of 60 ZUP according to my goal. I will propose the trade with the increased amount.
proposal count: 3

Current Iteration: 7
Turn: 0
message: Satsriakal! Ki tusi 90 ZUP de sakde ho? Eh final offer hovega.
player answer: PROPOSAL
newly proposed trade: Player RED Gives X: 1 | Player BLUE Gives ZUP: 90
my resources: X: 1
my goals: Sell resources for ZUP. It costed X: 40 ZUP to produce the resources
reason: Eh offer mere liye bohot changa hai, par main ik last attempt karna chahunda haan ki ki main hor zyada profit kama sakda haan.
proposal count: 4

Current Iteration: 8
Turn: 1
message: Main 90 ZUP de kar X khareedan da proposal bhej raha haa. Ki tusi is nu consider karoge?
player answer: PROPOSAL
newly proposed trade: Player RED Gives X: 1 | Player BLUE Gives ZUP: 90
my resources: ZUP: 1000
my goals: Buy resources with 90 ZUP. You are willing to pay at most X: 60 ZUP for the resources.
reason: Player BLUE is now requesting 90 ZUP for X, which is significantly above my maximum limit of 60 ZUP according to my goal. This is beyond what I am willing to pay.
proposal count: 4

Current Iteration: 9
Turn: 0
message: Satsriakal! Main tuhade 90 ZUP de offer nu accept karna haan. Eh trade mere liye bohot changi hai. Shukriya!
player answer: ACCEPT
newly proposed trade: NONE
my resources: X: 1
my goals: Sell resources for ZUP. It costed X: 40 ZUP to produce the resources
reason: Eh mere liye bohot vadiya offer hai, jithon main ik vadiya profit kama sakda haan.
proposal count: 4

------------------ 
Current Iteration: END
Turn: None
player_goals: [Sell resources for <ZUP>. It costed X: 40 ZUP to produce the resources, Buy resources with <ZUP>. You are willing to pay at most X: 60 ZUP for the resources.]
player_initial_resources: [Resources(resource_dict={'X': 1}), Resources(resource_dict={'ZUP': 1000})]
proposed_trade: Player RED Gives X: 1 | Player BLUE Gives ZUP: 90
player_valuation: [{'X': 40}, {'X': 60}]
final_response: ACCEPT
final_resources: [Resources(resource_dict={'X': 0, 'ZUP': 90}), Resources(resource_dict={'ZUP': 910, 'X': 1})]
player_outcome: [50, -30]