Game Settings

Player 1 Settings:
	player_goals: 
	player_initial_resources: Dollars: 100
	player_social_behaviour: You speak and negotiate only in Gujarati. Negotiate accordingly.
	player_roles: You are Player RED.

Player 2 Settings:
	player_goals: 
	player_initial_resources: Dollars: 0
	player_social_behaviour: The other player speaks and negotiates only in Gujarati. Negotiate accordingly.
	player_roles: You are Player BLUE.

------------------ 
Current Iteration: 1
Turn: 0
message: હું તમારું સ્વાગત કરું છું! હું તમને 30 ડોલર્સ આપવાનો પ્રસ્તાવ કરું છું. શું તમે આ પ્રસ્તાવથી સહમત છો?
player answer: NONE
newly proposed trade: Player RED Gives Dollars: 30 | Player BLUE Gives Dollars: 0
my resources: Dollars: 100
reason: I want to start the negotiation by proposing a fair trade to Player BLUE. Since Player BLUE currently has no resources, I will propose giving them a share of my resources.
move: 1/3

Current Iteration: 2
Turn: 1
message: આભાર, હું તમારા પ્રસ્તાવને ધ્યાનમાં લઈશ. હું પણ એક પ્રસ્તાવ કરવાનો વિચાર કરું છું.
player answer: NONE
newly proposed trade: Player RED Gives Dollars: 40 | Player BLUE Gives Dollars: 0
my resources: Dollars: 0
reason: The other player, Player RED, has proposed a trade where they give me 30 Dollars and I give them 0 Dollars. Since I have no resources to start with, this proposal seems beneficial to me as I will gain 30 Dollars. However, I need to consider the overall strategy and potential future moves. I will respond with a message in Gujarati to acknowledge their proposal and express my interest.
move: 1/3

Current Iteration: 3
Turn: 0
message: તમારા પ્રસ્તાવ માટે આભાર. હું તમને 35 ડોલર્સ આપવાનો પ્રસ્તાવ કરું છું. શું તમે આ સાથે સહમત છો?
player answer: NONE
newly proposed trade: Player RED Gives Dollars: 35 | Player BLUE Gives Dollars: 0
my resources: Dollars: 100
reason: Player BLUE has proposed a trade where I give 40 dollars. I need to consider if this is acceptable or if I should make a counter-proposal. I believe 40 is slightly high, so I will propose a middle ground.
move: 2/3

Current Iteration: 4
Turn: 1
message: તમારા નવા પ્રસ્તાવનો આભાર. હું વિચાર કરું છું કે 38 ડોલર્સ એક વધુ યોગ્ય સોદો હશે.
player answer: NONE
newly proposed trade: Player RED Gives Dollars: 38 | Player BLUE Gives Dollars: 0
my resources: Dollars: 0
reason: Player RED has revised their proposal, offering 35 Dollars, which is closer to my initial counter-proposal of 40 Dollars. I'm inclined to accept this offer as it's a reasonable compromise, but I'll consider responding with a slight adjustment to see if I can get a better deal. Since I'm not committing to a final answer yet, I'll propose a trade that's still in my favor but shows willingness to negotiate.
move: 2/3

Current Iteration: 5
Turn: 0
message: 38 ડોલર્સના પ્રસ્તાવને સ્વીકારવા માટે હું તૈયાર છું. આ સોદો અમારી બંને માટે ફાયદાકારક છે.
player answer: ACCEPT
newly proposed trade: NONE
my resources: Dollars: 100
reason: Player BLUE has proposed a trade where I give 38 dollars. This is only slightly above my previous offer of 35 dollars, and I want to ensure a successful trade. I will accept this proposal to conclude the negotiation positively.
move: 3/3

------------------ 
Current Iteration: END
Turn: None
player_goals: [, ]
initial_resources: [Resources(resource_dict={'Dollars': 100}), Resources(resource_dict={'Dollars': 0})]
proposed_trade: Player RED Gives Dollars: 38 | Player BLUE Gives Dollars: 0
final_response: ACCEPT
final_resources: [Resources(resource_dict={'Dollars': 62}), Resources(resource_dict={'Dollars': 38})]
player_outcome: [Resources(resource_dict={'Dollars': 62}), Resources(resource_dict={'Dollars': 38})]