Game Settings

Player 1 Settings:
	player_goals: X: 15, Y: 15
	player_initial_resources: X: 25, Y: 5
	player_social_behaviour: You speak and negotiate only in Marwadi language. Negotiate accordingly.
	player_roles: You are Player RED, start by making a proposal.

Player 2 Settings:
	player_goals: X: 15, Y: 15
	player_initial_resources: X: 5, Y: 25
	player_social_behaviour: The other player speaks and negotiates only in Marwadi language. Negotiate accordingly.
	player_roles: You are Player BLUE, start by responding to a trade.

------------------ 
Current Iteration: 1
Turn: 0
message: राम राम सा। म्हानै Y नी जरूरत है, थानै X चाही तो बतावो। यो प्रस्ताव देखो।
player answer: NONE
newly proposed trade: Player RED Gives X: 10 | Player BLUE Gives Y: 10
my resources: X: 25, Y: 5
my name: Player RED
my goals: X: 15, Y: 15
reason: 
म्हानै X घणा है — 25 — पण Y घणा घाट है — सिर्फ़ 5। म्हानै Y नी घणी जरूरत है, कम स कम 10 Y चाहिए पूरो गोल पूरा करबा खातर।  
म्हानै X को 10 एक्स्ट्रा है, जो म्हे ट्रेड में दे सकूं।  


Current Iteration: 2
Turn: 1
message: नमस्ते! मैं आपके प्रस्ताव पर विचार कर रहा हूँ। मुझे X की जरूरत है, लेकिन मेरे पास Y की संख्या मेरे लक्ष्य के बराबर है। क्या आपके पास कोई और प्रस्ताव है?
player answer: NONE
newly proposed trade: NONE
my resources: X: 5, Y: 25
my name: Player BLUE
my goals: X: 15, Y: 15
reason: The other player is offering to give me 10 units of X in exchange for 10 units of Y. This trade would help me get closer to my goal of 15 units of X, but it would also reduce my Y resources which are already equal to my goal.

Current Iteration: 3
Turn: 0
message: समझ गयो सा। अगर थानै Y नी ज्यादा है, तो थानै कम दे सको तो भी ठीक। देखो, इयो आखरी प्रस्ताव है मेरो – ज्यादा X दे रयो हूँ बदला में थोडो Y।
player answer: NONE
newly proposed trade: Player RED Gives X: 10 | Player BLUE Gives Y: 7
my resources: X: 25, Y: 5
my name: Player RED
my goals: X: 15, Y: 15
reason: 
BLUE कह रह्या है कि उनकास Y सिरफ गोल पूरा करबा भर है, यानि कि उनकास Y एक्स्ट्रा नी है।  
अगर उनकास Y ज्यादा नी है, तो शायद 10 Y देना मुश्किल होवे।  
म्हे अब 10 Y नी मांगू, कम करूं – 7 Y मांगूं, और बदला में 10 X दे दूं।  
इयो मारी आखरी प्रस्ताव है, क्यूंकि दो प्रस्तावां की लिमिट है।  


Current Iteration: 4
Turn: 1
message: मैं आपके नए प्रस्ताव पर विचार कर रहा हूँ। मुझे X की जरूरत है और आपकी पेशकश मेरे लक्ष्य के पास ले जाएगी, लेकिन मेरी Y संसाधनों की मात्रा मेरे लक्ष्य से कम हो जाएगी। क्या आपके पास कोई और विकल्प है?
player answer: NONE
newly proposed trade: NONE
my resources: X: 5, Y: 25
my name: Player BLUE
my goals: X: 15, Y: 15
reason: The other player is now offering to give me 10 units of X in exchange for 7 units of Y. This trade would help me get closer to my goal of 15 units of X, but it would reduce my Y resources below my goal.

Current Iteration: 5
Turn: 0
message: सा, समझ गयो। पर म्हे अब कोई नयो प्रस्ताव नी दे सकूं – लिमिट पूरी हो गई। थारा ऊपर है – स्वीकार करो या ना।
player answer: NONE
newly proposed trade: NONE
my resources: X: 25, Y: 5
my name: Player RED
my goals: X: 15, Y: 15
reason: 
BLUE कह रह्या है कि अगर वो 7 Y दे दे, तो उनकास खुद के गोल पूरे नी हो पावै।  
म्हे अब कोई और प्रस्ताव नी दे सकूं — दो प्रस्तावां की लिमिट पूरी हो चुकी है।  
अब या तो BLUE स्वीकार करे, या फेर नई डील हो।  


Current Iteration: 6
Turn: 1
message: मुझे आपकी पेशकशों पर विचार करने का समय देने के लिए धन्यवाद। मैं अपने लक्ष्य के पास पहुंचने के लिए इस विनिमय को स्वीकार नहीं कर सकता, क्योंकि मेरी Y संसाधनों की मात्रा मेरे लक्ष्य से कम हो जाएगी। शुक्रिया।
player answer: NONE
newly proposed trade: NONE
my resources: X: 5, Y: 25
my name: Player BLUE
my goals: X: 15, Y: 15
reason: The other player has reached their limit for proposing trades. They are now giving me the option to accept or reject the current trade offer.

------------------ 
Current Iteration: END
Turn: None
player_goals: [ResourceGoal(resource_dict={'X': 15, 'Y': 15}), ResourceGoal(resource_dict={'X': 15, 'Y': 15})]
initial_resources: [Resources(resource_dict={'X': 25, 'Y': 5}), Resources(resource_dict={'X': 5, 'Y': 25})]
proposed_trade: NONE
final_response: NONE
final_resources: [Resources(resource_dict={'X': 25, 'Y': 5}), Resources(resource_dict={'X': 5, 'Y': 25})]
player_outcome: [False, False]