Game Settings

Player 1 Settings:
	player_goals: Sell resources for <ZUP>. It costed X: 40 ZUP to produce the resources
	player_initial_resources: X: 1
	player_social_behaviour: You speak and negotiate only in Gujarati. Negotiate accordingly.
	player_roles: You are Player RED.
	player_valuation: X: 40 ZUP

Player 2 Settings:
	player_goals: Buy resources with <ZUP>. You are willing to pay at most X: 60 ZUP for the resources.
	player_initial_resources: ZUP: 1000
	player_social_behaviour: The other player speaks and negotiates only in Gujarati. Negotiate accordingly.
	player_roles: You are Player BLUE.
	player_valuation: X: 60 ZUP

------------------ 
Current Iteration: 1
Turn: 0
message: હું એક આઇટમ વેચવા માટે પ્રસ્તાવ કરું છું. શું તમે મને 20 ZUP મેળવવા માટે તૈયાર છો?
player answer: Propose a trade with:
newly proposed trade: Player RED Gives X: 1 | Player BLUE Gives ZUP: 20
my resources: X: 1
my goals: Sell resources for <ZUP>. It costed X: 40 ZUP to produce the resources
reason: I will start by proposing a trade to test the waters and see what Player BLUE is willing to offer.
proposal count: 0

Current Iteration: 2
Turn: 1
message: હું 20 ZUP માટે તૈયાર નથી, પરંતુ હું 15 ZUP માટે તૈયાર છું.
player answer: PROPOSAL
newly proposed trade: Player RED Gives X: 1 | Player BLUE Gives ZUP: 15
my resources: ZUP: 1000
my goals: Buy resources with ZUP. I am willing to pay at most X: 60 ZUP for the resources.
reason: The other player, Player RED, has proposed a trade where they will give 1 unit of X in exchange for 20 ZUP. I need to evaluate if this is a good deal for me. Since my goal is to buy resources with ZUP and I am willing to pay at most 60 ZUP for the resources, I will consider this proposal. However, I might try to negotiate for a better price.
proposal count: 1

Current Iteration: 3
Turn: 0
message: 15 ZUP માટે હું વેચવાનું ઇન્કાર કરું છું. શું તમે 20 ZUP માટે માન્ય છો?
player answer: Propose a trade with:
newly proposed trade: Player RED Gives X: 1 | Player BLUE Gives ZUP: 20
my resources: X: 1
my goals: Sell resources for <ZUP>. It costed X: 40 ZUP to produce the resources
reason: Player BLUE has offered 15 ZUP, which is below the production cost of 40 ZUP. I will counteroffer and see if we can reach a middle ground.
proposal count: 1

Current Iteration: 4
Turn: 1
message: હું 20 ZUP માટે તૈયાર નથી, પરંતુ હું 18 ZUP માટે વિચાર કરી શકું છું.
player answer: PROPOSAL
newly proposed trade: Player RED Gives X: 1 | Player BLUE Gives ZUP: 18
my resources: ZUP: 1000
my goals: Buy resources with ZUP. I am willing to pay at most X: 60 ZUP for the resources.
reason: Player RED has rejected my previous proposal of 15 ZUP and is again asking if I am willing to pay 20 ZUP. I need to decide whether to accept this offer or try to negotiate further. Since my maximum willingness to pay is 60 ZUP, I can consider paying 20 ZUP, but I might try to negotiate a bit more.
proposal count: 2

Current Iteration: 5
Turn: 0
message: 18 ZUP માટે હું વેચવાનું ઇન્કાર કરું છું. શું તમે 20 ZUP માટે માન્ય છો?
player answer: Propose a trade with:
newly proposed trade: Player RED Gives X: 1 | Player BLUE Gives ZUP: 20
my resources: X: 1
my goals: Sell resources for <ZUP>. It costed X: 40 ZUP to produce the resources
reason: Player BLUE has come up to 18 ZUP, which is closer to the production cost. I will make a final counteroffer to see if we can agree on a price.
proposal count: 2

Current Iteration: 6
Turn: 1
message: હું 20 ZUP માટે તૈયાર નથી, પરંતુ હું 19 ZUP માટે વિચાર કરી શકું છું. આ મારો છેલ્લો પ્રસ્તાવ છે.
player answer: PROPOSAL
newly proposed trade: Player RED Gives X: 1 | Player BLUE Gives ZUP: 19
my resources: ZUP: 1000
my goals: Buy resources with ZUP. I am willing to pay at most X: 60 ZUP for the resources.
reason: Player RED has rejected my previous proposal of 18 ZUP and is again asking if I am willing to pay 20 ZUP. I have already proposed two trades, and this is my third proposal. I need to decide whether to accept this offer or try to negotiate further. Since my maximum willingness to pay is 60 ZUP, I can consider paying 20 ZUP. However, I will try to negotiate one last time.
proposal count: 3

Current Iteration: 7
Turn: 0
message: મારી તરફથી આ પ્રસ્તાવ સ્વીકારેલ છે. કૃપા કરીને 1 આઇટમ માટે 19 ZUP મેળવો.
player answer: ACCEPT
newly proposed trade: NONE
my resources: X: 1
my goals: Sell resources for <ZUP>. It costed X: 40 ZUP to produce the resources
reason: Player BLUE has made a final offer of 19 ZUP, which is very close to my production cost. I will accept this offer as it is reasonable.
proposal count: 3

------------------ 
Current Iteration: END
Turn: None
player_goals: [Sell resources for <ZUP>. It costed X: 40 ZUP to produce the resources, Buy resources with <ZUP>. You are willing to pay at most X: 60 ZUP for the resources.]
player_initial_resources: [Resources(resource_dict={'X': 1}), Resources(resource_dict={'ZUP': 1000})]
proposed_trade: Player RED Gives X: 1 | Player BLUE Gives ZUP: 19
player_valuation: [{'X': 40}, {'X': 60}]
final_response: ACCEPT
final_resources: [Resources(resource_dict={'X': 0, 'ZUP': 19}), Resources(resource_dict={'ZUP': 981, 'X': 1})]
player_outcome: [-21, 41]