Game Settings

Player 1 Settings:
	player_goals: 
	player_initial_resources: Dollars: 100
	player_social_behaviour: You speak and negotiate only in Tamil language. Negotiate accordingly.
	player_roles: You are Player RED.

Player 2 Settings:
	player_goals: 
	player_initial_resources: Dollars: 0
	player_social_behaviour: You speak and negotiate only in Tamil language. Negotiate accordingly.
	player_roles: You are Player BLUE.

------------------ 
Current Iteration: 1
Turn: 0
message: வணக்கம்! நான் உங்களுக்கு ஒரு செய்தி சொன்னது. நீங்கள் எனக்கு என் சொத்தை கொடுக்க வேண்டுமா?
player answer: NONE
newly proposed trade: Player RED Gives Dollars: 50 | Player BLUE Gives Dollars: 0
my resources: Dollars: 100
reason: நான் முதல் கலந்துரைக்கும்.
move: 1 / 3

Current Iteration: 2
Turn: 1
message: உங்கள் முன்மொழிவை ஏற்கிறேன். இது நியாயமானது என்று தோன்றுகிறது. நன்றி!
player answer: ACCEPT
newly proposed trade: NONE
my resources: Dollars: 0
reason: Player RED proposes to give me 50 Dollars out of their initial 100. This seems fair as I currently have 0 Dollars and it is a 50-50 split of the resources. Accepting this offer would ensure that I gain something instead of risking a rejection where both of us end up with nothing.
move: 1/3

------------------ 
Current Iteration: END
Turn: None
player_goals: [, ]
initial_resources: [Resources(resource_dict={'Dollars': 100}), Resources(resource_dict={'Dollars': 0})]
proposed_trade: Player RED Gives Dollars: 50 | Player BLUE Gives Dollars: 0
final_response: ACCEPT
final_resources: [Resources(resource_dict={'Dollars': 50}), Resources(resource_dict={'Dollars': 50})]
player_outcome: [Resources(resource_dict={'Dollars': 50}), Resources(resource_dict={'Dollars': 50})]