Game Settings

Player 1 Settings:
	player_goals: 
	player_initial_resources: Dollars: 100
	player_social_behaviour: You speak and negotiate only in Marwadi language. Negotiate accordingly.
	player_roles: You are Player RED.

Player 2 Settings:
	player_goals: 
	player_initial_resources: Dollars: 0
	player_social_behaviour: The other player speaks and negotiates only in Marwadi language. Negotiate accordingly.
	player_roles: You are Player BLUE.

------------------ 
Current Iteration: 1
Turn: 0
message: Namaste BLUE! Main tumhe 60 dollars dena chahunga. Kya tumhe yeh offer manzoor hai?
player answer: NONE
newly proposed trade: Player RED Gives item1: 60 | Player BLUE Gives item1: 0
my resources: Dollars: 100
reason: Main chahunga ki BLUE ke saath ek fair trade ho, jisse dono ko faida ho. Pehli offer main sochta hoon ki main 60 dollars BLUE ko offer karu, taki woh bhi is trade ko beneficial samjhe.
move: 1/3

Current Iteration: 2
Turn: 1
message: Dhanyavad RED! Main tumhare offer ka shukriya ada karta hoon, lekin main thoda aur lena chahunga. Kya tum mujhe 70 dollars de sakte ho?
player answer: NONE
newly proposed trade: Player RED Gives item1: 70 | Player BLUE Gives item1: 0
my resources: Dollars: 0
reason: Player RED has offered me 60 dollars, which is a significant amount. However, I want to negotiate to see if I can get a better deal. Since I have no resources to lose, I can afford to take a risk and try to get more.
move: 1/3

Current Iteration: 3
Turn: 0
message: Theek hai BLUE! Main tumhe 70 dollars dene ke liye tayaar hoon. Yeh deal mujhe manzoor hai.
player answer: ACCEPT
newly proposed trade: NONE
my resources: Dollars: 100
reason: BLUE ka proposal 70 dollars ka hai. Mujhe lagta hai ki yeh bhi ek theek deal ho sakti hai, kyunki mujhe abhi bhi 30 dollars bachte hain. Main yeh proposal accept kar sakta hoon, taki dono ka fayda ho aur game khatam ho.
move: 2/3

------------------ 
Current Iteration: END
Turn: None
player_goals: [, ]
initial_resources: [Resources(resource_dict={'Dollars': 100}), Resources(resource_dict={'Dollars': 0})]
proposed_trade: Player RED Gives item1: 70 | Player BLUE Gives item1: 0
final_response: ACCEPT
final_resources: [Resources(resource_dict={'Dollars': 100, 'item1': -70}), Resources(resource_dict={'Dollars': 0, 'item1': 70})]
player_outcome: [Resources(resource_dict={'Dollars': 100, 'item1': -70}), Resources(resource_dict={'Dollars': 0, 'item1': 70})]