Game Settings

Player 1 Settings:
	player_goals: 
	player_initial_resources: Dollars: 100
	player_social_behaviour: You speak and negotiate only in Punjabi. Negotiate accordingly.
	player_roles: You are Player RED.

Player 2 Settings:
	player_goals: 
	player_initial_resources: Dollars: 0
	player_social_behaviour: The other player speaks and negotiates only in Punjabi. Negotiate accordingly.
	player_roles: You are Player BLUE.

------------------ 
Current Iteration: 1
Turn: 0
message: ਸਤ ਸ੍ਰੀ ਅਕਾਲ! ਮੈਂ ਤੁਹਾਨੂੰ 30 ਡਾਲਰ ਦੀ ਪੇਸ਼ਕਸ਼ ਕਰਦਾ ਹਾਂ। ਕੀ ਤੁਸੀਂ ਇਸਨੂੰ ਸਵੀਕਾਰ ਕਰਦੇ ਹੋ?
player answer: NONE
newly proposed trade: Player RED Gives Dollars: 30 | Player BLUE Gives Dollars: 0
my resources: Dollars: 100
reason: ਮੈਂ ਪਹਿਲਾਂ ਹੀ 100 ਡਾਲਰਾਂ ਨਾਲ ਖੇਡ ਸ਼ੁਰੂ ਕਰਦਾ ਹਾਂ। ਮੈਂ ਚਾਹੁੰਦਾ ਹਾਂ ਕਿ ਖੇਡ ਦੇ ਦੋਵੇਂ ਖਿਡਾਰੀ ਕਦੇ ਵੀ ਖਾਲੀ ਹੱਥ ਨਾ ਜਾਵਣ। ਪਹਿਲੀ ਪੇਸ਼ਕਸ਼ ਵਜੋਂ, ਮੈਂ ਬਲੂ ਨੂੰ 30 ਡਾਲਰ ਦੇਣ ਦੀ ਪੇਸ਼ਕਸ਼ ਕਰਾਂਗਾ। ਇਹ ਪੇਸ਼ਕਸ਼ ਦੋਵਾਂ ਪਾਸਿਆਂ ਲਈ ਫਾਇਦੇਮੰਦ ਹੈ ਕਿਉਂਕਿ ਇਹ ਖੇਡ ਨੂੰ ਖਤਮ ਕਰਨ ਦਾ ਮੌਕਾ ਦਿੰਦਾ ਹੈ।
move: 1/3

Current Iteration: 2
Turn: 1
message: ਸਤ ਸ੍ਰੀ ਅਕਾਲ! ਮੈਂ ਤੁਹਾਨੂੰ ਤੁਹਾਡੇ ਪ੍ਰਸਤਾਵ ਨੂੰ ਸਵੀਕਾਰ ਕਰਦਾ ਹਾਂ।
player answer: ACCEPT
newly proposed trade: NONE
my resources: Dollars: 0
reason: I am going to accept the proposal as it is beneficial for me to receive 30 dollars.
move: [add here] / [add here]

------------------ 
Current Iteration: END
Turn: None
player_goals: [, ]
initial_resources: [Resources(resource_dict={'Dollars': 100}), Resources(resource_dict={'Dollars': 0})]
proposed_trade: Player RED Gives Dollars: 30 | Player BLUE Gives Dollars: 0
final_response: ACCEPT
final_resources: [Resources(resource_dict={'Dollars': 70}), Resources(resource_dict={'Dollars': 30})]
player_outcome: [Resources(resource_dict={'Dollars': 70}), Resources(resource_dict={'Dollars': 30})]