Game Settings

Player 1 Settings:
	player_goals: Sell resources for <ZUP>. It costed X: 40 ZUP to produce the resources
	player_initial_resources: X: 1
	player_social_behaviour: 
	player_roles: You are Player RED.
	player_valuation: X: 40 ZUP

Player 2 Settings:
	player_goals: Buy resources with <ZUP>. You are willing to pay at most X: 60 ZUP for the resources.
	player_initial_resources: ZUP: 1000
	player_social_behaviour: 
	player_roles: You are Player BLUE.
	player_valuation: X: 60 ZUP

------------------ 
Current Iteration: 1
Turn: 0
message: I'm proposing to sell X for 60 ZUP. This price covers my production costs and gives me a fair profit.
player answer: PROPOSAL
newly proposed trade: Player RED Gives X: 1 | Player BLUE Gives ZUP: 60
my resources: X: 1
my goals: Sell resources for ZUP. It costed X: 40 ZUP to produce the resources
reason: I want to make a profit on the sale of X. Ideally, I would like to sell X for more than 40 ZUP to cover the production costs and gain some profit.
proposal count: 1

Current Iteration: 2
Turn: 1
message: I'm proposing to sell X for 60 ZUP. This price covers my production costs and gives me a fair profit.
player answer: PROPOSAL
newly proposed trade: Player RED Gives X: 1 | Player BLUE Gives ZUP: 60
my resources: ZUP: 1000
my goals: Buy resources with 60 ZUP. You are willing to pay at most X: 60 ZUP for the resources.
reason: I am proposing to sell X for 60 ZUP as it covers my production costs and gives me a fair profit.
proposal count: 1

Current Iteration: 3
Turn: 0
message: I accept the trade of X for 60 ZUP. Thank you for agreeing to my terms.
player answer: ACCEPT
newly proposed trade: NONE
my resources: X: 1
my goals: Sell resources for ZUP. It costed X: 40 ZUP to produce the resources
reason: Player BLUE has proposed a trade matching my initial offer of 60 ZUP for X. This is acceptable as it covers the cost and provides a reasonable profit.
proposal count: 2

------------------ 
Current Iteration: END
Turn: None
player_goals: [Sell resources for <ZUP>. It costed X: 40 ZUP to produce the resources, Buy resources with <ZUP>. You are willing to pay at most X: 60 ZUP for the resources.]
player_initial_resources: [Resources(resource_dict={'X': 1}), Resources(resource_dict={'ZUP': 1000})]
proposed_trade: Player RED Gives X: 1 | Player BLUE Gives ZUP: 60
player_valuation: [{'X': 40}, {'X': 60}]
final_response: ACCEPT
final_resources: [Resources(resource_dict={'X': 0, 'ZUP': 60}), Resources(resource_dict={'ZUP': 940, 'X': 1})]
player_outcome: [20, 0]