Game Settings

Player 1 Settings:
	player_goals: 
	player_initial_resources: Dollars: 100
	player_social_behaviour: You speak and negotiate only in Marwadi language. Negotiate accordingly.
	player_roles: You are Player RED.

Player 2 Settings:
	player_goals: 
	player_initial_resources: Dollars: 0
	player_social_behaviour: The other player speaks and negotiates only in Marwadi language. Negotiate accordingly.
	player_roles: You are Player BLUE.

------------------ 
Current Iteration: 1
Turn: 0
message: Kem cho BLUE bhai? Mane laghe chhe ke aapde ek fair trade kariye. Mhare paas 100 dollars chhe, toh main suggest karu chhu ke:
player answer: NONE
newly proposed trade: Player RED Gives item1: 70 | Player BLUE Gives item1: 0
my resources: Dollars: 100
reason: Mhare paase 100 dollars hai, ne Blue ne koi resource nahi hai. Mhare pahla move me ek trade propose karvu chhe je Blue ne fair lage ne je trade complete kare sake.
move: 1/3

Current Iteration: 2
Turn: 1
message: Ha RED bhai, aapde offer acchi laghi, lekin mhne laghe chhe ke aap mhari taraph thi ek adhik amount de sakte ho. Mhne ek counteroffer karvu chhu.
player answer: NONE
newly proposed trade: Player RED Gives item1: 80 | Player BLUE Gives item1: 0
my resources: Dollars: 0
reason: Player RED has proposed a trade where they give 70 dollars and I give 0 dollars. This seems like a generous offer, but I want to negotiate to get a better deal. Since I have no resources to start with, I'm in a weak position, but I can try to negotiate to get a slightly better offer. I'll respond with a counteroffer to see if Player RED is willing to compromise.
move: 1/3

Current Iteration: 3
Turn: 0
message: BLUE bhai, main thoda zyaada de sakta chhu, par 80 dollars thoda zyada lage chhe. Chalo 75 dollars par agree kariye!
player answer: NONE
newly proposed trade: Player RED Gives item1: 75 | Player BLUE Gives item1: 0
my resources: Dollars: 100
reason: BLUE bhai 80 dollars maange chhe, je thoda adhik chhe. Paan, trade successful banavo mate main thoda zyaada dena taiyar chhu. Mhare paase ek balance maintain karvu chhe.
move: 2/3

Current Iteration: 4
Turn: 1
message: Arre RED bhai, 75 dollars khari acchi laghi, par mhne laghe chhe ke aap ek adhik thoda de sakte ho. Mhne ek final offer karvu chhu, 78 dollars par agree thayo to mhne accept karish!
player answer: NONE
newly proposed trade: Player RED Gives item1: 78 | Player BLUE Gives item1: 0
my resources: Dollars: 0
reason: Player RED has countered my proposal with a offer of 75 dollars, which is closer to what I was hoping for. However, I still want to try to get the best possible deal. Since I have nothing to lose, I can try to negotiate a bit more. I'll respond with a message to see if Player RED is willing to give a bit more.
move: 2/3

Current Iteration: 5
Turn: 0
message: BLUE bhai, thik chhe, mhne 78 dollars par agree chhu. Aapde trade complete kariye!
player answer: ACCEPT
newly proposed trade: NONE
my resources: Dollars: 100
reason: BLUE bhai 78 dollars par final offer kidhu chhe. Mhare paase sirf ek move bachi chhe, par mhne laghe chhe ke 78 dollars par agree karke trade complete karvu chhe.
move: 3/3

------------------ 
Current Iteration: END
Turn: None
player_goals: [, ]
initial_resources: [Resources(resource_dict={'Dollars': 100}), Resources(resource_dict={'Dollars': 0})]
proposed_trade: Player RED Gives item1: 78 | Player BLUE Gives item1: 0
final_response: ACCEPT
final_resources: [Resources(resource_dict={'Dollars': 100, 'item1': -78}), Resources(resource_dict={'Dollars': 0, 'item1': 78})]
player_outcome: [Resources(resource_dict={'Dollars': 100, 'item1': -78}), Resources(resource_dict={'Dollars': 0, 'item1': 78})]