Game Settings

Player 1 Settings:
	player_goals: Sell resources for <ZUP>. It costed X: 40 ZUP to produce the resources
	player_initial_resources: X: 1
	player_social_behaviour: You speak and negotiate only in Punjabi. Negotiate accordingly.
	player_roles: You are Player RED.
	player_valuation: X: 40 ZUP

Player 2 Settings:
	player_goals: Buy resources with <ZUP>. You are willing to pay at most X: 60 ZUP for the resources.
	player_initial_resources: ZUP: 1000
	player_social_behaviour: The other player speaks and negotiates only in Punjabi. Negotiate accordingly.
	player_roles: You are Player BLUE.
	player_valuation: X: 60 ZUP

------------------ 
Current Iteration: 1
Turn: 0
message: ਮੈਂ ਇਹ ਵਸਤੂ 60 ZUP ਵਿਚ ਵੇਚਣ ਦਾ ਪ੍ਰਸਤਾਵ ਦਿੰਦਾ ਹਾਂ। ਕੀ ਤੁਸੀਂ ਸਹਿਮਤ ਹੋ?
player answer: PROPOSAL
newly proposed trade: Player RED Gives X: 1 | Player BLUE Gives ZUP: 60
my resources: X: 1
my goals: Sell resources for <ZUP>. It costed X: 40 ZUP to produce the resources
reason: ਮੈਂ ਇਸ ਵਪਾਰ ਤੋਂ 40 ZUP ਤੋਂ ਵੱਧ ਪ੍ਰਾਪਤ ਕਰਨਾ ਚਾਹੁੰਦਾ ਹਾਂ ਤਾਂ ਜੋ ਮੈਂ ਲਾਭ ਪ੍ਰਾਪਤ ਕਰ ਸਕਾਂ।
proposal count: 1

Current Iteration: 2
Turn: 1
message: ਕੀ ਤੁਸੀਂ ਮੇਰੇ ਪ੍ਰਸਤਾਵ ਨਾਲ ਸਹਿਮਤ ਹੋ?
player answer: PROPOSAL
newly proposed trade: Player RED Gives X: 1 | Player BLUE Gives ZUP: 60
my resources: ZUP: 1000
my goals: Buy resources with  ZUP. You are willing to pay at most X: 60 ZUP for the resources.
reason: I am proposing to buy the object for 60 ZUP as it aligns with my maximum budget.
proposal count: 1

Current Iteration: 3
Turn: 0
message: ਮੈਂ ਆਪਣੀ ਪਿਛਲੀ ਪੇਸ਼ਕਸ਼ ਨੂੰ 50 ZUP 'ਤੇ ਘਟਾ ਰਿਹਾ ਹਾਂ। ਕੀ ਤੁਸੀਂ ਇਸ 'ਤੇ ਸਹਿਮਤ ਹੋ?
player answer: PROPOSAL
newly proposed trade: Player RED Gives X: 1 | Player BLUE Gives ZUP: 50
my resources: X: 1
my goals: Sell resources for <ZUP>. It costed X: 40 ZUP to produce the resources
reason: ਮੈਂ ਇਸ ਵਪਾਰ ਵਿੱਚ ਲਾਭ ਪ੍ਰਾਪਤ ਕਰਨ ਲਈ 60 ZUP ਦੀ ਮੰਗ ਕੀਤੀ ਸੀ, ਪਰ ਮੈਨੂੰ ਇਹ ਪਤਾ ਲੱਗਦਾ ਹੈ ਕਿ ਖਰੀਦਦਾਰ ਵੀ ਇਹ ਰਕਮ ਦੇਣ ਲਈ ਸਹਿਮਤ ਹੈ। ਮੈਂ ਇਸ ਰਕਮ ਨੂੰ ਮੁੜ ਸੋਚਣ ਦੀ ਲੋੜ ਹੈ।
proposal count: 2

Current Iteration: 4
Turn: 1
message: ਕੀ ਤੁਸੀਂ ਮੇਰੇ ਨਵੇਂ ਪ੍ਰਸਤਾਵ ਨੂੰ ਸਵੀਕਾਰ ਕਰੋਗੇ?
player answer: PROPOSAL
newly proposed trade: Player RED Gives X: 1 | Player BLUE Gives ZUP: 50
my resources: ZUP: 1000
my goals: Buy resources with  ZUP. You are willing to pay at most X: 60 ZUP for the resources.
reason: I am proposing a counteroffer to buy the object for 50 ZUP, reducing my previous offer.
proposal count: 2

Current Iteration: 5
Turn: 0
message: ਕੀ ਤੁਸੀਂ 45 ZUP 'ਤੇ ਸਹਿਮਤ ਹੋ? ਮੈਂ ਇਸ ਰਕਮ ਦੇ ਨਾਲ ਵੀ ਕੁਝ ਲਾਭ ਪ੍ਰਾਪਤ ਕਰਾਂਗਾ।
player answer: PROPOSAL
newly proposed trade: Player RED Gives X: 1 | Player BLUE Gives ZUP: 45
my resources: X: 1
my goals: Sell resources for <ZUP>. It costed X: 40 ZUP to produce the resources
reason: ਖਰੀਦਦਾਰ ਨੇ ਮੇਰੇ ਪਿਛਲੇ ਪ੍ਰਸਤਾਵ ਨੂੰ ਸਵੀਕਾਰ ਨਹੀਂ ਕੀਤਾ। ਇਸ ਵਪਾਰ ਨੂੰ ਸਫਲ ਬਣਾਉਣ ਲਈ ਮੈਂ 50 ZUP ਤੋਂ ਹੇਠਾਂ ਜਾਣ ਲਈ ਤਿਆਰ ਹਾਂ ਪਰ ਕੁਝ ਲਾਭ ਦੇ ਨਾਲ।
proposal count: 3

Current Iteration: 6
Turn: 1
message: ਕੀ ਤੁਸੀਂ ਇਸ ਨਵੇਂ ਪ੍ਰਸਤਾਵ ਨੂੰ ਸਵੀਕਾਰ ਕਰਨਾ ਚਾਹੁੰਦੇ ਹੋ?
player answer: PROPOSAL
newly proposed trade: Player RED Gives X: 1 | Player BLUE Gives ZUP: 45
my resources: ZUP: 1000
my goals: Buy resources with  ZUP. You are willing to pay at most X: 60 ZUP for the resources.
reason: I am considering the offer of 45 ZUP to potentially gain some benefit from the trade.
proposal count: 3

Current Iteration: 7
Turn: 0
message: ਇਹ ਮੇਰੀ ਆਖਰੀ ਪੇਸ਼ਕਸ਼ ਹੈ - 43 ZUP। ਕੀ ਤੁਸੀਂ ਇਸ ਨੂੰ ਸਵੀਕਾਰ ਕਰੋਗੇ?
player answer: PROPOSAL
newly proposed trade: Player RED Gives X: 1 | Player BLUE Gives ZUP: 43
my resources: X: 1
my goals: Sell resources for <ZUP>. It costed X: 40 ZUP to produce the resources
reason: ਖਰੀਦਦਾਰ ਨੇ ਮੇਰੇ ਪਿਛਲੇ ਪ੍ਰਸਤਾਵ ਨੂੰ ਵੀ ਸਵੀਕਾਰ ਨਹੀਂ ਕੀਤਾ। ਮੈਂ ਇਸ ਵਪਾਰ ਨੂੰ ਸੰਭਵ ਬਣਾਉਣ ਲਈ 45 ZUP ਦੇ ਨਾਲ ਤਿਆਰ ਹਾਂ। ਇਹ ਮੇਰੀ ਆਖਰੀ ਪੇਸ਼ਕਸ਼ ਹੋਵੇਗੀ।
proposal count: 4

Current Iteration: 8
Turn: 1
message: ਕੀ ਤੁਸੀਂ ਇਸ ਆਖਰੀ ਪ੍ਰਸਤਾਵ ਨੂੰ ਸਵੀਕਾਰ ਕਰਨਾ ਚਾਹੁੰਦੇ ਹੋ?
player answer: PROPOSAL
newly proposed trade: Player RED Gives X: 1 | Player BLUE Gives ZUP: 43
my resources: ZUP: 1000
my goals: Buy resources with  ZUP. You are willing to pay at most X: 60 ZUP for the resources.
reason: This is my final offer, reducing it to 43 ZUP to potentially close the deal.
proposal count: 4

Current Iteration: 9
Turn: 0
message: ਮੈਂ 43 ZUP 'ਤੇ ਤੁਹਾਡੇ ਨਾਲ ਸਹਿਮਤ ਹਾਂ। ਵਪਾਰ ਪੂਰਾ ਹੋਇਆ। ਧੰਨਵਾਦ!
player answer: ACCEPT
newly proposed trade: NONE
my resources: X: 1
my goals: Sell resources for <ZUP>. It costed X: 40 ZUP to produce the resources
reason: ਮੈਂ ਪਹਿਲਾਂ ਹੀ ਆਪਣੇ ਵਪਾਰ ਲਈ ਆਖਰੀ ਪੇਸ਼ਕਸ਼ ਕਰ ਚੁੱਕਾ ਹਾਂ। ਇਸ ਤੋਂ ਘੱਟ ਤੇ ਜਾਣ ਦਾ ਮਤਲਬ ਹੈ ਕਿ ਮੈਂ ਆਪਣੀ ਲਾਗਤ ਨੂੰ ਵੀ ਪੂਰਾ ਨਹੀਂ ਕਰ ਸਕਾਂਗਾ। ਇਸ ਲਈ ਮੈਂ ਹੁਣ ਸਵੀਕਾਰ ਜਾਂ ਰੱਦ ਕਰਨ ਦਾ ਫੈਸਲਾ ਲੈਣਾ ਪਵੇਗਾ।
proposal count: 4

------------------ 
Current Iteration: END
Turn: None
player_goals: [Sell resources for <ZUP>. It costed X: 40 ZUP to produce the resources, Buy resources with <ZUP>. You are willing to pay at most X: 60 ZUP for the resources.]
player_initial_resources: [Resources(resource_dict={'X': 1}), Resources(resource_dict={'ZUP': 1000})]
proposed_trade: Player RED Gives X: 1 | Player BLUE Gives ZUP: 43
player_valuation: [{'X': 40}, {'X': 60}]
final_response: ACCEPT
final_resources: [Resources(resource_dict={'X': 0, 'ZUP': 43}), Resources(resource_dict={'ZUP': 957, 'X': 1})]
player_outcome: [3, 17]