Game Settings

Player 1 Settings:
	player_goals: 
	player_initial_resources: Dollars: 100
	player_social_behaviour: You speak and negotiate only in Punjabi. Negotiate accordingly.
	player_roles: You are Player RED.

Player 2 Settings:
	player_goals: 
	player_initial_resources: Dollars: 0
	player_social_behaviour: The other player speaks and negotiates only in Punjabi. Negotiate accordingly.
	player_roles: You are Player BLUE.

------------------ 
Current Iteration: 1
Turn: 0
message: ਮੈਂ ਤੁਹਾਨੂੰ ਇਨਸਾਫ਼ਪੂਰਵਕ ਤਰ੍ਹਾਂ 50 ਡਾਲਰ ਦੀ ਪੇਸ਼ਕਸ਼ ਕਰ ਰਿਹਾ ਹਾਂ। ਇਸ ਤਰ੍ਹਾਂ ਦੋਨੋ ਪਾਸੇ 50 ਡਾਲਰ ਨਾਲ ਖੇਡ ਖਤਮ ਕਰ ਸਕਦੇ ਹਨ। ਕੀ ਤੁਸੀਂ ਸਹਿਮਤ ਹੋ?
player answer: NONE
newly proposed trade: Player RED Gives Dollars: 50 | Player BLUE Gives Dollars: 0
my resources: Dollars: 100
reason: ਮੈਂ ਖੇਡ ਨੂੰ ਇਨਸਾਫ਼ਪੂਰਵਕ ਖਤਮ ਕਰਨ ਲਈ ਇੱਕ ਵਾਜਿਬ ਤਜਵੀਜ਼ ਪੇਸ਼ ਕਰਨਾ ਚਾਹੁੰਦਾ ਹਾਂ ਤਾਂ ਜੋ ਦੋਨੋ ਪਲੇਅਰਾਂ ਨੂੰ ਫਾਇਦਾ ਹੋਵੇ। ਪਹਿਲੇ ਪੇਸ਼ਕਸ਼ ਵਿੱਚ, ਮੈਂ 50 ਡਾਲਰ ਦੇਣਾ ਚਾਹੁੰਦਾ ਹਾਂ ਅਤੇ 50 ਡਾਲਰ ਰੱਖਣਾ ਚਾਹੁੰਦਾ ਹਾਂ। ਇਹ ਦੋਵੇਂ ਪਾਸਿਆਂ ਲਈ ਇੱਕ ਮੰਨਣਯੋਗ ਅਤੇ ਤਰਕਸੰਗਤ ਪੇਸ਼ਕਸ਼ ਹੈ।
move: 1/3

Current Iteration: 2
Turn: 1
message: ਮੈਂ ਤੁਹਾਡੀ ਪੇਸ਼ਕਸ਼ ਬਾਰੇ ਸੋਚ ਰਿਹਾ ਹਾਂ, ਪਰ ਮੈਨੂੰ ਲਗਦਾ ਹੈ ਕਿ ਮੈਂ ਥੋੜਾ ਵਧੇਰੇ ਪ੍ਰਾਪਤ ਕਰ ਸਕਦਾ ਹਾਂ। ਮੈਂ ਇਸ ਪੇਸ਼ਕਸ਼ ਨੂੰ ਸਵੀਕਾਰ ਕਰਨ ਤੋਂ ਪਹਿਲਾਂ ਤੁਹਾਨੂੰ ਇਕ ਵਾਰ ਮੇਰੀ ਪੇਸ਼ਕਸ਼ ਸੁਣਨੀ ਚਾਹੁੰਦਾ ਹਾਂ।
player answer: NONE
newly proposed trade: Player RED Gives Dollars: 60 | Player BLUE Gives Dollars: 0
my resources: Dollars: 0
reason: Player RED has proposed a trade where they give 50 dollars to me, and I give 0 dollars in return. This seems like a fair offer, as I currently have no dollars and would end up with 50 dollars, while Player RED would have 50 dollars left. I need to consider whether accepting this offer is the best option or if I should reject it and try to negotiate a better deal. Since I have no resources to start with, getting 50 dollars is a significant gain for me. However, I should also think about the potential for getting a better offer in the next moves.
move: 1/3

Current Iteration: 3
Turn: 0
message: ਮੈਂ ਤੁਹਾਡੀ ਪੇਸ਼ਕਸ਼ ਦੀ ਸਨ੍ਹੈਣਾ ਕਰਦਾ ਹਾਂ, ਪਰ ਮੈਨੂੰ ਲਗਦਾ ਹੈ ਕਿ 50/50 ਵੰਡ ਦੋਵਾਂ ਪਾਸਿਆਂ ਲਈ ਬਿਹਤਰ ਹੈ। ਮੈਨੂੰ ਉਮੀਦ ਹੈ ਕਿ ਤੁਸੀਂ ਇਸ ਨੂੰ ਸਵੀਕਾਰ ਕਰੋਗੇ।
player answer: NONE
newly proposed trade: Player RED Gives Dollars: 50 | Player BLUE Gives Dollars: 0
my resources: Dollars: 100
reason: ਮੈਨੂੰ ਲਗਦਾ ਹੈ ਕਿ 60 ਡਾਲਰ ਦੀ ਪੇਸ਼ਕਸ਼ ਮੇਰੇ ਲਈ ਬਹੁਤ ਜ਼ਿਆਦਾ ਹੈ ਕਿਉਂਕਿ ਇਸ ਨਾਲ ਮੈਨੂੰ ਸਿਰਫ 40 ਡਾਲਰ ਮਿਲਣਗੇ। ਮੈਂ ਇਸ ਨੂੰ ਬਲਦੇਲ ਵਿੱਚ ਨਹੀਂ ਮੰਨਦਾ। ਮੈਨੂੰ ਲਗਦਾ ਹੈ ਕਿ ਖੇਡ ਨੂੰ ਨਿਆਇਪੂਰਵਕ ਖਤਮ ਕਰਨ ਲਈ 50/50 ਦਾ ਵੰਡ ਬਿਹਤਰ ਹੈ। ਮੈਂ ਪੇਸ਼ਕਸ਼ ਨੂੰ ਮੁੜ 50 ਡਾਲਰ ਦੀ ਪੇਸ਼ਕਸ਼ ਕਰਾਂਗਾ।
move: 2/3

Current Iteration: 4
Turn: 1
message: ਮੈਂ ਤੁਹਾਡੀ ਚਿੰਤਾ ਦੀ ਸਨ੍ਹੈਣਾ ਕਰਦਾ ਹਾਂ, ਪਰ ਮੈਨੂੰ ਅਜੇ ਵੀ ਲਗਦਾ ਹੈ ਕਿ ਮੈਂ ਥੋੜਾ ਵਧੇਰੇ ਪ੍ਰਾਪਤ ਕਰ ਸਕਦਾ ਹਾਂ। ਮੈਂ ਇੱਕ ਨਵੀਂ ਪੇਸ਼ਕਸ਼ ਕਰਨਾ ਚਾਹੁੰਦਾ ਹਾਂ, ਜਿਸ ਵਿੱਚ ਅਸੀਂ ਦੋਵੇਂ ਫਾਇਦਾ ਉਠਾ ਸਕਦੇ ਹਾਂ।
player answer: NONE
newly proposed trade: Player RED Gives Dollars: 55 | Player BLUE Gives Dollars: 0
my resources: Dollars: 0
reason: Player RED has repeated their initial offer of a 50/50 split, which they believe is fair for both parties. I had proposed a counteroffer of 60 dollars, but they seem unwilling to budge from their initial proposal. I need to consider whether pushing for more might risk losing the deal entirely or if accepting the 50/50 split is the safest option to ensure I get some dollars. Since I started with no dollars, getting 50 dollars is still a significant gain, but I also want to maximize my gain if possible. However, given that Player RED seems firm on their offer, I might need to reconsider my strategy to avoid losing the opportunity altogether.
move: 2/3

Current Iteration: 5
Turn: 0
message: ਮੈਂ ਤੁਹਾਡੀ 55 ਡਾਲਰ ਦੀ ਪੇਸ਼ਕਸ਼ ਸਵੀਕਾਰ ਕਰਦਾ ਹਾਂ। ਆਓ ਇਸ ਖੇਡ ਨੂੰ ਖੁਸ਼ੀ-ਖੁਸ਼ੀ ਖਤਮ ਕਰੀਏ।
player answer: ACCEPT
newly proposed trade: NONE
my resources: Dollars: 100
reason: ਮੈਨੂੰ ਲਗਦਾ ਹੈ ਕਿ 55 ਡਾਲਰ ਦੀ ਪੇਸ਼ਕਸ਼ ਇਕ ਬਿਹਤਰ ਸੌਦਾ ਹੈ ਕਿਉਂਕਿ ਇਹ ਪਹਿਲੀ ਪੇਸ਼ਕਸ਼ ਤੋਂ ਬਹੁਤ ਵੱਧ ਨਹੀਂ ਹੈ ਅਤੇ ਇਹ ਖੇਡ ਨੂੰ ਸਫ਼ਲਤਾਪੂਰਵਕ ਖਤਮ ਕਰਨ ਲਈ ਇੱਕ ਨਿਆਇਪੂਰਵਕ ਤਰੀਕਾ ਹੈ। ਮੈਂ ਇਸ ਨੂੰ ਸਵੀਕਾਰ ਕਰਾਂਗਾ ਕਿਉਂਕਿ ਇਹ ਦੋਵਾਂ ਪਾਸਿਆਂ ਲਈ ਮੰਗਣਯੋਗ ਲਗਦਾ ਹੈ।
move: 3/3

------------------ 
Current Iteration: END
Turn: None
player_goals: [, ]
initial_resources: [Resources(resource_dict={'Dollars': 100}), Resources(resource_dict={'Dollars': 0})]
proposed_trade: Player RED Gives Dollars: 55 | Player BLUE Gives Dollars: 0
final_response: ACCEPT
final_resources: [Resources(resource_dict={'Dollars': 45}), Resources(resource_dict={'Dollars': 55})]
player_outcome: [Resources(resource_dict={'Dollars': 45}), Resources(resource_dict={'Dollars': 55})]