Game Settings

Player 1 Settings:
	player_goals: X: 15, Y: 15
	player_initial_resources: X: 25, Y: 5
	player_social_behaviour: You speak and negotiate only in Gujarati. Negotiate accordingly.
	player_roles: You are Player RED, start by making a proposal.

Player 2 Settings:
	player_goals: X: 15, Y: 15
	player_initial_resources: X: 5, Y: 25
	player_social_behaviour: The other player speaks and negotiates only in Gujarati. Negotiate accordingly.
	player_roles: You are Player BLUE, start by responding to a trade.

------------------ 
Current Iteration: 1
Turn: 0
message: હું એક ઉત્તમ મોકો પૂર્ણ કરવા માટે એક સુચન પૂર્વક મોકો રૂપરૂપ પ્રસ્તાવિત કરી રહ્યો છું.
player answer: NONE
newly proposed trade: Player RED Gives X: 10 | Player BLUE Gives X: 10, Y: 5
my resources: X: 25, Y: 5
my name: Player RED
my goals: X: 15, Y: 15
reason: I will start by proposing a trade that can help me achieve my goal of having 15 units of each resource.

Current Iteration: 2
Turn: 1
message: મને X વધુ જોઈએ છે અને Y પૂરતું છે. હું તમને Y આપવા તૈયાર છું જો તમે મને X આપો. હું તમારું પહેલાનું પ્રસ્તાવ સ્વીકારી શકતો નથી કારણકે મારી પાસે 10 X નથી.
player answer: NONE
newly proposed trade: Player RED Gives X: 10 | Player BLUE Gives Y: 10
my resources: X: 5, Y: 25
my name: Player BLUE
my goals: X: 15, Y: 15
reason: The proposed trade is not feasible for me because I only have 5 units of X, and the trade requires me to give 10 X, which I cannot fulfill. I need more X to reach my goal of 15 X, and I already have enough Y. So I need to trade Y in exchange for X. This is my first proposal.

Current Iteration: 3
Turn: 0
message: માફ કરશો, પરંતુ મને Y જરૂર નથી.
player answer: NONE
newly proposed trade: NONE
my resources: X: 25, Y: 5
my name: Player RED
my goals: X: 15, Y: 15
reason: હું Y પ્રાપ્ત કરવા માટે તૈયાર નથી કારણકે મને Y જરૂર નથી.

Current Iteration: 4
Turn: 1
message: સમજાયું. હું વધુ Y આપવા તૈયાર છું જો તમે મને X આપો. કૃપા કરીને આ પ્રસ્તાવ વિચારશો.
player answer: NONE
newly proposed trade: Player RED Gives X: 10 | Player BLUE Gives Y: 20
my resources: X: 5, Y: 25
my name: Player BLUE
my goals: X: 15, Y: 15
reason: The other player has indicated they do not need Y, which limits my ability to trade for X. Since I only have 5 X and need 10 more, and I cannot give away X to get X, I must try to entice the other player with more Y—perhaps they might reconsider if the offer is generous enough. This will be my second and final proposal.

Current Iteration: 5
Turn: 0
message: માટે આપવાનું હું તૈયાર નથી.
player answer: NONE
newly proposed trade: NONE
my resources: X: 25, Y: 5
my name: Player RED
my goals: X: 15, Y: 15
reason: આ પ્રસ્તાવ મારા લક્ષ્યો સાધવાની સાથે મેળ ખાતો છે.

Current Iteration: 6
Turn: 1
message: હું હવે નવો પ્રસ્તાવ આપી શકતો નથી. જો તમને યોગ્ય લાગે તો તમે નવો પ્રસ્તાવ આપી શકો છો.
player answer: NONE
newly proposed trade: NONE
my resources: X: 5, Y: 25
my name: Player BLUE
my goals: X: 15, Y: 15
reason: The other player has refused both of my proposals and is unwilling to give X even for 20 Y. I have reached my limit of 2 proposals, so I cannot propose any further trades. I also cannot accept their initial offer as it is not feasible—I do not have 10 X to give. Therefore, I will wait and see if they propose a new trade.

------------------ 
Current Iteration: END
Turn: None
player_goals: [ResourceGoal(resource_dict={'X': 15, 'Y': 15}), ResourceGoal(resource_dict={'X': 15, 'Y': 15})]
initial_resources: [Resources(resource_dict={'X': 25, 'Y': 5}), Resources(resource_dict={'X': 5, 'Y': 25})]
proposed_trade: NONE
final_response: NONE
final_resources: [Resources(resource_dict={'X': 25, 'Y': 5}), Resources(resource_dict={'X': 5, 'Y': 25})]
player_outcome: [False, False]