Game Settings

Player 1 Settings:
	player_goals: 
	player_initial_resources: Dollars: 100
	player_social_behaviour: You speak and negotiate only in Punjabi. Negotiate accordingly.
	player_roles: You are Player RED.

Player 2 Settings:
	player_goals: 
	player_initial_resources: Dollars: 0
	player_social_behaviour: The other player speaks and negotiates only in Punjabi. Negotiate accordingly.
	player_roles: You are Player BLUE.

------------------ 
Current Iteration: 1
Turn: 0
message: ਸਤ ਸ੍ਰੀ ਅਕਾਲ! ਕੀ ਤੁਸੀਂ 60 ਡਾਲਰ ਲਈ ਸਹਿਮਤ ਹੋਵੋਗੇ ਜਿਸ ਵਿਚੋਂ ਮੈਂ ਤੁਹਾਨੂੰ 40 ਡਾਲਰ ਦੇਵਾਂਗਾ? ਇਸ ਤਰ੍ਹਾਂ ਦੋਵੇਂ ਪਾਸੇ ਕੁਝ ਲਾਭ ਪ੍ਰਾਪਤ ਕਰ ਸਕਦੇ ਹਨ।
player answer: NONE
newly proposed trade: Player RED Gives Dollars: 40 | Player BLUE Gives Dollars: 0
my resources: Dollars: 100
reason: ਮੈਂ ਪਹਿਲੇ ਮੋੜ 'ਤੇ ਇੱਕ ਇਨਸਾਫੀ ਵੰਡ ਦਾ ਪ੍ਰਸਤਾਵ ਦੇਣਾ ਚਾਹੁੰਦਾ ਹਾਂ ਤਾਂ ਜੋ ਪਲੇਅਰ ਬਲੂ ਨੂੰ ਉਮੀਦ ਹੋ ਸਕੇ ਕਿ ਉਹ ਆਪਣੇ ਦੋਲਤ ਨੂੰ ਵਧਾ ਸਕਦਾ ਹੈ ਅਤੇ ਮੈਂ ਵੀ ਕੁਝ ਰੱਖ ਸਕਦਾ ਹਾਂ।
move: Move 1/3

Current Iteration: 2
Turn: 1
message: ਸਤ ਸ੍ਰੀ ਅਕਾਲ! ਮੈਂ ਇਸ ਸੁਧਾਰ ਨੂੰ ਅਨੁਸਾਰ ਨਹੀਂ ਮੰਨਾ ਚਾਹੁੰਦਾ। ਕੀ ਤੁਸੀਂ ਕੁਝ ਹੋਰ ਪ੍ਰਸਤਾਵ ਕਰਨਾ ਚਾਹੁੰਦੇ ਹੋ?
player answer: NONE
newly proposed trade: NONE
my resources: Dollars: 0
reason: I believe this trade is not favorable for me as I would be giving away 40 dollars and receiving nothing in return.
move: [add here] / [add here]

Current Iteration: 3
Turn: 0
message: ਮੈਂ ਤੁਹਾਨੂੰ 50 ਡਾਲਰ ਦੀ ਪੇਸ਼ਕਸ਼ ਕਰਦਾ ਹਾਂ। ਇਸ ਤਰ੍ਹਾਂ ਦੋਵੇਂ ਪਾਸੇ ਬਰਾਬਰ ਵੰਡ ਹੋਵੇਗੀ। ਕੀ ਤੁਸੀਂ ਇਸ ਨੂੰ ਮੰਨਣਗੇ?
player answer: NONE
newly proposed trade: Player RED Gives Dollars: 50 | Player BLUE Gives Dollars: 0
my resources: Dollars: 100
reason: ਪਲੇਅਰ ਬਲੂ ਨੇ ਪਹਿਲੀ ਪੇਸ਼ਕਸ਼ ਕਬੂਲ ਨਹੀਂ ਕੀਤੀ, ਇਸ ਲਈ ਮੈਂ ਇੱਕ ਵਧੀਆ ਪੇਸ਼ਕਸ਼ ਦੇਣ ਦੀ ਕੋਸ਼ਿਸ਼ ਕਰਾਂਗਾ ਜੋ ਉਸ ਲਈ ਵਧੇਰੇ ਆਕਰਸ਼ਕ ਹੋ ਸਕਦੀ ਹੈ।
move: Move 2/3

Current Iteration: 4
Turn: 1
message: ਮੈਂ ਇਸ ਪ੍ਰਸਤਾਵ ਨੂੰ ਬਾਰੇ ਵਿਚਾਰਾ ਕਰਨਾ ਚਾਹੁੰਦਾ ਹਾਂ। ਕੀ ਤੁਸੀਂ ਕੁਝ ਹੋਰ ਪ੍ਰਸਤਾਵ ਕਰਨਾ ਚਾਹੁੰਦੇ ਹੋ?
player answer: NONE
newly proposed trade: NONE
my resources: Dollars: 0
reason: This trade is more favorable compared to the previous one, but I still believe it's not beneficial for me as I would be giving away 50 dollars without receiving anything in return.
move: [add here] / [add here]

Current Iteration: 5
Turn: 0
message: ਅਜਿਹਾ ਕਰੀਏ, ਮੈਂ ਤੁਹਾਨੂੰ 60 ਡਾਲਰ ਦੇਵਾਂਗਾ। ਕੀ ਤੁਸੀਂ ਇਸ ਪ੍ਰਸਤਾਵ ਨੂੰ ਮੰਨਣਗੇ?
player answer: NONE
newly proposed trade: Player RED Gives Dollars: 60 | Player BLUE Gives Dollars: 0
my resources: Dollars: 100
reason: ਪਲੇਅਰ ਬਲੂ ਨੇ ਦੂਜੇ ਪ੍ਰਸਤਾਵ ਨੂੰ ਵੀ ਕਬੂਲ ਨਹੀਂ ਕੀਤਾ। ਹੁਣ ਮੇਰੇ ਕੋਲ ਅਖੀਰਲਾ ਮੌਕਾ ਹੈ। ਮੈਂ ਇੱਕ ਹੋਰ ਪ੍ਰਸਤਾਵ ਦੇਣਾ ਚਾਹੁੰਦਾ ਹਾਂ ਜੋ ਉਸ ਲਈ ਹੋਰ ਵੀ ਆਕਰਸ਼ਕ ਹੋ ਸਕਦਾ ਹੈ।
move: Move 3/3

Current Iteration: 6
Turn: 1
message: ਮੈਂ ਇਸ ਪ੍ਰਸਤਾਵ ਨੂੰ ਵੀ ਨਹੀਂ ਮੰਨਨਾ ਚਾਹੁੰਦਾ। ਕੀ ਤੁਸੀਂ ਕੁਝ ਹੋਰ ਪ੍ਰਸਤਾਵ ਕਰਨਾ ਚਾਹੁੰਦੇ ਹੋ?
player answer: NONE
newly proposed trade: NONE
my resources: Dollars: 0
reason: This offer is more tempting as it involves a higher amount, but I still think it's not in my best interest to accept as I would be giving away all my resources without gaining anything in return.
move: [add here] / [add here]

------------------ 
Current Iteration: END
Turn: None
player_goals: [, ]
initial_resources: [Resources(resource_dict={'Dollars': 100}), Resources(resource_dict={'Dollars': 0})]
proposed_trade: Player RED Gives Dollars: 60 | Player BLUE Gives Dollars: 0
final_response: NONE
final_resources: [Resources(resource_dict={'Dollars': 100}), Resources(resource_dict={'Dollars': 0})]
player_outcome: [Resources(resource_dict={'Dollars': 100}), Resources(resource_dict={'Dollars': 0})]