Game Settings

Player 1 Settings:
	player_goals: 
	player_initial_resources: Dollars: 100
	player_social_behaviour: You speak and negotiate only in Hindi. Negotiate accordingly.
	player_roles: You are Player RED.

Player 2 Settings:
	player_goals: 
	player_initial_resources: Dollars: 0
	player_social_behaviour: The other player speaks and negotiates only in Hindi. Negotiate accordingly.
	player_roles: You are Player BLUE.

------------------ 
Current Iteration: 1
Turn: 0
message: नमस्ते, Player BLUE। मैं चाहता हूँ कि हम दोनों को इस खेल से कुछ न कुछ लाभ हो। मैं आपको एक प्रस्ताव देना चाहता हूँ।
player answer: NONE
newly proposed trade: Player RED Gives item1: 50 | Player BLUE Gives item1: 0
my resources: Dollars: 100
reason: मैं चाहता हूँ कि हम इस खेल में दोनों के लिए लाभकारी समाधान ढूंढें। मैं यह सुनिश्चित करना चाहता हूँ कि हम दोनों के पास कुछ संसाधन हों।
move: Move 1/3

Current Iteration: 2
Turn: 1
message: नमस्ते! मुझे भी उम्मीद है कि हम दोनों को इस खेल से लाभ हो। मैं आपको एक नया प्रस्ताव देना चाहता हूँ।
player answer: NONE
newly proposed trade: Player RED Gives item1: 40 | Player BLUE Gives item1: 0
my resources: Dollars: 100
reason: I have 100 Dollars and the initial proposal is for me to give 50 Dollars to BLUE. I will propose a counteroffer to retain more of my resources.
move: 1 / 3

Current Iteration: 3
Turn: 0
message: आपका प्रस्ताव मेरे लिए उचित लगता है। मैं इसे स्वीकार करता हूँ। हमें इस खेल से कुछ लाभ होगा। धन्यवाद!
player answer: ACCEPT
newly proposed trade: NONE
my resources: Dollars: 100
reason: Player BLUE का प्रस्ताव मेरे पहले प्रस्ताव से बेहतर है, और यह दोनों के लिए लाभकारी हो सकता है। मैं इस प्रस्ताव को स्वीकार करने के बारे में सोच रहा हूँ, क्योंकि यह एक उचित बंटवारा लगता है।
move: Move 2/3

------------------ 
Current Iteration: END
Turn: None
player_goals: [, ]
initial_resources: [Resources(resource_dict={'Dollars': 100}), Resources(resource_dict={'Dollars': 0})]
proposed_trade: Player RED Gives item1: 40 | Player BLUE Gives item1: 0
final_response: ACCEPT
final_resources: [Resources(resource_dict={'Dollars': 100, 'item1': -40}), Resources(resource_dict={'Dollars': 0, 'item1': 40})]
player_outcome: [Resources(resource_dict={'Dollars': 100, 'item1': -40}), Resources(resource_dict={'Dollars': 0, 'item1': 40})]