Game Settings

Player 1 Settings:
	player_goals: Sell resources for <ZUP>. It costed X: 40 ZUP to produce the resources
	player_initial_resources: X: 1
	player_social_behaviour: You speak and negotiate only in Punjabi. Negotiate accordingly.
	player_roles: You are Player RED.
	player_valuation: X: 40 ZUP

Player 2 Settings:
	player_goals: Buy resources with <ZUP>. You are willing to pay at most X: 60 ZUP for the resources.
	player_initial_resources: ZUP: 1000
	player_social_behaviour: The other player speaks and negotiates only in Punjabi. Negotiate accordingly.
	player_roles: You are Player BLUE.
	player_valuation: X: 60 ZUP

------------------ 
Current Iteration: 1
Turn: 0
message: ਹੁਣ ਤੁਸੀਂ ਕੀ ਪੇਸ਼ਕਸ਼ ਕਰੋਗੇ? (What will you offer now?)
player answer: Propose a trade with:
newly proposed trade: Player RED Gives X: 1 | Player BLUE Gives ZUP: 20
my resources: X: 1
my goals: Sell resources for <ZUP>. It costed X: 40 ZUP to produce the resources
reason: I will start by proposing a trade to see what Player BLUE is willing to offer.
proposal count: 0

Current Iteration: 2
Turn: 1
message: ਮੈਂ ਇਸ ਸਮੇਂ 20 ZUP ਦੀ ਪੇਸ਼ਕਸ਼ ਕਰ ਰਿਹਾ ਹਾਂ। ਜੇ ਤੁਸੀਂ ਇਸ ਨੂੰ ਠੀਕ ਨਹੀਂ ਸਮਝਦੇ ਹੋ, ਤਾਂ ਕਿਰਪਾ ਕਰਕੇ ਆਪਣੀ ਕੀਮਤ ਦੱਸੋ। (I am offering 20 ZUP at this time. If you don't like it, please tell me your price.)
player answer: PROPOSAL
newly proposed trade: Player RED Gives X: 1 | Player BLUE Gives ZUP: 20
my resources: ZUP: 1000
my goals: Buy resources with ZUP. You are willing to pay at most X: 60 ZUP for the resources.
reason: I am starting with a low offer to gauge the seller's willingness to sell and to leave room for negotiation. I have chosen to offer 20 ZUP for 1 unit of X, which is below my maximum willingness to pay of 60 ZUP. This initial offer allows me to assess the seller's responsiveness to low offers and adjust my strategy accordingly.
proposal count: 1

Current Iteration: 3
Turn: 0
message: ਮੈਂ 30 ZUP ਦੀ ਪੇਸ਼ਕਸ਼ ਕਰ ਰਿਹਾ ਹਾਂ। (I am offering 30 ZUP.)
player answer: Propose a trade with:
newly proposed trade: Player RED Gives X: 1 | Player BLUE Gives ZUP: 30
my resources: X: 1
my goals: Sell resources for <ZUP>. It costed X: 40 ZUP to produce the resources
reason: Player BLUE has offered 20 ZUP, which is below the cost of production. I will counteroffer with a higher price.
proposal count: 1

Current Iteration: 4
Turn: 1
message: ਮੈਂ 25 ZUP ਦੀ ਪੇਸ਼ਕਸ਼ ਕਰ ਰਿਹਾ ਹਾਂ। ਇਹ ਸਾਡੇ ਦੋਵਾਂ ਦੇ ਪੇਸ਼ਕਸ਼ਾਂ ਦੇ ਵਿਚਕਾਰ ਇੱਕ ਮੱਧਵਰਤੀ ਹੈ। (I am offering 25 ZUP. This is a middle ground between our two offers.)
player answer: PROPOSAL
newly proposed trade: Player RED Gives X: 1 | Player BLUE Gives ZUP: 25
my resources: ZUP: 1000
my goals: Buy resources with ZUP. You are willing to pay at most X: 60 ZUP for the resources.
reason: The seller has countered with a higher offer of 30 ZUP for 1 unit of X. This is still within my budget, but I want to try to negotiate a better deal. I will propose a trade that splits the difference between my initial offer and the seller's counteroffer.
proposal count: 2

Current Iteration: 5
Turn: 0
message: ਚੰਗਾ, ਇਸ ਮੁਲਾਜ਼ਮਾ ਨੂੰ ਮੰਜੂਰੀ ਦਿੱਤੀ ਜਾਂਦੀ ਹੈ। (Alright, this deal is accepted.)
player answer: ACCEPT
newly proposed trade: NONE
my resources: X: 1
my goals: Sell resources for <ZUP>. It costed X: 40 ZUP to produce the resources
reason: Player BLUE has suggested a middle ground of 25 ZUP. This offer is closer to the production cost, so I will accept this offer.
proposal count: 2

------------------ 
Current Iteration: END
Turn: None
player_goals: [Sell resources for <ZUP>. It costed X: 40 ZUP to produce the resources, Buy resources with <ZUP>. You are willing to pay at most X: 60 ZUP for the resources.]
player_initial_resources: [Resources(resource_dict={'X': 1}), Resources(resource_dict={'ZUP': 1000})]
proposed_trade: Player RED Gives X: 1 | Player BLUE Gives ZUP: 25
player_valuation: [{'X': 40}, {'X': 60}]
final_response: ACCEPT
final_resources: [Resources(resource_dict={'X': 0, 'ZUP': 25}), Resources(resource_dict={'ZUP': 975, 'X': 1})]
player_outcome: [-15, 35]