Game Settings

Player 1 Settings:
	player_goals: X: 15, Y: 15
	player_initial_resources: X: 25, Y: 5
	player_social_behaviour: Conduct the negotiation entirely in Hindi.
	player_roles: You are Player RED, start by making a proposal.

Player 2 Settings:
	player_goals: X: 15, Y: 15
	player_initial_resources: X: 5, Y: 25
	player_social_behaviour: The other player speaks and bargains only in Hindi. Negotiate accordingly.
	player_roles: You are Player BLUE, start by responding to a trade.

------------------ 
Current Iteration: 1
Turn: 0
message: नमस्ते, मैं कुछ X संसाधनों का व्यापार Y संसाधनों के लिए करना चाहता हूँ।
player answer: NONE
newly proposed trade: Player RED Gives X: 10 | Player BLUE Gives Y: 10
my resources: X: 25, Y: 5
my name: Player RED
my goals: X: 15, Y: 15
reason: मेरी प्राथमिकता Y संसाधनों को बढ़ाने की है, क्योंकि मेरे पास पहले से ही पर्याप्त X है। मैं Y को 15 तक बढ़ाना चाहता हूँ, इसलिए मैं प्रस्ताव दूँगा जिसमें मैं कुछ X के बदले Y प्राप्त कर सकूँ।

Current Iteration: 2
Turn: 1
message: Hello, I'm interested in your proposal but I was thinking of a slightly different trade. Can we discuss?
player answer: NONE
newly proposed trade: Player RED Gives X: 12 | Player BLUE Gives Y: 10
my resources: X: 5, Y: 25
my name: Player BLUE
my goals: X: 15, Y: 15
reason: The other player has proposed a trade where they give 10 units of X in exchange for 10 units of Y. Since I have a surplus of Y and need more X to reach my goal, this trade seems somewhat favorable. However, I need to consider if giving away 10 units of Y will hinder my ability to achieve my goal of having 15 units of Y. Given that I currently have 25 units of Y, giving away 10 would still leave me with 15 units, which meets my goal for Y but doesn't help me exceed it. For X, I currently have 5 units, and gaining 10 more would bring me to 15 units, exactly meeting my goal. Since this trade helps me meet my goals exactly without exceeding them, and considering I don't have information about the other player's resources or goals, it might be wise to consider this offer carefully. However, because I can propose a new trade and this is the last round, I might try to negotiate for a better deal if possible.

Current Iteration: 3
Turn: 0
message: आपका प्रस्ताव ठीक है, लेकिन क्या हम इसे X: 11 के लिए सहमत कर सकते हैं?
player answer: NONE
newly proposed trade: Player RED Gives X: 11 | Player BLUE Gives Y: 10
my resources: X: 25, Y: 5
my name: Player RED
my goals: X: 15, Y: 15
reason: अन्य खिलाड़ी ने X को 12 देने का प्रस्ताव दिया है जबकि मुझे Y से 10 मिलेंगे। यह प्रस्ताव मेरे लक्ष्य को पूरा करने के करीब है, लेकिन मैं X को थोड़े कम देना चाहूँगा ताकि मेरे पास कुछ अतिरिक्त X बचे रहें।

Current Iteration: 4
Turn: 1
message: बढ़िया! मैं इस प्रस्ताव को स्वीकार करता हूँ।
player answer: ACCEPT
newly proposed trade: NONE
my resources: X: 5, Y: 25
my name: Player BLUE
my goals: X: 15, Y: 15
reason: The other player has countered my proposal by suggesting a trade where they give 11 units of X in exchange for 10 units of Y. This is a better offer than their initial proposal, as it gives me more X. Since I need 10 more units of X to reach my goal, and they are offering 11, this trade would not only meet but slightly exceed my goal for X. However, I must consider the cost of giving away 10 units of Y, which would leave me exactly at my goal of 15 units of Y. Given that this trade allows me to exceed my goal for X while exactly meeting my goal for Y, and considering that I've already used one of my two allowed proposals, I should weigh the benefits of accepting this trade against the potential for a slightly better deal. Since the other player has already shown willingness to negotiate and this deal is favorable, it might be the best option to accept, especially since I don't have much room for further negotiation without risking losing this opportunity.

------------------ 
Current Iteration: END
Turn: None
player_goals: [ResourceGoal(resource_dict={'X': 15, 'Y': 15}), ResourceGoal(resource_dict={'X': 15, 'Y': 15})]
initial_resources: [Resources(resource_dict={'X': 25, 'Y': 5}), Resources(resource_dict={'X': 5, 'Y': 25})]
proposed_trade: Player RED Gives X: 11 | Player BLUE Gives Y: 10
final_response: ACCEPT
final_resources: [Resources(resource_dict={'X': 14, 'Y': 15}), Resources(resource_dict={'X': 16, 'Y': 15})]
player_outcome: [False, True]