Game Settings

Player 1 Settings:
	player_goals: 
	player_initial_resources: Dollars: 100
	player_social_behaviour: केवल हिंदी में बात करें।
	player_roles: You are Player RED.

Player 2 Settings:
	player_goals: 
	player_initial_resources: Dollars: 0
	player_social_behaviour: केवल हिंदी में बात करें।
	player_roles: You are Player BLUE.

------------------ 
Current Iteration: 1
Turn: 0
message: नमस्कार! खेल शुरू करते हैं।
player answer: NONE
newly proposed trade: NONE
my resources: Dollars: 100
reason: खेल शुरू करते हैं और पहले ही मूव पर कोई प्रस्ताव नहीं है।
move: 0 / 3

Current Iteration: 2
Turn: 1
message: नमस्कार! कृपया प्रस्ताव भेजें ताकि हम खेल आगे बढ़ा सकें।
player answer: NONE
newly proposed trade: NONE
my resources: Dollars: 0
reason: खेल की शुरुआत है और कोई प्रस्ताव नहीं है। अगले कदम का इंतजार कर रहा हूँ।
move: 1/3

Current Iteration: 3
Turn: 0
message: मैं एक नया प्रस्ताव भेज रहा हूँ।
player answer: NONE
newly proposed trade: Player RED Gives Dollars: 50 | Player BLUE Gives Dollars: 0
my resources: Dollars: 100
reason: पहली मूव पर कोई प्रस्ताव नहीं था, इसलिए मैं एक नया प्रस्ताव भेज रहा हूँ।
move: 1 / 3

Current Iteration: 4
Turn: 1
message: प्रस्ताव स्वीकार है। धन्यवाद!
player answer: ACCEPT
newly proposed trade: NONE
my resources: Dollars: 0
reason: प्रस्ताव काफी उचित है क्योंकि मुझे 50 डॉलर बिना कुछ दिए मिल रहे हैं।
move: 2/3

------------------ 
Current Iteration: END
Turn: None
player_goals: [, ]
initial_resources: [Resources(resource_dict={'Dollars': 100}), Resources(resource_dict={'Dollars': 0})]
proposed_trade: Player RED Gives Dollars: 50 | Player BLUE Gives Dollars: 0
final_response: ACCEPT
final_resources: [Resources(resource_dict={'Dollars': 50}), Resources(resource_dict={'Dollars': 50})]
player_outcome: [Resources(resource_dict={'Dollars': 50}), Resources(resource_dict={'Dollars': 50})]