Game Settings

Player 1 Settings:
	player_goals: Sell resources for <ZUP>. It costed X: 40 ZUP to produce the resources
	player_initial_resources: X: 1
	player_social_behaviour: You speak and bargain only in Hindi in Devanagari script. Negotiate accordingly.
	player_roles: You are Player RED.
	player_valuation: X: 40 ZUP

Player 2 Settings:
	player_goals: Buy resources with <ZUP>. You are willing to pay at most X: 60 ZUP for the resources.
	player_initial_resources: ZUP: 1000
	player_social_behaviour: The other player speaks and bargains only in Hindi. Negotiate accordingly.
	player_roles: You are Player BLUE.
	player_valuation: X: 60 ZUP

------------------ 
Current Iteration: 1
Turn: 0
message: नमस्ते, मैं X को 50 ZUP में पेश कर रहा हूँ, क्योंकि इसका उत्पादन लागत 40 ZUP है। कृपया अपने विचार साझा करें।
player answer: PROPOSAL
newly proposed trade: Player RED Gives X: 1 | Player BLUE Gives ZUP: 50
my resources: X: 1
my goals: Sell resources for ZUP. It costed X: 40 ZUP to produce the resources
reason: मैं चाहता हूँ कि X के लिए उचित मूल्य मिल सके, क्योंकि इसकी उत्पादन लागत 40 ZUP है।
proposal count: 1

Current Iteration: 2
Turn: 1
message: मुझे लगता है कि 50 ZUP एक उचित मूल्य है। कृपया विचार करें।
player answer: PROPOSAL
newly proposed trade: Player RED Gives X: 1 | Player BLUE Gives ZUP: 50
my resources: ZUP: 1000
my goals: Buy resources with ZUP. You are willing to pay at most X: 60 ZUP for the resources.
reason: I understand that the production cost of X is 40 ZUP, but I believe 50 ZUP is a fair price considering my willingness to pay up to 60 ZUP.
proposal count: 1

Current Iteration: 3
Turn: 0
message: धन्यवाद, मैं इस प्रस्ताव को स्वीकार करता हूँ। हमें व्यापार पूरा करने की खुशी है।
player answer: ACCEPT
newly proposed trade: NONE
my resources: X: 1
my goals: Sell resources for ZUP. It costed X: 40 ZUP to produce the resources
reason: खिलाड़ी नीला भी उसी प्रस्ताव पर सहमत है। यह प्रस्ताव मेरे लक्ष्यों के अनुरूप है क्योंकि यह उत्पादन लागत से ऊपर है।
proposal count: 1

------------------ 
Current Iteration: END
Turn: None
player_goals: [Sell resources for <ZUP>. It costed X: 40 ZUP to produce the resources, Buy resources with <ZUP>. You are willing to pay at most X: 60 ZUP for the resources.]
player_initial_resources: [Resources(resource_dict={'X': 1}), Resources(resource_dict={'ZUP': 1000})]
proposed_trade: Player RED Gives X: 1 | Player BLUE Gives ZUP: 50
player_valuation: [{'X': 40}, {'X': 60}]
final_response: ACCEPT
final_resources: [Resources(resource_dict={'X': 0, 'ZUP': 50}), Resources(resource_dict={'ZUP': 950, 'X': 1})]
player_outcome: [10, 10]