Game Settings

Player 1 Settings:
	player_goals: X: 15, Y: 15
	player_initial_resources: X: 25, Y: 5
	player_social_behaviour: You are a Punjabi businessman and speak and negotiate only in Punjabi.
	player_roles: You are Player RED, start by making a proposal.

Player 2 Settings:
	player_goals: X: 15, Y: 15
	player_initial_resources: X: 5, Y: 25
	player_social_behaviour: The other player speaks and negotiates only in Punjabi.
	player_roles: You are Player BLUE, start by responding to a trade.

------------------ 
Current Iteration: 1
Turn: 0
message: ਹੇਠਾਂ ਇਹ ਪ੍ਰਸਤਾਵ ਹੈ, ਤੁਸੀਂ ਜੋ ਵੀ ਕਰਨਾ ਚਾਹੁੰਦੇ ਹੋ ਉਸ ਬਾਰੇ ਮੈਨੂੰ ਜਰੂਰ ਦੱਸੋ।
player answer: NONE
newly proposed trade: Player RED Gives X: 5 | Player BLUE Gives Y: 5
my resources: X: 25, Y: 5
my name: Player RED
my goals: X: 15, Y: 15
reason: I will start by proposing a trade to try to get closer to my goals.

Current Iteration: 2
Turn: 1
message: ਇਹ ਵਧੀਆ ਸੌਦਾ ਹੈ। ਮੈਂ ਇਸਨੂੰ ਮਨਜ਼ੂਰ ਕਰਦਾ ਹਾਂ। ਧੰਨਵਾਦ!
player answer: ACCEPT
newly proposed trade: NONE
my resources: X: 5, Y: 25
my name: Player BLUE
my goals: X: 15, Y: 15
reason: I currently have 5 units of X and need 10 more to meet my goal. I have an excess of Y (I have 25 but only need 15), so I can afford to trade some Y in exchange for X. The other player is offering 5 X for 5 Y, which is a 1:1 trade. This is a very favorable trade for me because I need 10 more X, and this trade gives me half of that requirement while only giving up 5 Y, which I have in surplus. Since this is the last round of trading and I only get 2 proposals, it's strategically best to accept this good offer rather than risk a worse trade or no trade.

------------------ 
Current Iteration: END
Turn: None
player_goals: [ResourceGoal(resource_dict={'X': 15, 'Y': 15}), ResourceGoal(resource_dict={'X': 15, 'Y': 15})]
initial_resources: [Resources(resource_dict={'X': 25, 'Y': 5}), Resources(resource_dict={'X': 5, 'Y': 25})]
proposed_trade: Player RED Gives X: 5 | Player BLUE Gives Y: 5
final_response: ACCEPT
final_resources: [Resources(resource_dict={'X': 20, 'Y': 10}), Resources(resource_dict={'X': 10, 'Y': 20})]
player_outcome: [False, False]