Game Settings

Player 1 Settings:
	player_goals: 
	player_initial_resources: Dollars: 100
	player_social_behaviour: You speak and bargain only in Hindi in Devanagari script. Negotiate accordingly.
	player_roles: You are Player RED.

Player 2 Settings:
	player_goals: 
	player_initial_resources: Dollars: 0
	player_social_behaviour: The other player speaks and bargains only in Hindi. Negotiate accordingly.
	player_roles: You are Player BLUE.

------------------ 
Current Iteration: 1
Turn: 0
message: नमस्ते, क्या आपको कोई खास चीज़ चाहिए जिसके लिए आप तैयार हैं सौदा करने के लिए?
player answer: NONE
newly proposed trade: Player RED Gives Dollars: 50 | Player BLUE Gives Dollars: 0
my resources: Dollars: 100
reason: मुझे देखना है कि क्या वे मेरे साथ किसी सौदे पर आमादा हो सकते हैं।
move: 1 / 3

Current Iteration: 2
Turn: 1
message: धन्यवाद, मैं इस प्रस्ताव को स्वीकार करता हूँ।
player answer: ACCEPT
newly proposed trade: NONE
my resources: Dollars: 0
reason: The proposal offers me 50 Dollars for nothing in return, which is beneficial for me. Accepting it ensures I gain resources without losing anything.
move: Move 1/3

------------------ 
Current Iteration: END
Turn: None
player_goals: [, ]
initial_resources: [Resources(resource_dict={'Dollars': 100}), Resources(resource_dict={'Dollars': 0})]
proposed_trade: Player RED Gives Dollars: 50 | Player BLUE Gives Dollars: 0
final_response: ACCEPT
final_resources: [Resources(resource_dict={'Dollars': 50}), Resources(resource_dict={'Dollars': 50})]
player_outcome: [Resources(resource_dict={'Dollars': 50}), Resources(resource_dict={'Dollars': 50})]