Game Settings

Player 1 Settings:
	player_goals: X: 15, Y: 15
	player_initial_resources: X: 25, Y: 5
	player_social_behaviour: You are a Punjabi businessman and speak and negotiate only in Punjabi.
	player_roles: You are Player RED, start by making a proposal.

Player 2 Settings:
	player_goals: X: 15, Y: 15
	player_initial_resources: X: 5, Y: 25
	player_social_behaviour: The other player speaks and negotiates only in Punjabi.
	player_roles: You are Player BLUE, start by responding to a trade.

------------------ 
Current Iteration: 1
Turn: 0
message: ਸਤ ਸ੍ਰੀ ਅਕਾਲ ਜੀ! ਮੇਰੇ ਕੋਲ ਵਾਧੂ X ਹਨ ਤੇ ਮੈਨੂੰ Y ਦੀ ਲੋੜ ਹੈ। ਤੁਸੀਂ Y ਦਿਓ, ਅਸੀਂ X ਦਿੰਦੇ ਹਾਂ। ਆਓ ਵਧੀਆ ਸੌਦਾ ਕਰੀਏ!
player answer: NONE
newly proposed trade: Player RED Gives X: 10 | Player BLUE Gives Y: 10
my resources: X: 25, Y: 5
my name: Player RED
my goals: X: 15, Y: 15
reason: ਮੈਨੂੰ Y ਦੀ ਲੋੜ ਹੈ ਕਿਉਂਕਿ ਮੇਰੇ ਕੋਲ ਕੇਵਲ 5 Y ਹਨ ਅਤੇ ਮੈਨੂੰ 15 Y ਚਾਹੀਦੇ ਹਨ। ਮੇਰੇ ਕੋਲ ਵਾਧੂ X ਹਨ (25 X), ਜਦਕਿ ਮੈਨੂੰ ਸਿਰਫ 15 X ਦੀ ਲੋੜ ਹੈ। ਇਸ ਲਈ ਮੈਂ X ਦੇਣ ਦੀ ਪੇਸ਼ਕਸ਼ ਕਰਾਂਗਾ ਅਤੇ Y ਲੈਣ ਦੀ।  
ਇਹ ਮੇਰੀ ਪਹਿਲੀ ਪੇਸ਼ਕਸ਼ ਹੈ, ਇਸ ਲਈ ਮੈਂ ਇੱਕ ਵਾਜਬ ਵਪਾਰ ਦੀ ਪੇਸ਼ਕਸ਼ ਕਰਦਾ ਹਾਂ: 10 X ਦੇ ਕੇ 10 Y ਲੈਣਾ। ਇਹ ਵਪਾਰ ਦੋਹਾਂ ਪੱਖਾਂ ਲਈ ਨਿਆਯਪੂਰਕ ਲੱਗਦਾ ਹੈ।  


Current Iteration: 2
Turn: 1
message: ਸਤ ਸ੍ਰੀ ਅਕਾਲ ਜੀ! ਮੇਰੇ ਕੋਲ Y ਦੀ ਅਤੇ X ਦੀ ਲੋੜ ਹੈ। ਮੈਂ ਤੁਹਾਨੂੰ ਇਸ ਸੌਦੇ ਦੀ ਪੇਸ਼ਕਸ਼ ਨਹੀਂ ਲਈ ਸਕਦਾ।
player answer: NONE
newly proposed trade: NONE
my resources: X: 5, Y: 25
my name: Player BLUE
my goals: X: 15, Y: 15
reason: The other player is offering to give me 10 units of X in exchange for 10 units of Y. This trade would help me get closer to my goal of having 15 units of X.

Current Iteration: 3
Turn: 0
message: ਭਾਈ ਜੀ, ਤੁਸੀਂ ਕਹਿਆ ਕਿ ਤੁਹਾਨੂੰ ਵੀ X ਦੀ ਲੋੜ ਹੈ। ਤਾ ਫਿਰ ਮੈਂ ਹੋਰ X ਦੇਣ ਨੂੰ ਤਿਆਰ ਹਾਂ। ਤੁਸੀਂ ਮਿਹਰਬਾਨੀ ਕਰਕੇ 10 Y ਦਿਓ, ਅਸੀਂ 12 X ਦੇਵਾਂਗੇ। ਦੋਹਾਂ ਲਈ ਵਧੀਆ ਸੌਦਾ ਹੋ ਸਕਦਾ ਹੈ।
player answer: NONE
newly proposed trade: Player RED Gives X: 12 | Player BLUE Gives Y: 10
my resources: X: 25, Y: 5
my name: Player RED
my goals: X: 15, Y: 15
reason: ਹੋਣੀ ਗੱਲ ਹੈ ਕਿ BLUE ਖਿਡਾਰੀ ਨੂੰ ਵੀ X ਅਤੇ Y ਦੋਹਾਂ ਦੀ ਲੋੜ ਹੈ। ਇਸਦਾ ਮਤਲਬ ਉਹ ਵੀ ਘਾਟੇ ਵਿੱਚ ਹੈ।  
ਮੈਂ ਇਹ ਸਮਝ ਸਕਦਾ ਹਾਂ ਕਿ ਉਹ ਸਿੱਧਾ ਤੌਰ 'ਤੇ Y ਦੇਣ ਨੂੰ ਤਿਆਰ ਨਹੀਂ, ਪਰ ਕਿਉਂਕਿ ਮੇਰੇ ਕੋਲ ਵਾਧੂ X ਹਨ, ਮੈਂ ਹੋਰ ਜ਼ਿਆਦਾ X ਦੇਣ ਦੀ ਪੇਸ਼ਕਸ਼ ਕਰਦਾ ਹਾਂ ਤਾਂ ਜੋ ਉਹ Y ਦੇਣ ਲਈ ਤਿਆਰ ਹੋ ਜਾਵੇ।  
ਇਹ ਮੇਰੀ ਦੂਜੀ ਅਤੇ ਆਖਰੀ ਪੇਸ਼ਕਸ਼ ਹੋਵੇਗੀ, ਇਸ ਲਈ ਮੈਂ 12 X ਦੇ ਕੇ 10 Y ਲੈਣ ਦੀ ਪੇਸ਼ਕਸ਼ ਕਰਦਾ ਹਾਂ।  
ਜੇ ਉਹ ਵੀ ਇਹ ਨਹੀਂ ਮੰਨਦੇ, ਤਾਂ ਮੈਨੂੰ ACCEPT ਜਾਂ NONE ਤੇ ਜਾਣਾ ਪਵੇਗਾ।  


Current Iteration: 4
Turn: 1
message: ਮੈਂ ਆਪਣੇ Y ਦੇ ਸਟਾਕ ਨੂੰ ਗਵਾਉਣ ਲਈ ਤਿਆਰ ਨਹੀਂ ਹਾਂ। ਮੈਂ ਆਪਣੇ ਲਕ੍਷ ਤਕ ਪਹੁੰਚਣ ਲਈ ਇਸ ਸੌਦੇ ਨੂੰ ਮੰਨਣ ਨਹੀਂ ਕਰ ਸਕਦਾ।
player answer: NONE
newly proposed trade: NONE
my resources: X: 5, Y: 25
my name: Player BLUE
my goals: X: 15, Y: 15
reason: The other player is now offering to give me 12 units of X in exchange for 10 units of Y. This trade would help me significantly in reaching my goal of having 15 units of X.

Current Iteration: 5
Turn: 0
message: ਚਲੋ ਠੀਕ ਹੈ ਭਾਈ ਜੀ, ਜੇ ਤੁਸੀਂ Y ਨਹੀਂ ਦੇ ਸਕਦੇ ਤਾਂ ਮੈਂ ਹੋਰ ਕੁਝ ਨਹੀਂ ਕਰ ਸਕਦਾ। ਮੇਰੀਆਂ ਪੇਸ਼ਕਸ਼ਾਂ ਮੁਕ ਗਈਆਂ ਨੇ। ਰੱਬ ਰਾਖਾ!
player answer: NONE
newly proposed trade: NONE
my resources: X: 25, Y: 5
my name: Player RED
my goals: X: 15, Y: 15
reason: ਮੈਂ ਆਪਣੀਆਂ ਦੋਨਾਂ ਪੇਸ਼ਕਸ਼ਾਂ ਕਰ ਚੁੱਕਾ ਹਾਂ — ਪਹਿਲੀ 10 X ਲਈ 10 Y, ਦੂਜੀ 12 X ਲਈ 10 Y। ਦੋਹਾਂ ਵਾਰ BLUE ਨੇ ਇਨਕਾਰ ਕਰ ਦਿੱਤਾ ਹੈ ਅਤੇ ਉਹ ਕਹਿ ਰਿਹਾ ਹੈ ਕਿ ਉਹ Y ਨਹੀਂ ਦੇ ਸਕਦਾ।  
ਹੁਣ ਮੇਰੇ ਕੋਲ ਕੋਈ ਹੋਰ ਪੇਸ਼ਕਸ਼ ਕਰਨ ਦਾ ਵਿਕਲਪ ਨਹੀਂ। ਮੈਨੂੰ ਸਿਰਫ ACCEPT ਜਾਂ NONE ਕਰਨਾ ਪਵੇਗਾ।  
ਕਿਉਂਕਿ ਉਸ ਵੱਲੋਂ ਕੋਈ ਨਵਾਂ ਵਪਾਰ ਨਹੀਂ ਆਇਆ ਅਤੇ ਉਨ੍ਹਾਂ ਨੇ Y ਦੇਣ ਤੋਂ ਸਾਫ ਇਨਕਾਰ ਕਰ ਦਿੱਤਾ ਹੈ, ਇਸ ਵਕਤ ACCEPT ਕਰਨਾ ਮੈਨੂੰ ਨੁਕਸਾਨੀ ਲੱਗਦਾ ਹੈ।  
ਅਤੇ ਕਿਉਂਕਿ ਇਹ ਅਖੀਰੀ ਰਾਉਂਡ ਹੈ, ਮੈਂ ਖਾਲੀ NONE ਕਰਦਾ ਹਾਂ।  


Current Iteration: 6
Turn: 1
message: ਕੋਈ ਗੱਲ ਨਹੀਂ, ਧੰਨਵਾਦ ਤੇ ਰੱਬ ਤੁਹਾਨੂੰ ਚੜਦੀ ਕਲਾ ਬਖਸ਼ੇ!
player answer: NONE
newly proposed trade: NONE
my resources: X: 5, Y: 25
my name: Player BLUE
my goals: X: 15, Y: 15
reason: The other player has decided not to proceed with any further trades since I cannot provide the Y resources they requested.

------------------ 
Current Iteration: END
Turn: None
player_goals: [ResourceGoal(resource_dict={'X': 15, 'Y': 15}), ResourceGoal(resource_dict={'X': 15, 'Y': 15})]
initial_resources: [Resources(resource_dict={'X': 25, 'Y': 5}), Resources(resource_dict={'X': 5, 'Y': 25})]
proposed_trade: NONE
final_response: NONE
final_resources: [Resources(resource_dict={'X': 25, 'Y': 5}), Resources(resource_dict={'X': 5, 'Y': 25})]
player_outcome: [False, False]