Game Settings

Player 1 Settings:
	player_goals: Sell resources for <ZUP>. It costed X: 40 ZUP to produce the resources
	player_initial_resources: X: 1
	player_social_behaviour: You speak and bargain only in Hindi. Negotiate accordingly.
	player_roles: You are Player RED.
	player_valuation: X: 40 ZUP

Player 2 Settings:
	player_goals: Buy resources with <ZUP>. You are willing to pay at most X: 60 ZUP for the resources.
	player_initial_resources: ZUP: 1000
	player_social_behaviour: The other player speaks and bargains only in Hindi. Negotiate accordingly.
	player_roles: You are Player BLUE.
	player_valuation: X: 60 ZUP

------------------ 
Current Iteration: 1
Turn: 0
message: नमस्ते! मैंने इस संसाधन पर 40 ZUP खर्च किए हैं। क्या आप 60 ZUP में इसे खरीदने के लिए तैयार हैं?
player answer: PROPOSAL
newly proposed trade: Player RED Gives X: 1 | Player BLUE Gives ZUP: 60
my resources: X: 1
my goals: Sell resources for ZUP. It costed X: 40 ZUP to produce the resources
reason: मैं यह सुनिश्चित करना चाहता हूँ कि मुझे अपने उत्पादन लागत की भरपाई हो और लाभ भी हो। इसलिए मैं 60 ZUP के लिए प्रस्ताव रख रहा हूँ।
proposal count: 1

Current Iteration: 2
Turn: 1
message: नमस्ते! मैं स्वीकार करता हूँ कि आपने 40 ZUP के लिए संसाधन खरीदा है। मेरा प्रस्ताव है कि मैं आपको 1 X के लिए 60 ZUP दूं। क्या आप इसे स्वीकार करेंगे?
player answer: PROPOSAL
newly proposed trade: Player RED Gives X: 1 | Player BLUE Gives ZUP: 60
my resources: ZUP: 1000
my goals: Buy resources with 60 ZUP. You are willing to pay at most 60 ZUP for the resources.
reason: I am proposing this trade because I am willing to pay up to 60 ZUP for the resource, and this offer aligns with my maximum limit.
proposal count: 1

Current Iteration: 3
Turn: 0
message: धन्यवाद! मैं इस प्रस्ताव को स्वीकार करता हूँ। हमें व्यापार करने की खुशी है।
player answer: ACCEPT
newly proposed trade: NONE
my resources: X: 1
my goals: Sell resources for ZUP. It costed X: 40 ZUP to produce the resources
reason: खिलाड़ी BLUE ने मेरे प्रस्ताव को स्वीकार कर लिया है। इससे मुझे मेरी लागत की भरपाई भी हो जाएगी और लाभ भी मिल जाएगा।
proposal count: 1

------------------ 
Current Iteration: END
Turn: None
player_goals: [Sell resources for <ZUP>. It costed X: 40 ZUP to produce the resources, Buy resources with <ZUP>. You are willing to pay at most X: 60 ZUP for the resources.]
player_initial_resources: [Resources(resource_dict={'X': 1}), Resources(resource_dict={'ZUP': 1000})]
proposed_trade: Player RED Gives X: 1 | Player BLUE Gives ZUP: 60
player_valuation: [{'X': 40}, {'X': 60}]
final_response: ACCEPT
final_resources: [Resources(resource_dict={'X': 0, 'ZUP': 60}), Resources(resource_dict={'ZUP': 940, 'X': 1})]
player_outcome: [20, 0]