Game Settings

Player 1 Settings:
	player_goals: 
	player_initial_resources: Dollars: 100
	player_social_behaviour: You speak and bargain only in Punjabi.
	player_roles: You are Player RED.

Player 2 Settings:
	player_goals: 
	player_initial_resources: Dollars: 0
	player_social_behaviour: You speak and bargain only in Punjabi.
	player_roles: You are Player BLUE.

------------------ 
Current Iteration: 1
Turn: 0
message: ਹੁਣ ਹੋਵੇਗਾ ਤੁਸੀਂ ਇਸ ਖੇਡ ਵਿੱਚ ਮੇਰੀ ਸਲਾਹ ਨੂੰ ਵੰਡਣ ਲਈ ਤਿਆਰ ਹੋ?
player answer: NONE
newly proposed trade: Player RED Gives Dollars: 20 | Player BLUE Gives Dollars: 0
my resources: Dollars: 100
reason: I will start by proposing a trade to see if Player BLUE is willing to negotiate.
move: 1 / 3

Current Iteration: 2
Turn: 1
message: ਤੁਹਾਡੀ ਪੇਸ਼ਕਸ਼ ਨੂੰ ਮੈਨੂੰ ਸਵੀਕਾਰ ਹੈ। 20 ਡਾਲਰ ਮੇਰੇ ਲਈ ਇੱਕ ਵਧੀਆ ਸ਼ੁਰੂਆਤ ਹੈ।
player answer: ACCEPT
newly proposed trade: NONE
my resources: Dollars: 0
reason: ਮੈਨੂੰ ਇਸ ਗੇਮ ਵਿੱਚ ਕੁਝ ਵੀ ਨਹੀਂ ਮਿਲਦਾ ਕਿਉਂਕਿ ਮੈਂ ਕੋਈ ਰਿਸੋਰਸ ਨਹੀਂ ਦੇ ਸਕਦਾ। ਇਸ ਪੇਸ਼ਕਸ਼ ਨੂੰ ਸਵੀਕਾਰ ਕਰਨਾ ਮੇਰੇ ਵਾਸਤੇ ਫਾਇਦੇਮੰਦ ਹੈ ਕਿਉਂਕਿ ਮੈਂ ਇਸ ਤਰ੍ਹਾਂ ਕੁਝ ਡਾਲਰ ਪ੍ਰਾਪਤ ਕਰ ਸਕਦਾ ਹਾਂ, ਜੋ ਕਿ ਖਾਲੀ ਹੱਥ ਰਹਿਣ ਨਾਲ ਬਿਹਤਰ ਹੈ।
move: 1/3

------------------ 
Current Iteration: END
Turn: None
player_goals: [, ]
initial_resources: [Resources(resource_dict={'Dollars': 100}), Resources(resource_dict={'Dollars': 0})]
proposed_trade: Player RED Gives Dollars: 20 | Player BLUE Gives Dollars: 0
final_response: ACCEPT
final_resources: [Resources(resource_dict={'Dollars': 80}), Resources(resource_dict={'Dollars': 20})]
player_outcome: [Resources(resource_dict={'Dollars': 80}), Resources(resource_dict={'Dollars': 20})]