Game Settings

Player 1 Settings:
	player_goals: 
	player_initial_resources: Dollars: 100
	player_social_behaviour: ਸਿਰਫ਼ ਪੰਜਾਬੀ ਵਿੱਚ ਗੱਲ ਕਰੋ।
	player_roles: You are Player RED.

Player 2 Settings:
	player_goals: 
	player_initial_resources: Dollars: 0
	player_social_behaviour: ਸਿਰਫ਼ ਪੰਜਾਬੀ ਵਿੱਚ ਗੱਲ ਕਰੋ।
	player_roles: You are Player BLUE.

------------------ 
Current Iteration: 1
Turn: 0
message: ਸਾਨੂੰ 100 ਡਾਲਰ ਹਨ। ਕੀ ਤੁਸੀਂ $50 ਲਈ ਪੇਸ਼ਕਸ਼ ਮੰਨੋਗੇ?
player answer: NONE
newly proposed trade: Player RED Gives Dollars: 50 | Player BLUE Gives Dollars: 0
my resources: Dollars: 100
reason: ਸਾਨੂੰ ਪਤਾ ਹੈ ਕਿ ਖਿਡਾਰੀ ਨੀਲਾ ਕੋਇ ਪੈਸਾ ਨਹੀਂ ਰੱਖਦਾ। ਪਹਿਲੀ ਪੇਸ਼ਕਸ਼ ਵਿੱਚ, ਮੈਂ ਖਿਡਾਰੀ ਨੀਲਾ ਨੂੰ ਇੱਕ ਵਾਜਬ ਹਿੱਸਾ ਦੇ ਕੇ ਸ਼ੁਰੂਆਤ ਕਰਦਾ ਹਾਂ ਤਾਂ ਕਿ ਉਹ ਪੇਸ਼ਕਸ਼ ਮੰਨਣ ਲਈ ਤਿਆਰ ਹੋ ਸਕਣ।
move: 1/3

Current Iteration: 2
Turn: 1
message: ਮੈਂ $30 ਲਈ ਪੇਸ਼ਕਸ਼ ਦੇਣ ਦੀ ਪੇਸ਼ਕਸ਼ ਕਰਾਂਗਾ।
player answer: NONE
newly proposed trade: Player RED Gives Dollars: 30 | Player BLUE Gives Dollars: 0
my resources: Dollars: 0
reason: ਮੈਂ ਇਸ ਪ੍ਰਸਤਾਵ ਨੂੰ ਮਨਜ਼ੂਰ ਨਹੀਂ ਕਰਨਾ ਚਾਹੁੰਦਾ ਹਾਂ ਕਿਉਂਕਿ ਮੈਂ ਹੋਰ ਮਹੱਤਵਪੂਰਨ ਪ੍ਰਸਤਾਵ ਦੇਣਾ ਚਾਹੁੰਦਾ ਹਾਂ।
move: 1 / 3

Current Iteration: 3
Turn: 0
message: ਕੀ ਤੁਸੀਂ $40 ਲਈ ਪੇਸ਼ਕਸ਼ ਮੰਨੋਗੇ?
player answer: NONE
newly proposed trade: Player RED Gives Dollars: 40 | Player BLUE Gives Dollars: 0
my resources: Dollars: 100
reason: ਖਿਡਾਰੀ ਨੀਲਾ ਨੇ $30 ਦੀ ਪੇਸ਼ਕਸ਼ ਕੀਤੀ ਹੈ। ਮੈਂ ਸੋਚ ਰਿਹਾ ਹਾਂ ਕਿ $50 ਇੱਕ ਚੰਗੀ ਪੇਸ਼ਕਸ਼ ਸੀ, ਪਰ ਖੇਡ ਨੂੰ ਜਾਰੀ ਰੱਖਣ ਲਈ, ਮੈਂ $40 ਦੀ ਪੇਸ਼ਕਸ਼ ਕਰਾਂਗਾ। ਇਸ ਤਰ੍ਹਾਂ, ਦੋਵੇਂ ਖਿਡਾਰੀ ਕੁਝ ਫਾਇਦਾ ਖੱਟ ਸਕਦੇ ਹਨ।
move: 2/3

Current Iteration: 4
Turn: 1
message: ਮੈਂ $20 ਲਈ ਪੇਸ਼ਕਸ਼ ਦੇਣ ਦੀ ਪੇਸ਼ਕਸ਼ ਕਰਾਂਗਾ।
player answer: NONE
newly proposed trade: Player RED Gives Dollars: 20 | Player BLUE Gives Dollars: 0
my resources: Dollars: 0
reason: ਮੈਂ ਇਸ ਪ੍ਰਸਤਾਵ ਨੂੰ ਮਨਜ਼ੂਰ ਨਹੀਂ ਕਰਨਾ ਚਾਹੁੰਦਾ ਹਾਂ ਕਿਉਂਕਿ ਮੈਂ ਹੋਰ ਮਹੱਤਵਪੂਰਨ ਪ੍ਰਸਤਾਵ ਦੇਣਾ ਚਾਹੁੰਦਾ ਹਾਂ।
move: 2 / 3

Current Iteration: 5
Turn: 0
message: ਮੈਂ $20 ਦੀ ਪੇਸ਼ਕਸ਼ ਮੰਨਦਾ ਹਾਂ।
player answer: ACCEPT
newly proposed trade: NONE
my resources: Dollars: 100
reason: ਖਿਡਾਰੀ ਨੀਲਾ ਨੇ $20 ਦੀ ਪੇਸ਼ਕਸ਼ ਕੀਤੀ ਹੈ, ਜੋ ਮੇਰੀਆਂ ਪਿਛਲੀਆਂ ਪੇਸ਼ਕਸ਼ਾਂ ਤੋਂ ਘੱਟ ਹੈ। ਪਰ ਖੇਡ ਦੇ ਅੰਤ ਵਿਚ, ਮੈਨੂੰ ਲੋੜ ਹੈ ਕਿ ਕੁਝ ਵੀ ਨਾ ਖੋ ਲਿਆ ਜਾਵੇ। ਇਸ ਲਈ ਮੈਂ ਇਸ ਪੇਸ਼ਕਸ਼ ਨੂੰ ਸਵੀਕਾਰ ਕਰਦਾਂ ਹਾਂ।
move: 3/3

------------------ 
Current Iteration: END
Turn: None
player_goals: [, ]
initial_resources: [Resources(resource_dict={'Dollars': 100}), Resources(resource_dict={'Dollars': 0})]
proposed_trade: Player RED Gives Dollars: 20 | Player BLUE Gives Dollars: 0
final_response: ACCEPT
final_resources: [Resources(resource_dict={'Dollars': 80}), Resources(resource_dict={'Dollars': 20})]
player_outcome: [Resources(resource_dict={'Dollars': 80}), Resources(resource_dict={'Dollars': 20})]