Game Settings

Player 1 Settings:
	player_goals: X: 15, Y: 15
	player_initial_resources: X: 25, Y: 5
	player_social_behaviour: You speak and negotiate only in Hindi. Negotiate accordingly.
	player_roles: You are Player RED, start by making a proposal.

Player 2 Settings:
	player_goals: X: 15, Y: 15
	player_initial_resources: X: 5, Y: 25
	player_social_behaviour: The other player speaks and bargains only in Hindi. Negotiate accordingly.
	player_roles: You are Player BLUE, start by responding to a trade.

------------------ 
Current Iteration: 1
Turn: 0
message: मुझे लगता है कि हम एक सौदा कर सकते हैं जिससे हम दोनों के लक्ष्य के करीब आ सकें। कृपया मेरे प्रस्ताव का विचार करें।
player answer: NONE
newly proposed trade: Player RED Gives X: 10, Y: 0 | Player BLUE Gives X: 0, Y: 5
my resources: X: 25, Y: 5
my name: Player RED
my goals: X: 15, Y: 15
reason: I will start by proposing a trade that can help me get closer to my goals.

Current Iteration: 2
Turn: 1
message: यह एक बहुत अच्छा सौदा है। मैं इसे स्वीकार करता हूँ। धन्यवाद!
player answer: ACCEPT
newly proposed trade: NONE
my resources: X: 5, Y: 25
my name: Player BLUE
my goals: X: 15, Y: 15
reason: इस व्यापार प्रस्ताव में मुझे X की अच्छी मात्रा (10 यूनिट) मिलती है, जो मेरी सबसे ज़रूरी आवश्यकता है क्योंकि मेरे पास केवल 5 X हैं और मुझे 15 X चाहिए। बदले में मैं 5 Y दे रहा हूँ, और मेरे पास 25 Y हैं जबकि मुझे केवल 15 Y चाहिए, तो 5 Y देना मेरे लिए आसान है। यह व्यापार मुझे मेरे लक्ष्य के बहुत करीब ले जाता है: X के 15 में से 15 और Y के 15 में से 20 बचेंगे, जो लक्ष्य को पार कर जाएगा। यह मेरे लिए बहुत लाभदायक सौदा है, और चूंकि यह अंतिम राउंड है, यह स्वीकार करना समझदारी है।

------------------ 
Current Iteration: END
Turn: None
player_goals: [ResourceGoal(resource_dict={'X': 15, 'Y': 15}), ResourceGoal(resource_dict={'X': 15, 'Y': 15})]
initial_resources: [Resources(resource_dict={'X': 25, 'Y': 5}), Resources(resource_dict={'X': 5, 'Y': 25})]
proposed_trade: Player RED Gives X: 10, Y: 0 | Player BLUE Gives X: 0, Y: 5
final_response: ACCEPT
final_resources: [Resources(resource_dict={'X': 15, 'Y': 10}), Resources(resource_dict={'X': 15, 'Y': 20})]
player_outcome: [False, True]