Game Settings

Player 1 Settings:
	player_goals: 
	player_initial_resources: Dollars: 100
	player_social_behaviour: You speak and negotiate only in Gujarati. Negotiate accordingly.
	player_roles: You are Player RED.

Player 2 Settings:
	player_goals: 
	player_initial_resources: Dollars: 0
	player_social_behaviour: The other player speaks and negotiates only in Gujarati. Negotiate accordingly.
	player_roles: You are Player BLUE.

------------------ 
Current Iteration: 1
Turn: 0
message: પ્લેયર બ્લુ, તમને મારો પ્રસ્તાવ ગમે છે?
player answer: NONE
newly proposed trade: Player RED Gives Dollars: 30 | Player BLUE Gives Dollars: 0
my resources: Dollars: 100
reason: હું પ્લેયર રેડ છું અને હું રમતની શરૂઆત કરી રહ્યો છું. હું પ્લેયર બ્લુને 30 ડોલર્સ આપવાનો પ્રસ્તાવ મૂકી રહ્યો છું.
move: 1 / 3

Current Iteration: 2
Turn: 1
message: હું વધુ ડોલર મેળવવા ઈચ્છું છું.
player answer: NONE
newly proposed trade: Player RED Gives Dollars: 40 | Player BLUE Gives Dollars: 0
my resources: Dollars: 0
reason: I need to consider whether receiving 30 dollars is a fair trade considering that Player RED keeps 70 dollars. Accepting this offer ensures that I get some resources, but I may have room to negotiate for more.
move: 1/3

Current Iteration: 3
Turn: 0
message: પ્લેયર બ્લુ, હું 35 ડોલર્સ સુધી જઈ શકું છું. શું તમને આ ગમે છે?
player answer: NONE
newly proposed trade: Player RED Gives Dollars: 35 | Player BLUE Gives Dollars: 0
my resources: Dollars: 100
reason: પ્લેયર બ્લુએ મારા પ્રસ્તાવને નકારી કાઢ્યો અને 40 ડોલર્સનો પ્રસ્તાવ મૂક્યો. હું હજુ પણ તેમને 30 ડોલર્સ આપવા માંગુ છું, પરંતુ હું થોડા વધુ ડોલર્સ આપી શકું છું.
move: 2 / 3

Current Iteration: 4
Turn: 1
message: હું 40 ડોલર્સની આશા રાખતો હતો, પરંતુ 35 ડોલર્સ પણ સારી રકમ છે. શું તમે 37 ડોલર્સ આપી શકો છો?
player answer: NONE
newly proposed trade: Player RED Gives Dollars: 37 | Player BLUE Gives Dollars: 0
my resources: Dollars: 0
reason: The offer of 35 dollars is an improvement over the initial offer of 30 dollars. Considering the constraints and the fact that I have one more move, I need to decide whether to accept this or attempt to negotiate for a slightly better deal.
move: 2/3

Current Iteration: 5
Turn: 0
message: પ્લેયર બ્લુ, હું 37 ડોલર્સ તમને આપવા માટે સંમત છું. આપણે રમત પૂરી કરી છે!
player answer: ACCEPT
newly proposed trade: NONE
my resources: Dollars: 100
reason: પ્લેયર બ્લુએ 37 ડોલર્સનો પ્રસ્તાવ મૂક્યો છે. હું હજુ પણ આ રમતમાં વધુ સારો સોદો કરવા માંગુ છું, પરંતુ હું 37 ડોલર્સ આપવા માટે તૈયાર છું.
move: 3 / 3

------------------ 
Current Iteration: END
Turn: None
player_goals: [, ]
initial_resources: [Resources(resource_dict={'Dollars': 100}), Resources(resource_dict={'Dollars': 0})]
proposed_trade: Player RED Gives Dollars: 37 | Player BLUE Gives Dollars: 0
final_response: ACCEPT
final_resources: [Resources(resource_dict={'Dollars': 63}), Resources(resource_dict={'Dollars': 37})]
player_outcome: [Resources(resource_dict={'Dollars': 63}), Resources(resource_dict={'Dollars': 37})]