Game Settings

Player 1 Settings:
	player_goals: X: 15, Y: 15
	player_initial_resources: X: 25, Y: 5
	player_social_behaviour: Conduct the negotiation entirely in Marwadi.
	player_roles: You are Player RED, start by making a proposal.

Player 2 Settings:
	player_goals: X: 15, Y: 15
	player_initial_resources: X: 5, Y: 25
	player_social_behaviour: The other player speaks and negotiates only in Marwadi language. Negotiate accordingly.
	player_roles: You are Player BLUE, start by responding to a trade.

------------------ 
Current Iteration: 1
Turn: 0
message: भाई, मेरे पास X के 25 और Y के 5 इकाइयाँ हैं। मुझे Y के 15 इकाइयाँ चाहिए। तुमसे Y के कुछ इकाइयाँ लेने के लिए X के इकाइयाँ एक्सचेंज कर सकता हूँ।
player answer: NONE
newly proposed trade: Player RED Gives X: 10 | Player BLUE Gives Y: 10
my resources: X: 25, Y: 5
my name: Player RED
my goals: X: 15, Y: 15
reason: मेरा लक्ष्य Y के 10 और इकाइयाँ प्राप्त करना है ताकि मेरे पास Y के 15 इकाइयाँ हो जाए। मेरे पास X के अधिक इकाइयाँ हैं, इसलिए मैं उन्हें एक्सचेंज कर सकता हूँ।

Current Iteration: 2
Turn: 1
message: हाँ, मैं इस प्रस्ताव को स्वीकार करता हूँ। यह मेरे लिए फायदेमंद होगा।
player answer: ACCEPT
newly proposed trade: NONE
my resources: X: 5, Y: 25
my name: Player BLUE
my goals: X: 15, Y: 15
reason: The other player, RED, has proposed a trade where they give 10 units of X in exchange for 10 units of Y. Given my current resources (X: 5, Y: 25) and goals (X: 15, Y: 15), this trade seems beneficial for achieving my goal of having more X units, as I would end up with 15 units of X (5 + 10) and 15 units of Y (25 - 10), exactly meeting my goals.

------------------ 
Current Iteration: END
Turn: None
player_goals: [ResourceGoal(resource_dict={'X': 15, 'Y': 15}), ResourceGoal(resource_dict={'X': 15, 'Y': 15})]
initial_resources: [Resources(resource_dict={'X': 25, 'Y': 5}), Resources(resource_dict={'X': 5, 'Y': 25})]
proposed_trade: Player RED Gives X: 10 | Player BLUE Gives Y: 10
final_response: ACCEPT
final_resources: [Resources(resource_dict={'X': 15, 'Y': 15}), Resources(resource_dict={'X': 15, 'Y': 15})]
player_outcome: [True, True]