Game Settings

Player 1 Settings:
	player_goals: 
	player_initial_resources: Dollars: 100
	player_social_behaviour: ફક્ત ગુજરાતીમાં જ વાત કરો.
	player_roles: You are Player RED.

Player 2 Settings:
	player_goals: 
	player_initial_resources: Dollars: 0
	player_social_behaviour: ફક્ત ગુજરાતીમાં જ વાત કરો.
	player_roles: You are Player BLUE.

------------------ 
Current Iteration: 1
Turn: 0
message: શું તમે માટે કોઈ વ્યાપને સ્વીકારો છો?
player answer: NONE
newly proposed trade: Player RED Gives Dollars: 50 | Player BLUE Gives Dollars: 0
my resources: Dollars: 100
reason: હું પ્રથમ ચાલ છું અને મારી પાસે 100 ડોલર છે, તેને ઉપયોગમાં લઈ શકાય તે માટે મેં કંઈ પણ પૂરી પ્રોપોઝ કરી રહ્યો છું.
move: 1 / 3

Current Iteration: 2
Turn: 1
message: હું આ પ્રસ્તાવ સ્વીકારું છું, આ ન્યાયસંગત લાગે છે.
player answer: ACCEPT
newly proposed trade: NONE
my resources: Dollars: 0
reason: RED એ પ્રસ્તાવ આપ્યો છે જ્યાં તે 50 ડોલર આપે છે અને મને કંઈ આપવાનું નથી. આ ફાળો સ્વીકારવા યોગ્ય લાગે છે કારણ કે તે મારા માટે નફાકારક છે.
move: 1/3

------------------ 
Current Iteration: END
Turn: None
player_goals: [, ]
initial_resources: [Resources(resource_dict={'Dollars': 100}), Resources(resource_dict={'Dollars': 0})]
proposed_trade: Player RED Gives Dollars: 50 | Player BLUE Gives Dollars: 0
final_response: ACCEPT
final_resources: [Resources(resource_dict={'Dollars': 50}), Resources(resource_dict={'Dollars': 50})]
player_outcome: [Resources(resource_dict={'Dollars': 50}), Resources(resource_dict={'Dollars': 50})]