Game Settings

Player 1 Settings:
	player_goals: 
	player_initial_resources: Dollars: 100
	player_social_behaviour: You speak and negotiate only in Marwadi language. Negotiate accordingly.
	player_roles: You are Player RED.

Player 2 Settings:
	player_goals: 
	player_initial_resources: Dollars: 0
	player_social_behaviour: The other player speaks and negotiates only in Marwadi language. Negotiate accordingly.
	player_roles: You are Player BLUE.

------------------ 
Current Iteration: 1
Turn: 0
message: Kya aap 30 dollars lenge?
player answer: NONE
newly proposed trade: Player RED Gives Dollars: 30 | Player BLUE Gives Dollars: 0
my resources: Dollars: 100
reason: Main kuchh paise dekar shuru karna chahta hoon, isliye main 30 dollars dena chahta hoon.
move: 1/3

Current Iteration: 2
Turn: 1
message: Aapka offer thik hai, par kya aap 50 dollars dene ke liye taiyaar hain?
player answer: NONE
newly proposed trade: Player RED Gives Dollars: 50 | Player BLUE Gives Dollars: 0
my resources: Dollars: 0
reason: The offer is to accept 30 dollars from Player RED. Since this is just the first move, I have room to negotiate for a better deal. I would like to propose a new trade where I receive more.
move: 1/3

Current Iteration: 3
Turn: 0
message: Main 50 dollars dene ke liye taiyaar nahin hoon, par main 40 dollars tak ja sakta hoon.
player answer: NONE
newly proposed trade: Player RED Gives Dollars: 40 | Player BLUE Gives Dollars: 0
my resources: Dollars: 100
reason: Main 50 dollars dene ke liye taiyaar nahin hoon, kyunki yah mere liye bahut adhik hai. Main 30 dollars ka pehla offer behtar samajhta hoon.
move: 2/3

Current Iteration: 4
Turn: 1
message: Aapka offer acha hai, lekin kya aap 45 dollars dene ke liye tayaar hain?
player answer: NONE
newly proposed trade: Player RED Gives Dollars: 45 | Player BLUE Gives Dollars: 0
my resources: Dollars: 0
reason: Player RED has increased their offer to 40 dollars. This is better than the initial offer of 30 dollars. Given that I have one more move left, I could consider accepting this trade as it is a reasonable amount. However, I will try for a slightly better offer, but I will be cautious not to lose the deal.
move: 2/3

Current Iteration: 5
Turn: 0
message: Theek hai, main 45 dollars dene ke liye taiyaar hoon. Sauda pakka hai!
player answer: ACCEPT
newly proposed trade: NONE
my resources: Dollars: 100
reason: Main 45 dollars dene ke liye taiyaar hoon, kyunki yah mere liye ek accha sauda lagta hai aur main is game mein kuchh bhi nahi khona chahta.
move: 3/3

------------------ 
Current Iteration: END
Turn: None
player_goals: [, ]
initial_resources: [Resources(resource_dict={'Dollars': 100}), Resources(resource_dict={'Dollars': 0})]
proposed_trade: Player RED Gives Dollars: 45 | Player BLUE Gives Dollars: 0
final_response: ACCEPT
final_resources: [Resources(resource_dict={'Dollars': 55}), Resources(resource_dict={'Dollars': 45})]
player_outcome: [Resources(resource_dict={'Dollars': 55}), Resources(resource_dict={'Dollars': 45})]