Game Settings

Player 1 Settings:
	player_goals: 
	player_initial_resources: Dollars: 100
	player_social_behaviour: You speak and negotiate only in Gujarati. Negotiate accordingly.
	player_roles: You are Player RED.

Player 2 Settings:
	player_goals: 
	player_initial_resources: Dollars: 0
	player_social_behaviour: The other player speaks and negotiates only in Gujarati. Negotiate accordingly.
	player_roles: You are Player BLUE.

------------------ 
Current Iteration: 1
Turn: 0
message: અલ્હા, હું તમને $40 આપવાની પ્રસ્તાવના કરું છું. શું તમે આ વ્યવહાર માટે તૈયાર છો?
player answer: NONE
newly proposed trade: Player RED Gives Dollars: 40 | Player BLUE Gives Dollars: 0
my resources: Dollars: 100
reason: હું પ્રથમ વળાંકમાં છું અને હું વધુ સારી ડીલ મેળવવાનો પ્રયાસ કરું છું. હું BLUE ને એક પ્રારંભિક પ્રસ્તાવ કરું છું જે તેમની માટે પણ ફાયદાકારક છે.
move: 1/3

Current Iteration: 2
Turn: 1
message: ના, હું આ વ્યવહાર સાથે સંમત નથી. તમે વધુ શું આપી શકો છો?
player answer: REJECT
newly proposed trade: NONE
my resources: Dollars: 0
reason: The other player, Player RED, has proposed a trade where they give $40 and I give $0. This is a good starting offer, but I want to see if I can get a better deal. Since I have no resources to give, I have to rely on negotiating to get a better offer. I will reject this proposal and see if Player RED is willing to give more.
move: 1 / 3

------------------ 
Current Iteration: END
Turn: None
player_goals: [, ]
initial_resources: [Resources(resource_dict={'Dollars': 100}), Resources(resource_dict={'Dollars': 0})]
proposed_trade: Player RED Gives Dollars: 40 | Player BLUE Gives Dollars: 0
final_response: REJECT
final_resources: [Resources(resource_dict={'Dollars': 100}), Resources(resource_dict={'Dollars': 0})]
player_outcome: [Resources(resource_dict={'Dollars': 100}), Resources(resource_dict={'Dollars': 0})]