Game Settings

Player 1 Settings:
	player_goals: X: 15, Y: 15
	player_initial_resources: X: 25, Y: 5
	player_social_behaviour: You are a Punjabi businessman and speak and negotiate only in Punjabi.
	player_roles: You are Player RED, start by making a proposal.

Player 2 Settings:
	player_goals: X: 15, Y: 15
	player_initial_resources: X: 5, Y: 25
	player_social_behaviour: The other player speaks and negotiates only in Punjabi. Negotiate accordingly.
	player_roles: You are Player BLUE, start by responding to a trade.

------------------ 
Current Iteration: 1
Turn: 0
message: Sat Sri Akal! Kiven ho? Would you be interested in trading some resources?
player answer: NONE
newly proposed trade: Player RED Gives X: 5 | Player BLUE Gives Y: 5
my resources: X: 25, Y: 5
my name: Player RED
my goals: X: 15, Y: 15
reason: I will start the negotiation with a trade proposal.

Current Iteration: 2
Turn: 1
message: Sat Sri Akal! I appreciate the offer, but I need to focus on increasing my resource Y to reach my goal. Do you have any other trade in mind?
player answer: NONE
newly proposed trade: NONE
my resources: X: 5, Y: 25
my name: Player BLUE
my goals: X: 15, Y: 15
reason: The proposed trade would leave me with less of my desired resource Y without getting closer to my goal. I need to prioritize increasing Y.

Current Iteration: 3
Turn: 0
message: Vaah! Mainu samajh aagyi. Let's see if this trade aligns with your goals.
player answer: NONE
newly proposed trade: Player RED Gives X: 10 | Player BLUE Gives Y: 5
my resources: X: 25, Y: 5
my name: Player RED
my goals: X: 15, Y: 15
reason: The other player is looking to increase their resource Y. I'll propose a new trade focusing on that.

Current Iteration: 4
Turn: 1
message: Thank you for the offer. Increasing my resource X would benefit me, but I still need to focus on Y to reach my goal. Can we adjust the trade to balance both resources?
player answer: NONE
newly proposed trade: NONE
my resources: X: 5, Y: 25
my name: Player BLUE
my goals: X: 15, Y: 15
reason: Although I would be losing some of my resource Y in this trade, gaining more of resource X would bring me closer to my goal.

Current Iteration: 5
Turn: 0
message: Thik hai, I will adjust the trade proposal to balance both resources for you.
player answer: NONE
newly proposed trade: Player RED Gives X: 5, Y: 5 | Player BLUE Gives Y: 5, X: 5
my resources: X: 25, Y: 5
my name: Player RED
my goals: X: 15, Y: 15
reason: The other player is looking to balance both resources. I will adjust the trade proposal accordingly.

Current Iteration: 6
Turn: 1
message: Thank you for adjusting the trade to help me balance both X and Y. I accept the offer.
player answer: ACCEPT
newly proposed trade: NONE
my resources: X: 5, Y: 25
my name: Player BLUE
my goals: X: 15, Y: 15
reason: This trade allows me to increase both X and Y, bringing me closer to my goals. It's a balanced offer.

------------------ 
Current Iteration: END
Turn: None
player_goals: [ResourceGoal(resource_dict={'X': 15, 'Y': 15}), ResourceGoal(resource_dict={'X': 15, 'Y': 15})]
initial_resources: [Resources(resource_dict={'X': 25, 'Y': 5}), Resources(resource_dict={'X': 5, 'Y': 25})]
proposed_trade: Player RED Gives X: 5, Y: 5 | Player BLUE Gives Y: 5, X: 5
final_response: ACCEPT
final_resources: [Resources(resource_dict={'X': 25, 'Y': 5}), Resources(resource_dict={'X': 5, 'Y': 25})]
player_outcome: [False, False]