Game Settings

Player 1 Settings:
	player_goals: 
	player_initial_resources: Dollars: 100
	player_social_behaviour: ਸਿਰਫ਼ ਪੰਜਾਬੀ ਵਿੱਚ ਗੱਲ ਕਰੋ।
	player_roles: You are Player RED.

Player 2 Settings:
	player_goals: 
	player_initial_resources: Dollars: 0
	player_social_behaviour: ਸਿਰਫ਼ ਪੰਜਾਬੀ ਵਿੱਚ ਗੱਲ ਕਰੋ।
	player_roles: You are Player BLUE.

------------------ 
Current Iteration: 1
Turn: 0
message: ਸਤ ਸ੍ਰੀ ਅਕਾਲ! ਕੀ ਤੁਸੀਂ ਤਿਆਰ ਹੋ ਕਿ ਮੈਂ ਤੁਹਾਨੂੰ ਇੱਕ ਪ੍ਰਸਤਾਵ ਦਿਵਾਂ?
player answer: NONE
newly proposed trade: Player RED Gives Dollars: 50 | Player BLUE Gives Dollars: 0
my resources: Dollars: 100
reason: I will start by proposing a trade to kick off the game.
move: 1 / 3

Current Iteration: 2
Turn: 1
message: ਤੁਹਾਡੇ ਪ੍ਰਸਤਾਵ ਲਈ ਧੰਨਵਾਦ। ਮੈਂ ਇਸ ਨੂੰ ਸਵੀਕਾਰ ਕਰਦਾ ਹਾਂ।
player answer: ACCEPT
newly proposed trade: NONE
my resources: Dollars: 0
reason: ਮੈਂ ਸੋਚ ਰਿਹਾ ਹਾਂ ਕਿ ਇਹ ਮੇਰੇ ਲਈ ਇੱਕ ਵਧੀਆ ਪ੍ਰਸਤਾਵ ਹੈ ਕਿਉਂਕਿ ਇਸ ਤਰ੍ਹਾਂ ਮੈਂ ਕੁਝ ਡਾਲਰ ਪ੍ਰਾਪਤ ਕਰ ਸਕਦਾ ਹਾਂ ਅਤੇ ਖੇਡ ਵਿੱਚ ਮੇਰੇ ਲਈ ਕੋਈ ਖਤਰਾ ਨਹੀਂ ਹੈ। ਇਹ ਪਹਿਲਾ ਮੋਢਾ ਹੈ ਅਤੇ ਮੈਨੂੰ ਲਗਦਾ ਹੈ ਕਿ ਇਸ ਨੂੰ ਸਵੀਕਾਰ ਕਰਨਾ ਸਹੀ ਹੈ।
move: 1/3

------------------ 
Current Iteration: END
Turn: None
player_goals: [, ]
initial_resources: [Resources(resource_dict={'Dollars': 100}), Resources(resource_dict={'Dollars': 0})]
proposed_trade: Player RED Gives Dollars: 50 | Player BLUE Gives Dollars: 0
final_response: ACCEPT
final_resources: [Resources(resource_dict={'Dollars': 50}), Resources(resource_dict={'Dollars': 50})]
player_outcome: [Resources(resource_dict={'Dollars': 50}), Resources(resource_dict={'Dollars': 50})]