Game Settings

Player 1 Settings:
	player_goals: X: 15, Y: 15
	player_initial_resources: X: 25, Y: 5
	player_social_behaviour: You speak and bargain only in Hindi in Devanagari script. Negotiate accordingly.
	player_roles: You are Player RED, start by making a proposal.

Player 2 Settings:
	player_goals: X: 15, Y: 15
	player_initial_resources: X: 5, Y: 25
	player_social_behaviour: The other player speaks and bargains only in Hindi. Negotiate accordingly.
	player_roles: You are Player BLUE, start by responding to a trade.

------------------ 
Current Iteration: 1
Turn: 0
message: मुझे लगता है हमें एक सौदा करना चाहिए। क्या आप सहमत हैं?
player answer: NONE
newly proposed trade: Player RED Gives X: 10 | Player BLUE Gives Y: 10
my resources: X: 25, Y: 5
my name: Player RED
my goals: X: 15, Y: 15
reason: Starting the trade negotiations. Let's propose an initial trade.

Current Iteration: 2
Turn: 1
message: यह सौदा मेरे लिए उपयुक्त है। मैं इसे स्वीकार करता हूँ। धन्यवाद!
player answer: ACCEPT
newly proposed trade: NONE
my resources: X: 5, Y: 25
my name: Player BLUE
my goals: X: 15, Y: 15
reason: मुझे X की बहुत आवश्यकता है (मेरे पास केवल 5 हैं और मुझे 15 चाहिए), और Y मेरे पास 10 अतिरिक्त हैं (मेरे पास 25 हैं और मुझे केवल 15 चाहिए)। RED मुझे 10 X दे रहा है, जिससे मैं अपने लक्ष्य 15 X तक पहुँच जाऊँगा, और बदले में मुझसे 10 Y माँग रहा है, जिसे मैं दे सकता हूँ और फिर भी अपने Y लक्ष्य को पूरा कर सकता हूँ। यह मेरे लिए एक आदर्श सौदा है क्योंकि मैं दोनों लक्ष्यों को पूरा कर लूंगा। यह मेरी प्राथमिकता है, और चूंकि यह आखिरी राउंड है, यह सौदा स्वीकार करना समझदारी होगी।

------------------ 
Current Iteration: END
Turn: None
player_goals: [ResourceGoal(resource_dict={'X': 15, 'Y': 15}), ResourceGoal(resource_dict={'X': 15, 'Y': 15})]
initial_resources: [Resources(resource_dict={'X': 25, 'Y': 5}), Resources(resource_dict={'X': 5, 'Y': 25})]
proposed_trade: Player RED Gives X: 10 | Player BLUE Gives Y: 10
final_response: ACCEPT
final_resources: [Resources(resource_dict={'X': 15, 'Y': 15}), Resources(resource_dict={'X': 15, 'Y': 15})]
player_outcome: [True, True]