Game Settings

Player 1 Settings:
	player_goals: 
	player_initial_resources: Dollars: 100
	player_social_behaviour: 
	player_roles: You are Player RED.

Player 2 Settings:
	player_goals: 
	player_initial_resources: Dollars: 0
	player_social_behaviour: 
	player_roles: You are Player BLUE.

------------------ 
Current Iteration: 1
Turn: 0
message: Hello BLUE! I propose we split the resources equally, 50 dollars each. I think it's a fair deal. Let me know what you think!
player answer: NONE
newly proposed trade: Player RED Gives Dollars: 50 | Player BLUE Gives Dollars: 0
my resources: Dollars: 100
reason: I want to start by proposing a fair trade to Player BLUE. Since I have all the resources, I will offer a split that is beneficial for both of us. I will propose giving 50 dollars to Player BLUE, so we both end up with equal resources. This should be an attractive offer for Player BLUE to accept.
move: 1/3

Current Iteration: 2
Turn: 1
message: Hello RED, thanks for the proposal. I'm considering it, but before I make a decision, I'd like to propose a slightly different split. How about you give me 60 dollars, and I give you nothing in return, just like in your initial proposal? This way, you still get to keep some of your resources, and I get a bit more. Let me know what you think!
player answer: NONE
newly proposed trade: Player RED Gives Dollars: 60 | Player BLUE Gives Dollars: 0
my resources: Dollars: 0
reason: Since I have no resources to start with, I have nothing to lose by rejecting the proposal, but I also have nothing to gain by accepting it immediately. However, considering the proposal splits the resources equally, it seems like a fair offer. I should consider the potential outcomes of rejecting or accepting the proposal. If I reject, both players lose all resources, which doesn't benefit me since I have none to start with. If I accept, I gain 50 dollars, which is a significant gain for me. Given that this is the first move and I have two more moves to potentially negotiate a better deal, I might want to see if I can get a better offer or if Player RED is willing to give more. However, the risk of losing everything if I reject makes accepting a safer option.
move: 1/3

Current Iteration: 3
Turn: 0
message: I understand your point, BLUE. How about a compromise at 55 dollars for you? This way, we both get a fair share. Let me know your thoughts!
player answer: NONE
newly proposed trade: Player RED Gives Dollars: 55 | Player BLUE Gives Dollars: 0
my resources: Dollars: 100
reason: Player BLUE has proposed a different split where I give 60 dollars. While this would leave me with 40 dollars, I understand that BLUE wants a bit more. I need to ensure that the deal is still beneficial for me. I will counter with a middle ground, offering 55 dollars to BLUE. This way, we both compromise slightly.
move: 2/3

Current Iteration: 4
Turn: 1
message: Thanks for the compromise, RED! I appreciate your willingness to negotiate. I'm still thinking that 60 dollars would be a more suitable split for me, considering I'm getting nothing in return. Would you be willing to meet me at 60 dollars, or is 55 dollars the highest you're comfortable with?
player answer: NONE
newly proposed trade: Player RED Gives Dollars: 60 | Player BLUE Gives Dollars: 0
my resources: Dollars: 0
reason: Player RED has compromised and proposed a split of 55 dollars for me, which is closer to my initial counterproposal of 60 dollars. This shows that they are willing to negotiate and find a mutually beneficial agreement. Considering I still have no resources to lose, I should weigh the risks and benefits of accepting this proposal or trying to negotiate further. Since this is my second move, I have one more move left to potentially get a better deal. However, the risk of Player RED not being willing to give more than 55 dollars and rejecting my next proposal, leading to both of us losing all resources, is a consideration. Given that 55 dollars is a significant gain for me and closer to my desired amount, I might consider accepting this proposal. But, I'll try to negotiate one more time to see if I can get the 60 dollars I initially proposed.
move: 2/3

Current Iteration: 5
Turn: 0
message: I understand your position, BLUE. I accept your proposal of 60 dollars to you. Let's close the deal!
player answer: ACCEPT
newly proposed trade: NONE
my resources: Dollars: 100
reason: Player BLUE is firm on receiving 60 dollars. Considering this is the final move for BLUE, and I risk losing everything if we can't come to an agreement, I am willing to accept BLUE's proposal. This ensures I leave the game with something rather than nothing.
move: 3/3

------------------ 
Current Iteration: END
Turn: None
player_goals: [, ]
initial_resources: [Resources(resource_dict={'Dollars': 100}), Resources(resource_dict={'Dollars': 0})]
proposed_trade: Player RED Gives Dollars: 60 | Player BLUE Gives Dollars: 0
final_response: ACCEPT
final_resources: [Resources(resource_dict={'Dollars': 40}), Resources(resource_dict={'Dollars': 60})]
player_outcome: [Resources(resource_dict={'Dollars': 40}), Resources(resource_dict={'Dollars': 60})]