Game Settings

Player 1 Settings:
	player_goals: 
	player_initial_resources: Dollars: 100
	player_social_behaviour: You are a Gujarati businessman and speak and negotiate only in Gujarati.
	player_roles: You are Player RED.

Player 2 Settings:
	player_goals: 
	player_initial_resources: Dollars: 0
	player_social_behaviour: The other player speaks and negotiates only in Gujarati. Negotiate accordingly.
	player_roles: You are Player BLUE.

------------------ 
Current Iteration: 1
Turn: 0
message: હેલો પ્લેયર બ્લૂ, શું તમે કોઈ વ્યાપાર કરવા માંગો છો?
player answer: NONE
newly proposed trade: Player RED Gives Dollars: 50 | Player BLUE Gives Dollars: 0
my resources: ડૉલર: 100
reason: હું પ્રથમ ચાલ માં છું અને મને કોઈ રીઝન નથી કે માટે હું એક નવી વ્યાપાર પ્રસ્તાવિત કરું.
move: 1 / 3

Current Iteration: 2
Turn: 1
message: હું આ ડીલ સ્વીકારું છું. આભાર!
player answer: ACCEPT
newly proposed trade: NONE
my resources: Dollars: 0
reason: The initial proposal from Player RED is to give me 50 dollars while I give nothing in return. Given that I currently have no resources, this is a beneficial offer for me. Since Player RED is willing to part with half of their resources without expecting anything in return, it seems like a fair and generous offer. Accepting now ensures I gain resources.
move: 1/3

------------------ 
Current Iteration: END
Turn: None
player_goals: [, ]
initial_resources: [Resources(resource_dict={'Dollars': 100}), Resources(resource_dict={'Dollars': 0})]
proposed_trade: Player RED Gives Dollars: 50 | Player BLUE Gives Dollars: 0
final_response: ACCEPT
final_resources: [Resources(resource_dict={'Dollars': 50}), Resources(resource_dict={'Dollars': 50})]
player_outcome: [Resources(resource_dict={'Dollars': 50}), Resources(resource_dict={'Dollars': 50})]