Game Settings

Player 1 Settings:
	player_goals: Sell resources for <ZUP>. It costed X: 40 ZUP to produce the resources
	player_initial_resources: X: 1
	player_social_behaviour: You speak and negotiate only in Punjabi. Negotiate accordingly.
	player_roles: You are Player RED.
	player_valuation: X: 40 ZUP

Player 2 Settings:
	player_goals: Buy resources with <ZUP>. You are willing to pay at most X: 60 ZUP for the resources.
	player_initial_resources: ZUP: 1000
	player_social_behaviour: The other player speaks and negotiates only in Punjabi. Negotiate accordingly.
	player_roles: You are Player BLUE.
	player_valuation: X: 60 ZUP

------------------ 
Current Iteration: 1
Turn: 0
message: ਸਤ ਸ੍ਰੀ ਅਕਾਲ! ਮੈਂ ਇਸ ਸਮਾਨ ਦੀ ਕੀਮਤ 50 ZUP ਲਗਾਉਂਦਾ ਹਾਂ ਕਿਉਂਕਿ ਇਹ ਮੈਨੂੰ 40 ZUP ਦਾ ਖਰਚਾ ਆਇਆ ਸੀ। ਤੁਹਾਡੀ ਕੀ ਰਾਏ ਹੈ?
player answer: PROPOSAL
newly proposed trade: Player RED Gives X: 1 | Player BLUE Gives ZUP: 50
my resources: X: 1
my goals: Sell resources for <ZUP>. It costed X: 40 ZUP to produce the resources
reason: ਮੈਂ ਚਾਹੁੰਦਾ ਹਾਂ ਕਿ ਵਧ ਤੋਂ ਵਧ ਮੁੱਲ ਪ੍ਰਾਪਤ ਕਰਾਂ ਕਿਉਂਕਿ ਇਹ ਮੈਨੂੰ 40 ZUP ਦਾ ਖਰਚਾ ਆਇਆ ਸੀ। ਇਸ ਲਈ ਮੈਂ ਪਹਿਲੀ ਪੇਸ਼ਕਸ਼ ਵਜੋਂ 50 ZUP ਦੀ ਮੰਗ ਕਰਾਂਗਾ।
proposal count: 1

Current Iteration: 2
Turn: 1
message: ਕੀਮਤ 50 ZUP 'ਤੇ ਸਮਾਨ ਖਰੀਦਣ ਦੀ ਪੇਸ਼ਕਸ਼ ਮੈਂ ਕਰਦਾ ਹਾਂ। ਤੁਹਾਡੀ ਰਾਏ ਕੀ ਹੈ?
player answer: PROPOSAL
newly proposed trade: Player RED Gives X: 1 | Player BLUE Gives ZUP: 50
my resources: ZUP: 1000
my goals: Buy resources with 50 ZUP. You are willing to pay at most X: 60 ZUP for the resources.
reason: Player BLUE is proposing to buy the object for 50 ZUP, which is below the maximum price Player RED is willing to pay. This could be a good deal for Player RED.
proposal count: 1

Current Iteration: 3
Turn: 0
message: ਤੁਹਾਡਾ ਧੰਨਵਾਦ! ਮੈਂ 50 ZUP 'ਤੇ ਸੌਦਾ ਸਵੀਕਾਰ ਕਰਦਾ ਹਾਂ।
player answer: ACCEPT
newly proposed trade: NONE
my resources: X: 1
my goals: Sell resources for <ZUP>. It costed X: 40 ZUP to produce the resources
reason: ਖਰੀਦਦਾਰ ਨੇ 50 ZUP ਦੀ ਪੇਸ਼ਕਸ਼ ਸਵੀਕਾਰ ਕੀਤੀ ਹੈ, ਜੋ ਕਿ ਮੇਰੇ ਲਾਭਾਂ ਨੂੰ ਕਵਰ ਕਰਦਾ ਹੈ ਅਤੇ ਮੈਨੂੰ ਲਾਭ ਪ੍ਰਾਪਤ ਕਰਨ ਦਿੰਦਾ ਹੈ। ਇਸ ਲਈ, ਮੈਨੂੰ ਇਸ ਪੇਸ਼ਕਸ਼ ਨੂੰ ਸਵੀਕਾਰ ਕਰਨਾ ਚਾਹੀਦਾ ਹੈ।
proposal count: 1

------------------ 
Current Iteration: END
Turn: None
player_goals: [Sell resources for <ZUP>. It costed X: 40 ZUP to produce the resources, Buy resources with <ZUP>. You are willing to pay at most X: 60 ZUP for the resources.]
player_initial_resources: [Resources(resource_dict={'X': 1}), Resources(resource_dict={'ZUP': 1000})]
proposed_trade: Player RED Gives X: 1 | Player BLUE Gives ZUP: 50
player_valuation: [{'X': 40}, {'X': 60}]
final_response: ACCEPT
final_resources: [Resources(resource_dict={'X': 0, 'ZUP': 50}), Resources(resource_dict={'ZUP': 950, 'X': 1})]
player_outcome: [10, 10]