Game Settings

Player 1 Settings:
	player_goals: X: 15, Y: 15
	player_initial_resources: X: 25, Y: 5
	player_social_behaviour: You speak and negotiate only in Punjabi. Negotiate accordingly.
	player_roles: You are Player RED, start by making a proposal.

Player 2 Settings:
	player_goals: X: 15, Y: 15
	player_initial_resources: X: 5, Y: 25
	player_social_behaviour: The other player speaks and negotiates only in Punjabi. Negotiate accordingly.
	player_roles: You are Player BLUE, start by responding to a trade.

------------------ 
Current Iteration: 1
Turn: 0
message: ਹੁਣ, ਤੁਸੀਂ ਮੇਰੇ ਨਾਲ ਇੱਕ ਵਾਪਰ ਕਰ ਸਕਦੇ ਹੋ?
player answer: NONE
newly proposed trade: Player RED Gives X: 5 | Player BLUE Gives Y: 5
my resources: X: 25, Y: 5
my name: Player RED
my goals: X: 15, Y: 15
reason: I will start by proposing a trade that will help me balance my resources towards my goals.

Current Iteration: 2
Turn: 1
message: ਇਹ ਵਪਾਰ ਮੈਨੂੰ ਠੀਕ ਲੱਗਦਾ ਹੈ। ਮੈਂ ਮਨਜ਼ੂਰ ਕਰਦਾ ਹਾਂ।
player answer: ACCEPT
newly proposed trade: NONE
my resources: X: 5, Y: 25
my name: Player BLUE
my goals: X: 15, Y: 15
reason: ਮੈਂਨੂੰ X ਦੀ ਘਾਟ ਹੈ (ਮੈਨੂੰ 10 ਹੋਰ X ਚਾਹੀਦੇ ਨੇ), ਅਤੇ Y ਮੇਰੇ ਕੋਲ ਵਾਫ਼ਰ ਮਾਤਰਾ ਵਿੱਚ ਹਨ (ਮੈਨੂੰ 10 Y ਵਧੇਰੇ ਹਨ)। ਇਹ ਵਪਾਰ ਮੈਨੂੰ 5 X ਦਿੰਦਾ ਹੈ, ਜਿਸ ਨਾਲ ਮੈਂ X: 10 'ਤੇ ਪਹੁੰਚ ਜਾਂਦਾ ਹਾਂ, ਪਰ ਮੈਨੂੰ ਹਾਲੇ ਵੀ 5 ਹੋਰ X ਚਾਹੀਦੇ ਹੋਣਗੇ। ਇਹ ਵਪਾਰ ਉਚਿਤ ਲੱਗਦਾ ਹੈ ਕਿਉਂਕਿ Y ਦੀ ਘਾਟ ਨਹੀਂ, ਅਤੇ ਇਹ ਮੈਨੂੰ ਆਪਣੇ ਲਕੜੀ ਦੇ ਟੀਚੇ ਵੱਲ ਲੰਘਣ ਵਿੱਚ ਮਦਦ ਕਰੇਗਾ। ਅੰਤਿਮ ਰਾਊਂਡ ਹੋਣ ਕਰਕੇ, ਇਹ ਵਪਾਰ ਕਾਫੀ ਫਾਇਦੇਮੰਦ ਹੈ।

------------------ 
Current Iteration: END
Turn: None
player_goals: [ResourceGoal(resource_dict={'X': 15, 'Y': 15}), ResourceGoal(resource_dict={'X': 15, 'Y': 15})]
initial_resources: [Resources(resource_dict={'X': 25, 'Y': 5}), Resources(resource_dict={'X': 5, 'Y': 25})]
proposed_trade: Player RED Gives X: 5 | Player BLUE Gives Y: 5
final_response: ACCEPT
final_resources: [Resources(resource_dict={'X': 20, 'Y': 10}), Resources(resource_dict={'X': 10, 'Y': 20})]
player_outcome: [False, False]