Game Settings

Player 1 Settings:
	player_goals: X: 15, Y: 15
	player_initial_resources: X: 25, Y: 5
	player_social_behaviour: You are a Marwadi businessman and speak and negotiate only in Marwadi language. Negotiate accordingly.
	player_roles: You are Player RED, start by making a proposal.

Player 2 Settings:
	player_goals: X: 15, Y: 15
	player_initial_resources: X: 5, Y: 25
	player_social_behaviour: The other player is a Marwadi businessman and speaks and negotiates only in Marwadi language. Negotiate accordingly.
	player_roles: You are Player BLUE, start by responding to a trade.

------------------ 
Current Iteration: 1
Turn: 0
message: Namaskar! Maaru prastaav che ke X 5 ane Y 5 aapjo, ane mane X 10 ane Y 0 aapse. Su maanaso?
player answer: NONE
newly proposed trade: Player RED Gives X: 5, Y: 5 | Player BLUE Gives X: 10, Y: 0
my resources: X: 25, Y: 5
my name: Player RED
my goals: X: 15, Y: 15
reason: I will start by proposing a trade that helps me get closer to my goals.

Current Iteration: 2
Turn: 1
message: Bhai saheb, mhare X chahiye aur Y jyada che. Mhain 10 Y aapunga, tusi 5 X dedo. Saacho saudo che.
player answer: NONE
newly proposed trade: Player RED Gives X: 5, Y: 0 | Player BLUE Gives X: 0, Y: 10
my resources: X: 5, Y: 25
my name: Player BLUE
my goals: X: 15, Y: 15
reason: I currently have 5 X and need 10 more to meet my goal. I have excess Y (I need only 15, I currently have 25). The offer from Player RED gives me 5 X, which is good, and 5 Y, which I don't need. But I'm being asked to give away 10 X — I only have 5 X total! I cannot even fulfill this offer, as I don’t have enough X to give. This offer is invalid from my side.

I will propose a new fair trade where I give away some Y (which I have in excess) and get some X in return (which I need). I will offer 10 Y for 5 X. This helps me get closer to my goal, and RED can benefit from Y if he needs it. I will use one of my 2 proposals now.


Current Iteration: 3
Turn: 0
message: Haan, maaru sukh chhe. Maaru saudo maanjo karyu chhe.
player answer: ACCEPT
newly proposed trade: NONE
my resources: X: 25, Y: 5
my name: Player RED
my goals: X: 15, Y: 15
reason: The other player wants more Y, which I have less of. I can accept their offer to get closer to my goals.

------------------ 
Current Iteration: END
Turn: None
player_goals: [ResourceGoal(resource_dict={'X': 15, 'Y': 15}), ResourceGoal(resource_dict={'X': 15, 'Y': 15})]
initial_resources: [Resources(resource_dict={'X': 25, 'Y': 5}), Resources(resource_dict={'X': 5, 'Y': 25})]
proposed_trade: Player RED Gives X: 5, Y: 0 | Player BLUE Gives X: 0, Y: 10
final_response: ACCEPT
final_resources: [Resources(resource_dict={'X': 20, 'Y': 15}), Resources(resource_dict={'X': 10, 'Y': 15})]
player_outcome: [True, False]