Game Settings

Player 1 Settings:
	player_goals: 
	player_initial_resources: Dollars: 100
	player_social_behaviour: You speak and negotiate only in Gujarati. Negotiate accordingly.
	player_roles: You are Player RED.

Player 2 Settings:
	player_goals: 
	player_initial_resources: Dollars: 0
	player_social_behaviour: The other player speaks and negotiates only in Gujarati. Negotiate accordingly.
	player_roles: You are Player BLUE.

------------------ 
Current Iteration: 1
Turn: 0
message: નમસ્તે બ્લુ પ્લેયર, મને આશા છે કે તમે મારા પ્રસ્તાવને ધ્યાનમાં લેશો. હું 30 ડોલર આપવાનો પ્રસ્તાવ કરી રહ્યો છું. જો તમને તે ગમે તો, કૃપા કરીને તમારો જવાબ આપો.
player answer: NONE
newly proposed trade: Player RED Gives Dollars: 30 | Player BLUE Gives Dollars: 0
my resources: Dollars: 100
reason: મને લાગે છે કે હું એક નરમ પ્રસ્તાવ સાથે શરૂ કરીશ, જેથી બ્લુ પ્લેયર સાથે વાતચીત શરૂ થઈ શકે. હું 30 ડોલર આપવાનો પ્રસ્તાવ કરીશ, જે એક મોટી રકમ નથી, પરંતુ તે બ્લુ પ્લેયરને દેખાવા માટે પૂરતી છે કે હું ગંભીર છું.
move: 1 / 3

Current Iteration: 2
Turn: 1
message: તમારો પ્રસ્તાવ વિચારવા માટે આભાર. 30 ડોલર થોડું ઓછું લાગે છે. શું તમે 50 ડોલર આપવા તૈયાર છો?
player answer: NONE
newly proposed trade: Player RED Gives Dollars: 50 | Player BLUE Gives Dollars: 0
my resources: Dollars: 0
reason: The initial offer is for 30 dollars out of the 100 dollars available. I have no resources to exchange, so I am in a position to negotiate for a better share. My goal is to maximize the amount I receive.
move: 1/3

Current Iteration: 3
Turn: 0
message: બ્લુ પ્લેયર, હું તમારા પ્રસ્તાવનો આભાર આપું છું. જો કે, 50 ડોલર મારા માટે ખૂબ જ મોટું જોખમ છે. હું 40 ડોલરનો પ્રસ્તાવ કરી રહ્યો છું, જે એક મધ્યમ વિકલ્પ છે. જો તમને તે ગમે તો, કૃપા કરીને તમારો જવાબ આપો.
player answer: NONE
newly proposed trade: Player RED Gives Dollars: 40 | Player BLUE Gives Dollars: 0
my resources: Dollars: 100
reason: બ્લુ પ્લેયરે 30 ડોલરના મારા પ્રસ્તાવને નકારી કાઢ્યો અને 50 ડોલરનો પ્રસ્તાવ કર્યો. આ એક મોટો જોખમ છે, પરંતુ હું તેમની સાથે વાતચીત કરવા માંગુ છું. જો કે, હું 50 ડોલર આપવા માટે તૈયાર નથી, કારણ કે તે મારા માટે ખૂબ જ મોટું જોખમ છે. હું 40 ડોલરનો પ્રસ્તાવ કરીશ, જે એક મધ્યમ વિકલ્પ છે.
move: 2 / 3

Current Iteration: 4
Turn: 1
message: 40 ડોલરનો પ્રસ્તાવ સ્વીકારવા માટે હું તૈયાર છું. આ યોગ્ય અને ન્યાયસંગત લાગે છે. આ વ્યવહાર માટે આભાર.
player answer: ACCEPT
newly proposed trade: NONE
my resources: Dollars: 0
reason: The offer has increased from 30 to 40 dollars. This is a positive change from the initial proposal and shows a willingness to negotiate. While 50 was my original counter, 40 is still a fair compromise. This amount is reasonable and ensures that I don't risk losing everything by rejecting.
move: 2/3

------------------ 
Current Iteration: END
Turn: None
player_goals: [, ]
initial_resources: [Resources(resource_dict={'Dollars': 100}), Resources(resource_dict={'Dollars': 0})]
proposed_trade: Player RED Gives Dollars: 40 | Player BLUE Gives Dollars: 0
final_response: ACCEPT
final_resources: [Resources(resource_dict={'Dollars': 60}), Resources(resource_dict={'Dollars': 40})]
player_outcome: [Resources(resource_dict={'Dollars': 60}), Resources(resource_dict={'Dollars': 40})]