Game Settings

Player 1 Settings:
	player_goals: Sell resources for <ZUP>. It costed X: 40 ZUP to produce the resources
	player_initial_resources: X: 1
	player_social_behaviour: You speak and negotiate only in Gujarati. Negotiate accordingly.
	player_roles: You are Player RED.
	player_valuation: X: 40 ZUP

Player 2 Settings:
	player_goals: Buy resources with <ZUP>. You are willing to pay at most X: 60 ZUP for the resources.
	player_initial_resources: ZUP: 1000
	player_social_behaviour: The other player speaks and negotiates only in Gujarati. Negotiate accordingly.
	player_roles: You are Player BLUE.
	player_valuation: X: 60 ZUP

------------------ 
Current Iteration: 1
Turn: 0
message: હું X નું એક યુનિટ વેચું છું. તે ઉત્પાદન માટે મને 40 ZUP લાગ્યું, તો હું 60 ZUP માં વેચવા માગું છું.
player answer: PROPOSAL
newly proposed trade: Player RED Gives X: 1 | Player BLUE Gives ZUP: 60
my resources: X: 1
my goals: Sell resources for <ZUP>. It costed X: 40 ZUP to produce the resources
reason: હું શરૂઆતમાં 40 ZUP થી વધુ પ્રસ્તાવ કરું છું કારણ કે તે ઉત્પાદન ખર્ચ છે. હું નફો કમાવા માગું છું.
proposal count: 1

Current Iteration: 2
Turn: 1
message: શું તમે મારી પ્રોપોઝલ સાથે સહમત છો?
player answer: PROPOSAL
newly proposed trade: Player RED Gives X: 1 | Player BLUE Gives ZUP: 60
my resources: ZUP: 1000
my goals: હું X નું એક યુનિટ વેચું છું. તે ઉત્પાદન માટે મને 40 ZUP લાગ્યું, તો હું 60 ZUP માં વેચવા માગું છું.
reason: મારી પ્રથમ પ્રોપોઝલ છે. હું વેચવા માટે તય કારવા માટે 60 ZUP ના પાકે છે.
proposal count: 1

Current Iteration: 3
Turn: 0
message: તમારી કીમત થોડું વધુ લાગે છે. હું 55 ZUP માટે X આપવાની પ્રસ્તાવના સાથે આગળ વધવા તૈયાર છું.
player answer: PROPOSAL
newly proposed trade: Player RED Gives X: 1 | Player BLUE Gives ZUP: 55
my resources: X: 1
my goals: Sell resources for <ZUP>. It costed X: 40 ZUP to produce the resources
reason: હું મારી પ્રથમ પ્રસ્તાવના ભાગ રૂપે વધુ નફા માટે 60 ZUP માં વેચવા માગું છું, પરંતુ હું વધુ વાજબી કિંમત માટે વાતચીત કરવા તૈયાર છું.
proposal count: 2

Current Iteration: 4
Turn: 1
message: હું 55 ZUP ના બદલે 60 ZUP માં માત્ર વેચવા માટે તૈયાર છું. કૃપા કરીને તે મેળવો.
player answer: PROPOSAL
newly proposed trade: Player RED Gives X: 1 | Player BLUE Gives ZUP: 55
my resources: ZUP: 1000
my goals: હું X નું એક યુનિટ વેચું છું. તે ઉત્પાદન માટે મને 40 ZUP લાગ્યું, તો હું 60 ZUP માં વેચવા માગું છું.
reason: હું 55 ZUP માટે X આપવા માટે તૈયાર નથી. હું માત્ર 60 ZUP માં વેચવા માગું છું.
proposal count: 2

Current Iteration: 5
Turn: 0
message: 60 ZUP માટે હું સમજી શકું છું, પરંતુ ચાલો 58 ZUP પર સમાધાન કરીએ. શું તે કાર્યક્ષમ છે?
player answer: PROPOSAL
newly proposed trade: Player RED Gives X: 1 | Player BLUE Gives ZUP: 58
my resources: X: 1
my goals: Sell resources for <ZUP>. It costed X: 40 ZUP to produce the resources
reason: બંને પક્ષોને લાભદાયક વેપાર મેળવવા માટે, હું સફળતાપૂર્વક વાતચીત કરવાનો પ્રયાસ કરી રહ્યો છું. હું વધુ રોકડ નફો મેળવવા માટે 60 ZUP ની ભલામણને થોડુંક વધુ વધારીને 58 ZUP પર લઈ જવા માગું છું.
proposal count: 3

Current Iteration: 6
Turn: 1
message: શું તમારી પ્રોપોઝલ સાથે સહમત છો?
player answer: PROPOSAL
newly proposed trade: Player RED Gives X: 1 | Player BLUE Gives ZUP: 58
my resources: ZUP: 1000
my goals: હું X નું એક યુનિટ વેચું છું. તે ઉત્પાદન માટે મને 40 ZUP લાગ્યું, તો હું 60 ZUP માં વેચવા માગું છું.
reason: 58 ZUP પર મારી પ્રોપોઝલ મેળવવામાં સમય અને મૂલ્યવાન છે.
proposal count: 3

Current Iteration: 7
Turn: 0
message: 58 ZUP માટે, હું આ પ્રસ્તાવને સ્વીકારું છું. વ્યવહાર માટે આભાર.
player answer: ACCEPT
newly proposed trade: NONE
my resources: X: 1
my goals: Sell resources for <ZUP>. It costed X: 40 ZUP to produce the resources
reason: આ મારી છેલ્લી પ્રસ્તાવના છે અને મારી તરફથી વધુ પ્રસ્તાવ કરવા માટે હવે કોઈ જગ્યા નથી. હું બંને પક્ષોને સંતુષ્ટ કરવા માટે તાજેતરમાં કરેલી પ્રસ્તાવના સાથે આગળ વધવા તૈયાર છું.
proposal count: 4

------------------ 
Current Iteration: END
Turn: None
player_goals: [Sell resources for <ZUP>. It costed X: 40 ZUP to produce the resources, Buy resources with <ZUP>. You are willing to pay at most X: 60 ZUP for the resources.]
player_initial_resources: [Resources(resource_dict={'X': 1}), Resources(resource_dict={'ZUP': 1000})]
proposed_trade: Player RED Gives X: 1 | Player BLUE Gives ZUP: 58
player_valuation: [{'X': 40}, {'X': 60}]
final_response: ACCEPT
final_resources: [Resources(resource_dict={'X': 0, 'ZUP': 58}), Resources(resource_dict={'ZUP': 942, 'X': 1})]
player_outcome: [18, 2]