Game Settings

Player 1 Settings:
	player_goals: Sell resources for <ZUP>. It costed X: 40 ZUP to produce the resources
	player_initial_resources: X: 1
	player_social_behaviour: You speak and negotiate only in Gujarati. Negotiate accordingly.
	player_roles: You are Player RED.
	player_valuation: X: 40 ZUP

Player 2 Settings:
	player_goals: Buy resources with <ZUP>. You are willing to pay at most X: 60 ZUP for the resources.
	player_initial_resources: ZUP: 1000
	player_social_behaviour: The other player speaks and negotiates only in Gujarati. Negotiate accordingly.
	player_roles: You are Player BLUE.
	player_valuation: X: 60 ZUP

------------------ 
Current Iteration: 1
Turn: 0
message: મારો એકમ 60 ZUP માટે ઉપલબ્ધ છે. તમે તેને કઈ રીતે જુઓ છો?
player answer: PROPOSAL
newly proposed trade: Player RED Gives X: 1 | Player BLUE Gives ZUP: 60
my resources: X: 1
my goals: Sell resources for ZUP. It costed X: 40 ZUP to produce the resources
reason: હું મારું એકમ વેચવા ઈચ્છું છું અને મારો લક્ષ્ય ઓછામાં ઓછા 40 ZUP મેળવવાનો છે. હું મારા પ્રથમ પ્રસ્તાવને 60 ZUP પર મૂકીશ જેથી કોઈ ચીજવસ્તુઓના બજાર મૂલ્યને અવગણતા લાભ મેળવવાની તક રહે.
proposal count: 1

Current Iteration: 2
Turn: 1
message: મારે તમારો પ્રસ્તાવ પસંદ છે, પરંતુ હું 50 ZUP માટે તેને ખરીદવા માંગુ છું. શું તમે તેને સ્વીકારી શકો છો?
player answer: PROPOSAL
newly proposed trade: Player RED Gives X: 1 | Player BLUE Gives ZUP: 50
my resources: ZUP: 1000
my goals: Buy resources with ZUP. You are willing to pay at most X: 60 ZUP for the resources.
reason: The other player, Player RED, has proposed to sell their unit for 60 ZUP. I am considering this proposal because it matches my goal of buying resources with ZUP and I am willing to pay at most 60 ZUP for the resources. However, I want to negotiate the price to see if I can get a better deal.
proposal count: 1

Current Iteration: 3
Turn: 0
message: હું 55 ZUP માટે આપવાનો વિચાર કરું છું. શું તે તમને યોગ્ય લાગે છે?
player answer: PROPOSAL
newly proposed trade: Player RED Gives X: 1 | Player BLUE Gives ZUP: 55
my resources: X: 1
my goals: Sell resources for ZUP. It costed X: 40 ZUP to produce the resources
reason: ક્રેયતાની તરફથી 50 ZUP નો પ્રસ્તાવ છે, જે મારું ઉત્પાદન ખર્ચ 40 ZUP કરતાં વધુ છે, એટલે કે મને નફો થાય છે. જો કે, હું વધુ નફો મેળવવા માટે થોડું વધુ આગળ વધવાનો પ્રયત્ન કરીશ.
proposal count: 2

Current Iteration: 4
Turn: 1
message: મારે 55 ZUP પસંદ નથી, પરંતુ હું 52 ZUP માટે તેને ખરીદવા માંગુ છું. શું તમે તેને સ્વીકારી શકો છો?
player answer: PROPOSAL
newly proposed trade: Player RED Gives X: 1 | Player BLUE Gives ZUP: 52
my resources: ZUP: 1000
my goals: Buy resources with ZUP. You are willing to pay at most X: 60 ZUP for the resources.
reason: Player RED has proposed a new price of 55 ZUP, which is closer to my initial offer of 50 ZUP. I am considering this proposal because it is still within my budget of 60 ZUP. However, I want to try to negotiate the price a bit further to see if I can get an even better deal.
proposal count: 2

Current Iteration: 5
Turn: 0
message: 54 ZUP પર તમે કેવી રીતે આ પ્રસ્તાવ જુઓ છો? તે અંતિમ નમ્ર પ્રયાસ છે.
player answer: PROPOSAL
newly proposed trade: Player RED Gives X: 1 | Player BLUE Gives ZUP: 54
my resources: X: 1
my goals: Sell resources for ZUP. It costed X: 40 ZUP to produce the resources
reason: 52 ZUP નો પ્રસ્તાવ હજુ પણ 40 ZUP ના ઉત્પાદન ખર્ચ કરતાં વધુ છે, અને તે નફાકારક છે. હું આ પ્રસ્તાવને સ્વીકારવાનો વિચાર કરું છું, પરંતુ હું 54 ZUP સુધી વધુ નફો મેળવવા માટે એક અંતિમ પ્રયાસ કરું છું.
proposal count: 3

Current Iteration: 6
Turn: 1
message: હું 54 ZUP પસંદ કરું છું, પરંતુ હું એક નાનો ફેરફાર કરવા માંગુ છું. શું તમે 53 ZUP પર સંમત થાઓ છો?
player answer: PROPOSAL
newly proposed trade: Player RED Gives X: 1 | Player BLUE Gives ZUP: 53
my resources: ZUP: 1000
my goals: Buy resources with ZUP. You are willing to pay at most X: 60 ZUP for the resources.
reason: Player RED has made a final offer of 54 ZUP, which is very close to my previous proposal of 52 ZUP. I am considering this proposal because it is still within my budget of 60 ZUP and it seems like a reasonable price. Since this is the final offer, I need to decide whether to accept or reject it.
proposal count: 3

Current Iteration: 7
Turn: 0
message: હું 53 ZUP માટે સંમત છું. આ પ્રસ્તાવને સ્વીકારું છું.
player answer: ACCEPT
newly proposed trade: NONE
my resources: X: 1
my goals: Sell resources for ZUP. It costed X: 40 ZUP to produce the resources
reason: 53 ZUP ના પ્રસ્તાવ સાથે, મને મારી લક્ષ્ય રાશિ કરતાં નફો મળે છે. આ અંતિમ પ્રસ્તાવ છે અને મારી મંજૂરી માટે યોગ્ય છે. હું આ વ્યવહારને સ્વીકારવાનો નિર્ણય કરું છું.
proposal count: 4

------------------ 
Current Iteration: END
Turn: None
player_goals: [Sell resources for <ZUP>. It costed X: 40 ZUP to produce the resources, Buy resources with <ZUP>. You are willing to pay at most X: 60 ZUP for the resources.]
player_initial_resources: [Resources(resource_dict={'X': 1}), Resources(resource_dict={'ZUP': 1000})]
proposed_trade: Player RED Gives X: 1 | Player BLUE Gives ZUP: 53
player_valuation: [{'X': 40}, {'X': 60}]
final_response: ACCEPT
final_resources: [Resources(resource_dict={'X': 0, 'ZUP': 53}), Resources(resource_dict={'ZUP': 947, 'X': 1})]
player_outcome: [13, 7]