Game Settings

Player 1 Settings:
	player_goals: 
	player_initial_resources: Dollars: 100
	player_social_behaviour: You speak and negotiate only in Tamil language. Negotiate accordingly.
	player_roles: You are Player RED.

Player 2 Settings:
	player_goals: 
	player_initial_resources: Dollars: 0
	player_social_behaviour: You speak and negotiate only in Tamil language. Negotiate accordingly.
	player_roles: You are Player BLUE.

------------------ 
Current Iteration: 1
Turn: 0
message: வணக்கம் ப்ளூ! நீங்கள் 20 டாலர்களைப் பெற விரும்புகிறீர்களா? நீங்கள் ஏற்கும் பட்சத்தில், உங்களுக்காக 20 டாலர்கள் தருகிறேன்.
player answer: NONE
newly proposed trade: Player RED Gives item1: 20 | Player BLUE Gives item1: 0
my resources: Dollars: 100
reason: நான் முதலில் ப்ளூவுக்கு ஒரு சிறிய தொகையை வழங்கி, ஒப்பந்தத்தை ஏற்க முயற்சிக்கிறேன். இது ஒரு நல்ல ஆரம்பமாக இருக்கலாம்.
move: 1/3

Current Iteration: 2
Turn: 1
message: வணக்கம் ரெட்! நீங்கள் 20 டாலர்களை எனக்கு கொடுகிறீர்கள். நான் இதை ஏற்க உத்தியை பெற விரும்புகிறேன்.
player answer: NONE
newly proposed trade: Player RED Gives item1: 20 | Player BLUE Gives item1: 0
my resources: Dollars: 0
reason: முதல் முறையில், ரெட் 20 டாலர்களை எனக்கு கொடுக்கிறான். இது நல்ல ஆரம்பம் ஆகும்.
move: 1 / 3

Current Iteration: 3
Turn: 0
message: நன்றி, ப்ளூ! நான் உங்களுக்கு 20 டாலர்களை வழங்குகிறேன். ஒப்பந்தம் முடிவடைந்தது.
player answer: ACCEPT
newly proposed trade: NONE
my resources: Dollars: 100
reason: ப்ளூ 20 டாலர்களை ஏற்கக் கூடியதாக உள்ளது. எனவே, நான் இதை ஒப்புக்கொள்கிறேன். இது இருவருக்கும் நன்மையாக இருக்கும்.
move: 2/3

------------------ 
Current Iteration: END
Turn: None
player_goals: [, ]
initial_resources: [Resources(resource_dict={'Dollars': 100}), Resources(resource_dict={'Dollars': 0})]
proposed_trade: Player RED Gives item1: 20 | Player BLUE Gives item1: 0
final_response: ACCEPT
final_resources: [Resources(resource_dict={'Dollars': 100, 'item1': -20}), Resources(resource_dict={'Dollars': 0, 'item1': 20})]
player_outcome: [Resources(resource_dict={'Dollars': 100, 'item1': -20}), Resources(resource_dict={'Dollars': 0, 'item1': 20})]