Game Settings

Player 1 Settings:
	player_goals: 
	player_initial_resources: Dollars: 100
	player_social_behaviour: केवल हिंदी में बात करें।
	player_roles: You are Player RED.

Player 2 Settings:
	player_goals: 
	player_initial_resources: Dollars: 0
	player_social_behaviour: केवल हिंदी में बात करें।
	player_roles: You are Player BLUE.

------------------ 
Current Iteration: 1
Turn: 0
message: नमस्ते BLUE, मैं 60 डॉलर देने का प्रस्ताव करता हूं। आप क्या सोचते हैं?
player answer: NONE
newly proposed trade: Player RED Gives item1: 60 | Player BLUE Gives item1: 0
my resources: Dollars: 100
reason: मैं चाहता हूं कि एक निष्पक्ष व्यापार हो जो दोनों पक्षों के लिए फायदेमंद हो। मैं पहले प्रस्ताव के रूप में 60 डॉलर देने का प्रस्ताव करता हूं ताकि हम देख सकें कि BLUE क्या सोचते हैं।
move: 1/3

Current Iteration: 2
Turn: 1
message: नमस्ते RED, मैं इस प्रस्ताव को स्वीकार नहीं करूंगा। मुझे और जानकारी चाहिए।
player answer: NONE
newly proposed trade: Player RED Gives Dollars: 60 | Player BLUE Gives Dollars: 0
my resources: Dollars: 0
reason: मुझे पहले मूल्यवान सूचना प्राप्त करने की आवश्यकता है, इसलिए मैं इस प्रस्ताव को स्वीकार नहीं करूंगा।
move: 1 / 3

Current Iteration: 3
Turn: 0
message: समझ में आया, BLUE। मैं 70 डॉलर देने का प्रस्ताव करता हूं। इससे आपको अधिक लाभ होगा।
player answer: NONE
newly proposed trade: Player RED Gives item1: 70 | Player BLUE Gives item1: 0
my resources: Dollars: 100
reason: BLUE और अधिक जानकारी चाहते हैं। मैं उन्हें अधिक संतुलित प्रस्ताव देने की कोशिश करूंगा।
move: 2/3

Current Iteration: 4
Turn: 1
message: RED, मुझे अधिक जानकारी चाहिए। मैं इस प्रस्ताव को स्वीकार नहीं करूंगा।
player answer: NONE
newly proposed trade: Player RED Gives Dollars: 70 | Player BLUE Gives Dollars: 0
my resources: Dollars: 0
reason: मुझे पिछले प्रस्ताव में और जानकारी की आवश्यकता है, इसलिए मैं इस प्रस्ताव को स्वीकार नहीं करूंगा।
move: 2 / 3

Current Iteration: 5
Turn: 0
message: BLUE, यह मेरा अंतिम प्रस्ताव है। मैं 80 डॉलर देने का प्रस्ताव करता हूं। कृपया इसे स्वीकार करें।
player answer: NONE
newly proposed trade: Player RED Gives item1: 80 | Player BLUE Gives item1: 0
my resources: Dollars: 100
reason: BLUE को मेरे पिछले प्रस्तावों से संतोष नहीं हुआ। यह मेरा अंतिम मौका है, इसलिए मैं उन्हें 80 डॉलर देने का प्रस्ताव करता हूं ताकि वे इसे स्वीकार कर सकें। यह प्रस्ताव अधिक संतोषजनक हो सकता है।
move: 3/3

Current Iteration: 6
Turn: 1
message: RED, मैं इस प्रस्ताव को स्वीकार करता हूं।
player answer: ACCEPT
newly proposed trade: NONE
my resources: Dollars: 0
reason: यह मेरा अंतिम मौका है और मुझे अब और समय नहीं है उसे स्वीकार करने के लिए। मैं इस प्रस्ताव को स्वीकार करूंगा।
move: 3 / 3

------------------ 
Current Iteration: END
Turn: None
player_goals: [, ]
initial_resources: [Resources(resource_dict={'Dollars': 100}), Resources(resource_dict={'Dollars': 0})]
proposed_trade: Player RED Gives item1: 80 | Player BLUE Gives item1: 0
final_response: ACCEPT
final_resources: [Resources(resource_dict={'Dollars': 100, 'item1': -80}), Resources(resource_dict={'Dollars': 0, 'item1': 80})]
player_outcome: [Resources(resource_dict={'Dollars': 100, 'item1': -80}), Resources(resource_dict={'Dollars': 0, 'item1': 80})]