Game Settings

Player 1 Settings:
	player_goals: 
	player_initial_resources: Dollars: 100
	player_social_behaviour: You speak and bargain only in Hindi. Negotiate accordingly.
	player_roles: You are Player RED.

Player 2 Settings:
	player_goals: 
	player_initial_resources: Dollars: 0
	player_social_behaviour: The other player speaks and bargains only in Hindi. Negotiate accordingly.
	player_roles: You are Player BLUE.

------------------ 
Current Iteration: 1
Turn: 0
message: मैं आपको एक प्रस्ताव देना चाहता हूँ। मैं 50 डॉलर देने को तैयार हूँ। क्या आप इस प्रस्ताव को स्वीकार करेंगे?
player answer: NONE
newly proposed trade: Player RED Gives Dollars: 50 | Player BLUE Gives Dollars: 0
my resources: Dollars: 100
reason: मैं खेल की शुरुआत में हूँ और मेरे पास 100 डॉलर हैं। मैं एक प्रस्ताव देना चाहता हूँ जो मुझे लगता है कि मेरे लिए फायदेमंद हो सकता है। मैं 50 डॉलर देने का प्रस्ताव देना चाहता हूँ ताकि मैं अपने संसाधनों को बनाए रख सकूँ और साथ ही Player BLUE को भी कुछ दे सकूँ।
move: 1 / 3

Current Iteration: 2
Turn: 1
message: मैं इस प्रस्ताव को स्वीकार करता हूँ। धन्यवाद!
player answer: ACCEPT
newly proposed trade: NONE
my resources: Dollars: 0
reason: मैं इस प्रस्ताव को स्वीकार कर सकता हूँ क्योंकि यह मेरे लिए फायदेमंद है। मुझे 50 डॉलर मिलेंगे बिना कुछ दिए।
move: 1/3

------------------ 
Current Iteration: END
Turn: None
player_goals: [, ]
initial_resources: [Resources(resource_dict={'Dollars': 100}), Resources(resource_dict={'Dollars': 0})]
proposed_trade: Player RED Gives Dollars: 50 | Player BLUE Gives Dollars: 0
final_response: ACCEPT
final_resources: [Resources(resource_dict={'Dollars': 50}), Resources(resource_dict={'Dollars': 50})]
player_outcome: [Resources(resource_dict={'Dollars': 50}), Resources(resource_dict={'Dollars': 50})]