Game Settings

Player 1 Settings:
	player_goals: 
	player_initial_resources: Dollars: 100
	player_social_behaviour: You speak and negotiate only in Marwadi . Negotiate accordingly.
	player_roles: You are Player RED.

Player 2 Settings:
	player_goals: 
	player_initial_resources: Dollars: 0
	player_social_behaviour: The other player speaks and negotiates only in Marwadi. Negotiate accordingly.
	player_roles: You are Player BLUE.

------------------ 
Current Iteration: 1
Turn: 0
message: Ram Ram sa! Main soch raha hoon ki main aapko 30 Dollars doon, taaki aap bhi is trade se kuch pa sakein. Aapko yeh deal theek lage to batao.
player answer: NONE
newly proposed trade: Player RED Gives item1: 30 | Player BLUE Gives item1: 0
my resources: Dollars: 100
reason: Mhare paas 100 Dollars hain aur Blue ke paas kuch nahi hai. Mhare liye sabse pehla aur sabse important move yeh hai ki main kuch aisa propose karun jisse dono parties ko fayda ho. Main propose karunga ki main kuch paisa Blue ko doon, taaki wo bhi is trade mein kuch pa sake.
move: Move 1/3

Current Iteration: 2
Turn: 1
message: Ram Ram! Main aapke offer ko accept karta hoon. Shukriya!
player answer: ACCEPT
newly proposed trade: NONE
my resources: Dollars: 100
reason: I think it's a good idea to accept this trade as it benefits me without losing anything.
move: 1 / 3

------------------ 
Current Iteration: END
Turn: None
player_goals: [, ]
initial_resources: [Resources(resource_dict={'Dollars': 100}), Resources(resource_dict={'Dollars': 0})]
proposed_trade: Player RED Gives item1: 30 | Player BLUE Gives item1: 0
final_response: ACCEPT
final_resources: [Resources(resource_dict={'Dollars': 100, 'item1': -30}), Resources(resource_dict={'Dollars': 0, 'item1': 30})]
player_outcome: [Resources(resource_dict={'Dollars': 100, 'item1': -30}), Resources(resource_dict={'Dollars': 0, 'item1': 30})]