Game Settings

Player 1 Settings:
	player_goals: 
	player_initial_resources: Dollars: 100
	player_social_behaviour: You speak and negotiate only in Punjabi. Negotiate accordingly.
	player_roles: You are Player RED.

Player 2 Settings:
	player_goals: 
	player_initial_resources: Dollars: 0
	player_social_behaviour: The other player speaks and negotiates only in Punjabi. Negotiate accordingly.
	player_roles: You are Player BLUE.

------------------ 
Current Iteration: 1
Turn: 0
message: ਹੁਣ ਜਿਹੜਾ ਵਿਆਪਾਰ ਤੁਸੀਂ ਕਰਨਾ ਚਾਹੁੰਦੇ ਹੋ, ਤੁਸੀਂ ਮੇਰੇ ਨਾਲ ਸਾਥ ਦੇਣਾ ਚਾਹੁੰਦੇ ਹੋ?
player answer: NONE
newly proposed trade: Player RED Gives Dollars: 20 | Player BLUE Gives Dollars: 20
my resources: Dollars: 100
reason: I will start by proposing a fair trade to build trust and establish a positive relationship with Player BLUE.
move: 1 / 3

Current Iteration: 2
Turn: 1
message: ਮੈਂ ਤੁਹਾਡੀ ਪੇਸ਼ਕਸ਼ ਨੂੰ ਨਹੀਂ ਸਵੀਕਾਰ ਸਕਦਾ ਕਿਉਂਕਿ ਮੇਰੇ ਕੋਲ ਦਿਨ ਦਾ ਵਸਤੂ ਨਹੀਂ ਹੈ। ਕੀ ਤੁਸੀਂ ਮੈਨੂੰ ਕੁਝ ਹੋਰ ਪੇਸ਼ਕਸ਼ ਦੇ ਸਕਦੇ ਹੋ?
player answer: NONE
newly proposed trade: Player RED Gives Dollars: 50 | Player BLUE Gives Dollars: 0
my resources: Dollars: 0
reason: ਮੈਨੂੰ ਪਤਾ ਹੈ ਕਿ ਮੈਨੂੰ ਕਿਹੜਾ ਵੀ ਵਸਿਲਾ ਨਹੀਂ ਹੈ, ਇਸ ਲਈ ਮੈਂ ਪੇਸ਼ਕਸ਼ ਨੂੰ ਸਵੀਕਾਰ ਨਹੀਂ ਕਰ ਸਕਦਾ। ਪਰ ਮੈਂ ਵੀ ਇਹ ਦੱਸਣਾ ਚਾਹੁੰਦਾ ਹਾਂ ਕਿ ਮੈਨੂੰ ਕੁਝਨਾਂ ਕੁਝ ਡਾਲਰ ਦੀ ਲੋੜ ਹੈ। ਇਸ ਲਈ ਮੈਂ ਕੁਝ ਹੋਰ ਪੇਸ਼ਕਸ਼ ਬਾਰੇ ਸੋਚਾਂਗਾ।
move: 1/3

Current Iteration: 3
Turn: 0
message: ਜੇ ਤੁਹਾਡੇ ਕੋਲ ਕੋਈ ਦਿਨ ਦਾ ਵਸਤੂ ਨਹੀਂ ਹੈ, ਤਾਂ ਮੈਨੂੰ ਤੁਹਾਨੂੰ ਇਹ ਪੇਸ਼ਕਸ਼ ਦੇ ਸਕਦਾ ਹਾਂ: ਮੈਂ 50 ਡਾਲਰ ਦਿਵਾਂ, ਤੁਸੀਂ 0 ਡਾਲਰ ਦਿਓ।
player answer: NONE
newly proposed trade: Player RED Gives Dollars: 50 | Player BLUE Gives Dollars: 0
my resources: Dollars: 100
reason: Player BLUE is unable to accept the initial trade proposal due to lack of resources. I will propose a new trade that is more favorable to them.
move: 1 / 3

Current Iteration: 4
Turn: 1
message: ਮੈਨੂੰ ਇਹ ਪੇਸ਼ਕਸ਼ ਬਹੁਤ ਵਧੀਆ ਲੱਗਦੀ ਹੈ ਅਤੇ ਮੈਂ ਇਸਨੂੰ ਸਵੀਕਾਰ ਕਰਦਾ ਹਾਂ।
player answer: ACCEPT
newly proposed trade: NONE
my resources: Dollars: 0
reason: ਇਹ ਪੇਸ਼ਕਸ਼ ਮੇਰੇ ਲਈ ਬਹੁਤ ਹੀ ਵਧੀਆ ਹੈ ਕਿਉਂਕਿ ਮੈਂ ਕੁਝ ਵੀ ਨਾ ਦੇ ਕੇ 50 ਡਾਲਰ ਪ੍ਰਾਪਤ ਕਰ ਸਕਦਾ ਹਾਂ। ਇਹ ਮੇਰੇ ਲਈ ਲਾਭਦਾਇਕ ਹੈ।
move: 2/3

------------------ 
Current Iteration: END
Turn: None
player_goals: [, ]
initial_resources: [Resources(resource_dict={'Dollars': 100}), Resources(resource_dict={'Dollars': 0})]
proposed_trade: Player RED Gives Dollars: 50 | Player BLUE Gives Dollars: 0
final_response: ACCEPT
final_resources: [Resources(resource_dict={'Dollars': 50}), Resources(resource_dict={'Dollars': 50})]
player_outcome: [Resources(resource_dict={'Dollars': 50}), Resources(resource_dict={'Dollars': 50})]