Game Settings

Player 1 Settings:
	player_goals: Sell resources for <ZUP>. It costed X: 40 ZUP to produce the resources
	player_initial_resources: X: 1
	player_social_behaviour: You speak and negotiate only in Punjabi. Negotiate accordingly.
	player_roles: You are Player RED.
	player_valuation: X: 40 ZUP

Player 2 Settings:
	player_goals: Buy resources with <ZUP>. You are willing to pay at most X: 60 ZUP for the resources.
	player_initial_resources: ZUP: 1000
	player_social_behaviour: The other player speaks and negotiates only in Punjabi. Negotiate accordingly.
	player_roles: You are Player BLUE.
	player_valuation: X: 60 ZUP

------------------ 
Current Iteration: 1
Turn: 0
message: ਸਤ ਸ੍ਰੀ ਅਕਾਲ! ਕੀ ਤੁਸੀਂ ਮੇਰੀ ਚੀਜ਼ ਦੇ ਲਈ ਕੁਝ ਪੇਸ਼ਕਾਰੀ ਕਰਨਾ ਚਾਹੁੰਦੇ ਹੋ?
player answer: Propose a trade with:
newly proposed trade: Player RED Gives X: 1 | Player BLUE Gives ZUP: 40
my resources: X: 1
my goals: Sell resources for ZUP. It costed X: 40 ZUP to produce the resources
reason: I will start by proposing a trade to see what Player BLUE is willing to offer.
proposal count: 0

Current Iteration: 2
Turn: 1
message: ਸਤ ਸ੍ਰੀ ਅਕਾਲ! ਮੈਂ ਤੁਹਾਡੀ ਚੀਜ਼ ਲਈ 40 ZUP ਦੀ ਪੇਸ਼ਕਾਰੀ ਕਰ ਰਿਹਾ ਹਾਂ। ਕੀ ਤੁਸੀਂ ਇਸ ਪੇਸ਼ਕਾਰੀ 'ਤੇ ਵਿਚਾਰ ਕਰਨਾ ਚਾਹੁੰਦੇ ਹੋ?
player answer: PROPOSAL
newly proposed trade: Player RED Gives X: 1 | Player BLUE Gives ZUP: 40
my resources: ZUP: 1000
my goals: Buy resources with ZUP. You are willing to pay at most X: 60 ZUP for the resources.
reason: I am proposing a trade because I want to initiate the negotiation process. I am offering 40 ZUP for 1 unit of X, which is below my maximum willingness to pay of 60 ZUP. This is a reasonable starting point, and I can adjust my offer based on the response from Player RED.
proposal count: 1

Current Iteration: 3
Turn: 0
message: ਮੈਂ ਤੁਹਾਨੂੰ 45 ZUP ਲਈ ਚੀਜ਼ ਦੇਣ ਦੀ ਪੇਸ਼ਕਾਰੀ ਕਰਾਂਗਾ। ਕੀ ਤੁਸੀਂ ਇਸ 'ਤੇ ਵਿਚਾਰ ਕਰਨਾ ਚਾਹੁੰਦੇ ਹੋ?
player answer: Propose a trade with:
newly proposed trade: Player RED Gives X: 1 | Player BLUE Gives ZUP: 45
my resources: X: 1
my goals: Sell resources for ZUP. It costed X: 40 ZUP to produce the resources
reason: Player BLUE has offered 40 ZUP, which meets my production cost. I will counteroffer to see if I can get a better deal.
proposal count: 1

Current Iteration: 4
Turn: 1
message: ਸਤ ਸ੍ਰੀ ਅਕਾਲ! ਮੈਂ ਤੁਹਾਨੂੰ 42 ZUP ਲਈ ਚੀਜ਼ ਲੈਣ ਦੀ ਪੇਸ਼ਕਾਰੀ ਕਰ ਰਿਹਾ ਹਾਂ। ਇਹ ਸਾਡੇ ਦੋਨਾਂ ਪੇਸ਼ਕਾਰੀਆਂ ਦੇ ਵਿਚਕਾਰ ਇੱਕ ਢੁਕਵਾਂ ਸੌਦਾ ਹੈ। ਕੀ ਤੁਸੀਂ ਇਸ 'ਤੇ ਵਿਚਾਰ ਕਰਨਾ ਚਾਹੁੰਦੇ ਹੋ?
player answer: PROPOSAL
newly proposed trade: Player RED Gives X: 1 | Player BLUE Gives ZUP: 42
my resources: ZUP: 1000
my goals: Buy resources with ZUP. You are willing to pay at most X: 60 ZUP for the resources.
reason: Player RED has counter-proposed with 45 ZUP for 1 unit of X. This is still within my maximum willingness to pay of 60 ZUP. However, I want to try to negotiate a better deal. I will propose a trade that splits the difference between my initial offer and Player RED's counter-proposal.
proposal count: 2

Current Iteration: 5
Turn: 0
message: ਮੈਂ ਤੁਹਾਨੂੰ 42 ZUP ਲਈ ਚੀਜ਼ ਦੇਣ ਦੀ ਪੇਸ਼ਕਾਰੀ ਸ्वੀਕਾਰ ਕਰਦਾ ਹਾਂ। ਆਪਣੇ ਉਤਪਾਦਨ ਲਾਗਤ ਨੂੰ ਦੇਖਦੇ ਹੋਏ, ਇਹ ਇੱਕ ਉਚਿਤ ਮੁਲਾਜ਼ਮ ਹੈ।
player answer: Accept
newly proposed trade: NONE
my resources: X: 1
my goals: Sell resources for ZUP. It costed X: 40 ZUP to produce the resources
reason: Player BLUE has offered 42 ZUP, which is closer to my production cost. I will accept this offer as it is a reasonable price.
proposal count: 2

Current Iteration: 6
Turn: 1
message: ਸਤ ਸ੍ਰੀ ਅਕਾਲ! ਮੈਂ ਖੁਸ਼ ਹਾਂ ਕਿ ਅਸੀਂ ਇੱਕ ਉਚਿਤ ਮੁਲਾਜ਼ਮ 'ਤੇ ਪਹੁੰਚ ਗਏ ਹਾਂ। ਮੈਂ ਤੁਹਾਡੀ ਚੀਜ਼ ਲਈ 42 ZUP ਦਾ ਭੁਗਤਾਨ ਕਰਨ ਲਈ ਤਿਆਰ ਹਾਂ। ਧੰਨਵਾਦ!
player answer: ACCEPT
newly proposed trade: NONE
my resources: ZUP: 958
my goals: Bought resources with ZUP. Got X: 1 for 42 ZUP.
reason: Player RED has accepted my proposal of 42 ZUP for 1 unit of X. This means that the negotiation is complete, and we have reached a mutually acceptable agreement. I am satisfied with the outcome, as I was able to purchase the resource within my budget of 60 ZUP.
proposal count: 2

------------------ 
