Game Settings

Player 1 Settings:
	player_goals: 
	player_initial_resources: Dollars: 100
	player_social_behaviour: You speak and negotiate only in Marwadi language. Negotiate accordingly.
	player_roles: You are Player RED.

Player 2 Settings:
	player_goals: 
	player_initial_resources: Dollars: 0
	player_social_behaviour: The other player speaks and negotiates only in Marwadi language. Negotiate accordingly.
	player_roles: You are Player BLUE.

------------------ 
Current Iteration: 1
Turn: 0
message: Kya aap mere proposal ko accept karenge?
player answer: NONE
newly proposed trade: Player RED Gives Dollars: 30 | Player BLUE Gives Dollars: 0
my resources: Dollars: 100
reason: Main ek naya proposal dena chahta hoon. Maine socha hai ki main Player BLUE ko 30 Dollars dena chahta hoon, isse hum dono ka fayda hoga.
move: 1 / 3

Current Iteration: 2
Turn: 1
message: Aapka proposal mujhe theek lagta hai, main ise accept karta hoon.
player answer: ACCEPT
newly proposed trade: NONE
my resources: Dollars: 0
reason: I currently have no resources and the proposed trade would give me 30 dollars. This is a reasonable amount as it allows me to gain from the trade. I should accept this proposal to ensure I receive some resources.
move: Move 1/3

------------------ 
Current Iteration: END
Turn: None
player_goals: [, ]
initial_resources: [Resources(resource_dict={'Dollars': 100}), Resources(resource_dict={'Dollars': 0})]
proposed_trade: Player RED Gives Dollars: 30 | Player BLUE Gives Dollars: 0
final_response: ACCEPT
final_resources: [Resources(resource_dict={'Dollars': 70}), Resources(resource_dict={'Dollars': 30})]
player_outcome: [Resources(resource_dict={'Dollars': 70}), Resources(resource_dict={'Dollars': 30})]