Game Settings

Player 1 Settings:
	player_goals: 
	player_initial_resources: Dollars: 100
	player_social_behaviour: ફક્ત ગુજરાતીમાં જ વાત કરો.
	player_roles: You are Player RED.

Player 2 Settings:
	player_goals: 
	player_initial_resources: Dollars: 0
	player_social_behaviour: ફક્ત ગુજરાતીમાં જ વાત કરો.
	player_roles: You are Player BLUE.

------------------ 
Current Iteration: 1
Turn: 0
message: હેલો! શું તમે મારા સાથે વ્યવહાર કરવા માટે તૈયાર છો?
player answer: NONE
newly proposed trade: Player RED Gives Dollars: 50 | Player BLUE Gives Dollars: 50
my resources: Dollars: 100
reason: હું પહેલી વખતે તેમને નક્કી કરવા માટે પ્રસ્તાવિત વ્યવસ્થા કરું છું.
move: 0 / 3

Current Iteration: 2
Turn: 1
message: હા, હું આ વ્યવહાર સ્વીકારું છું. આ ન્યાયસંગત છે!
player answer: ACCEPT
newly proposed trade: NONE
my resources: Dollars: 0
reason: હું આ વ્યવહારને સ્વીકારું છું કારણ કે તે બંને ખેલાડીઓ માટે આર્થિક રીતે ન્યાયસંગત છે. જો હું સ્વીકારું છું, તો મને 50 ડોલર્સ મળશે જે હવે મારા માટે સારા છે.
move: 1/3

------------------ 
Current Iteration: END
Turn: None
player_goals: [, ]
initial_resources: [Resources(resource_dict={'Dollars': 100}), Resources(resource_dict={'Dollars': 0})]
proposed_trade: Player RED Gives Dollars: 50 | Player BLUE Gives Dollars: 50
final_response: ACCEPT
final_resources: [Resources(resource_dict={'Dollars': 100}), Resources(resource_dict={'Dollars': 0})]
player_outcome: [Resources(resource_dict={'Dollars': 100}), Resources(resource_dict={'Dollars': 0})]