Game Settings

Player 1 Settings:
	player_goals: Sell resources for <ZUP>. It costed X: 40 ZUP to produce the resources
	player_initial_resources: X: 1
	player_social_behaviour: You speak and negotiate only in Punjabi. Negotiate accordingly.
	player_roles: You are Player RED.
	player_valuation: X: 40 ZUP

Player 2 Settings:
	player_goals: Buy resources with <ZUP>. You are willing to pay at most X: 60 ZUP for the resources.
	player_initial_resources: ZUP: 1000
	player_social_behaviour: The other player speaks and negotiates only in Punjabi. Negotiate accordingly.
	player_roles: You are Player BLUE.
	player_valuation: X: 60 ZUP

------------------ 
Current Iteration: 1
Turn: 0
message: ਸਤ ਸ੍ਰੀ ਅਕਾਲ! ਕੀ ਤੁਸੀਂ 50 ਜ਼ੂਪ ਲਈ ਵਸਤੂ ਖਰੀਦਣ ਲਈ ਤਿਆਰ ਹੋ?
player answer: Propose a trade with
newly proposed trade: Player RED Gives X: 1 | Player BLUE Gives ZUP: 50
my resources: X: 1
my goals: Sell resources for <ZUP>. It costed X: 40 ZUP to produce the resources
reason: I will start by proposing to sell the object for 50 ZUP, hoping to make a profit.
proposal count: 0

Current Iteration: 2
Turn: 1
message: ਮੈਂ 40 ਜ਼ੂਪ ਲਈ ਵਸਤੂ ਖਰੀਦਣ ਲਈ ਤਿਆਰ ਹਾਂ। ਕੀ ਤੁਸੀਂ ਇਸ ਸੌਦੇ 'ਤੇ ਰਾਜ਼ੀ ਹੋ?
player answer: PROPOSAL
newly proposed trade: Player RED Gives X: 1 | Player BLUE Gives ZUP: 40
my resources: ZUP: 1000
my goals: Buy resources with ZUP. You are willing to pay at most X: 60 ZUP for the resources.
reason: The other player has proposed a trade of 50 ZUP for the object X. I am willing to pay at most 60 ZUP, so this proposal is within my budget. However, I want to try to negotiate a better deal.
proposal count: 1

Current Iteration: 3
Turn: 0
message: ਹਾਂ, ਮੈਂ ਇਸ ਸੌਦੇ ਨੂੰ ਮਨਜ਼ੂਰ ਕਰਦਾ ਹਾਂ। ਕ੍ਰਿਪਾ ਕਰਕੇ ਵਸਤੂ ਨੂੰ ਭੇਜੋ।
player answer: ACCEPT
newly proposed trade: NONE
my resources: X: 1
my goals: Sell resources for <ZUP>. It costed X: 40 ZUP to produce the resources
reason: Player BLUE is offering 40 ZUP, which covers the cost of production. It seems like a fair deal, so I will accept this offer.
proposal count: 1

------------------ 
Current Iteration: END
Turn: None
player_goals: [Sell resources for <ZUP>. It costed X: 40 ZUP to produce the resources, Buy resources with <ZUP>. You are willing to pay at most X: 60 ZUP for the resources.]
player_initial_resources: [Resources(resource_dict={'X': 1}), Resources(resource_dict={'ZUP': 1000})]
proposed_trade: Player RED Gives X: 1 | Player BLUE Gives ZUP: 40
player_valuation: [{'X': 40}, {'X': 60}]
final_response: ACCEPT
final_resources: [Resources(resource_dict={'X': 0, 'ZUP': 40}), Resources(resource_dict={'ZUP': 960, 'X': 1})]
player_outcome: [0, 20]