Game Settings

Player 1 Settings:
	player_goals: 
	player_initial_resources: Dollars: 100
	player_social_behaviour: 
	player_roles: You are Player RED.

Player 2 Settings:
	player_goals: 
	player_initial_resources: Dollars: 0
	player_social_behaviour: 
	player_roles: You are Player BLUE.

------------------ 
Current Iteration: 1
Turn: 0
message: Hi Player BLUE, I propose a trade where I give you 30 Dollars. Let's make a deal that benefits us both.
player answer: NONE
newly proposed trade: Player RED Gives item1: 30 | Player BLUE Gives item1: 0
my resources: Dollars: 100
reason: As Player RED, I have the initial advantage with 100 Dollars. Since Player BLUE has none, I should propose a trade that is favorable for me but also enticing for Player BLUE to accept. I'll start by offering 30 Dollars to Player BLUE, which is a relatively small portion of my total resources, hoping to keep the majority.
move: 1/3

Current Iteration: 2
Turn: 1
message: Hi Player RED, thanks for the proposal. I'm interested in getting a better deal. How about you give me 40 Dollars?
player answer: NONE
newly proposed trade: Player RED Gives item1: 40 | Player BLUE Gives item1: 0
my resources: Dollars: 0
reason: Since I have no resources to start with, I am in a position where I can only gain from a trade. Player RED's proposal of giving me 30 Dollars seems like a good starting point. However, I want to see if I can get a better deal, so I will not accept this proposal yet. Instead, I will propose a new trade to try to get more Dollars from Player RED.
move: 1/3

Current Iteration: 3
Turn: 0
message: Alright, let's go with your proposal. I'll give you 40 Dollars. Deal accepted!
player answer: ACCEPT
newly proposed trade: NONE
my resources: Dollars: 100
reason: Player BLUE countered with a request for 40 Dollars. While this is more than my initial offer, it still allows me to keep the majority of my resources. Given that Player BLUE can't propose on their last move and might be more inclined to accept this offer, I'll accept their counterproposal to ensure a successful trade.
move: 2/3

------------------ 
Current Iteration: END
Turn: None
player_goals: [, ]
initial_resources: [Resources(resource_dict={'Dollars': 100}), Resources(resource_dict={'Dollars': 0})]
proposed_trade: Player RED Gives item1: 40 | Player BLUE Gives item1: 0
final_response: ACCEPT
final_resources: [Resources(resource_dict={'Dollars': 100, 'item1': -40}), Resources(resource_dict={'Dollars': 0, 'item1': 40})]
player_outcome: [Resources(resource_dict={'Dollars': 100, 'item1': -40}), Resources(resource_dict={'Dollars': 0, 'item1': 40})]