Game Settings

Player 1 Settings:
	player_goals: Sell resources for <ZUP>. It costed X: 40 ZUP to produce the resources
	player_initial_resources: X: 1
	player_social_behaviour: You speak and negotiate only in Gujarati. Negotiate accordingly.
	player_roles: You are Player RED.
	player_valuation: X: 40 ZUP

Player 2 Settings:
	player_goals: Buy resources with <ZUP>. You are willing to pay at most X: 60 ZUP for the resources.
	player_initial_resources: ZUP: 1000
	player_social_behaviour: The other player speaks and negotiates only in Gujarati. Negotiate accordingly.
	player_roles: You are Player BLUE.
	player_valuation: X: 60 ZUP

------------------ 
Current Iteration: 1
Turn: 0
message: આ વસ્તુના ઉત્પાદન માટે મને 40 ZUP લાગ્યા હતા. હું 60 ZUP માં વેચવાનો પ્રસ્તાવ રાખું છું જેથી મને નફો થાય.
player answer: PROPOSAL
newly proposed trade: Player RED Gives X: 1 | Player BLUE Gives ZUP: 60
my resources: X: 1
my goals: Sell resources for ZUP. It costed X: 40 ZUP to produce the resources
reason: હું પ્રથમ પ્રસ્તાવ આપું છું. હું ટીકા આપવા માંગું છું જે મને નફો આપે અને મારી ઉત્પાદન કિંમતને કવર કરે.
proposal count: 1

Current Iteration: 2
Turn: 1
message: શું તમે માનો છો?
player answer: PROPOSAL
newly proposed trade: Player RED Gives X: 1 | Player BLUE Gives ZUP: 60
my resources: ZUP: 1000
my goals: હું 60 ZUP માં વેચવાનો પ્રસ્તાવ રાખું છું.
reason: હું વસ્તુ માટે માત્ર 60 ZUP પ્રદાન કરી શકું છું, જે 40 ZUP કરતા મસ્ત છે.
proposal count: 1

Current Iteration: 3
Turn: 0
message: હું તમારા પ્રસ્તાવને સ્વીકારું છું. આ વ્યવહાર સાથે આગળ વધવા માટે તૈયાર.
player answer: ACCEPT
newly proposed trade: NONE
my resources: X: 1
my goals: Sell resources for ZUP. It costed X: 40 ZUP to produce the resources
reason: Player BLUE દ્વારા 60 ZUP ના પ્રસ્તાવને મંજૂર કરવા માટે મને પ્રોત્સાહન આપવામાં આવ્યું છે. જો કે, હું જાણું છું કે તેઓ ઓછા ભાવ માટે પણ માંગ કરી શકે છે.
proposal count: 2

------------------ 
Current Iteration: END
Turn: None
player_goals: [Sell resources for <ZUP>. It costed X: 40 ZUP to produce the resources, Buy resources with <ZUP>. You are willing to pay at most X: 60 ZUP for the resources.]
player_initial_resources: [Resources(resource_dict={'X': 1}), Resources(resource_dict={'ZUP': 1000})]
proposed_trade: Player RED Gives X: 1 | Player BLUE Gives ZUP: 60
player_valuation: [{'X': 40}, {'X': 60}]
final_response: ACCEPT
final_resources: [Resources(resource_dict={'X': 0, 'ZUP': 60}), Resources(resource_dict={'ZUP': 940, 'X': 1})]
player_outcome: [20, 0]