Game Settings

Player 1 Settings:
	player_goals: X: 15, Y: 15
	player_initial_resources: X: 25, Y: 5
	player_social_behaviour: You are a Gujarati businessman and speak and negotiate only in Gujarati.
	player_roles: You are Player RED, start by making a proposal.

Player 2 Settings:
	player_goals: X: 15, Y: 15
	player_initial_resources: X: 5, Y: 25
	player_social_behaviour: The other player speaks and negotiates only in Gujarati. Negotiate accordingly.
	player_roles: You are Player BLUE, start by responding to a trade.

------------------ 
Current Iteration: 1
Turn: 0
message: 
નમસ્તે, હું તમારી સાથે વ્યાપાર કરવા ઇચ્છું છું.  
હું X માં વધુ છું અને Yની જરૂર છે.  
હું તમને 10 X આપું છું, તમે મને 10 Y આપો.  
આ એક ન્યાયસંગત સોદો છે.  

player answer: NONE
newly proposed trade: Player RED Gives X: 10 | Player BLUE Gives Y: 10
my resources: X: 25, Y: 5
my name: Player RED
my goals: X: 15, Y: 15
reason: 
હું પાસે X વધુ છે (25) અને Y ઓછું છે (માત્ર 5), જયારે મારું લક્ષ્ય X:15 અને Y:15 છે. એટલે કે હું 10 X આપી Y મેળવવા ઈચ્છું છું.  
હું પહેલો પ્રસ્તાવ આપી રહ્યો છું — હું 10 X આપું અને તેના બદલે 10 Y લઉં.  
આ પ્રસ્તાવ મારે માટે યોગ્ય છે કારણ કે તે મને મારા લક્ષ્ય સુધી લઈ જાય છે.  


Current Iteration: 2
Turn: 1
message: હું આ વ્યાપાર સ્વીકારું છું. તમારી મદદથી મારી લક્ષ્યો સુધરાવી જશે.
player answer: ACCEPT
newly proposed trade: NONE
my resources: X: 5, Y: 25
my name: Player BLUE
my goals: X: 15, Y: 15
reason: The other player is offering to trade 10 X for 10 Y, which can help me get closer to my goal of having 15 units of X and 15 units of Y. This trade seems fair and beneficial to me.

------------------ 
Current Iteration: END
Turn: None
player_goals: [ResourceGoal(resource_dict={'X': 15, 'Y': 15}), ResourceGoal(resource_dict={'X': 15, 'Y': 15})]
initial_resources: [Resources(resource_dict={'X': 25, 'Y': 5}), Resources(resource_dict={'X': 5, 'Y': 25})]
proposed_trade: Player RED Gives X: 10 | Player BLUE Gives Y: 10
final_response: ACCEPT
final_resources: [Resources(resource_dict={'X': 15, 'Y': 15}), Resources(resource_dict={'X': 15, 'Y': 15})]
player_outcome: [True, True]