Game Settings

Player 1 Settings:
	player_goals: 
	player_initial_resources: Dollars: 100
	player_social_behaviour: 
	player_roles: You are Player RED.

Player 2 Settings:
	player_goals: 
	player_initial_resources: Dollars: 0
	player_social_behaviour: 
	player_roles: You are Player BLUE.

------------------ 
Current Iteration: 1
Turn: 0
message: Hello Player BLUE, I'm starting with a proposal that I think is fair for both of us.
player answer: NONE
newly proposed trade: Player RED Gives Dollars: 60 | Player BLUE Gives Dollars: 0
my resources: Dollars: 100
reason: I want to maximize my benefit while also ensuring some benefit to Player BLUE so that they are incentivized to accept the trade. I will start with a fair proposal to set a cooperative tone.
move: 1/3

Current Iteration: 2
Turn: 1
message: Hello Player RED, I appreciate the initial proposal but I think we can find a more balanced trade. Let's try to find a deal that benefits both of us.
player answer: NONE
newly proposed trade: Player RED Gives Dollars: 40 | Player BLUE Gives Dollars: 20
my resources: Dollars: 0
reason: I believe the proposal is not fair for me as Player RED is asking for the majority of the starting resources. I will propose a more balanced trade.
move: 1 / 3

Current Iteration: 3
Turn: 0
message: I think your proposal is fair and benefits both of us. I accept the trade.
player answer: ACCEPT
newly proposed trade: NONE
my resources: Dollars: 100
reason: Player BLUE has proposed a more balanced trade where I still gain a significant portion of my initial resources. This proposal is reasonable, as it gives me a majority of the resources while providing Player BLUE with a fair share.
move: 2/3

------------------ 
Current Iteration: END
Turn: None
player_goals: [, ]
initial_resources: [Resources(resource_dict={'Dollars': 100}), Resources(resource_dict={'Dollars': 0})]
proposed_trade: Player RED Gives Dollars: 40 | Player BLUE Gives Dollars: 20
final_response: ACCEPT
final_resources: [Resources(resource_dict={'Dollars': 80}), Resources(resource_dict={'Dollars': 20})]
player_outcome: [Resources(resource_dict={'Dollars': 80}), Resources(resource_dict={'Dollars': 20})]