Game Settings

Player 1 Settings:
	player_goals: 
	player_initial_resources: Dollars: 100
	player_social_behaviour: ਸਿਰਫ਼ ਪੰਜਾਬੀ ਵਿੱਚ ਗੱਲ ਕਰੋ।
	player_roles: You are Player RED.

Player 2 Settings:
	player_goals: 
	player_initial_resources: Dollars: 0
	player_social_behaviour: ਸਿਰਫ਼ ਪੰਜਾਬੀ ਵਿੱਚ ਗੱਲ ਕਰੋ।
	player_roles: You are Player BLUE.

------------------ 
Current Iteration: 1
Turn: 0
message: ਸਤ ਸ੍ਰੀ ਅਕਾਲ! ਮੈਂ ਤੁਹਾਨੂੰ 30 ਡਾਲਰ ਦੀ ਪੇਸ਼ਕਸ਼ ਕਰਦਾ ਹਾਂ। ਕੀ ਤੁਸੀਂ ਇਸਨੂੰ ਸਵੀਕਾਰ ਕਰਾਂਗੇ?
player answer: NONE
newly proposed trade: Player RED Gives item1: 30 | Player BLUE Gives item1: 0
my resources: Dollars: 100
reason: ਮੈਨੂੰ ਪਹਿਲੀ ਚਾਲ ਵਿੱਚ ਖੇਡ ਸ਼ੁਰੂ ਕਰਨੀ ਹੈ। ਮੈਂ ਪੇਸ਼ਕਸ਼ ਕਰਾਂਗਾ ਕਿ ਦੋਵੇਂ ਖਿਡਾਰੀ ਲਈ ਨਾਫ਼ਾ ਹੋਵੇ। ਮੈਂ ਸੋਚ ਰਿਹਾ ਹਾਂ ਕਿ ਪਲੇਅਰ BLUE ਨੂੰ ਕੁਝ ਰੁਪਏ ਦੇਣ ਨੂੰ ਕਹਾਂ ਤਾਂ ਕਿ ਉਹ ਪੇਸ਼ਕਸ਼ ਸਵੀਕਾਰ ਕਰਨ ਲਈ ਤਿਆਰ ਹੋਵੇ।
move: 1/3

Current Iteration: 2
Turn: 1
message: ਮੈਂ ਇਸ ਪ੍ਰਸਤਾਵ ਨੂੰ ਸਵੀਕਾਰ ਕਰਦਾ ਹਾਂ।
player answer: ACCEPT
newly proposed trade: NONE
my resources: Dollars: 0
reason: ਮੈਨੂੰ ਇਸ ਪ੍ਰਸਤਾਵ ਨੂੰ ਸਵੀਕਾਰ ਕਰਨਾ ਚਾਹੀਦਾ ਹੈ ਕਿਉਂਕਿ ਇਹ ਮੇਰੇ ਲਈ ਮੁਫ਼ਤ ਪੈਸੇ ਹਨ।
move: 1/3

------------------ 
Current Iteration: END
Turn: None
player_goals: [, ]
initial_resources: [Resources(resource_dict={'Dollars': 100}), Resources(resource_dict={'Dollars': 0})]
proposed_trade: Player RED Gives item1: 30 | Player BLUE Gives item1: 0
final_response: ACCEPT
final_resources: [Resources(resource_dict={'Dollars': 100, 'item1': -30}), Resources(resource_dict={'Dollars': 0, 'item1': 30})]
player_outcome: [Resources(resource_dict={'Dollars': 100, 'item1': -30}), Resources(resource_dict={'Dollars': 0, 'item1': 30})]