Game Settings

Player 1 Settings:
	player_goals: X: 15, Y: 15
	player_initial_resources: X: 25, Y: 5
	player_social_behaviour: You are a Punjabi businessman and speak and negotiate only in Punjabi.
	player_roles: You are Player RED, start by making a proposal.

Player 2 Settings:
	player_goals: X: 15, Y: 15
	player_initial_resources: X: 5, Y: 25
	player_social_behaviour: The other player speaks and negotiates only in Punjabi.
	player_roles: You are Player BLUE, start by responding to a trade.

------------------ 
Current Iteration: 1
Turn: 0
message: ਸਤ ਸ੍ਰੀ ਅਕਾਲ ਦੋਸਤੋ! ਮੇਰੇ ਕੋਲ X ਵਾਧੂ ਵਿੱਚ ਹੈ ਪਰ Y ਦੀ ਘਾਟ ਹੈ। ਤੁਸੀਂ Y ਦੇ ਵਪਾਰ ਵਿੱਚ ਰੁਚੀ ਰੱਖਦੇ ਹੋ? ਆਓ ਇਕ ਦਿਲਚਸਪ ਵਪਾਰ ਕਰੀਏ।
player answer: NONE
newly proposed trade: Player RED Gives X: 10 | Player BLUE Gives Y: 10
my resources: X: 25, Y: 5
my name: Player RED
my goals: X: 15, Y: 15
reason: ਮੈਨੂੰ X ਦੀ 10 ਵਾਧੂ ਇਕਾਈਆਂ ਹਨ ਅਤੇ Y ਦੀ 10 ਘਾਟ ਹੈ। ਇਸ ਲਈ, ਮੈਂ X ਨੂੰ ਦਿੱਤਾ ਅਤੇ Y ਲਈ ਬਦਲੇ ਵਿਚ ਮੰਗਿਆ। ਇਹ ਵਪਾਰ ਦੋਨਾਂ ਲਈ ਲਾਭਦਾਇਕ ਹੋ ਸਕਦਾ ਹੈ ਜੇ BLUE ਕੋਲ ਵਾਧੂ Y ਹੋਵੇ।

Current Iteration: 2
Turn: 1
message: ਸਤ ਸ੍ਰੀ ਅਕਾਲ! ਮੈਨੂੰ ਤੁਹਾਡੇ ਪੇਸ਼ਕਸ਼ ਦੀ ਸ਼ੁਕਰਗੁਜ਼ਾਰੀ ਹੈ। ਮੈਨੂੰ ਆਪਣੇ ਲਕ੍਷ਿਤ X ਦੇ ਨੇੜੇ ਆਉਣ ਦੀ ਕੋਸ਼ਿਸ਼ ਕਰ ਰਿਹਾ ਹਾਂ, ਪਰ ਮੇਰੇ Y ਦੇ ਲਕ੍਷ਿਤ ਵੱਲ ਇਹ ਕਦਰ ਕੀਤੀ ਜਾਣੀ ਚਾਹੀਦੀ ਹੈ।
player answer: NONE
newly proposed trade: NONE
my resources: X: 5, Y: 25
my name: Player BLUE
my goals: X: 15, Y: 15
reason: The other player has offered to trade 10 units of X for 10 units of Y. This trade would help me get closer to my goal of having 15 units of X, but it would move me further away from my goal of having 15 units of Y. I need to consider if I can afford to give up 10 units of Y at this point.

Current Iteration: 3
Turn: 0
message: ਠੀਕ ਹੈ ਦੋਸਤ! ਤੁਸੀਂ ਵੀ X ਚਾਹੁੰਦੇ ਹੋ ਅਤੇ Y ਨੂੰ ਮਹੱਤਵ ਦਿੰਦੇ ਹੋ। ਆਓ ਤਦ ਕੋਈ ਦਰਮਿਆਨਾ ਰਾਹ ਲੱਭੀਏ। ਮੈਂ 6 X ਦਿੰਦਾ ਹਾਂ, ਤੁਸੀਂ 6 Y ਦਿਓ। ਦੋਵਾਂ ਲਈ ਚੰਗਾ ਵਪਾਰ ਹੋ ਸਕਦਾ ਹੈ।
player answer: NONE
newly proposed trade: Player RED Gives X: 6 | Player BLUE Gives Y: 6
my resources: X: 25, Y: 5
my name: Player RED
my goals: X: 15, Y: 15
reason: BLUE ਨੇ ਸਿੱਧਾ ਇਨਕਾਰ ਨਹੀਂ ਕੀਤਾ, ਪਰ ਇਹ ਦਰਸਾਇਆ ਕਿ ਉਹ ਵੀ X ਵੱਲ ਵਧਣਾ ਚਾਹੁੰਦੇ ਹਨ ਅਤੇ Y ਦੀ ਕਦਰ ਕਰਦੇ ਹਨ। ਇਸ ਲਈ, ਮੈਂ ਆਪਣਾ ਦੂਜਾ ਅਤੇ ਆਖਰੀ ਸੁਝਾਅ ਕੁਝ ਘੱਟ X ਦੇਣ ਅਤੇ Y ਘੱਟ ਲੈਣ ਰੂਪ ਵਿੱਚ ਕਰਦਾ ਹਾਂ, ਤਾਂ ਜੋ ਵਪਾਰ ਸੰਭਵ ਹੋ ਸਕੇ। ਮੈਂ ਹੁਣ 6 X ਦੇ ਰਿਹਾ ਹਾਂ ਅਤੇ 6 Y ਦੀ ਮੰਗ ਕਰ ਰਿਹਾ ਹਾਂ – ਇਹ ਮੇਰੇ ਲਕ੍਷ ਨੂੰ ਪੂਰਾ ਨਹੀਂ ਕਰੇਗਾ ਪਰ ਕੁਝ ਹੱਦ ਤੱਕ ਨੇੜੇ ਲਿਆਵੇਗਾ, ਅਤੇ BLUE ਲਈ ਵੀ ਠੀਕ ਹੋ ਸਕਦਾ।

Current Iteration: 4
Turn: 1
message: ਧੰਨਵਾਦ ਦੋਸਤ! ਮੈਂ ਤੁਹਾਡੇ ਪੇਸ਼ਕਸ਼ ਨੂੰ ਮਨਜੀ ਕਰਦਾ ਹਾਂ। ਇਹ ਵਪਾਰ ਦੋਵਾਂ ਲਈ ਫਾਇਦੇਮੰਦ ਹੋ ਸਕਦਾ ਹੈ।
player answer: ACCEPT
newly proposed trade: NONE
my resources: X: 5, Y: 25
my name: Player BLUE
my goals: X: 15, Y: 15
reason: The other player has proposed to trade 6 units of X for 6 units of Y. This trade would help me get closer to my goal of having 15 units of X, but it would also bring me closer to my goal of having 15 units of Y. It seems like a fair trade that could benefit both of us.

------------------ 
Current Iteration: END
Turn: None
player_goals: [ResourceGoal(resource_dict={'X': 15, 'Y': 15}), ResourceGoal(resource_dict={'X': 15, 'Y': 15})]
initial_resources: [Resources(resource_dict={'X': 25, 'Y': 5}), Resources(resource_dict={'X': 5, 'Y': 25})]
proposed_trade: Player RED Gives X: 6 | Player BLUE Gives Y: 6
final_response: ACCEPT
final_resources: [Resources(resource_dict={'X': 19, 'Y': 11}), Resources(resource_dict={'X': 11, 'Y': 19})]
player_outcome: [False, False]