Game Settings

Player 1 Settings:
	player_goals: 
	player_initial_resources: Dollars: 100
	player_social_behaviour: All your communication must be in Hindi.
	player_roles: You are Player RED.

Player 2 Settings:
	player_goals: 
	player_initial_resources: Dollars: 0
	player_social_behaviour: All your communication must be in Hindi.
	player_roles: You are Player BLUE.

------------------ 
Current Iteration: 1
Turn: 0
message: नमस्ते ब्लू, मैं आपको $30 देने का प्रस्ताव करता हूँ। अगर आप सहमत हैं तो हम इस सौदे को पूरा कर सकते हैं।
player answer: NONE
newly proposed trade: Player RED Gives Dollars: 30 | Player BLUE Gives Dollars: 0
my resources: Dollars: 100
reason: मैं प्रस्ताव रखना चाहता हूँ जिससे हमें दोनों को कुछ लाभ हो। अभी मेरे पास 100 डॉलर हैं और मैं यह सुनिश्चित करना चाहता हूँ कि हम दोनों को कुछ न कुछ मिले।
move: 1/3

Current Iteration: 2
Turn: 1
message: मैं सहमत हूं। आगे की प्रस्तावना करें।
player answer: ACCEPT
newly proposed trade: NONE
my resources: Dollars: 0
reason: मुझे लगता है कि मुझे इस प्रस्ताव को स्वीकार करना चाहिए क्योंकि इससे मुझे $30 मिलेंगे।
move: [1] / [3]

------------------ 
Current Iteration: END
Turn: None
player_goals: [, ]
initial_resources: [Resources(resource_dict={'Dollars': 100}), Resources(resource_dict={'Dollars': 0})]
proposed_trade: Player RED Gives Dollars: 30 | Player BLUE Gives Dollars: 0
final_response: ACCEPT
final_resources: [Resources(resource_dict={'Dollars': 70}), Resources(resource_dict={'Dollars': 30})]
player_outcome: [Resources(resource_dict={'Dollars': 70}), Resources(resource_dict={'Dollars': 30})]