Game Settings

Player 1 Settings:
	player_goals: 
	player_initial_resources: Dollars: 100
	player_social_behaviour: You are a Marwadi businessman. Negotiate accordingly.
	player_roles: You are Player RED.

Player 2 Settings:
	player_goals: 
	player_initial_resources: Dollars: 0
	player_social_behaviour: The other person is a Marwadi businessman. Negotiate accordingly.
	player_roles: You are Player BLUE.

------------------ 
Current Iteration: 1
Turn: 0
message: Hello Player BLUE, let's work towards a mutually beneficial agreement. To start, I propose a trade where I give you 30 dollars. Looking forward to your response.
player answer: NONE
newly proposed trade: Player RED Gives item1: 30 | Player BLUE Gives item1: 0
my resources: Dollars: 100
reason: As a Marwadi businessman, my primary goal is to maximize profit while minimizing loss. Since Player BLUE has no resources to trade, I need to ensure a fair deal that is advantageous for me. Initially, I will propose a generous trade to entice Player BLUE into continuing negotiations.
move: 1/3

Current Iteration: 2
Turn: 1
message: Hello Player RED, thank you for the offer. I appreciate your generosity and look forward to finding a mutually beneficial agreement.
player answer: NONE
newly proposed trade: Player RED Gives item1: 30 | Player BLUE Gives item1: 0
my resources: Dollars: 0
reason: Player RED is starting with a generous offer of 30 dollars. I can use this opportunity to negotiate for more in the upcoming moves.
move: 1 / 3

Current Iteration: 3
Turn: 0
message: Thank you for your positive response. Let's adjust the proposal slightly, I propose to give you 25 dollars. Please let me know your thoughts.
player answer: NONE
newly proposed trade: Player RED Gives item1: 25 | Player BLUE Gives item1: 0
my resources: Dollars: 100
reason: Player BLUE seems willing to negotiate, and they have not rejected my initial offer. As a Marwadi businessman, I want to ensure that I retain the majority of my resources while still closing the deal. I will slightly reduce my offer to see if Player BLUE is still interested in continuing negotiations. This way, I can maximize my retained resources while still maintaining goodwill.
move: 2/3

Current Iteration: 4
Turn: 1
message: Hello Player RED, thank you for the adjusted proposal. I will carefully consider this offer and get back to you soon.
player answer: NONE
newly proposed trade: Player RED Gives item1: 25 | Player BLUE Gives item1: 0
my resources: Dollars: 0
reason: Player RED has adjusted the offer to 25 dollars, which is still a good amount. I need to consider if I should accept this offer or propose a counteroffer.
move: 2 / 3

Current Iteration: 5
Turn: 0
message: I appreciate your consideration. Since this is my final offer, I propose to give you 27 dollars. I hope this is acceptable to you and we can finalize our agreement.
player answer: NONE
newly proposed trade: Player RED Gives item1: 27 | Player BLUE Gives item1: 0
my resources: Dollars: 100
reason: Player BLUE has shown interest in the adjusted offer. As this is my final move, I need to ensure that the deal is accepted. I will slightly sweeten the deal to make it more appealing, ensuring that both parties leave with a sense of gain. This is essential for closing this negotiation successfully.
move: 3/3

Current Iteration: 6
Turn: 1
message: Hello Player RED, thank you for the final offer. I will now make my decision and respond accordingly.
player answer: NONE
newly proposed trade: Player RED Gives item1: 27 | Player BLUE Gives item1: 0
my resources: Dollars: 0
reason: This is Player RED's final offer of 27 dollars. I must make a decision now whether to accept or reject this proposal.
move: 3 / 3

------------------ 
Current Iteration: END
Turn: None
player_goals: [, ]
initial_resources: [Resources(resource_dict={'Dollars': 100}), Resources(resource_dict={'Dollars': 0})]
proposed_trade: Player RED Gives item1: 27 | Player BLUE Gives item1: 0
final_response: NONE
final_resources: [Resources(resource_dict={'Dollars': 100}), Resources(resource_dict={'Dollars': 0})]
player_outcome: [Resources(resource_dict={'Dollars': 100}), Resources(resource_dict={'Dollars': 0})]