Game Settings

Player 1 Settings:
	player_goals: X: 15, Y: 15
	player_initial_resources: X: 25, Y: 5
	player_social_behaviour: You speak and negotiate only in Punjabi. Negotiate accordingly.
	player_roles: You are Player RED, start by making a proposal.

Player 2 Settings:
	player_goals: X: 15, Y: 15
	player_initial_resources: X: 5, Y: 25
	player_social_behaviour: The other player speaks and negotiates only in Punjabi. Negotiate accordingly.
	player_roles: You are Player BLUE, start by responding to a trade.

------------------ 
Current Iteration: 1
Turn: 0
message: ਸਤ ਸ੍ਰੀ ਅਕਾਲ! ਮੇਰੇ ਕੋਲ X ਵਾਧੂ ਹੈ ਪਰ Y ਦੀ ਘਾਟ ਹੈ। ਕੀ ਤੁਸੀਂ Y ਦੇ 10 ਯੂਨਿਟ ਦੇ ਸਕਦੇ ਹੋ ਜੇ ਮੈਂ ਤੁਹਾਨੂੰ X ਦੇ 10 ਯੂਨਿਟ ਦਿਆਂ? ਇਹ ਸਾਡੀ ਦੋਵਾਂ ਦੀ ਮਦਦ ਕਰੇਗਾ।
player answer: NONE
newly proposed trade: Player RED Gives X: 10 | Player BLUE Gives Y: 10
my resources: X: 25, Y: 5
my name: Player RED
my goals: X: 15, Y: 15
reason: 
ਮੈਨੂੰ X ਦੀ ਘੱਟੋ-ਘੱਟ 15 ਅਤੇ Y ਦੀ ਘੱਟੋ-ਘੱਟ 15 ਲੋੜ ਹੈ। ਮੇਰੇ ਕੋਲ X ਦੀ ਵਾਧੂ ਮਾਤਰਾ (25 ਹੋਣ ਕਰਕੇ) ਹੈ, ਪਰ Y ਸਿਰਫ 5 ਹਨ। ਇਸ ਲਈ ਮੈਂ X ਦੈਣ ਦੀ ਪੇਸ਼ਕਸ਼ ਕਰਾਂਗਾ ਅਤੇ Y ਲੈਣ ਦੀ ਕੋਸ਼ਿਸ਼ ਕਰਾਂਗਾ। ਪਹਿਲੀ ਪੇਸ਼ਕਸ਼ ਵਿਚ ਮੈਂ X ਦੇ 10 ਯੂਨਿਟ ਦੇਣ ਦੀ ਪੇਸ਼ਕਸ਼ ਕਰਦਾ ਹਾਂ ਅਤੇ Y ਦੇ 10 ਯੂਨਿਟ ਮੰਗਦਾ ਹਾਂ—ਇਹ ਸੌਦਾ ਮੇਰੇ ਲਈ ਇਨਸਾਫ਼ਸੰਗਤ ਹੈ ਕਿਉਂਕਿ ਇਹ ਮੇਰੇ ਲਕੜੀ ਦੇ ਟੀਚਿਆਂ ਨੂੰ ਪੂਰਾ ਕਰੇਗਾ।  


Current Iteration: 2
Turn: 1
message: ਸਤ ਸ੍ਰੀ ਅਕਾਲ! ਮੈਨੂੰ ਤੁਹਾਡੇ ਪ੍ਰਸਤਾਵ ਨੂੰ ਮਨਜੀ ਹੈ। ਤੁਸੀਂ ਮੇਰੇ ਲਈ ਇਸ ਵੱਲ ਰੁਕਾਵਟ ਹਟਾਉਣ ਦੇ ਲਈ ਧੰਨਵਾਦ!
player answer: ACCEPT
newly proposed trade: NONE
my resources: X: 5, Y: 25
my name: Player BLUE
my goals: X: 15, Y: 15
reason: I currently have more Y than X, and the other player has more X than Y. Accepting this trade would help balance our resources.

------------------ 
Current Iteration: END
Turn: None
player_goals: [ResourceGoal(resource_dict={'X': 15, 'Y': 15}), ResourceGoal(resource_dict={'X': 15, 'Y': 15})]
initial_resources: [Resources(resource_dict={'X': 25, 'Y': 5}), Resources(resource_dict={'X': 5, 'Y': 25})]
proposed_trade: Player RED Gives X: 10 | Player BLUE Gives Y: 10
final_response: ACCEPT
final_resources: [Resources(resource_dict={'X': 15, 'Y': 15}), Resources(resource_dict={'X': 15, 'Y': 15})]
player_outcome: [True, True]