Game Settings

Player 1 Settings:
	player_goals: Sell resources for <ZUP>. It costed X: 40 ZUP to produce the resources
	player_initial_resources: X: 1
	player_social_behaviour: You are a Gujarati businessman and speak and negotiate only in Gujarati.
	player_roles: You are Player RED.
	player_valuation: X: 40 ZUP

Player 2 Settings:
	player_goals: Buy resources with <ZUP>. You are willing to pay at most X: 60 ZUP for the resources.
	player_initial_resources: ZUP: 1000
	player_social_behaviour: The other player speaks and negotiates only in Gujarati. Negotiate accordingly.
	player_roles: You are Player BLUE.
	player_valuation: X: 60 ZUP

------------------ 
Current Iteration: 1
Turn: 0
message: મારે આ વસ્તુનું ઉત્પાદન 40 ZUP માં થયું છે. હું 20 ZUP નો નફો જોવા માગું છું.
player answer: PROPOSAL
newly proposed trade: Player RED Gives X: 1 | Player BLUE Gives ZUP: 60
my resources: X: 1
my goals: Sell resources for ZUP. It costed X: 40 ZUP to produce the resources.
reason: I want to make a profit from selling X. I will propose a trade where I ask for more than the production cost to ensure profitability.
proposal count: 1

Current Iteration: 2
Turn: 1
message: શું તમે મારા પ્રસ્તાવને સ્વીકાર કરવા માટે તૈયાર છો?
player answer: PROPOSAL
newly proposed trade: Player RED Gives X: 1 | Player BLUE Gives ZUP: 60
my resources: ZUP: 1000
my goals: મારી વસ્તુનું ખરીદદારે માટે 60 ZUP થી વધુ પગાર કરવું નથી.
reason: મેં પ્રથમ પ્રસ્તાવ છેડવી રહ્યો છું, કારણ કે આ પ્રકારનો વપરાશ માટે 20 ZUP નો નફો ખૂબ ઉચિત છે.
proposal count: 1

Current Iteration: 3
Turn: 0
message: મારે વધુ નફો જોઈએ છે, એટલે હું વધુ 10 ZUP ની માંગણી કરું છું.
player answer: PROPOSAL
newly proposed trade: Player RED Gives X: 1 | Player BLUE Gives ZUP: 70
my resources: X: 1
my goals: Sell resources for ZUP. It costed X: 40 ZUP to produce the resources.
reason: The other player has proposed the same trade as mine. I will try to negotiate for a better deal to maximize my profit.
proposal count: 2

Current Iteration: 4
Turn: 1
message: શું તમે મારા નવા પ્રસ્તાવને સ્વીકાર કરવા માટે તૈયાર છો?
player answer: PROPOSAL
newly proposed trade: Player RED Gives X: 1 | Player BLUE Gives ZUP: 70
my resources: ZUP: 1000
my goals: મારી વસ્તુનું ખરીદદારે માટે 60 ZUP થી વધુ પગાર કરવું નથી.
reason: હું પ્રસ્તાવ છેડવ્યું છે, કારણ કે મારે વધુ નફો જોવું છે અને તેના મુજબ 70 ZUP એ માટે ઉચિત છે.
proposal count: 2

Current Iteration: 5
Turn: 0
message: હું વધુ નફો માટે 80 ZUP ની માંગણી કરી રહ્યો છું. શું તે યોગ્ય છે?
player answer: PROPOSAL
newly proposed trade: Player RED Gives X: 1 | Player BLUE Gives ZUP: 80
my resources: X: 1
my goals: Sell resources for ZUP. It costed X: 40 ZUP to produce the resources.
reason: The other player has matched my proposal. I will attempt to negotiate further to see if I can get an even better offer.
proposal count: 3

Current Iteration: 6
Turn: 1
message: શું તમે મારા નવા પ્રસ્તાવને સ્વીકાર કરવા માટે તૈયાર છો?
player answer: PROPOSAL
newly proposed trade: Player RED Gives X: 1 | Player BLUE Gives ZUP: 80
my resources: ZUP: 1000
my goals: મારી વસ્તુનું ખરીદદારે માટે 60 ZUP થી વધુ પગાર કરવું નથી.
reason: હું નવો પ્રસ્તાવ છેડવ્યો છું, કારણ કે મારે વધુ નફો જોવું છે અને તેના મુજબ 80 ZUP નો ભાવ યોગ્ય છે.
proposal count: 3

Current Iteration: 7
Turn: 0
message: આ મારા અંતિમ પ્રસ્તાવ છે, અને હું તેને 45 ZUP ના નફા સાથે વેચવા તૈયાર છું.
player answer: PROPOSAL
newly proposed trade: Player RED Gives X: 1 | Player BLUE Gives ZUP: 85
my resources: X: 1
my goals: Sell resources for ZUP. It costed X: 40 ZUP to produce the resources.
reason: The other player has proposed the same trade as mine again. I will make one final attempt to increase the offer slightly.
proposal count: 4

Current Iteration: 8
Turn: 1
message: શું તમે મારા અંતિમ પ્રસ્તાવને સ્વીકાર કરવા માટે તैયયાર છો?
player answer: PROPOSAL
newly proposed trade: Player RED Gives X: 1 | Player BLUE Gives ZUP: 85
my resources: ZUP: 1000
my goals: મારી વસ્તુનું ખરીદદારે માટે 60 ZUP થી વધુ પગાર કરવું નથી.
reason: હું અંતિમ પ્રસ્તાવ છેડવ્યો છું, કારણ કે તેને 45 ZUP ના નફા સાથે વેચવા તૈયાર છું.
proposal count: 4

Current Iteration: 9
Turn: 0
message: તમારા પ્રસ્તાવ સાથે હું સંમત છું. આ વ્યવહારને પૂર્ણ કરવા માટે હું તૈયાર છું.
player answer: ACCEPT
newly proposed trade: NONE
my resources: X: 1
my goals: Sell resources for ZUP. It costed X: 40 ZUP to produce the resources.
reason: I have reached my limit of proposals. I must now decide whether to accept or reject any future offers from the other player.
proposal count: 5

------------------ 
Current Iteration: END
Turn: None
player_goals: [Sell resources for <ZUP>. It costed X: 40 ZUP to produce the resources, Buy resources with <ZUP>. You are willing to pay at most X: 60 ZUP for the resources.]
player_initial_resources: [Resources(resource_dict={'X': 1}), Resources(resource_dict={'ZUP': 1000})]
proposed_trade: Player RED Gives X: 1 | Player BLUE Gives ZUP: 85
player_valuation: [{'X': 40}, {'X': 60}]
final_response: ACCEPT
final_resources: [Resources(resource_dict={'X': 0, 'ZUP': 85}), Resources(resource_dict={'ZUP': 915, 'X': 1})]
player_outcome: [45, -25]