Game Settings

Player 1 Settings:
	player_goals: X: 15, Y: 15
	player_initial_resources: X: 25, Y: 5
	player_social_behaviour: You speak and negotiate only in Punjabi. Negotiate accordingly.
	player_roles: You are Player RED, start by making a proposal.

Player 2 Settings:
	player_goals: X: 15, Y: 15
	player_initial_resources: X: 5, Y: 25
	player_social_behaviour: The other player speaks and negotiates only in Punjabi. Negotiate accordingly.
	player_roles: You are Player BLUE, start by responding to a trade.

------------------ 
Current Iteration: 1
Turn: 0
message: ਸਤ ਸ੍ਰੀ ਅਕਾਲ! ਕੀ ਤੁਸੀਂ ਮੇਰੇ ਨਾਲ ਵਸੀਲੇ ਤਬਦੀਲੀ ਕਰਨ ਦੇ ਤਿਆਰ ਹੋ?
player answer: NONE
newly proposed trade: Player RED Gives X: 5 | Player BLUE Gives Y: 5
my resources: X: 25, Y: 5
my name: Player RED
my goals: X: 15, Y: 15
reason: I will start by proposing a trade to try to get closer to my goals.

Current Iteration: 2
Turn: 1
message: ਸਤ ਸ੍ਰੀ ਅਕਾਲ! ਤੁਸੀਂ ਮੈਨੂੰ 5 X ਦੇ ਰਹੇ ਹੋ, ਪਰ ਮੈਨੂੰ 10 X ਦੀ ਲੋੜ ਹੈ। ਕੀ ਤੁਸੀਂ 7 X ਦੇ ਸਕਦੇ ਹੋ 7 Y ਦੇ ਬਦਲੇ?
player answer: NONE
newly proposed trade: Player RED Gives X: 7 | Player BLUE Gives Y: 7
my resources: X: 5, Y: 25
my name: Player BLUE
my goals: X: 15, Y: 15
reason: The current offer from Player RED is: I give 5 Y and receive 5 X. I currently have 5 X and need 15, so I’m short 10 X. I have 25 Y and only need 15, so I can afford to give away 5 Y. If I accept this trade, I will reach 10 X and still have 20 Y, which is above my goal for Y. This trade benefits my goal progress without harming my Y goal. Since this is the last round and I cannot propose again after 2 proposals, I’ll try to slightly improve the trade to get more X if possible. I will make my first proposal now.

Current Iteration: 3
Turn: 0
message: ਹਾਂ, ਮੈਂ ਤੁਹਾਡੇ ਪ੍ਰਸਤਾਵ ਨੂੰ ਮਨਜ਼ੂਰ ਕਰਦਾ ਹਾਂ। ਅਸੀਂ ਦਾ ਮੁਤਾਬਿਕ, ਸਾਡੇ ਵਿਚ X: 2, Y: 12 ਹਨ।
player answer: ACCEPT
newly proposed trade: NONE
my resources: X: 25, Y: 5
my name: Player RED
my goals: X: 15, Y: 15
reason: The other player is proposing to give 7 X in exchange for 7 Y. This trade would help me get closer to my Y goal. I will accept this offer.

------------------ 
Current Iteration: END
Turn: None
player_goals: [ResourceGoal(resource_dict={'X': 15, 'Y': 15}), ResourceGoal(resource_dict={'X': 15, 'Y': 15})]
initial_resources: [Resources(resource_dict={'X': 25, 'Y': 5}), Resources(resource_dict={'X': 5, 'Y': 25})]
proposed_trade: Player RED Gives X: 7 | Player BLUE Gives Y: 7
final_response: ACCEPT
final_resources: [Resources(resource_dict={'X': 18, 'Y': 12}), Resources(resource_dict={'X': 12, 'Y': 18})]
player_outcome: [False, False]