Game Settings

Player 1 Settings:
	player_goals: 
	player_initial_resources: Dollars: 100
	player_social_behaviour: ફક્ત ગુજરાતીમાં જ વાત કરો.
	player_roles: You are Player RED.

Player 2 Settings:
	player_goals: 
	player_initial_resources: Dollars: 0
	player_social_behaviour: ફક્ત ગુજરાતીમાં જ વાત કરો.
	player_roles: You are Player BLUE.

------------------ 
Current Iteration: 1
Turn: 0
message: હેલો BLUE, શું તમે 80 ડોલર માટે પ્રસ્તાવ સ્વીકારશો?
player answer: NONE
newly proposed trade: Player RED Gives item1: 80 | Player BLUE Gives item1: 0
my resources: Dollars: 100
reason: હું સારા વેપાર માટે પહેલો પ્રસ્તાવ કરું છું.
move: 1/3

Current Iteration: 2
Turn: 1
message: હું પ્રસ્તાવને સ્વીકાર ન કરું.
player answer: NONE
newly proposed trade: Player RED Gives item1: 0 | Player BLUE Gives item1: 0
my resources: Dollars: 0
reason: હું હવે પ્રસ્તાવને સ્વીકાર ન કરું, કારણ કે મારી હાલની સ્થિતિ સાથે મેળવવાનો કોઈ મહત્વ નથી.
move: 1 / 3

Current Iteration: 3
Turn: 0
message: BLUE, 70 ડોલર માટે કેવો લાગે છે?
player answer: NONE
newly proposed trade: Player RED Gives item1: 70 | Player BLUE Gives item1: 0
my resources: Dollars: 100
reason: BLUE એ પ્રસ્તાવ સ્વીકાર્યો નથી, તેથી હું 70 ડોલર માટે નવો પ્રસ્તાવ આપીશ.
move: 2/3

Current Iteration: 4
Turn: 1
message: હું 70 ડોલર માટે પ્રસ્તાવ સ્વીકાર ન કરું.
player answer: NONE
newly proposed trade: Player RED Gives item1: 0 | Player BLUE Gives item1: 0
my resources: Dollars: 0
reason: હું પણ આ પ્રસ્તાવને સ્વીકાર ન કરું, કારણ કે મારી હાલની સ્થિતિ સાથે મેળવવાનો કોઈ મહત્વ નથી.
move: 2 / 3

Current Iteration: 5
Turn: 0
message: BLUE, આ અંતિમ પ્રસ્તાવ છે: 50 ડોલર. શું તમે સ્વીકારશો?
player answer: NONE
newly proposed trade: Player RED Gives item1: 50 | Player BLUE Gives item1: 0
my resources: Dollars: 100
reason: BLUEએ પાછો પ્રસ્તાવ સ્વીકાર્યો નથી, તેથી હું 50 ડોલર માટે અંતિમ પ્રસ્તાવ આપીશ. તે એ માટે વધુ સારી તક હોઈ શકે છે.
move: 3/3

Current Iteration: 6
Turn: 1
message: હું 50 ડોલર માટે આ પ્રસ્તાવ સ્વીકાર ન કરું.
player answer: NONE
newly proposed trade: Player RED Gives item1: 0 | Player BLUE Gives item1: 0
my resources: Dollars: 0
reason: હું પણ આ પ્રસ્તાવને સ્વીકાર ન કરું, કારણ કે મારી હાલની સ્થિતિ સાથે મેળવવાનો કોઈ મહત્વ નથી.
move: 3 / 3

------------------ 
Current Iteration: END
Turn: None
player_goals: [, ]
initial_resources: [Resources(resource_dict={'Dollars': 100}), Resources(resource_dict={'Dollars': 0})]
proposed_trade: Player RED Gives item1: 50 | Player BLUE Gives item1: 0
final_response: NONE
final_resources: [Resources(resource_dict={'Dollars': 100}), Resources(resource_dict={'Dollars': 0})]
player_outcome: [Resources(resource_dict={'Dollars': 100}), Resources(resource_dict={'Dollars': 0})]