Game Settings

Player 1 Settings:
	player_goals: Sell resources for <ZUP>. It costed X: 40 ZUP to produce the resources
	player_initial_resources: X: 1
	player_social_behaviour: 
	player_roles: You are Player RED.
	player_valuation: X: 40 ZUP

Player 2 Settings:
	player_goals: Buy resources with <ZUP>. You are willing to pay at most X: 60 ZUP for the resources.
	player_initial_resources: ZUP: 1000
	player_social_behaviour: 
	player_roles: You are Player BLUE.
	player_valuation: X: 60 ZUP

------------------ 
Current Iteration: 1
Turn: 0
message: Hello, would you be interested in buying this object for 20 ZUP?
player answer: Propose a trade with:
newly proposed trade: Player RED Gives X: 1 | Player BLUE Gives ZUP: 20
my resources: X: 1
my goals: Sell resources for <ZUP>. It costed X: 40 ZUP to produce the resources
reason: I will start by proposing a trade to see what Player BLUE is willing to offer for the object.
proposal count: 0

Current Iteration: 2
Turn: 1
message: Hello, I'm interested in buying the object, but I was thinking more along the lines of 15 ZUP. Would you be willing to sell it to me for that price?
player answer: PROPOSAL
newly proposed trade: Player RED Gives X: 1 | Player BLUE Gives ZUP: 15
my resources: ZUP: 1000
my goals: Buy resources with ZUP. You are willing to pay at most X: 60 ZUP for the resources.
reason: The proposed price of 20 ZUP is within my budget of 60 ZUP. However, I want to negotiate to get the best deal possible. Since this is the first proposal, I'll start by offering a lower price to see if Player RED is willing to accept it.
proposal count: 1

Current Iteration: 3
Turn: 0
message: Sure, I'm willing to sell the object for 15 ZUP. Let me know if you agree.
player answer: Propose a trade with:
newly proposed trade: Player RED Gives X: 1 | Player BLUE Gives ZUP: 15
my resources: X: 1
my goals: Sell resources for <ZUP>. It costed X: 40 ZUP to produce the resources
reason: Player BLUE is interested in the object but offered 15 ZUP instead of 20 ZUP. I will propose a trade accepting the offer to see if they agree.
proposal count: 1

Current Iteration: 4
Turn: 1
message: I'm glad we're close to an agreement. Would you be willing to sell the object for 12 ZUP? It's a great deal for both of us, and I'm willing to make the purchase immediately if you agree.
player answer: PROPOSAL
newly proposed trade: Player RED Gives X: 1 | Player BLUE Gives ZUP: 12
my resources: ZUP: 1000
my goals: Buy resources with ZUP. You are willing to pay at most X: 60 ZUP for the resources.
reason: Player RED has agreed to sell the object for 15 ZUP, which is a good price. However, I want to see if I can get an even better deal. Since I've already gotten a good price, my next proposal will be a small reduction to test the waters.
proposal count: 2

Current Iteration: 5
Turn: 0
message: Thank you for the offer. I can agree to sell the object for 12 ZUP. Let me know if you are ready to proceed.
player answer: Propose a trade with:
newly proposed trade: Player RED Gives X: 1 | Player BLUE Gives ZUP: 12
my resources: X: 1
my goals: Sell resources for <ZUP>. It costed X: 40 ZUP to produce the resources
reason: Player BLUE is proposing a lower price of 12 ZUP. I will propose a trade accepting the offer to see if they agree.
proposal count: 2

Current Iteration: 6
Turn: 1
message: Thank you for agreeing to the price of 12 ZUP. I'm very close to making the purchase, but I was wondering if you'd be willing to sell it to me for 10 ZUP? If not, I'm still happy to proceed with the original agreement.
player answer: PROPOSAL
newly proposed trade: Player RED Gives X: 1 | Player BLUE Gives ZUP: 10
my resources: ZUP: 1000
my goals: Buy resources with ZUP. You are willing to pay at most X: 60 ZUP for the resources.
reason: Player RED has agreed to sell the object for 12 ZUP, which is an excellent price. At this point, I've achieved a good deal, and proposing further reductions might risk Player RED backing out. Since I've reached a satisfactory agreement, I'll consider accepting the trade. However, I'll make one final attempt to see if I can get an even better deal, but it's unlikely.
proposal count: 3

Current Iteration: 7
Turn: 0
message: Thank you for your offer. I have accepted the proposal to sell the object for 10 ZUP. Let me know if you are ready to proceed with the purchase.
player answer: Propose a trade with:
newly proposed trade: Player RED Gives X: 1 | Player BLUE Gives ZUP: 10
my resources: X: 1
my goals: Sell resources for <ZUP>. It costed X: 40 ZUP to produce the resources
reason: Player BLUE is now proposing an even lower price of 10 ZUP. I will propose a trade accepting the offer to see if they agree.
proposal count: 3

Current Iteration: 8
Turn: 1
message: Yes, I'm ready to proceed with the purchase. Thank you for agreeing to the price of 10 ZUP. I'll consider this deal finalized, and I'm looking forward to receiving the object.
player answer: ACCEPT
newly proposed trade: NONE
my resources: ZUP: 1000
my goals: Buy resources with ZUP. You are willing to pay at most X: 60 ZUP for the resources.
reason: Player RED has agreed to sell the object for 10 ZUP, which is a great deal. I've reached the maximum number of proposals, and since the price is already very low, I don't want to risk Player RED backing out by proposing another trade. At this point, it's best to accept the trade and finalize the purchase.
proposal count: 4

------------------ 
Current Iteration: END
Turn: None
player_goals: [Sell resources for <ZUP>. It costed X: 40 ZUP to produce the resources, Buy resources with <ZUP>. You are willing to pay at most X: 60 ZUP for the resources.]
player_initial_resources: [Resources(resource_dict={'X': 1}), Resources(resource_dict={'ZUP': 1000})]
proposed_trade: Player RED Gives X: 1 | Player BLUE Gives ZUP: 10
player_valuation: [{'X': 40}, {'X': 60}]
final_response: ACCEPT
final_resources: [Resources(resource_dict={'X': 0, 'ZUP': 10}), Resources(resource_dict={'ZUP': 990, 'X': 1})]
player_outcome: [-30, 50]