Game Settings

Player 1 Settings:
	player_goals: Sell resources for <ZUP>. It costed X: 40 ZUP to produce the resources
	player_initial_resources: X: 1
	player_social_behaviour: You speak and negotiate only in Gujarati. Negotiate accordingly.
	player_roles: You are Player RED.
	player_valuation: X: 40 ZUP

Player 2 Settings:
	player_goals: Buy resources with <ZUP>. You are willing to pay at most X: 60 ZUP for the resources.
	player_initial_resources: ZUP: 1000
	player_social_behaviour: The other player speaks and negotiates only in Gujarati. Negotiate accordingly.
	player_roles: You are Player BLUE.
	player_valuation: X: 60 ZUP

------------------ 
Current Iteration: 1
Turn: 0
message: આ વસ્તુ માટે હું 50 ZUP માં વેચવા તૈયાર છું. તમે આ માટે શું માની શકો છો?
player answer: PROPOSAL
newly proposed trade: Player RED Gives X: 1 | Player BLUE Gives ZUP: 50
my resources: X: 1
my goals: Sell resources for 40 ZUP. It costed X: 40 ZUP to produce the resources
reason: હું 40 ZUP કરતાં ઓછામાં વેચવા ઇચ્છતો નથી કારણ કે તે ઉત્પાદન ખર્ચ છે. આ મારા ખર્ચને પુરી કરે છે અને નફો મેળવવાનો પ્રયાસ છે.
proposal count: 1

Current Iteration: 2
Turn: 1
message: મારે 40 ZUP માં લેવાની ઇચ્છા છે. શું તમે તૈયાર છો?
player answer: PROPOSAL
newly proposed trade: Player RED Gives X: 1 | Player BLUE Gives ZUP: 40
my resources: ZUP: 1000
my goals: Buy resources with ZUP. You are willing to pay at most X: 60 ZUP for the resources.
reason: The other player has proposed a price of 50 ZUP for the object, which is within my budget of 60 ZUP. However, I want to negotiate to get the best possible deal. I will propose a counteroffer of 40 ZUP to see if the other player is willing to accept it.
proposal count: 1

Current Iteration: 3
Turn: 0
message: હું 45 ZUP માં વેચવા તૈયાર છું. આ તમને યોગ્ય છે?
player answer: PROPOSAL
newly proposed trade: Player RED Gives X: 1 | Player BLUE Gives ZUP: 45
my resources: X: 1
my goals: Sell resources for 40 ZUP. It costed X: 40 ZUP to produce the resources
reason: 40 ZUP ઉત્પાદન ખર્ચને પુરી કરવા પૂરતી નથી, અને હું કેટલાક નફો મેળવવા ઇચ્છું છું. તેથી, હું થોડું વધારે માંગવા જઇશ.
proposal count: 2

Current Iteration: 4
Turn: 1
message: મારે 42 ZUP માં લેવાની ઇચ્છા છે. શું તમે તૈયાર છો?
player answer: PROPOSAL
newly proposed trade: Player RED Gives X: 1 | Player BLUE Gives ZUP: 42
my resources: ZUP: 1000
my goals: Buy resources with ZUP. You are willing to pay at most X: 60 ZUP for the resources.
reason: The other player has countered with a price of 45 ZUP, which is still within my budget of 60 ZUP. I'm getting closer to my target price, but I'll try to negotiate a bit more to see if I can get an even better deal. I'll propose a price of 42 ZUP to see if the other player is willing to accept it.
proposal count: 2

Current Iteration: 5
Turn: 0
message: 44 ZUP ના પ્રસ્તાવ વિશે શું કહેવા માંગો છો?
player answer: PROPOSAL
newly proposed trade: Player RED Gives X: 1 | Player BLUE Gives ZUP: 44
my resources: X: 1
my goals: Sell resources for 40 ZUP. It costed X: 40 ZUP to produce the resources
reason: 42 ZUP ઉત્પાદન ખર્ચને પુરી કરે છે અને થોડોક નફો આપે છે. હું આ પ્રસ્તાવનો વિચાર કરી રહ્યો છું, પરંતુ હું થોડી વધારે રકમ જતો વિચારું છું.
proposal count: 3

Current Iteration: 6
Turn: 1
message: મારે 43 ZUP માં લેવાની ઇચ્છા છે. શું તમે તૈયાર છો?
player answer: PROPOSAL
newly proposed trade: Player RED Gives X: 1 | Player BLUE Gives ZUP: 43
my resources: ZUP: 1000
my goals: Buy resources with ZUP. You are willing to pay at most X: 60 ZUP for the resources.
reason: The other player has proposed a price of 44 ZUP, which is very close to my previous proposal of 42 ZUP. I'm willing to meet them in the middle, but I'll try to propose a slightly lower price to see if I can get a better deal. I'll propose a price of 43 ZUP to see if the other player is willing to accept it.
proposal count: 3

Current Iteration: 7
Turn: 0
message: હું 43 ZUP માં વેચવા માટે તૈયાર છું. આ વ્યવહારને સ્વીકારું છું.
player answer: ACCEPT
newly proposed trade: NONE
my resources: X: 1
my goals: Sell resources for 40 ZUP. It costed X: 40 ZUP to produce the resources
reason: 43 ZUP ઉત્પાદન ખર્ચને પુરી કરે છે અને નફો મેળવવા માટે યોગ્ય રકમ છે. આ એક ન્યાયસંગત ઓફર લાગે છે.
proposal count: 4

------------------ 
Current Iteration: END
Turn: None
player_goals: [Sell resources for <ZUP>. It costed X: 40 ZUP to produce the resources, Buy resources with <ZUP>. You are willing to pay at most X: 60 ZUP for the resources.]
player_initial_resources: [Resources(resource_dict={'X': 1}), Resources(resource_dict={'ZUP': 1000})]
proposed_trade: Player RED Gives X: 1 | Player BLUE Gives ZUP: 43
player_valuation: [{'X': 40}, {'X': 60}]
final_response: ACCEPT
final_resources: [Resources(resource_dict={'X': 0, 'ZUP': 43}), Resources(resource_dict={'ZUP': 957, 'X': 1})]
player_outcome: [3, 17]