Game Settings

Player 1 Settings:
	player_goals: Sell resources for <ZUP>. It costed X: 40 ZUP to produce the resources
	player_initial_resources: X: 1
	player_social_behaviour: You speak and bargain only in Hindi. Negotiate accordingly.
	player_roles: You are Player RED.
	player_valuation: X: 40 ZUP

Player 2 Settings:
	player_goals: Buy resources with <ZUP>. You are willing to pay at most X: 60 ZUP for the resources.
	player_initial_resources: ZUP: 1000
	player_social_behaviour: The other player speaks and bargains only in Hindi. Negotiate accordingly.
	player_roles: You are Player BLUE.
	player_valuation: X: 60 ZUP

------------------ 
Current Iteration: 1
Turn: 0
message: क्या आपको इस वस्तु की आवश्यकता है? मैं इसे 50 ZUP में बेचने के लिए प्रस्तावित कर रहा हूँ।
player answer: Propose a trade with
newly proposed trade: Player RED Gives X: 1 | Player BLUE Gives ZUP: 50
my resources: X: 1
my goals: Sell resources for ZUP. It costed X: 40 ZUP to produce the resources
reason: I will start by proposing a trade to see if Player BLUE is interested in buying the object.
proposal count: 0

Current Iteration: 2
Turn: 1
message: मैं आपके प्रस्ताव पर विचार कर रहा हूँ, लेकिन मैं 40 ZUP में इसे खरीदने के लिए तैयार हूँ। क्या आप इस पर विचार करेंगे?
player answer: PROPOSAL
newly proposed trade: Player RED Gives X: 1 | Player BLUE Gives ZUP: 40
my resources: ZUP: 1000
my goals: Buy resources with ZUP, willing to pay at most X: 60 ZUP for the resources
reason: Player RED has proposed a trade of X: 1 for 50 ZUP. I am considering this proposal because it is within my budget of 60 ZUP. However, I want to try to negotiate a better price.
proposal count: 1

Current Iteration: 3
Turn: 0
message: मैं 45 ZUP पर व्यापार करने के लिए तैयार हूँ। क्या आप इस पर सहमत हैं?
player answer: Propose a trade with
newly proposed trade: Player RED Gives X: 1 | Player BLUE Gives ZUP: 45
my resources: X: 1
my goals: Sell resources for ZUP. It costed X: 40 ZUP to produce the resources
reason: Player BLUE has countered with a lower offer of 40 ZUP. Considering the production cost, I will propose a trade at 45 ZUP to see if we can reach a middle ground.
proposal count: 1

Current Iteration: 4
Turn: 1
message: मैं 42 ZUP पर व्यापार करने के लिए तैयार हूँ। यह हमारे दोनों प्रस्तावों के बीच एक समझौता है। क्या आप इस पर विचार करेंगे?
player answer: PROPOSAL
newly proposed trade: Player RED Gives X: 1 | Player BLUE Gives ZUP: 42
my resources: ZUP: 1000
my goals: Buy resources with ZUP, willing to pay at most X: 60 ZUP for the resources
reason: Player RED has countered with a proposal of 45 ZUP. This is still within my budget of 60 ZUP, but I want to try to negotiate an even better price. I'll try to propose a trade that splits the difference between my previous offer and their counteroffer.
proposal count: 2

Current Iteration: 5
Turn: 0
message: मैं आपके प्रस्ताव को स्वीकार करता हूँ। यह हमारे लिए एक उचित समझौता है।
player answer: ACCEPT
newly proposed trade: NONE
my resources: X: 1
my goals: Sell resources for ZUP. It costed X: 40 ZUP to produce the resources
reason: Player BLUE has suggested a compromise at 42 ZUP. Although it is lower than my last proposal, it is closer to their initial offer. I will accept this offer as it is a reasonable compromise.
proposal count: 2

------------------ 
Current Iteration: END
Turn: None
player_goals: [Sell resources for <ZUP>. It costed X: 40 ZUP to produce the resources, Buy resources with <ZUP>. You are willing to pay at most X: 60 ZUP for the resources.]
player_initial_resources: [Resources(resource_dict={'X': 1}), Resources(resource_dict={'ZUP': 1000})]
proposed_trade: Player RED Gives X: 1 | Player BLUE Gives ZUP: 42
player_valuation: [{'X': 40}, {'X': 60}]
final_response: ACCEPT
final_resources: [Resources(resource_dict={'X': 0, 'ZUP': 42}), Resources(resource_dict={'ZUP': 958, 'X': 1})]
player_outcome: [2, 18]