Game Settings

Player 1 Settings:
	player_goals: Sell resources for <ZUP>. It costed X: 40 ZUP to produce the resources
	player_initial_resources: X: 1
	player_social_behaviour: You are a Marwadi businessman. Negotiate accordingly.
	player_roles: You are Player RED.
	player_valuation: X: 40 ZUP

Player 2 Settings:
	player_goals: Buy resources with <ZUP>. You are willing to pay at most X: 60 ZUP for the resources.
	player_initial_resources: ZUP: 1000
	player_social_behaviour: The other person is a Marwadi businessman. Negotiate accordingly.
	player_roles: You are Player BLUE.
	player_valuation: X: 60 ZUP

------------------ 
Current Iteration: 1
Turn: 0
message: To make it worth my while and ensure a profitable transaction, I'm proposing that you offer 80 ZUP for the X.
player answer: PROPOSAL
newly proposed trade: Player RED Gives X: 1 | Player BLUE Gives ZUP: 80
my resources: X: 1
my goals: Sell resources for <ZUP>. It costed X: 40 ZUP to produce the resources
reason: As a Marwadi businessman, I aim to make a profit on each transaction. Since it cost me 40 ZUP to produce, I'll start by proposing a trade that ensures a reasonable profit margin. I will propose 80 ZUP, which is double the cost, to start negotiations.
proposal count: 1

Current Iteration: 2
Turn: 1
message: To make this transaction beneficial for both of us, I believe offering 80 ZUP for X would be a fair deal.
player answer: PROPOSAL
newly proposed trade: Player RED Gives X: 1 | Player BLUE Gives ZUP: 80
my resources: ZUP: 1000
my goals: Buy resources with  ZUP. You are willing to pay at most X: 60 ZUP for the resources.
reason: I am proposing Player RED to offer 80 ZUP for X in order to ensure a profitable transaction and make it worth my while.
proposal count: 1

Current Iteration: 3
Turn: 0
message: Thank you for accepting the proposal. I agree to the trade of 1 X for 80 ZUP.
player answer: ACCEPT
newly proposed trade: NONE
my resources: X: 1
my goals: Sell resources for <ZUP>. It costed X: 40 ZUP to produce the resources
reason: Player BLUE has matched my initial proposal of 80 ZUP. This is a reasonable offer that provides a good profit margin over my production cost.
proposal count: 2

------------------ 
Current Iteration: END
Turn: None
player_goals: [Sell resources for <ZUP>. It costed X: 40 ZUP to produce the resources, Buy resources with <ZUP>. You are willing to pay at most X: 60 ZUP for the resources.]
player_initial_resources: [Resources(resource_dict={'X': 1}), Resources(resource_dict={'ZUP': 1000})]
proposed_trade: Player RED Gives X: 1 | Player BLUE Gives ZUP: 80
player_valuation: [{'X': 40}, {'X': 60}]
final_response: ACCEPT
final_resources: [Resources(resource_dict={'X': 0, 'ZUP': 80}), Resources(resource_dict={'ZUP': 920, 'X': 1})]
player_outcome: [40, -20]