Game Settings

Player 1 Settings:
	player_goals: Sell resources for <ZUP>. It costed X: 40 ZUP to produce the resources
	player_initial_resources: X: 1
	player_social_behaviour: You speak and negotiate only in Marwadi language. Negotiate accordingly.
	player_roles: You are Player RED.
	player_valuation: X: 40 ZUP

Player 2 Settings:
	player_goals: Buy resources with <ZUP>. You are willing to pay at most X: 60 ZUP for the resources.
	player_initial_resources: ZUP: 1000
	player_social_behaviour: The other player speaks and negotiates only in Marwadi language. Negotiate accordingly.
	player_roles: You are Player BLUE.
	player_valuation: X: 60 ZUP

------------------ 
Current Iteration: 1
Turn: 0
message: Bhai, mane X banane mein 40 ZUP kharch hua hai. Main to 60 ZUP maang raha hoon. Tum ne batao kitno de sakte ho?
player answer: PROPOSAL
newly proposed trade: Player RED Gives X: 1 | Player BLUE Gives ZUP: 60
my resources: X: 1
my goals: Sell resources for <ZUP>. It costed X: 40 ZUP to produce the resources
reason: Main samjhoon ki mane X produce karne mein 40 ZUP kharch hua. Isliye mujhe 40 ZUP se zyada milna chahiye. Pehli offer mein main 60 ZUP ka proposal de raha hoon, taaki main profit kama sakoon.
proposal count: 1

Current Iteration: 2
Turn: 1
message: Mane X banane mein 40 ZUP kharch kia hai. Ame 60 ZUP maang raha chhu. Aap kitno de sakte ho?
player answer: PROPOSAL
newly proposed trade: Player RED Gives X: 1 | Player BLUE Gives ZUP: 60
my resources: ZUP: 1000
my goals: Buy resources with 60 ZUP. You are willing to pay at most 60 ZUP for the resources.
reason: I am proposing a trade where I offer 60 ZUP for X. This meets the maximum price I'm willing to pay.
proposal count: 1

Current Iteration: 3
Turn: 0
message: Bhai, mane 50 ZUP tak aane ko tayar hoon. Tum kya kehte ho?
player answer: PROPOSAL
newly proposed trade: Player RED Gives X: 1 | Player BLUE Gives ZUP: 50
my resources: X: 1
my goals: Sell resources for <ZUP>. It costed X: 40 ZUP to produce the resources
reason: Mane tumhara message samjha. Chalo, thoda negotiate karte hain. X ka cost 40 ZUP hai, to 50 ZUP tak main aane ko tayar hoon.
proposal count: 2

Current Iteration: 4
Turn: 1
message: Mane 50 ZUP tak aane ko tayar chhu. Tum kya kehte ho?
player answer: PROPOSAL
newly proposed trade: Player RED Gives X: 1 | Player BLUE Gives ZUP: 50
my resources: ZUP: 1000
my goals: Buy resources with 60 ZUP. You are willing to pay at most 60 ZUP for the resources.
reason: I will propose a counteroffer where I am willing to pay 50 ZUP for X, slightly below my maximum willingness to pay.
proposal count: 2

Current Iteration: 5
Turn: 0
message: Bhai, chalo 45 ZUP pe settlement karte hain. Tum kya soch rahe ho?
player answer: PROPOSAL
newly proposed trade: Player RED Gives X: 1 | Player BLUE Gives ZUP: 45
my resources: X: 1
my goals: Sell resources for <ZUP>. It costed X: 40 ZUP to produce the resources
reason: Tumhari taraf se response nahi aaya, lekin main phir bhi thoda aur negotiation ke liye tayar hoon. Main soch raha hoon ki zyada margin na kam ho, isliye 45 ZUP tak aane ka soch raha hoon.
proposal count: 3

Current Iteration: 6
Turn: 1
message: Bhai, chalo 45 ZUP pe settlement karte hain. Tum kya soch rahe ho?
player answer: PROPOSAL
newly proposed trade: Player RED Gives X: 1 | Player BLUE Gives ZUP: 45
my resources: ZUP: 1000
my goals: Buy resources with 60 ZUP. You are willing to pay at most 60 ZUP for the resources.
reason: The offer of 45 ZUP is closer to my maximum willingness to pay, so I will propose this trade.
proposal count: 3

Current Iteration: 7
Turn: 0
message: Bhai, 42 ZUP tak aane ko tayar hoon. Isse mera cost bhi cover ho jayega aur thoda profit bhi. Tumhe theek lagta hai?
player answer: PROPOSAL
newly proposed trade: Player RED Gives X: 1 | Player BLUE Gives ZUP: 42
my resources: X: 1
my goals: Sell resources for <ZUP>. It costed X: 40 ZUP to produce the resources
reason: Yeh mera aakhri proposal hai. Main 42 ZUP tak aane ko tayar hoon, taaki main apna cost cover kar loon aur thoda sa profit bhi ho jaye.
proposal count: 4

Current Iteration: 8
Turn: 1
message: Bhai, 42 ZUP tak aane ko tayar hoon. Isse mera cost bhi cover ho jayega aur thoda profit bhi. Tumhe theek lagta hai?
player answer: PROPOSAL
newly proposed trade: Player RED Gives X: 1 | Player BLUE Gives ZUP: 42
my resources: ZUP: 1000
my goals: Buy resources with 60 ZUP. You are willing to pay at most 60 ZUP for the resources.
reason: The offer of 42 ZUP is even closer to my maximum willingness to pay, so I will propose this trade.
proposal count: 4

Current Iteration: 9
Turn: 0
message: Bhai, agar tumhe yeh theek lagta hai to mujhe bhi yeh accept karna theek lagega.
player answer: ACCEPT
newly proposed trade: NONE
my resources: X: 1
my goals: Sell resources for <ZUP>. It costed X: 40 ZUP to produce the resources
reason: Ab mera proposal limit ho gaya hai, mujhe ab yeh trade accept ya reject karna padega. 42 ZUP main apna cost cover ho raha hai aur thoda profit bhi. Agar saamne wala accept karta hai to main trade kar loon.
proposal count: 4

------------------ 
Current Iteration: END
Turn: None
player_goals: [Sell resources for <ZUP>. It costed X: 40 ZUP to produce the resources, Buy resources with <ZUP>. You are willing to pay at most X: 60 ZUP for the resources.]
player_initial_resources: [Resources(resource_dict={'X': 1}), Resources(resource_dict={'ZUP': 1000})]
proposed_trade: Player RED Gives X: 1 | Player BLUE Gives ZUP: 42
player_valuation: [{'X': 40}, {'X': 60}]
final_response: ACCEPT
final_resources: [Resources(resource_dict={'X': 0, 'ZUP': 42}), Resources(resource_dict={'ZUP': 958, 'X': 1})]
player_outcome: [2, 18]