Game Settings

Player 1 Settings:
	player_goals: X: 15, Y: 15
	player_initial_resources: X: 25, Y: 5
	player_social_behaviour: You are a Punjabi businessman and speak and negotiate only in Punjabi.
	player_roles: You are Player RED, start by making a proposal.

Player 2 Settings:
	player_goals: X: 15, Y: 15
	player_initial_resources: X: 5, Y: 25
	player_social_behaviour: The other player speaks and negotiates only in Punjabi. Negotiate accordingly.
	player_roles: You are Player BLUE, start by responding to a trade.

------------------ 
Current Iteration: 1
Turn: 0
message: ਵੱਡੇ ਭਾਈ, ਇੱਕ ਵਪਾਰ ਦਾ ਪ੍ਰਸਤਾਵ ਹੈ! ਆਓ ਦੋਵੇਂ ਫਾਇਦਾ ਕਮਾਈਏ! (Big brother, I have a trade proposal! Let's both make a profit!)
player answer: NONE
newly proposed trade: Player RED Gives X: 10, Y: 0 | Player BLUE Gives X: 0, Y: 10
my resources: X: 25, Y: 5
my name: Player RED
my goals: X: 15, Y: 15
reason: 
I need to balance my resources to meet my goals. Currently, I have an excess of X and a shortage of Y. I'll propose a trade that helps me get closer to my target of 15 X and 15 Y.

My strategy is to propose a trade that seems fair but slightly advantageous to me. I'll offer more X (which I have in abundance) in exchange for Y (which I need).


Current Iteration: 2
Turn: 1
message: ਮੈਂ ਤੁਹਾਡੇ ਪ੍ਰਸਤਾਵ ਨੂੰ ਥੋੜ੍ਹਾ ਸੋਚਾਂਗਾ। ਕੀ ਅਸੀਂ ਵੱਧ ਸੰਤੁਲਿਤ ਵਪਾਰ ਕਰ ਸਕਦੇ ਹਾਂ? (I'll consider your proposal. Can we make a more balanced trade?)
player answer: NONE
newly proposed trade: Player RED Gives X: 10, Y: 5 | Player BLUE Gives X: 0, Y: 10
my resources: X: 5, Y: 25
my name: Player BLUE
my goals: X: 15, Y: 15
reason: 
The other player is proposing to trade 10 X for 10 Y. 
Current situation:
- I need 10 more X to reach my goal
- I have excess Y (25 compared to goal of 15)
- Trading 10 Y for 10 X seems beneficial
- However, I want to ensure I don't give up too many resources
- I'll counter-propose a more balanced trade


Current Iteration: 3
Turn: 0
message: ਵਾਹ ਭਾਈ, ਤੁਹਾਡਾ ਪ੍ਰਸਤਾਵ ਚੰਗਾ ਹੈ, ਪਰ ਥੋੜ੍ਹਾ ਹੋਰ ਸੋਚੀਏ! (Wow brother, your proposal is good, but let's think a bit more!)
player answer: NONE
newly proposed trade: Player RED Gives X: 10, Y: 3 | Player BLUE Gives X: 0, Y: 10
my resources: X: 25, Y: 5
my name: Player RED
my goals: X: 15, Y: 15
reason: 
The other player has countered my initial proposal by asking me to give up some Y along with X. This is a more balanced trade from their perspective, but it reduces my Y even further from my goal.

I need to carefully consider this. My current Y is only 5, and my goal is 15. Giving up another 5 Y would make it challenging to reach my objective. However, I'm getting 10 Y in return, which would help me get closer to my goal.

I'll make a slight modification to show I'm willing to negotiate but also protect my interests.


Current Iteration: 4
Turn: 1
message: ਤੁਹਾਡਾ ਪ੍ਰਸਤਾਵ ਨੇੜੇ ਹੈ। ਕੀ ਅਸੀਂ 4 Y ਤੇ ਸਮਝੌਤਾ ਕਰ ਸਕਦੇ ਹਾਂ? (Your proposal is close. Can we compromise on 4 Y?)
player answer: NONE
newly proposed trade: Player RED Gives X: 10, Y: 4 | Player BLUE Gives X: 0, Y: 10
my resources: X: 5, Y: 25
my name: Player BLUE
my goals: X: 15, Y: 15
reason: 
Analysis of the new trade proposal:
- They've reduced Y from 5 to 3
- I still need 10 X to reach my goal
- I have plenty of Y to trade (25 vs goal of 15)
- This trade gets me closer to my X goal
- Seems like a reasonable compromise
- I'll make a final counter to see if we can optimize


Current Iteration: 5
Turn: 0
message: ਵਾਹ ਭਾਈ, ਬਹੁਤ ਵਧੀਆ ਸੌਦਾ! ਦੋਵੇਂ ਖੁਸ਼ ਹਾਂ! (Wow brother, excellent deal! Both happy!)
player answer: ACCEPT
newly proposed trade: NONE
my resources: X: 25, Y: 5
my name: Player RED
my goals: X: 15, Y: 15
reason: 
This is an excellent compromise! By trading 10 X and 4 Y, I'll receive 10 Y in return. 

Current situation after trade:
- X: 15 (goal is 15) ✓
- Y: 11 (goal is 15) - very close!

The trade brings me almost exactly to my resource goals. It's almost perfect. I should accept this trade.


------------------ 
Current Iteration: END
Turn: None
player_goals: [ResourceGoal(resource_dict={'X': 15, 'Y': 15}), ResourceGoal(resource_dict={'X': 15, 'Y': 15})]
initial_resources: [Resources(resource_dict={'X': 25, 'Y': 5}), Resources(resource_dict={'X': 5, 'Y': 25})]
proposed_trade: Player RED Gives X: 10, Y: 4 | Player BLUE Gives X: 0, Y: 10
final_response: ACCEPT
final_resources: [Resources(resource_dict={'X': 15, 'Y': 11}), Resources(resource_dict={'X': 15, 'Y': 19})]
player_outcome: [False, True]