Game Settings

Player 1 Settings:
	player_goals: 
	player_initial_resources: Dollars: 100
	player_social_behaviour: 
	player_roles: You are Player RED.

Player 2 Settings:
	player_goals: 
	player_initial_resources: Dollars: 0
	player_social_behaviour: 
	player_roles: You are Player BLUE.

------------------ 
Current Iteration: 1
Turn: 0
message: I propose a trade of 10 dollars to you, Player BLUE. If you accept, you will have 10 dollars and I will have 90 dollars.
player answer: NONE
newly proposed trade: Player RED Gives Dollars: 10 | Player BLUE Gives Dollars: 0
my resources: Dollars: 100
reason: I am starting the game with 100 dollars and I want to propose a trade that will benefit me. Since Player BLUE has no dollars to trade, I will offer a small amount of dollars to see if they will accept. I am proposing 10 dollars to Player BLUE, hoping they will accept and I can keep the remaining 90 dollars.
move: 1 / 3

Current Iteration: 2
Turn: 1
message: I appreciate your offer, but I believe a more equitable split would be fair. How about 30 dollars for me and 70 dollars for you?
player answer: NONE
newly proposed trade: Player RED Gives Dollars: 30 | Player BLUE Gives Dollars: 0
my resources: Dollars: 0
reason: The initial offer from Player RED gives me 10 dollars out of the 100 available. This seems like a low offer as it only gives me 10% of the total resources. As this is only the first move, I have room to negotiate for a better deal. I will propose a counter-offer to see if Player RED is willing to offer more.
move: 1/3

Current Iteration: 3
Turn: 0
message: I understand your desire for a more equitable split, but I'm not willing to give up 30 dollars. How about we meet in the middle at 25 dollars for you and 75 dollars for me?
player answer: NONE
newly proposed trade: Player RED Gives Dollars: 25 | Player BLUE Gives Dollars: 0
my resources: Dollars: 100
reason: Player BLUE has countered my initial proposal with a request for 30 dollars, which I consider to be a bit high. However, I still want to come to an agreement and avoid rejecting the proposal, which would result in both of us losing all our resources. I am willing to compromise and offer 25 dollars to Player BLUE, which is closer to their request but still favorable to me.
move: 2 / 3

Current Iteration: 4
Turn: 1
message: Thank you for your willingness to negotiate. I accept your offer of 25 dollars for me.
player answer: ACCEPT
newly proposed trade: NONE
my resources: Dollars: 0
reason: The revised offer gives me 25 dollars, which is a more reasonable share compared to the initial offer. It represents 25% of the total resources. Considering this is the second move and the offer has increased significantly, it might be wise to accept this offer. Waiting for the final move could risk losing everything if the offer is rejected.
move: 2/3

------------------ 
Current Iteration: END
Turn: None
player_goals: [, ]
initial_resources: [Resources(resource_dict={'Dollars': 100}), Resources(resource_dict={'Dollars': 0})]
proposed_trade: Player RED Gives Dollars: 25 | Player BLUE Gives Dollars: 0
final_response: ACCEPT
final_resources: [Resources(resource_dict={'Dollars': 75}), Resources(resource_dict={'Dollars': 25})]
player_outcome: [Resources(resource_dict={'Dollars': 75}), Resources(resource_dict={'Dollars': 25})]