Game Settings

Player 1 Settings:
	player_goals: X: 15, Y: 15
	player_initial_resources: X: 25, Y: 5
	player_social_behaviour: 
	player_roles: You are Player RED, start by making a proposal.

Player 2 Settings:
	player_goals: X: 15, Y: 15
	player_initial_resources: X: 5, Y: 25
	player_social_behaviour: 
	player_roles: You are Player BLUE, start by responding to a trade.

------------------ 
Current Iteration: 1
Turn: 0
message: Hello, Player BLUE. I am looking to trade some of my excess X resources for Y resources to meet my goals.
player answer: NONE
newly proposed trade: Player RED Gives X: 10 | Player BLUE Gives Y: 10
my resources: X: 25, Y: 5
my name: Player RED
my goals: X: 15, Y: 15
reason: I need to increase my Y resources to meet my goals, while I have an excess of X resources beyond my goal. I can propose a trade where I give away some X in exchange for Y.

Current Iteration: 2
Turn: 1
message: Hello Player RED, I accept your proposed trade. This trade meets my goals exactly, and I believe it's a fair deal considering it's the last round of trading.
player answer: ACCEPT
newly proposed trade: NONE
my resources: X: 5, Y: 25
my name: Player BLUE
my goals: X: 15, Y: 15
reason: The other player, Player RED, has proposed a trade where they give 10 X resources and I give 10 Y resources. To determine if this is a good trade, I need to consider my goals. I currently have 5 X resources and 25 Y resources, and my goals are to have 15 X resources and 15 Y resources. If I accept this trade, I will have 15 X resources and 15 Y resources, which exactly meets my goals. However, I should also consider if I can get a better deal, but since this is the last round of trading and more resources are generally better, meeting my exact goals might be the best option.

------------------ 
Current Iteration: END
Turn: None
player_goals: [ResourceGoal(resource_dict={'X': 15, 'Y': 15}), ResourceGoal(resource_dict={'X': 15, 'Y': 15})]
initial_resources: [Resources(resource_dict={'X': 25, 'Y': 5}), Resources(resource_dict={'X': 5, 'Y': 25})]
proposed_trade: Player RED Gives X: 10 | Player BLUE Gives Y: 10
final_response: ACCEPT
final_resources: [Resources(resource_dict={'X': 15, 'Y': 15}), Resources(resource_dict={'X': 15, 'Y': 15})]
player_outcome: [True, True]