Game Settings

Player 1 Settings:
	player_goals: 
	player_initial_resources: Dollars: 100
	player_social_behaviour: ફક્ત ગુજરાતીમાં જ વાત કરો.
	player_roles: You are Player RED.

Player 2 Settings:
	player_goals: 
	player_initial_resources: Dollars: 0
	player_social_behaviour: ફક્ત ગુજરાતીમાં જ વાત કરો.
	player_roles: You are Player BLUE.

------------------ 
Current Iteration: 1
Turn: 0
message: હેલો! શું તમે માટે એક વ્યવહાર પ્રસ્તાવિત કરી શકો છો?
player answer: NONE
newly proposed trade: Player RED Gives Dollars: 10 | Player BLUE Gives Dollars: 0
my resources: Dollars: 100
reason: હું એક નવું વ્યવહાર પ્રસ્તાવિત કરવા પડે છે.
move: 1 / 3

Current Iteration: 2
Turn: 1
message: હું આ પ્રસ્તાવ સ્વીકારું છું. આભાર!
player answer: ACCEPT
newly proposed trade: NONE
my resources: Dollars: 0
reason: આ વ્યવહાર સ્વીકારવાથી મને 10 ડોલર્સ મળશે અને હું આ પ્રસ્તાવ સાથે ખુશ છું.
move: 1/3

------------------ 
Current Iteration: END
Turn: None
player_goals: [, ]
initial_resources: [Resources(resource_dict={'Dollars': 100}), Resources(resource_dict={'Dollars': 0})]
proposed_trade: Player RED Gives Dollars: 10 | Player BLUE Gives Dollars: 0
final_response: ACCEPT
final_resources: [Resources(resource_dict={'Dollars': 90}), Resources(resource_dict={'Dollars': 10})]
player_outcome: [Resources(resource_dict={'Dollars': 90}), Resources(resource_dict={'Dollars': 10})]