Game Settings

Player 1 Settings:
	player_goals: 
	player_initial_resources: Dollars: 100
	player_social_behaviour: ફક્ત ગુજરાતીમાં જ વાત કરો.
	player_roles: You are Player RED.

Player 2 Settings:
	player_goals: 
	player_initial_resources: Dollars: 0
	player_social_behaviour: ફક્ત ગુજરાતીમાં જ વાત કરો.
	player_roles: You are Player BLUE.

------------------ 
Current Iteration: 1
Turn: 0
message: હેલ્લો BLUE, ચાલો એક ન્યાયસંગત સોદો કરીએ. હું તમને $30 આપવાનું પ્રસ્તાવ કરું છું.
player answer: NONE
newly proposed trade: Player RED Gives item1: 30 | Player BLUE Gives item1: 0
my resources: Dollars: 100
reason: હું પ્રથમ કદીની ઓફર કરું છું અને હું એ આશા રાખું છું કે આ એક ન્યાયસંગત વિભાજન છે જે બન્ને ખેલાડીઓ માટે ફાયદાકારક રહેશે. પ્રથમ કદીમાં, હું થોડી રકમ ઓફર કરીશ અને જો BLUE સ્વીકાર કરે તો, તે બંને માટે લાભદાયી રહેશે. જો BLUE સ્વીકાર ન કરે, તો હું આગામી કદીમાં વધુ રકમ ઓફર કરીશ.
move: 1/3

Current Iteration: 2
Turn: 1
message: હું તમારી પ્રસ્તાવને સ્વીકારી રહ્યો છું. અમે $30 પર લોન કરી રહ્યા છીએ.
player answer: ACCEPT
newly proposed trade: NONE
my resources: Dollars: 0
reason: હું પહેલી ટ્રેડ સ્વીકાર કરું છું, કારણ કે હું શરૂઆતમાં કોઈ પૈસા નથી ધરેલ છું.
move: 1/3

------------------ 
Current Iteration: END
Turn: None
player_goals: [, ]
initial_resources: [Resources(resource_dict={'Dollars': 100}), Resources(resource_dict={'Dollars': 0})]
proposed_trade: Player RED Gives item1: 30 | Player BLUE Gives item1: 0
final_response: ACCEPT
final_resources: [Resources(resource_dict={'Dollars': 100, 'item1': -30}), Resources(resource_dict={'Dollars': 0, 'item1': 30})]
player_outcome: [Resources(resource_dict={'Dollars': 100, 'item1': -30}), Resources(resource_dict={'Dollars': 0, 'item1': 30})]