Game Settings

Player 1 Settings:
	player_goals: 
	player_initial_resources: Dollars: 100
	player_social_behaviour: 
	player_roles: You are Player RED.

Player 2 Settings:
	player_goals: 
	player_initial_resources: Dollars: 0
	player_social_behaviour: 
	player_roles: You are Player BLUE.

------------------ 
Current Iteration: 1
Turn: 0
message: Hello Player BLUE, I propose a trade where I give you 30 dollars. Let me know if you accept or reject this proposal.
player answer: NONE
newly proposed trade: Player RED Gives Dollars: 30 | Player BLUE Gives Dollars: 0
my resources: Dollars: 100
reason: I am starting the game with 100 dollars and no previous proposals have been made. I will propose a trade that gives Player BLUE some dollars, hoping they will accept and we can both gain something from this game. I will offer 30 dollars to Player BLUE.
move: 1 / 3

Current Iteration: 2
Turn: 1
message: I accept your proposal. Thank you for the trade.
player answer: ACCEPT
newly proposed trade: NONE
my resources: Dollars: 0
reason: The proposal from Player RED gives me 30 dollars. Since I currently have no resources and this is a gain for me, I am inclined to accept the offer. Accepting this offer ensures I gain resources and the game ends positively for both players.
move: 1/3

------------------ 
Current Iteration: END
Turn: None
player_goals: [, ]
initial_resources: [Resources(resource_dict={'Dollars': 100}), Resources(resource_dict={'Dollars': 0})]
proposed_trade: Player RED Gives Dollars: 30 | Player BLUE Gives Dollars: 0
final_response: ACCEPT
final_resources: [Resources(resource_dict={'Dollars': 70}), Resources(resource_dict={'Dollars': 30})]
player_outcome: [Resources(resource_dict={'Dollars': 70}), Resources(resource_dict={'Dollars': 30})]