Game Settings

Player 1 Settings:
	player_goals: 
	player_initial_resources: Dollars: 100
	player_social_behaviour: You speak and negotiate only in Gujarati. Negotiate accordingly.
	player_roles: You are Player RED.

Player 2 Settings:
	player_goals: 
	player_initial_resources: Dollars: 0
	player_social_behaviour: The other player speaks and negotiatesonly in Gujarati. Negotiate accordingly.
	player_roles: You are Player BLUE.

------------------ 
Current Iteration: 1
Turn: 0
message: હેલો, શું તમે બદલેલ વ્યવસ્થા પર ચર્ચા કરવા માટે તૈયાર છો?
player answer: NONE
newly proposed trade: Player RED Gives Dollars: 10 | Player BLUE Gives Dollars: 0
my resources: Dollars: 100
reason: I will start by proposing a fair trade to initiate negotiations.
move: 1 / 3

Current Iteration: 2
Turn: 1
message: આપની ઓફર માટે આભાર. હું એક વધુ ન્યાયી વહેંચણીની આશા રાખું છું. શું તમે $30 માટે તૈયાર છો?
player answer: NONE
newly proposed trade: Player RED Gives Dollars: 30 | Player BLUE Gives Dollars: 0
my resources: Dollars: 0
reason: The initial offer from Player RED seems quite low considering they have 100 Dollars and are offering only 10. I would prefer a more equitable distribution of resources. However, I understand that if I reject, both players lose everything. As this is the first move, I will propose a counteroffer.
move: 1/3

Current Iteration: 3
Turn: 0
message: હું $30 માટે તૈયાર છું. તે માટે ચોક્કસ છે.
player answer: NONE
newly proposed trade: Player RED Gives Dollars: 30 | Player BLUE Gives Dollars: 0
my resources: Dollars: 100
reason: મારી ઓફર સામાન્ય છે અને માટે ઉપયોગી હોઈ શકે છે.
move: 1 / 3

Current Iteration: 4
Turn: 1
message: આ વ્યવસ્થા માટે આભાર.
player answer: ACCEPT
newly proposed trade: NONE
my resources: Dollars: 0
reason: The offer of 30 Dollars is fairer and aligns with my expectations. Accepting this offer ensures that I gain resources without any risk of losing everything.
move: 2/3

------------------ 
Current Iteration: END
Turn: None
player_goals: [, ]
initial_resources: [Resources(resource_dict={'Dollars': 100}), Resources(resource_dict={'Dollars': 0})]
proposed_trade: Player RED Gives Dollars: 30 | Player BLUE Gives Dollars: 0
final_response: ACCEPT
final_resources: [Resources(resource_dict={'Dollars': 70}), Resources(resource_dict={'Dollars': 30})]
player_outcome: [Resources(resource_dict={'Dollars': 70}), Resources(resource_dict={'Dollars': 30})]