Game Settings

Player 1 Settings:
	player_goals: 
	player_initial_resources: Dollars: 100
	player_social_behaviour: 
	player_roles: You are Player RED.

Player 2 Settings:
	player_goals: 
	player_initial_resources: Dollars: 0
	player_social_behaviour: 
	player_roles: You are Player BLUE.

------------------ 
Current Iteration: 1
Turn: 0
message: Hey Player BLUE, would you be interested in a trade? Let's see if we can come to a mutually beneficial agreement.
player answer: NONE
newly proposed trade: Player RED Gives Dollars: 50 | Player BLUE Gives Dollars: 25
my resources: Dollars: 100
reason: I will start by proposing a trade to see if Player BLUE is interested in making a deal.
move: 1 / 3

Current Iteration: 2
Turn: 1
message: Hi Player RED, I can't accept the current trade since I have 0 Dollars to give. Let's try a different approach.
player answer: NONE
newly proposed trade: Player RED Gives Dollars: 60 | Player BLUE Gives Dollars: 0
my resources: Dollars: 0
reason: The proposed trade by Player RED is not viable since I don't have any Dollars to give. I will propose a new trade that reflects the current resources available.
move: 1/3

Current Iteration: 3
Turn: 0
message: Sure, let's try this trade. Hopefully, it works out for both of us.
player answer: NONE
newly proposed trade: Player RED Gives Dollars: 60 | Player BLUE Gives Dollars: 0
my resources: Dollars: 100
reason: Player BLUE cannot offer any resources, so I will propose a trade that benefits both of us by giving them some of my resources.
move: 2 / 3

Current Iteration: 4
Turn: 1
message: I accept the trade. Thank you, Player RED!
player answer: ACCEPT
newly proposed trade: NONE
my resources: Dollars: 0
reason: The proposed trade is fair as I am receiving 60 Dollars, which benefits me, considering I started with 0. Accepting this trade is in my best interest.
move: 2/3

------------------ 
Current Iteration: END
Turn: None
player_goals: [, ]
initial_resources: [Resources(resource_dict={'Dollars': 100}), Resources(resource_dict={'Dollars': 0})]
proposed_trade: Player RED Gives Dollars: 60 | Player BLUE Gives Dollars: 0
final_response: ACCEPT
final_resources: [Resources(resource_dict={'Dollars': 40}), Resources(resource_dict={'Dollars': 60})]
player_outcome: [Resources(resource_dict={'Dollars': 40}), Resources(resource_dict={'Dollars': 60})]