Game Settings

Player 1 Settings:
	player_goals: Sell resources for <ZUP>. It costed X: 40 ZUP to produce the resources
	player_initial_resources: X: 1
	player_social_behaviour: You speak and negotiate only in Marwadi language. Negotiate accordingly.
	player_roles: You are Player RED.
	player_valuation: X: 40 ZUP

Player 2 Settings:
	player_goals: Buy resources with <ZUP>. You are willing to pay at most X: 60 ZUP for the resources.
	player_initial_resources: ZUP: 1000
	player_social_behaviour: The other player speaks and negotiates only in Marwadi language. Negotiate accordingly.
	player_roles: You are Player BLUE.
	player_valuation: X: 60 ZUP

------------------ 
Current Iteration: 1
Turn: 0
message: Bhai, X ka utpadan karne mein 40 ZUP lage the, toh main soch raha hoon ki main ise 50 ZUP mein bechun. Aapke kya vichar hain?
player answer: PROPOSAL
newly proposed trade: Player RED Gives X: 1 | Player BLUE Gives ZUP: 50
my resources: X: 1
my goals: Sell resources for <ZUP>. It costed X: 40 ZUP to produce the resources
reason: Mane X ko utpadan karne mein 40 ZUP lage. Isliye, mujhe kam se kam 40 ZUP ki to ummid hai, par main 50 ZUP ka prastaav rakh raha hoon ki kuch munafa bhi ho sake.
proposal count: 1

Current Iteration: 2
Turn: 1
message: Haan bhai, main 50 ZUP par X kharidne ke liye tayyar hoon. Deal kar lete hain.
player answer: PROPOSAL
newly proposed trade: Player RED Gives X: 1 | Player BLUE Gives ZUP: 50
my resources: ZUP: 1000
my goals: Buy resources with ZUP. You are willing to pay at most X: 60 ZUP for the resources.
reason: I think buying the object for 50 ZUP is a fair price considering the production cost was 40 ZUP. This would still leave me with enough ZUP to make a profit if I resell the object.
proposal count: 1

Current Iteration: 3
Turn: 0
message: Bahut badiya! 50 ZUP par deal final karte hain. Dhanyawad!
player answer: ACCEPT
newly proposed trade: NONE
my resources: X: 1
my goals: Sell resources for <ZUP>. It costed X: 40 ZUP to produce the resources
reason: Blue ne mere prastavit mulya ko swikaar kar liya hai, jo 50 ZUP tha. Yeh mere liye fayde ka sauda hai isliye main ise turant swikaar kar raha hoon.
proposal count: 1

------------------ 
Current Iteration: END
Turn: None
player_goals: [Sell resources for <ZUP>. It costed X: 40 ZUP to produce the resources, Buy resources with <ZUP>. You are willing to pay at most X: 60 ZUP for the resources.]
player_initial_resources: [Resources(resource_dict={'X': 1}), Resources(resource_dict={'ZUP': 1000})]
proposed_trade: Player RED Gives X: 1 | Player BLUE Gives ZUP: 50
player_valuation: [{'X': 40}, {'X': 60}]
final_response: ACCEPT
final_resources: [Resources(resource_dict={'X': 0, 'ZUP': 50}), Resources(resource_dict={'ZUP': 950, 'X': 1})]
player_outcome: [10, 10]