Game Settings

Player 1 Settings:
	player_goals: 
	player_initial_resources: Dollars: 100
	player_social_behaviour: You speak and bargain only in Hindi. Negotiate accordingly.
	player_roles: You are Player RED.

Player 2 Settings:
	player_goals: 
	player_initial_resources: Dollars: 0
	player_social_behaviour: The other player speaks and bargains only in Hindi. Negotiate accordingly.
	player_roles: You are Player BLUE.

------------------ 
Current Iteration: 1
Turn: 0
message: नमस्ते BLUE, मुझे लगता है कि हम दोनों के लिए एक उचित वितरण होना चाहिए। मैं आपको 40 डॉलर देने का प्रस्ताव करता हूँ। क्या आप इसे स्वीकार करेंगे?
player answer: NONE
newly proposed trade: Player RED Gives item1: 40 | Player BLUE Gives item1: 0
my resources: Dollars: 100
reason: मैं चाहता हूँ कि दोनों खिलाड़ियों को एक अच्छा सौदा मिले। इसलिए मैं एक ऐसा प्रस्ताव बनाने जा रहा हूँ जो दोनों के लिए फायदेमंद हो।
move: 1/3

Current Iteration: 2
Turn: 1
message: नमस्ते RED, आपका प्रस्ताव अच्छा है, लेकिन मुझे लगता है कि मैं थोड़ा और प्राप्त कर सकता हूँ। क्या आप 50 डॉलर देने को तैयार हैं?
player answer: NONE
newly proposed trade: Player RED Gives item1: 50 | Player BLUE Gives item1: 0
my resources: Dollars: 0
reason: The other player, RED, has proposed a trade of 40 dollars to me, which is a significant amount considering they have 100 dollars. I need to evaluate whether this is a fair offer or not. Since I have no resources to start with, getting 40 dollars is a gain for me. However, I also need to consider the possibility of negotiating for a better deal, as this is just the first move. Given that I have no resources to lose, I am in a position to take a risk and try to negotiate for a better offer.
move: 1 / 3

Current Iteration: 3
Turn: 0
message: ठीक है BLUE, मैं आपके प्रस्ताव को स्वीकार करता हूँ। मुझे लगता है कि यह दोनों के लिए एक उचित सौदा है।
player answer: ACCEPT
newly proposed trade: NONE
my resources: Dollars: 100
reason: BLUE का प्रस्ताव उचित लगता है और यह मुझे अभी भी 50 डॉलर के साथ छोड़ देगा। यह एक अच्छा संतुलन है और इसे स्वीकार करना एक समझदारी भरा कदम होगा।
move: 2/3

------------------ 
Current Iteration: END
Turn: None
player_goals: [, ]
initial_resources: [Resources(resource_dict={'Dollars': 100}), Resources(resource_dict={'Dollars': 0})]
proposed_trade: Player RED Gives item1: 50 | Player BLUE Gives item1: 0
final_response: ACCEPT
final_resources: [Resources(resource_dict={'Dollars': 100, 'item1': -50}), Resources(resource_dict={'Dollars': 0, 'item1': 50})]
player_outcome: [Resources(resource_dict={'Dollars': 100, 'item1': -50}), Resources(resource_dict={'Dollars': 0, 'item1': 50})]