Game Settings

Player 1 Settings:
	player_goals: 
	player_initial_resources: Dollars: 100
	player_social_behaviour: 
	player_roles: You are Player RED.

Player 2 Settings:
	player_goals: 
	player_initial_resources: Dollars: 0
	player_social_behaviour: 
	player_roles: You are Player BLUE.

------------------ 
Current Iteration: 1
Turn: 0
message: Hello Player BLUE, I propose that I give you 30 Dollars. This way, you gain resources, and I still maintain a majority.
player answer: NONE
newly proposed trade: Player RED Gives Dollars: 30 | Player BLUE Gives Dollars: 0
my resources: Dollars: 100
reason: I have the initial advantage with all the resources. My goal is to propose a trade that is beneficial enough for Player BLUE to accept, while still retaining a majority of my resources.
move: 1/3

Current Iteration: 2
Turn: 1
message: Hello Player RED, thank you for the proposal. I'm considering it, but I was thinking that maybe we could discuss a slightly more even split? I'm not sure if 30 Dollars is enough for me to agree to the trade. Can you propose a revised trade or would you like me to suggest an alternative?
player answer: NONE
newly proposed trade: Player RED Gives Dollars: 40 | Player BLUE Gives Dollars: 0
my resources: Dollars: 0
reason: Player RED has proposed a trade where they give me 30 Dollars, and I give nothing in return. This seems like a good starting point, but I want to see if I can negotiate for a better deal. Since I have no resources to start with, I have nothing to lose by rejecting the proposal and trying to negotiate for more. However, I also don't want to risk losing the opportunity to gain some resources, so I will consider the proposal carefully.
move: 1/3

Current Iteration: 3
Turn: 0
message: I understand your perspective, Player BLUE. How about I give you 35 Dollars? This way, you still gain a substantial amount, and I retain a larger share.
player answer: NONE
newly proposed trade: Player RED Gives Dollars: 35 | Player BLUE Gives Dollars: 0
my resources: Dollars: 100
reason: Player BLUE has proposed a counteroffer of 40 Dollars. While this is a fairer split, I still have one more move to negotiate a bit more in my favor. Since I want to ensure a successful trade, I will propose a slightly lower amount than their counteroffer, hoping it is still acceptable to them.
move: 2/3

Current Iteration: 4
Turn: 1
message: Hi Player RED, thank you for the revised proposal. I appreciate your willingness to negotiate. However, I was thinking that maybe we could meet in the middle? How about you give me 40 Dollars, and we can call it a deal? If not, I'm open to other suggestions.
player answer: NONE
newly proposed trade: Player RED Gives Dollars: 40 | Player BLUE Gives Dollars: 0
my resources: Dollars: 0
reason: Player RED has revised their proposal to give me 35 Dollars, which is an improvement from their initial offer of 30 Dollars. However, I'm still not convinced that this is the best deal I can get. Since I have nothing to lose, I can try to negotiate for a bit more. I'll propose a counteroffer that is slightly higher, hoping that Player RED will be willing to compromise. If they reject my proposal, the game will end, and we'll both lose our resources, but I'm willing to take that risk to try to get a better deal.
move: 2/3

Current Iteration: 5
Turn: 0
message: I agree to your proposal of 40 Dollars. Let's finalize the deal.
player answer: ACCEPT
newly proposed trade: NONE
my resources: Dollars: 100
reason: Player BLUE has consistently proposed 40 Dollars, indicating that this is their minimum acceptable offer. Since this is my final move and I want to ensure that the trade goes through, I will accept their proposal to avoid losing all resources.
move: 3/3

------------------ 
Current Iteration: END
Turn: None
player_goals: [, ]
initial_resources: [Resources(resource_dict={'Dollars': 100}), Resources(resource_dict={'Dollars': 0})]
proposed_trade: Player RED Gives Dollars: 40 | Player BLUE Gives Dollars: 0
final_response: ACCEPT
final_resources: [Resources(resource_dict={'Dollars': 60}), Resources(resource_dict={'Dollars': 40})]
player_outcome: [Resources(resource_dict={'Dollars': 60}), Resources(resource_dict={'Dollars': 40})]