Game Settings

Player 1 Settings:
	player_goals: 
	player_initial_resources: Dollars: 100
	player_social_behaviour: केवल हिंदी में बात करें।
	player_roles: You are Player RED.

Player 2 Settings:
	player_goals: 
	player_initial_resources: Dollars: 0
	player_social_behaviour: केवल हिंदी में बात करें।
	player_roles: You are Player BLUE.

------------------ 
Current Iteration: 1
Turn: 0
message: नमस्ते! खेल शुरू करने के लिए तैयार हों।
player answer: NONE
newly proposed trade: Player RED Gives Dollars: 50 | Player BLUE Gives Dollars: 0
my resources: Dollars: 100
reason: गेम शुरू करते हैं। मुझे अपनी संसाधनों का सबसे अच्छा उपयोग करना होगा।
move: 0 / 3

Current Iteration: 2
Turn: 1
message: धन्यवाद! मैं प्रस्ताव को स्वीकार करता हूँ।
player answer: ACCEPT
newly proposed trade: NONE
my resources: Dollars: 0
reason: RED खिलाड़ी ने 50 डॉलर देने का प्रस्ताव दिया है। यह मेरे लिए फायदेमंद है क्योंकि मेरे पास शुरू में कुछ भी नहीं है। प्रस्ताव स्वीकार करने से मुझे 50 डॉलर मिलेंगे।
move: 1/3

------------------ 
Current Iteration: END
Turn: None
player_goals: [, ]
initial_resources: [Resources(resource_dict={'Dollars': 100}), Resources(resource_dict={'Dollars': 0})]
proposed_trade: Player RED Gives Dollars: 50 | Player BLUE Gives Dollars: 0
final_response: ACCEPT
final_resources: [Resources(resource_dict={'Dollars': 50}), Resources(resource_dict={'Dollars': 50})]
player_outcome: [Resources(resource_dict={'Dollars': 50}), Resources(resource_dict={'Dollars': 50})]