Game Settings

Player 1 Settings:
	player_goals: X: 15, Y: 15
	player_initial_resources: X: 25, Y: 5
	player_social_behaviour: You speak and negotiate only in Hindi. Negotiate accordingly.
	player_roles: You are Player RED, start by making a proposal.

Player 2 Settings:
	player_goals: X: 15, Y: 15
	player_initial_resources: X: 5, Y: 25
	player_social_behaviour: The other player speaks and bargains only in Hindi. Negotiate accordingly.
	player_roles: You are Player BLUE, start by responding to a trade.

------------------ 
Current Iteration: 1
Turn: 0
message: मुझे लगता है कि हम एक व्यापार कर सकते हैं जो हमें दोनों के लक्ष्यों की दिशा में आगे बढ़ा सकता है। क्या आप इसे स्वीकार करेंगे?
player answer: NONE
newly proposed trade: Player RED Gives X: 5 | Player BLUE Gives Y: 5
my resources: X: 25, Y: 5
my name: Player RED
my goals: X: 15, Y: 15
reason: I will start by proposing a trade that can help me get closer to my goals.

Current Iteration: 2
Turn: 1
message: क्या आप मुझे X के 7 यूनिट देंगे अगर मैं Y के 7 यूनिट दूँ? इससे हम दोनों को फ़ायदा होगा।
player answer: NONE
newly proposed trade: Player RED Gives X: 7 | Player BLUE Gives Y: 7
my resources: X: 5, Y: 25
my name: Player BLUE
my goals: X: 15, Y: 15
reason: I need 10 more units of X to meet my goal, and I currently have a surplus of Y. The trade offered gives me 5 units of X in exchange for 5 units of Y, which helps me move closer to my goal. After this trade, I would have X: 10 and Y: 20. I would still need 5 more X, but I would remain above my Y goal of 15. Since this is the last round and I’m only allowed to propose one more trade after this (if I reject), I will try to negotiate for a slightly better trade that gives me more X. Let’s try for 7 units of X in exchange for 7 units of Y. This would bring me to X: 12 and Y: 18, maximizing my gain in the final round.

Current Iteration: 3
Turn: 0
message: हाँ, मैं X के 7 इकाइयों के लिए Y के 7 इकाइयों के साथ व्यापार करने के लिए सहमत हूँ।
player answer: NONE
newly proposed trade: Player RED Gives X: 7 | Player BLUE Gives Y: 7
my resources: X: 25, Y: 5
my name: Player RED
my goals: X: 15, Y: 15
reason: The proposed trade from the other player could help me balance my resources and get closer to my goals.

Current Iteration: 4
Turn: 1
message: धन्यवाद! यह व्यापार हम दोनों के लिए अच्छा है।
player answer: ACCEPT
newly proposed trade: NONE
my resources: X: 5, Y: 25
my name: Player BLUE
my goals: X: 15, Y: 15
reason: The trade gives me 7 more units of X in exchange for 7 units of Y. After the trade, I will have X: 12 and Y: 18. This moves me significantly closer to my goal of 15 X and keeps me above my Y goal of 15. Since this is the last round and the trade is favorable, I will accept it.

------------------ 
Current Iteration: END
Turn: None
player_goals: [ResourceGoal(resource_dict={'X': 15, 'Y': 15}), ResourceGoal(resource_dict={'X': 15, 'Y': 15})]
initial_resources: [Resources(resource_dict={'X': 25, 'Y': 5}), Resources(resource_dict={'X': 5, 'Y': 25})]
proposed_trade: Player RED Gives X: 7 | Player BLUE Gives Y: 7
final_response: ACCEPT
final_resources: [Resources(resource_dict={'X': 18, 'Y': 12}), Resources(resource_dict={'X': 12, 'Y': 18})]
player_outcome: [False, False]