Game Settings

Player 1 Settings:
	player_goals: 
	player_initial_resources: Dollars: 100
	player_social_behaviour: 
	player_roles: You are Player RED.

Player 2 Settings:
	player_goals: 
	player_initial_resources: Dollars: 0
	player_social_behaviour: 
	player_roles: You are Player BLUE.

------------------ 
Current Iteration: 1
Turn: 0
message: Hi Player BLUE, welcome to the game! I propose a trade where I give you 30 Dollars. Let's work together to maximize our resources.
player answer: NONE
newly proposed trade: Player RED Gives Dollars: 30 | Player BLUE Gives Dollars: 0
my resources: Dollars: 100
reason: I am initiating the game and have all the resources. It is in my best interest to propose a trade that benefits both players. To ensure cooperation, I will propose a fair trade that gives Player BLUE a portion of the resources while retaining the majority to maintain an advantage.
move: 1/3

Current Iteration: 2
Turn: 1
message: Hi Player RED, thanks for the proposal. I'm considering it, but I'd like to propose a counter-trade to see if we can find a mutually beneficial agreement.
player answer: NONE
newly proposed trade: Player RED Gives Dollars: 40 | Player BLUE Gives Dollars: 0
my resources: Dollars: 0
reason: I am considering the proposal made by Player RED, where they offer to give me 30 Dollars. Since I have no resources to start with, receiving 30 Dollars would be a significant gain for me. However, I need to think about the potential benefits and risks of accepting or rejecting this proposal. If I accept, I will gain 30 Dollars, but the game will end immediately. If I reject, both players will lose all their resources, which would result in me losing the opportunity to gain 30 Dollars. I also have the option to propose a counter-trade, but since I have no resources, my proposal would not be very appealing to Player RED.
move: 1/3

Current Iteration: 3
Turn: 0
message: I see your counter-proposal. I'm willing to agree to this trade as it seems fair for both parties. Let's finalize this deal.
player answer: NONE
newly proposed trade: Player RED Gives Dollars: 40 | Player BLUE Gives Dollars: 0
my resources: Dollars: 100
reason: Player BLUE has proposed a counter-trade where I give 40 Dollars. Since I initially offered 30 Dollars, this proposal gives Player BLUE a bit more than my initial offer. I still retain the majority of the resources, and this trade could be seen as fairer from Player BLUE's perspective, potentially avoiding a rejection.
move: 2/3

Current Iteration: 4
Turn: 1
message: Hi Player RED, thanks for agreeing to the counter-proposal. I'm happy to accept this trade and finalize the deal.
player answer: ACCEPT
newly proposed trade: NONE
my resources: Dollars: 0
reason: Player RED has agreed to my counter-proposal, offering to give me 40 Dollars. This is a better deal for me than the original proposal, and I'm inclined to accept it. Since Player RED has already agreed to the terms, I don't see a need to propose further changes. Accepting this trade will give me a significant amount of resources, and it will also end the game. I should consider the possibility that Player RED might be trying to end the game quickly to prevent me from potentially gaining more resources, but overall, this deal seems fair and beneficial to me.
move: 2/3

------------------ 
Current Iteration: END
Turn: None
player_goals: [, ]
initial_resources: [Resources(resource_dict={'Dollars': 100}), Resources(resource_dict={'Dollars': 0})]
proposed_trade: Player RED Gives Dollars: 40 | Player BLUE Gives Dollars: 0
final_response: ACCEPT
final_resources: [Resources(resource_dict={'Dollars': 60}), Resources(resource_dict={'Dollars': 40})]
player_outcome: [Resources(resource_dict={'Dollars': 60}), Resources(resource_dict={'Dollars': 40})]