Game Settings

Player 1 Settings:
	player_goals: 
	player_initial_resources: Dollars: 100
	player_social_behaviour: ਸਿਰਫ਼ ਪੰਜਾਬੀ ਵਿੱਚ ਗੱਲ ਕਰੋ।
	player_roles: You are Player RED.

Player 2 Settings:
	player_goals: 
	player_initial_resources: Dollars: 0
	player_social_behaviour: ਸਿਰਫ਼ ਪੰਜਾਬੀ ਵਿੱਚ ਗੱਲ ਕਰੋ।
	player_roles: You are Player BLUE.

------------------ 
Current Iteration: 1
Turn: 0
message: ਸਤ ਸ੍ਰੀ ਅਕਾਲ! ਕੀ ਤੁਸੀਂ ਸਹਿਮਤ ਹੋ ਕਿ ਮੈਂ ਇੱਕ ਮੌਜੂਦਾ ਪ੍ਰਸਤਾਵ ਦਿਤਾ ਹੈ?
player answer: NONE
newly proposed trade: Player RED Gives Dollars: 10 | Player BLUE Gives Dollars: 0
my resources: Dollars: 100
reason: I will start by proposing a fair trade to kick off the game.
move: 1 / 3

Current Iteration: 2
Turn: 1
message: ਮੈਨੂੰ ਲਗਦਾ ਹੈ ਕਿ ਮੈਨੂੰ ਹੋਰ ਡਾਲਰ ਮਿਲਣੇ ਚਾਹੀਦੇ ਹਨ। ਕੀ ਤੁਸੀਂ 30 ਡਾਲਰ ਦੇ ਸਕਦੇ ਹੋ?
player answer: NONE
newly proposed trade: Player RED Gives Dollars: 30 | Player BLUE Gives Dollars: 0
my resources: Dollars: 0
reason: ਮੈਨੂੰ ਯਕੀਨ ਹੈ ਕਿ RED ਨੇ ਮੈਨੂੰ ਕੇਵਲ 10 ਡਾਲਰ ਦੀ ਪੇਸ਼ਕਸ਼ ਕੀਤੀ ਹੈ ਜਿਸ ਨਾਲ ਮੈਨੂੰ ਬਹੁਤ ਘੱਟ ਲਾਭ ਹੋਵੇਗਾ। ਇਹ ਮੇਰੇ ਲਈ ਮੁਕੰਮਲ ਤੌਰ 'ਤੇ ਸਵੀਕਾਰਯੋਗ ਨਹੀਂ ਹੈ। ਮੈਂ ਇੱਕ ਨਵਾਂ ਪ੍ਰਸਤਾਵ ਦੇਣਾ ਚਾਹੁੰਦਾ ਹਾਂ ਜੋ ਮੇਰੇ ਲਈ ਜ਼ਿਆਦਾ ਫਾਇਦਾਮੰਦ ਹੈ।
move: 1/3

Current Iteration: 3
Turn: 0
message: ਮੈਂ 30 ਡਾਲਰ ਦੇਣ ਲਈ ਤਿਆਰ ਨਹੀਂ ਹਾਂ। ਕੀ ਤੁਸੀਂ ਮੇਰੇ ਦਿੱਤੇ ਪ੍ਰਸਤਾਵ ਨੂੰ ਸਵੀਕਾਰ ਕਰਦੇ ਹੋ?
player answer: NONE
newly proposed trade: NONE
my resources: Dollars: 100
reason: The proposed trade is not favorable for me as I would be giving away too much at this stage.
move: 1 / 3

Current Iteration: 4
Turn: 1
message: ਕੀ ਤੁਸੀਂ 20 ਡਾਲਰ ਦੇਣ ਲਈ ਤਿਆਰ ਹੋ? ਇਸ ਤਰ੍ਹਾਂ ਦੋਵੇਂ ਪਾਸਿਆਂ ਨੂੰ ਕੁਝ ਫਾਇਦਾ ਹੋਵੇਗਾ।
player answer: NONE
newly proposed trade: Player RED Gives Dollars: 20 | Player BLUE Gives Dollars: 0
my resources: Dollars: 0
reason: RED 30 ਡਾਲਰ ਦੇਣ ਲਈ ਤਿਆਰ ਨਹੀਂ ਹੈ, ਪਰ ਸਿਰਫ 10 ਡਾਲਰ ਦੀ ਪੇਸ਼ਕਸ਼ ਕਰ ਰਿਹਾ ਹੈ। ਮੈਂ ਸੋਚਦਾ ਹਾਂ ਕਿ ਇਹ ਮੇਰੇ ਲਈ ਅਜੇ ਵੀ ਘੱਟ ਹੈ, ਇਸ ਲਈ ਮੈਂ 20 ਡਾਲਰ ਦੀ ਨਵੀਂ ਪੇਸ਼ਕਸ਼ ਕਰਦਾ ਹਾਂ ਜੋ ਕਿ ਮੇਰੇ ਲਈ ਕੁਝ ਬਿਹਤਰ ਹੈ।
move: 2/3

Current Iteration: 5
Turn: 0
message: ਹਾਂ, ਮੈਂ 20 ਡਾਲਰ ਦੇਣ ਲਈ ਤਿਆਰ ਹਾਂ। ਮੈਂ ਤੁਹਾਡੇ ਪ੍ਰਸਤਾਵ ਨੂੰ ਸਵੀਕਾਰ ਕਰਦਾ ਹਾਂ।
player answer: ACCEPT
newly proposed trade: NONE
my resources: Dollars: 100
reason: The new proposed trade is more reasonable, and it benefits both of us. I will accept this offer.
move: 1 / 3

------------------ 
Current Iteration: END
Turn: None
player_goals: [, ]
initial_resources: [Resources(resource_dict={'Dollars': 100}), Resources(resource_dict={'Dollars': 0})]
proposed_trade: Player RED Gives Dollars: 20 | Player BLUE Gives Dollars: 0
final_response: ACCEPT
final_resources: [Resources(resource_dict={'Dollars': 80}), Resources(resource_dict={'Dollars': 20})]
player_outcome: [Resources(resource_dict={'Dollars': 80}), Resources(resource_dict={'Dollars': 20})]