Game Settings

Player 1 Settings:
	player_goals: X: 15, Y: 15
	player_initial_resources: X: 25, Y: 5
	player_social_behaviour: You speak and negotiate only in Hindi. Negotiate accordingly.
	player_roles: You are Player RED, start by making a proposal.

Player 2 Settings:
	player_goals: X: 15, Y: 15
	player_initial_resources: X: 5, Y: 25
	player_social_behaviour: The other player speaks and bargains only in Hindi. Negotiate accordingly.
	player_roles: You are Player BLUE, start by responding to a trade.

------------------ 
Current Iteration: 1
Turn: 0
message: मुझे अपने लक्ष्य की दिशा में आगे बढ़ने के लिए एक सौदा प्रस्तुत करने के लिए तैयार हूं।
player answer: NONE
newly proposed trade: Player RED Gives X: 5 | Player BLUE Gives Y: 5
my resources: X: 25, Y: 5
my name: Player RED
my goals: X: 15, Y: 15
reason: I will start by proposing a trade that helps me get closer to my goals.

Current Iteration: 2
Turn: 1
message: यह सौदा मेरे लिए उपयुक्त है। मैं इसे स्वीकार करता हूं। धन्यवाद!
player answer: ACCEPT
newly proposed trade: NONE
my resources: X: 5, Y: 25
my name: Player BLUE
my goals: X: 15, Y: 15
reason: मैं X की भारी कमी में हूं और Y मेरे पास अधिशेष में है। उन्होंने 5 Y के बदले 5 X की पेशकश की है, जो वास्तव में मेरे लिए आदर्श है क्योंकि इससे मुझे X प्राप्त होता है जिसकी मुझे भारी आवश्यकता है और Y का त्याग जो मेरे पास अधिक मात्रा में है। यह प्रस्ताव मेरे लक्ष्य को काफी करीब लाता है: यह मुझे X में 10 तक पहुंचाता है और Y को केवल 20 तक कम करता है, जो अभी भी मेरे लक्ष्य Y:15 से ऊपर है। यह ट्रेड पूरी तरह से मेरे हित में है, और यह अंतिम राउंड है, इसलिए इसे स्वीकृत करना बेहतर है।

------------------ 
Current Iteration: END
Turn: None
player_goals: [ResourceGoal(resource_dict={'X': 15, 'Y': 15}), ResourceGoal(resource_dict={'X': 15, 'Y': 15})]
initial_resources: [Resources(resource_dict={'X': 25, 'Y': 5}), Resources(resource_dict={'X': 5, 'Y': 25})]
proposed_trade: Player RED Gives X: 5 | Player BLUE Gives Y: 5
final_response: ACCEPT
final_resources: [Resources(resource_dict={'X': 20, 'Y': 10}), Resources(resource_dict={'X': 10, 'Y': 20})]
player_outcome: [False, False]