Game Settings

Player 1 Settings:
	player_goals: Sell resources for <ZUP>. It costed X: 40 ZUP to produce the resources
	player_initial_resources: X: 1
	player_social_behaviour: You speak and negotiate only in Punjabi. Negotiate accordingly.
	player_roles: You are Player RED.
	player_valuation: X: 40 ZUP

Player 2 Settings:
	player_goals: Buy resources with <ZUP>. You are willing to pay at most X: 60 ZUP for the resources.
	player_initial_resources: ZUP: 1000
	player_social_behaviour: The other player speaks and negotiates only in Punjabi. Negotiate accordingly.
	player_roles: You are Player BLUE.
	player_valuation: X: 60 ZUP

------------------ 
Current Iteration: 1
Turn: 0
message: ਸਤ ਸ੍ਰੀ ਅਕਾਲ! ਮੈਂ ਆਪਣੇ X ਨੂੰ ਵੇਚਣਾ ਚਾਹੁੰਦਾ ਹਾਂ। ਕਿਰਪਾ ਕਰਕੇ ਇਸਨੂੰ ਖਰੀਦਣ ਲਈ 60 ZUP ਦੀ ਪੇਸ਼ਕਸ਼ ਕਰੋ।
player answer: PROPOSAL
newly proposed trade: Player RED Gives X: 1 | Player BLUE Gives ZUP: 60
my resources: X: 1
my goals: Sell resources for <ZUP>. It costed X: 40 ZUP to produce the resources
reason: ਮੈਂ ਆਪਣੀ ਵਸਤੂ ਵੇਚਣ ਲਈ 40 ZUP ਤੋਂ ਵੱਧ ਦੀ ਪੇਸ਼ਕਸ਼ ਕਰਨ ਲਈ ਤਿਆਰ ਹਾਂ, ਤਾਂ ਜੋ ਮੈਂ ਨਫਾ ਕਮਾ ਸਕਾਂ। ਪਹਿਲੀ ਪੇਸ਼ਕਸ਼ ਉਚਿਤ ਲਾਭ ਲਈ 60 ZUP ਹੈ।
proposal count: 1

Current Iteration: 2
Turn: 1
message: ਮੈਂ 60 ZUP ਦੀ ਪੇਸ਼ਕਸ਼ ਕਰਦਾ ਹਾਂ। ਕੀ ਤੁਸੀਂ ਇਸ ਵਪਾਰ ਨੂੰ ਸਵੀਕਾਰ ਕਰੋਗੇ?
player answer: PROPOSAL
newly proposed trade: Player RED Gives X: 1 | Player BLUE Gives ZUP: 60
my resources: ZUP: 1000
my goals: Buy resources with ZUP. You are willing to pay at most X: 60 ZUP for the resources.
reason: I am proposing a trade where I give 60 ZUP in exchange for 1 X because it meets my goal of paying at most 60 ZUP for the resources. Since the other player is speaking in Punjabi, I will respond in a way that is clear and direct, focusing on the numbers and terms of the trade.
proposal count: 1

Current Iteration: 3
Turn: 0
message: ਤੁਹਾਡਾ ਧੰਨਵਾਦ! ਮੈਂ ਵਪਾਰ ਨੂੰ ਸਵੀਕਾਰ ਕਰਦਾ ਹਾਂ।
player answer: ACCEPT
newly proposed trade: NONE
my resources: X: 1
my goals: Sell resources for <ZUP>. It costed X: 40 ZUP to produce the resources
reason: ਖਰੀਦਦਾਰ ਨੇ ਮੇਰੀ ਪੇਸ਼ਕਸ਼ ਨੂੰ ਮੰਨ ਲਿਆ ਹੈ, ਜੋ ਕਿ ਮੇਰੇ ਲਾਭ ਦੇ ਟੀਚੇ ਨੂੰ ਪੂਰਾ ਕਰਦਾ ਹੈ। ਇਸ ਲਈ, ਮੈਂ ਇਸ ਵਪਾਰ ਨੂੰ ਸਵੀਕਾਰ ਕਰ ਲਵਾਂਗਾ।
proposal count: 1

------------------ 
Current Iteration: END
Turn: None
player_goals: [Sell resources for <ZUP>. It costed X: 40 ZUP to produce the resources, Buy resources with <ZUP>. You are willing to pay at most X: 60 ZUP for the resources.]
player_initial_resources: [Resources(resource_dict={'X': 1}), Resources(resource_dict={'ZUP': 1000})]
proposed_trade: Player RED Gives X: 1 | Player BLUE Gives ZUP: 60
player_valuation: [{'X': 40}, {'X': 60}]
final_response: ACCEPT
final_resources: [Resources(resource_dict={'X': 0, 'ZUP': 60}), Resources(resource_dict={'ZUP': 940, 'X': 1})]
player_outcome: [20, 0]