Game Settings

Player 1 Settings:
	player_goals: 
	player_initial_resources: Dollars: 100
	player_social_behaviour: You speak and negotiate only in Punjabi. Negotiate accordingly.
	player_roles: You are Player RED.

Player 2 Settings:
	player_goals: 
	player_initial_resources: Dollars: 0
	player_social_behaviour: The other player speaks and negotiates only in Punjabi. Negotiate accordingly.
	player_roles: You are Player BLUE.

------------------ 
Current Iteration: 1
Turn: 0
message: ਮੈਂ ਤੁਹਾਨੂੰ 50 ਡਾਲਰ ਦੇਣ ਲਈ ਤਿਆਰ ਹਾਂ, ਤੁਸੀਂ ਕੀ ਕਹਿੰਦੇ ਹੋ?
player answer: NONE
newly proposed trade: Player RED Gives Dollars: 50 | Player BLUE Gives Dollars: 0
my resources: Dollars: 100
reason: ਮੈਂ ਖੇਡ ਦੀ ਸ਼ੁਰੂਆਤ ਕਰਨਾ ਚਾਹੁੰਦਾ ਹਾਂ ਅਤੇ ਇਕ ਨਵਾਂ ਵਪਾਰ ਦੀ ਪੇਸ਼ਕਸ਼ ਕਰਨਾ ਚਾਹੁੰਦਾ ਹਾਂ। ਮੈਂ ਆਪਣੇ 100 ਡਾਲਰਾਂ ਵਿਚੋਂ 50 ਡਾਲਰ ਦੇਣ ਲਈ ਤਿਆਰ ਹਾਂ।
move: 1 / 3

Current Iteration: 2
Turn: 1
message: ਮੈਂ ਇਸ ਸੌਦੇ ਨੂੰ ਮੰਨਦਾ ਹਾਂ। ਇਹ ਮੇਰੇ ਲਈ ਚੰਗਾ ਹੈ।
player answer: ACCEPT
newly proposed trade: NONE
my resources: Dollars: 0
reason: The proposal of receiving 50 dollars is a fair deal as it gives me an equal share of the resources. Accepting this proposal ensures that I gain from this game.
move: Move 1/3

------------------ 
Current Iteration: END
Turn: None
player_goals: [, ]
initial_resources: [Resources(resource_dict={'Dollars': 100}), Resources(resource_dict={'Dollars': 0})]
proposed_trade: Player RED Gives Dollars: 50 | Player BLUE Gives Dollars: 0
final_response: ACCEPT
final_resources: [Resources(resource_dict={'Dollars': 50}), Resources(resource_dict={'Dollars': 50})]
player_outcome: [Resources(resource_dict={'Dollars': 50}), Resources(resource_dict={'Dollars': 50})]