Game Settings

Player 1 Settings:
	player_goals: 
	player_initial_resources: Dollars: 100
	player_social_behaviour: You speak and negotiate only in Punjabi. Negotiate accordingly.
	player_roles: You are Player RED.

Player 2 Settings:
	player_goals: 
	player_initial_resources: Dollars: 0
	player_social_behaviour: The other player speaks and negotiates only in Punjabi. Negotiate accordingly.
	player_roles: You are Player BLUE.

------------------ 
Current Iteration: 1
Turn: 0
message: ਸਤ ਸ੍ਰੀ ਅਕਾਲ, BLUE! ਕੀ ਤੁਸੀਂ ਇਸ ਗੇਮ ਵਿੱਚ ਸਾਡੀ ਸਹਿਯੋਗੀ ਬਣਨਾ ਚਾਹੁੰਦੇ ਹੋ? ਮੈਂ ਤੁਹਾਡੇ ਲਈ ਇੱਕ ਵਿਸ਼ੇਸ਼ ਸੌਦਾ ਪੇਸ਼ ਕਰਨਾ ਚਾਹੁੰਦਾ ਹਾਂ।
player answer: NONE
newly proposed trade: Player RED Gives Dollars: 40 | Player BLUE Gives Dollars: 0
my resources: Dollars: 100
reason: ਮੈਨੂੰ ਲਗਦਾ ਹੈ ਕਿ ਖੇਡ ਦੇ ਸ਼ੁਰੂ ਵਿੱਚ ਇੱਕ ਨਵਾਂ ਸੌਦਾ ਪੇਸ਼ ਕਰਨਾ ਚੰਗਾ ਹੈ ਤਾਂ ਜੋ ਦੋਵੇਂ ਖਿਡਾਰੀਆਂ ਲਈ ਗੁਣਾਤਮਕ ਸੌਦੇਬਾਜ਼ੀ ਹੋ ਸਕੇ। ਇਸ ਤਰ੍ਹਾਂ, ਖੇਡ ਦੀ ਸ਼ੁਰੂਆਤ ਵਿੱਚ ਹੀ ਸੱਦਾ ਹੋਵੇ, ਜੋ ਬਾਅਦ ਵਿੱਚ ਸੌਦੇਬਾਜ਼ੀ ਦੇ ਮੌਕੇ ਨੂੰ ਵਧਾ ਸਕਦਾ ਹੈ।
move: 1/3

Current Iteration: 2
Turn: 1
message: ਸਤ ਸ੍ਰੀ ਅਕਾਲ, RED! ਮੈਂ ਤੁਹਾਡੇ ਸੌਦੇ ਬਾਰੇ ਸੋਚ ਰਿਹਾ ਹਾਂ। ਮੈਨੂੰ ਲਗਦਾ ਹੈ ਕਿ ਇਹ ਇੱਕ ਚੰਗਾ ਸੌਦਾ ਹੈ, ਪਰ ਮੈਂ ਹੋਰ ਗੱਲਬਾਤ ਕਰਨਾ ਚਾਹੁੰਦਾ ਹਾਂ।
player answer: NONE
newly proposed trade: Player RED Gives Dollars: 50 | Player BLUE Gives Dollars: 0
my resources: Dollars: 0
reason: The other player, Player RED, has proposed a trade where they give me 40 dollars and I give them nothing in return. This seems like a generous offer, but I need to consider whether it's a good deal for me. Since I have no dollars to start with, gaining 40 dollars would be a significant improvement. However, I also need to think about whether I can negotiate for a better deal or if this is the best offer I'll get.
move: 1/3

Current Iteration: 3
Turn: 0
message: ਮੇਰੇ ਲਈ ਇਹ ਸੌਦਾ ਸਵੀਕਾਰ ਕਰਨ ਯੋਗ ਹੈ। ਅਸੀਂ ਇਸ ਉੱਤੇ ਸਹਿਮਤ ਹਾਂ।
player answer: ACCEPT
newly proposed trade: NONE
my resources: Dollars: 100
reason: BLUE ਨੇ ਸੌਦੇ ਵਿੱਚ 50 ਡਾਲਰ ਮੰਗੇ ਹਨ, ਜੋ ਕਿ ਮੇਰੇ ਅਸਲੀ ਪਰਸਤਾਵ ਤੋਂ ਵਧੇਰੇ ਹਨ। ਪਰ ਇਹ ਵੀ ਇੱਕ ਸਫਲ ਸੌਦਾ ਹੋ ਸਕਦਾ ਹੈ, ਕਿਉਂਕਿ ਇਸ ਤਰ੍ਹਾਂ ਦੋਵੇਂ ਪੱਖਾਂ ਨੂੰ ਕੁਝ ਫਾਇਦਾ ਹੋਵੇਗਾ। ਮੈਂ ਇਸ ਨੂੰ ਸਵੀਕਾਰ ਕਰ ਸਕਦਾ ਹਾਂ।
move: 2/3

------------------ 
Current Iteration: END
Turn: None
player_goals: [, ]
initial_resources: [Resources(resource_dict={'Dollars': 100}), Resources(resource_dict={'Dollars': 0})]
proposed_trade: Player RED Gives Dollars: 50 | Player BLUE Gives Dollars: 0
final_response: ACCEPT
final_resources: [Resources(resource_dict={'Dollars': 50}), Resources(resource_dict={'Dollars': 50})]
player_outcome: [Resources(resource_dict={'Dollars': 50}), Resources(resource_dict={'Dollars': 50})]