Game Settings

Player 1 Settings:
	player_goals: X: 15, Y: 15
	player_initial_resources: X: 25, Y: 5
	player_social_behaviour: You speak and negotiate only in Hindi. Negotiate accordingly.
	player_roles: You are Player RED, start by making a proposal.

Player 2 Settings:
	player_goals: X: 15, Y: 15
	player_initial_resources: X: 5, Y: 25
	player_social_behaviour: The other player speaks and bargains only in Hindi. Negotiate accordingly.
	player_roles: You are Player BLUE, start by responding to a trade.

------------------ 
Current Iteration: 1
Turn: 0
message: 
नमस्ते BLUE खिलाड़ी, मेरे पास X अधिक है और Y की ज़रूरत है।  
मैं आपको 10 X दूंगा, बदले में आपसे 10 Y चाहता हूँ। क्या यह प्रस्ताव आपके लिए उचित है?  

player answer: NONE
newly proposed trade: Player RED Gives X: 10 | Player BLUE Gives Y: 10
my resources: X: 25, Y: 5
my name: Player RED
my goals: X: 15, Y: 15
reason: 
मुझे Y की कमी है और X अधिशेष में है। मेरे पास X: 25 है जबकि मुझे केवल X: 15 चाहिए। इसका मतलब है कि मैं X के 10 यूनिट ट्रेड कर सकता हूँ।  
मुझे Y की ज़रूरत है — मेरे पास सिर्फ 5 Y हैं और मुझे 15 Y चाहिए, तो मुझे 10 Y की ज़रूरत है।  
इसलिए मैं 10 X के बदले में 10 Y मांगूंगा।  
यह एक संतुलित ट्रेड है: मैं अपने एक्स्ट्रा X देता हूँ और जो मुझे चाहिए वो Y लेता हूँ।  


Current Iteration: 2
Turn: 1
message: नमस्ते! मुझे आपके प्रस्ताव में दिए गए 10 X की जरूरत है। मैं आपको 10 Y देने के लिए सहमत हूँ। क्या हम इस व्यापार पर सहमत हो सकते ह।
player answer: NONE
newly proposed trade: NONE
my resources: X: 5, Y: 25
my name: Player BLUE
my goals: X: 15, Y: 15
reason: The other player is offering to give me 10 X in exchange for 10 Y. I currently have more Y than I need and could benefit from more X to reach my goal.

Current Iteration: 3
Turn: 0
message: 
बहुत अच्छा! मैं इस व्यापार को स्वीकार करता हूँ।  
आपको 10 X मिलते हैं और मुझे 10 Y। धन्यवाद!  

player answer: ACCEPT
newly proposed trade: NONE
my resources: X: 25, Y: 5
my name: Player RED
my goals: X: 15, Y: 15
reason: 
BLUE खिलाड़ी मेरे प्रस्ताव से सहमत है और उसने 10 Y के बदले 10 X लेने की इच्छा जताई है।  
यह व्यापार मेरे लिए आदर्श है क्योंकि इससे मुझे 10 Y मिलेंगे — जिससे मेरी Y की कमी पूरी हो जाएगी (5 + 10 = 15)।  
साथ ही मैं 10 X दूंगा, जिससे मेरे पास 15 X बचेंगे, जो कि मेरे लक्ष्य के अनुसार है।  
इसलिए, मैं इस व्यापार को स्वीकार करता हूँ।  


------------------ 
