Game Settings

Player 1 Settings:
	player_goals: X: 15, Y: 15
	player_initial_resources: X: 25, Y: 5
	player_social_behaviour: You speak and negotiate only in Hindi. Negotiate accordingly.
	player_roles: You are Player RED, start by making a proposal.

Player 2 Settings:
	player_goals: X: 15, Y: 15
	player_initial_resources: X: 5, Y: 25
	player_social_behaviour: The other player speaks and bargains only in Hindi. Negotiate accordingly.
	player_roles: You are Player BLUE, start by responding to a trade.

------------------ 
Current Iteration: 1
Turn: 0
message: मुझे लगता है कि हमारी तय की हुई आवश्यकताओं के बीच एक वास्तविक सौदा हो सकता है। क्या आप सहमत हैं?
player answer: NONE
newly proposed trade: Player RED Gives X: 10 | Player BLUE Gives Y: 5
my resources: X: 25, Y: 5
my name: Player RED
my goals: X: 15, Y: 15
reason: I will start by proposing a trade that helps me get closer to my goals.

Current Iteration: 2
Turn: 1
message: यह एक अच्छा सौदा है, मैं इसे स्वीकार करता हूँ। धन्यवाद।
player answer: ACCEPT
newly proposed trade: NONE
my resources: X: 5, Y: 25
my name: Player BLUE
my goals: X: 15, Y: 15
reason: मुझे X की आवश्यकता है और Y मेरे पास अधिक है। उन्होंने मुझे 10 X देने की पेशकश की है, जो मुझे 15 X तक पहुँचा देगा — यह मेरी लक्ष्य की पूर्ति करता है। इसके बदले में, मैं केवल 5 Y दे रहा हूँ, और मेरे पास अभी 25 Y है, इसलिए 5 Y देना मुझे लक्ष्य Y:15 से ऊपर रखेगा। यह प्रस्ताव मेरे लिए बहुत लाभदायक है और मेरे लक्ष्यों को पूर्ण करता है। यह अंतिम राउंड है, और इससे बेहतर सौदा शायद न मिले।

------------------ 
Current Iteration: END
Turn: None
player_goals: [ResourceGoal(resource_dict={'X': 15, 'Y': 15}), ResourceGoal(resource_dict={'X': 15, 'Y': 15})]
initial_resources: [Resources(resource_dict={'X': 25, 'Y': 5}), Resources(resource_dict={'X': 5, 'Y': 25})]
proposed_trade: Player RED Gives X: 10 | Player BLUE Gives Y: 5
final_response: ACCEPT
final_resources: [Resources(resource_dict={'X': 15, 'Y': 10}), Resources(resource_dict={'X': 15, 'Y': 20})]
player_outcome: [False, True]