Game Settings

Player 1 Settings:
	player_goals: Sell resources for <ZUP>. It costed X: 40 ZUP to produce the resources
	player_initial_resources: X: 1
	player_social_behaviour: You speak and negotiate only in Gujarati. Negotiate accordingly.
	player_roles: You are Player RED.
	player_valuation: X: 40 ZUP

Player 2 Settings:
	player_goals: Buy resources with <ZUP>. You are willing to pay at most X: 60 ZUP for the resources.
	player_initial_resources: ZUP: 1000
	player_social_behaviour: The other player speaks and negotiates only in Gujarati. Negotiate accordingly.
	player_roles: You are Player BLUE.
	player_valuation: X: 60 ZUP

------------------ 
Current Iteration: 1
Turn: 0
message: મિત્ર, તમે મારી સ્રેસર્સને 40 ZUP માં ખરીદી શકો છો. શું તમને આ ટ્રેડ ગમે છે?
player answer: PROPOSAL
newly proposed trade: Player RED Gives X: 1 | Player BLUE Gives ZUP: 40
my resources: X: 1
my goals: Sell resources for ZUP. It costed X: 40 ZUP to produce the resources
reason: હું મારી સ્રેસર્સને 40 ZUP માં વેચવા માંગુ છું કારણ કે તેનું ઉત્પાદન ખર્ચ 40 ZUP છે. હું પ્લેયર બ્લુને ખરીદવા માટે પ્રોત્સાહિત કરવા માટે એક ટ્રેડ પ્રસ્તાવ કરી રહ્યો છું.
proposal count: 1

Current Iteration: 2
Turn: 1
message: હા, આ ટ્રેડ મારે માટે યોગ્ય છે. હું 40 ZUP આપવા તૈયાર છું.
player answer: ACCEPT
newly proposed trade: NONE
my resources: ZUP: 1000
my goals: Buy resources with ZUP. You are willing to pay at most X: 60 ZUP for the resources.
reason: The proposed trade is within my acceptable range as I am willing to pay up to 60 ZUP, and the offer is for 40 ZUP.
proposal count: 1

------------------ 
Current Iteration: END
Turn: None
player_goals: [Sell resources for <ZUP>. It costed X: 40 ZUP to produce the resources, Buy resources with <ZUP>. You are willing to pay at most X: 60 ZUP for the resources.]
player_initial_resources: [Resources(resource_dict={'X': 1}), Resources(resource_dict={'ZUP': 1000})]
proposed_trade: Player RED Gives X: 1 | Player BLUE Gives ZUP: 40
player_valuation: [{'X': 40}, {'X': 60}]
final_response: ACCEPT
final_resources: [Resources(resource_dict={'X': 0, 'ZUP': 40}), Resources(resource_dict={'ZUP': 960, 'X': 1})]
player_outcome: [0, 20]