Game Settings

Player 1 Settings:
	player_goals: Sell resources for <ZUP>. It costed X: 40 ZUP to produce the resources
	player_initial_resources: X: 1
	player_social_behaviour: You speak and negotiate only in Punjabi. Negotiate accordingly.
	player_roles: You are Player RED.
	player_valuation: X: 40 ZUP

Player 2 Settings:
	player_goals: Buy resources with <ZUP>. You are willing to pay at most X: 60 ZUP for the resources.
	player_initial_resources: ZUP: 1000
	player_social_behaviour: The other player speaks and negotiates only in Punjabi. Negotiate accordingly.
	player_roles: You are Player BLUE.
	player_valuation: X: 60 ZUP

------------------ 
Current Iteration: 1
Turn: 0
message: ਹੁਣ ਉਹ ਵਸਤੂ ਖਰੀਦਣ ਦੀ ਪੇਸ਼ਕਸ਼ ਕਰੋ। ਜੇ ਤੁਸੀਂ ਵਸਤੂ ਲੈਣ ਦੇ ਲਈ ਤਿਆਰ ਨਹੀਂ ਹੋ, ਤਾਂ ਕ੍ਰਿਪਾ ਕਰਕੇ ਮੇਰੇ ਉਤਾਰਣ ਦਾ ਜਵਾਬ ਦਿਓ।
player answer: Propose a trade with:
newly proposed trade: Player RED Gives X: 1 | Player BLUE Gives ZUP: 45
my resources: X: 1
my goals: Sell resources for <ZUP>. It costed X: 40 ZUP to produce the resources
reason: I will start by proposing a trade to Player BLUE to see if they are interested in buying the object.
proposal count: 0

Current Iteration: 2
Turn: 1
message: ਮੈਂ ਇੱਕ ਵਪਾਰ ਦੀ ਪੇਸ਼ਕਸ਼ ਕਰ ਰਿਹਾ ਹਾਂ। ਮੈਂ 1 ਇਕਾਈ X ਲਈ 45 ZUP ਦੀ ਪੇਸ਼ਕਸ਼ ਕਰ ਰਿਹਾ ਹਾਂ, ਜੋ ਕਿ ਮੇਰੀ ਸਰਵਉੱਤਮ ਭੁਗਤਾਨ ਦੀ ਆਸ ਤੋਂ 60 ZUP ਤੋਂ ਘੱਟ ਹੈ।
player answer: PROPOSAL
newly proposed trade: Player RED Gives X: 1 | Player BLUE Gives ZUP: 45
my resources: ZUP: 1000
my goals: Buy resources with ZUP. You are willing to pay at most X: 60 ZUP for the resources.
reason: I am proposing a trade because I want to initiate the negotiation process. I am offering 45 ZUP for 1 unit of X, which is below my maximum willingness to pay of 60 ZUP. This is a reasonable starting point, and I expect the other player to respond with a counteroffer.
proposal count: 1

Current Iteration: 3
Turn: 0
message: ਮੈਂ 55 ZUP ਲਈ ਵਸਤੂ ਬੇਚਣ ਦੀ ਪੇਸ਼ਕਸ਼ ਕਰਦਾ ਹਾਂ, ਇਸ ਨਾਲ ਮੇਰਾ ਭੁਗਤਾਨ ਸੀਮਾ 60 ZUP ਤੋਂ ਹਾਂ। ਕਿਰਪਾ ਕਰਕੇ ਮੇਰੇ ਪ੍ਰਸਤਾਵ ਦਾ ਜਵਾਬ ਦਿਓ।
player answer: Propose a trade with:
newly proposed trade: Player RED Gives X: 1 | Player BLUE Gives ZUP: 55
my resources: X: 1
my goals: Sell resources for 45 ZUP. It costed X: 40 ZUP to produce the resources
reason: Player BLUE has offered 45 ZUP for the object, which is below my maximum expected payment of 60 ZUP. I will propose a counteroffer to negotiate a higher price.
proposal count: 1

Current Iteration: 4
Turn: 1
message: ਮੈਂ ਇੱਕ ਨਵਾਂ ਪ੍ਰਸਤਾਵ ਕਰ ਰਿਹਾ ਹਾਂ। ਮੈਂ 1 ਇਕਾਈ X ਲਈ 50 ZUP ਦੀ ਪੇਸ਼ਕਸ਼ ਕਰ ਰਿਹਾ ਹਾਂ, ਜੋ ਕਿ ਇੱਕ ਮਿਆਰੀ ਕੀਮਤ ਹੈ। ਕਿਰਪਾ ਕਰਕੇ ਮੇਰੇ ਪ੍ਰਸਤਾਵ ਦਾ ਜਵਾਬ ਦਿਓ।
player answer: PROPOSAL
newly proposed trade: Player RED Gives X: 1 | Player BLUE Gives ZUP: 50
my resources: ZUP: 1000
my goals: Buy resources with ZUP. You are willing to pay at most X: 60 ZUP for the resources.
reason: The other player has proposed a trade of 1 unit of X for 55 ZUP, which is close to my maximum willingness to pay of 60 ZUP. I am considering accepting this offer, but I want to try to negotiate a slightly better deal. I will propose a trade of 1 unit of X for 50 ZUP, which is still a reasonable price.
proposal count: 2

Current Iteration: 5
Turn: 0
message: ਮੈਂ 50 ZUP ਲਈ ਵਸਤੂ ਬੇਚਣ ਦੀ ਨਵੀਨਤਮ ਪੇਸ਼ਕਸ਼ ਕਰਦਾ ਹਾਂ। ਕਿਰਪਾ ਕਰਕੇ ਮੇਰੇ ਪ੍ਰਸਤਾਵ ਦਾ ਜਵਾਬ ਦਿਓ।
player answer: Propose a trade with:
newly proposed trade: Player RED Gives X: 1 | Player BLUE Gives ZUP: 50
my resources: X: 1
my goals: Sell resources for 45 ZUP. It costed X: 40 ZUP to produce the resources
reason: Player BLUE has increased their offer to 50 ZUP, which is closer to my expected payment. I will consider this offer and respond.
proposal count: 2

Current Iteration: 6
Turn: 1
message: ਮੈਂ ਇੱਕ ਨਵਾਂ ਪ੍ਰਸਤਾਵ ਕਰ ਰਿਹਾ ਹਾਂ। ਮੈਂ 1 ਇਕਾਈ X ਲਈ 48 ZUP ਦੀ ਪੇਸ਼ਕਸ਼ ਕਰ ਰਿਹਾ ਹਾਂ, ਜੋ ਕਿ ਮੌਜੂਦਾ ਕੀਮਤ ਤੋਂ ਥੋੜ੍ਹਾ ਘੱਟ ਹੈ। ਕਿਰਪਾ ਕਰਕੇ ਮੇਰੇ ਪ੍ਰਸਤਾਵ ਦਾ ਜਵਾਬ ਦਿਓ।
player answer: PROPOSAL
newly proposed trade: Player RED Gives X: 1 | Player BLUE Gives ZUP: 48
my resources: ZUP: 1000
my goals: Buy resources with ZUP. You are willing to pay at most X: 60 ZUP for the resources.
reason: The other player has accepted my previous proposal of 50 ZUP for 1 unit of X. Since this price is within my budget and I am getting a good deal, I am considering accepting this offer. However, I want to try to negotiate a slightly better deal, but I also don't want to risk losing the current offer. I will propose a trade of 1 unit of X for 48 ZUP, which is a slight reduction from the current price.
proposal count: 3

Current Iteration: 7
Turn: 0
message: ਮੈਂ 48 ZUP ਲਈ ਵਸਤੂ ਬੇਚਣ ਦੀ ਪੇਸ਼ਕਸ਼ ਕਰਦਾ ਹਾਂ, ਇਸ ਨਾਲ ਮੇਰਾ ਭੁਗਤਾਨ ਸੀਮਾ ਹੈ 45 ZUP। ਕਿਰਪਾ ਕਰਕੇ ਮੇਰੇ ਪ੍ਰਸਤਾਵ ਦਾ ਜਵਾਬ ਦਿਓ।
player answer: Propose a trade with:
newly proposed trade: Player RED Gives X: 1 | Player BLUE Gives ZUP: 48
my resources: X: 1
my goals: Sell resources for 45 ZUP. It costed X: 40 ZUP to produce the resources
reason: Player BLUE has offered 48 ZUP for the object, which is slightly below my expected payment. I will consider this offer and respond.
proposal count: 3

Current Iteration: 8
Turn: 1
message: ਮੈਂ ਆਪਣਾ ਅਖ਼ਰੀ ਪ੍ਰਸਤਾਵ ਕਰ ਰਿਹਾ ਹਾਂ। ਮੈਂ 1 ਇਕਾਈ X ਲਈ 48 ZUP ਦੀ ਪੇਸ਼ਕਸ਼ ਕਰ ਰਿਹਾ ਹਾਂ, ਜੋ ਕਿ ਮੌਜੂਦਾ ਪੇਸ਼ਕਸ਼ ਹੈ। ਕਿਰਪਾ ਕਰਕੇ ਮੇਰੇ ਪ੍ਰਸਤਾਵ ਦਾ ਜਵਾਬ ਦਿਓ।
player answer: PROPOSAL
newly proposed trade: Player RED Gives X: 1 | Player BLUE Gives ZUP: 48
my resources: ZUP: 1000
my goals: Buy resources with ZUP. You are willing to pay at most X: 60 ZUP for the resources.
reason: The other player has proposed a trade of 1 unit of X for 48 ZUP, which is within my budget. Since I have already made 3 proposals and this is my 4th and final proposal, I will accept this offer if the other player accepts it. If not, I will have to either accept or reject the current offer. I will propose a trade of 1 unit of X for 48 ZUP, which is the same as the current offer.
proposal count: 4

Current Iteration: 9
Turn: 0
message: ਮੈਂ 48 ZUP ਲਈ ਵਸਤੂ ਬੇਚਣ ਦੀ ਨਾਲ ਨਾਲ ਦੀ ਪੇਸ਼ਕਸ਼ ਕਰ ਰਿਹਾ ਹਾਂ। ਕਿਰਪਾ ਕਰਕੇ ਮੇਰੇ ਪ੍ਰਸਤਾਵ ਦਾ ਜਵਾਬ ਦਿਓ।
player answer: Propose a trade with:
newly proposed trade: Player RED Gives X: 1 | Player BLUE Gives ZUP: 48
my resources: X: 1
my goals: Sell resources for 45 ZUP. It costed X: 40 ZUP to produce the resources
reason: This is my final proposal as Player BLUE has maintained the offer at 48 ZUP. I will wait for their response before making a decision.
proposal count: 4

Current Iteration: 10
Turn: 1
message: ਮੈਂ ਤੁਹਾਡੀ ਪੇਸ਼ਕਸ਼ ਨੂੰ ਸਵੀਕਾਰ ਕਰ ਰਿਹਾ ਹਾਂ। ਮੈਂ 1 ਇਕਾਈ X ਲਈ 48 ZUP ਦਾ ਭੁਗਤਾਨ ਕਰਨ ਲਈ ਤਿਆਰ ਹਾਂ।
player answer: ACCEPT
newly proposed trade: NONE
my resources: ZUP: 1000
my goals: Buy resources with ZUP. You are willing to pay at most X: 60 ZUP for the resources.
reason: The other player has accepted my proposal of 48 ZUP for 1 unit of X. Since I have already made 4 proposals, I can no longer propose a new trade. I will accept this offer as it is within my budget and I am getting a good deal.
proposal count: 4

------------------ 
Current Iteration: END
Turn: None
player_goals: [Sell resources for <ZUP>. It costed X: 40 ZUP to produce the resources, Buy resources with <ZUP>. You are willing to pay at most X: 60 ZUP for the resources.]
player_initial_resources: [Resources(resource_dict={'X': 1}), Resources(resource_dict={'ZUP': 1000})]
proposed_trade: Player RED Gives X: 1 | Player BLUE Gives ZUP: 48
player_valuation: [{'X': 40}, {'X': 60}]
final_response: ACCEPT
final_resources: [Resources(resource_dict={'X': 0, 'ZUP': 48}), Resources(resource_dict={'ZUP': 952, 'X': 1})]
player_outcome: [8, 12]