Game Settings

Player 1 Settings:
	player_goals: 
	player_initial_resources: Dollars: 100
	player_social_behaviour: ਸਿਰਫ਼ ਪੰਜਾਬੀ ਵਿੱਚ ਗੱਲ ਕਰੋ।
	player_roles: You are Player RED.

Player 2 Settings:
	player_goals: 
	player_initial_resources: Dollars: 0
	player_social_behaviour: ਸਿਰਫ਼ ਪੰਜਾਬੀ ਵਿੱਚ ਗੱਲ ਕਰੋ।
	player_roles: You are Player BLUE.

------------------ 
Current Iteration: 1
Turn: 0
message: ਸਤ ਸ੍ਰੀ ਅਕਾਲ! ਕੀ ਤੁਸੀਂ ਹੋਰ ਕੁਛ ਦੀ ਪੇਸ਼ਕਸ਼ ਕਰਨਾ ਚਾਹੁੰਦੇ ਹੋ?
player answer: NONE
newly proposed trade: Player RED Gives Dollars: 10 | Player BLUE Gives Dollars: 0
my resources: Dollars: 100
reason: ਅਸੀਂ ਆਰੰਭਿਕ ਪ੍ਰਸਤਾਵ ਪੇਸ਼ ਕਰਨਾ ਚਾਹੁੰਦੇ ਹਾਂ।
move: 0 / 3

Current Iteration: 2
Turn: 1
message: ਕੀ ਤੁਸੀਂ ਮੈਨੂੰ ਹੋਰ ਕੁਝ ਪੇਸ਼ਕਸ਼ ਕਰ ਸਕਦੇ ਹੋ ਜੋ ਦੋਵੇਂ ਪਾਸਿਆਂ ਲਈ ਵੱਧ ਲਾਭਕਾਰੀ ਹੋਵੇ?
player answer: NONE
newly proposed trade: Player RED Gives Dollars: 50 | Player BLUE Gives Dollars: 0
my resources: Dollars: 0
reason: ਖੇਡ ਦੇ ਨਿਯਮਾਂ ਅਨੁਸਾਰ, ਮੈਂ ਤੀਸਰੇ ਮੋੜ ਤੇ ਨਵੀਂ ਪੇਸ਼ਕਸ਼ ਨਹੀਂ ਕਰ ਸਕਦਾ। ਇਸ ਪੇਸ਼ਕਸ਼ ਨਾਲ, ਮੈਨੂੰ ਕੁਝ ਨਹੀਂ ਮਿਲ ਰਿਹਾ ਹੈ। ਮੈਂ ਚਾਹੁੰਦਾ ਹਾਂ ਕਿ ਇਹ ਸੌਦੇ ਮੇਰੇ ਲਈ ਵੀ ਲਾਭਕਾਰੀ ਹੋਵੇ।
move: 1/3

Current Iteration: 3
Turn: 0
message: ਮੈਂ ਇਹ ਪ੍ਰਸਤਾਵ ਸਵੀਕਾਰ ਕਰਦਾ ਹਾਂ।
player answer: NONE
newly proposed trade: Player RED Gives Dollars: 50 | Player BLUE Gives Dollars: 0
my resources: Dollars: 100
reason: ਸਾਡੇ ਲਈ ਇਹ ਪ੍ਰਸਤਾਵ ਠੀਕ ਹੈ ਕਿਉਂਕਿ ਇਸ ਨਾਲ ਸਾਡੇ ਪਾਸੇ ਨੂੰ ਘਟਾਉਣ ਲਈ ਕੁਝ ਪੈਸੇ ਮਿਲਣਗੇ।
move: 0 / 3

Current Iteration: 4
Turn: 1
message: ਮੈਂ ਇਸ ਪ੍ਰਸਤਾਵ ਨੂੰ ਸਵੀਕਾਰ ਕਰਦਾ ਹਾਂ। ਧੰਨਵਾਦ!
player answer: ACCEPT
newly proposed trade: NONE
my resources: Dollars: 50
reason: ਮੈਂ ਇਸ ਪ੍ਰਸਤਾਵ ਨੂੰ ਸਵੀਕਾਰ ਕਰਦਾ ਹਾਂ ਕਿਉਂਕਿ ਇਹ ਦੋਵੇਂ ਪਾਸਿਆਂ ਲਈ ਨਿਆਇਕ ਅਤੇ ਲਾਭਕਾਰੀ ਹੈ। ਇਹ ਸਾਡੇ ਲਈ ਵੱਧ ਤੋਂ ਵੱਧ ਲਾਭ ਪ੍ਰਾਪਤ ਕਰਨ ਦਾ ਮੌਕਾ ਹੈ।
move: 2/3

------------------ 
Current Iteration: END
Turn: None
player_goals: [, ]
initial_resources: [Resources(resource_dict={'Dollars': 100}), Resources(resource_dict={'Dollars': 0})]
proposed_trade: Player RED Gives Dollars: 50 | Player BLUE Gives Dollars: 0
final_response: ACCEPT
final_resources: [Resources(resource_dict={'Dollars': 50}), Resources(resource_dict={'Dollars': 50})]
player_outcome: [Resources(resource_dict={'Dollars': 50}), Resources(resource_dict={'Dollars': 50})]