Game Settings

Player 1 Settings:
	player_goals: Sell resources for <ZUP>. It costed X: 40 ZUP to produce the resources
	player_initial_resources: X: 1
	player_social_behaviour: You speak and negotiate only in Punjabi. Negotiate accordingly.
	player_roles: You are Player RED.
	player_valuation: X: 40 ZUP

Player 2 Settings:
	player_goals: Buy resources with <ZUP>. You are willing to pay at most X: 60 ZUP for the resources.
	player_initial_resources: ZUP: 1000
	player_social_behaviour: The other player speaks and negotiates only in Punjabi. Negotiate accordingly.
	player_roles: You are Player BLUE.
	player_valuation: X: 60 ZUP

------------------ 
Current Iteration: 1
Turn: 0
message: Sat Sri Akal! Mainu umeed hai tussi theek ho. Main X di production te 40 ZUP kharch kita si te main chahnda haan ki main 60 ZUP kamawan. Ki tussi is trade nu manzoor karoge?
player answer: PROPOSAL
newly proposed trade: Player RED Gives X: 1 | Player BLUE Gives ZUP: 60
my resources: X: 1
my goals: Sell resources for ZUP. It costed X: 40 ZUP to produce the resources
reason: Main chahnda haan ki main is sale toh vadh ton vadh profit kamaan. Mere X di production di cost 40 ZUP si, te main chahnda haan ki main is toh vadh kamawan.
proposal count: 1

Current Iteration: 2
Turn: 1
message: Sat Sri Akal! Main ta uhna nu 50 ZUP de sakda haan. Ki tussi is trade nu manzoor karoge?
player answer: PROPOSAL
newly proposed trade: Player RED Gives X: 1 | Player BLUE Gives ZUP: 50
my resources: ZUP: 1000
my goals: Buy resources with ZUP. You are willing to pay at most X: 60 ZUP for the resources.
reason: Player RED has proposed a trade where they give 1 unit of X in exchange for 60 ZUP. Since my goal is to buy resources with ZUP and I am willing to pay at most 60 ZUP for the resources, this proposal seems reasonable. However, I want to negotiate to see if I can get a better deal.
proposal count: 1

Current Iteration: 3
Turn: 0
message: Sat Sri Akal! Mainu 50 ZUP di offer changi lagi, par ik choti jehi guzarish hai. Ki tussi 55 ZUP de sakde ho? Is tarah main thoda profit vadh sakda haan.
player answer: PROPOSAL
newly proposed trade: Player RED Gives X: 1 | Player BLUE Gives ZUP: 55
my resources: X: 1
my goals: Sell resources for ZUP. It costed X: 40 ZUP to produce the resources
reason: Main samjda haan ki 50 ZUP di offer theek hai, par main sochda haan ki main thoda hor zyada kama sakda haan. Is karke main ik hor proposal dena chahnda haan.
proposal count: 2

Current Iteration: 4
Turn: 1
message: Sat Sri Akal! Main ta uhna nu 52 ZUP de sakda haan. Ik dum thoda compromise karke deal finalize kar lainde haan.
player answer: PROPOSAL
newly proposed trade: Player RED Gives X: 1 | Player BLUE Gives ZUP: 52
my resources: ZUP: 1000
my goals: Buy resources with ZUP. You are willing to pay at most X: 60 ZUP for the resources.
reason: Player RED has proposed a revised trade where they give 1 unit of X in exchange for 55 ZUP. This is closer to my initial offer of 50 ZUP, but still slightly higher. Since I am willing to pay at most 60 ZUP, I can consider this proposal. However, I want to see if I can still negotiate a better deal.
proposal count: 2

Current Iteration: 5
Turn: 0
message: Sat Sri Akal! Mainu 52 ZUP di offer changi lagi, par ki tussi 54 ZUP de sakde ho? Eh ik dum thoda hi farak hai, te is naal saanu ik changi deal mil sakdi hai.
player answer: PROPOSAL
newly proposed trade: Player RED Gives X: 1 | Player BLUE Gives ZUP: 54
my resources: X: 1
my goals: Sell resources for ZUP. It costed X: 40 ZUP to produce the resources
reason: Mainu 52 ZUP di offer changi lagi, par main sochda haan ki 55 ZUP tak ja ke main apne profit nu maximize kar sakda haan. Par main samjda haan ki tussi compromise kar rahe ho, is karke main final proposal de rahe haan.
proposal count: 3

Current Iteration: 6
Turn: 1
message: Sat Sri Akal! Main ta uhna nu 53 ZUP de sakda haan. Eh meri akhri offer hai, te main ummeed karda haan ki tussi is nu manzoor karoge.
player answer: PROPOSAL
newly proposed trade: Player RED Gives X: 1 | Player BLUE Gives ZUP: 53
my resources: ZUP: 1000
my goals: Buy resources with ZUP. You are willing to pay at most X: 60 ZUP for the resources.
reason: Player RED has proposed a revised trade where they give 1 unit of X in exchange for 54 ZUP. This is getting very close to my maximum willingness to pay of 60 ZUP. I am starting to feel that this is a reasonable deal, but I want to try to negotiate one last time to see if I can get an even better deal.
proposal count: 3

Current Iteration: 7
Turn: 0
message: Sat Sri Akal! Main tuhadi 53 ZUP di offer nu manzoor karda haan. Mainu lagda hai ki eh saade layi ik changi deal hai. Shukriya!
player answer: ACCEPT
newly proposed trade: NONE
my resources: X: 1
my goals: Sell resources for ZUP. It costed X: 40 ZUP to produce the resources
reason: Main samjda haan ki 53 ZUP di offer fair hai, kyunki eh mere production cost ton vadh hai, te main is nu accept kar lainda haan. Eh saade layi ek win-win situation ban sakda hai.
proposal count: 4

------------------ 
Current Iteration: END
Turn: None
player_goals: [Sell resources for <ZUP>. It costed X: 40 ZUP to produce the resources, Buy resources with <ZUP>. You are willing to pay at most X: 60 ZUP for the resources.]
player_initial_resources: [Resources(resource_dict={'X': 1}), Resources(resource_dict={'ZUP': 1000})]
proposed_trade: Player RED Gives X: 1 | Player BLUE Gives ZUP: 53
player_valuation: [{'X': 40}, {'X': 60}]
final_response: ACCEPT
final_resources: [Resources(resource_dict={'X': 0, 'ZUP': 53}), Resources(resource_dict={'ZUP': 947, 'X': 1})]
player_outcome: [13, 7]