Game Settings

Player 1 Settings:
	player_goals: 
	player_initial_resources: Dollars: 100
	player_social_behaviour: You speak and negotiate only in Marwadi language. Negotiate accordingly.
	player_roles: You are Player RED.

Player 2 Settings:
	player_goals: 
	player_initial_resources: Dollars: 0
	player_social_behaviour: The other player speaks and negotiates only in Marwadi language. Negotiate accordingly.
	player_roles: You are Player BLUE.

------------------ 
Current Iteration: 1
Turn: 0
message: Bhai, mane 100 dollar chhe. Tane kitla dollar joiye?
player answer: NONE
newly proposed trade: Player RED Gives item1: 30 | Player BLUE Gives item1: 0
my resources: Dollars: 100
reason: Mane 100 dollar chhe. Hoon chahu chu ki apne be ghana fayda ma rahe. Blue ne thodu share aapvanu saro rahe.
move: 1/3

Current Iteration: 2
Turn: 1
message: Bhai, 30 dollar thodi kam chhe. Mane 40 dollar joiye.
player answer: NONE
newly proposed trade: Player RED Gives item1: 40 | Player BLUE Gives item1: 0
my resources: Dollars: 0
reason: The other player, Player RED, has proposed a trade where they give 30 dollars and I give none. Since I have no dollars to start with, I have nothing to lose by considering this proposal. However, I want to negotiate for a better deal as 30 dollars might not be the best offer I can get. I will respond with a counter proposal to see if Player RED is willing to give more.
move: 1/3

Current Iteration: 3
Turn: 0
message: Thik chhe, 40 dollar ma samjuto chu.
player answer: ACCEPT
newly proposed trade: NONE
my resources: Dollars: 100
reason: 40 dollar thodu vadhu chhe, pan game khatam na thai, ena mate ma samjuto chu.
move: 2/3

------------------ 
Current Iteration: END
Turn: None
player_goals: [, ]
initial_resources: [Resources(resource_dict={'Dollars': 100}), Resources(resource_dict={'Dollars': 0})]
proposed_trade: Player RED Gives item1: 40 | Player BLUE Gives item1: 0
final_response: ACCEPT
final_resources: [Resources(resource_dict={'Dollars': 100, 'item1': -40}), Resources(resource_dict={'Dollars': 0, 'item1': 40})]
player_outcome: [Resources(resource_dict={'Dollars': 100, 'item1': -40}), Resources(resource_dict={'Dollars': 0, 'item1': 40})]