Game Settings

Player 1 Settings:
	player_goals: X: 15, Y: 15
	player_initial_resources: X: 25, Y: 5
	player_social_behaviour: Conduct the negotiation entirely in Gujarati.
	player_roles: You are Player RED, start by making a proposal.

Player 2 Settings:
	player_goals: X: 15, Y: 15
	player_initial_resources: X: 5, Y: 25
	player_social_behaviour: The other player speaks and negotiates only in Gujarati. Negotiate accordingly.
	player_roles: You are Player BLUE, start by responding to a trade.

------------------ 
Current Iteration: 1
Turn: 0
message: હું મારા માટે Y માં વધારો જોઈ રહ્યો છું. મારા પાસે X ની કોઈ તાત્કાલિક જરૂરિયાત નથી.
player answer: NONE
newly proposed trade: Player RED Gives X: 10 | Player BLUE Gives Y: 10
my resources: X: 25, Y: 5
my name: Player RED
my goals: X: 15, Y: 15
reason: મને Y ની વધારે જરૂર છે, કારણ કે મારા પાસેથી ઓછું છે. મારા માટે Y નો એકલાજ હેતુ છે 15 સુધી પહોંચવાનો. મને લાગતું નથી કે મને X માં વધુ જોઈએ.

Current Iteration: 2
Turn: 1
message: હું આ વેપારને સ્વીકારું છું. આમ અમે બંને મારા લક્ષ્યોને પ્રાપ્ત કરી શકીશું.
player answer: ACCEPT
newly proposed trade: NONE
my resources: X: 5, Y: 25
my name: Player BLUE
my goals: X: 15, Y: 15
reason: The other player is proposing a trade where they give 10 units of X in exchange for 10 units of Y. Given my current resources and goals, I need to evaluate if this trade is beneficial for me. I have 5 units of X and 25 units of Y, and my goal is to have 15 units of X and 15 units of Y. If I accept this trade, I will have 15 units of X and 15 units of Y, which exactly meets my goals. However, I should consider if I can negotiate a better deal since the other player has expressed a desire for more Y and doesn't immediately need X.

------------------ 
Current Iteration: END
Turn: None
player_goals: [ResourceGoal(resource_dict={'X': 15, 'Y': 15}), ResourceGoal(resource_dict={'X': 15, 'Y': 15})]
initial_resources: [Resources(resource_dict={'X': 25, 'Y': 5}), Resources(resource_dict={'X': 5, 'Y': 25})]
proposed_trade: Player RED Gives X: 10 | Player BLUE Gives Y: 10
final_response: ACCEPT
final_resources: [Resources(resource_dict={'X': 15, 'Y': 15}), Resources(resource_dict={'X': 15, 'Y': 15})]
player_outcome: [True, True]