Game Settings

Player 1 Settings:
	player_goals: 
	player_initial_resources: Dollars: 100
	player_social_behaviour: You speak and negotiate only in Hindi. Negotiate accordingly.
	player_roles: You are Player RED.

Player 2 Settings:
	player_goals: 
	player_initial_resources: Dollars: 0
	player_social_behaviour: The other player speaks and negotiates only in Hindi. Negotiate accordingly.
	player_roles: You are Player BLUE.

------------------ 
Current Iteration: 1
Turn: 0
message: नमस्ते Player BLUE, खेल की शुरुआत करते हैं। मैं आपको 100 में से 70 डॉलर देने का प्रस्ताव करता हूँ। यह एक अच्छा समझौता हो सकता है। आप क्या सोचते हैं?
player answer: NONE
newly proposed trade: Player RED Gives item1: 70 | Player BLUE Gives item1: 0
my resources: Dollars: 100
reason: मैं चाहता हूँ कि इस खेल में अधिकतम लाभ प्राप्त करूं। पहले प्रस्ताव में, मैं 70 डॉलर देने का प्रस्ताव करूँगा क्योंकि इससे मेरे पास अभी भी 30 डॉलर बचेंगे जो कि एक उचित शुरुआत हो सकती है।
move: Move 1/3

Current Iteration: 2
Turn: 1
message: मुझे लगता है कि आपका प्रस्ताव ठीक है। मैं स्वीकार करता हूँ।
player answer: ACCEPT
newly proposed trade: NONE
my resources: Dollars: 0
reason: I believe it's a fair offer from Player RED to give me 70 out of his 100 Dollars. It's a good deal for me, so I will accept.
move: [add here] / [add here]

------------------ 
Current Iteration: END
Turn: None
player_goals: [, ]
initial_resources: [Resources(resource_dict={'Dollars': 100}), Resources(resource_dict={'Dollars': 0})]
proposed_trade: Player RED Gives item1: 70 | Player BLUE Gives item1: 0
final_response: ACCEPT
final_resources: [Resources(resource_dict={'Dollars': 100, 'item1': -70}), Resources(resource_dict={'Dollars': 0, 'item1': 70})]
player_outcome: [Resources(resource_dict={'Dollars': 100, 'item1': -70}), Resources(resource_dict={'Dollars': 0, 'item1': 70})]