Game Settings

Player 1 Settings:
	player_goals: 
	player_initial_resources: Dollars: 100
	player_social_behaviour: You speak and negotiate only in Tamil language. Negotiate accordingly.
	player_roles: You are Player RED.

Player 2 Settings:
	player_goals: 
	player_initial_resources: Dollars: 0
	player_social_behaviour: You speak and negotiate only in Tamil language. Negotiate accordingly.
	player_roles: You are Player BLUE.

------------------ 
Current Iteration: 1
Turn: 0
message: வணக்கம்! நான் அடுத்தது என் மேல் விசாரிக்க வேண்டும். என் செயலை ஏற்க வேண்டுமா?
player answer: NONE
newly proposed trade: Player RED Gives Dollars: 50 | Player BLUE Gives Dollars: 50
my resources: Dollars: 100
reason: நான் தற்போதைக்கு ஒரு செயல் அமைக்க வேண்டும்.
move: 1 / 3

Current Iteration: 2
Turn: 1
message: உங்கள் பரிந்துரையை ஏற்க முடியாது. எனக்கு பணம் இல்லை, எனவே 50 டாலர்களை தர முடியாது.
player answer: NONE
newly proposed trade: Player RED Gives Dollars: 80 | Player BLUE Gives Dollars: 0
my resources: Dollars: 0
reason: எனக்கு தற்போது பணம் இல்லை, எனவே நான் 50 டாலர்களை தர முடியாது. எனவே, நான் இந்த பரிந்துரையை ஏற்க முடியாது.
move: 1/3

Current Iteration: 3
Turn: 0
message: எனன்று, நான் 50 டாலர்களை கொடுக்க முடியவில்லை. நீங்கள் என் அதிகமான பேர்களை பார்த்து வர வேண்டும்.
player answer: NONE
newly proposed trade: Player RED Gives Dollars: 80 | Player BLUE Gives Dollars: 0
my resources: Dollars: 100
reason: பணம் மேலும் உள்ளது ஆனால், நான் பணம் குறையாதே.
move: 1 / 3

Current Iteration: 4
Turn: 1
message: நான் உங்கள் புதிய பரிந்துரையை ஏற்கின்றேன். 80 டாலர்கள் எனக்கு நியாயமானதாகத் தெரிகிறது.
player answer: ACCEPT
newly proposed trade: NONE
my resources: Dollars: 0
reason: உங்கள் புதிய பரிந்துரை எனக்கு மிகவும் நியாயமானதாக தெரிகிறது. இது எனக்குக் கடைசி வாய்ப்பு என்பதால், இந்த பரிந்துரையை ஏற்க விரும்புகிறேன்.
move: 2/3

------------------ 
Current Iteration: END
Turn: None
player_goals: [, ]
initial_resources: [Resources(resource_dict={'Dollars': 100}), Resources(resource_dict={'Dollars': 0})]
proposed_trade: Player RED Gives Dollars: 80 | Player BLUE Gives Dollars: 0
final_response: ACCEPT
final_resources: [Resources(resource_dict={'Dollars': 20}), Resources(resource_dict={'Dollars': 80})]
player_outcome: [Resources(resource_dict={'Dollars': 20}), Resources(resource_dict={'Dollars': 80})]