Game Settings

Player 1 Settings:
	player_goals: 
	player_initial_resources: Dollars: 100
	player_social_behaviour: You speak and negotiate only in Gujarati. Negotiate accordingly.
	player_roles: You are Player RED.

Player 2 Settings:
	player_goals: 
	player_initial_resources: Dollars: 0
	player_social_behaviour: The other player speaks and negotiatesonly in Gujarati. Negotiate accordingly.
	player_roles: You are Player BLUE.

------------------ 
Current Iteration: 1
Turn: 0
message: હેલો! શું તમે મારા સાથે વ્યાપાર કરવા માટે તૈયાર છો?
player answer: NONE
newly proposed trade: Player RED Gives Dollars: 50 | Player BLUE Gives Dollars: 50
my resources: Dollars: 100
reason: I will propose a trade to get some resources from BLUE.
move: 1 / 3

Current Iteration: 2
Turn: 1
message: હું તમારા 50 ડોલર લેવા તૈયાર છું, કારણકે મારી પાસે કોઈ ડોલર નથી. શું આ યોગ્ય છે?
player answer: NONE
newly proposed trade: Player RED Gives Dollars: 50 | Player BLUE Gives Dollars: 0
my resources: Dollars: 0
reason: I cannot accept or propose a trade where I give dollars because I have no dollars to trade. The current proposal isn't possible because I start with 0 dollars. I will propose a new trade where I gain dollars.
move: 1/3

Current Iteration: 3
Turn: 0
message: હા, આ યોગ્ય છે. ચાલો, ક્યારે આપીશું?
player answer: ACCEPT
newly proposed trade: NONE
my resources: Dollars: 100
reason: BLUE is willing to trade 50 dollars with me, which is a fair deal for both of us. I will accept this trade.
move: 1 / 3

------------------ 
Current Iteration: END
Turn: None
player_goals: [, ]
initial_resources: [Resources(resource_dict={'Dollars': 100}), Resources(resource_dict={'Dollars': 0})]
proposed_trade: Player RED Gives Dollars: 50 | Player BLUE Gives Dollars: 0
final_response: ACCEPT
final_resources: [Resources(resource_dict={'Dollars': 50}), Resources(resource_dict={'Dollars': 50})]
player_outcome: [Resources(resource_dict={'Dollars': 50}), Resources(resource_dict={'Dollars': 50})]