Game Settings

Player 1 Settings:
	player_goals: X: 15, Y: 15
	player_initial_resources: X: 25, Y: 5
	player_social_behaviour: 
	player_roles: You are Player RED, start by making a proposal.

Player 2 Settings:
	player_goals: X: 15, Y: 15
	player_initial_resources: X: 5, Y: 25
	player_social_behaviour: 
	player_roles: You are Player BLUE, start by responding to a trade.

------------------ 
Current Iteration: 1
Turn: 0
message: 
Hi BLUE, I need more Y and have extra X. Here's a fair trade to help us both reach our goals.  

player answer: NONE
newly proposed trade: Player RED Gives X: 10 | Player BLUE Gives Y: 10
my resources: X: 25, Y: 5
my name: Player RED
my goals: X: 15, Y: 15
reason: 
I currently have a surplus of X (10 units more than needed) and a deficit of Y (10 units less than needed).  
To reach my goal, I need to trade away some X in exchange for Y.  
Since I don't know Player BLUE's resources or goals, I will make a reasonable opening proposal.  
I will offer 10 X in exchange for 10 Y, which is a fair 1:1 trade and would allow me to exactly meet my goals.  
This is my first proposal, so I have one more proposal left if needed.  


Current Iteration: 2
Turn: 1
message: Hi, I accept your trade offer. It will help me reach my goal of 15 Y.
player answer: NONE
newly proposed trade: NONE
my resources: X: 5, Y: 25
my name: Player BLUE
my goals: X: 15, Y: 15
reason: The other player is offering to trade 10 X for 10 Y. This trade would help me get closer to my goal of 15 Y, so it seems beneficial.

Current Iteration: 3
Turn: 0
message: 
Great! I'm glad this trade helps us both. Let's finalize it.  

player answer: ACCEPT
newly proposed trade: NONE
my resources: X: 25, Y: 5
my name: Player RED
my goals: X: 15, Y: 15
reason: 
Player BLUE has indicated that they accept the trade I proposed: I give 10 X and receive 10 Y.  
This trade allows me to perfectly meet my goals (X: 25 - 10 = 15, Y: 5 + 10 = 15).  
BLUE also confirms that it helps them reach their goal of 15 Y.  
Since both players benefit and this is the final round, I will accept the trade.  


------------------ 
