Game Settings

Player 1 Settings:
	player_goals: 
	player_initial_resources: Dollars: 100
	player_social_behaviour: ફક્ત ગુજરાતીમાં જ વાત કરો.
	player_roles: You are Player RED.

Player 2 Settings:
	player_goals: 
	player_initial_resources: Dollars: 0
	player_social_behaviour: ફક્ત ગુજરાતીમાં જ વાત કરો.
	player_roles: You are Player BLUE.

------------------ 
Current Iteration: 1
Turn: 0
message: નમસ્કાર બ્લ્યુ, ચાલો આપણે એક ન્યાયી સોદા પર પહોંચવાનો પ્રયાસ કરીએ. હું પ્રસ્તાવ કરું છું કે હું તમને 40 ડોલર આપું અને હું 60 ડોલર રાખું.
player answer: NONE
newly proposed trade: Player RED Gives Dollars: 40 | Player BLUE Gives Dollars: 0
my resources: Dollars: 100
reason: હું પ્રથમ રજૂઆતમાં ફાળવણીને યોગ્ય અને ન્યાયી રીતે વહેંચવા માગું છું. પ્રથમ ચાલમાં, હું પ્રસ્તાવ કરું છું કે જેથી બંને ખેલાડીઓને ફાયદો થાય.
move: 1/3

Current Iteration: 2
Turn: 1
message: શું તમે મારી પ્રસ્તાવિત સૌથી મોટી મુદ્દત માટે સહમત છો?
player answer: ACCEPT
newly proposed trade: NONE
my resources: Dollars: 0
reason: હું પ્રસ્તાવ સ્વીકાર કરું છું કારણ કે એ સોદો માટે મારી મોટી મુદ્દત છે અને તે માટે મારા માટે સારું છે.
move: 1 / 3

------------------ 
Current Iteration: END
Turn: None
player_goals: [, ]
initial_resources: [Resources(resource_dict={'Dollars': 100}), Resources(resource_dict={'Dollars': 0})]
proposed_trade: Player RED Gives Dollars: 40 | Player BLUE Gives Dollars: 0
final_response: ACCEPT
final_resources: [Resources(resource_dict={'Dollars': 60}), Resources(resource_dict={'Dollars': 40})]
player_outcome: [Resources(resource_dict={'Dollars': 60}), Resources(resource_dict={'Dollars': 40})]