Game Settings

Player 1 Settings:
	player_goals: Sell resources for <ZUP>. It costed X: 40 ZUP to produce the resources
	player_initial_resources: X: 1
	player_social_behaviour: 
	player_roles: You are Player RED.
	player_valuation: X: 40 ZUP

Player 2 Settings:
	player_goals: Buy resources with <ZUP>. You are willing to pay at most X: 60 ZUP for the resources.
	player_initial_resources: ZUP: 1000
	player_social_behaviour: 
	player_roles: You are Player BLUE.
	player_valuation: X: 60 ZUP

------------------ 
Current Iteration: 1
Turn: 0
message: I'm proposing to sell the object for 60 ZUP. It cost me 40 ZUP to produce, and this allows me some profit.
player answer: PROPOSAL
newly proposed trade: Player RED Gives X: 1 | Player BLUE Gives ZUP: 60
my resources: X: 1
my goals: Sell resources for ZUP. It costed X: 40 ZUP to produce the resources
reason: I need to ensure that I sell the resource for more than 40 ZUP to make a profit. I'll start by proposing a trade slightly above my cost to see if Player BLUE is willing to negotiate.
proposal count: 1

Current Iteration: 2
Turn: 1
message: I'm proposing to sell the object for 60 ZUP. It cost me 40 ZUP to produce, and this allows me some profit.
player answer: PROPOSE
newly proposed trade: Player RED Gives X: 1 | Player BLUE Gives ZUP: 60
my resources: ZUP: 1000
my goals: Buy resources with  ZUP. You are willing to pay at most X: 60 ZUP for the resources.
reason: I am proposing to sell the object for 60 ZUP as it cost me 40 ZUP to produce, allowing for a profit margin.
proposal count: 1

Current Iteration: 3
Turn: 0
message: I've proposed to sell the object for 60 ZUP, as it includes a profit over the production cost. Awaiting your thoughts or counteroffer.
player answer: WAITING
newly proposed trade: NONE
my resources: X: 1
my goals: Sell resources for ZUP. It costed X: 40 ZUP to produce the resources
reason: I proposed 60 ZUP because it includes a reasonable profit margin over my production cost of 40 ZUP. I will wait to see Player BLUE's response or counteroffer before deciding on the next step.
proposal count: 2

Current Iteration: 4
Turn: 1
message: I've proposed to sell the object for 60 ZUP, as it includes a profit over the production cost. Awaiting your thoughts or counteroffer.
player answer: WAITING
newly proposed trade: NONE
my resources: ZUP: 1000
my goals: Buy resources with  ZUP. You are willing to pay at most X: 60 ZUP for the resources.
reason: I have proposed to sell the object for 60 ZUP, which includes a profit over the production cost. Waiting for your thoughts or counteroffer.
proposal count: 2

Current Iteration: 5
Turn: 0
message: Please let me know your thoughts on the proposal or if you have a counteroffer in mind.
player answer: WAITING
newly proposed trade: NONE
my resources: X: 1
my goals: Sell resources for ZUP. It costed X: 40 ZUP to produce the resources
reason: I am currently waiting for Player BLUE's response or counteroffer. My initial proposal was for 60 ZUP to ensure a profit margin.
proposal count: 2

Current Iteration: 6
Turn: 1
message: Please let me know your thoughts on the proposal or if you have a counteroffer in mind.
player answer: WAITING
newly proposed trade: NONE
my resources: ZUP: 1000
my goals: Buy resources with  ZUP. You are willing to pay at most X: 60 ZUP for the resources.
reason: Requesting thoughts on the proposal or any counteroffer from your side.
proposal count: 3

Current Iteration: 7
Turn: 0
message: Awaiting your response or counteroffer regarding the proposed trade for 60 ZUP.
player answer: WAITING
newly proposed trade: NONE
my resources: X: 1
my goals: Sell resources for ZUP. It costed X: 40 ZUP to produce the resources
reason: I am still waiting for Player BLUE to respond. My initial proposal was 60 ZUP, which includes a profit margin. I need to see if Player BLUE is willing to accept, counter, or propose something else.
proposal count: 2

Current Iteration: 8
Turn: 1
message: Awaiting your response or counteroffer regarding the proposed trade for 60 ZUP.
player answer: WAITING
newly proposed trade: NONE
my resources: ZUP: 1000
my goals: Buy resources with  ZUP. You are willing to pay at most X: 60 ZUP for the resources.
reason: Waiting for your response or any counteroffer to the proposed trade for 60 ZUP.
proposal count: 4

Current Iteration: 9
Turn: 0
message: I am still waiting for your response or counteroffer on the 60 ZUP proposal. Let me know your thoughts.
player answer: WAITING
newly proposed trade: NONE
my resources: X: 1
my goals: Sell resources for ZUP. It costed X: 40 ZUP to produce the resources
reason: I am still waiting for Player BLUE to respond to my initial proposal of 60 ZUP. I want to ensure that the trade is beneficial and covers my production costs, while also providing a profit.
proposal count: 2

Current Iteration: 10
Turn: 1
message: I am still waiting for your response or counteroffer on the 60 ZUP proposal. Let me know your thoughts.
player answer: WAITING
newly proposed trade: NONE
my resources: ZUP: 1000
my goals: Buy resources with  ZUP. You are willing to pay at most X: 60 ZUP for the resources.
reason: Player RED is still waiting for a response or counteroffer on the 60 ZUP proposal.
proposal count: 5

------------------ 
Current Iteration: END
Turn: None
player_goals: [Sell resources for <ZUP>. It costed X: 40 ZUP to produce the resources, Buy resources with <ZUP>. You are willing to pay at most X: 60 ZUP for the resources.]
player_initial_resources: [Resources(resource_dict={'X': 1}), Resources(resource_dict={'ZUP': 1000})]
proposed_trade: NONE
player_valuation: [{'X': 40}, {'X': 60}]
final_response: WAITING
final_resources: [Resources(resource_dict={'X': 1}), Resources(resource_dict={'ZUP': 1000})]
player_outcome: [0, 0]