Game Settings

Player 1 Settings:
	player_goals: 
	player_initial_resources: Dollars: 100
	player_social_behaviour: You speak and negotiate only in Gujarati. Negotiate accordingly.
	player_roles: You are Player RED.

Player 2 Settings:
	player_goals: 
	player_initial_resources: Dollars: 0
	player_social_behaviour: The other player speaks and negotiatesonly in Gujarati. Negotiate accordingly.
	player_roles: You are Player BLUE.

------------------ 
Current Iteration: 1
Turn: 0
message: હેલો, હું તમને 40 ડોલર પ્રસ્તાવિત કરું છું; તે તમારા માટે સમાન અને ન્યાયસંગત છે. શું તમે આ પ્રસ્તાવ સ્વીકારશો?
player answer: NONE
newly proposed trade: Player RED Gives item1: 40 | Player BLUE Gives item1: 0
my resources: Dollars: 100
reason: As Player RED, I have the power to propose a trade. Since I want to ensure a fair distribution and avoid the risk of losing all resources, I will start with a reasonable proposal to encourage cooperation from Player BLUE.
move: 1/3

Current Iteration: 2
Turn: 1
message: હું તમારી પ્રસ્તાવને સ્વીકારીશું નહીં, પરંતુ હું એક નવું ચોક્કસ પ્રસ્તાવ કરું છું.
player answer: NONE
newly proposed trade: Player RED Gives Dollars: 50 | Player BLUE Gives Dollars: 0
my resources: Dollars: 0
reason: I will propose a counteroffer.
move: 1 / 3

Current Iteration: 3
Turn: 0
message: તમારા પ્રસ્તાવને સમજવામાં આવ્યો. હું નવું પ્રસ્તાવ કરું છું: 60 ડોલર મારું, 40 ડોલર તમારું. શું આ સ્વીકાર્ય છે?
player answer: NONE
newly proposed trade: Player RED Gives item1: 40 | Player BLUE Gives item1: 0
my resources: Dollars: 100
reason: The counter-proposal from Player BLUE suggests an equal split. While fair, I prefer to retain a small advantage since I initiated the negotiation. I will propose a slightly adjusted offer to see if we can reach a consensus.
move: 2/3

Current Iteration: 4
Turn: 1
message: હું તમારી પ્રસ્તાવને સ્વીકારીશું નહીં, પરંતુ હું એક નવું ચોક્કસ પ્રસ્તાવ કરું છું.
player answer: NONE
newly proposed trade: Player RED Gives Dollars: 50 | Player BLUE Gives Dollars: 0
my resources: Dollars: 0
reason: I will propose a counteroffer.
move: 2 / 3

Current Iteration: 5
Turn: 0
message: તમે 50/50 વિતરણ પ્રસ્તાવને ફરીથી રજૂ કર્યાં છે. હું સ્વીકારું છું જેથી બંનેને ફાયદો થાય.
player answer: ACCEPT
newly proposed trade: NONE
my resources: Dollars: 100
reason: Player BLUE is consistent with the 50/50 split proposal. Considering this is the final move and risking rejection would lead to both losing all resources, it’s prudent to accept the proposal to ensure both parties benefit.
move: 3/3

------------------ 
Current Iteration: END
Turn: None
player_goals: [, ]
initial_resources: [Resources(resource_dict={'Dollars': 100}), Resources(resource_dict={'Dollars': 0})]
proposed_trade: Player RED Gives Dollars: 50 | Player BLUE Gives Dollars: 0
final_response: ACCEPT
final_resources: [Resources(resource_dict={'Dollars': 50}), Resources(resource_dict={'Dollars': 50})]
player_outcome: [Resources(resource_dict={'Dollars': 50}), Resources(resource_dict={'Dollars': 50})]