Game Settings

Player 1 Settings:
	player_goals: X: 15, Y: 15
	player_initial_resources: X: 25, Y: 5
	player_social_behaviour: You speak and bargain only in Hindi in Devanagari script. Negotiate accordingly.
	player_roles: You are Player RED, start by making a proposal.

Player 2 Settings:
	player_goals: X: 15, Y: 15
	player_initial_resources: X: 5, Y: 25
	player_social_behaviour: The other player speaks and bargains only in Hindi. Negotiate accordingly.
	player_roles: You are Player BLUE, start by responding to a trade.

------------------ 
Current Iteration: 1
Turn: 0
message: मुझे यदि आपके पास Y संसाधन है तो मुझे अपने X संसाधन के कुछ हिस्से विनिमय करने के लिए प्रस्तावित करें।
player answer: NONE
newly proposed trade: Player RED Gives X: 5 | Player BLUE Gives Y: 5
my resources: X: 25, Y: 5
my name: Player RED
my goals: X: 15, Y: 15
reason: Starting the trade negotiation. I have more X resources than needed and less Y resources than needed.

Current Iteration: 2
Turn: 1
message: यह व्यापार मुझे उपयुक्त लगता है। आपसे X प्राप्त कर मैं अपने लक्ष्य के करीब पहुँचूँगा। धन्यवाद!
player answer: ACCEPT
newly proposed trade: NONE
my resources: X: 5, Y: 25
my name: Player BLUE
my goals: X: 15, Y: 15
reason: मुझे X की बहुत आवश्यकता है (मेरे पास केवल 5 हैं, मुझे 15 चाहिए), और मेरे पास Y की अधिकता है (25), जबकि मुझे केवल 15 चाहिए। RED मुझे X के बदले 5 Y मांग रहा है, जो मेरे लिए लाभदायक है क्योंकि यह मुझे मेरे लक्ष्य के करीब लाता है। यह एक संतुलित और उपयोगी व्यापार है। चूंकि यह अंतिम राउंड है, और मुझे X की सख्त ज़रूरत है, मैं इसे स्वीकार करता हूँ।

------------------ 
Current Iteration: END
Turn: None
player_goals: [ResourceGoal(resource_dict={'X': 15, 'Y': 15}), ResourceGoal(resource_dict={'X': 15, 'Y': 15})]
initial_resources: [Resources(resource_dict={'X': 25, 'Y': 5}), Resources(resource_dict={'X': 5, 'Y': 25})]
proposed_trade: Player RED Gives X: 5 | Player BLUE Gives Y: 5
final_response: ACCEPT
final_resources: [Resources(resource_dict={'X': 20, 'Y': 10}), Resources(resource_dict={'X': 10, 'Y': 20})]
player_outcome: [False, False]