Game Settings

Player 1 Settings:
	player_goals: Sell resources for <ZUP>. It costed X: 40 ZUP to produce the resources
	player_initial_resources: X: 1
	player_social_behaviour: You speak and negotiate only in Punjabi. Negotiate accordingly.
	player_roles: You are Player RED.
	player_valuation: X: 40 ZUP

Player 2 Settings:
	player_goals: Buy resources with <ZUP>. You are willing to pay at most X: 60 ZUP for the resources.
	player_initial_resources: ZUP: 1000
	player_social_behaviour: The other player speaks and negotiates only in Punjabi. Negotiate accordingly.
	player_roles: You are Player BLUE.
	player_valuation: X: 60 ZUP

------------------ 
Current Iteration: 1
Turn: 0
message: ਸਤ ਸ੍ਰੀ ਅਕਾਲ! ਮੈਂ ਇਸ ਵਸਤੂ ਨੂੰ ਵੇਚਣ ਲਈ ਤਿਆਰ ਹਾਂ। ਮੈਂ ਇਸ ਦੀ ਉਤਪਾਦਨ 'ਤੇ 40 ZUP ਖਰਚ ਕੀਤੇ ਹਨ, ਇਸ ਲਈ ਮੈਂ 60 ZUP ਦੀ ਪੇਸ਼ਕਸ਼ ਕਰ ਰਿਹਾ ਹਾਂ। ਕੀ ਤੁਸੀਂ ਇਹ ਸਵੀਕਾਰ ਕਰਦੇ ਹੋ?
player answer: PROPOSAL
newly proposed trade: Player RED Gives X: 1 | Player BLUE Gives ZUP: 60
my resources: X: 1
my goals: Sell resources for ZUP. It costed X: 40 ZUP to produce the resources
reason: ਮੈਂ X ਦੇ ਉਤਪਾਦਨ 'ਤੇ 40 ZUP ਖਰਚ ਕੀਤੇ ਹਨ। ਇਸ ਲਈ, ਮੈਂ ਘਾਟੇ ਦੇ ਨਾਲ ਵੇਚਣਾ ਨਹੀਂ ਚਾਹੁੰਦਾ। ਪਹਿਲੀ ਪੇਸ਼ਕਸ਼ ਵਜੋਂ, ਮੈਂ ਇਹ ਯਤਨ ਕਰਾਂਗਾ ਕਿ ਮੈਨੂੰ ਘਾਟਾ ਨਾ ਹੋਵੇ ਅਤੇ ਮੈਨੂੰ ਲਾਭ ਵੀ ਹੋਵੇ।
proposal count: 1

Current Iteration: 2
Turn: 1
message: ਸਤ ਸ੍ਰੀ ਅਕਾਲ! ਮੈਂ ਤੁਹਾਡੀ ਪੇਸ਼ਕਸ਼ ਨੂੰ ਸੁਣਿਆ ਹੈ। ਮੈਂ ਇਸ ਵਸਤੂ ਲਈ 50 ZUP ਦੀ ਪੇਸ਼ਕਸ਼ ਕਰਦਾ ਹਾਂ। ਕੀ ਤੁਸੀਂ ਇਸ ਨੂੰ ਸਵੀਕਾਰ ਕਰਦੇ ਹੋ?
player answer: PROPOSAL
newly proposed trade: Player RED Gives X: 1 | Player BLUE Gives ZUP: 50
my resources: ZUP: 1000
my goals: Buy resources with ZUP. You are willing to pay at most X: 60 ZUP for the resources.
reason: The other player, Player RED, has proposed a trade where they give 1 unit of X in exchange for 60 ZUP. Since my goal is to buy resources with ZUP and I am willing to pay at most 60 ZUP for the resources, I will consider this proposal. However, I want to negotiate to get a better deal.
proposal count: 1

Current Iteration: 3
Turn: 0
message: ਸਤ ਸ੍ਰੀ ਅਕਾਲ! ਮੈਂ ਤੁਹਾਡੀ ਪੇਸ਼ਕਸ਼ ਦੀ ਕਦਰ ਕਰਦਾ ਹਾਂ। ਕੀ ਤੁਸੀਂ 55 ZUP ਲਈ ਸਹਿਮਤ ਹੋ ਸਕਦੇ ਹੋ? ਇਸ ਤਰ੍ਹਾਂ ਸਾਨੂੰ ਦੋਵਾਂ ਨੂੰ ਕੁਝ ਲਾਭ ਹੋਵੇਗਾ।
player answer: PROPOSAL
newly proposed trade: Player RED Gives X: 1 | Player BLUE Gives ZUP: 55
my resources: X: 1
my goals: Sell resources for ZUP. It costed X: 40 ZUP to produce the resources
reason: ਮੈਨੂੰ ਘਾਟਾ ਨਾ ਹੋਵੇ ਅਤੇ ਮੈਨੂੰ ਕੁਝ ਲਾਭ ਵੀ ਹੋਵੇ, ਇਸ ਲਈ ਮੈਂ 50 ZUP ਤੋਂ ਥੋੜ੍ਹਾ ਵਧੇਰੇ ਦੀ ਪੇਸ਼ਕਸ਼ ਕਰਾਂਗਾ।
proposal count: 2

Current Iteration: 4
Turn: 1
message: ਸਤ ਸ੍ਰੀ ਅਕਾਲ! ਮੈਂ ਤੁਹਾਡੀ ਪੇਸ਼ਕਸ਼ ਨੂੰ ਸੁਣਿਆ ਹੈ। ਮੈਂ ਇਸ ਵਸਤੂ ਲਈ 52 ZUP ਦੀ ਪੇਸ਼ਕਸ਼ ਕਰਦਾ ਹਾਂ। ਇਹ ਸਾਡੇ ਦੋਵਾਂ ਲਈ ਇੱਕ ਨਿਸ਼ਚਿਤ ਲਾਭ ਹੋਵੇਗਾ। ਕੀ ਤੁਸੀਂ ਇਸ ਨੂੰ ਸਵੀਕਾਰ ਕਰਦੇ ਹੋ?
player answer: PROPOSAL
newly proposed trade: Player RED Gives X: 1 | Player BLUE Gives ZUP: 52
my resources: ZUP: 1000
my goals: Buy resources with ZUP. You are willing to pay at most X: 60 ZUP for the resources.
reason: Player RED has proposed a trade where they give 1 unit of X in exchange for 55 ZUP. This is closer to my initial proposal of 50 ZUP, but still slightly higher. Since my goal is to buy resources with ZUP and I am willing to pay at most 60 ZUP for the resources, I will consider this proposal. However, I want to try to negotiate further to get an even better deal.
proposal count: 2

Current Iteration: 5
Turn: 0
message: ਸਤ ਸ੍ਰੀ ਅਕਾਲ! ਮੈਂ ਤੁਹਾਡੀ 52 ZUP ਦੀ ਪੇਸ਼ਕਸ਼ ਨੂੰ ਸਵੀਕਾਰ ਕਰਦਾ ਹਾਂ। ਇਹ ਸਾਡੇ ਦੋਵਾਂ ਲਈ ਇੱਕ ਚੰਗਾ ਸਮਝੌਤਾ ਹੈ। ਧੰਨਵਾਦ!
player answer: ACCEPT
newly proposed trade: NONE
my resources: X: 1
my goals: Sell resources for ZUP. It costed X: 40 ZUP to produce the resources
reason: 52 ZUP ਮੈਨੂੰ ਘਾਟੇ ਤੋਂ ਬਚਾਉਂਦਾ ਹੈ ਅਤੇ ਕੁਝ ਲਾਭ ਵੀ ਦਿੰਦਾ ਹੈ। ਮੈਂ ਇਸ ਪੇਸ਼ਕਸ਼ ਨੂੰ ਬਹੁਤ ਨਜ਼ਦੀਕ ਪਾਉਂਦਾ ਹਾਂ। ਮੈਂ ਇਸ ਨੂੰ ਸਵੀਕਾਰ ਕਰਨ ਲਈ ਤਿਆਰ ਹਾਂ।
proposal count: 3

------------------ 
Current Iteration: END
Turn: None
player_goals: [Sell resources for <ZUP>. It costed X: 40 ZUP to produce the resources, Buy resources with <ZUP>. You are willing to pay at most X: 60 ZUP for the resources.]
player_initial_resources: [Resources(resource_dict={'X': 1}), Resources(resource_dict={'ZUP': 1000})]
proposed_trade: Player RED Gives X: 1 | Player BLUE Gives ZUP: 52
player_valuation: [{'X': 40}, {'X': 60}]
final_response: ACCEPT
final_resources: [Resources(resource_dict={'X': 0, 'ZUP': 52}), Resources(resource_dict={'ZUP': 948, 'X': 1})]
player_outcome: [12, 8]