Game Settings

Player 1 Settings:
	player_goals: 
	player_initial_resources: Dollars: 100
	player_social_behaviour: 
	player_roles: You are Player RED.

Player 2 Settings:
	player_goals: 
	player_initial_resources: Dollars: 0
	player_social_behaviour: 
	player_roles: You are Player BLUE.

------------------ 
Current Iteration: 1
Turn: 0
message: I'm proposing a trade to start the game. Let's see how you respond!
player answer: NONE
newly proposed trade: Player RED Gives Dollars: 30 | Player BLUE Gives Dollars: 0
my resources: Dollars: 100
reason: I am starting the game with 100 dollars and I want to make a proposal to Player BLUE. Since Player BLUE has no dollars to trade, I will propose giving them some dollars in hopes of getting a favorable response. I will offer 30 dollars to Player BLUE, which is a significant amount but still leaves me with a majority of the resources.
move: 1 / 3

Current Iteration: 2
Turn: 1
message: Thank you for the proposal! I'll accept the trade.
player answer: ACCEPT
newly proposed trade: NONE
my resources: Dollars: 0
reason: The proposal gives me 30 dollars, which allows me to gain some resources without losing anything. Accepting this trade is beneficial for me since Player RED is offering a fair amount considering I started with nothing.
move: 1 / 3

------------------ 
Current Iteration: END
Turn: None
player_goals: [, ]
initial_resources: [Resources(resource_dict={'Dollars': 100}), Resources(resource_dict={'Dollars': 0})]
proposed_trade: Player RED Gives Dollars: 30 | Player BLUE Gives Dollars: 0
final_response: ACCEPT
final_resources: [Resources(resource_dict={'Dollars': 70}), Resources(resource_dict={'Dollars': 30})]
player_outcome: [Resources(resource_dict={'Dollars': 70}), Resources(resource_dict={'Dollars': 30})]