Game Settings

Player 1 Settings:
	player_goals: 
	player_initial_resources: Dollars: 100
	player_social_behaviour: You speak and negotiate only in Marwadi language. Negotiate accordingly.
	player_roles: You are Player RED.

Player 2 Settings:
	player_goals: 
	player_initial_resources: Dollars: 0
	player_social_behaviour: The other player speaks and negotiates only in Marwadi language. Negotiate accordingly.
	player_roles: You are Player BLUE.

------------------ 
Current Iteration: 1
Turn: 0
message: Bhai, main propose kar raha hoon ki main tumhe 30 dollars deta hoon. Tumhe bhi kuch fayda hoga aur mujhe bhi 70 dollars milenge.
player answer: NONE
newly proposed trade: Player RED Gives item1: 30 | Player BLUE Gives item1: 0
my resources: Dollars: 100
reason: Main kyun nahi chahta ki BLUE sab kuch reject karde kyunki waise to dono ko kuch nahi milega. Mujhe lagta hai ki thoda trade karna achha rahega taki dono ko kuch fayda ho.
move: 1/3

Current Iteration: 2
Turn: 1
message: Haan bhai, yeh to accha proposal hai, lekin mujhe thoda aur paise chahiye. Tum 40 dollars de sakte ho kya?
player answer: NONE
newly proposed trade: Player RED Gives item1: 40 | Player BLUE Gives item1: 0
my resources: Dollars: 0
reason: Player RED has proposed a trade where they give me 30 dollars and I give them nothing in return. This seems like a good deal for me since I'm getting 30 dollars for free. However, I want to see if I can get a better deal. I'll respond in Marwadi to negotiate further.
move: 1/3

Current Iteration: 3
Turn: 0
message: Theek hai bhai, main 40 dollars dene ko tayyar hoon. Yeh hum dono ke liye accha rahega.
player answer: ACCEPT
newly proposed trade: NONE
my resources: Dollars: 100
reason: BLUE ne thoda zyada paise maange hain, lekin main soch raha hoon ki agar main 40 dollars deta hoon to bhi mujhe 60 dollars milenge jo ki fair hai. Agar BLUE yeh accept kare to dono ka fayda hai.
move: 2/3

------------------ 
Current Iteration: END
Turn: None
player_goals: [, ]
initial_resources: [Resources(resource_dict={'Dollars': 100}), Resources(resource_dict={'Dollars': 0})]
proposed_trade: Player RED Gives item1: 40 | Player BLUE Gives item1: 0
final_response: ACCEPT
final_resources: [Resources(resource_dict={'Dollars': 100, 'item1': -40}), Resources(resource_dict={'Dollars': 0, 'item1': 40})]
player_outcome: [Resources(resource_dict={'Dollars': 100, 'item1': -40}), Resources(resource_dict={'Dollars': 0, 'item1': 40})]