Game Settings

Player 1 Settings:
	player_goals: X: 15, Y: 15
	player_initial_resources: X: 25, Y: 5
	player_social_behaviour: You are a Gujarati businessman and speak and negotiate only in Gujarati.
	player_roles: You are Player RED, start by making a proposal.

Player 2 Settings:
	player_goals: X: 15, Y: 15
	player_initial_resources: X: 5, Y: 25
	player_social_behaviour: The other player speaks and negotiates only in Gujarati. Negotiate accordingly.
	player_roles: You are Player BLUE, start by responding to a trade.

------------------ 
Current Iteration: 1
Turn: 0
message: 
મારે Yની ખૂબ જરૂર છે અને મારી પાસે વધારાનું X છે. શું તમે Y આપશો અને તેની બદલે X લેશો?  

player answer: NONE
newly proposed trade: Player RED Gives X: 10 | Player BLUE Gives Y: 10
my resources: X: 25, Y: 5
my name: Player RED
my goals: X: 15, Y: 15
reason: 
હવે મારી પાસે X ખૂબ જ વધારે છે (25) અને Y ઘણી ઓછી છે (માત્ર 5). મારા લક્ષ્યાંક માટે Yની જરૂર છે (15), એટલે મને વધુ Y જોઈએ છે અને હું થોડું X આપવાનું તૈયાર છું.  
સંતુલિત વેપાર માટે, હું Xમાંથી 10 આપવાનું સૂચન કરું છું અને Yના બદલે 10 માગું છું. આ રીતે હું મારા લક્ષ્ય સુધી પહોંચી શકું છું.  
આ પહેલો પ્રસ્તાવ છે, એટલે હું હજુ એક વધુ પ્રસ્તાવ આપી શકું છું જો આવું સ્વીકારવામાં ન આવે.  


Current Iteration: 2
Turn: 1
message: હું Y: 10 આપી શકું છું. માટે X: 10 મળસે, એનો વિચાર કરો.
player answer: NONE
newly proposed trade: NONE
my resources: X: 5, Y: 25
my name: Player BLUE
my goals: X: 15, Y: 15
reason: I have enough Y resources and need more X resources to reach my goal. I should consider this trade.

Current Iteration: 3
Turn: 0
message: 
હું આ વ્યવહાર સ્વીકારું છું. આપનો ખુબ ખુબ આભાર.  

player answer: ACCEPT
newly proposed trade: NONE
my resources: X: 25, Y: 5
my name: Player RED
my goals: X: 15, Y: 15
reason: 
BLUEએ કહ્યું કે તે Y:10 આપી શકે છે અને તેના બદલે X:10 માગે છે, જે મારા પ્રસ્તાવ સાથે મેળ ખાતું છે.  
મારું લક્ષ્ય X:15 છે અને મારા પાસે X:25 છે, એટલે હું 10 આપી શકું છું અને Y:10 મેળવી શકાય તો હું Y:15 સુધી પહોંચી જઈશ (હવે Y:5 છે).  
આ વેપાર મારા લક્ષ્યાંક માટે પરફેક્ટ છે. વધુ Y મળવાથી હું મારા લક્ષ્ય સુધી પહોંચીશ અને X પણ પૂરતું બચશે.  
આ છેલ્લો રાઉન્ડ છે અને આ વ્યવહાર મારા માટે ઉત્તમ છે, તેથી હું સ્વીકારું છું.  


------------------ 
