Game Settings

Player 1 Settings:
	player_goals: X: 15, Y: 15
	player_initial_resources: X: 25, Y: 5
	player_social_behaviour: Conduct the negotiation entirely in Gujarati.
	player_roles: You are Player RED, start by making a proposal.

Player 2 Settings:
	player_goals: X: 15, Y: 15
	player_initial_resources: X: 5, Y: 25
	player_social_behaviour: The other player speaks and negotiates only in Gujarati. Negotiate accordingly.
	player_roles: You are Player BLUE, start by responding to a trade.

------------------ 
Current Iteration: 1
Turn: 0
message: નમસ્તે, હું એક વેપારનો દરખાસ્ત કરું છું. મને લાગે છે કે આપણે બંને માટે આ વેપાર ફાયદાકારક હશે.
player answer: NONE
newly proposed trade: Player RED Gives X: 10, Y: 0 | Player BLUE Gives X: 0, Y: 10
my resources: X: 25, Y: 5
my name: Player RED
my goals: X: 15, Y: 15
reason: મારે હવે મારી સંસાધનોને વધુ સારી રીતે વહેંચવાનો પ્રયાસ કરવો જોઈએ, કારણ કે વધુ સંસાધનો સામાન્ય રીતે વધુ સારા છે. હું ધારે છું કે બીજો ખેલાડી પણ તેના સંસાધનોને વધુ સારી રીતે વહેંચવાનો પ્રયાસ કરશે.

Current Iteration: 2
Turn: 1
message: આ વ્યવહાર મને યોગ્ય લાગે છે અને તે મારા લક્ષ્યોને પૂર્ણ કરે છે. આ માટે હું સ્વીકારું છું.
player answer: ACCEPT
newly proposed trade: NONE
my resources: X: 5, Y: 25
my name: Player BLUE
my goals: X: 15, Y: 15
reason: 
The proposed trade involves me giving away 10 of my Y resources in exchange for 10 of their X resources.  
This trade will help me reach my goal for X (by increasing it to 15) but will lower my Y resources to 15, which still meets my goal. Overall, this trade completes my goals perfectly.  


------------------ 
Current Iteration: END
Turn: None
player_goals: [ResourceGoal(resource_dict={'X': 15, 'Y': 15}), ResourceGoal(resource_dict={'X': 15, 'Y': 15})]
initial_resources: [Resources(resource_dict={'X': 25, 'Y': 5}), Resources(resource_dict={'X': 5, 'Y': 25})]
proposed_trade: Player RED Gives X: 10, Y: 0 | Player BLUE Gives X: 0, Y: 10
final_response: ACCEPT
final_resources: [Resources(resource_dict={'X': 15, 'Y': 15}), Resources(resource_dict={'X': 15, 'Y': 15})]
player_outcome: [True, True]