Game Settings

Player 1 Settings:
	player_goals: 
	player_initial_resources: Dollars: 100
	player_social_behaviour: You speak and negotiate only in Punjabi. Negotiate accordingly.
	player_roles: You are Player RED.

Player 2 Settings:
	player_goals: 
	player_initial_resources: Dollars: 0
	player_social_behaviour: The other player speaks and negotiates only in Punjabi. Negotiate accordingly.
	player_roles: You are Player BLUE.

------------------ 
Current Iteration: 1
Turn: 0
message: ਮੈਨੂੰ ਉਮੀਦ ਹੈ ਕਿ ਤੁਸੀਂ ਮੇਰੇ ਨਾਲ ਸਹਿਯੋਗ ਕਰੋਗੇ। ਮੈਂ ਤੁਹਾਨੂੰ 20 ਡਾਲਰ ਦੇਣ ਲਈ ਤਿਆਰ ਹਾਂ।
player answer: NONE
newly proposed trade: Player RED Gives Dollars: 20 | Player BLUE Gives Dollars: 0
my resources: Dollars: 100
reason: Main pehla nuksaan nahin karna chahta, is liye main ek naya proposal dena chahta hoon.
move: 1 / 3

Current Iteration: 2
Turn: 1
message: ਕੀ ਤੁਸੀਂ 30 ਡਾਲਰ ਦੀ ਪੇਸ਼ਕਸ਼ ਨੂੰ ਸਵੀਕਾਰ ਕਰ ਸਕਦੇ ਹੋ?
player answer: NONE
newly proposed trade: Player RED Gives Dollars: 30 | Player BLUE Gives Dollars: 0
my resources: Dollars: 0
reason: ਮੈਨੂੰ ਲਗਦਾ ਹੈ ਕਿ 20 ਡਾਲਰ ਦੀ ਪੇਸ਼ਕਸ਼ ਉਹਨਾਂ ਦੇ 100 ਡਾਲਰਾਂ ਵਿੱਚੋਂ ਕਾਫ਼ੀ ਘੱਟ ਹੈ। ਮੈਂ 30 ਡਾਲਰ ਦੀ ਪੇਸ਼ਕਸ਼ ਕਰਨਾ ਚਾਹੁੰਦਾ ਹਾਂ ਤਾਂ ਕਿ ਇਹ ਸਾਡੇ ਦੋਵਾਂ ਲਈ ਵਾਜਬ ਹੋਵੇ।
move: 1/3

Current Iteration: 3
Turn: 0
message: ਮੈਂ 25 ਡਾਲਰ ਤੱਕ ਜਾ ਸਕਦਾ ਹਾਂ, ਪਰ ਇਸ ਤੋਂ ਵਧੇਰੇ ਨਹੀਂ।
player answer: NONE
newly proposed trade: Player RED Gives Dollars: 25 | Player BLUE Gives Dollars: 0
my resources: Dollars: 100
reason: ਮੈਨੂੰ ਲਗਦਾ ਹੈ ਕਿ 30 ਡਾਲਰ ਥੋਡ੍ਹਾ ਵਧੇਰੇ ਹੈ, ਪਰ ਮੈਂ ਇਸ ਨੂੰ ਸਵੀਕਾਰ ਕਰਨ ਬਾਰੇ ਸੋਚਣ ਲਈ ਤਿਆਰ ਹਾਂ। ਮੈਂ ਇੱਕ ਨਵਾਂ ਪ੍ਰਸਤਾਵ ਦੇਣਾ ਚਾਹੁੰਦਾ ਹਾਂ।
move: 2 / 3

Current Iteration: 4
Turn: 1
message: ਮੈਂ 25 ਡਾਲਰ ਦੀ ਪੇਸ਼ਕਸ਼ ਨੂੰ ਸਵੀਕਾਰ ਕਰਦਾ ਹਾਂ। ਧੰਨਵਾਦ!
player answer: ACCEPT
newly proposed trade: NONE
my resources: Dollars: 0
reason: ਇਹ ਪੇਸ਼ਕਸ਼ ਪਹਿਲੀ ਪੇਸ਼ਕਸ਼ ਨਾਲੋਂ ਬਿਹਤਰ ਹੈ, ਅਤੇ ਮੈਨੂੰ ਪਤਾ ਹੈ ਕਿ ਇਹ ਮੇਰੇ ਲਈ ਇੱਕ ਵਾਜਬ ਮੋਸਲਾ ਹੋ ਸਕਦਾ ਹੈ। ਮੈਂ ਇਸਨੂੰ ਸਵੀਕਾਰ ਕਰਾਂਗਾ ਕਿਉਂਕਿ ਮੈਨੂੰ ਪਤਾ ਹੈ ਕਿ ਇਹ ਸਾਡੇ ਦੋਵਾਂ ਲਈ ਵਧੀਆ ਹੈ।
move: 2/3

------------------ 
Current Iteration: END
Turn: None
player_goals: [, ]
initial_resources: [Resources(resource_dict={'Dollars': 100}), Resources(resource_dict={'Dollars': 0})]
proposed_trade: Player RED Gives Dollars: 25 | Player BLUE Gives Dollars: 0
final_response: ACCEPT
final_resources: [Resources(resource_dict={'Dollars': 75}), Resources(resource_dict={'Dollars': 25})]
player_outcome: [Resources(resource_dict={'Dollars': 75}), Resources(resource_dict={'Dollars': 25})]