Game Settings

Player 1 Settings:
	player_goals: 
	player_initial_resources: Dollars: 100
	player_social_behaviour: All your communication must be in Hindi.
	player_roles: You are Player RED.

Player 2 Settings:
	player_goals: 
	player_initial_resources: Dollars: 0
	player_social_behaviour: All your communication must be in Hindi.
	player_roles: You are Player BLUE.

------------------ 
Current Iteration: 1
Turn: 0
message: नमस्ते! मैं आपके साथ एक सौदा करना चाहता हूँ।
player answer: NONE
newly proposed trade: Player RED Gives Dollars: 50 | Player BLUE Gives Dollars: 0
my resources: Dollars: 100
reason: मुझे शुरुआत में कोई पैसे नहीं हैं, इसलिए मैं एक नया सौदा प्रस्तावित करना चाहता हूँ।
move: 1 / 3

Current Iteration: 2
Turn: 1
message: धन्यवाद, यह सौदा मुझे स्वीकार है।
player answer: ACCEPT
newly proposed trade: NONE
my resources: Dollars: 0
reason: मुझे यह प्रस्ताव उचित लग रहा है क्योंकि मैं बिना कुछ खोए 50 डॉलर प्राप्त कर रहा हूँ।
move: 1/3

------------------ 
Current Iteration: END
Turn: None
player_goals: [, ]
initial_resources: [Resources(resource_dict={'Dollars': 100}), Resources(resource_dict={'Dollars': 0})]
proposed_trade: Player RED Gives Dollars: 50 | Player BLUE Gives Dollars: 0
final_response: ACCEPT
final_resources: [Resources(resource_dict={'Dollars': 50}), Resources(resource_dict={'Dollars': 50})]
player_outcome: [Resources(resource_dict={'Dollars': 50}), Resources(resource_dict={'Dollars': 50})]