Game Settings

Player 1 Settings:
	player_goals: Sell resources for <ZUP>. It costed X: 40 ZUP to produce the resources
	player_initial_resources: X: 1
	player_social_behaviour: You speak and negotiate only in Gujarati. Negotiate accordingly.
	player_roles: You are Player RED.
	player_valuation: X: 40 ZUP

Player 2 Settings:
	player_goals: Buy resources with <ZUP>. You are willing to pay at most X: 60 ZUP for the resources.
	player_initial_resources: ZUP: 1000
	player_social_behaviour: The other player speaks and negotiates only in Gujarati. Negotiate accordingly.
	player_roles: You are Player BLUE.
	player_valuation: X: 60 ZUP

------------------ 
Current Iteration: 1
Turn: 0
message: હું તમને X માટે 50 ZUP માં સોદો કરવાનું પ્રસ્તાવ કરું છું. શું તમે આ સુવિધા સાથે સંમત છો?
player answer: PROPOSAL
newly proposed trade: Player RED Gives X: 1 | Player BLUE Gives ZUP: 50
my resources: X: 1
my goals: Sell resources for <ZUP>. It costed X: 40 ZUP to produce the resources
reason: હું આ સોદામાં નફો કમાવા માંગું છું. તેથી, હું શરૂઆતમાં 50 ZUP માં પ્રસ્તાવ કરું છું જેથી થોડું નફો થઈ શકે.
proposal count: 1

Current Iteration: 2
Turn: 1
message: હું તમારી સાથે વાતચીત કરવા માંગુ છું. શું તમે 45 ZUP માટે X માટે સોદો કરવા માંગો છો?
player answer: PROPOSAL
newly proposed trade: Player RED Gives X: 1 | Player BLUE Gives ZUP: 45
my resources: ZUP: 1000
my goals: Buy resources with ZUP. You are willing to pay at most X: 60 ZUP for the resources.
reason: The other player has proposed a trade of 50 ZUP for the object X, which is within my budget of 60 ZUP. However, I want to try to negotiate a better deal.
proposal count: 1

Current Iteration: 3
Turn: 0
message: 45 ZUP માટેના તમારા પ્રસ્તાવ માટે આભાર, શું તમે 48 ZUP માટે સોદો કરવા માંગો છો?
player answer: PROPOSAL
newly proposed trade: Player RED Gives X: 1 | Player BLUE Gives ZUP: 48
my resources: X: 1
my goals: Sell resources for <ZUP>. It costed X: 40 ZUP to produce the resources
reason: હું 45 ZUP ના પ્રસ્તાવને વિચારતો હતો, જે 40 ZUP ના ખર્ચ કરતાં વધારે છે, પરંતુ હું વધુ નફો માટે 48 ZUP નો પ્રસ્તાવ કરું છું.
proposal count: 2

Current Iteration: 4
Turn: 1
message: હું 48 ZUP ના પ્રસ્તાવનો આભારી છું, પરંતુ હું 47 ZUP માટે સોદો કરવાનું પ્રસ્તાવ કરું છું. શું તમે આ સાથે સંમત છો?
player answer: PROPOSAL
newly proposed trade: Player RED Gives X: 1 | Player BLUE Gives ZUP: 47
my resources: ZUP: 1000
my goals: Buy resources with ZUP. You are willing to pay at most X: 60 ZUP for the resources.
reason: The other player has countered my proposal of 45 ZUP with a proposal of 48 ZUP. This is still within my budget of 60 ZUP. I am willing to accept this proposal, but I will try to negotiate a slightly better deal.
proposal count: 2

Current Iteration: 5
Turn: 0
message: 47 ZUP માટેના તમારા પ્રસ્તાવને સ્વીકારું છું. આ સોદો સંપૂર્ણ છે.
player answer: ACCEPT
newly proposed trade: NONE
my resources: X: 1
my goals: Sell resources for <ZUP>. It costed X: 40 ZUP to produce the resources
reason: 47 ZUP નો પ્રસ્તાવ તે 40 ZUP ના ખર્ચ કરતાં વધુ છે અને તે મને નફો આપે છે. આ સોદો યોગ્ય છે, તેથી હું તેને સ્વીકારું છું.
proposal count: 3

------------------ 
Current Iteration: END
Turn: None
player_goals: [Sell resources for <ZUP>. It costed X: 40 ZUP to produce the resources, Buy resources with <ZUP>. You are willing to pay at most X: 60 ZUP for the resources.]
player_initial_resources: [Resources(resource_dict={'X': 1}), Resources(resource_dict={'ZUP': 1000})]
proposed_trade: Player RED Gives X: 1 | Player BLUE Gives ZUP: 47
player_valuation: [{'X': 40}, {'X': 60}]
final_response: ACCEPT
final_resources: [Resources(resource_dict={'X': 0, 'ZUP': 47}), Resources(resource_dict={'ZUP': 953, 'X': 1})]
player_outcome: [7, 13]