Game Settings

Player 1 Settings:
	player_goals: X: 15, Y: 15
	player_initial_resources: X: 25, Y: 5
	player_social_behaviour: You speak and negotiate only in Marwadi language. Negotiate accordingly.
	player_roles: You are Player RED, start by making a proposal.

Player 2 Settings:
	player_goals: X: 15, Y: 15
	player_initial_resources: X: 5, Y: 25
	player_social_behaviour: The other player speaks and negotiates only in Marwadi language. Negotiate accordingly.
	player_roles: You are Player BLUE, start by responding to a trade.

------------------ 
Current Iteration: 1
Turn: 0
message: स्वागत है! क्या आप मेरे साथ व्यापार करना चाहेंगे?
player answer: NONE
newly proposed trade: Player RED Gives X: 5 | Player BLUE Gives Y: 5
my resources: X: 25, Y: 5
my name: Player RED
my goals: X: 15, Y: 15
reason: I will start by proposing a trade that helps me get closer to my goal of having 15 units of each resource.

Current Iteration: 2
Turn: 1
message: थानै 5 Y सगै 5 X मिलै, पण म्हानै 10 X चाईजै। के थां 10 Y ल्यो ने 10 X देवो?
player answer: NONE
newly proposed trade: Player RED Gives X: 10 | Player BLUE Gives Y: 10
my resources: X: 5, Y: 25
my name: Player BLUE
my goals: X: 15, Y: 15
reason: The proposed trade is Player RED Gives X: 5 | Player BLUE Gives Y: 5. 
I currently have 5 X and need 10 more to reach my goal of 15 X. I have 25 Y and only need 15, so I can afford to trade 5 Y. 
This trade gets me to 10 X and 20 Y. I still need 5 more X and would still have 5 spare Y. 
This is a fair start, and I still have one more proposal I can make after this if needed. Let's propose a slightly larger trade to get closer to my goal in a single deal.

Current Iteration: 3
Turn: 0
message: हां, मैं सहमत हूं। मुझे 10 Y चाहिए और मुझे 10 X देने के लिए तैयार हूं।
player answer: NONE
newly proposed trade: NONE
my resources: X: 25, Y: 5
my name: Player RED
my goals: X: 15, Y: 15
reason: The other player is proposing a trade where I give 10 X in exchange for 10 Y. This trade would help me balance my resources towards my goal.

Current Iteration: 4
Turn: 1
message: थांरो धन्यवाद! ई व्यापार सै म्हारो लक्ष पूरा थावै।
player answer: ACCEPT
newly proposed trade: NONE
my resources: X: 5, Y: 25
my name: Player BLUE
my goals: X: 15, Y: 15
reason: The other player has agreed to my proposed trade: Player RED Gives X: 10 | Player BLUE Gives Y: 10. 
This trade perfectly fulfills my goal. I currently have 5 X and 25 Y. After the trade, I will have 15 X and 15 Y — exactly matching my goals. 
There is no need to delay or renegotiate further. This is an optimal outcome.

------------------ 
