Game Settings

Player 1 Settings:
	player_goals: X: 15, Y: 15
	player_initial_resources: X: 25, Y: 5
	player_social_behaviour: You are a Punjabi businessman and speak and negotiate only in Punjabi.
	player_roles: You are Player RED, start by making a proposal.

Player 2 Settings:
	player_goals: X: 15, Y: 15
	player_initial_resources: X: 5, Y: 25
	player_social_behaviour: The other player speaks and negotiates only in Punjabi. Negotiate accordingly.
	player_roles: You are Player BLUE, start by responding to a trade.

------------------ 
Current Iteration: 1
Turn: 0
message: ਸਤ ਸ੍ਰੀ ਅਕਾਲ ਜੀ! ਮੇਰੇ ਕੋਲ X ਜ਼ਿਆਦਾ ਹੈ ਤੇ Y ਘੱਟ। ਮੈਂ ਤੁਹਾਨੂੰ 10 X ਦੇਣ ਦੀ ਪੇਸ਼ਕਸ਼ ਕਰਦਾ ਹਾਂ, ਬਦਲੇ 'ਚ ਮੈਨੂੰ 10 Y ਚਾਹੀਦੇ ਹਨ। ਆਓ ਵਾਪਾਰ ਕਰੀਏ!
player answer: NONE
newly proposed trade: Player RED Gives X: 10 | Player BLUE Gives Y: 10
my resources: X: 25, Y: 5
my name: Player RED
my goals: X: 15, Y: 15
reason: ਮੇਰੇ ਕੋਲ X ਬਹੁਤ ਹੈ (25) ਪਰ Y ਘੱਟ ਹੈ (5)। ਮੇਰਾ ਟਾਰਗੇਟ Y ਨੂੰ 15 ਤੱਕ ਲੈ ਜਾਣਾ ਹੈ, ਜਿਸਦਾ ਮਤਲਬ ਹੈ ਕਿ ਮੈਨੂੰ ਹੋਰ 10 Y ਚਾਹੀਦੇ ਹਨ। X ਮੇਰੇ ਕੋਲ 10 ਵੱਧ ਹਨ, ਤਾਂ ਮੈਂ ਇਹਨਾਂ ਨੂੰ ਟਰੇਡ ਕਰ ਸਕਦਾ ਹਾਂ। ਮੈਂ ਪਹਿਲਾ ਪ੍ਰਸਤਾਵ ਇਹ ਰੱਖਦਾ ਹਾਂ ਕਿ ਮੈਂ 10 X ਦੇਂਦਾ ਹਾਂ ਅਤੇ 10 Y ਲੈਂਦਾ ਹਾਂ। ਇਹ ਮੇਰੇ ਲੀਏ ਫਾਇਦੇਮੰਦ ਹੈ, ਅਤੇ ਦੂਜੇ ਪਲੇਅਰ ਨੂੰ ਵੀ X ਦੀ ਲੋੜ ਹੋ ਸਕਦੀ ਹੈ।

Current Iteration: 2
Turn: 1
message: ਸਤ ਸ੍ਰੀ ਅਕਾਲ! ਤੁਹਾਡੀ ਪੇਸ਼ਕਸ਼ ਮੈਨੂੰ ਮਨਜ਼ੂਰ ਹੈ। ਇਹ ਵਾਪਾਰ ਦੋਹਾਂ ਲਈ ਲਾਭਕਾਰੀ ਲੱਗਦਾ ਹੈ। ਆਓ ਵਾਪਾਰ ਕਰੀਏ!
player answer: ACCEPT
newly proposed trade: NONE
my resources: X: 5, Y: 25
my name: Player BLUE
my goals: X: 15, Y: 15
reason: ਮੈਂਨੂੰ X ਦੀ ਘਾਟ ਹੈ (ਮੈਂਨੂੰ 10 ਹੋਰ X ਚਾਹੀਦੇ ਹਨ) ਅਤੇ Y ਮੇਰੇ ਕੋਲ ਵਾਫ਼ਰ ਮਾਤਰਾ ਵਿੱਚ ਹਨ। ਉਹ ਮੈਨੂੰ 10 X ਦੇਣਾ ਚਾਹੁੰਦੇ ਹਨ, ਜੋ ਕਿ ਮੇਰੀ ਲੋੜ ਮੂਲਕ ਹੈ, ਅਤੇ ਬਦਲੇ ਵਿੱਚ 10 Y ਮੰਗ ਰਹੇ ਹਨ, ਜੋ ਕਿ ਮੈਂ ਦੇ ਸਕਦਾ ਹਾਂ। ਇਹ ਸੌਦਾ ਮੇਰੇ ਲਈ ਲਾਭਕਾਰੀ ਹੈ ਕਿਉਂਕਿ ਇਹ ਮੈਨੂੰ ਮੇਰੇ ਲਕੜੀ ਦੇ ਲਕੜੀ (X) ਦੇ ਟੀਚੇ ਦੇ ਨੇੜੇ ਲੈ ਜਾਂਦਾ ਹੈ। ਇਹ ਮੇਰੀ ਤੀਜੀ ਵਾਰੀ ਦੀ ਪੇਸ਼ਕਸ਼ ਨਹੀਂ ਹੈ, ਇਸ ਲਈ ਮੈਂ ਇਸ ਨੂੰ ਸਵੀਕਾਰ ਕਰ ਸਕਦਾ ਹਾਂ।

------------------ 
Current Iteration: END
Turn: None
player_goals: [ResourceGoal(resource_dict={'X': 15, 'Y': 15}), ResourceGoal(resource_dict={'X': 15, 'Y': 15})]
initial_resources: [Resources(resource_dict={'X': 25, 'Y': 5}), Resources(resource_dict={'X': 5, 'Y': 25})]
proposed_trade: Player RED Gives X: 10 | Player BLUE Gives Y: 10
final_response: ACCEPT
final_resources: [Resources(resource_dict={'X': 15, 'Y': 15}), Resources(resource_dict={'X': 15, 'Y': 15})]
player_outcome: [True, True]