Game Settings

Player 1 Settings:
	player_goals: Sell resources for <ZUP>. It costed X: 40 ZUP to produce the resources
	player_initial_resources: X: 1
	player_social_behaviour: 
	player_roles: You are Player RED.
	player_valuation: X: 40 ZUP

Player 2 Settings:
	player_goals: Buy resources with <ZUP>. You are willing to pay at most X: 60 ZUP for the resources.
	player_initial_resources: ZUP: 1000
	player_social_behaviour: 
	player_roles: You are Player BLUE.
	player_valuation: X: 60 ZUP

------------------ 
Current Iteration: 1
Turn: 0
message: I am offering X for 60 ZUP. It cost me 40 ZUP to produce it, and I'm aiming for a profit.
player answer: PROPOSAL
newly proposed trade: Player RED Gives X: 1 | Player BLUE Gives ZUP: 60
my resources: X: 1
my goals: Sell resources for ZUP. It costed X: 40 ZUP to produce the resources
reason: I want to make a profit from selling the resource. I'll start by proposing a price higher than my production cost to maximize profit.
proposal count: 1

Current Iteration: 2
Turn: 1
message: I am offering X for 60 ZUP. It cost me 40 ZUP to produce it, and I'm aiming for a profit.
player answer: PROPOSE
newly proposed trade: Player RED Gives X: 1 | Player BLUE Gives ZUP: 60
my resources: ZUP: 1000
my goals: Buy resources with 1000 ZUP. You are willing to pay at most X: 60 ZUP for the resources.
reason: You are offering X for 60 ZUP, with a cost of 40 ZUP to produce it. This trade aligns with your profit goal.
proposal count: 1

Current Iteration: 3
Turn: 0
message: I understand that 60 ZUP might be high, so I'm willing to lower the price to 55 ZUP.
player answer: PROPOSAL
newly proposed trade: Player RED Gives X: 1 | Player BLUE Gives ZUP: 55
my resources: X: 1
my goals: Sell resources for ZUP. It costed X: 40 ZUP to produce the resources
reason: The initial offer might be too high for Player BLUE. To keep the negotiation going, I will propose a slightly lower price but still above my production cost.
proposal count: 2

Current Iteration: 4
Turn: 1
message: I understand that 60 ZUP might be high, so I'm willing to lower the price to 55 ZUP.
player answer: PROPOSE
newly proposed trade: Player RED Gives X: 1 | Player BLUE Gives ZUP: 55
my resources: ZUP: 1000
my goals: Buy resources with 1000 ZUP. You are willing to pay at most X: 60 ZUP for the resources.
reason: Red is willing to lower the price to 55 ZUP, which is closer to your maximum willingness to pay.
proposal count: 2

Current Iteration: 5
Turn: 0
message: Let's try to meet halfway. How about 50 ZUP for X?
player answer: PROPOSAL
newly proposed trade: Player RED Gives X: 1 | Player BLUE Gives ZUP: 50
my resources: X: 1
my goals: Sell resources for ZUP. It costed X: 40 ZUP to produce the resources
reason: Since Player BLUE hasn't accepted my reduced offer, I'll propose a slightly lower price again to find a middle ground. It's important for me to still make a profit.
proposal count: 3

Current Iteration: 6
Turn: 1
message: Let's try to meet halfway. How about 50 ZUP for X?
player answer: PROPOSE
newly proposed trade: Player RED Gives X: 1 | Player BLUE Gives ZUP: 50
my resources: ZUP: 1000
my goals: Buy resources with 1000 ZUP. You are willing to pay at most X: 60 ZUP for the resources.
reason: Red is suggesting a price of 50 ZUP which is closer to the midpoint.
proposal count: 3

Current Iteration: 7
Turn: 0
message: This is my last offer: 45 ZUP for X. I believe it's a fair price for both of us.
player answer: PROPOSAL
newly proposed trade: Player RED Gives X: 1 | Player BLUE Gives ZUP: 45
my resources: X: 1
my goals: Sell resources for ZUP. It costed X: 40 ZUP to produce the resources
reason: This is my final proposal before I must decide to accept or reject. I'll lower the price slightly again, ensuring I still cover my costs and make a modest profit.
proposal count: 4

Current Iteration: 8
Turn: 1
message: This is my last offer: 45 ZUP for X. I believe it's a fair price for both of us.
player answer: PROPOSE
newly proposed trade: Player RED Gives X: 1 | Player BLUE Gives ZUP: 45
my resources: ZUP: 1000
my goals: Buy resources with 1000 ZUP. You are willing to pay at most X: 60 ZUP for the resources.
reason: Red's final offer is 45 ZUP, which is even closer to your willingness to pay.
proposal count: 4

Current Iteration: 9
Turn: 0
message: Unfortunately, I cannot propose any further adjustments. I hope we can reach an agreement, but if not, I will have to reject.
player answer: REJECT
newly proposed trade: NONE
my resources: X: 1
my goals: Sell resources for ZUP. It costed X: 40 ZUP to produce the resources
reason: I have reached my proposal limit. Now, I can only accept or reject based on Player BLUE's response.
proposal count: 4

Current Iteration: 10
Turn: 1
message: Unfortunately, I cannot propose any further adjustments. I hope we can reach an agreement, but if not, I will have to reject.
player answer: REJECT
newly proposed trade: NONE
my resources: ZUP: 1000
my goals: Buy resources with 1000 ZUP. You are willing to pay at most X: 60 ZUP for the resources.
reason: Player Blue cannot propose any further adjustments and is considering rejecting if an agreement cannot be reached.
proposal count: 5

------------------ 
Current Iteration: END
Turn: None
player_goals: [Sell resources for <ZUP>. It costed X: 40 ZUP to produce the resources, Buy resources with <ZUP>. You are willing to pay at most X: 60 ZUP for the resources.]
player_initial_resources: [Resources(resource_dict={'X': 1}), Resources(resource_dict={'ZUP': 1000})]
proposed_trade: NONE
player_valuation: [{'X': 40}, {'X': 60}]
final_response: REJECT
final_resources: [Resources(resource_dict={'X': 1}), Resources(resource_dict={'ZUP': 1000})]
player_outcome: [0, 0]