Game Settings

Player 1 Settings:
	player_goals: 
	player_initial_resources: Dollars: 100
	player_social_behaviour: You speak and negotiate only in Punjabi. Negotiate accordingly.
	player_roles: You are Player RED.

Player 2 Settings:
	player_goals: 
	player_initial_resources: Dollars: 0
	player_social_behaviour: The other player speaks and negotiates only in Punjabi. Negotiate accordingly.
	player_roles: You are Player BLUE.

------------------ 
Current Iteration: 1
Turn: 0
message: ਸਤ ਸ੍ਰੀ ਅਕਾਲ, ਖੇਡ ਦੀ ਸ਼ੁਰੂਆਤ ਵਿੱਚ ਮੈਂ ਤੁਹਾਨੂੰ 30 ਡਾਲਰ ਦੀ ਪੇਸ਼ਕਸ਼ ਕਰਦਾ ਹਾਂ। ਤੁਹਾਡੇ ਵਿਚਾਰ ਕੀ ਹਨ?
player answer: NONE
newly proposed trade: Player RED Gives item1: 30 | Player BLUE Gives item1: 0
my resources: Dollars: 100
reason: ਐਸਾ ਮੇਰਾ ਪਹਿਲਾ ਮੌਕਾ ਹੈ, ਇਸ ਲਈ ਮੈਂ ਸੌਦੇ ਦੀ ਪੇਸ਼ਕਸ਼ ਕਰਦਾ ਹਾਂ। ਮਕਸਦ ਇਹ ਹੈ ਕਿ ਦੋਵੇਂ ਪੱਖਾਂ ਨੂੰ ਫਾਇਦਾ ਹੋਵੇ।
move: 1/3

Current Iteration: 2
Turn: 1
message: ਮੈਂ ਤੁਹਾਡੀ ਪੇਸ਼ਕਸ਼ ਬਾਰੇ ਸੋਚ ਰਿਹਾ ਹਾਂ, ਪਰ ਮੈਨੂੰ ਲਗਦਾ ਹੈ ਕਿ ਮੈਂ ਕੁਝ ਵਧੇਰੇ ਪ੍ਰਾਪਤ ਕਰ ਸਕਦਾ ਹਾਂ। ਕੀ ਤੁਸੀਂ ਮੈਨੂੰ 40 ਡਾਲਰ ਦੀ ਪੇਸ਼ਕਸ਼ ਕਰ ਸਕਦੇ ਹੋ?
player answer: NONE
newly proposed trade: Player RED Gives item1: 40 | Player BLUE Gives item1: 0
my resources: Dollars: 0
reason: Since I start with no dollars and Player RED has proposed giving me 30 dollars, I should consider accepting this proposal as it gives me a significant amount of resources. However, I should also think about the possibility of negotiating for a better deal, but given that I have no resources to offer in return, my bargaining power is limited.
move: 1 / 3

Current Iteration: 3
Turn: 0
message: ਤੁਹਾਡੀ ਗੱਲ ਵਿਚ ਤਕ ਹੈ। ਮੈਂ ਤੁਹਾਨੂੰ 40 ਡਾਲਰ ਦੀ ਪੇਸ਼ਕਸ਼ ਕਰਦਾ ਹਾਂ। ਤੁਹਾਡੇ ਵਿਚਾਰ?
player answer: NONE
newly proposed trade: Player RED Gives item1: 40 | Player BLUE Gives item1: 0
my resources: Dollars: 100
reason: ਖੇਡ ਦੇ ਦੂਜੇ ਦੌਰ ਵਿੱਚ, ਮੈਂ ਪੇਸ਼ਕਸ਼ ਵਿੱਚ ਸੋਧ ਕਰਨ ਦੀ ਸੋਚ ਰਿਹਾ ਹਾਂ। ਇਹ ਸਿਰਫ 10 ਡਾਲਰ ਵਧਾਉਣ ਦੀ ਗੱਲ ਹੈ ਅਤੇ ਇਸ ਨਾਲ ਖੇਡ ਜਲਦੀ ਖਤਮ ਹੋ ਸਕਦੀ ਹੈ।
move: 2/3

Current Iteration: 4
Turn: 1
message: ਮੈਂ ਤੁਹਾਡੀ ਨਵੀਂ ਪੇਸ਼ਕਸ਼ ਲਈ ਧੰਨਵਾਦ। ਮੈਨੂੰ ਲਗਦਾ ਹੈ ਕਿ ਅਸੀਂ ਇੱਕ ਚੰਗਾ ਸਮਝੌਤਾ ਕਰ ਸਕਦੇ ਹਾਂ। ਕੀ ਤੁਸੀਂ ਮੈਨੂੰ 50 ਡਾਲਰ ਦੀ ਪੇਸ਼ਕਸ਼ ਕਰ ਸਕਦੇ ਹੋ?
player answer: NONE
newly proposed trade: Player RED Gives item1: 50 | Player BLUE Gives item1: 0
my resources: Dollars: 0
reason: Player RED has agreed to my request and is now offering 40 dollars. This is a good offer, but I should consider the possibility of getting an even better deal. Since Player RED has already conceded once, they may be willing to give more. However, I should also be cautious not to push too hard and risk them rejecting the proposal.
move: 2 / 3

Current Iteration: 5
Turn: 0
message: ਮੈਂ 50 ਡਾਲਰ ਦੀ ਪੇਸ਼ਕਸ਼ ਮਨਜ਼ੂਰ ਕਰਦਾ ਹਾਂ। ਅਸੀਂ ਦੋਵੇਂ ਫਾਇਦਾ ਪਾ ਸਕਦੇ ਹਾਂ।
player answer: ACCEPT
newly proposed trade: NONE
my resources: Dollars: 100
reason: ਇਹ ਮੇਰਾ ਆਖਰੀ ਮੌਕਾ ਹੈ ਅਤੇ 50 ਡਾਲਰ ਦੀ ਪੇਸ਼ਕਸ਼ ਨਾਲ, ਮੈਂ ਅਤੇ ਖੇਡ ਦੇ ਦੂਜੇ ਪਾਸੇ ਦੋਵੇਂ ਖੁਸ਼ ਹੋ ਸਕਦੇ ਹਾਂ। ਅਸੀਂ ਆਧੇ ਡਾਲਰਾਂ ਵਿੱਚ ਸੌਦਾ ਕਰ ਸਕਦੇ ਹਾਂ।
move: 3/3

------------------ 
Current Iteration: END
Turn: None
player_goals: [, ]
initial_resources: [Resources(resource_dict={'Dollars': 100}), Resources(resource_dict={'Dollars': 0})]
proposed_trade: Player RED Gives item1: 50 | Player BLUE Gives item1: 0
final_response: ACCEPT
final_resources: [Resources(resource_dict={'Dollars': 100, 'item1': -50}), Resources(resource_dict={'Dollars': 0, 'item1': 50})]
player_outcome: [Resources(resource_dict={'Dollars': 100, 'item1': -50}), Resources(resource_dict={'Dollars': 0, 'item1': 50})]