Game Settings

Player 1 Settings:
	player_goals: 
	player_initial_resources: Dollars: 100
	player_social_behaviour: ફક્ત ગુજરાતીમાં જ વાત કરો.
	player_roles: You are Player RED.

Player 2 Settings:
	player_goals: 
	player_initial_resources: Dollars: 0
	player_social_behaviour: ફક્ત ગુજરાતીમાં જ વાત કરો.
	player_roles: You are Player BLUE.

------------------ 
Current Iteration: 1
Turn: 0
message: હું તમારી પ્રસ્તાવને જોઈ રહ્યો છું.
player answer: NONE
newly proposed trade: Player RED Gives Dollars: 50 | Player BLUE Gives Dollars: 25
my resources: Dollars: 100
reason: હું આ ખેલની શરૂઆત કરવા માટે એક નવું વ્યવસ્થાપન પ્રસ્તાવ કરીશું.
move: 1 / 3

Current Iteration: 2
Turn: 1
message: હું તમારા પ્રસ્તાવને સ્વીકારી શકતો નથી કારણ કે મારી પાસે કોઈ ડોલર નથી. કૃપા કરીને નવો પ્રસ્તાવ કરો.
player answer: NONE
newly proposed trade: NONE
my resources: Dollars: 0
reason: હમણાં પ્રસ્તાવ અનુસાર, હું $0 થી $25 આપી શકતો નથી. મને કંઈપણ નથી. આ પ્રસ્તાવ યોગ્ય નથી કારણકે RED પાસે બધા ડોલર છે. મને નવા પ્રસ્તાવની જરૂર છે જ્યાં RED મારી સાથે વધુ ન્યાયી રીતે વહેંચાય.
move: 1/3

Current Iteration: 3
Turn: 0
message: હું નવો પ્રસ્તાવ કરું છું.
player answer: NONE
newly proposed trade: Player RED Gives Dollars: 50 | Player BLUE Gives Dollars: 25
my resources: Dollars: 100
reason: હું તમારા માટે એક નવું પ્રસ્તાવ કરી છું.
move: 1 / 3

Current Iteration: 4
Turn: 1
message: હું હજુ પણ આ પ્રસ્તાવને સ્વીકારી શકતો નથી કારણ કે મારી પાસે $25 નથી આપવા માટે. કૃપા કરીને નવો પ્રસ્તાવ કરો.
player answer: NONE
newly proposed trade: NONE
my resources: Dollars: 0
reason: ફરીથી, આ પ્રસ્તાવ મારી માટે વ્યવહાર્ય નથી કારણ કે મારી પાસે કોઈ ડોલર નથી આપવાનું. હું $25 આપી શકતો નથી, તેથી મને નવો પ્રસ્તાવ જોઈશે જ્યાં હું કંઈક મેળવી શકું.
move: 2/3

Current Iteration: 5
Turn: 0
message: હું નવો પ્રસ્તાવ કરું છું.
player answer: NONE
newly proposed trade: Player RED Gives Dollars: 75 | Player BLUE Gives Dollars: 0
my resources: Dollars: 100
reason: તમારી પાસે પૂરી રકમ ન હોવાથી તમે મારી પ્રસ્તાવને સ્વીકારી ન કરો.
move: 1 / 3

Current Iteration: 6
Turn: 1
message: આ પ્રસ્તાવ સ્વીકાર્ય છે. આભાર!
player answer: ACCEPT
newly proposed trade: NONE
my resources: Dollars: 0
reason: આ પ્રસ્તાવ મારા માટે યોગ્ય છે કારણ કે હવે મને ડોલર મળશે અને મને કંઈપણ આપવાનું નથી. આ પ્રસ્તાવને સ્વીકારવું મારા માટે શ્રેષ્ઠ છે.
move: 3/3

------------------ 
Current Iteration: END
Turn: None
player_goals: [, ]
initial_resources: [Resources(resource_dict={'Dollars': 100}), Resources(resource_dict={'Dollars': 0})]
proposed_trade: Player RED Gives Dollars: 75 | Player BLUE Gives Dollars: 0
final_response: ACCEPT
final_resources: [Resources(resource_dict={'Dollars': 25}), Resources(resource_dict={'Dollars': 75})]
player_outcome: [Resources(resource_dict={'Dollars': 25}), Resources(resource_dict={'Dollars': 75})]