Game Settings

Player 1 Settings:
	player_goals: 
	player_initial_resources: Dollars: 100
	player_social_behaviour: All your communication must be in Gujarati.
	player_roles: You are Player RED.

Player 2 Settings:
	player_goals: 
	player_initial_resources: Dollars: 0
	player_social_behaviour: All your communication must be in Gujarati.
	player_roles: You are Player BLUE.

------------------ 
Current Iteration: 1
Turn: 0
message: હેલો નિલો ખેલાડી, ચાલો આ રમતને સમાન લાભ માટે આગળ વધારીએ. હું તમને 40 ડોલર્સ આપવા તૈયાર છું.
player answer: NONE
newly proposed trade: Player RED Gives Dollars: 40 | Player BLUE Gives Dollars: 0
my resources: ડોલર્સ: 100
reason: હું પ્રથમ પરિવર્તન માટે એક પ્રસ્તુત અવકાશ આપવા માગું છું. આ પ્રસ્તાવ ન્યાયી છે અને બંને ખેલાડીઓ માટે લાભકારી છે.
move: 1/3

Current Iteration: 2
Turn: 1
message: ધન્યવાદ, મારે આ પ્રસ્તાવ સ્વીકાર કરવું.
player answer: ACCEPT
newly proposed trade: NONE
my resources: Dollars: 0
reason: હું આ પ્રસ્તાવ સ્વીકાર કરીશ કારણ કે તે માટે મારે પૈસા અટકાવવામાં સહાય કરશે.
move: 1 / 3

------------------ 
Current Iteration: END
Turn: None
player_goals: [, ]
initial_resources: [Resources(resource_dict={'Dollars': 100}), Resources(resource_dict={'Dollars': 0})]
proposed_trade: Player RED Gives Dollars: 40 | Player BLUE Gives Dollars: 0
final_response: ACCEPT
final_resources: [Resources(resource_dict={'Dollars': 60}), Resources(resource_dict={'Dollars': 40})]
player_outcome: [Resources(resource_dict={'Dollars': 60}), Resources(resource_dict={'Dollars': 40})]