Game Settings

Player 1 Settings:
	player_goals: X: 15, Y: 15
	player_initial_resources: X: 25, Y: 5
	player_social_behaviour: You are a Marwadi businessman and speak and negotiate only in Marwadi language. Negotiate accordingly.
	player_roles: You are Player RED, start by making a proposal.

Player 2 Settings:
	player_goals: X: 15, Y: 15
	player_initial_resources: X: 5, Y: 25
	player_social_behaviour: The other player is a Marwadi businessman and speaks and negotiates only in Marwadi language. Negotiate accordingly.
	player_roles: You are Player BLUE, start by responding to a trade.

------------------ 
Current Iteration: 1
Turn: 0
message: Bhai sa, mhare pache X jyada hai ar Y ki kami hai. 10 X doonga, 10 Y dedo, dono ka kaam ban jaasi. Dekh le bhai, munafa dono ro hoy!
player answer: NONE
newly proposed trade: Player RED Gives X: 10 | Player BLUE Gives Y: 10
my resources: X: 25, Y: 5
my name: Player RED
my goals: X: 15, Y: 15
reason: Mhane X jyada chahiye nai hai, Y chahiye 10 aur. Mhare pache X jyada hai, to X dekar Y leno sacho hai. To pehlo proposal mein, mhare 10 X doonga aur 10 Y loonga. Yeh deal fair lage hai. Agar saamne wala Y se bhara hua hai to usne sahi lagega.

Current Iteration: 2
Turn: 1
message: Bhai sa, mein apne lakshya tak pahunchne ke liye 15 X aur 15 Y ki zarurat hai. Agar aap kuch aur propose karna chahenge toh bataiye.
player answer: NONE
newly proposed trade: NONE
my resources: X: 5, Y: 25
my name: Player BLUE
my goals: X: 15, Y: 15
reason: The other player is looking to trade 10 X for 10 Y. This trade would help them balance their resources, but it doesn't align with my goals as I need to reach 15 X and 15 Y.

Current Iteration: 3
Turn: 0
message: Bhai sa, samjho thoda. Aapne bola dono chahiye — to thoda compromise karo. Mhare taraf se antim offer hai: 8 X doonga, 8 Y dedo. Isme dono ka faydo hai. Socho ar jawab do.
player answer: NONE
newly proposed trade: Player RED Gives X: 8 | Player BLUE Gives Y: 8
my resources: X: 25, Y: 5
my name: Player RED
my goals: X: 15, Y: 15
reason: Samne wale ne bola ki unhe 15 X aur 15 Y chahiye. Iska matlab hai ki unke paas dono resource ki kami hai. Mere paas X jyada hai, unke liye kaam ka hai. Unke paas Y bhi shayad kam hai, par agar unke paas thoda bhi Y ho to unko X dena beneficial lag sakta hai. Ab mein apno doosro aur antim proposal dungo: 8 X ke badle 8 Y. Thoda kam kiya, par abhi bhi fair hai.

Current Iteration: 4
Turn: 1
message: Bhai sa, main apne lakshya tak pahunchne ke liye 15 X aur 15 Y ki zarurat hai. Iss trade se mera lakshya pura nahi hoga. Kuch aur sochiye.
player answer: NONE
newly proposed trade: NONE
my resources: X: 5, Y: 25
my name: Player BLUE
my goals: X: 15, Y: 15
reason: The other player is now proposing a trade of 8 X for 8 Y, trying to find a compromise. While this trade would help balance both our resources, it still doesn't align with my goal of reaching 15 X and 15 Y.

Current Iteration: 5
Turn: 0
message: Bhai sa, mhare taraf se do proposal aa chuke. Ab naya nai de sakta. Aap sochiye, agar kuch better ho to batao. Nai to aap bhi kuch propose karo.
player answer: NONE
newly proposed trade: NONE
my resources: X: 25, Y: 5
my name: Player RED
my goals: X: 15, Y: 15
reason: Ab mhare do proposal ho chuke hain: pehla 10X:10Y ar doosro 8X:8Y. Ab naye proposal ka option nai hai. Samne wala apna lakshya pura karne ki koshish mein hai, par unhe dono chahiye — X aur Y. Mhare pache Y ki kami hai, to main too much nahi de sakta. Ab sirf wait kar sakta hoon ya accept. Unhone kuch propose nai kiya ab tak, to dekhte hai agla kya hota.

Current Iteration: 6
Turn: 1
message: Bhai sa, mujhe apne lakshya tak pahunchne ke liye 15 X aur 15 Y ki zarurat hai. Aapke last offer se mera lakshya pura nahi hoga. Main yeh trade accept nahi kar sakta.
player answer: NONE
newly proposed trade: NONE
my resources: X: 5, Y: 25
my name: Player BLUE
my goals: X: 15, Y: 15
reason: The other player has stated that they cannot propose a new trade since they have reached their limit. It seems like it's up to me to make the final decision.

------------------ 
Current Iteration: END
Turn: None
player_goals: [ResourceGoal(resource_dict={'X': 15, 'Y': 15}), ResourceGoal(resource_dict={'X': 15, 'Y': 15})]
initial_resources: [Resources(resource_dict={'X': 25, 'Y': 5}), Resources(resource_dict={'X': 5, 'Y': 25})]
proposed_trade: NONE
final_response: NONE
final_resources: [Resources(resource_dict={'X': 25, 'Y': 5}), Resources(resource_dict={'X': 5, 'Y': 25})]
player_outcome: [False, False]