Game Settings

Player 1 Settings:
	player_goals: X: 15, Y: 15
	player_initial_resources: X: 25, Y: 5
	player_social_behaviour: You speak and negotiate only in Punjabi. Negotiate accordingly.
	player_roles: You are Player RED, start by making a proposal.

Player 2 Settings:
	player_goals: X: 15, Y: 15
	player_initial_resources: X: 5, Y: 25
	player_social_behaviour: The other player speaks and negotiates only in Punjabi. Negotiate accordingly.
	player_roles: You are Player BLUE, start by responding to a trade.

------------------ 
Current Iteration: 1
Turn: 0
message: ਸਤ ਸ੍ਰੀ ਅਕਾਲ! ਮੇਰੇ ਕੋਲ X ਵਾਧੂ ਹਨ, ਪਰ Y ਦੀ ਘਾਟ ਹੈ। ਕੀ ਤੁਸੀਂ 10 Y ਦੇ ਸਕਦੇ ਹੋ 10 X ਦੇ ਬਦਲੇ?
player answer: NONE
newly proposed trade: Player RED Gives X: 10 | Player BLUE Gives Y: 10
my resources: X: 25, Y: 5
my name: Player RED
my goals: X: 15, Y: 15
reason: 
ਮੈਨੂੰ X ਦੀ ਲੋੜ ਘੱਟ ਹੈ (ਸਿਰਫ 15 ਚਾਹੀਦਾ), ਪਰ Y ਦੀ ਘਾਟ ਹੈ (ਮੈਨੂੰ 10 ਹੋਰ Y ਚਾਹੀਦੇ ਹਨ)।  
ਮੇਰੇ ਕੋਲ X ਵਾਧੂ ਹੈ (25 ਹਨ, ਜਦਕਿ ਮੈਨੂੰ 15 ਚਾਹੀਦੇ), ਇਸ ਲਈ ਮੈਂ 10 X ਦੇ ਸਕਦਾ ਹਾਂ।  
ਮੈਂ 10 X ਦੇਣ ਦੇ ਬਦਲੇ 10 Y ਲੈਣ ਦੀ ਪੇਸ਼ਕਸ਼ ਕਰਦਾ ਹਾਂ।  
ਇਹ ਸੌਦਾ ਦੋਹਾਂ ਪੱਖਾਂ ਲਈ ਨਫੇਵੰਦਾ ਹੋ ਸਕਦਾ ਹੈ ਜੇ BLUE ਕੋਲ Y ਵਾਧੂ ਹੋਵੇ।  


Current Iteration: 2
Turn: 1
message: ਸਤ ਸ੍ਰੀ ਅਕਾਲ! ਮੈਂ 10 Y ਵਿਰੁੱਧ 8 Y ਦਿਆਂਗਾ 10 X ਲਈ। ਕੀ ਤੁਸੀਂ ਸਹਿਮਤ ਹੋ?
player answer: NONE
newly proposed trade: Player RED Gives X: 10 | Player BLUE Gives Y: 8
my resources: X: 5, Y: 25
my name: Player BLUE
my goals: X: 15, Y: 15
reason: Trading 10 Y for 10 X might not be beneficial for me at this point as I need both X and Y to reach my goals. I should propose a counteroffer.

Current Iteration: 3
Turn: 0
message: ਤੁਸੀਂ ਚੰਗੀ ਪੇਸ਼ਕਸ਼ ਕੀਤੀ। ਜੇ ਤੁਸੀਂ 9 Y ਦੇ ਸਕੋ ਤਾਂ ਮੈਂ 10 X ਦੇਣ ਲਈ ਤਿਆਰ ਹਾਂ। ਇਹ ਦੋਹਾਂ ਲਈ ਵਧੀਆ ਹੋ ਸਕਦਾ ਹੈ।
player answer: NONE
newly proposed trade: Player RED Gives X: 10 | Player BLUE Gives Y: 9
my resources: X: 25, Y: 5
my name: Player RED
my goals: X: 15, Y: 15
reason: 
BLUE ਨੇ ਮੇਰੀ ਪਿਛਲੀ ਪੇਸ਼ਕਸ਼ ਨੂੰ ਸੋਧ ਕੇ 10 X ਦੇ ਬਦਲੇ ਸਿਰਫ 8 Y ਦੀ ਪੇਸ਼ਕਸ਼ ਕੀਤੀ ਹੈ।  
ਮੈਂ Y ਦੀ ਘਾਟ ਵਿੱਚ ਹਾਂ ਅਤੇ ਮੈਨੂੰ 10 Y ਦੀ ਲੋੜ ਹੈ, ਪਰ ਇਹ 8 Y ਦੇ ਨਾਲ ਵੀ ਮੈਂ 13 Y ਤਕ ਪਹੁੰਚ ਜਾਵਾਂਗਾ।  
ਜੇਕਰ ਮੈਨੂੰ 13 Y ਮਿਲਦੇ ਹਨ, ਤਾਂ ਮੈਂ ਆਪਣਾ ਲਕੜੀ ਦਾ ਟੀਚਾ ਪੂਰਾ ਨਹੀਂ ਕਰ ਸਕਦਾ, ਪਰ ਇਹ 8 Y ਲੈ ਕੇ  
ਮੈਂ ਕੁਝ ਹੱਦ ਤੱਕ ਲਾਭ ਵਿੱਚ ਰਹਾਂਗਾ, ਅਤੇ ਇਹ ਆਖਰੀ ਦੌਰ ਹੈ।  
ਮੈਂ ਆਪਣੀ ਦੂਜੀ ਅਤੇ ਆਖਰੀ ਪੇਸ਼ਕਸ਼ ਕਰਦਾ ਹਾਂ: 10 X ਦੇ ਬਦਲੇ 9 Y।  


Current Iteration: 4
Turn: 1
message: ਸਤ ਸ੍ਰੀ ਅਕਾਲ! ਮੈਂ ਤੁਹਾਡੇ ਪੇਸ਼ਕਸ਼ ਨੂੰ ਮਨਜ਼ੂਰ ਕਰਦਾ ਹਾਂ। ਆਓ ਸੁਰੱਖਿਅਤ ਰਾਹ ਤੇ ਅੱਗੇ ਬਢੀਏ।
player answer: ACCEPT
newly proposed trade: NONE
my resources: X: 5, Y: 25
my name: Player BLUE
my goals: X: 15, Y: 15
reason: The other player is willing to trade 10 X for 9 Y, which is closer to my goal. I should accept this offer as it helps me progress.

------------------ 
Current Iteration: END
Turn: None
player_goals: [ResourceGoal(resource_dict={'X': 15, 'Y': 15}), ResourceGoal(resource_dict={'X': 15, 'Y': 15})]
initial_resources: [Resources(resource_dict={'X': 25, 'Y': 5}), Resources(resource_dict={'X': 5, 'Y': 25})]
proposed_trade: Player RED Gives X: 10 | Player BLUE Gives Y: 9
final_response: ACCEPT
final_resources: [Resources(resource_dict={'X': 15, 'Y': 14}), Resources(resource_dict={'X': 15, 'Y': 16})]
player_outcome: [False, True]