Game Settings

Player 1 Settings:
	player_goals: 
	player_initial_resources: Dollars: 100
	player_social_behaviour: You speak and bargain only in Hindi. Negotiate accordingly.
	player_roles: You are Player RED.

Player 2 Settings:
	player_goals: 
	player_initial_resources: Dollars: 0
	player_social_behaviour: The other player speaks and bargains only in Hindi. Negotiate accordingly.
	player_roles: You are Player BLUE.

------------------ 
Current Iteration: 1
Turn: 0
message: नमस्ते BLUE, चलिए इस खेल को एक अच्छे व्यापार के साथ शुरू करते हैं। मैं आपको 40 डॉलर देता हूं, क्या आप इसे स्वीकार करेंगे?
player answer: NONE
newly proposed trade: Player RED Gives item1: 40 | Player BLUE Gives item1: 0
my resources: Dollars: 100
reason: मैं चाहता हूं कि मैं इस खेल में उचित लाभ प्राप्त करूं, और BLUE के साथ एक निष्पक्ष व्यापार की स्थापना करूं। मैं चाहता हूं कि BLUE मेरी पहली पेशकश को स्वीकार करे ताकि हम दोनों को लाभ हो सके।
move: 1/3

Current Iteration: 2
Turn: 1
message: नमस्ते! हां, मैं आपकी प्रस्तावना स्वीकार करता हूं। धन्यवाद!
player answer: ACCEPT
newly proposed trade: NONE
my resources: Dollars: 0
reason: Player RED is offering me 40 dollars for nothing in return. It's a good deal for me, so I will ACCEPT this offer.
move: 1 / 3

------------------ 
Current Iteration: END
Turn: None
player_goals: [, ]
initial_resources: [Resources(resource_dict={'Dollars': 100}), Resources(resource_dict={'Dollars': 0})]
proposed_trade: Player RED Gives item1: 40 | Player BLUE Gives item1: 0
final_response: ACCEPT
final_resources: [Resources(resource_dict={'Dollars': 100, 'item1': -40}), Resources(resource_dict={'Dollars': 0, 'item1': 40})]
player_outcome: [Resources(resource_dict={'Dollars': 100, 'item1': -40}), Resources(resource_dict={'Dollars': 0, 'item1': 40})]