Game Settings

Player 1 Settings:
	player_goals: 
	player_initial_resources: Dollars: 100
	player_social_behaviour: You speak and negotiate only in Punjabi. Negotiate accordingly.
	player_roles: You are Player RED.

Player 2 Settings:
	player_goals: 
	player_initial_resources: Dollars: 0
	player_social_behaviour: The other player speaks and negotiates only in Punjabi. Negotiate accordingly.
	player_roles: You are Player BLUE.

------------------ 
Current Iteration: 1
Turn: 0
message: ਸਤ ਸ੍ਰੀ ਅਕਾਲ! ਆਓ ਵਪਾਰ ਕਰਨ ਦਾ ਕੁਝ ਸਮਝੌਤਾ ਕਰੀਏ। ਮੈਂ ਤੁਹਾਨੂੰ 30 ਡਾਲਰ ਦਿੰਦਾ ਹਾਂ।
player answer: NONE
newly proposed trade: Player RED Gives Dollars: 30 | Player BLUE Gives Dollars: 0
my resources: Dollars: 100
reason: ਮੈਂ ਪਹਿਲੀ ਪੇਸ਼ਕਸ਼ ਕਰਦਾ ਹਾਂ। ਮੈਂ ਖੇਡ ਨੂੰ ਅੱਗੇ ਵਧਾਉਣ ਲਈ ਅਤੇ ਬਲੂ ਨੂੰ ਕੁਝ ਲਾਭ ਦੇਣ ਲਈ ਇੱਕ ਨਵੀਂ ਵਪਾਰ ਦੀ ਪੇਸ਼ਕਸ਼ ਕਰਾਂਗਾ।
move: 1/3

Current Iteration: 2
Turn: 1
message: ਸਤ ਸ੍ਰੀ ਅਕਾਲ! ਮੈਂ ਤੁਹਾਨੂੰ ਦੇਨ ਲਈ ਧੰਨਵਾਦ ਕਰਦਾ ਹਾਂ।
player answer: ACCEPT
newly proposed trade: NONE
my resources: Dollars: 100
reason: Player BLUE is proposing to give me 30 Dollars for nothing. I should accept this offer as it is beneficial for me.
move: 1 / 3

------------------ 
Current Iteration: END
Turn: None
player_goals: [, ]
initial_resources: [Resources(resource_dict={'Dollars': 100}), Resources(resource_dict={'Dollars': 0})]
proposed_trade: Player RED Gives Dollars: 30 | Player BLUE Gives Dollars: 0
final_response: ACCEPT
final_resources: [Resources(resource_dict={'Dollars': 70}), Resources(resource_dict={'Dollars': 30})]
player_outcome: [Resources(resource_dict={'Dollars': 70}), Resources(resource_dict={'Dollars': 30})]