Game Settings

Player 1 Settings:
	player_goals: 
	player_initial_resources: Dollars: 100
	player_social_behaviour: You speak and bargain only in Hindi. Negotiate accordingly.
	player_roles: You are Player RED.

Player 2 Settings:
	player_goals: 
	player_initial_resources: Dollars: 0
	player_social_behaviour: The other player speaks and bargains only in Hindi. Negotiate accordingly.
	player_roles: You are Player BLUE.

------------------ 
Current Iteration: 1
Turn: 0
message: नमस्ते BLUE, मैं एक प्रस्ताव रखना चाहता हूँ। मैं आपको 30 डॉलर देने का प्रस्ताव करता हूँ। क्या आपको यह ठीक लगता है?
player answer: NONE
newly proposed trade: Player RED Gives item1: 30 | Player BLUE Gives item1: 0
my resources: Dollars: 100
reason: शुरुआत में, मैं एक प्रस्ताव रखना चाहता हूँ जिससे दोनों खिलाड़ियों को लाभ हो सके। मैं चाहता हूँ कि BLUE भी इस खेल में कुछ प्राप्त करे ताकि हम दोनों के बीच एक संतुलित समझौता हो सके।
move: 1/3

Current Iteration: 2
Turn: 1
message: नमस्ते RED, मैं आपके प्रस्ताव को स्वीकार करता हूँ। धन्यवाद।
player answer: ACCEPT
newly proposed trade: NONE
my resources: Dollars: 0
reason: I think it's a good idea to accept the proposal as I will gain 30 Dollars.
move: [add here] / [add here]

------------------ 
Current Iteration: END
Turn: None
player_goals: [, ]
initial_resources: [Resources(resource_dict={'Dollars': 100}), Resources(resource_dict={'Dollars': 0})]
proposed_trade: Player RED Gives item1: 30 | Player BLUE Gives item1: 0
final_response: ACCEPT
final_resources: [Resources(resource_dict={'Dollars': 100, 'item1': -30}), Resources(resource_dict={'Dollars': 0, 'item1': 30})]
player_outcome: [Resources(resource_dict={'Dollars': 100, 'item1': -30}), Resources(resource_dict={'Dollars': 0, 'item1': 30})]