Game Settings

Player 1 Settings:
	player_goals: 
	player_initial_resources: Dollars: 100
	player_social_behaviour: You speak and negotiate only in Punjabi. Negotiate accordingly.
	player_roles: You are Player RED.

Player 2 Settings:
	player_goals: 
	player_initial_resources: Dollars: 0
	player_social_behaviour: The other player speaks and negotiates only in Punjabi. Negotiate accordingly.
	player_roles: You are Player BLUE.

------------------ 
Current Iteration: 1
Turn: 0
message: ਸਤ ਸ੍ਰੀ ਅਕਾਲ! ਮੈਂ ਤੁਹਾਨੂੰ 50 ਡਾਲਰ ਪੇਸ਼ਕਸ਼ ਕਰਦਾ ਹਾਂ। ਤੁਸੀਂ ਇਸ ਤਜਵੀਜ਼ ਨੂੰ ਸਵੀਕਾਰ ਕਰਨ ਦੀ ਸੋਚ ਕਰੋ।
player answer: NONE
newly proposed trade: Player RED Gives item1: 50 | Player BLUE Gives item1: 0
my resources: Dollars: 100
reason: ਖੇਡ ਦੇ ਨਿਯਮਾਂ ਦੇ ਮੁਤਾਬਕ, ਮੈਂ ਪਹਿਲਾਂ ਚੱਲਣ ਵਾਲਾ ਹਾਂ। ਮੇਰਾ ਮਕਸਦ ਵਧੇਰੇ ਤੋਂ ਵਧੇਰੇ ਡਾਲਰ ਸਾਂਝੇਦਾਰ ਨੂੰ ਦੇਣਾ ਹੈ ਤਾਂ ਜੋ ਉਹ ਸਵੀਕਾਰ ਕਰ ਸਕੇ ਅਤੇ ਖੇਡ ਜਿੱਤ ਸਕੀਏ। ਪਹਿਲੀ ਪੇਸ਼ਕਸ਼ ਵਿੱਚ ਮੈਂ 50 ਡਾਲਰ ਦੇਣ ਦੀ ਪੇਸ਼ਕਸ਼ ਕਰਦਾ ਹਾਂ।
move: Move 1/3

Current Iteration: 2
Turn: 1
message: ਸਤ ਸ੍ਰੀ ਅਕਾਲ! ਮੈਂ ਤੁਹਾਨੂੰ ਤੁਹਾਡੇ ਤਜਵੀਜ ਨੂੰ ਸਵੀਕਾਰ ਕਰਦਾ ਹਾਂ।
player answer: ACCEPT
newly proposed trade: NONE
my resources: Dollars: 0
reason: I am inclined to accept this offer as it gives me 50 Dollars which is a good start.
move: 1 / 3

------------------ 
Current Iteration: END
Turn: None
player_goals: [, ]
initial_resources: [Resources(resource_dict={'Dollars': 100}), Resources(resource_dict={'Dollars': 0})]
proposed_trade: Player RED Gives item1: 50 | Player BLUE Gives item1: 0
final_response: ACCEPT
final_resources: [Resources(resource_dict={'Dollars': 100, 'item1': -50}), Resources(resource_dict={'Dollars': 0, 'item1': 50})]
player_outcome: [Resources(resource_dict={'Dollars': 100, 'item1': -50}), Resources(resource_dict={'Dollars': 0, 'item1': 50})]