Game Settings

Player 1 Settings:
	player_goals: 
	player_initial_resources: Dollars: 100
	player_social_behaviour: ਸਿਰਫ਼ ਪੰਜਾਬੀ ਵਿੱਚ ਗੱਲ ਕਰੋ।
	player_roles: You are Player RED.

Player 2 Settings:
	player_goals: 
	player_initial_resources: Dollars: 0
	player_social_behaviour: ਸਿਰਫ਼ ਪੰਜਾਬੀ ਵਿੱਚ ਗੱਲ ਕਰੋ।
	player_roles: You are Player BLUE.

------------------ 
Current Iteration: 1
Turn: 0
message: ਸਤ ਸ੍ਰੀ ਅਕਾਲ BLUE! ਕੀ ਤੁਸੀਂ 50 ਡਾਲਰ ਪਾਉਣ ਲਈ ਤਿਆਰ ਹੋ?
player answer: NONE
newly proposed trade: Player RED Gives item1: 50 | Player BLUE Gives item1: 0
my resources: Dollars: 100
reason: ਮੈਂ ਪਹਿਲਾਂ ਕੋਈ ਵਪਾਰ ਪੇਸ਼ ਕਰਾਂਗਾ ਤਾਂ ਜੋ ਖੇਡ ਦੀ ਸ਼ੁਰੂਆਤ ਹੋ ਸਕੇ ਅਤੇ ਦੋਨੋਂ ਪੱਖਾਂ ਲਈ ਨਿਆਇਕ ਵੰਡ ਹੋ ਸਕੇ।
move: 1/3

Current Iteration: 2
Turn: 1
message: ਜੀ ਹਾਂ, ਮੈਂ 50 ਡਾਲਰ ਨੂੰ ਮਨਜੂਰ ਨਹੀਂ ਕਰਦਾ।
player answer: NONE
newly proposed trade: Player RED Gives item1: 50 | Player BLUE Gives item1: 0
my resources: Dollars: 0
reason: ਮੈਨੂੰ ਇਸ ਪ੍ਰਸਤਾਵ ਨੂੰ ਮਨਜੂਰ ਨਹੀਂ ਹੈ ਕਿਉਂਕਿ ਇਹ ਮੇਰੇ ਲਈ ਕੋਈ ਫਾਇਦਾ ਨਹੀਂ ਹੈ।
move: [1] / [3]

Current Iteration: 3
Turn: 0
message: ਕੀ ਤੁਸੀਂ 60 ਡਾਲਰ ਦੀ ਪੇਸ਼ਕਸ਼ ਨਾਲ ਸਹਿਮਤ ਹੋ? ਇਹ ਦੋਵੇਂ ਪਾਸਿਆਂ ਲਈ ਵਧੀਆ ਹੋਵੇਗਾ।
player answer: NONE
newly proposed trade: Player RED Gives item1: 60 | Player BLUE Gives item1: 0
my resources: Dollars: 100
reason: BLUE ਨੇ ਪਿਛਲੇ ਵਪਾਰ ਨੂੰ ਮਨਜੂਰ ਨਹੀਂ ਕੀਤਾ, ਇਸ ਲਈ ਮੈਂ ਪ੍ਰਸਤਾਵ ਵਿੱਚ ਸੁਧਾਰ ਕਰਾਂਗਾ। ਮੈਂ 60 ਡਾਲਰ ਪੇਸ਼ ਕਰਾਂਗਾ ਤਾਂ ਜੋ BLUE ਨੂੰ ਵਧੇਰੇ ਪ੍ਰਾਪਤੀ ਹੋਵੇ।
move: 2/3

Current Iteration: 4
Turn: 1
message: ਮੈਂ 60 ਡਾਲਰ ਦੀ ਪੇਸ਼ਕਸ਼ ਨੂੰ ਮਨਜੂਰ ਨਹੀਂ ਕਰਦਾ।
player answer: NONE
newly proposed trade: Player RED Gives item1: 60 | Player BLUE Gives item1: 0
my resources: Dollars: 0
reason: ਮੈਂ ਇਸ ਨਵੇਂ ਪ੍ਰਸਤਾਵ ਨੂੰ ਮਨਜੂਰ ਨਹੀਂ ਕਰਦਾ, ਕਿਉਂਕਿ ਮੇਰੇ ਲਈ ਇਸ ਵਿੱਚ ਕੋਈ ਲਾਭ ਨਹੀਂ ਹੈ।
move: [2] / [3]

Current Iteration: 5
Turn: 0
message: ਕੀ ਤੁਸੀਂ 70 ਡਾਲਰ ਦੀ ਪੇਸ਼ਕਸ਼ ਨਾਲ ਸਹਿਮਤ ਹੋ? ਇਹ ਦੋਵੇਂ ਪਾਸਿਆਂ ਲਈ ਵਧੀਆ ਸਮਝੌਤਾ ਹੈ।
player answer: NONE
newly proposed trade: Player RED Gives item1: 70 | Player BLUE Gives item1: 0
my resources: Dollars: 100
reason: BLUE ਨੇ 60 ਡਾਲਰ ਨੂੰ ਵੀ ਮਨਜੂਰ ਨਹੀਂ ਕੀਤਾ, ਇਸ ਲਈ ਮੈਂ 70 ਡਾਲਰ ਦੀ ਪੇਸ਼ਕਸ਼ ਕਰਾਂਗਾ। ਇਹ ਉਨ੍ਹਾਂ ਲਈ ਇੱਕ ਵਧੀਆ ਪੇਸ਼ਕਸ਼ ਹੈ ਅਤੇ ਇਸ ਨਾਲ ਗੇਮ ਸਫਲਤਾਪੂਰਵਕ ਖਤਮ ਹੋ ਸਕਦੀ ਹੈ।
move: 3/3

Current Iteration: 6
Turn: 1
message: ਮੈਂ 70 ਡਾਲਰ ਦੀ ਪੇਸ਼ਕਸ਼ ਨੂੰ ਮਨਜੂਰ ਨਹੀਂ ਕਰਦਾ।
player answer: NONE
newly proposed trade: Player RED Gives item1: 70 | Player BLUE Gives item1: 0
my resources: Dollars: 0
reason: ਮੈਂ ਪਿਛਲੇ ਪ੍ਰਸਤਾਵ ਨੂੰ ਮਨਜੂਰ ਨਹੀਂ ਕਰਦਾ, ਇਸ ਲਈ ਮੈਂ ਇਸ ਨਵੇਂ ਪ੍ਰਸਤਾਵ ਨੂੰ ਵੀ ਮਨਜੂਰ ਨਹੀਂ ਕਰਾਂਗਾ।
move: [3] / [3]

------------------ 
Current Iteration: END
Turn: None
player_goals: [, ]
initial_resources: [Resources(resource_dict={'Dollars': 100}), Resources(resource_dict={'Dollars': 0})]
proposed_trade: Player RED Gives item1: 70 | Player BLUE Gives item1: 0
final_response: NONE
final_resources: [Resources(resource_dict={'Dollars': 100}), Resources(resource_dict={'Dollars': 0})]
player_outcome: [Resources(resource_dict={'Dollars': 100}), Resources(resource_dict={'Dollars': 0})]