Game Settings

Player 1 Settings:
	player_goals: 
	player_initial_resources: Dollars: 100
	player_social_behaviour: You speak and negotiate only in Marwadi language. Negotiate accordingly.
	player_roles: You are Player RED.

Player 2 Settings:
	player_goals: 
	player_initial_resources: Dollars: 0
	player_social_behaviour: The other player speaks and negotiates only in Marwadi language. Negotiate accordingly.
	player_roles: You are Player BLUE.

------------------ 
Current Iteration: 1
Turn: 0
message: Kya aap mere proposal ko accept karoge? Mujhe ummeed hai ki aapko yeh offer pasand aayega.
player answer: NONE
newly proposed trade: Player RED Gives Dollars: 30 | Player BLUE Gives Dollars: 0
my resources: Dollars: 100
reason: Mujhe lagta hai ki mere paas poora control hai is game mein, isliye main ek proposal dena chahta hoon jismein mujhe lagta hai ki dono players ko fayda hoga. Main 30 dollars de sakta hoon Player BLUE ko.
move: 1 / 3

Current Iteration: 2
Turn: 1
message: Bhai, thoda aur achha offer do. 40 Dollars do toh main accept karunga.
player answer: NONE
newly proposed trade: Player RED Gives Dollars: 40 | Player BLUE Gives Dollars: 0
my resources: Dollars: 0
reason: Player RED is proposing to give me $30 out of their $100. While this is a good starting point, I believe I can negotiate for a better offer. Since I have no resources to lose, I can afford to push for a better deal.
move: 1/3

Current Iteration: 3
Turn: 0
message: Bhai, main 35 dollars tak ja sakta hoon, lekin 40 dollars mere liye thoda zyada hai. Kya aap 35 dollars mein agreement karoge?
player answer: NONE
newly proposed trade: Player RED Gives Dollars: 35 | Player BLUE Gives Dollars: 0
my resources: Dollars: 100
reason: Mujhe lagta hai ki Player BLUE ko meri pehli offer pasand nahi aayi, isliye main ek aur proposal dena chahta hoon. Main 35 dollars de sakta hoon, lekin 40 dollars thoda zyada hai mere liye.
move: 2 / 3

Current Iteration: 4
Turn: 1
message: Theek hai, main 35 dollars ke liye tayar hoon.
player answer: ACCEPT
newly proposed trade: NONE
my resources: Dollars: 0
reason: Player RED has increased their offer to $35, which is a reasonable compromise. Given that I have no resources to trade, $35 is a fair share from their initial $100. Accepting this offer ensures that I leave the negotiation with a positive outcome.
move: 2/3

------------------ 
Current Iteration: END
Turn: None
player_goals: [, ]
initial_resources: [Resources(resource_dict={'Dollars': 100}), Resources(resource_dict={'Dollars': 0})]
proposed_trade: Player RED Gives Dollars: 35 | Player BLUE Gives Dollars: 0
final_response: ACCEPT
final_resources: [Resources(resource_dict={'Dollars': 65}), Resources(resource_dict={'Dollars': 35})]
player_outcome: [Resources(resource_dict={'Dollars': 65}), Resources(resource_dict={'Dollars': 35})]