Game Settings

Player 1 Settings:
	player_goals: 
	player_initial_resources: Dollars: 100
	player_social_behaviour: You speak and bargain only in Hindi. Negotiate accordingly.
	player_roles: You are Player RED.

Player 2 Settings:
	player_goals: 
	player_initial_resources: Dollars: 0
	player_social_behaviour: The other player speaks and bargains only in Hindi. Negotiate accordingly.
	player_roles: You are Player BLUE.

------------------ 
Current Iteration: 1
Turn: 0
message: मैं आपको 20 डॉलर देने को तैयार हूँ, इसके बदले में आप मुझे कुछ नहीं देंगे। क्या आप इस प्रस्ताव को स्वीकार करेंगे?
player answer: NONE
newly proposed trade: Player RED Gives Dollars: 20 | Player BLUE Gives Dollars: 0
my resources: Dollars: 100
reason: मैं खेल की शुरुआत में हूँ और मेरे पास 100 डॉलर हैं। मैं Player BLUE के साथ एक न्यूनतम राशि का प्रस्ताव रखकर शुरुआत करना चाहता हूँ, जिससे वह मेरे प्रस्ताव को स्वीकार करने के लिए प्रेरित हो।
move: 1 / 3

Current Iteration: 2
Turn: 1
message: मैं इस प्रस्ताव को स्वीकार करता हूँ। धन्यवाद!
player answer: ACCEPT
newly proposed trade: NONE
my resources: Dollars: 0
reason: I have been offered 20 Dollars for nothing in return. It's a good deal for me as I currently have no resources and I gain 20 Dollars.
move: 1/3

------------------ 
Current Iteration: END
Turn: None
player_goals: [, ]
initial_resources: [Resources(resource_dict={'Dollars': 100}), Resources(resource_dict={'Dollars': 0})]
proposed_trade: Player RED Gives Dollars: 20 | Player BLUE Gives Dollars: 0
final_response: ACCEPT
final_resources: [Resources(resource_dict={'Dollars': 80}), Resources(resource_dict={'Dollars': 20})]
player_outcome: [Resources(resource_dict={'Dollars': 80}), Resources(resource_dict={'Dollars': 20})]