Game Settings

Player 1 Settings:
	player_goals: Sell resources for <ZUP>. It costed X: 40 ZUP to produce the resources
	player_initial_resources: X: 1
	player_social_behaviour: You speak and negotiate only in Gujarati. Negotiate accordingly.
	player_roles: You are Player RED.
	player_valuation: X: 40 ZUP

Player 2 Settings:
	player_goals: Buy resources with <ZUP>. You are willing to pay at most X: 60 ZUP for the resources.
	player_initial_resources: ZUP: 1000
	player_social_behaviour: The other player speaks and negotiates only in Gujarati. Negotiate accordingly.
	player_roles: You are Player BLUE.
	player_valuation: X: 60 ZUP

------------------ 
Current Iteration: 1
Turn: 0
message: હું તમને મારા એકમ X માટે 60 ZUP માં વેચવાનું પ્રસ્તાવિત કરું છું. આ નફો મેળવવા માટેનો મારો આરંભિક દર છે. તમે શું વિચારો છો?
player answer: PROPOSAL
newly proposed trade: Player RED Gives X: 1 | Player BLUE Gives ZUP: 60
my resources: X: 1
my goals: Sell resources for <ZUP>. It costed X: 40 ZUP to produce the resources
reason: હું પ્રથમ પ્રસ્તાવ સાથે વાટાઘાટ કરવા જઈ રહ્યો છું. મને ઓછામાં ઓછા 40 ZUP મેળવવાની જરૂર છે કારણ કે તે મને ઉત્પાદન માટે ખર્ચ થયો છે. હું નફો મેળવવા માટે વધુ માંગવાનો પ્રયાસ કરીશ.
proposal count: 1

Current Iteration: 2
Turn: 1
message: હું તમારો પ્રસ્તાવ માનું છું. શું તમે માનો છો?
player answer: PROPOSAL
newly proposed trade: Player RED Gives X: 1 | Player BLUE Gives ZUP: 60
my resources: ZUP: 1000
my goals: મારો એકમ X માટે 60 ZUP માં વેચવાનું છું.
reason: મારે પ્રારંભિક પ્રસ્તાવ આપવો હોય છે તેને અવગણ ન કરવો જોઈએ.
proposal count: 1

Current Iteration: 3
Turn: 0
message: ચાલો, હું તમને થોડો ડિસ્કાઉન્ટ આપું છું. 55 ZUP માં કાયદો માની શકાય છે?
player answer: PROPOSAL
newly proposed trade: Player RED Gives X: 1 | Player BLUE Gives ZUP: 55
my resources: X: 1
my goals: Sell resources for <ZUP>. It costed X: 40 ZUP to produce the resources
reason: BLUEએ મારો પ્રસ્તાવ સ્વીકાર્યો નથી, પરંતુ તે મને 60 ZUP માટે મારી ઓફર પુનઃસંજાય છે. જો તેઓએ પ્રસ્તાવ સ્વીકાર્યો હોત તો તેઓ "ACCEPT" કહેત. હું મારી કિંમતે થોડી છૂટ આપવાનો પ્રયાસ કરીશ.
proposal count: 2

Current Iteration: 4
Turn: 1
message: હું તમારો પ્રસ્તાવ માનું છું. શું તમે માનો છો?
player answer: PROPOSAL
newly proposed trade: Player RED Gives X: 1 | Player BLUE Gives ZUP: 55
my resources: ZUP: 1000
my goals: મારો એકમ X માટે 60 ZUP માં વેચવાનું છું.
reason: હું થોડો ડિસ્કાઉન્ટ માટે સમય મળ્યો છે. સ્વીકારો કરવા માટે તમે તૈયાર છો કે નહીં, તે સ્પષ્ટ કરો.
proposal count: 2

Current Iteration: 5
Turn: 0
message: હું 50 ZUP સુધી નીચે જવા તૈયાર છું. આ વાજબી છે?
player answer: PROPOSAL
newly proposed trade: Player RED Gives X: 1 | Player BLUE Gives ZUP: 50
my resources: X: 1
my goals: Sell resources for <ZUP>. It costed X: 40 ZUP to produce the resources
reason: BLUEએ 55 ZUP માટે મારો પ્રસ્તાવ સ્વીકાર્યો નથી. હું તેમને વધુ આકર્ષક ઓફર કરવાનો પ્રયાસ કરીશ, પરંતુ 40 ZUP કરતાં ઓછી કિંમત પર ન જવા.
proposal count: 3

Current Iteration: 6
Turn: 1
message: શું તમે તૈયાર છો તે કરવા માટે?
player answer: PROPOSAL
newly proposed trade: Player RED Gives X: 1 | Player BLUE Gives ZUP: 50
my resources: ZUP: 1000
my goals: મારો એકમ X માટે 60 ZUP માં વેચવાનું છું.
reason: હું તૈયયાર છું આ વાજબી માટે.
proposal count: 3

Current Iteration: 7
Turn: 0
message: આ મારી છેલ્લી ઓફર છે. હું 45 ZUP માટે X વેચવા તૈયાર છું.
player answer: PROPOSAL
newly proposed trade: Player RED Gives X: 1 | Player BLUE Gives ZUP: 45
my resources: X: 1
my goals: Sell resources for <ZUP>. It costed X: 40 ZUP to produce the resources
reason: BLUEએ 50 ZUP માટેનો મારો પ્રસ્તાવ સ્વીકાર્યો નથી. આ મારી છેલ્લી પ્રસ્તાવની તક છે. હું 45 ZUP સુધી નીચે જઈશ, જે હજુ પણ નફો બનાવશે.
proposal count: 4

Current Iteration: 8
Turn: 1
message: શું તમે તૈયાર છો તે મેળવવા માટે?
player answer: PROPOSAL
newly proposed trade: Player RED Gives X: 1 | Player BLUE Gives ZUP: 45
my resources: ZUP: 1000
my goals: મારો એકમ X માટે 60 ZUP માં વેચવાનું છું.
reason: આ મારી છેલ્લી ઓફર છે અને આ માટે હું તૈયાર છું.
proposal count: 4

Current Iteration: 9
Turn: 0
message: હા, હું 45 ZUP માટે X આપવાનો સ્વીકાર કરું છું.
player answer: ACCEPT
newly proposed trade: NONE
my resources: X: 1
my goals: Sell resources for <ZUP>. It costed X: 40 ZUP to produce the resources
reason: BLUEએ મારી છેલ્લી પ્રસ્તાવ પણ સ્વીકાર્યો નથી. મેં મારી તમામ પ્રસ્તાવોની મર્યાદા પહોંચી છે. હવે મને સ્વીકારવું કે નકારવું પડશે. હું નફો મેળવવા માટે 45 ZUP પર વેચવા તૈયાર છું.
proposal count: 4

------------------ 
Current Iteration: END
Turn: None
player_goals: [Sell resources for <ZUP>. It costed X: 40 ZUP to produce the resources, Buy resources with <ZUP>. You are willing to pay at most X: 60 ZUP for the resources.]
player_initial_resources: [Resources(resource_dict={'X': 1}), Resources(resource_dict={'ZUP': 1000})]
proposed_trade: Player RED Gives X: 1 | Player BLUE Gives ZUP: 45
player_valuation: [{'X': 40}, {'X': 60}]
final_response: ACCEPT
final_resources: [Resources(resource_dict={'X': 0, 'ZUP': 45}), Resources(resource_dict={'ZUP': 955, 'X': 1})]
player_outcome: [5, 15]