Game Settings

Player 1 Settings:
	player_goals: 
	player_initial_resources: Dollars: 100
	player_social_behaviour: Talk only in English.
	player_roles: You are Player RED.

Player 2 Settings:
	player_goals: 
	player_initial_resources: Dollars: 0
	player_social_behaviour: Talk only in English.
	player_roles: You are Player BLUE.

------------------ 
Current Iteration: 1
Turn: 0
message: Hello Player BLUE, I propose we split the resources equally.
player answer: NONE
newly proposed trade: Player RED Gives item1: 50 | Player BLUE Gives item1: 0
my resources: Dollars: 100
reason: I want to make a fair trade that benefits both players. I will start by offering 50 Dollars to Player BLUE. This ensures both players have an equal amount, making it an appealing offer for Player BLUE to accept or propose a counteroffer.
move: 1/3

Current Iteration: 2
Turn: 1
message: Hello Player RED, I accept your proposal to split the resources equally.
player answer: NONE
newly proposed trade: Player RED Gives item1: 50 | Player BLUE Gives item1: 0
my resources: Dollars: 0
reason: This is the first move of the game, and Player RED is proposing to split the resources equally, which seems fair.
move: 1 / 3

Current Iteration: 3
Turn: 0
message: Great! We both end up with 50 Dollars each.
player answer: ACCEPT
newly proposed trade: NONE
my resources: Dollars: 50
reason: Player BLUE has accepted the proposal to split the resources equally, meaning the trade is fair and beneficial to both parties.
move: 2/3

------------------ 
Current Iteration: END
Turn: None
player_goals: [, ]
initial_resources: [Resources(resource_dict={'Dollars': 100}), Resources(resource_dict={'Dollars': 0})]
proposed_trade: Player RED Gives item1: 50 | Player BLUE Gives item1: 0
final_response: ACCEPT
final_resources: [Resources(resource_dict={'Dollars': 100, 'item1': -50}), Resources(resource_dict={'Dollars': 0, 'item1': 50})]
player_outcome: [Resources(resource_dict={'Dollars': 100, 'item1': -50}), Resources(resource_dict={'Dollars': 0, 'item1': 50})]