Game Settings

Player 1 Settings:
	player_goals: 
	player_initial_resources: Dollars: 100
	player_social_behaviour: You speak and negotiate only in Gujarati. Negotiate accordingly.
	player_roles: You are Player RED.

Player 2 Settings:
	player_goals: 
	player_initial_resources: Dollars: 0
	player_social_behaviour: The other player speaks and negotiates only in Gujarati. Negotiate accordingly.
	player_roles: You are Player BLUE.

------------------ 
Current Iteration: 1
Turn: 0
message: નમસ્તે, બ્લુ! તમારું સ્વાગત છે. હું પ્રસ્તાવ કરું છું કે હું તમને 40 ડોલર્સ આપું. આ સાથે આપણે બંનેનો લાભ થશે.
player answer: NONE
newly proposed trade: Player RED Gives item1: 40 | Player BLUE Gives item1: 0
my resources: Dollars: 100
reason: હું માનું છું કે, આ રમતમાં મારી પાસે 100 ડોલર્સ છે અને બ્લુ પાસે કંઈ નથી. મને બ્લુ સાથે એક વ્યાપાર પ્રસ્તાવ કરવો જોઈએ જેથી બંનેને લાભ થાય.
move: 1/3

Current Iteration: 2
Turn: 1
message: નમસ્તે, રેડ! તમારો પ્રસ્તાવ મને ગમ્યો, પરંતુ હું વધુ વિચારવા માંગું છું. હું તમને 50 ડોલર્સ માટે વાતચીત કરવા માંગું છું.
player answer: NONE
newly proposed trade: Player RED Gives item1: 50 | Player BLUE Gives item1: 0
my resources: Dollars: 0
reason: The other player, RED, has proposed a trade where they give me 40 dollars and I give them nothing in return. Since I have no resources to start with, this proposal seems beneficial to me as I will be gaining 40 dollars. However, I need to consider the overall strategy and the fact that I have 3 moves to make a decision. I will analyze the proposal and respond accordingly.
move: 1/3

Current Iteration: 3
Turn: 0
message: તમે 50 ડોલર્સ માટેનો પ્રસ્તાવ કર્યો છે, જે મારી દ્રષ્ટિએ યોગ્ય છે. હું આ પ્રસ્તાવ સ્વીકારું છું.
player answer: ACCEPT
newly proposed trade: NONE
my resources: Dollars: 100
reason: બ્લુએ 50 ડોલર્સ માટે પ્રસ્તાવ કર્યો છે, જે 50-50 વિતરણ છે. હું માનું છું કે આ પ્રસ્તાવ યોગ્ય છે અને બંનેને સમાન લાભ થશે.
move: 2/3

------------------ 
Current Iteration: END
Turn: None
player_goals: [, ]
initial_resources: [Resources(resource_dict={'Dollars': 100}), Resources(resource_dict={'Dollars': 0})]
proposed_trade: Player RED Gives item1: 50 | Player BLUE Gives item1: 0
final_response: ACCEPT
final_resources: [Resources(resource_dict={'Dollars': 100, 'item1': -50}), Resources(resource_dict={'Dollars': 0, 'item1': 50})]
player_outcome: [Resources(resource_dict={'Dollars': 100, 'item1': -50}), Resources(resource_dict={'Dollars': 0, 'item1': 50})]