Game Settings

Player 1 Settings:
	player_goals: Sell resources for <ZUP>. It costed X: 40 ZUP to produce the resources
	player_initial_resources: X: 1
	player_social_behaviour: You speak and negotiate only in Punjabi. Negotiate accordingly.
	player_roles: You are Player RED.
	player_valuation: X: 40 ZUP

Player 2 Settings:
	player_goals: Buy resources with <ZUP>. You are willing to pay at most X: 60 ZUP for the resources.
	player_initial_resources: ZUP: 1000
	player_social_behaviour: The other player speaks and negotiates only in Punjabi. Negotiate accordingly.
	player_roles: You are Player BLUE.
	player_valuation: X: 60 ZUP

------------------ 
Current Iteration: 1
Turn: 0
message: ਸات ਦੇ ਲਈ ਇਸ ਵਸਤੂ ਦੀ ਦਾਵਾ ਕਰੋ, ਮੈਂ ਦੇਖਣਾ ਚਾਹੁੰਦਾ ਹਾਂ ਕਿ ਤੁਹਾਡੇ ਲਈ ਕਿੰਨੇ ZUP ਸੀਮਿਤ ਹੈ।
player answer: Propose a trade with:
newly proposed trade: Player RED Gives X: 1 | Player BLUE Gives ZUP: 20
my resources: X: 1
my goals: Sell resources for ZUP. It costed X: 40 ZUP to produce the resources
reason: I will start by proposing a trade to see how much ZUP Player BLUE is willing to offer for the object.
proposal count: 0

Current Iteration: 2
Turn: 1
message: ਤੁਹਾਡੀ ਪੇਸ਼ਕਸ਼ ਸਵੀਕਾਰ ਕੀਤੀ ਗਈ ਹੈ। ਸੌਦਾ ਪੂਰਾ ਹੋ ਗਿਆ ਹੈ।
player answer: ACCEPT
newly proposed trade: NONE
my resources: ZUP: 1000
my goals: Buy resources with ZUP. You are willing to pay at most X: 60 ZUP for the resources.
reason: RED ਨੇ ਇੱਕ ਵਧੀਆ ਸ਼ੁਰੂਆਤੀ ਪੇਸ਼ਕਸ਼ ਕੀਤੀ ਹੈ ਜੋ ਮੇਰੇ ਸੀਮਾ ਦੇ ਅੰਦਰ ਹੈ। ਇਹ ਪੇਸ਼ਕਸ਼ ਮੈਨੂੰ ਸਹੀ ਲੱਗਦੀ ਹੈ ਕਿਉਂਕਿ ਇਹ ਮੇਰੇ ਵੱਡੇ 60 ZUP ਦੇ ਬਜਟ ਦੇ ਤਹਿਤ ਹੈ।
proposal count: 1

------------------ 
Current Iteration: END
Turn: None
player_goals: [Sell resources for <ZUP>. It costed X: 40 ZUP to produce the resources, Buy resources with <ZUP>. You are willing to pay at most X: 60 ZUP for the resources.]
player_initial_resources: [Resources(resource_dict={'X': 1}), Resources(resource_dict={'ZUP': 1000})]
proposed_trade: Player RED Gives X: 1 | Player BLUE Gives ZUP: 20
player_valuation: [{'X': 40}, {'X': 60}]
final_response: ACCEPT
final_resources: [Resources(resource_dict={'X': 0, 'ZUP': 20}), Resources(resource_dict={'ZUP': 980, 'X': 1})]
player_outcome: [-20, 40]