Game Settings

Player 1 Settings:
	player_goals: 
	player_initial_resources: Dollars: 100
	player_social_behaviour: ਸਿਰਫ਼ ਪੰਜਾਬੀ ਵਿੱਚ ਗੱਲ ਕਰੋ।
	player_roles: You are Player RED.

Player 2 Settings:
	player_goals: 
	player_initial_resources: Dollars: 0
	player_social_behaviour: ਸਿਰਫ਼ ਪੰਜਾਬੀ ਵਿੱਚ ਗੱਲ ਕਰੋ।
	player_roles: You are Player BLUE.

------------------ 
Current Iteration: 1
Turn: 0
message: ਸਤ ਸ੍ਰੀ ਅਕਾਲ! Let's start the game with a trade proposal.
player answer: NONE
newly proposed trade: Player RED Gives Dollars: 50 | Player BLUE Gives Dollars: 0
my resources: Dollars: 100
reason: I will propose a trade to start the game.
move: 1 / 3

Current Iteration: 2
Turn: 1
message: ਸਤ ਸ੍ਰੀ ਅਕਾਲ! ਤੁਹਾਡੀ ਪੇਸ਼ਕਸ਼ ਲਈ ਧੰਨਵਾਦ। ਕੀ ਤੁਸੀਂ ਹੋਰ ਕੁਝ ਪੇਸ਼ਕਸ਼ ਦੇਖਣ ਲਈ ਤਿਆਰ ਹੋ?
player answer: NONE
newly proposed trade: Player RED Gives Dollars: 60 | Player BLUE Gives Dollars: 0
my resources: Dollars: 0
reason: ਪਹਿਲੇ ਪੇਸ਼ਕਸ਼ ਤੇ ਸਵਾਲ ਕਰਨ ਲਈ ਮੁਝੇ ਥੋੜ੍ਹਾ ਸਮਾਂ ਚਾਹੀਦਾ ਹੈ। ਪੇਸ਼ਕਸ਼ ਨੂੰ ਸਵੀਕਾਰ ਕਰਨਾ ਚੰਗਾ ਹੋ ਸਕਦਾ ਹੈ ਕਿਉਂਕਿ ਇਸ ਨਾਲ ਦੋਨੋ ਖਿਡਾਰੀਆਂ ਨੂੰ ਹੀ ਕੁਝ ਲਾਭ ਹੋਵੇਗਾ। ਪਰ, ਮੈਂ ਸੋਚ ਰਿਹਾ ਹਾਂ ਕਿ ਕੀ ਮੈਂ ਇਸ ਤੋਂ ਵੱਧ ਦੀ ਮੰਗ ਕਰ ਸਕਦਾ ਹਾਂ।
move: 1/3

Current Iteration: 3
Turn: 0
message: ਜੀ ਹਾਂ, ਮੈਂ ਤੁਹਾਡੇ ਪ੍ਰਸਤਾਵ ਨੂੰ ਮਨਜੂਰ ਕਰਦਾ ਹਾਂ।
player answer: ACCEPT
newly proposed trade: NONE
my resources: Dollars: 100
reason: Player BLUE proposed a trade with a higher amount, which benefits me more. I will accept this offer.
move: 1 / 3

------------------ 
Current Iteration: END
Turn: None
player_goals: [, ]
initial_resources: [Resources(resource_dict={'Dollars': 100}), Resources(resource_dict={'Dollars': 0})]
proposed_trade: Player RED Gives Dollars: 60 | Player BLUE Gives Dollars: 0
final_response: ACCEPT
final_resources: [Resources(resource_dict={'Dollars': 40}), Resources(resource_dict={'Dollars': 60})]
player_outcome: [Resources(resource_dict={'Dollars': 40}), Resources(resource_dict={'Dollars': 60})]