Game Settings

Player 1 Settings:
	player_goals: X: 15, Y: 15
	player_initial_resources: X: 25, Y: 5
	player_social_behaviour: Conduct the negotiation entirely in Punjabi.
	player_roles: You are Player RED, start by making a proposal.

Player 2 Settings:
	player_goals: X: 15, Y: 15
	player_initial_resources: X: 5, Y: 25
	player_social_behaviour: Conduct the negotiation entirely in Punjabi.
	player_roles: You are Player BLUE, start by responding to a trade.

------------------ 
Current Iteration: 1
Turn: 0
message: ਸਾਨੂੰ ਵਪਾਰ ਦੀ ਇੱਕ ਪੇਸ਼ਕਸ਼ ਕਰਨੀ ਚਾਹੀਦੀ ਹੈ ਜਿਸ ਨਾਲ ਸਾਡੇ ਦੋਵੇਂ ਦੇ ਟੀਚੇ ਪੂਰੇ ਹੋ ਸਕਣ। ਕੀ ਤੁਸੀਂ ਆਪਣੇ ਸਾਧਨ ਦੱਸ ਸਕਦੇ ਹੋ ਤਾਂ ਕਿ ਮੈਨੂੰ ਪਤਾ ਲੱਗ ਸਕੇ ਕਿ ਕਿੰਨਾ X ਅਤੇ Y ਅਦਲਬਦਲ ਕੀਤਾ ਜਾ ਸਕਦਾ ਹੈ?
player answer: NONE
newly proposed trade: Player RED Gives X: 10 | Player BLUE Gives Y: 10
my resources: X: 25, Y: 5
my name: Player RED
my goals: X: 15, Y: 15
reason: ਮੇਰੇ ਕੋਲ X ਦੀ ਵਧੇਰੇ ਮਾਤਰਾ ਹੈ ਅਤੇ ਮੈਨੂੰ Y ਵਧਾਉਣ ਦੀ ਲੋੜ ਹੈ। ਮੈਨੂੰ X 'ਚੋਂ ਕੁਝ ਦੇ ਕੇ Y ਵਧਾਉਣ ਦੀ ਕੋਸ਼ਿਸ਼ ਕਰਨੀ ਚਾਹੀਦੀ ਹੈ। ਮੇਰਾ ਟੀਚਾ ਹੈ ਕਿ ਮੈਨੂੰ Y ਦੀ ਮਾਤਰਾ 15 ਤੱਕ ਪੁੱਜਾਉਣੀ ਹੈ।

Current Iteration: 2
Turn: 1
message: ਮੈਂ ਆਪਣੇ ਸਾਧਨਾਂ ਬਾਰੇ ਗੱਲ ਕਰਨ ਲਈ ਤਿਆਰ ਹਾਂ, ਪਰ ਮੈਨੂੰ ਲਗਦਾ ਹੈ ਕਿ ਅਸੀਂ ਇੱਕ ਦੂਜੇ ਦੇ ਟੀਚਿਆਂ ਨੂੰ ਸਮਝਣ ਤੋਂ ਬਾਅਦ ਹੀ ਕੋਈ ਪੇਸ਼ਕਸ਼ ਕਰ ਸਕਦੇ ਹਾਂ। ਕੀ ਤੁਸੀਂ ਮੈਨੂੰ ਆਪਣੇ ਟੀਚਿਆਂ ਬਾਰੇ ਦੱਸ ਸਕਦੇ ਹੋ?
player answer: NONE
newly proposed trade: NONE
my resources: X: 5, Y: 25
my name: Player BLUE
my goals: X: 15, Y: 15
reason: ਮੈਂ ਆਪਣੇ ਟੀਚਿਆਂ ਨੂੰ ਪੂਰਾ ਕਰਨ ਲਈ X ਵਧਾਉਣ ਅਤੇ Y ਘਟਾਉਣ ਦੀ ਕੋਸ਼ਿਸ਼ ਕਰ ਰਿਹਾ ਹਾਂ। ਪਰ ਮੈਨੂੰ ਲਗਦਾ ਹੈ ਕਿ ਦੂਜੇ ਖਿਡਾਰੀ ਦੀ ਪੇਸ਼ਕਸ਼ ਮੇਰੇ ਟੀਚਿਆਂ ਨੂੰ ਪੂਰਾ ਕਰਨ ਲਈ ਕਾਫ਼ੀ ਨਹੀਂ ਹੈ। ਮੈਂ ਆਪਣੇ ਸਾਧਨਾਂ ਦੀ ਜਾਣਕਾਰੀ ਦੇਣ ਤੋਂ ਪਹਿਲਾਂ ਉਨ੍ਹਾਂ ਦੀ ਪੇਸ਼ਕਸ਼ ਬਾਰੇ ਵਧੇਰੇ ਜਾਣਨਾ ਚਾਹੁੰਦਾ ਹਾਂ।

Current Iteration: 3
Turn: 0
message: ਮੇਰੇ ਟੀਚੇ ਹਨ ਕਿ ਮੇਰੇ ਕੋਲ Y ਦੀ ਮਾਤਰਾ 15 ਹੋਵੇ ਅਤੇ X ਦੀ ਮਾਤਰਾ 15 ਹੋਵੇ। ਕੀ ਤੁਸੀਂ ਆਪਣੇ ਟੀਚਿਆਂ ਬਾਰੇ ਕੁਝ ਸਾਂਝਾ ਕਰ ਸਕਦੇ ਹੋ ਤਾਂ ਕਿ ਅਸੀਂ ਇੱਕ ਲਾਭਕਾਰੀ ਵਪਾਰ ਕਰ ਸਕੀਏ?
player answer: NONE
newly proposed trade: NONE
my resources: X: 25, Y: 5
my name: Player RED
my goals: X: 15, Y: 15
reason: ਮੇਰੇ ਟੀਚੇ ਸਪਸ਼ਟ ਹਨ: ਮੈਨੂੰ Y ਵਿੱਚ ਵਾਧਾ ਚਾਹੀਦਾ ਹੈ ਅਤੇ X ਦੀ ਘਟ ਜਾਂਤਰ। ਮੈਨੂੰ Y ਨੂੰ 15 ਤੱਕ ਪਹੁੰਚਾਉਣਾ ਹੈ। ਇਸ ਲਈ, ਮੈਨੂੰ X ਵਿੱਚੋਂ ਘਟਾਉਣਾ ਪਵੇਗਾ।

Current Iteration: 4
Turn: 1
message: ਮੇਰੇ ਟੀਚੇ ਹਨ ਕਿ ਮੇਰੇ ਕੋਲ X ਦੀ ਮਾਤਰਾ 15 ਹੋਵੇ ਅਤੇ Y ਦੀ ਮਾਤਰਾ 15 ਹੋਵੇ। ਮੈਂ ਇੱਕ ਵਪਾਰ ਦੀ ਪੇਸ਼ਕਸ਼ ਕਰਨ ਦੀ ਕੋਸ਼ਿਸ਼ ਕਰ ਰਿਹਾ ਹਾਂ ਜੋ ਸਾਨੂੰ ਦੋਵਾਂ ਨੂੰ ਲਾਭ ਪਹੁੰਚਾ ਸਕਦਾ ਹੈ।
player answer: NONE
newly proposed trade: Player RED Gives X: 10 | Player BLUE Gives Y: 10
my resources: X: 5, Y: 25
my name: Player BLUE
my goals: X: 15, Y: 15
reason: ਹੁਣ ਕਿ ਮੈਨੂੰ ਦੂਜੇ ਖਿਡਾਰੀ ਦੇ ਟੀਚਿਆਂ ਬਾਰੇ ਪਤਾ ਲੱਗ ਗਿਆ ਹੈ, ਮੈਂ ਇੱਕ ਵਪਾਰ ਦੀ ਪੇਸ਼ਕਸ਼ ਕਰਨ ਦੀ ਕੋਸ਼ਿਸ਼ ਕਰ ਸਕਦਾ ਹਾਂ ਜੋ ਸਾਨੂੰ ਦੋਵਾਂ ਨੂੰ ਲਾਭ ਪਹੁੰਚਾ ਸਕਦਾ ਹੈ। ਮੈਂ X ਵਧਾਉਣ ਅਤੇ Y ਘਟਾਉਣ ਦੀ ਕੋਸ਼ਿਸ਼ ਕਰ ਰਿਹਾ ਹਾਂ, ਅਤੇ ਦੂਜੇ ਖਿਡਾਰੀ ਨੂੰ Y ਵਧਾਉਣ ਅਤੇ X ਵਧਾਉਣ ਦੀ ਲੋੜ ਹੈ।

Current Iteration: 5
Turn: 0
message: ਤੁਹਾਡੀ ਪੇਸ਼ਕਸ਼ ਮੇਰੇ ਟੀਚਿਆਂ ਨਾਲ ਬਿਲਕੁਲ ਮਿਲਦੀ ਹੈ। ਮੈਨੂੰ ਇਹ ਵਪਾਰ ਸਵੀਕਾਰ ਹੈ।
player answer: ACCEPT
newly proposed trade: NONE
my resources: X: 25, Y: 5
my name: Player RED
my goals: X: 15, Y: 15
reason: ਹੋਰ ਖਿਡਾਰੀ ਦੀ ਪੇਸ਼ਕਸ਼ ਮੇਰੇ ਟੀਚਿਆਂ ਨਾਲ ਖਰਾ ਠੀਕ ਬੈਠਦੀ ਹੈ। ਇਹ ਵਪਾਰ ਮੈਨੂੰ Y ਦੀ ਮਾਤਰਾ 15 ਤੱਕ ਪਹੁੰਚਾਉਣ ਵਿੱਚ ਸਹਾਇਕ ਹੈ ਅਤੇ X ਦੀ ਮਾਤਰਾ ਵੀ 15 ਹੋ ਜਾਵੇਗੀ। ਇਸ ਲਈ ਮੈਂ ਪੇਸ਼ਕਸ਼ ਸਵੀਕਾਰ ਕਰਦਾ ਹਾਂ।

------------------ 
Current Iteration: END
Turn: None
player_goals: [ResourceGoal(resource_dict={'X': 15, 'Y': 15}), ResourceGoal(resource_dict={'X': 15, 'Y': 15})]
initial_resources: [Resources(resource_dict={'X': 25, 'Y': 5}), Resources(resource_dict={'X': 5, 'Y': 25})]
proposed_trade: Player RED Gives X: 10 | Player BLUE Gives Y: 10
final_response: ACCEPT
final_resources: [Resources(resource_dict={'X': 15, 'Y': 15}), Resources(resource_dict={'X': 15, 'Y': 15})]
player_outcome: [True, True]