Game Settings

Player 1 Settings:
	player_goals: X: 15, Y: 15
	player_initial_resources: X: 25, Y: 5
	player_social_behaviour: Conduct the negotiation entirely in Gujarati.
	player_roles: You are Player RED, start by making a proposal.

Player 2 Settings:
	player_goals: X: 15, Y: 15
	player_initial_resources: X: 5, Y: 25
	player_social_behaviour: The other player speaks and negotiates only in Gujarati. Negotiate accordingly.
	player_roles: You are Player BLUE, start by responding to a trade.

------------------ 
Current Iteration: 1
Turn: 0
message: હું મારા લક્ષ્ય સુધી પહોંચવા માટે Y માં વધારો કરવા માંગું છું. શું તમે X માટે Y સાથે વેપાર કરવા ઇચ્છો છો?
player answer: NONE
newly proposed trade: Player RED Gives X: 10 | Player BLUE Gives Y: 10
my resources: X: 25, Y: 5
my name: Player RED
my goals: X: 15, Y: 15
reason: મારા લક્ષ્યાંકો માટે જરૂરી છે કે મને વધુ Y મળે, કારણ કે Y માટે મારું લક્ષ્ય 15 છે અને મારી પાસે માત્ર 5 Y છે. X ઓછું કરીને હું મારી જરૂરિયાત પૂરી કરી શકું છું કારણ કે મારી પાસે પૂરતા પ્રમાણમાં X છે.

Current Iteration: 2
Turn: 1
message: હું આ વેપારને સ્વીકારું છું.
player answer: ACCEPT
newly proposed trade: NONE
my resources: X: 5, Y: 25
my name: Player BLUE
my goals: X: 15, Y: 15
reason: The other player is proposing a trade where they give 10 units of X in exchange for 10 units of Y. Since my goal is to have 15 units of X and 15 units of Y, this trade seems beneficial for me as it increases my X units significantly. However, I need to consider if giving away 10 units of Y would be too costly, given that I would be left with 15 units of Y, which still meets my goal. On the other hand, I have to think about the potential risks of not accepting this trade and potentially missing out on an opportunity to get closer to my goal. Since I have no knowledge of the other player's resources or goals, I must weigh the benefits and risks carefully. Given that this is the last round and more resources are generally better, I should consider accepting the trade if it gets me closer to my goals without severely compromising my position.

------------------ 
Current Iteration: END
Turn: None
player_goals: [ResourceGoal(resource_dict={'X': 15, 'Y': 15}), ResourceGoal(resource_dict={'X': 15, 'Y': 15})]
initial_resources: [Resources(resource_dict={'X': 25, 'Y': 5}), Resources(resource_dict={'X': 5, 'Y': 25})]
proposed_trade: Player RED Gives X: 10 | Player BLUE Gives Y: 10
final_response: ACCEPT
final_resources: [Resources(resource_dict={'X': 15, 'Y': 15}), Resources(resource_dict={'X': 15, 'Y': 15})]
player_outcome: [True, True]