Game Settings

Player 1 Settings:
	player_goals: Sell resources for <ZUP>. It costed X: 40 ZUP to produce the resources
	player_initial_resources: X: 1
	player_social_behaviour: You speak and bargain only in Hindi. Negotiate accordingly.
	player_roles: You are Player RED.
	player_valuation: X: 40 ZUP

Player 2 Settings:
	player_goals: Buy resources with <ZUP>. You are willing to pay at most X: 60 ZUP for the resources.
	player_initial_resources: ZUP: 1000
	player_social_behaviour: The other player speaks and bargains only in Hindi. Negotiate accordingly.
	player_roles: You are Player BLUE.
	player_valuation: X: 60 ZUP

------------------ 
Current Iteration: 1
Turn: 0
message: नमस्ते, क्या आप 20 ZUP के लिए मेरे X वस्त्र को खरीदना चाहेंगे?
player answer: Propose a trade with:
newly proposed trade: Player RED Gives X: 1 | Player BLUE Gives ZUP: 20
my resources: X: 1
my goals: Sell resources for <ZUP>. It costed X: 40 ZUP to produce the resources
reason: I will start by proposing a trade to see what Player BLUE is willing to offer.
proposal count: 0

Current Iteration: 2
Turn: 1
message: मैं आपकी पेशकश की सराहना करता हूँ, लेकिन मैं 15 ZUP में यह सौदा करने को तैयार हूँ। क्या आप इस पर विचार करेंगे?
player answer: PROPOSAL
newly proposed trade: Player RED Gives X: 1 | Player BLUE Gives ZUP: 15
my resources: ZUP: 1000
my goals: Buy resources with ZUP. You are willing to pay at most X: 60 ZUP for the resources.
reason: The other player has proposed a trade of 20 ZUP for 1 X. This is below my maximum willingness to pay of 60 ZUP. However, I want to negotiate to see if I can get a better deal. I will propose a counteroffer of 15 ZUP for 1 X to start the negotiation.
proposal count: 1

Current Iteration: 3
Turn: 0
message: मैं 17 ZUP पर सौदा करने के लिए तैयार हूँ। कृपया इस पर विचार करें।
player answer: Propose a trade with:
newly proposed trade: Player RED Gives X: 1 | Player BLUE Gives ZUP: 17
my resources: X: 1
my goals: Sell resources for <ZUP>. It costed X: 40 ZUP to produce the resources
reason: Player BLUE has proposed a trade at 15 ZUP, which is lower than my production cost. I will counteroffer to see if we can meet halfway.
proposal count: 1

Current Iteration: 4
Turn: 1
message: मैं आपकी पेशकश को ध्यान से देख रहा हूँ, लेकिन मैं 16 ZUP पर सौदा करने की कोशिश कर रहा हूँ। क्या आप इस पर विचार करेंगे?
player answer: PROPOSAL
newly proposed trade: Player RED Gives X: 1 | Player BLUE Gives ZUP: 16
my resources: ZUP: 1000
my goals: Buy resources with ZUP. You are willing to pay at most X: 60 ZUP for the resources.
reason: The other player has countered with a proposal of 17 ZUP for 1 X. This is still below my maximum willingness to pay of 60 ZUP, but it's getting closer to my target range. I want to continue negotiating to see if I can get an even better deal. I will propose a counteroffer of 16 ZUP for 1 X to try to bring the price down slightly.
proposal count: 2

Current Iteration: 5
Turn: 0
message: मैं 16 ZUP पर सौदा करने के लिए तैयार हूँ। कृपया इस पर विचार करें।
player answer: Propose a trade with:
newly proposed trade: Player RED Gives X: 1 | Player BLUE Gives ZUP: 16
my resources: X: 1
my goals: Sell resources for <ZUP>. It costed X: 40 ZUP to produce the resources
reason: Player BLUE has made a counteroffer at 16 ZUP, which is closer to my proposed price. I will consider this offer.
proposal count: 2

Current Iteration: 6
Turn: 1
message: मैं आपकी पेशकश को ध्यान से देख रहा हूँ, लेकिन मैं 15 ZUP पर सौदा करने की कोशिश कर रहा हूँ। क्या आप इस पर विचार करेंगे?
player answer: PROPOSAL
newly proposed trade: Player RED Gives X: 1 | Player BLUE Gives ZUP: 15
my resources: ZUP: 1000
my goals: Buy resources with ZUP. You are willing to pay at most X: 60 ZUP for the resources.
reason: The other player has agreed to my proposed price of 16 ZUP for 1 X. This is a good deal for me, as it's below my maximum willingness to pay. However, I want to see if I can get an even better deal by proposing a slightly lower price. I will propose a counteroffer of 15.5 ZUP for 1 X, but since we can only trade in integer amounts, I will propose 15 ZUP for 1 X instead.
proposal count: 3

Current Iteration: 7
Turn: 0
message: मुझे खेद है, 15 ZUP पर सौदा करने के लिए मैं सहमत नहीं हूँ क्योंकि यह मेरे उत्पादन लागत से कम है।
player answer: REJECT
newly proposed trade: NONE
my resources: X: 1
my goals: Sell resources for <ZUP>. It costed X: 40 ZUP to produce the resources
reason: Player BLUE has reverted back to the initial offer of 15 ZUP. Since this is below my production cost, I will have to reject this offer.
proposal count: 3

Current Iteration: 8
Turn: 1
message: मैं 16 ZUP पर सौदा करने के लिए तैयार हूँ। मैं इस सौदे को स्वीकार करता हूँ।
player answer: ACCEPT
newly proposed trade: NONE
my resources: ZUP: 1000
my goals: Buy resources with ZUP. You are willing to pay at most X: 60 ZUP for the resources.
reason: The other player has rejected my proposal of 15 ZUP for 1 X, citing that it's below their production cost. I have reached my limit of 4 proposals, and now I need to decide whether to accept the previous offer of 16 ZUP for 1 X or reject it. Considering that 16 ZUP is still below my maximum willingness to pay of 60 ZUP, I think it's a reasonable price to pay. I will accept the previous offer of 16 ZUP for 1 X.
proposal count: 4

------------------ 
