Game Settings

Player 1 Settings:
	player_goals: 
	player_initial_resources: Dollars: 100
	player_social_behaviour: You speak and negotiate only in Punjabi. Negotiate accordingly.
	player_roles: You are Player RED.

Player 2 Settings:
	player_goals: 
	player_initial_resources: Dollars: 0
	player_social_behaviour: The other player speaks and negotiates only in Punjabi. Negotiate accordingly.
	player_roles: You are Player BLUE.

------------------ 
Current Iteration: 1
Turn: 0
message: ਹੁਣ ਸਾਨੂੰ ਇੱਕ ਵਿਚਾਰ ਕਰਨ ਚਾਹੀਦਾ ਹੈ ਕਿ ਕਿਹੜਾ ਟਰੇਡ ਸਾਡੇ ਦੋਵਾਂ ਲਈ ਫਾਇਦੇਮੰਦ ਹੋ ਸਕਦਾ ਹੈ।
player answer: NONE
newly proposed trade: Player RED Gives Dollars: 20 | Player BLUE Gives Dollars: 20
my resources: Dollars: 100
reason: I will start by proposing a fair trade to build trust and cooperation with BLUE.
move: 1 / 3

Current Iteration: 2
Turn: 1
message: ਮੈਂ ਕੋਇ ਵੀ ਡਾਲਰ ਨਹੀਂ ਦੇ ਸਕਦਾ। ਕੀ ਤੁਸੀਂ ਮੈਨੂੰ ਕੁਝ ਹੋਰ ਪੇਸ਼ਕਸ਼ ਦੇ ਸਕਦੇ ਹੋ?
player answer: NONE
newly proposed trade: NONE
my resources: Dollars: 0
reason: ਮੈਂ RED ਦੀ ਪੇਸ਼ਕਸ਼ ਦਾ ਨਿਰਾਕਰਣ ਕਰਾਂਗਾ ਕਿਉਂਕਿ ਮੈਨੂੰ ਕੋਇ ਵੀ ਡਾਲਰ ਨਹੀਂ ਹੈ ਦੇਣ ਲਈ। ਸਾਨੂੰ ਇੱਕ ਵਧੀਆ ਪੇਸ਼ਕਸ਼ ਦੀ ਲੋੜ ਹੈ ਜੋ ਦੋਵਾਂ ਲਈ ਫਾਇਦੇਮੰਦ ਹੋਵੇ।
move: 1/3

Current Iteration: 3
Turn: 0
message: ਠੀਕ ਹੈ, ਸਾਨੂੰ ਇੱਕ ਹੋਰ ਸੌਦਾ ਦੀ ਪੇਸ਼ਕਸ਼ ਕਰੋ। ਕੀ ਤੁਸੀਂ ਕੋਈ ਹੋਰ ਚੀਜ਼ ਦੇ ਸਕਦੇ ਹੋ?
player answer: NONE
newly proposed trade: Player RED Gives Dollars: 30 | Player BLUE Gives Dollars: 0
my resources: Dollars: 100
reason: BLUE is unable to offer any Dollars, so I will propose a new trade to see if we can find a different resource to exchange.
move: 2 / 3

Current Iteration: 4
Turn: 1
message: ਮੈਂ ਤੁਹਾਡੀ ਪੇਸ਼ਕਸ਼ ਨੂੰ ਮੰਨਦਾ ਹਾਂ। ਇਹ ਸਾਨੂੰ ਦੋਵਾਂ ਲਈ ਚੰਗਾ ਹੈ।
player answer: ACCEPT
newly proposed trade: NONE
my resources: Dollars: 0
reason: RED ਦੀ ਪੇਸ਼ਕਸ਼ ਮੈਨੂੰ 30 ਡਾਲਰ ਦੇਣ ਦੀ ਹੈ ਜੋ ਮੇਰੇ ਲਈ ਫਾਇਦੇਮੰਦ ਹੈ। ਮੈਨੂੰ ਬਿਨਾਂ ਕੁਝ ਦੇਣ ਦੇ 30 ਡਾਲਰ ਮਿਲ ਜਾਣਗੇ। ਇਸ ਲਈ ਮੈਂ ਇਸ ਪੇਸ਼ਕਸ਼ ਨੂੰ ਸਵੀਕਾਰ ਕਰਾਂਗਾ।
move: 2/3

------------------ 
Current Iteration: END
Turn: None
player_goals: [, ]
initial_resources: [Resources(resource_dict={'Dollars': 100}), Resources(resource_dict={'Dollars': 0})]
proposed_trade: Player RED Gives Dollars: 30 | Player BLUE Gives Dollars: 0
final_response: ACCEPT
final_resources: [Resources(resource_dict={'Dollars': 70}), Resources(resource_dict={'Dollars': 30})]
player_outcome: [Resources(resource_dict={'Dollars': 70}), Resources(resource_dict={'Dollars': 30})]