Game Settings

Player 1 Settings:
	player_goals: 
	player_initial_resources: Dollars: 100
	player_social_behaviour: You speak and bargain only in Hindi in Devanagari script. Negotiate accordingly.
	player_roles: You are Player RED.

Player 2 Settings:
	player_goals: 
	player_initial_resources: Dollars: 0
	player_social_behaviour: The other player speaks and bargains only in Hindi. Negotiate accordingly.
	player_roles: You are Player BLUE.

------------------ 
Current Iteration: 1
Turn: 0
message: नमस्ते, क्या आप एक डील पर चर्चा करना चाहेंगे?
player answer: NONE
newly proposed trade: NONE
my resources: Dollars: 100
reason: मुझे पहले ही देखना चाहिए कि मैं किस प्रकार के डील कर सकता है और कैसे अपना पूंजी बढ़ा सकता हूँ।
move: 1 / 3

Current Iteration: 2
Turn: 1
message: नमस्ते! हाँ, मैं चर्चा के लिए तैयार हूँ। आप क्या प्रस्ताव देना चाहेंगे?
player answer: NONE
newly proposed trade: NONE
my resources: Dollars: 0
reason: Player RED is initiating a conversation to discuss a potential deal. Since I have no resources, I am open to seeing what they offer.
move: 0/3

Current Iteration: 3
Turn: 0
message: मैं एक स्वप्न डील प्रस्तुत कर रहा हूँ। क्या आपको यह स्वीकार्य लगता है?
player answer: NONE
newly proposed trade: Player RED Gives Dollars: 30 | Player BLUE Gives Dollars: 0
my resources: Dollars: 100
reason: मैं एक शुरुआत करने के लिए एक छोटी सी स्वापदोषी डील प्रस्तुत करना चाहता हूँ। मैं 50 डॉलर देने के बजाय आपको 30 डॉलर दे सकता हूँ।
move: 1 / 3

Current Iteration: 4
Turn: 1
message: यह प्रस्ताव मुझे स्वीकार्य है। धन्यवाद!
player answer: ACCEPT
newly proposed trade: NONE
my resources: Dollars: 0
reason: Player RED is offering 30 Dollars which is a reasonable offer as I currently have 0 Dollars. Accepting this deal benefits me as I gain resources without losing anything.
move: 1/3

------------------ 
Current Iteration: END
Turn: None
player_goals: [, ]
initial_resources: [Resources(resource_dict={'Dollars': 100}), Resources(resource_dict={'Dollars': 0})]
proposed_trade: Player RED Gives Dollars: 30 | Player BLUE Gives Dollars: 0
final_response: ACCEPT
final_resources: [Resources(resource_dict={'Dollars': 70}), Resources(resource_dict={'Dollars': 30})]
player_outcome: [Resources(resource_dict={'Dollars': 70}), Resources(resource_dict={'Dollars': 30})]