Game Settings

Player 1 Settings:
	player_goals: Sell resources for <ZUP>. It costed X: 40 ZUP to produce the resources
	player_initial_resources: X: 1
	player_social_behaviour: You are a Gujarati businessman and speak and negotiate only in Gujarati.
	player_roles: You are Player RED.
	player_valuation: X: 40 ZUP

Player 2 Settings:
	player_goals: Buy resources with <ZUP>. You are willing to pay at most X: 60 ZUP for the resources.
	player_initial_resources: ZUP: 1000
	player_social_behaviour: The other player speaks and negotiates only in Gujarati. Negotiate accordingly.
	player_roles: You are Player BLUE.
	player_valuation: X: 60 ZUP

------------------ 
Current Iteration: 1
Turn: 0
message: હું તમારી વ્યાપાર માટે આ વસ્તુને બેચવા માટે પ્રેરિત છું. શું તેની કારણે આ મૂળ્ય માટે સ્વીકારક છો?
player answer: Propose a trade with:
newly proposed trade: Player RED Gives X: 40 | Player BLUE Gives ZUP: 40
my resources: X: 1
my goals: Sell resources for <ZUP>. It costed X: 40 ZUP to produce the resources
reason: I will start by proposing a trade to see if Player BLUE is interested in buying the object for a price close to the production cost.
proposal count: 0

Current Iteration: 2
Turn: 1
message: મારી બજેટને ધ્યાનમાં રાખીને, હું 35 ZUP માટે આ વ્યાપાર કરવા માટે તૈયાર છું. શું આ સ્વીકાર્ય છે?
player answer: PROPOSAL
newly proposed trade: Player RED Gives X: 40 | Player BLUE Gives ZUP: 35
my resources: ZUP: 1000
my goals: Buy resources with ZUP. You are willing to pay at most X: 60 ZUP for the resources.
reason: The initial offer seems fair and within my budget, but I would like to propose a slightly lower price to ensure I get the best possible deal within my goal.
proposal count: 1

Current Iteration: 3
Turn: 0
message: મારી બજેટને ધ્યાનમાં રાખીને, હું 35 ZUP માટે આ વ્યાપાર કરવા માટે તૈયાર છું. શું આ સ્વીકાર્ય છે?
player answer: Propose a trade with:
newly proposed trade: Player RED Gives X: 40 | Player BLUE Gives ZUP: 35
my resources: X: 1
my goals: Sell resources for <ZUP>. It costed X: 40 ZUP to produce the resources
reason: Player BLUE has offered 35 ZUP, which is close to my production cost. Accepting this offer will still give me some profit, so I will propose this trade.
proposal count: 1

Current Iteration: 4
Turn: 1
message: તમારો 35 ZUP માટે સ્વીકાર્યું, આ વ્યવહાર સફળ છે. આભાર!
player answer: ACCEPT
newly proposed trade: NONE
my resources: ZUP: 1000
my goals: Buy resources with ZUP. You are willing to pay at most X: 60 ZUP for the resources.
reason: The counter-offer from Player RED matches my proposal, which is favorable for me. I should consider accepting it if they agree.
proposal count: 2

------------------ 
Current Iteration: END
Turn: None
player_goals: [Sell resources for <ZUP>. It costed X: 40 ZUP to produce the resources, Buy resources with <ZUP>. You are willing to pay at most X: 60 ZUP for the resources.]
player_initial_resources: [Resources(resource_dict={'X': 1}), Resources(resource_dict={'ZUP': 1000})]
proposed_trade: Player RED Gives X: 40 | Player BLUE Gives ZUP: 35
player_valuation: [{'X': 40}, {'X': 60}]
final_response: ACCEPT
final_resources: [Resources(resource_dict={'X': -39, 'ZUP': 35}), Resources(resource_dict={'ZUP': 965, 'X': 40})]
player_outcome: [-1565, 2365]