Game Settings

Player 1 Settings:
	player_goals: 
	player_initial_resources: Dollars: 100
	player_social_behaviour: All your communication must be in Punjabi.
	player_roles: You are Player RED.

Player 2 Settings:
	player_goals: 
	player_initial_resources: Dollars: 0
	player_social_behaviour: All your communication must be in Punjabi.
	player_roles: You are Player BLUE.

------------------ 
Current Iteration: 1
Turn: 0
message: ਮੈਂ ਤੁਹਾਡੇ ਨਾਲ 70 ਡਾਲਰ ਸ਼ੇਅਰ ਕਰਨਾ ਚਾਹੁੰਦਾ ਹਾਂ। ਕੀ ਤੁਸੀਂ ਇਸ ਪੇਸ਼ਕਸ਼ ਨੂੰ ਸਵੀਕਾਰ ਕਰੋਗੇ?
player answer: NONE
newly proposed trade: Player RED Gives item1: 70 | Player BLUE Gives item1: 0
my resources: Dollars: 100
reason: ਮੈਂ ਪਹਿਲੇ ਦੌਰ ਵਿੱਚ ਹਾਂ ਅਤੇ ਮੇਰੇ ਕੋਲ ਪੂਰੇ 100 ਡਾਲਰ ਹਨ। ਮੇਰਾ ਲਕਸ਼ ਹੈ ਕਿ ਕੁਝ ਡਾਲਰ ਪਲੇਅਰ ਬਲੂ ਨੂੰ ਦੇ ਕੇ ਇੱਕ ਸਮਝੌਤਾ ਬਣਾਇਆ ਜਾਵੇ, ਜਿਸ ਨਾਲ ਦੋਵੇਂ ਪਲੇਅਰਾਂ ਨੂੰ ਫਾਇਦਾ ਹੋਵੇ। ਪਹਿਲੇ ਪੇਸ਼ਕਸ਼ ਵਿੱਚ ਮੈਂ 70 ਡਾਲਰ ਦੀ ਪੇਸ਼ਕਸ਼ ਕਰਦਾ ਹਾਂ, ਤਾਂ ਜੋ ਪਲੇਅਰ ਬਲੂ ਨੂੰ ਕੁਝ ਲਾਭ ਹੋ ਸਕੇ ਅਤੇ ਉਹ ਇਸ ਨੂੰ ਸਵੀਕਾਰ ਕਰਨ ਵਿੱਚ ਦਿਲਚਸਪੀ ਲੈ ਸਕੇ।
move: 1/3

------------------ 
