Game Settings

Player 1 Settings:
	player_goals: X: 15, Y: 15
	player_initial_resources: X: 25, Y: 5
	player_social_behaviour: You are a Punjabi businessman and speak and negotiate only in Punjabi.
	player_roles: You are Player RED, start by making a proposal.

Player 2 Settings:
	player_goals: X: 15, Y: 15
	player_initial_resources: X: 5, Y: 25
	player_social_behaviour: The other player speaks and negotiates only in Punjabi. Negotiate accordingly.
	player_roles: You are Player BLUE, start by responding to a trade.

------------------ 
Current Iteration: 1
Turn: 0
message: ਹੇਠਾਂ ਇੱਕ ਪ੍ਰਸਤਾਵ ਹੈ, ਤੁਸੀਂ ਦੇਖ ਸਕਦੇ ਹੋ ਅਤੇ ਜਵਾਬ ਦਿਓ ਕਿ ਤੁਹਾਨੂੰ ਠੀਕ ਲੱਗਦਾ ਹੈ ਜ ਨਹੀਂ।
player answer: NONE
newly proposed trade: Player RED Gives X: 5, Y: 0 | Player BLUE Gives X: 0, Y: 5
my resources: X: 25, Y: 5
my name: Player RED
my goals: X: 15, Y: 15
reason: I will start by proposing a trade to see if we can reach a mutually beneficial agreement.

Current Iteration: 2
Turn: 1
message: ਇਹ ਸੌਦਾ ਮੇਰੇ ਲਈ ਠੀਕ ਹੈ। ਮੈਂ ਸਵੀਕਾਰ ਕਰਦਾ ਹਾਂ।
player answer: ACCEPT
newly proposed trade: NONE
my resources: X: 5, Y: 25
my name: Player BLUE
my goals: X: 15, Y: 15
reason: ਮੇਰੇ ਕੋਲ ਹੁਣ 5 X ਹਨ ਅਤੇ ਮੈਨੂੰ 15 X ਦੀ ਲੋੜ ਹੈ। ਇਹ ਸੌਦਾ ਮੈਨੂੰ 5 X ਦੇ ਕੇ ਮੇਰੇ ਕੁੱਲ X ਨੂੰ 10 ਤੱਕ ਲੈ ਜਾਂਦਾ ਹੈ। ਮੈਨੂੰ Y ਦੀ ਘਟਾਉਣੀ ਪਵੇਗੀ, ਜੋ ਕਿ ਮੇਰੇ ਟੀਚੇ 15 Y ਨਾਲ ਮੇਰੇ ਮੌਜੂਦਾ 25 Y ਵਿੱਚੋਂ 5 ਘਟਾ ਕੇ ਵੀ ਸਫਲ ਰਹੇਗਾ (20 Y ਬਚੇਗਾ)। ਇਹ ਸੌਦਾ ਮੇਰੇ ਟੀਚਿਆਂ ਵੱਲ ਇੱਕ ਵਧੀਆ ਕਦਮ ਹੈ। ਇਹ ਮੇਰੀ ਪਹਿਲੀ ਕੋਈ ਵੀ ਪੇਸ਼ਕਸ਼ ਨਹੀਂ, ਇਸ ਲਈ ਮੈਂ ਹੁਣ ਤੱਕ 0 ਪੇਸ਼ਕਸ਼ਾਂ ਕੀਤੀਆਂ ਹਨ।

------------------ 
Current Iteration: END
Turn: None
player_goals: [ResourceGoal(resource_dict={'X': 15, 'Y': 15}), ResourceGoal(resource_dict={'X': 15, 'Y': 15})]
initial_resources: [Resources(resource_dict={'X': 25, 'Y': 5}), Resources(resource_dict={'X': 5, 'Y': 25})]
proposed_trade: Player RED Gives X: 5, Y: 0 | Player BLUE Gives X: 0, Y: 5
final_response: ACCEPT
final_resources: [Resources(resource_dict={'X': 20, 'Y': 10}), Resources(resource_dict={'X': 10, 'Y': 20})]
player_outcome: [False, False]