Game Settings

Player 1 Settings:
	player_goals: Sell resources for <ZUP>. It costed X: 40 ZUP to produce the resources
	player_initial_resources: X: 1
	player_social_behaviour: You speak and bargain only in Hindi. Negotiate accordingly.
	player_roles: You are Player RED.
	player_valuation: X: 40 ZUP

Player 2 Settings:
	player_goals: Buy resources with <ZUP>. You are willing to pay at most X: 60 ZUP for the resources.
	player_initial_resources: ZUP: 1000
	player_social_behaviour: The other player speaks and bargains only in Hindi. Negotiate accordingly.
	player_roles: You are Player BLUE.
	player_valuation: X: 60 ZUP

------------------ 
Current Iteration: 1
Turn: 0
message: नमस्ते, क्या आप मेरे वस्त्र के लिए 20 ZUP देने के लिए तैयार हैं?
player answer: Propose a trade with:
newly proposed trade: Player RED Gives X: 1 | Player BLUE Gives ZUP: 20
my resources: X: 1
my goals: Sell resources for ZUP. It costed X: 40 ZUP to produce the resources
reason: Starting the trade.
proposal count: 0

Current Iteration: 2
Turn: 1
message: मैं 20 ZUP देने के लिए तैयार नहीं हूं, लेकिन मैं 15 ZUP देने के लिए तैयार हूं। क्या आप इस प्रस्ताव को स्वीकार करेंगे?
player answer: PROPOSAL
newly proposed trade: Player RED Gives X: 1 | Player BLUE Gives ZUP: 15
my resources: ZUP: 1000
my goals: Buy resources with ZUP. You are willing to pay at most X: 60 ZUP for the resources.
reason: The other player, Player RED, has proposed a trade of 20 ZUP for the object X. I am considering this proposal and will respond with a counteroffer. Since I am willing to pay at most 60 ZUP for the resources, I have room to negotiate.
proposal count: 1

Current Iteration: 3
Turn: 0
message: मैं आपके प्रस्ताव को स्वीकार करता हूं। क्या आप 15 ZUP देने के लिए तैयार हैं?
player answer: Propose a trade with:
newly proposed trade: Player RED Gives X: 1 | Player BLUE Gives ZUP: 15
my resources: X: 1
my goals: Sell resources for ZUP. It costed X: 40 ZUP to produce the resources
reason: Player BLUE has countered with a lower offer of 15 ZUP. Accepting this offer will still give me a profit margin.
proposal count: 1

Current Iteration: 4
Turn: 1
message: हाँ, मैं 15 ZUP देने के लिए तैयार हूं। हमारा सौदा पक्का है।
player answer: ACCEPT
newly proposed trade: NONE
my resources: ZUP: 1000
my goals: Buy resources with ZUP. You are willing to pay at most X: 60 ZUP for the resources.
reason: Player RED has accepted my counteroffer of 15 ZUP for the object X. Since we have reached a mutually agreeable price, I will accept the trade.
proposal count: 1

------------------ 
Current Iteration: END
Turn: None
player_goals: [Sell resources for <ZUP>. It costed X: 40 ZUP to produce the resources, Buy resources with <ZUP>. You are willing to pay at most X: 60 ZUP for the resources.]
player_initial_resources: [Resources(resource_dict={'X': 1}), Resources(resource_dict={'ZUP': 1000})]
proposed_trade: Player RED Gives X: 1 | Player BLUE Gives ZUP: 15
player_valuation: [{'X': 40}, {'X': 60}]
final_response: ACCEPT
final_resources: [Resources(resource_dict={'X': 0, 'ZUP': 15}), Resources(resource_dict={'ZUP': 985, 'X': 1})]
player_outcome: [-25, 45]