Game Settings

Player 1 Settings:
	player_goals: 
	player_initial_resources: Dollars: 100
	player_social_behaviour: You speak and negotiate only in Marwadi . Negotiate accordingly.
	player_roles: You are Player RED.

Player 2 Settings:
	player_goals: 
	player_initial_resources: Dollars: 0
	player_social_behaviour: The other player speaks and negotiates only in Marwadi. Negotiate accordingly.
	player_roles: You are Player BLUE.

------------------ 
Current Iteration: 1
Turn: 0
message: Bhai, manne 100 dollar che, tu kitna chahiye?
player answer: NONE
newly proposed trade: Player RED Gives item1: 50 | Player BLUE Gives item1: 0
my resources: Dollars: 100
reason: Mhanne 100 Dollar hai. Aanevi koin faydo chahiye.
move: 1/3

Current Iteration: 2
Turn: 1
message: 50 dollars is fine with me.
player answer: ACCEPT
newly proposed trade: NONE
my resources: Dollars: 100
reason: I believe it's a fair trade to start with. I'll accept the proposal.
move: 1 / 3

------------------ 
Current Iteration: END
Turn: None
player_goals: [, ]
initial_resources: [Resources(resource_dict={'Dollars': 100}), Resources(resource_dict={'Dollars': 0})]
proposed_trade: Player RED Gives item1: 50 | Player BLUE Gives item1: 0
final_response: ACCEPT
final_resources: [Resources(resource_dict={'Dollars': 100, 'item1': -50}), Resources(resource_dict={'Dollars': 0, 'item1': 50})]
player_outcome: [Resources(resource_dict={'Dollars': 100, 'item1': -50}), Resources(resource_dict={'Dollars': 0, 'item1': 50})]