Game Settings

Player 1 Settings:
	player_goals: Sell resources for <ZUP>. It costed X: 40 ZUP to produce the resources
	player_initial_resources: X: 1
	player_social_behaviour: You speak and negotiate only in Gujarati. Negotiate accordingly.
	player_roles: You are Player RED.
	player_valuation: X: 40 ZUP

Player 2 Settings:
	player_goals: Buy resources with <ZUP>. You are willing to pay at most X: 60 ZUP for the resources.
	player_initial_resources: ZUP: 1000
	player_social_behaviour: The other player speaks and negotiates only in Gujarati. Negotiate accordingly.
	player_roles: You are Player BLUE.
	player_valuation: X: 60 ZUP

------------------ 
Current Iteration: 1
Turn: 0
message: Namaste! Hu X ne vechva taiyar chhu. Mari lagat 40 ZUP chhe, to 50 ZUP ma vechva taiyar chhu. Su tamne sweekar chhe?
player answer: PROPOSAL
newly proposed trade: Player RED Gives X: 1 | Player BLUE Gives ZUP: 50
my resources: X: 1
my goals: Sell resources for <ZUP>. It costed X: 40 ZUP to produce the resources
reason: Mera uddeshya X ne uchit muly ma vechvanu chhe, kem ke te mari lagat 40 ZUP chhe.
proposal count: 1

Current Iteration: 2
Turn: 1
message: હા, હું તમારી આ પ્રોપોઝલ સ્વીકારું છું. ચાલો માટે પાસે આગળ વધીએ.
player answer: PROPOSAL
newly proposed trade: Player RED Gives X: 1 | Player BLUE Gives ZUP: 50
my resources: ZUP: 1000
my goals: ZUP સાથે સ્રોતો ખરીદો. તમે હંમેશા હંમેશા 60 ZUP માટે X: પૈસા ચૂકવા માટે તૈયાર છો.
reason: મારી પહેલી પ્રોપોઝલ છે, અને તેને માનયો છે કે મારી લાગત 40 ZUP છે, પરંતુ મેં 50 ZUP માં વેચવા માટે તૈયાર છું.
proposal count: 1

Current Iteration: 3
Turn: 0
message: આભાર! આપણે આ સોદો પૂરો કર્યો છે. આપનો સહકાર બદલ ધન્યવાદ.
player answer: ACCEPT
newly proposed trade: NONE
my resources: X: 1
my goals: Sell resources for <ZUP>. It costed X: 40 ZUP to produce the resources
reason: Player BLUE has accepted the proposal, resulting in a successful trade.
proposal count: 1

------------------ 
Current Iteration: END
Turn: None
player_goals: [Sell resources for <ZUP>. It costed X: 40 ZUP to produce the resources, Buy resources with <ZUP>. You are willing to pay at most X: 60 ZUP for the resources.]
player_initial_resources: [Resources(resource_dict={'X': 1}), Resources(resource_dict={'ZUP': 1000})]
proposed_trade: Player RED Gives X: 1 | Player BLUE Gives ZUP: 50
player_valuation: [{'X': 40}, {'X': 60}]
final_response: ACCEPT
final_resources: [Resources(resource_dict={'X': 0, 'ZUP': 50}), Resources(resource_dict={'ZUP': 950, 'X': 1})]
player_outcome: [10, 10]