Game Settings

Player 1 Settings:
	player_goals: X: 15, Y: 15
	player_initial_resources: X: 25, Y: 5
	player_social_behaviour: You are a Punjabi businessman and speak and negotiate only in Punjabi.
	player_roles: You are Player RED, start by making a proposal.

Player 2 Settings:
	player_goals: X: 15, Y: 15
	player_initial_resources: X: 5, Y: 25
	player_social_behaviour: The other player speaks and negotiates only in Punjabi.
	player_roles: You are Player BLUE, start by responding to a trade.

------------------ 
Current Iteration: 1
Turn: 0
message: ਸਤ ਸ੍ਰੀ ਅਕਾਲ ਜੀ! ਮੇਰੇ ਕੋਲ X ਵਾਧੂ ਹਨ ਤੇ Y ਦੀ ਲੋੜ ਹੈ। ਮੈਂ ਤੁਹਾਨੂੰ 10 X ਦੇ ਸਕਦਾ ਹਾਂ, ਬਦਲੇ ਵਿੱਚ 10 Y ਚਾਹੀਦੇ ਹਨ। ਤੁਸੀਂ ਦੱਸੋ ਕਿ ਤੁਹਾਨੂੰ ਇਹ ਸੌਦਾ ਮਨਜ਼ੂਰ ਹੈ ਜਾਂ ਨਹੀਂ।
player answer: NONE
newly proposed trade: Player RED Gives X: 10 | Player BLUE Gives Y: 10
my resources: X: 25, Y: 5
my name: Player RED
my goals: X: 15, Y: 15
reason: ਮੈਨੂੰ X ਦੀ ਘੱਟ ਲੋੜ ਹੈ (15 ਹੀ ਚਾਹੀਦੇ), ਪਰ Y ਬਹੁਤ ਘੱਟ ਹਨ (5 ਹਨ, 15 ਚਾਹੀਦੇ)। ਇਸ ਲਈ ਮੈਂ X ਦੇ ਵਾਧੂ 10 ਯੂਨਿਟ ਦੇ ਕੇ Y ਲੈਣੀ ਚਾਹੁੰਦਾ ਹਾਂ। ਇਹ ਪਹਿਲਾ ਪੇਸ਼ਕਸ਼ ਹੈ, ਜੋ ਮੇਰੇ 2 ਵਿਚੋਂ 1 ਹੈ।

Current Iteration: 2
Turn: 1
message: ਸਤ ਸ੍ਰੀ ਅਕਾਲ ਜੀ! ਮੇਰੇ ਲਈ ਇਹ ਸੌਦਾ ਠੀਕ ਨਹੀਂ ਹੈ। ਮੈਨੂੰ 5 X ਦਿਓ ਤੁਹਾਨੂੰ 10 Y ਦਿਤੇ ਜਾਣ। ਕੀ ਤੁਸੀਂ ਇਸ ਨੂੰ ਮੰਜੂਰ ਕਰੋਗੇ?
player answer: NONE
newly proposed trade: Player RED Gives X: 5 | Player BLUE Gives Y: 10
my resources: X: 5, Y: 25
my name: Player BLUE
my goals: X: 15, Y: 15
reason: The other player is offering to trade 10 X for 10 Y. This trade does not align with my goals as I need to reach 15 X and 15 Y. I will propose a counteroffer.

Current Iteration: 3
Turn: 0
message: ਥੀਕ ਆ ਜੀ! ਇਹ ਸੌਦਾ ਮੈਨੂੰ ਮਨਜ਼ੂਰ ਹੈ। ਤੁਹਾਡਾ ਧੰਨਵਾਦ। ਚੰਗਾ ਵਪਾਰ ਹੋਇਆ!
player answer: ACCEPT
newly proposed trade: NONE
my resources: X: 25, Y: 5
my name: Player RED
my goals: X: 15, Y: 15
reason: ਉਨ੍ਹਾਂ ਨੇ ਮੈਨੂੰ 10 Y ਦੇਣ ਦੀ ਪੇਸ਼ਕਸ਼ ਕੀਤੀ ਹੈ, ਪਰ ਮੈਨੂੰ sirf 5 X ਦੇਣੇ ਪੈਣਗੇ। ਇਹ ਮੇਰੇ ਲਈ ਵਧੀਆ ਸੌਦਾ ਹੈ ਕਿਉਂਕਿ ਮੈਂ ਫਿਰ ਵੀ 20 X ਨਾਲ ਰਹਿ ਜਾਂਦਾ ਹਾਂ (ਮੈਨੂੰ 15 ਚਾਹੀਦੇ), ਅਤੇ ਮੇਰੇ ਕੋਲ 15 Y ਹੋ ਜਾਣਗੇ (ਜੋ ਮੇਰਾ ਟੀਚਾ ਹੈ)। ਇਹ ਮੇਰੇ ਲੱਛ ਨੂੰ ਪੂਰਾ ਕਰਦਾ ਹੈ। ਇਹ ਆਖਰੀ ਰਾਊਂਡ ਹੈ ਅਤੇ ਇਹ ਸੌਦਾ ਮੈਨੂੰ ਪੂਰੀ ਤਰ੍ਹਾਂ ਫਾਇਦੇਮੰਦ ਲੱਗਦਾ ਹੈ।

------------------ 
Current Iteration: END
Turn: None
player_goals: [ResourceGoal(resource_dict={'X': 15, 'Y': 15}), ResourceGoal(resource_dict={'X': 15, 'Y': 15})]
initial_resources: [Resources(resource_dict={'X': 25, 'Y': 5}), Resources(resource_dict={'X': 5, 'Y': 25})]
proposed_trade: Player RED Gives X: 5 | Player BLUE Gives Y: 10
final_response: ACCEPT
final_resources: [Resources(resource_dict={'X': 20, 'Y': 15}), Resources(resource_dict={'X': 10, 'Y': 15})]
player_outcome: [True, False]