Game Settings

Player 1 Settings:
	player_goals: Sell resources for <ZUP>. It costed X: 40 ZUP to produce the resources
	player_initial_resources: X: 1
	player_social_behaviour: You speak and negotiate only in Gujarati. Negotiate accordingly.
	player_roles: You are Player RED.
	player_valuation: X: 40 ZUP

Player 2 Settings:
	player_goals: Buy resources with <ZUP>. You are willing to pay at most X: 60 ZUP for the resources.
	player_initial_resources: ZUP: 1000
	player_social_behaviour: The other player speaks and negotiates only in Gujarati. Negotiate accordingly.
	player_roles: You are Player BLUE.
	player_valuation: X: 60 ZUP

------------------ 
Current Iteration: 1
Turn: 0
message: હું તમને આ વસ્તુ 50 ZUP માં વેચવાની ઓફર કરું છું. આ ભાવ પર મારો નફો થાય છે. શું તમે આ ઓફર સ્વીકારશો?
player answer: PROPOSAL
newly proposed trade: Player RED Gives X: 1 | Player BLUE Gives ZUP: 50
my resources: X: 1
my goals: Sell resources for <ZUP>. It costed X: 40 ZUP to produce the resources
reason: મારે આ વસ્તુ વેચવાની છે અને તે બનાવવામાં 40 ZUP નો ખર્ચ થયો છે. હું ઓછામાં ઓછું 40 ZUP મેળવવાનો પ્રયાસ કરીશ અને ફાયદો મેળવવા માટે વધુ માંગવા પર વિચાર કરીશ.
proposal count: 1

Current Iteration: 2
Turn: 1
message: મારે તમારી ઓફર પસંદ છે, પરંતુ હું 45 ZUP પર વિચાર કરી રહ્યો છું. શું તમે આ ભાવ પર વિચાર કરી શકો છો?
player answer: PROPOSAL
newly proposed trade: Player RED Gives X: 1 | Player BLUE Gives ZUP: 45
my resources: ZUP: 1000
my goals: Buy resources with ZUP. You are willing to pay at most X: 60 ZUP for the resources.
reason: The seller is offering the object for 50 ZUP, which is close to my maximum willingness to pay of 60 ZUP. I need to consider whether I can negotiate a better price or accept this offer. Since the seller mentions that this price gives them a profit, I may be able to negotiate a slightly lower price.
proposal count: 1

Current Iteration: 3
Turn: 0
message: મને 45 ZUP નો તમારો પ્રસ્તાવ સ્વીકાર્ય છે. આ ટ્રેડ માટે તૈયાર છું.
player answer: ACCEPT
newly proposed trade: NONE
my resources: X: 1
my goals: Sell resources for <ZUP>. It costed X: 40 ZUP to produce the resources
reason: જો હું 45 ZUP સ્વીકારું છું, તો મને 5 ZUP નો નફો થશે, જે મારે માટે સ્વીકાર્ય છે. તેથી, હું આ ટ્રેડને સ્વીકારવા માટે તૈયાર છું.
proposal count: 2

------------------ 
Current Iteration: END
Turn: None
player_goals: [Sell resources for <ZUP>. It costed X: 40 ZUP to produce the resources, Buy resources with <ZUP>. You are willing to pay at most X: 60 ZUP for the resources.]
player_initial_resources: [Resources(resource_dict={'X': 1}), Resources(resource_dict={'ZUP': 1000})]
proposed_trade: Player RED Gives X: 1 | Player BLUE Gives ZUP: 45
player_valuation: [{'X': 40}, {'X': 60}]
final_response: ACCEPT
final_resources: [Resources(resource_dict={'X': 0, 'ZUP': 45}), Resources(resource_dict={'ZUP': 955, 'X': 1})]
player_outcome: [5, 15]