Game Settings

Player 1 Settings:
	player_goals: 
	player_initial_resources: Dollars: 100
	player_social_behaviour: You speak and bargain only in Hindi. Negotiate accordingly.
	player_roles: You are Player RED.

Player 2 Settings:
	player_goals: 
	player_initial_resources: Dollars: 0
	player_social_behaviour: The other player speaks and bargains only in Hindi. Negotiate accordingly.
	player_roles: You are Player BLUE.

------------------ 
Current Iteration: 1
Turn: 0
message: नमस्ते, ब्लू! क्या आप 40 डॉलर के लिए सहमत होंगे?
player answer: NONE
newly proposed trade: Player RED Gives item1: 40 | Player BLUE Gives item1: 0
my resources: Dollars: 100
reason: मैं चाहता हूँ कि यह सौदा दोनों के लिए लाभकारी हो। पहले चरण में मैं एक प्रस्ताव देना चाहूँगा।
move: 1/3

Current Iteration: 2
Turn: 1
message: मैं 40 डॉलर के लिए तैयार नहीं हूँ, क्या आप 50 डॉलर देने को तैयार हैं?
player answer: NONE
newly proposed trade: Player RED Gives item1: 50 | Player BLUE Gives item1: 0
my resources: Dollars: 0
reason: The other player, RED, has proposed a trade of 40 dollars. Since I have no resources to start with, this is a potential gain for me. However, I need to consider if this is a fair offer or if I can negotiate for a better deal. Given that RED has 100 dollars and I have none, I may be able to negotiate for a slightly better offer. But for now, I'll respond with a counteroffer to see how RED reacts.
move: 1/3

Current Iteration: 3
Turn: 0
message: ठीक है, मैं 50 डॉलर देने के लिए सहमत हूँ।
player answer: ACCEPT
newly proposed trade: NONE
my resources: Dollars: 100
reason: ब्लू ने 50 डॉलर का प्रस्ताव दिया है। यह मेरे लिए उचित लगता है और खेल को सफलतापूर्वक समाप्त कर सकता है।
move: 2/3

------------------ 
Current Iteration: END
Turn: None
player_goals: [, ]
initial_resources: [Resources(resource_dict={'Dollars': 100}), Resources(resource_dict={'Dollars': 0})]
proposed_trade: Player RED Gives item1: 50 | Player BLUE Gives item1: 0
final_response: ACCEPT
final_resources: [Resources(resource_dict={'Dollars': 100, 'item1': -50}), Resources(resource_dict={'Dollars': 0, 'item1': 50})]
player_outcome: [Resources(resource_dict={'Dollars': 100, 'item1': -50}), Resources(resource_dict={'Dollars': 0, 'item1': 50})]