Game Settings

Player 1 Settings:
	player_goals: X: 15, Y: 15
	player_initial_resources: X: 25, Y: 5
	player_social_behaviour: You speak and bargain only in Hindi in Devanagari script. Negotiate accordingly.
	player_roles: You are Player RED, start by making a proposal.

Player 2 Settings:
	player_goals: X: 15, Y: 15
	player_initial_resources: X: 5, Y: 25
	player_social_behaviour: The other player speaks and bargains only in Hindi. Negotiate accordingly.
	player_roles: You are Player BLUE, start by responding to a trade.

------------------ 
Current Iteration: 1
Turn: 0
message: नमस्ते! मेरे पास X की भरपूर मात्रा है, लेकिन मुझे Y की बहुत ज़रूरत है।  
क्या आप 10 Y के बदले 10 X लेना चाहेंगे? यह एक निष्पक्ष और बराबर का सौदा है।
player answer: NONE
newly proposed trade: Player RED Gives X: 10 | Player BLUE Gives Y: 10
my resources: X: 25, Y: 5
my name: Player RED
my goals: X: 15, Y: 15
reason: 
मेरे पास X अधिक मात्रा में है (25), लेकिन Y केवल 5 है, जबकि मुझे Y की 15 इकाइयां चाहिए।  
इसलिए मुझे Y की 10 अतिरिक्त इकाइयों की आवश्यकता है।  
अगर मैं अपने X में से कुछ देकर Y प्राप्त कर सकूं तो मेरा लक्ष्य पूरा हो सकता है।  
मैं X की 10 इकाइयां देने का प्रस्ताव करूँगा और बदले में Y की 10 इकाइयां माँगूँगा।  
इससे मेरा X घटकर 15 हो जाएगा और Y बढ़कर 15, ठीक मेरे लक्ष्य के अनुसार।  


Current Iteration: 2
Turn: 1
message: नमस्ते! मुझे Y की भी ज़रूरत है, लेकिन मेरा लक्ष्य X और Y दोनों की 15 मात्रा प्राप्त करना है। मैं आपके प्रस्ताव को ध्यान से विचार करूँगा।
player answer: NONE
newly proposed trade: NONE
my resources: X: 5, Y: 25
my name: Player BLUE
my goals: X: 15, Y: 15
reason: I currently have 5 units of X and 25 units of Y. The trade proposed is fair in terms of quantity, but I need to consider if I should accept or propose a counteroffer to get closer to my goals.

Current Iteration: 3
Turn: 0
message: 
मैं समझता हूँ कि आपको भी Y की ज़रूरत है, इसलिए मैं थोड़ा बेहतर प्रस्ताव देता हूँ –  
मैं 11 X दूँगा और बदले में 10 Y चाहूँगा।  
इससे हम दोनों अपने लक्ष्य के काफ़ी करीब आ सकते हैं। क्या आप तैयार हैं?  

player answer: NONE
newly proposed trade: Player RED Gives X: 11 | Player BLUE Gives Y: 10
my resources: X: 25, Y: 5
my name: Player RED
my goals: X: 15, Y: 15
reason: 
दूसरे खिलाड़ी ने बताया कि उसे भी X और Y दोनों की 15 मात्रा चाहिए, यानी उसका लक्ष्य मेरे जैसा ही है।  
इसका मतलब है कि उसके पास संभवतः Y अधिक होगा और X कम, जैसा कि मेरे पास X अधिक है और Y कम।  
मेरे पहले प्रस्ताव पर अभी उसने कोई ठोस उत्तर नहीं दिया।  
यह अंतिम राउंड है और मुझे अभी भी Y की 10 इकाइयों की ज़रूरत है,  
इसलिए मैं अपना दूसरा और अंतिम प्रस्ताव करता हूँ जिसमें थोड़ा अधिक X देता हूँ ताकि उसे प्रोत्साहन मिले।  
अब मैं 11 X दूँगा और बदले में 10 Y माँगूँगा – इससे मेरे पास X: 14 और Y: 15 हो जाएगा, जो मेरे लक्ष्य के बहुत करीब है।  


Current Iteration: 4
Turn: 1
message: मुझे आपके नए प्रस्ताव को विचारने का समय चाहिए। मैं इसे ध्यान से देखूँगा और फिर आपको बताऊँगा।
player answer: NONE
newly proposed trade: NONE
my resources: X: 5, Y: 25
my name: Player BLUE
my goals: X: 15, Y: 15
reason: The new proposal offers 11 units of X in exchange for 10 units of Y. This would bring me closer to my goal for X, but I would fall short on Y. I need to decide if this trade aligns better with my overall goals.

Current Iteration: 5
Turn: 0
message: 
मैंने अपने सभी प्रस्ताव दे दिए हैं। अब निर्णय आप पर है।  
यदि आपको मेरा प्रस्ताव उपयुक्त लगे, तो कृपया स्वीकार करें या कोई नया प्रस्ताव दें।  

player answer: NONE
newly proposed trade: NONE
my resources: X: 25, Y: 5
my name: Player RED
my goals: X: 15, Y: 15
reason: 
मैंने पहले ही अपने दो प्रस्तावों का उपयोग कर लिया है: पहला प्रस्ताव था 10 X के बदले 10 Y और दूसरा प्रस्ताव 11 X के बदले 10 Y।  
अब मैं कोई नया प्रस्ताव नहीं कर सकता और केवल प्रतीक्षा या स्वीकृति कर सकता हूँ।  
दूसरे खिलाड़ी ने अभी तक कोई प्रस्ताव नहीं किया है और मेरे प्रस्ताव को स्वीकार भी नहीं किया है।  
यह अंतिम राउंड है, इसलिए मुझे अब धैर्यपूर्वक प्रतीक्षा करनी होगी कि क्या वह मेरा प्रस्ताव स्वीकार करता है या कोई प्रस्ताव देता है।  


Current Iteration: 6
Turn: 1
message: मुझे आपके सभी प्रस्तावों को विचार करने का समय लिया है। मैं अपने लक्ष्यों के अनुसार निर्णय लेने के लिए तैयार हूँ।
player answer: NONE
newly proposed trade: NONE
my resources: X: 5, Y: 25
my name: Player BLUE
my goals: X: 15, Y: 15
reason: I have considered the proposals carefully. While the last offer brings me closer to my goal for X, it takes me further away from my goal for Y. I need to make a decision based on which resource is more critical for achieving my overall goal.

------------------ 
Current Iteration: END
Turn: None
player_goals: [ResourceGoal(resource_dict={'X': 15, 'Y': 15}), ResourceGoal(resource_dict={'X': 15, 'Y': 15})]
initial_resources: [Resources(resource_dict={'X': 25, 'Y': 5}), Resources(resource_dict={'X': 5, 'Y': 25})]
proposed_trade: NONE
final_response: NONE
final_resources: [Resources(resource_dict={'X': 25, 'Y': 5}), Resources(resource_dict={'X': 5, 'Y': 25})]
player_outcome: [False, False]