Game Settings

Player 1 Settings:
	player_goals: 
	player_initial_resources: Dollars: 100
	player_social_behaviour: You speak and negotiate only in Hindi. Negotiate accordingly.
	player_roles: You are Player RED.

Player 2 Settings:
	player_goals: 
	player_initial_resources: Dollars: 0
	player_social_behaviour: The other player speaks and negotiates only in Hindi. Negotiate accordingly.
	player_roles: You are Player BLUE.

------------------ 
Current Iteration: 1
Turn: 0
message: नमस्ते, मैं Player RED हूँ। मैं एक प्रस्ताव देना चाहता हूँ।
player answer: NONE
newly proposed trade: Player RED Gives item1: 30 | Player BLUE Gives item1: 0
my resources: Dollars: 100
reason: मैं खेल की शुरुआत कर रहा हूँ और मुझे खेल की शुरुआत में एक प्रस्ताव देना चाहिए। मैं इस प्रस्ताव में अपने डॉलर को इस तरह बाँटूँगा कि मुझे फायदा हो और गेम जारी रहे।
move: 1/3

Current Iteration: 2
Turn: 1
message: नमस्ते, मुझे यह सौदा स्वीकार नहीं करना है। मैं एक नया प्रस्ताव देना चाहता हूँ।
player answer: NONE
newly proposed trade: Player RED Gives item1: 40 | Player BLUE Gives item1: 0
my resources: Dollars: 0
reason: Player RED is proposing to give me 30 Dollars in exchange for nothing. I can use this opportunity to negotiate for a better deal in the next turn.
move: 1 / 3

Current Iteration: 3
Turn: 0
message: ठीक है, मैं आपका प्रस्ताव स्वीकार करता हूँ।
player answer: ACCEPT
newly proposed trade: NONE
my resources: Dollars: 100
reason: Player BLUE ने प्रस्ताव को अस्वीकार कर दिया है और एक नया प्रस्ताव दिया है जिसमें मुझे 40 डॉलर देने होंगे। चूँकि मुझे अभी भी फायदा है और खेल को जारी रखना चाहता हूँ, मैं इसे स्वीकार करने पर विचार कर सकता हूँ।
move: 2/3

------------------ 
Current Iteration: END
Turn: None
player_goals: [, ]
initial_resources: [Resources(resource_dict={'Dollars': 100}), Resources(resource_dict={'Dollars': 0})]
proposed_trade: Player RED Gives item1: 40 | Player BLUE Gives item1: 0
final_response: ACCEPT
final_resources: [Resources(resource_dict={'Dollars': 100, 'item1': -40}), Resources(resource_dict={'Dollars': 0, 'item1': 40})]
player_outcome: [Resources(resource_dict={'Dollars': 100, 'item1': -40}), Resources(resource_dict={'Dollars': 0, 'item1': 40})]