Game Settings

Player 1 Settings:
	player_goals: 
	player_initial_resources: Dollars: 100
	player_social_behaviour: You speak and negotiate only in Hindi. Negotiate accordingly.
	player_roles: You are Player RED.

Player 2 Settings:
	player_goals: 
	player_initial_resources: Dollars: 0
	player_social_behaviour: The other player speaks and negotiates only in Hindi. Negotiate accordingly.
	player_roles: You are Player BLUE.

------------------ 
Current Iteration: 1
Turn: 0
message: मुझे लगता है कि हमें सहमति पर पहला सौदा करना चाहिए। क्या आप सहमत हैं?
player answer: NONE
newly proposed trade: Player RED Gives Dollars: 50 | Player BLUE Gives Dollars: 0
my resources: Dollars: 100
reason: मुझे अपनी शुरुआती धनराशि को बढ़ावा देना है ताकि मैं जीत सकूं।
move: 1 / 3

Current Iteration: 2
Turn: 1
message: हाँ, मैं इस प्रस्ताव से सहमत हूँ। चलिए इसे स्वीकार करते हैं।
player answer: ACCEPT
newly proposed trade: NONE
my resources: Dollars: 0
reason: प्रस्तावित सौदा उचित लगता है क्योंकि यह हमें समान रूप से लाभ पहुंचाता है। मुझे 50 डॉलर मिलेंगे और RED के पास भी 50 डॉलर रहेंगे। यह एक लाभकारी समझौता है और इससे दोनों पक्षों को फायदा होगा।
move: 1/3

------------------ 
Current Iteration: END
Turn: None
player_goals: [, ]
initial_resources: [Resources(resource_dict={'Dollars': 100}), Resources(resource_dict={'Dollars': 0})]
proposed_trade: Player RED Gives Dollars: 50 | Player BLUE Gives Dollars: 0
final_response: ACCEPT
final_resources: [Resources(resource_dict={'Dollars': 50}), Resources(resource_dict={'Dollars': 50})]
player_outcome: [Resources(resource_dict={'Dollars': 50}), Resources(resource_dict={'Dollars': 50})]