Game Settings

Player 1 Settings:
	player_goals: X: 15, Y: 15
	player_initial_resources: X: 25, Y: 5
	player_social_behaviour: 
	player_roles: You are Player RED, start by making a proposal.

Player 2 Settings:
	player_goals: X: 15, Y: 15
	player_initial_resources: X: 5, Y: 25
	player_social_behaviour: 
	player_roles: You are Player BLUE, start by responding to a trade.

------------------ 
Current Iteration: 1
Turn: 0
message: Hello, I would like to propose a trade that helps us both meet our goals.
player answer: NONE
newly proposed trade: Player RED Gives X: 10 | Player BLUE Gives Y: 10
my resources: X: 25, Y: 5
my name: Player RED
my goals: X: 15, Y: 15
reason: I need to increase my Y resources by at least 10 to meet my goal of Y: 15, while I have excess X resources. Therefore, I should try to trade some X for Y.

Current Iteration: 2
Turn: 1
message: Hello, I accept your proposed trade as it meets my goals. I'm looking forward to finalizing this trade.
player answer: ACCEPT
newly proposed trade: NONE
my resources: X: 5, Y: 25
my name: Player BLUE
my goals: X: 15, Y: 15
reason: The other player has proposed a trade where they give 10 units of X and I give 10 units of Y. To evaluate this proposal, I need to consider my current resources and goals. I have 5 units of X and 25 units of Y, and my goals are to have 15 units of X and 15 units of Y. If I accept this trade, I will have 15 units of X (5 + 10) and 15 units of Y (25 - 10), which exactly meets my goals. This seems like a beneficial trade for me, but I should also consider the possibility of negotiating for a better deal. However, since this is the last round of trading, I should prioritize meeting my goals.

------------------ 
Current Iteration: END
Turn: None
player_goals: [ResourceGoal(resource_dict={'X': 15, 'Y': 15}), ResourceGoal(resource_dict={'X': 15, 'Y': 15})]
initial_resources: [Resources(resource_dict={'X': 25, 'Y': 5}), Resources(resource_dict={'X': 5, 'Y': 25})]
proposed_trade: Player RED Gives X: 10 | Player BLUE Gives Y: 10
final_response: ACCEPT
final_resources: [Resources(resource_dict={'X': 15, 'Y': 15}), Resources(resource_dict={'X': 15, 'Y': 15})]
player_outcome: [True, True]