Game Settings

Player 1 Settings:
	player_goals: 
	player_initial_resources: Dollars: 100
	player_social_behaviour: ਸਿਰਫ਼ ਪੰਜਾਬੀ ਵਿੱਚ ਗੱਲ ਕਰੋ।
	player_roles: You are Player RED.

Player 2 Settings:
	player_goals: 
	player_initial_resources: Dollars: 0
	player_social_behaviour: ਸਿਰਫ਼ ਪੰਜਾਬੀ ਵਿੱਚ ਗੱਲ ਕਰੋ।
	player_roles: You are Player BLUE.

------------------ 
Current Iteration: 1
Turn: 0
message: ਸਤ ਸ੍ਰੀ ਅਕਾਲ! ਮੈਂ 50 ਡਾਲਰ ਦੀ ਤਜਵੀਜ਼ ਦਿੰਦਾ ਹਾਂ। ਤੁਹਾਨੂੰ ਕੀ ਸੋਚ ਹੈ?
player answer: NONE
newly proposed trade: Player RED Gives item1: 50 | Player BLUE Gives item1: 0
my resources: Dollars: 100
reason: ਮੈਂ ਖੇਡ ਦੀਆਂ ਨਿਯਮਾਂ ਨੂੰ ਮੱਦੇਨਜ਼ਰ ਰੱਖਦਾ ਹਾਂ। ਮੈਨੂੰ ਪਤਾ ਹੈ ਕਿ ਜੇ ਮੈਂ ਕੋਈ ਤਜਵੀਜ਼ ਪੇਸ਼ ਕਰਦਾ ਹਾਂ ਅਤੇ ਬਲੂ ਨੇ ਰਿਜੈਕਟ ਕਰ ਦਿੱਤਾ ਤਾਂ ਸਾਡੇ ਦੋਵਾਂ ਦੇ ਸਰੋਤ ਗੁਆਚ ਜਾਂਦੇ ਹਨ। ਇਸ ਲਈ ਮੈਂ ਪਹਿਲਾਂ ਇੱਕ ਤਜਵੀਜ਼ ਦੇਣ ਦੀ ਸੋਚ ਰਿਹਾ ਹਾਂ।
move: 1 / 3

Current Iteration: 2
Turn: 1
message: ਮੈਂ 50 ਡਾਲਰ ਦੀ ਤਜਵੀਜ਼ ਨਾ ਮੰਨਦਾ, ਪਰ ਮੈਂ ਸ਼ੁਰੂਆਤ ਵਿੱਚ ਇਹ ਅਣਬੰਦੀ ਨਾ ਬਣਾਉਣਾ ਚਾਹੁੰਦਾ।
player answer: NONE
newly proposed trade: Player RED Gives item1: 50 | Player BLUE Gives item1: 0
my resources: Dollars: 0
reason: ਮੈਂ ਇਹ ਤਜਵੀਜ਼ ਨਾ ਮਨਾਉਣਾ ਚਾਹੁੰਦਾ ਹਾਂ ਕਿਉਂਕਿ ਮੈਨੂੰ ਅਜਿਹਾ ਪਤਾ ਹੈ ਕਿ ਜੇ ਮੈਂ ਇਸ ਨੂੰ ਰੀਜ਼ੈਕਟ ਕਰਦਾ ਹਾਂ, ਤਾਂ ਸਾਰੇ ਖੇਡ ਖਤਮ ਕਰ ਦਿੱਤੇ ਜਾਣਗੇ।
move: 1/3

Current Iteration: 3
Turn: 0
message: ਕਿਰਪਾ ਕਰਕੇ ਆਪਣੀ ਪਸੰਦ ਦੀ ਤਜਵੀਜ਼ ਦੱਸੋ ਜਾਂ ਮੈਂ ਤਜਵੀਜ਼ ਕਰਦਾ ਹਾਂ ਕਿ ਮੈਂ 60 ਡਾਲਰ ਦਿੰਦਾ ਹਾਂ। ਤੁਹਾਨੂੰ ਕਿ ਹਮਤ ਹੈ?
player answer: NONE
newly proposed trade: Player RED Gives item1: 60 | Player BLUE Gives item1: 0
my resources: Dollars: 100
reason: ਬਲੂ ਨੇ ਮੈਨੂੰ ਦੱਸਿਆ ਕਿ ਉਹ ਮੇਰੀ ਪੁਰਾਣੀ ਤਜਵੀਜ਼ ਨਾਲ ਸਹਿਮਤ ਨਹੀਂ ਹਨ, ਪਰ ਉਨ੍ਹਾਂ ਨੇ ਕਿਸੇ ਹੋਰ ਤਜਵੀਜ਼ ਦੀ ਗੱਲ ਨਹੀਂ ਕੀਤੀ। ਮੈਨੂੰ ਅੱਗੇ ਵਧਣ ਲਈ ਇੱਕ ਨਵੀਂ ਤਜਵੀਜ਼ ਦੇਣੀ ਚਾਹੀਦੀ ਹੈ।
move: 2 / 3

Current Iteration: 4
Turn: 1
message: ਮੈਂ 60 ਡਾਲਰ ਦੀ ਤਜਵੀਜ਼ ਨਾ ਮੰਨਦਾ, ਪਰ ਮੈਂ ਇਸ ਅਣਬੰਦੀ ਨੂੰ ਪ੍ਰਸਤਾਵਿਤ ਨਹੀਂ ਕਰਨਾ ਚਾਹੁੰਦਾ।
player answer: NONE
newly proposed trade: Player RED Gives item1: 60 | Player BLUE Gives item1: 0
my resources: Dollars: 0
reason: ਮੈਂ ਇਸ ਤਜਵੀਜ਼ ਨੂੰ ਨਾ ਮੰਨਾ ਚਾਹੁੰਦਾ ਹਾਂ ਕਿਉਂਕਿ ਮੈਂ ਜਾਣਦਾ ਹਾਂ ਕਿ ਜੇ ਮੈਂ ਇਸ ਨੂੰ ਰੀਜ਼ੈਕਟ ਕਰਦਾ ਹਾਂ, ਤਾਂ ਸਾਰੇ ਖੇਡ ਖਤਮ ਹੋ ਜਾਣਗੇ।
move: 2/3

Current Iteration: 5
Turn: 0
message: ਮੈਂ 70 ਡਾਲਰ ਦੀ ਤਜਵੀਜ਼ ਕਰਦਾ ਹਾਂ। ਇਹ ਮੇਰੀ ਆਖਰੀ ਚਾਲ ਹੈ। ਤੁਹਾਨੂੰ ਕੀ ਲਗਦਾ ਹੈ?
player answer: NONE
newly proposed trade: Player RED Gives item1: 70 | Player BLUE Gives item1: 0
my resources: Dollars: 100
reason: ਬਲੂ ਨੇ ਮੇਰੀ ਪਿਛਲੀ ਤਜਵੀਜ਼ ਨਾਲ ਸਹਿਮਤ ਨਹੀਂ ਹੋਏ ਅਤੇ ਉਨ੍ਹਾਂ ਨੇ ਕਦੇ ਵੀ ਕੌਈ ਤਜਵੀਜ਼ ਨਹੀਂ ਦਿੱਤੀ। ਇਹ ਮੇਰੀ ਆਖਰੀ ਚਾਲ ਹੈ, ਇਸ ਲਈ ਮੈਨੂੰ ਇਸ ਨੂੰ ਧਿਆਨ ਨਾਲ ਸਾਂਭਣਾ ਚਾਹੀਦਾ ਹੈ। ਮੈਨੂੰ ਭਾਵਨਾਵਾਂ ਨੂੰ ਕਦਰ ਦਿੰਦੇ ਹੋਏ ਕੋਈ ਹੋਰ ਤਜਵੀਜ਼ ਦੇਣੀ ਚਾਹੀਦੀ ਹੈ।
move: 3 / 3

Current Iteration: 6
Turn: 1
message: ਮੈਂ 70 ਡਾਲਰ ਦੀ ਤਜਵੀਜ਼ ਨਾ ਮੰਨਦਾ ਅਤੇ ਇਸ ਅਣਬੰਦੀ ਨੂੰ ਪ੍ਰਸਤਾਵਿਤ ਨਹੀਂ ਕਰਨਾ ਚਾਹੁੰਦਾ।
player answer: NONE
newly proposed trade: Player RED Gives item1: 70 | Player BLUE Gives item1: 0
my resources: Dollars: 0
reason: ਇਹ ਮੇਰੀ ਆਖਰੀ ਚਾਲ ਹੈ ਅਤੇ ਮੈਂ ਇਸ ਤਜਵੀਜ਼ ਨੂੰ ਨਾ ਮੰਨਾ ਚਾਹੁੰਦਾ ਹਾਂ।
move: 3/3

------------------ 
Current Iteration: END
Turn: None
player_goals: [, ]
initial_resources: [Resources(resource_dict={'Dollars': 100}), Resources(resource_dict={'Dollars': 0})]
proposed_trade: Player RED Gives item1: 70 | Player BLUE Gives item1: 0
final_response: NONE
final_resources: [Resources(resource_dict={'Dollars': 100}), Resources(resource_dict={'Dollars': 0})]
player_outcome: [Resources(resource_dict={'Dollars': 100}), Resources(resource_dict={'Dollars': 0})]