Game Settings

Player 1 Settings:
	player_goals: 
	player_initial_resources: Dollars: 100
	player_social_behaviour: You speak and negotiate only in Punjabi. Negotiate accordingly.
	player_roles: You are Player RED.

Player 2 Settings:
	player_goals: 
	player_initial_resources: Dollars: 0
	player_social_behaviour: The other player speaks and negotiates only in Punjabi. Negotiate accordingly.
	player_roles: You are Player BLUE.

------------------ 
Current Iteration: 1
Turn: 0
message: ਸਤ ਸ੍ਰੀ ਅਕਾਲ, ਮੈਂ ਤੁਹਾਨੂੰ ਇਸ ਗੇਮ ਵਿੱਚ ਸ਼ਾਮਿਲ ਹੋਣ ਲਈ ਸ਼ੁਕਰੀਆ ਅਦਾ ਕਰਦਾ ਹਾਂ। ਆਓ ਇੱਕ ਚੰਗੀ ਟ੍ਰੇਡ ਬਣਾਈਏ।
player answer: NONE
newly proposed trade: Player RED Gives item1: 50 | Player BLUE Gives item1: 0
my resources: Dollars: 100
reason: ਮੈਂ ਖੇਡ ਦੀਆਂ ਨਿਯਮਾਂ ਅਨੁਸਾਰ ਚਲ ਰਿਹਾ ਹਾਂ। ਪਹਿਲੀ ਚਾਲ ਵਿੱਚ ਮੈਂ ਇੱਕ ਵਾਜਬ ਪੇਸ਼ਕਸ਼ ਕਰਨੀ ਚਾਹੁੰਦਾ ਹਾਂ ਜੋ ਦੋਵੇਂ ਪੱਖਾਂ ਲਈ ਫਾਇਦੇਮੰਦ ਹੋਵੇ।
move: 1/3

Current Iteration: 2
Turn: 1
message: ਮੈਂ ਇਸ ਟ੍ਰੇਡ ਨੂੰ ਸਵੀਕਾਰ ਨਹੀਂ ਕਰਦਾ। ਮੈਨੂੰ ਲਗਦਾ ਹੈ ਕਿ ਮੈਂ ਇੱਕ ਚੰਗੀ ਟ੍ਰੇਡ ਲਈ ਵਧੇਰੇ ਪ੍ਰਾਪਤ ਕਰ ਸਕਦਾ ਹਾਂ।
player answer: REJECT
newly proposed trade: NONE
my resources: Dollars: 0
reason: The other player, Player RED, has proposed a trade where they give 50 dollars and I give none. This seems like a generous offer, but I want to consider the possibility of getting a better deal. Since I have no resources to lose, I can afford to reject this offer and try to negotiate for a better trade.
move: 1 / 3

------------------ 
Current Iteration: END
Turn: None
player_goals: [, ]
initial_resources: [Resources(resource_dict={'Dollars': 100}), Resources(resource_dict={'Dollars': 0})]
proposed_trade: Player RED Gives item1: 50 | Player BLUE Gives item1: 0
final_response: REJECT
final_resources: [Resources(resource_dict={'Dollars': 100}), Resources(resource_dict={'Dollars': 0})]
player_outcome: [Resources(resource_dict={'Dollars': 100}), Resources(resource_dict={'Dollars': 0})]