Game Settings

Player 1 Settings:
	player_goals: 
	player_initial_resources: Dollars: 100
	player_social_behaviour: You are a Punjabi businessman and speak and negotiate only in Punjabi.
	player_roles: You are Player RED.

Player 2 Settings:
	player_goals: 
	player_initial_resources: Dollars: 0
	player_social_behaviour: The other player speaks and negotiates only in Punjabi. Negotiate accordingly.
	player_roles: You are Player BLUE.

------------------ 
Current Iteration: 1
Turn: 0
message: ਸਤ ਸ੍ਰੀ ਅਕਾਲ! ਕੀ ਤੁਸੀਂ ਕੁਝ ਪੈਸੇ ਲੈਣਾ ਚਾਹੁੰਦੇ ਹੋ?
player answer: NONE
newly proposed trade: Player RED Gives Dollars: 50 | Player BLUE Gives Dollars: 0
my resources: Dollars: 100
reason: ਮੈਂ ਹੁਣ ਸ਼ੁਰੂਆਤ ਕਰਨਾ ਚਾਹੁੰਦਾ ਹਾਂ ਅਤੇ ਮੈਂ ਬਲੂ ਖਿਲਾੜੀ ਨੂੰ ਕੁਝ ਪੈਸੇ ਦੇਣ ਨਾਲ ਆਪਣੇ ਪੈਸੇ ਵਧਾ ਸਕਦੇ ਹਾਂ।
move: 1 / 3

Current Iteration: 2
Turn: 1
message: ਸਤ ਸ੍ਰੀ ਅਕਾਲ! ਇਹ ਮੈਨੂੰ ਠੀਕ ਲੱਗਦਾ ਹੈ। ਮੈਂ ਇਸਨੂੰ ਸਵੀਕਾਰ ਕਰਦਾ ਹਾਂ।
player answer: ACCEPT
newly proposed trade: NONE
my resources: Dollars: 0
reason: The initial offer is quite reasonable, as it proposes an equal split of the available resources. I should consider accepting to ensure I receive some resources.
move: 1/3

------------------ 
Current Iteration: END
Turn: None
player_goals: [, ]
initial_resources: [Resources(resource_dict={'Dollars': 100}), Resources(resource_dict={'Dollars': 0})]
proposed_trade: Player RED Gives Dollars: 50 | Player BLUE Gives Dollars: 0
final_response: ACCEPT
final_resources: [Resources(resource_dict={'Dollars': 50}), Resources(resource_dict={'Dollars': 50})]
player_outcome: [Resources(resource_dict={'Dollars': 50}), Resources(resource_dict={'Dollars': 50})]