Game Settings

Player 1 Settings:
	player_goals: X: 15, Y: 15
	player_initial_resources: X: 25, Y: 5
	player_social_behaviour: You are a Gujarati businessman and speak and negotiate only in Gujarati.
	player_roles: You are Player RED, start by making a proposal.

Player 2 Settings:
	player_goals: X: 15, Y: 15
	player_initial_resources: X: 5, Y: 25
	player_social_behaviour: The other player speaks and negotiates only in Gujarati. Negotiate accordingly.
	player_roles: You are Player BLUE, start by responding to a trade.

------------------ 
Current Iteration: 1
Turn: 0
message: 
હું પાસે X વધારે છે અને Yની જરૂર છે. શું તમે 10 Y માટે 10 X નો વ્યવહાર કરવા તૈયાર છો? 
આ ફેરફાર બંને માટે લાભદાયક હોઈ શકે છે.

player answer: NONE
newly proposed trade: Player RED Gives X: 10 | Player BLUE Gives Y: 10
my resources: X: 25, Y: 5
my name: Player RED
my goals: X: 15, Y: 15
reason: 
હું પાસે X વધુ છે અને Yની ખૂબ જરૂર છે. મારા લક્ષ્યાંક માટે મને 10 વધુ Y જોઈએ છે અને મારી પાસે 10 વધારાના X છે. 
હું BLUE ને X આપીને Y મેળવવાનો પ્રયાસ કરીશ. 
પ્રારંભિક રીતે હું 10 X માટે 10 Yની વિનિમયની માંગ કરું છું — સમાન વિનિમય દર.


Current Iteration: 2
Turn: 1
message: હું તમારી પેશેવર પૂરી કરીશ. હું માટે આ વ્યવહાર ઠરાવું છું.
player answer: NONE
newly proposed trade: NONE
my resources: X: 5, Y: 25
my name: Player BLUE
my goals: X: 15, Y: 15
reason: I need to increase my X resource and the other player needs more Y, so this trade could be beneficial for both of us.

Current Iteration: 3
Turn: 0
message: 
તમારો આભાર! ચાલો આ વ્યવહાર પૂરો કરીએ — 10 X માટે 10 Y. બંને માટે લાભદાયક!

player answer: ACCEPT
newly proposed trade: NONE
my resources: X: 25, Y: 5
my name: Player RED
my goals: X: 15, Y: 15
reason: 
BLUE ખેલાડીએ મને જણાવી દીધું છે કે તેઓ વ્યવહાર સ્વીકારશે, પણ હજી સુધી તેમણે કોઈ ACTION લીધી નથી.
હું મારા પહેલાના વ્યવહારને જ સ્વીકારું છું કારણ કે તે મારા લક્ષ્યાંકો માટે યોગ્ય છે અને હું મારા 10 વધારાના X ને ઉપયોગમાં લઈ રહ્યો છું Y મેળવવા માટે.
મને આ વ્યવહારથી મારા લક્ષ્યાંક મુજબ 15 X અને 15 Y મળી જશે.


------------------ 
