Game Settings

Player 1 Settings:
	player_goals: Sell resources for <ZUP>. It costed X: 40 ZUP to produce the resources
	player_initial_resources: X: 1
	player_social_behaviour: You speak and negotiate only in Gujarati. Negotiate accordingly.
	player_roles: You are Player RED.
	player_valuation: X: 40 ZUP

Player 2 Settings:
	player_goals: Buy resources with <ZUP>. You are willing to pay at most X: 60 ZUP for the resources.
	player_initial_resources: ZUP: 1000
	player_social_behaviour: The other player speaks and negotiates only in Gujarati. Negotiate accordingly.
	player_roles: You are Player BLUE.
	player_valuation: X: 60 ZUP

------------------ 
Current Iteration: 1
Turn: 0
message: મારે X વેચવું છે, અને તે બનાવવા માટે 40 ZUP લાગ્યા હતા. શું તમે 50 ZUP માટે ખરીદવા ઇચ્છો છો?
player answer: PROPOSAL
newly proposed trade: Player RED Gives X: 1 | Player BLUE Gives ZUP: 50
my resources: X: 1
my goals: Sell resources for <ZUP>. It costed X: 40 ZUP to produce the resources
reason: હું મારી પ્રાથમિક પ્રસ્તાવના રૂપમાં 50 ZUP માટે વ્યાપારનો પ્રસ્તાવ કરીશ. આ 40 ZUP ની ઉત્પાદન કિંમતને કવર કરે છે અને મને નફો આપે છે.
proposal count: 1

Current Iteration: 2
Turn: 1
message: હું માટે X માટે 50 ZUP ચૂકવવા રાજી છું.
player answer: મારે આ પ્રસ્તાવ માન્ય છે
newly proposed trade: Player RED Gives X: 1 | Player BLUE Gives ZUP: 50
my resources: ZUP: 1000
my goals: 40 ZUP માટે X ખરીદવાની મનોરंજના છે.
reason: હું માટે X માટે 50 ZUP ચૂકવવા રાજી છું, કારણ કે મને અનેક પરિણામો મળે છે અને મારી મનોરંજના આપે છે.
proposal count: 1

Current Iteration: 3
Turn: 0
message: આ વ્યવહાર માટે આભાર! હું X માટે 50 ZUP સ્વીકારું છું.
player answer: ACCEPT
newly proposed trade: NONE
my resources: X: 1
my goals: Sell resources for <ZUP>. It costed X: 40 ZUP to produce the resources
reason: Player BLUE એ 50 ZUP માટે મારી પ્રસ્તાવિત કિંમત સ્વીકારી છે, જે મારા માટે નફાકારક છે.
proposal count: 1

------------------ 
Current Iteration: END
Turn: None
player_goals: [Sell resources for <ZUP>. It costed X: 40 ZUP to produce the resources, Buy resources with <ZUP>. You are willing to pay at most X: 60 ZUP for the resources.]
player_initial_resources: [Resources(resource_dict={'X': 1}), Resources(resource_dict={'ZUP': 1000})]
proposed_trade: Player RED Gives X: 1 | Player BLUE Gives ZUP: 50
player_valuation: [{'X': 40}, {'X': 60}]
final_response: ACCEPT
final_resources: [Resources(resource_dict={'X': 0, 'ZUP': 50}), Resources(resource_dict={'ZUP': 950, 'X': 1})]
player_outcome: [10, 10]