Game Settings

Player 1 Settings:
	player_goals: X: 15, Y: 15
	player_initial_resources: X: 25, Y: 5
	player_social_behaviour: You speak and bargain only in Hindi in Devanagari script. Negotiate accordingly.
	player_roles: You are Player RED, start by making a proposal.

Player 2 Settings:
	player_goals: X: 15, Y: 15
	player_initial_resources: X: 5, Y: 25
	player_social_behaviour: The other player speaks and bargains only in Hindi. Negotiate accordingly.
	player_roles: You are Player BLUE, start by responding to a trade.

------------------ 
Current Iteration: 1
Turn: 0
message: 
नमस्ते BLUE, मेरे पास X अधिक है और Y की जरूरत है।  
मैं आपको 10 X देता हूँ और बदले में आपसे 10 Y चाहता हूँ।  
यह एक निष्पक्ष व्यापार है। कृपया विचार करें।  

player answer: NONE
newly proposed trade: Player RED Gives X: 10 | Player BLUE Gives Y: 10
my resources: X: 25, Y: 5
my name: Player RED
my goals: X: 15, Y: 15
reason: 
मुझे X की आवश्यकता कम है (मेरे पास 25 हैं जबकि मुझे 15 चाहिए), लेकिन Y की भारी कमी है (मेरे पास केवल 5 हैं जबकि मुझे 15 चाहिए)।  
इसलिए, मैं X को देकर Y प्राप्त करना चाहता हूँ।  
मैं एक संतुलित प्रस्ताव देना चाहता हूँ जिसमें मैं X के बदले Y प्राप्त करूं।  
मैं अपनी ओर से 10 X देने को तैयार हूँ और बदले में 10 Y चाहता हूँ।  
यह बराबरी का सौदा है और दोनों पक्षों के लिए लाभदायक हो सकता है।  
यह मेरा पहला प्रस्ताव है।  


Current Iteration: 2
Turn: 1
message: नमस्ते! मैं आपकी पेशकश की समझी हूँ, लेकिन मेरे लक्ष्य हैं X और Y दोनों प्राप्त करना। मुझे एक और सौदा प्रस्तुत करने की आवश्यकता है।
player answer: NONE
newly proposed trade: Player RED Gives X: 5, Y: 5 | Player BLUE Gives X: 5, Y: 5
my resources: X: 5, Y: 25
my name: Player BLUE
my goals: X: 15, Y: 15
reason: The other player is offering to trade 10 X for 10 Y. This trade would help them balance their resources, but it doesn't align with my goals. I need both X and Y to reach my goals, so I need to propose a different trade.

Current Iteration: 3
Turn: 0
message: 
आपके प्रस्ताव से मुझे कोई लाभ नहीं मिलेगा, और मेरा Y खत्म हो जाएगा।  
मैं अंतिम प्रस्ताव दे रहा हूँ: मैं 10 X दूँगा, कृपया बदले में 7 Y दें।  
यह आपके लिए भी लाभदायक है क्योंकि आपको अधिक X मिलेगा।  

player answer: NONE
newly proposed trade: Player RED Gives X: 10 | Player BLUE Gives Y: 7
my resources: X: 25, Y: 5
my name: Player RED
my goals: X: 15, Y: 15
reason: 
BLUE का प्रस्ताव यह है कि दोनों खिलाड़ी 5 X और 5 Y एक-दूसरे को दें।  
अगर मैं यह प्रस्ताव स्वीकार करता हूँ तो:  
- मैं 5 X खोऊँगा और 5 X पाऊँगा → X में कोई अंतर नहीं पड़ेगा (फायदा/नुकसान नहीं)।  
- मैं 5 Y दूँगा और 5 Y पाऊँगा → Y में भी कोई अंतर नहीं पड़ेगा।  

इसका मतलब है कि व्यापार का कोई असर नहीं होगा – मेरी स्थिति वैसी की वैसी ही रहेगी।  
लेकिन मेरे पास केवल 5 Y हैं और मैं 5 Y दे दूँ, तो मैं Y = 0 पर आ जाऊँगा, जिससे मेरी स्थिति और खराब हो जाएगी।  
इसलिए यह प्रस्ताव मेरे लिए हानिकारक है।  

अब मैं अपना दूसरा और अंतिम प्रस्ताव देने जा रहा हूँ – इसमें मैं 10 X के बदले सिर्फ 7 Y मांगता हूँ, ताकि BLUE को भी थोड़ा लाभ हो और मुझे भी Y की पूर्ति हो सके।  


Current Iteration: 4
Turn: 1
message: मुझे आपकी नई पेशकश समझ आई है, लेकिन मेरे लक्ष्य के लिए Y का महत्वपूर्ण स्त्रोत है। मैं एक और सौदा प्रस्तुत करना चाहूँगा जो हम दोनों के लिए फायदेमंद हो।
player answer: NONE
newly proposed trade: Player RED Gives X: 6 | Player BLUE Gives Y: 4
my resources: X: 5, Y: 25
my name: Player BLUE
my goals: X: 15, Y: 15
reason: The other player is now proposing a trade of 10 X for 7 Y, claiming it would benefit me as well since I would receive more X. While receiving more X would be beneficial, giving up 7 Y would set me back significantly from reaching my Y goal. I need to propose a counteroffer that benefits both of us.

Current Iteration: 5
Turn: 0
message: 
मैं आपके इस प्रस्ताव को स्वीकार करता हूँ। धन्यवाद, यह व्यापार हमारे दोनों के लिए सही दिशा में है।  

player answer: ACCEPT
newly proposed trade: NONE
my resources: X: 25, Y: 5
my name: Player RED
my goals: X: 15, Y: 15
reason: 
BLUE ने नया प्रस्ताव दिया है: मैं 6 X दूँ और बदले में 4 Y प्राप्त करूँ।  
इस व्यापार के बाद मेरी स्थिति होगी:  
- X: 25 - 6 = 19 (मुझे चाहिए 15, तो यह ठीक है)  
- Y: 5 + 4 = 9 (मुझे चाहिए 15, तो अभी भी 6 कम है)  

मेरे पास केवल 2 प्रस्ताव करने की अनुमति थी और मैंने दोनों कर दिए हैं, इसलिए अब मैं केवल स्वीकार या इंकार ही कर सकता हूँ।  
यह प्रस्ताव मुझे Y की ओर काफ़ी हद तक आगे बढ़ाता है।  
इस व्यापार से मैं X में सुरक्षित रहूँगा और Y में थोड़ा सुधार होगा।  
यह अंतिम राउंड है, और आगे का मौक़ा नहीं मिलेगा।

इसलिए, मैं इसे स्वीकार करता हूँ।  


------------------ 
Current Iteration: END
Turn: None
player_goals: [ResourceGoal(resource_dict={'X': 15, 'Y': 15}), ResourceGoal(resource_dict={'X': 15, 'Y': 15})]
initial_resources: [Resources(resource_dict={'X': 25, 'Y': 5}), Resources(resource_dict={'X': 5, 'Y': 25})]
proposed_trade: Player RED Gives X: 6 | Player BLUE Gives Y: 4
final_response: ACCEPT
final_resources: [Resources(resource_dict={'X': 19, 'Y': 9}), Resources(resource_dict={'X': 11, 'Y': 21})]
player_outcome: [False, False]