Game Settings

Player 1 Settings:
	player_goals: 
	player_initial_resources: Dollars: 100
	player_social_behaviour: All your communication must be in Hindi.
	player_roles: You are Player RED.

Player 2 Settings:
	player_goals: 
	player_initial_resources: Dollars: 0
	player_social_behaviour: All your communication must be in Hindi.
	player_roles: You are Player BLUE.

------------------ 
Current Iteration: 1
Turn: 0
message: नमस्ते! क्या हम एक डॉलर के विनिमय पर चर्चा कर सकते हैं?
player answer: NONE
newly proposed trade: Player RED Gives Dollars: 1 | Player BLUE Gives Dollars: 0
my resources: डॉलर: 100
reason: यह खेल शुरू करते हैं और मेरे पास 3 मूव्स हैं। मुझे एक प्रस्ताव पेश करना होगा।
move: 0 / 3

Current Iteration: 2
Turn: 1
message: हमें एक निष्पक्ष प्रस्ताव पर काम करना चाहिए जिसमें हम दोनों को अधिक लाभ मिले।
player answer: NONE
newly proposed trade: Player RED Gives Dollars: 30 | Player BLUE Gives Dollars: 0
my resources: Dollars: 0
reason: Player RED ने केवल 1 डॉलर प्रस्तावित किया है। मुझे लगता है कि यह प्रस्ताव बहुत कम है क्योंकि मैं अपना कुछ भी नहीं दे रहा हूँ और Player RED को लगभग सभी डॉलर मिल रहे हैं। मैं बेहतर प्रस्ताव की प्रतीक्षा करना चाहता हूँ।
move: 1/3

Current Iteration: 3
Turn: 0
message: मैं 30 डॉलर देने के लिए तैयार हूँ। क्या आप सहमत हैं?
player answer: NONE
newly proposed trade: Player RED Gives Dollars: 30 | Player BLUE Gives Dollars: 0
my resources: डॉलर: 100
reason: पिछले प्रस्ताव में मेरे पास 30 डॉलर देने की आवश्यकता नहीं है, इसलिए मैं नया प्रस्ताव पेश कर रहा हूं।
move: 1 / 3

Current Iteration: 4
Turn: 1
message: धन्यवाद, मैं इस प्रस्ताव को स्वीकार करता हूँ।
player answer: ACCEPT
newly proposed trade: NONE
my resources: Dollars: 0
reason: Player RED ने मेरे प्रस्ताव को स्वीकार कर लिया है और 30 डॉलर देने के लिए तैयार है। यह प्रस्ताव मेरे लिए फायदेमंद है क्योंकि मुझे बिना कुछ दिए 30 डॉलर मिल रहे हैं।
move: 2/3

------------------ 
Current Iteration: END
Turn: None
player_goals: [, ]
initial_resources: [Resources(resource_dict={'Dollars': 100}), Resources(resource_dict={'Dollars': 0})]
proposed_trade: Player RED Gives Dollars: 30 | Player BLUE Gives Dollars: 0
final_response: ACCEPT
final_resources: [Resources(resource_dict={'Dollars': 70}), Resources(resource_dict={'Dollars': 30})]
player_outcome: [Resources(resource_dict={'Dollars': 70}), Resources(resource_dict={'Dollars': 30})]